Number of rounds: 1
--------- beginning of main
--------- beginning of system
round 1 of 1
03-01 14:40:34.480  4987  5744 D MulticastServer: MULTICAST_SERVER_LISTENING
03-01 14:40:34.484  4987  5745 D MulticastServer: Registration process started with nonce: 1252679686
03-01 14:40:34.488  4987  5743 D MulticastClient: Sent messages: [{"sender":"","payload":"","mt":"REQUEST_LEDGER","sig":"","nonce":1252679686,"seq":0,"tot":0}]
03-01 14:40:34.748  4987  5752 D RegistrationHandler: FULL_LEDGER 1252679686
03-01 14:40:35.156  4987  5752 D RegistrationHandler: FULL_LEDGER 1252679686
03-01 14:40:35.568  4987  5743 D RegistrationHandler: FULL_LEDGER 1252679686
03-01 14:40:35.570  4987  5752 D RegistrationHandler: FULL_LEDGER 1252679686
03-01 14:40:44.491  4987  5746 D RegistrationHandler: ACCEPTED_LEDGER 1252679686 2
03-01 14:40:44.499  4987  5746 D RegistrationHandler: 1252679686 Registration started
03-01 14:40:44.515  4987  5746 D MulticastServer: Registration process finished: 1252679686
03-01 14:40:44.521  4987  5752 D MulticastClient: Sent messages: [{"sender":"1@test.com","payload":"{\"ip\":\"192.168.1.37\",\"cert\":\"MIIBHDCBwqADAgECAgYBf0Wg8i4wCgYIKoZIzj0EAwIwFTETMBEGA1UEAwwKMUB0ZXN0LmNvbTAeFw0yMjAyMjgxMzE3MjlaFw0yNDAzMDExMzE3MjlaMBUxEzARBgNVBAMMCjFAdGVzdC5jb20wWTATBgcqhkjOPQIBBggqhkjOPQMBBwNCAATZbZsINl+HuH7g2tsp6\/VqxQmN5IMlVwXKG4tW3qOtJDuGEmBIADaP\/\/eSLXO+Ik\/kVyr+w9fREGMfnCOQjwr+MAoGCCqGSM49BAMCA0kAMEYCIQDBD9RwZSeKcG5++xVKdrOT1cgBo+kPA8seBeInf1ZJTAIhAIsSwNjZIiJWNtYlLuqtbI1NWycoVp3saFX6zJNDY1aa\"}","mt":"BROADCAST_BLOCK","sig":"MEUCIAoKAiOD0YRLw20lDf7HK37mGFJZEnzxfYDttyl4eOVHAiEAzP0U+5DGNS4KrOZMvaWNwiwBPuuTV3vWadvYqsshiiA=","nonce":1252679686,"seq":0,"tot":0}]
03-01 14:40:49.261  4987  5752 D MulticastServer: Registration process started with nonce: 739925184
03-01 14:40:49.267  4987  5752 D MulticastServer: Received request for ledger with nonce: 739925184.
03-01 14:40:49.348  4987  5743 D MulticastClient: Sent messages: [{"sender":"{\"ip\":\"192.168.1.37\",\"cert\":\"MIIBHDCBwqADAgECAgYBf0Wg8i4wCgYIKoZIzj0EAwIwFTETMBEGA1UEAwwKMUB0ZXN0LmNvbTAeFw0yMjAyMjgxMzE3MjlaFw0yNDAzMDExMzE3MjlaMBUxEzARBgNVBAMMCjFAdGVzdC5jb20wWTATBgcqhkjOPQIBBggqhkjOPQMBBwNCAATZbZsINl+HuH7g2tsp6\/VqxQmN5IMlVwXKG4tW3qOtJDuGEmBIADaP\/\/eSLXO+Ik\/kVyr+w9fREGMfnCOQjwr+MAoGCCqGSM49BAMCA0kAMEYCIQDBD9RwZSeKcG5++xVKdrOT1cgBo+kPA8seBeInf1ZJTAIhAIsSwNjZIiJWNtYlLuqtbI1NWycoVp3saFX6zJNDY1aa\"}","payload":"4909fa5fe6f7357405894e567df4fa110ab6352fb5c0873b9684baeca57a9073","mt":"LEDGER_HASH","sig":"MEQCIAEecw+NRvyDu0Pztv8E94vNHjB5lkqOonzPzvrM\/7fZAiAwq\/kvVAjXh\/kPL9g4WSkgG1e\/V0ri8wCSlNkV2nSXqQ==","nonce":739925184,"seq":0,"tot":0}]
03-01 14:40:49.531  4987  5752 D RegistrationHandler: FULL_LEDGER 739925184
03-01 14:40:49.921  4987  5752 D RegistrationHandler: FULL_LEDGER 739925184
03-01 14:40:50.330  4987  5743 D RegistrationHandler: FULL_LEDGER 739925184
03-01 14:40:59.272  4987  5792 D RegistrationHandler: ACCEPTED_LEDGER 739925184 3
03-01 14:40:59.280  4987  5792 D MulticastServer: Registration process finished: 739925184
03-01 14:40:59.710  4987  5743 D MulticastServer: Broadcast block received {"ip":"192.168.1.66","cert":"MIIBKzCB0wIGAX8rDmBQMAoGCCqGSM49BAMCMCAxHjAcBgNVBAMMFW1lQHRlc3RwYWNrZXRsb3NzLmNvbTAeFw0yMjAyMjMwOTI3MTZaFw0yNDAyMjQwOTI3MTZaMCAxHjAcBgNVBAMMFW1lQHRlc3RwYWNrZXRsb3NzLmNvbTBZMBMGByqGSM49AgEGCCqGSM49AwEHA0IABJt1a1CWjwa734fKTaDIBjxK6JCFIhlBlvPwcbi2XqYLogj9sPWyg05lfQeLvfHm5Jl7S5b7yS7GDzRJS88hbQQwCgYIKoZIzj0EAwIDRwAwRAIgcSHgahgQ0Q7yfE8SZzPdwcm3SVcHrD9BLv5/RqAQIsACIGPWg2VDjtrsTp7fvXZ93Ugnrawc4zO4TpzJXNnlKXbd"}
03-01 14:41:00.118  4987  5743 D MulticastServer: Broadcast block received {"ip":"192.168.1.66","cert":"MIIBKzCB0wIGAX8rDmBQMAoGCCqGSM49BAMCMCAxHjAcBgNVBAMMFW1lQHRlc3RwYWNrZXRsb3NzLmNvbTAeFw0yMjAyMjMwOTI3MTZaFw0yNDAyMjQwOTI3MTZaMCAxHjAcBgNVBAMMFW1lQHRlc3RwYWNrZXRsb3NzLmNvbTBZMBMGByqGSM49AgEGCCqGSM49AwEHA0IABJt1a1CWjwa734fKTaDIBjxK6JCFIhlBlvPwcbi2XqYLogj9sPWyg05lfQeLvfHm5Jl7S5b7yS7GDzRJS88hbQQwCgYIKoZIzj0EAwIDRwAwRAIgcSHgahgQ0Q7yfE8SZzPdwcm3SVcHrD9BLv5/RqAQIsACIGPWg2VDjtrsTp7fvXZ93Ugnrawc4zO4TpzJXNnlKXbd"}
03-01 14:41:04.622  4987  5743 D MulticastServer: Registration process started with nonce: 2137875228
03-01 14:41:04.628  4987  5743 D MulticastServer: Received request for ledger with nonce: 2137875228.
03-01 14:41:04.687  4987  5752 D MulticastClient: Sent messages: [{"sender":"{\"ip\":\"192.168.1.37\",\"cert\":\"MIIBHDCBwqADAgECAgYBf0Wg8i4wCgYIKoZIzj0EAwIwFTETMBEGA1UEAwwKMUB0ZXN0LmNvbTAeFw0yMjAyMjgxMzE3MjlaFw0yNDAzMDExMzE3MjlaMBUxEzARBgNVBAMMCjFAdGVzdC5jb20wWTATBgcqhkjOPQIBBggqhkjOPQMBBwNCAATZbZsINl+HuH7g2tsp6\/VqxQmN5IMlVwXKG4tW3qOtJDuGEmBIADaP\/\/eSLXO+Ik\/kVyr+w9fREGMfnCOQjwr+MAoGCCqGSM49BAMCA0kAMEYCIQDBD9RwZSeKcG5++xVKdrOT1cgBo+kPA8seBeInf1ZJTAIhAIsSwNjZIiJWNtYlLuqtbI1NWycoVp3saFX6zJNDY1aa\"}","payload":"b728a132e59a3e27b80e3d547f8dd91f59f63079f23f1ec955fd3faf185c00e8","mt":"LEDGER_HASH","sig":"MEUCIQDInY\/3DAOocEMqoZMQrBaOOTDANFqS6\/YR\/ZEzzwyXBQIgKyCaAxRG4no8jT+nE9SdSxGoWfR2PaNfAFia0R2rdWU=","nonce":2137875228,"seq":0,"tot":0}]
03-01 14:41:05.241  4987  5762 D MulticastServer: Received hash from 2@test.com: b728a132e59a3e27b80e3d547f8dd91f59f63079f23f1ec955fd3faf185c00e8
03-01 14:41:05.609  4987  5762 D RegistrationHandler: FULL_LEDGER 2137875228
03-01 14:41:05.669  4987  5752 D MulticastServer: Received hash from 2@test.com: b728a132e59a3e27b80e3d547f8dd91f59f63079f23f1ec955fd3faf185c00e8
03-01 14:41:05.875  4987  5762 D MulticastServer: Received hash from 2@test.com: b728a132e59a3e27b80e3d547f8dd91f59f63079f23f1ec955fd3faf185c00e8
03-01 14:41:05.921  4987  5762 D RegistrationHandler: FULL_LEDGER 2137875228
03-01 14:41:14.633  4987  5832 D RegistrationHandler: ACCEPTED_LEDGER 2137875228 4
03-01 14:41:14.640  4987  5832 D MulticastServer: Registration process finished: 2137875228
03-01 14:41:14.664  4987  5762 D MulticastServer: Broadcast block received {"ip":"192.168.1.43","cert":"MIIBHDCBxKADAgECAgYBf0Szq8owCgYIKoZIzj0EAwIwFjEUMBIGA1UEAwwLdGVzdEBtZS5jb20wHhcNMjIwMjI4MDg1ODE5WhcNMjQwMzAxMDg1ODE5WjAWMRQwEgYDVQQDDAt0ZXN0QG1lLmNvbTBZMBMGByqGSM49AgEGCCqGSM49AwEHA0IABNW4ABr97o2Ki4hapXIq0QlGxvva3kjJ9DyHiwD9u0kIAiaAd/s76l1tw63UsHC+qOQrCCGooA+NKRySF8RJNXowCgYIKoZIzj0EAwIDRwAwRAIgQRci4oARI5hu7CEPQjdp1Gn3sni3LEZy6wLOLbSjhH4CICeeLx7hsxmgL2TpzvtjvLJGPLO0qKLOc5A7kNgj6ehx"}
03-01 14:41:15.067  4987  5762 D MulticastServer: Broadcast block received {"ip":"192.168.1.43","cert":"MIIBHDCBxKADAgECAgYBf0Szq8owCgYIKoZIzj0EAwIwFjEUMBIGA1UEAwwLdGVzdEBtZS5jb20wHhcNMjIwMjI4MDg1ODE5WhcNMjQwMzAxMDg1ODE5WjAWMRQwEgYDVQQDDAt0ZXN0QG1lLmNvbTBZMBMGByqGSM49AgEGCCqGSM49AwEHA0IABNW4ABr97o2Ki4hapXIq0QlGxvva3kjJ9DyHiwD9u0kIAiaAd/s76l1tw63UsHC+qOQrCCGooA+NKRySF8RJNXowCgYIKoZIzj0EAwIDRwAwRAIgQRci4oARI5hu7CEPQjdp1Gn3sni3LEZy6wLOLbSjhH4CICeeLx7hsxmgL2TpzvtjvLJGPLO0qKLOc5A7kNgj6ehx"}
03-01 14:41:15.477  4987  5762 D MulticastServer: Broadcast block received {"ip":"192.168.1.43","cert":"MIIBHDCBxKADAgECAgYBf0Szq8owCgYIKoZIzj0EAwIwFjEUMBIGA1UEAwwLdGVzdEBtZS5jb20wHhcNMjIwMjI4MDg1ODE5WhcNMjQwMzAxMDg1ODE5WjAWMRQwEgYDVQQDDAt0ZXN0QG1lLmNvbTBZMBMGByqGSM49AgEGCCqGSM49AwEHA0IABNW4ABr97o2Ki4hapXIq0QlGxvva3kjJ9DyHiwD9u0kIAiaAd/s76l1tw63UsHC+qOQrCCGooA+NKRySF8RJNXowCgYIKoZIzj0EAwIDRwAwRAIgQRci4oARI5hu7CEPQjdp1Gn3sni3LEZy6wLOLbSjhH4CICeeLx7hsxmgL2TpzvtjvLJGPLO0qKLOc5A7kNgj6ehx"}
03-01 14:41:19.577  4987  5762 D MulticastServer: Registration process started with nonce: 1376812092
03-01 14:41:19.582  4987  5762 D MulticastServer: Received request for ledger with nonce: 1376812092.
03-01 14:41:19.640  4987  5752 D MulticastClient: Sent messages: [{"sender":"{\"ip\":\"192.168.1.37\",\"cert\":\"MIIBHDCBwqADAgECAgYBf0Wg8i4wCgYIKoZIzj0EAwIwFTETMBEGA1UEAwwKMUB0ZXN0LmNvbTAeFw0yMjAyMjgxMzE3MjlaFw0yNDAzMDExMzE3MjlaMBUxEzARBgNVBAMMCjFAdGVzdC5jb20wWTATBgcqhkjOPQIBBggqhkjOPQMBBwNCAATZbZsINl+HuH7g2tsp6\/VqxQmN5IMlVwXKG4tW3qOtJDuGEmBIADaP\/\/eSLXO+Ik\/kVyr+w9fREGMfnCOQjwr+MAoGCCqGSM49BAMCA0kAMEYCIQDBD9RwZSeKcG5++xVKdrOT1cgBo+kPA8seBeInf1ZJTAIhAIsSwNjZIiJWNtYlLuqtbI1NWycoVp3saFX6zJNDY1aa\"}","payload":"b0011d168a9549bbaeb27800192c478099b8c6bdbcbe16ee35978d5a99d84752","mt":"LEDGER_HASH","sig":"MEYCIQDcoLAUR\/XRIHt+4qHK5KcwjZn8LjWaSonhbtGCmPlZZAIhAJbo89\/E4Nil8kcZ\/6kEo52F16OFA9k2kU178cdsKN7+","nonce":1376812092,"seq":0,"tot":0}]
03-01 14:41:19.661  4987  5762 D RegistrationHandler: FULL_LEDGER 1376812092
03-01 14:41:19.722  4987  5762 D MulticastServer: Received hash from 2@test.com: b0011d168a9549bbaeb27800192c478099b8c6bdbcbe16ee35978d5a99d84752
03-01 14:41:19.740  4987  5743 D RegistrationHandler: FULL_LEDGER 1376812092
03-01 14:41:19.788  4987  5743 D MulticastServer: Received hash from 4@test.com: b0011d168a9549bbaeb27800192c478099b8c6bdbcbe16ee35978d5a99d84752
03-01 14:41:20.505  4987  5752 D MulticastServer: Received hash from 2@test.com: b0011d168a9549bbaeb27800192c478099b8c6bdbcbe16ee35978d5a99d84752
03-01 14:41:20.566  4987  5752 D MulticastServer: Received hash from 4@test.com: b0011d168a9549bbaeb27800192c478099b8c6bdbcbe16ee35978d5a99d84752
03-01 14:41:20.832  4987  5752 D MulticastServer: Received hash from 2@test.com: b0011d168a9549bbaeb27800192c478099b8c6bdbcbe16ee35978d5a99d84752
03-01 14:41:29.588  4987  5849 D RegistrationHandler: ACCEPTED_LEDGER 1376812092 5
03-01 14:41:29.597  4987  5849 D MulticastServer: Registration process finished: 1376812092
03-01 14:41:29.607  4987  5752 D MulticastServer: Broadcast block received {"ip":"192.168.1.57","cert":"MIIBGzCBwqADAgECAgYBf0Wj4DcwCgYIKoZIzj0EAwIwFTETMBEGA1UEAwwKNUB0ZXN0LmNvbTAeFw0yMjAyMjgxMzIwNDJaFw0yNDAzMDExMzIwNDJaMBUxEzARBgNVBAMMCjVAdGVzdC5jb20wWTATBgcqhkjOPQIBBggqhkjOPQMBBwNCAASisuFxEG+xwT9MlSgajhTbxL4RE4hoAm9FXYs3Psebz1krWWnppE/YMkIPzzyNeCLHqsz8RqGpZlRK9aTnjMLGMAoGCCqGSM49BAMCA0gAMEUCIFBokiZSDp/hnwZFFvnwNMCqaLl8g/PBcyeHgGjr3MMaAiEA40XAE95xUdLDHRr7gcl19owOWcstLizhByeTR3X2bZM="}
03-01 14:41:30.222  4987  5752 D MulticastServer: Broadcast block received {"ip":"192.168.1.57","cert":"MIIBGzCBwqADAgECAgYBf0Wj4DcwCgYIKoZIzj0EAwIwFTETMBEGA1UEAwwKNUB0ZXN0LmNvbTAeFw0yMjAyMjgxMzIwNDJaFw0yNDAzMDExMzIwNDJaMBUxEzARBgNVBAMMCjVAdGVzdC5jb20wWTATBgcqhkjOPQIBBggqhkjOPQMBBwNCAASisuFxEG+xwT9MlSgajhTbxL4RE4hoAm9FXYs3Psebz1krWWnppE/YMkIPzzyNeCLHqsz8RqGpZlRK9aTnjMLGMAoGCCqGSM49BAMCA0gAMEUCIFBokiZSDp/hnwZFFvnwNMCqaLl8g/PBcyeHgGjr3MMaAiEA40XAE95xUdLDHRr7gcl19owOWcstLizhByeTR3X2bZM="}
03-01 14:41:30.429  4987  5752 D MulticastServer: Broadcast block received {"ip":"192.168.1.57","cert":"MIIBGzCBwqADAgECAgYBf0Wj4DcwCgYIKoZIzj0EAwIwFTETMBEGA1UEAwwKNUB0ZXN0LmNvbTAeFw0yMjAyMjgxMzIwNDJaFw0yNDAzMDExMzIwNDJaMBUxEzARBgNVBAMMCjVAdGVzdC5jb20wWTATBgcqhkjOPQIBBggqhkjOPQMBBwNCAASisuFxEG+xwT9MlSgajhTbxL4RE4hoAm9FXYs3Psebz1krWWnppE/YMkIPzzyNeCLHqsz8RqGpZlRK9aTnjMLGMAoGCCqGSM49BAMCA0gAMEUCIFBokiZSDp/hnwZFFvnwNMCqaLl8g/PBcyeHgGjr3MMaAiEA40XAE95xUdLDHRr7gcl19owOWcstLizhByeTR3X2bZM="}
