03-17 15:37:23.778 13438 13492 D MulticastClient: Sent messages: [{"sender":"{\"ip\":\"192.168.1.126\",\"cert\":\"MIIBHDCBwqADAgECAgYBf5LhKoUwCgYIKoZIzj0EAwIwFTETMBEGA1UEAwwKMUB0ZXN0LmNvbTAeFw0yMjAzMTUxMzE4MjRaFw0yNDAzMTYxMzE4MjRaMBUxEzARBgNVBAMMCjFAdGVzdC5jb20wWTATBgcqhkjOPQIBBggqhkjOPQMBBwNCAARygid4IUjQcO5q061zUYi\/H7lvnalm9LjGvCXUiUKNjFkRZCQQHkQr3g5NSREvlv8eDTjoMpzkwAR2X7BGjdlzMAoGCCqGSM49BAMCA0kAMEYCIQCiHMll2QZaqlteytfUXQC9N+f0vW3g05QfhOXX51uZkQIhAOqRAe\/npOy8z8s0m0jcslsGFJ4m0z8mdDgpGZNaRRtS\"}","payload":"{\"ip\":\"192.168.1.126\",\"cert\":\"MIIBHDCBwqADAgECAgYBf5LhKoUwCgYIKoZIzj0EAwIwFTETMBEGA1UEAwwKMUB0ZXN0LmNvbTAeFw0yMjAzMTUxMzE4MjRaFw0yNDAzMTYxMzE4MjRaMBUxEzARBgNVBAMMCjFAdGVzdC5jb20wWTATBgcqhkjOPQIBBggqhkjOPQMBBwNCAARygid4IUjQcO5q061zUYi\/H7lvnalm9LjGvCXUiUKNjFkRZCQQHkQr3g5NSREvlv8eDTjoMpzkwAR2X7BGjdlzMAoGCCqGSM49BAMCA0kAMEYCIQCiHMll2QZaqlteytfUXQC9N+f0vW3g05QfhOXX51uZkQIhAOqRAe\/npOy8z8s0m0jcslsGFJ4m0z8mdDgpGZNaRRtS\"}","mt":"FULL_LEDGER","sig":"MEYCIQCNdphKgxhZmntHzaxQVKe5sSHa7CAAfyQuTjR3A+lNnQIhAM7wx2lZjBOxrXbo4eTjqTeto4soQy72GVH0Ag7sz80F","nonce":1295830841,"seq":0,"tot":1}, {"sender":"1@test.com","payload":"{\"ip\":\"192.168.1.97\",\"cert\":\"MIIBHDCBwqADAgECAgYBf5Ll+aQwCgYIKoZIzj0EAwIwFTETMBEGA1UEAwwKNUB0ZXN0LmNvbTAeFw0yMjAzMTUxMzIzMzlaFw0yNDAzMTYxMzIzMzlaMBUxEzARBgNVBAMMCjVAdGVzdC5jb20wWTATBgcqhkjOPQIBBggqhkjOPQMBBwNCAAS9OhThI4D6g\/iEXxfGklrIeXd9Z0M+diiJ9ljAgsIg42aeRti+qPdLXU1\/D9cRSqQkfwr3bPWV3oF684Iqni4MMAoGCCqGSM49BAMCA0kAMEYCIQDvSgAgKBB22Z\/ooyqUg64EcQUigPLpb+EEue5bwGydWgIhAKus7fYnj5hLAUwnPrCw9vZZ\/j2+Hst7+b4ASLL75Nl9\"}","mt":"FULL_LEDGER","sig":"MEUCIGgLi9jcPGFnm7OjPKnBIDLP6lkR+fY+Bj7j55uhDvO4AiEA7fmAWqK8Fu4SowWBvREaegeGCB4uO9pWooLpPsCPVmc=","nonce":1295830841,"seq":1,"tot":1}]
03-17 15:37:23.817 13438 13528 D RegistrationHandler: Has received 1 of 2 fragments from 5@test.com
03-17 15:37:24.126 13438 13510 D RegistrationHandler: Has received 1 of 2 fragments from 5@test.com
03-17 15:37:24.436 13438 13528 D RegistrationHandler: Has received 1 of 2 fragments from 5@test.com
03-17 15:37:24.438 13438 13510 D RegistrationHandler: Has received 2 of 2 from 5@test.com
03-17 15:37:24.453 13438 13510 D RegistrationHandler: Received full ledger from 5@test.com with nonce 1295830841
03-17 15:37:24.454 13438 13510 D RegistrationHandler: FULL_LEDGER 1295830841
03-17 15:37:24.739 13438 13492 D RegistrationHandler: Has received 2 of 2 fragments from 5@test.com
03-17 15:37:24.742 13438 13527 D RegistrationHandler: Has received 2 of 2 from 5@test.com
03-17 15:37:24.757 13438 13527 D RegistrationHandler: Received full ledger from 5@test.com with nonce 1295830841
03-17 15:37:24.757 13438 13527 D RegistrationHandler: FULL_LEDGER 1295830841
03-17 15:37:33.769 13438 13524 D RegistrationHandler: ACCEPTED_LEDGER 1295830841 2
03-17 15:37:33.770 13438 13524 D RegistrationHandler: 1295830841 The accepted ledger contains: [1@test.com, 5@test.com]
03-17 15:37:33.770 13438 13524 D MulticastServer: Registration process finished: 1295830841
03-17 15:37:34.422 13438 13527 D MulticastServer: Broadcast block received {"ip":"192.168.1.102","cert":"MIIBHDCBwqADAgECAgYBf5LjjlwwCgYIKoZIzj0EAwIwFTETMBEGA1UEAwwKNEB0ZXN0LmNvbTAeFw0yMjAzMTUxMzIxMDBaFw0yNDAzMTYxMzIxMDBaMBUxEzARBgNVBAMMCjRAdGVzdC5jb20wWTATBgcqhkjOPQIBBggqhkjOPQMBBwNCAASSliUweWkBcg8dWJcPaZ4t+tliwMepoSM+VwpX6w8yGTWjTlICGhj5SdoTv4ekjnO3/l6v7gLDegapmtwYeG/3MAoGCCqGSM49BAMCA0kAMEYCIQDK7lH7afWvwtTqc/4/4Hgwk5maPvIqyqRaQ8+tb958ggIhAJVeNWTe06qpdnlqQbbihOtTcnnwBkJo3G7r/k/zCIAh"}
03-17 15:37:43.935 13438 13527 D MulticastServer: Registration process started with nonce 77831561
03-17 15:37:43.939 13438 13527 D MulticastServer: Received request for ledger with nonce: 77831561.
03-17 15:37:43.949 13438 13527 D RegistrationHandler: 77831561 Received hash from 1@test.com: 3d61948c1740d8808d1ec36879a6e6a2b158874d228b85207eba9d1de35a916c
03-17 15:37:43.971 13438 13527 D MulticastClient: Sent messages: [{"sender":"{\"ip\":\"192.168.1.126\",\"cert\":\"MIIBHDCBwqADAgECAgYBf5LhKoUwCgYIKoZIzj0EAwIwFTETMBEGA1UEAwwKMUB0ZXN0LmNvbTAeFw0yMjAzMTUxMzE4MjRaFw0yNDAzMTYxMzE4MjRaMBUxEzARBgNVBAMMCjFAdGVzdC5jb20wWTATBgcqhkjOPQIBBggqhkjOPQMBBwNCAARygid4IUjQcO5q061zUYi\/H7lvnalm9LjGvCXUiUKNjFkRZCQQHkQr3g5NSREvlv8eDTjoMpzkwAR2X7BGjdlzMAoGCCqGSM49BAMCA0kAMEYCIQCiHMll2QZaqlteytfUXQC9N+f0vW3g05QfhOXX51uZkQIhAOqRAe\/npOy8z8s0m0jcslsGFJ4m0z8mdDgpGZNaRRtS\"}","payload":"3d61948c1740d8808d1ec36879a6e6a2b158874d228b85207eba9d1de35a916c","mt":"LEDGER_HASH","sig":"MEUCIQDmrwjSr12K1\/sgVwrMYyiDRKxbwhLhD6fnDsQR+Ss3gQIgeQDnmdjEXBQd1eMMpeC6YiPz+UbpCBUoIXWXP5zUbds=","nonce":77831561,"seq":0,"tot":0}]
03-17 15:37:43.986 13438 13510 D RegistrationHandler: Has received 1 of 3 fragments from 4@test.com
03-17 15:37:43.991 13438 13510 D RegistrationHandler: Has received 2 of 3 from 4@test.com
03-17 15:37:43.999 13438 13510 D RegistrationHandler: Has received 3 of 3 from 4@test.com
03-17 15:37:44.014 13438 13510 D RegistrationHandler: Received full ledger from 4@test.com with nonce 77831561
03-17 15:37:44.014 13438 13510 D RegistrationHandler: FULL_LEDGER 77831561
03-17 15:37:44.104 13438 13510 D RegistrationHandler: Has received 1 of 3 fragments from 5@test.com
03-17 15:37:44.107 13438 13528 D RegistrationHandler: Has received 2 of 3 from 5@test.com
03-17 15:37:44.301 13438 13492 D RegistrationHandler: Has received 3 of 3 fragments from 4@test.com
03-17 15:37:44.327 13438 13492 D RegistrationHandler: Has received 3 of 3 from 5@test.com
03-17 15:37:44.327 13438 13510 D RegistrationHandler: Has received 3 of 3 from 5@test.com
03-17 15:37:44.339 13438 13492 D RegistrationHandler: Received full ledger from 5@test.com with nonce 77831561
03-17 15:37:44.339 13438 13492 D RegistrationHandler: FULL_LEDGER 77831561
03-17 15:37:44.346 13438 13510 D RegistrationHandler: Received full ledger from 5@test.com with nonce 77831561
03-17 15:37:44.346 13438 13510 D RegistrationHandler: FULL_LEDGER 77831561
03-17 15:37:44.611 13438 13510 D RegistrationHandler: Has received 3 of 3 fragments from 4@test.com
03-17 15:37:44.631 13438 13510 D RegistrationHandler: Has received 3 of 3 fragments from 5@test.com
03-17 15:37:44.633 13438 13492 D RegistrationHandler: Has received 3 of 3 from 5@test.com
03-17 15:37:44.634 13438 13528 D RegistrationHandler: Has received 3 of 3 from 5@test.com
03-17 15:37:44.649 13438 13492 D RegistrationHandler: Received full ledger from 5@test.com with nonce 77831561
03-17 15:37:44.649 13438 13492 D RegistrationHandler: FULL_LEDGER 77831561
03-17 15:37:44.652 13438 13510 D RegistrationHandler: Received full ledger from 5@test.com with nonce 77831561
03-17 15:37:44.656 13438 13510 D RegistrationHandler: FULL_LEDGER 77831561
03-17 15:37:44.656 13438 13528 D RegistrationHandler: Received full ledger from 5@test.com with nonce 77831561
03-17 15:37:44.656 13438 13528 D RegistrationHandler: FULL_LEDGER 77831561
03-17 15:37:44.915 13438 13527 D RegistrationHandler: Has received 3 of 3 fragments from 4@test.com
03-17 15:37:44.929 13438 13527 D RegistrationHandler: Has received 3 of 3 fragments from 5@test.com
03-17 15:37:44.941 13438 13527 D RegistrationHandler: Received full ledger from 5@test.com with nonce 77831561
03-17 15:37:44.941 13438 13527 D RegistrationHandler: FULL_LEDGER 77831561
03-17 15:37:53.922 13438 13527 D MulticastServer: Broadcast block received {"ip":"192.168.1.150","cert":"MIIBGjCBwqADAgECAgYBf5LodqIwCgYIKoZIzj0EAwIwFTETMBEGA1UEAwwKNkB0ZXN0LmNvbTAeFw0yMjAzMTUxMzI2MjJaFw0yNDAzMTYxMzI2MjJaMBUxEzARBgNVBAMMCjZAdGVzdC5jb20wWTATBgcqhkjOPQIBBggqhkjOPQMBBwNCAARqJJy4N2hgpUaU+/pNPqTyqeLxd2bLD5idvvjxcZkR/FU1EnFaMuGevM+E2XKdeDvcPwZaMeY7BoVek0A5J4ptMAoGCCqGSM49BAMCA0cAMEQCIC911LrmrV6wiZsXHz7RPSc6/GC0XfjHHoimPU7mZSxOAiBPewX5RpN4CLq47U/AkxoxbBKiRfraRL4ACOYPjDKD7A=="}
03-17 15:37:53.942 13438 13530 D RegistrationHandler: ACCEPTED_LEDGER 77831561 3
03-17 15:37:53.943 13438 13530 D RegistrationHandler: 77831561 The accepted ledger contains: [1@test.com, 4@test.com, 5@test.com]
03-17 15:37:53.943 13438 13530 D MulticastServer: Registration process finished: 77831561
03-17 15:37:54.237 13438 13527 D MulticastServer: Broadcast block received {"ip":"192.168.1.150","cert":"MIIBGjCBwqADAgECAgYBf5LodqIwCgYIKoZIzj0EAwIwFTETMBEGA1UEAwwKNkB0ZXN0LmNvbTAeFw0yMjAzMTUxMzI2MjJaFw0yNDAzMTYxMzI2MjJaMBUxEzARBgNVBAMMCjZAdGVzdC5jb20wWTATBgcqhkjOPQIBBggqhkjOPQMBBwNCAARqJJy4N2hgpUaU+/pNPqTyqeLxd2bLD5idvvjxcZkR/FU1EnFaMuGevM+E2XKdeDvcPwZaMeY7BoVek0A5J4ptMAoGCCqGSM49BAMCA0cAMEQCIC911LrmrV6wiZsXHz7RPSc6/GC0XfjHHoimPU7mZSxOAiBPewX5RpN4CLq47U/AkxoxbBKiRfraRL4ACOYPjDKD7A=="}
03-17 15:37:54.536 13438 13527 D MulticastServer: Broadcast block received {"ip":"192.168.1.150","cert":"MIIBGjCBwqADAgECAgYBf5LodqIwCgYIKoZIzj0EAwIwFTETMBEGA1UEAwwKNkB0ZXN0LmNvbTAeFw0yMjAzMTUxMzI2MjJaFw0yNDAzMTYxMzI2MjJaMBUxEzARBgNVBAMMCjZAdGVzdC5jb20wWTATBgcqhkjOPQIBBggqhkjOPQMBBwNCAARqJJy4N2hgpUaU+/pNPqTyqeLxd2bLD5idvvjxcZkR/FU1EnFaMuGevM+E2XKdeDvcPwZaMeY7BoVek0A5J4ptMAoGCCqGSM49BAMCA0cAMEQCIC911LrmrV6wiZsXHz7RPSc6/GC0XfjHHoimPU7mZSxOAiBPewX5RpN4CLq47U/AkxoxbBKiRfraRL4ACOYPjDKD7A=="}
03-17 15:37:54.840 13438 13510 D MulticastServer: Broadcast block received {"ip":"192.168.1.150","cert":"MIIBGjCBwqADAgECAgYBf5LodqIwCgYIKoZIzj0EAwIwFTETMBEGA1UEAwwKNkB0ZXN0LmNvbTAeFw0yMjAzMTUxMzI2MjJaFw0yNDAzMTYxMzI2MjJaMBUxEzARBgNVBAMMCjZAdGVzdC5jb20wWTATBgcqhkjOPQIBBggqhkjOPQMBBwNCAARqJJy4N2hgpUaU+/pNPqTyqeLxd2bLD5idvvjxcZkR/FU1EnFaMuGevM+E2XKdeDvcPwZaMeY7BoVek0A5J4ptMAoGCCqGSM49BAMCA0cAMEQCIC911LrmrV6wiZsXHz7RPSc6/GC0XfjHHoimPU7mZSxOAiBPewX5RpN4CLq47U/AkxoxbBKiRfraRL4ACOYPjDKD7A=="}
03-17 15:38:04.115 13438 13510 D MulticastServer: Registration process started with nonce 1677535509
03-17 15:38:04.118 13438 13510 D MulticastServer: Received request for ledger with nonce: 1677535509.
03-17 15:38:04.130 13438 13528 D RegistrationHandler: 1677535509 Received hash from 1@test.com: 6d8d07807216bbdc7bb98965843ab58cabc87e3c05d9ea7402f5bdc57aea2d8b
03-17 15:38:04.142 13438 13528 D MulticastClient: Sent messages: [{"sender":"{\"ip\":\"192.168.1.126\",\"cert\":\"MIIBHDCBwqADAgECAgYBf5LhKoUwCgYIKoZIzj0EAwIwFTETMBEGA1UEAwwKMUB0ZXN0LmNvbTAeFw0yMjAzMTUxMzE4MjRaFw0yNDAzMTYxMzE4MjRaMBUxEzARBgNVBAMMCjFAdGVzdC5jb20wWTATBgcqhkjOPQIBBggqhkjOPQMBBwNCAARygid4IUjQcO5q061zUYi\/H7lvnalm9LjGvCXUiUKNjFkRZCQQHkQr3g5NSREvlv8eDTjoMpzkwAR2X7BGjdlzMAoGCCqGSM49BAMCA0kAMEYCIQCiHMll2QZaqlteytfUXQC9N+f0vW3g05QfhOXX51uZkQIhAOqRAe\/npOy8z8s0m0jcslsGFJ4m0z8mdDgpGZNaRRtS\"}","payload":"6d8d07807216bbdc7bb98965843ab58cabc87e3c05d9ea7402f5bdc57aea2d8b","mt":"LEDGER_HASH","sig":"MEYCIQD\/C00gm52NPwqTCQ6zhE2jTd27xUBNldym4cS811IoggIhAP1+g3mUkSSoBQndmBmN07mtkIAgkTTIZPCPLRL3akMx","nonce":1677535509,"seq":0,"tot":0}]
03-17 15:38:04.163 13438 13510 D RegistrationHandler: Has received 1 of 4 fragments from 6@test.com
03-17 15:38:04.166 13438 13510 D RegistrationHandler: Has received 2 of 4 from 6@test.com
03-17 15:38:04.178 13438 13510 D RegistrationHandler: Has received 3 of 4 from 6@test.com
03-17 15:38:04.471 13438 13510 D RegistrationHandler: Has received 3 of 4 fragments from 6@test.com
03-17 15:38:04.473 13438 13492 D RegistrationHandler: Has received 3 of 4 from 6@test.com
03-17 15:38:04.478 13438 13492 D RegistrationHandler: Has received 4 of 4 from 6@test.com
03-17 15:38:04.489 13438 13492 D RegistrationHandler: Received full ledger from 6@test.com with nonce 1677535509
03-17 15:38:04.489 13438 13492 D RegistrationHandler: FULL_LEDGER 1677535509
03-17 15:38:04.493 13438 13492 D RegistrationHandler: 1677535509 Received hash from 4@test.com: 6d8d07807216bbdc7bb98965843ab58cabc87e3c05d9ea7402f5bdc57aea2d8b
03-17 15:38:04.781 13438 13492 D RegistrationHandler: Has received 4 of 4 fragments from 6@test.com
03-17 15:38:04.805 13438 13492 D RegistrationHandler: Has received 1 of 4 fragments from 5@test.com
03-17 15:38:04.811 13438 13527 D RegistrationHandler: Has received 2 of 4 from 5@test.com
03-17 15:38:04.815 13438 13527 D RegistrationHandler: Has received 3 of 4 from 5@test.com
03-17 15:38:04.820 13438 13510 D RegistrationHandler: Has received 4 of 4 from 5@test.com
03-17 15:38:04.821 13438 13492 D RegistrationHandler: Received full ledger from 5@test.com with nonce 1677535509
03-17 15:38:04.821 13438 13492 D RegistrationHandler: FULL_LEDGER 1677535509
03-17 15:38:04.826 13438 13510 D RegistrationHandler: Received full ledger from 5@test.com with nonce 1677535509
03-17 15:38:04.826 13438 13510 D RegistrationHandler: FULL_LEDGER 1677535509
03-17 15:38:05.088 13438 13528 D RegistrationHandler: Has received 4 of 4 fragments from 6@test.com
03-17 15:38:14.121 13438 13533 D RegistrationHandler: ACCEPTED_LEDGER 1677535509 4
03-17 15:38:14.122 13438 13533 D RegistrationHandler: 1677535509 The accepted ledger contains: [1@test.com, 4@test.com, 5@test.com, 6@test.com]
03-17 15:38:14.122 13438 13533 D MulticastServer: Registration process finished: 1677535509
03-17 15:38:14.714 13438 13528 D MulticastServer: Broadcast block received {"ip":"192.168.1.96","cert":"MIIBGzCBwqADAgECAgYBf5LiwL8wCgYIKoZIzj0EAwIwFTETMBEGA1UEAwwKM0B0ZXN0LmNvbTAeFw0yMjAzMTUxMzIwMDhaFw0yNDAzMTYxMzIwMDhaMBUxEzARBgNVBAMMCjNAdGVzdC5jb20wWTATBgcqhkjOPQIBBggqhkjOPQMBBwNCAASVCbfTenGFrkV9EIzy1bj8oa9Kure0STvEaqW08piH20aw3fmYZgxXkpSqhmqcMv5bQ1Q7k2Owa5TUgUt5pf9QMAoGCCqGSM49BAMCA0gAMEUCICG/Ut+mqCXXju+5r5KDo0B+pu+YksxTTzSLgyUZSTRUAiEAlwZEGNVmCgZ+irOjElk8DvNZcTI0AqLoFjB0QLBClB8="}
03-17 15:38:15.023 13438 13528 D MulticastServer: Broadcast block received {"ip":"192.168.1.96","cert":"MIIBGzCBwqADAgECAgYBf5LiwL8wCgYIKoZIzj0EAwIwFTETMBEGA1UEAwwKM0B0ZXN0LmNvbTAeFw0yMjAzMTUxMzIwMDhaFw0yNDAzMTYxMzIwMDhaMBUxEzARBgNVBAMMCjNAdGVzdC5jb20wWTATBgcqhkjOPQIBBggqhkjOPQMBBwNCAASVCbfTenGFrkV9EIzy1bj8oa9Kure0STvEaqW08piH20aw3fmYZgxXkpSqhmqcMv5bQ1Q7k2Owa5TUgUt5pf9QMAoGCCqGSM49BAMCA0gAMEUCICG/Ut+mqCXXju+5r5KDo0B+pu+YksxTTzSLgyUZSTRUAiEAlwZEGNVmCgZ+irOjElk8DvNZcTI0AqLoFjB0QLBClB8="}
03-17 15:38:23.361 13438 13528 D MulticastServer: Registration process started with nonce 1118027487
03-17 15:38:23.364 13438 13528 D MulticastServer: Received request for ledger with nonce: 1118027487.
03-17 15:38:23.374 13438 13510 D RegistrationHandler: 1118027487 Received hash from 1@test.com: 93fe4a08b23de93401800aadc9fc72f7c1a98a808dc4be8c7137f7c7f1df8662
03-17 15:38:23.384 13438 13510 D MulticastClient: Sent messages: [{"sender":"{\"ip\":\"192.168.1.126\",\"cert\":\"MIIBHDCBwqADAgECAgYBf5LhKoUwCgYIKoZIzj0EAwIwFTETMBEGA1UEAwwKMUB0ZXN0LmNvbTAeFw0yMjAzMTUxMzE4MjRaFw0yNDAzMTYxMzE4MjRaMBUxEzARBgNVBAMMCjFAdGVzdC5jb20wWTATBgcqhkjOPQIBBggqhkjOPQMBBwNCAARygid4IUjQcO5q061zUYi\/H7lvnalm9LjGvCXUiUKNjFkRZCQQHkQr3g5NSREvlv8eDTjoMpzkwAR2X7BGjdlzMAoGCCqGSM49BAMCA0kAMEYCIQCiHMll2QZaqlteytfUXQC9N+f0vW3g05QfhOXX51uZkQIhAOqRAe\/npOy8z8s0m0jcslsGFJ4m0z8mdDgpGZNaRRtS\"}","payload":"93fe4a08b23de93401800aadc9fc72f7c1a98a808dc4be8c7137f7c7f1df8662","mt":"LEDGER_HASH","sig":"MEUCIDod123rum5F2d604JRsgHtX2Z36jVYflF\/rQovCwZLrAiEA5qbK0\/kgn7bTu+fazVSA1WKJzWVio\/wQ94w2f\/avwZU=","nonce":1118027487,"seq":0,"tot":0}]
03-17 15:38:23.417 13438 13528 D RegistrationHandler: Has received 1 of 5 fragments from 6@test.com
03-17 15:38:23.449 13438 13528 D RegistrationHandler: Has received 2 of 5 from 6@test.com
03-17 15:38:23.457 13438 13528 D RegistrationHandler: Has received 3 of 5 from 6@test.com
03-17 15:38:23.458 13438 13527 D RegistrationHandler: Has received 4 of 5 from 6@test.com
03-17 15:38:23.463 13438 13527 D RegistrationHandler: Has received 5 of 5 from 6@test.com
03-17 15:38:23.472 13438 13528 D RegistrationHandler: 1118027487 Received hash from 4@test.com: 93fe4a08b23de93401800aadc9fc72f7c1a98a808dc4be8c7137f7c7f1df8662
03-17 15:38:23.476 13438 13527 D RegistrationHandler: Received full ledger from 6@test.com with nonce 1118027487
03-17 15:38:23.476 13438 13527 D RegistrationHandler: FULL_LEDGER 1118027487
03-17 15:38:23.481 13438 13527 D RegistrationHandler: Has received 1 of 5 fragments from 5@test.com
03-17 15:38:23.488 13438 13527 D RegistrationHandler: Has received 2 of 5 from 5@test.com
03-17 15:38:23.492 13438 13527 D RegistrationHandler: Has received 3 of 5 from 5@test.com
03-17 15:38:23.501 13438 13527 D RegistrationHandler: Has received 4 of 5 from 5@test.com
03-17 15:38:23.542 13438 13527 D RegistrationHandler: Has received 5 of 5 from 5@test.com
03-17 15:38:23.549 13438 13528 D RegistrationHandler: 1118027487 Received hash from 3@test.com: 93fe4a08b23de93401800aadc9fc72f7c1a98a808dc4be8c7137f7c7f1df8662
03-17 15:38:23.553 13438 13527 D RegistrationHandler: Received full ledger from 5@test.com with nonce 1118027487
03-17 15:38:23.553 13438 13527 D RegistrationHandler: FULL_LEDGER 1118027487
03-17 15:38:23.721 13438 13492 D RegistrationHandler: Has received 5 of 5 fragments from 6@test.com
03-17 15:38:23.759 13438 13527 D RegistrationHandler: Has received 5 of 5 fragments from 5@test.com
03-17 15:38:23.762 13438 13527 D RegistrationHandler: Has received 5 of 5 from 5@test.com
03-17 15:38:23.763 13438 13492 D RegistrationHandler: Has received 5 of 5 from 5@test.com
03-17 15:38:23.769 13438 13528 D RegistrationHandler: Has received 5 of 5 from 5@test.com
03-17 15:38:23.772 13438 13527 D RegistrationHandler: Received full ledger from 5@test.com with nonce 1118027487
03-17 15:38:23.772 13438 13527 D RegistrationHandler: FULL_LEDGER 1118027487
03-17 15:38:23.776 13438 13528 D RegistrationHandler: Received full ledger from 5@test.com with nonce 1118027487
03-17 15:38:23.776 13438 13528 D RegistrationHandler: FULL_LEDGER 1118027487
03-17 15:38:23.780 13438 13492 D RegistrationHandler: Received full ledger from 5@test.com with nonce 1118027487
03-17 15:38:23.780 13438 13492 D RegistrationHandler: FULL_LEDGER 1118027487
03-17 15:38:24.070 13438 13528 D RegistrationHandler: Has received 5 of 5 fragments from 5@test.com
03-17 15:38:24.377 13438 13510 D RegistrationHandler: Has received 5 of 5 fragments from 5@test.com
03-17 15:38:33.369 13438 13554 D RegistrationHandler: ACCEPTED_LEDGER 1118027487 5
03-17 15:38:33.370 13438 13554 D RegistrationHandler: 1118027487 The accepted ledger contains: [1@test.com, 3@test.com, 4@test.com, 5@test.com, 6@test.com]
03-17 15:38:33.370 13438 13554 D MulticastServer: Registration process finished: 1118027487
03-17 15:38:33.403 13438 13510 D MulticastServer: Broadcast block received {"ip":"192.168.1.90","cert":"MIIBGzCBwqADAgECAgYBf5Lh/YgwCgYIKoZIzj0EAwIwFTETMBEGA1UEAwwKMkB0ZXN0LmNvbTAeFw0yMjAzMTUxMzE5MThaFw0yNDAzMTYxMzE5MThaMBUxEzARBgNVBAMMCjJAdGVzdC5jb20wWTATBgcqhkjOPQIBBggqhkjOPQMBBwNCAAS+Y1FtdGs8Ucfiq/zWhVaVn4ZBowDRf+LHkKkDUQijyqT6F1OlcBHKlpSdutzah71G6VCq62b3AWQkp086ORMGMAoGCCqGSM49BAMCA0gAMEUCIHH+qCw7c9P4WGmGxr+Z6u3tdZRz/XeTlZiocA09UDaoAiEA977yY+pelaDu67wtccznceHBT4wGLWjjfzyxyDdr/lY="}
03-17 15:38:33.764 13438 13510 D MulticastServer: Broadcast block received {"ip":"192.168.1.90","cert":"MIIBGzCBwqADAgECAgYBf5Lh/YgwCgYIKoZIzj0EAwIwFTETMBEGA1UEAwwKMkB0ZXN0LmNvbTAeFw0yMjAzMTUxMzE5MThaFw0yNDAzMTYxMzE5MThaMBUxEzARBgNVBAMMCjJAdGVzdC5jb20wWTATBgcqhkjOPQIBBggqhkjOPQMBBwNCAAS+Y1FtdGs8Ucfiq/zWhVaVn4ZBowDRf+LHkKkDUQijyqT6F1OlcBHKlpSdutzah71G6VCq62b3AWQkp086ORMGMAoGCCqGSM49BAMCA0gAMEUCIHH+qCw7c9P4WGmGxr+Z6u3tdZRz/XeTlZiocA09UDaoAiEA977yY+pelaDu67wtccznceHBT4wGLWjjfzyxyDdr/lY="}
03-17 15:38:33.961 13438 13510 D MulticastServer: Broadcast block received {"ip":"192.168.1.90","cert":"MIIBGzCBwqADAgECAgYBf5Lh/YgwCgYIKoZIzj0EAwIwFTETMBEGA1UEAwwKMkB0ZXN0LmNvbTAeFw0yMjAzMTUxMzE5MThaFw0yNDAzMTYxMzE5MThaMBUxEzARBgNVBAMMCjJAdGVzdC5jb20wWTATBgcqhkjOPQIBBggqhkjOPQMBBwNCAAS+Y1FtdGs8Ucfiq/zWhVaVn4ZBowDRf+LHkKkDUQijyqT6F1OlcBHKlpSdutzah71G6VCq62b3AWQkp086ORMGMAoGCCqGSM49BAMCA0gAMEUCIHH+qCw7c9P4WGmGxr+Z6u3tdZRz/XeTlZiocA09UDaoAiEA977yY+pelaDu67wtccznceHBT4wGLWjjfzyxyDdr/lY="}
03-17 15:38:34.266 13438 13510 D MulticastServer: Broadcast block received {"ip":"192.168.1.90","cert":"MIIBGzCBwqADAgECAgYBf5Lh/YgwCgYIKoZIzj0EAwIwFTETMBEGA1UEAwwKMkB0ZXN0LmNvbTAeFw0yMjAzMTUxMzE5MThaFw0yNDAzMTYxMzE5MThaMBUxEzARBgNVBAMMCjJAdGVzdC5jb20wWTATBgcqhkjOPQIBBggqhkjOPQMBBwNCAAS+Y1FtdGs8Ucfiq/zWhVaVn4ZBowDRf+LHkKkDUQijyqT6F1OlcBHKlpSdutzah71G6VCq62b3AWQkp086ORMGMAoGCCqGSM49BAMCA0gAMEUCIHH+qCw7c9P4WGmGxr+Z6u3tdZRz/XeTlZiocA09UDaoAiEA977yY+pelaDu67wtccznceHBT4wGLWjjfzyxyDdr/lY="}
