Number of rounds: 3
round 1 of 3
--------- beginning of main
03-17 15:33:03.671 13159 13207 D MulticastServer: MULTICAST_SERVER_LISTENING
03-17 15:33:03.673 13159 13209 D MulticastServer: Registration process started with nonce 1410188502
03-17 15:33:03.676 13159 13208 D MulticastClient: REQUEST_LEDGER 1410188502
03-17 15:33:03.676 13159 13208 D MulticastClient: Sent messages: [{"sender":"","payload":"","mt":"REQUEST_LEDGER","sig":"","nonce":1410188502,"seq":0,"tot":0}]
03-17 15:33:05.678 13159 13211 D RegistrationHandler: I am the first in the network
03-17 15:33:05.678 13159 13211 D RegistrationHandler: 1410188502 Registration started
03-17 15:33:05.683 13159 13211 D MulticastServer: Registration process finished: 1410188502
03-17 15:33:05.693 13159 13215 D MulticastClient: Sent messages: [{"sender":"1@test.com","payload":"{\"ip\":\"192.168.1.126\",\"cert\":\"MIIBHDCBwqADAgECAgYBf5LhKoUwCgYIKoZIzj0EAwIwFTETMBEGA1UEAwwKMUB0ZXN0LmNvbTAeFw0yMjAzMTUxMzE4MjRaFw0yNDAzMTYxMzE4MjRaMBUxEzARBgNVBAMMCjFAdGVzdC5jb20wWTATBgcqhkjOPQIBBggqhkjOPQMBBwNCAARygid4IUjQcO5q061zUYi\/H7lvnalm9LjGvCXUiUKNjFkRZCQQHkQr3g5NSREvlv8eDTjoMpzkwAR2X7BGjdlzMAoGCCqGSM49BAMCA0kAMEYCIQCiHMll2QZaqlteytfUXQC9N+f0vW3g05QfhOXX51uZkQIhAOqRAe\/npOy8z8s0m0jcslsGFJ4m0z8mdDgpGZNaRRtS\"}","mt":"BROADCAST_BLOCK","sig":"MEQCIAWXQ2L0VpRH\/5snrugi+s5aOdLz0DHTw7dDQDhk8FaaAiBhP\/NzOQrGP3pXwAkiwLpynByrNXEJSrNlAAyNDEXJ2w==","nonce":1410188502,"seq":0,"tot":0}]
03-17 15:33:13.908 13159 13215 D MulticastServer: Registration process started with nonce 2053891110
03-17 15:33:13.913 13159 13215 D MulticastServer: Received request for ledger with nonce: 2053891110.
03-17 15:33:13.931 13159 13208 D MulticastClient: Sent messages: [{"sender":"{\"ip\":\"192.168.1.126\",\"cert\":\"MIIBHDCBwqADAgECAgYBf5LhKoUwCgYIKoZIzj0EAwIwFTETMBEGA1UEAwwKMUB0ZXN0LmNvbTAeFw0yMjAzMTUxMzE4MjRaFw0yNDAzMTYxMzE4MjRaMBUxEzARBgNVBAMMCjFAdGVzdC5jb20wWTATBgcqhkjOPQIBBggqhkjOPQMBBwNCAARygid4IUjQcO5q061zUYi\/H7lvnalm9LjGvCXUiUKNjFkRZCQQHkQr3g5NSREvlv8eDTjoMpzkwAR2X7BGjdlzMAoGCCqGSM49BAMCA0kAMEYCIQCiHMll2QZaqlteytfUXQC9N+f0vW3g05QfhOXX51uZkQIhAOqRAe\/npOy8z8s0m0jcslsGFJ4m0z8mdDgpGZNaRRtS\"}","payload":"{\"ip\":\"192.168.1.126\",\"cert\":\"MIIBHDCBwqADAgECAgYBf5LhKoUwCgYIKoZIzj0EAwIwFTETMBEGA1UEAwwKMUB0ZXN0LmNvbTAeFw0yMjAzMTUxMzE4MjRaFw0yNDAzMTYxMzE4MjRaMBUxEzARBgNVBAMMCjFAdGVzdC5jb20wWTATBgcqhkjOPQIBBggqhkjOPQMBBwNCAARygid4IUjQcO5q061zUYi\/H7lvnalm9LjGvCXUiUKNjFkRZCQQHkQr3g5NSREvlv8eDTjoMpzkwAR2X7BGjdlzMAoGCCqGSM49BAMCA0kAMEYCIQCiHMll2QZaqlteytfUXQC9N+f0vW3g05QfhOXX51uZkQIhAOqRAe\/npOy8z8s0m0jcslsGFJ4m0z8mdDgpGZNaRRtS\"}","mt":"FULL_LEDGER","sig":"MEQCIFNdFyGOutonHf9jQsQ6HEV3pKxnfSotmm\/\/BbvjxIedAiAGQ8sTYLc6L5nN81mfojDtYHP4K+Dcmc1\/iX7qogtROQ==","nonce":2053891110,"seq":0,"tot":0}]
03-17 15:33:23.854 13159 13208 D MulticastServer: Broadcast block received {"ip":"192.168.1.97","cert":"MIIBHDCBwqADAgECAgYBf5Ll+aQwCgYIKoZIzj0EAwIwFTETMBEGA1UEAwwKNUB0ZXN0LmNvbTAeFw0yMjAzMTUxMzIzMzlaFw0yNDAzMTYxMzIzMzlaMBUxEzARBgNVBAMMCjVAdGVzdC5jb20wWTATBgcqhkjOPQIBBggqhkjOPQMBBwNCAAS9OhThI4D6g/iEXxfGklrIeXd9Z0M+diiJ9ljAgsIg42aeRti+qPdLXU1/D9cRSqQkfwr3bPWV3oF684Iqni4MMAoGCCqGSM49BAMCA0kAMEYCIQDvSgAgKBB22Z/ooyqUg64EcQUigPLpb+EEue5bwGydWgIhAKus7fYnj5hLAUwnPrCw9vZZ/j2+Hst7+b4ASLL75Nl9"}
03-17 15:33:23.915 13159 13243 D RegistrationHandler: ACCEPTED_LEDGER 2053891110 1
03-17 15:33:23.916 13159 13243 D RegistrationHandler: 2053891110 The accepted ledger contains: [1@test.com]
03-17 15:33:23.916 13159 13243 D MulticastServer: Registration process finished: 2053891110
03-17 15:33:24.095 13159 13208 D MulticastServer: Broadcast block received {"ip":"192.168.1.97","cert":"MIIBHDCBwqADAgECAgYBf5Ll+aQwCgYIKoZIzj0EAwIwFTETMBEGA1UEAwwKNUB0ZXN0LmNvbTAeFw0yMjAzMTUxMzIzMzlaFw0yNDAzMTYxMzIzMzlaMBUxEzARBgNVBAMMCjVAdGVzdC5jb20wWTATBgcqhkjOPQIBBggqhkjOPQMBBwNCAAS9OhThI4D6g/iEXxfGklrIeXd9Z0M+diiJ9ljAgsIg42aeRti+qPdLXU1/D9cRSqQkfwr3bPWV3oF684Iqni4MMAoGCCqGSM49BAMCA0kAMEYCIQDvSgAgKBB22Z/ooyqUg64EcQUigPLpb+EEue5bwGydWgIhAKus7fYnj5hLAUwnPrCw9vZZ/j2+Hst7+b4ASLL75Nl9"}
03-17 15:33:24.404 13159 13208 D MulticastServer: Broadcast block received {"ip":"192.168.1.97","cert":"MIIBHDCBwqADAgECAgYBf5Ll+aQwCgYIKoZIzj0EAwIwFTETMBEGA1UEAwwKNUB0ZXN0LmNvbTAeFw0yMjAzMTUxMzIzMzlaFw0yNDAzMTYxMzIzMzlaMBUxEzARBgNVBAMMCjVAdGVzdC5jb20wWTATBgcqhkjOPQIBBggqhkjOPQMBBwNCAAS9OhThI4D6g/iEXxfGklrIeXd9Z0M+diiJ9ljAgsIg42aeRti+qPdLXU1/D9cRSqQkfwr3bPWV3oF684Iqni4MMAoGCCqGSM49BAMCA0kAMEYCIQDvSgAgKBB22Z/ooyqUg64EcQUigPLpb+EEue5bwGydWgIhAKus7fYnj5hLAUwnPrCw9vZZ/j2+Hst7+b4ASLL75Nl9"}
03-17 15:33:34.747 13159 13208 D MulticastServer: Registration process started with nonce 2048786856
03-17 15:33:34.750 13159 13208 D MulticastServer: Received request for ledger with nonce: 2048786856.
03-17 15:33:34.769 13159 13208 D MulticastClient: Sent messages: [{"sender":"{\"ip\":\"192.168.1.126\",\"cert\":\"MIIBHDCBwqADAgECAgYBf5LhKoUwCgYIKoZIzj0EAwIwFTETMBEGA1UEAwwKMUB0ZXN0LmNvbTAeFw0yMjAzMTUxMzE4MjRaFw0yNDAzMTYxMzE4MjRaMBUxEzARBgNVBAMMCjFAdGVzdC5jb20wWTATBgcqhkjOPQIBBggqhkjOPQMBBwNCAARygid4IUjQcO5q061zUYi\/H7lvnalm9LjGvCXUiUKNjFkRZCQQHkQr3g5NSREvlv8eDTjoMpzkwAR2X7BGjdlzMAoGCCqGSM49BAMCA0kAMEYCIQCiHMll2QZaqlteytfUXQC9N+f0vW3g05QfhOXX51uZkQIhAOqRAe\/npOy8z8s0m0jcslsGFJ4m0z8mdDgpGZNaRRtS\"}","payload":"{\"ip\":\"192.168.1.126\",\"cert\":\"MIIBHDCBwqADAgECAgYBf5LhKoUwCgYIKoZIzj0EAwIwFTETMBEGA1UEAwwKMUB0ZXN0LmNvbTAeFw0yMjAzMTUxMzE4MjRaFw0yNDAzMTYxMzE4MjRaMBUxEzARBgNVBAMMCjFAdGVzdC5jb20wWTATBgcqhkjOPQIBBggqhkjOPQMBBwNCAARygid4IUjQcO5q061zUYi\/H7lvnalm9LjGvCXUiUKNjFkRZCQQHkQr3g5NSREvlv8eDTjoMpzkwAR2X7BGjdlzMAoGCCqGSM49BAMCA0kAMEYCIQCiHMll2QZaqlteytfUXQC9N+f0vW3g05QfhOXX51uZkQIhAOqRAe\/npOy8z8s0m0jcslsGFJ4m0z8mdDgpGZNaRRtS\"}","mt":"FULL_LEDGER","sig":"MEUCIDZbsgxfb2fpeQj910lN7JCF25fs\/jgmRLLWBSLhKk9zAiEAon0aacwSipyQvFtUNMjT07yhGJRrwf6edaX7wTUY2o4=","nonce":2048786856,"seq":0,"tot":1}, {"sender":"1@test.com","payload":"{\"ip\":\"192.168.1.97\",\"cert\":\"MIIBHDCBwqADAgECAgYBf5Ll+aQwCgYIKoZIzj0EAwIwFTETMBEGA1UEAwwKNUB0ZXN0LmNvbTAeFw0yMjAzMTUxMzIzMzlaFw0yNDAzMTYxMzIzMzlaMBUxEzARBgNVBAMMCjVAdGVzdC5jb20wWTATBgcqhkjOPQIBBggqhkjOPQMBBwNCAAS9OhThI4D6g\/iEXxfGklrIeXd9Z0M+diiJ9ljAgsIg42aeRti+qPdLXU1\/D9cRSqQkfwr3bPWV3oF684Iqni4MMAoGCCqGSM49BAMCA0kAMEYCIQDvSgAgKBB22Z\/ooyqUg64EcQUigPLpb+EEue5bwGydWgIhAKus7fYnj5hLAUwnPrCw9vZZ\/j2+Hst7+b4ASLL75Nl9\"}","mt":"FULL_LEDGER","sig":"MEUCIQDBLr8JnrGoX24xZGzrbRbS+WZZYD+ZWpDmaY2omhUpdgIgUTd+e8J9FmH5+nkG0qmRcFYKjTC6BOGsPotZZZ8HeEs=","nonce":2048786856,"seq":1,"tot":1}]
03-17 15:33:34.956 13159 13251 D RegistrationHandler: Has received 1 of 2 fragments from 5@test.com
03-17 15:33:34.959 13159 13215 D RegistrationHandler: Has received 2 of 2 from 5@test.com
03-17 15:33:34.974 13159 13215 D RegistrationHandler: Received full ledger from 5@test.com with nonce 2048786856
03-17 15:33:34.974 13159 13215 D RegistrationHandler: FULL_LEDGER 2048786856
03-17 15:33:35.572 13159 13252 D RegistrationHandler: Has received 2 of 2 fragments from 5@test.com
03-17 15:33:35.575 13159 13215 D RegistrationHandler: Has received 2 of 2 from 5@test.com
03-17 15:33:35.590 13159 13215 D RegistrationHandler: Received full ledger from 5@test.com with nonce 2048786856
03-17 15:33:35.590 13159 13215 D RegistrationHandler: FULL_LEDGER 2048786856
03-17 15:33:44.755 13159 13248 D RegistrationHandler: ACCEPTED_LEDGER 2048786856 2
03-17 15:33:44.756 13159 13248 D RegistrationHandler: 2048786856 The accepted ledger contains: [1@test.com, 5@test.com]
03-17 15:33:44.757 13159 13248 D MulticastServer: Registration process finished: 2048786856
03-17 15:33:44.785 13159 13208 D MulticastServer: Broadcast block received {"ip":"192.168.1.102","cert":"MIIBHDCBwqADAgECAgYBf5LjjlwwCgYIKoZIzj0EAwIwFTETMBEGA1UEAwwKNEB0ZXN0LmNvbTAeFw0yMjAzMTUxMzIxMDBaFw0yNDAzMTYxMzIxMDBaMBUxEzARBgNVBAMMCjRAdGVzdC5jb20wWTATBgcqhkjOPQIBBggqhkjOPQMBBwNCAASSliUweWkBcg8dWJcPaZ4t+tliwMepoSM+VwpX6w8yGTWjTlICGhj5SdoTv4ekjnO3/l6v7gLDegapmtwYeG/3MAoGCCqGSM49BAMCA0kAMEYCIQDK7lH7afWvwtTqc/4/4Hgwk5maPvIqyqRaQ8+tb958ggIhAJVeNWTe06qpdnlqQbbihOtTcnnwBkJo3G7r/k/zCIAh"}
03-17 15:33:44.986 13159 13215 D MulticastServer: Broadcast block received {"ip":"192.168.1.102","cert":"MIIBHDCBwqADAgECAgYBf5LjjlwwCgYIKoZIzj0EAwIwFTETMBEGA1UEAwwKNEB0ZXN0LmNvbTAeFw0yMjAzMTUxMzIxMDBaFw0yNDAzMTYxMzIxMDBaMBUxEzARBgNVBAMMCjRAdGVzdC5jb20wWTATBgcqhkjOPQIBBggqhkjOPQMBBwNCAASSliUweWkBcg8dWJcPaZ4t+tliwMepoSM+VwpX6w8yGTWjTlICGhj5SdoTv4ekjnO3/l6v7gLDegapmtwYeG/3MAoGCCqGSM49BAMCA0kAMEYCIQDK7lH7afWvwtTqc/4/4Hgwk5maPvIqyqRaQ8+tb958ggIhAJVeNWTe06qpdnlqQbbihOtTcnnwBkJo3G7r/k/zCIAh"}
03-17 15:33:45.294 13159 13215 D MulticastServer: Broadcast block received {"ip":"192.168.1.102","cert":"MIIBHDCBwqADAgECAgYBf5LjjlwwCgYIKoZIzj0EAwIwFTETMBEGA1UEAwwKNEB0ZXN0LmNvbTAeFw0yMjAzMTUxMzIxMDBaFw0yNDAzMTYxMzIxMDBaMBUxEzARBgNVBAMMCjRAdGVzdC5jb20wWTATBgcqhkjOPQIBBggqhkjOPQMBBwNCAASSliUweWkBcg8dWJcPaZ4t+tliwMepoSM+VwpX6w8yGTWjTlICGhj5SdoTv4ekjnO3/l6v7gLDegapmtwYeG/3MAoGCCqGSM49BAMCA0kAMEYCIQDK7lH7afWvwtTqc/4/4Hgwk5maPvIqyqRaQ8+tb958ggIhAJVeNWTe06qpdnlqQbbihOtTcnnwBkJo3G7r/k/zCIAh"}
03-17 15:33:45.604 13159 13215 D MulticastServer: Broadcast block received {"ip":"192.168.1.102","cert":"MIIBHDCBwqADAgECAgYBf5LjjlwwCgYIKoZIzj0EAwIwFTETMBEGA1UEAwwKNEB0ZXN0LmNvbTAeFw0yMjAzMTUxMzIxMDBaFw0yNDAzMTYxMzIxMDBaMBUxEzARBgNVBAMMCjRAdGVzdC5jb20wWTATBgcqhkjOPQIBBggqhkjOPQMBBwNCAASSliUweWkBcg8dWJcPaZ4t+tliwMepoSM+VwpX6w8yGTWjTlICGhj5SdoTv4ekjnO3/l6v7gLDegapmtwYeG/3MAoGCCqGSM49BAMCA0kAMEYCIQDK7lH7afWvwtTqc/4/4Hgwk5maPvIqyqRaQ8+tb958ggIhAJVeNWTe06qpdnlqQbbihOtTcnnwBkJo3G7r/k/zCIAh"}
03-17 15:33:54.970 13159 13215 D MulticastServer: Registration process started with nonce 314789440
03-17 15:33:54.973 13159 13215 D MulticastServer: Received request for ledger with nonce: 314789440.
03-17 15:33:54.983 13159 13215 D RegistrationHandler: 314789440 Received hash from 1@test.com: 3d61948c1740d8808d1ec36879a6e6a2b158874d228b85207eba9d1de35a916c
03-17 15:33:55.005 13159 13215 D MulticastClient: Sent messages: [{"sender":"{\"ip\":\"192.168.1.126\",\"cert\":\"MIIBHDCBwqADAgECAgYBf5LhKoUwCgYIKoZIzj0EAwIwFTETMBEGA1UEAwwKMUB0ZXN0LmNvbTAeFw0yMjAzMTUxMzE4MjRaFw0yNDAzMTYxMzE4MjRaMBUxEzARBgNVBAMMCjFAdGVzdC5jb20wWTATBgcqhkjOPQIBBggqhkjOPQMBBwNCAARygid4IUjQcO5q061zUYi\/H7lvnalm9LjGvCXUiUKNjFkRZCQQHkQr3g5NSREvlv8eDTjoMpzkwAR2X7BGjdlzMAoGCCqGSM49BAMCA0kAMEYCIQCiHMll2QZaqlteytfUXQC9N+f0vW3g05QfhOXX51uZkQIhAOqRAe\/npOy8z8s0m0jcslsGFJ4m0z8mdDgpGZNaRRtS\"}","payload":"3d61948c1740d8808d1ec36879a6e6a2b158874d228b85207eba9d1de35a916c","mt":"LEDGER_HASH","sig":"MEUCIEyddk\/pnHavgfURbvi8incRa1eS+cYnLT5ay0HS0V3TAiEAnnLhm4C6tthoP6NN+pq65OIW\/tqDZNOtFC4b+5RM0gU=","nonce":314789440,"seq":0,"tot":0}]
03-17 15:33:55.639 13159 13252 D RegistrationHandler: Has received 1 of 3 fragments from 4@test.com
03-17 15:33:55.648 13159 13252 D RegistrationHandler: Has received 2 of 3 from 4@test.com
03-17 15:33:55.953 13159 13252 D RegistrationHandler: Has received 3 of 3 from 4@test.com
03-17 15:33:55.968 13159 13252 D RegistrationHandler: Received full ledger from 4@test.com with nonce 314789440
03-17 15:33:55.968 13159 13252 D RegistrationHandler: FULL_LEDGER 314789440
03-17 15:34:04.977 13159 13254 D RegistrationHandler: ACCEPTED_LEDGER 314789440 3
03-17 15:34:04.979 13159 13254 D RegistrationHandler: 314789440 The accepted ledger contains: [1@test.com, 4@test.com, 5@test.com]
03-17 15:34:04.979 13159 13254 D MulticastServer: Registration process finished: 314789440
03-17 15:34:05.326 13159 13215 D MulticastServer: Broadcast block received {"ip":"192.168.1.150","cert":"MIIBGjCBwqADAgECAgYBf5LodqIwCgYIKoZIzj0EAwIwFTETMBEGA1UEAwwKNkB0ZXN0LmNvbTAeFw0yMjAzMTUxMzI2MjJaFw0yNDAzMTYxMzI2MjJaMBUxEzARBgNVBAMMCjZAdGVzdC5jb20wWTATBgcqhkjOPQIBBggqhkjOPQMBBwNCAARqJJy4N2hgpUaU+/pNPqTyqeLxd2bLD5idvvjxcZkR/FU1EnFaMuGevM+E2XKdeDvcPwZaMeY7BoVek0A5J4ptMAoGCCqGSM49BAMCA0cAMEQCIC911LrmrV6wiZsXHz7RPSc6/GC0XfjHHoimPU7mZSxOAiBPewX5RpN4CLq47U/AkxoxbBKiRfraRL4ACOYPjDKD7A=="}
03-17 15:34:05.934 13159 13215 D MulticastServer: Broadcast block received {"ip":"192.168.1.150","cert":"MIIBGjCBwqADAgECAgYBf5LodqIwCgYIKoZIzj0EAwIwFTETMBEGA1UEAwwKNkB0ZXN0LmNvbTAeFw0yMjAzMTUxMzI2MjJaFw0yNDAzMTYxMzI2MjJaMBUxEzARBgNVBAMMCjZAdGVzdC5jb20wWTATBgcqhkjOPQIBBggqhkjOPQMBBwNCAARqJJy4N2hgpUaU+/pNPqTyqeLxd2bLD5idvvjxcZkR/FU1EnFaMuGevM+E2XKdeDvcPwZaMeY7BoVek0A5J4ptMAoGCCqGSM49BAMCA0cAMEQCIC911LrmrV6wiZsXHz7RPSc6/GC0XfjHHoimPU7mZSxOAiBPewX5RpN4CLq47U/AkxoxbBKiRfraRL4ACOYPjDKD7A=="}
03-17 15:34:15.144 13159 13215 D MulticastServer: Registration process started with nonce 769339764
03-17 15:34:15.147 13159 13215 D MulticastServer: Received request for ledger with nonce: 769339764.
03-17 15:34:15.156 13159 13215 D RegistrationHandler: 769339764 Received hash from 1@test.com: 6d8d07807216bbdc7bb98965843ab58cabc87e3c05d9ea7402f5bdc57aea2d8b
03-17 15:34:15.166 13159 13215 D MulticastClient: Sent messages: [{"sender":"{\"ip\":\"192.168.1.126\",\"cert\":\"MIIBHDCBwqADAgECAgYBf5LhKoUwCgYIKoZIzj0EAwIwFTETMBEGA1UEAwwKMUB0ZXN0LmNvbTAeFw0yMjAzMTUxMzE4MjRaFw0yNDAzMTYxMzE4MjRaMBUxEzARBgNVBAMMCjFAdGVzdC5jb20wWTATBgcqhkjOPQIBBggqhkjOPQMBBwNCAARygid4IUjQcO5q061zUYi\/H7lvnalm9LjGvCXUiUKNjFkRZCQQHkQr3g5NSREvlv8eDTjoMpzkwAR2X7BGjdlzMAoGCCqGSM49BAMCA0kAMEYCIQCiHMll2QZaqlteytfUXQC9N+f0vW3g05QfhOXX51uZkQIhAOqRAe\/npOy8z8s0m0jcslsGFJ4m0z8mdDgpGZNaRRtS\"}","payload":"6d8d07807216bbdc7bb98965843ab58cabc87e3c05d9ea7402f5bdc57aea2d8b","mt":"LEDGER_HASH","sig":"MEUCIQDsdkw1Q0oSJDYdN7OM6KduOHt9BA+R\/pZLgjpaWGngJgIgBiAJU6lm+XvdHSy6N1l8ijwnd\/Je8r9G\/mN\/Nqqq3YM=","nonce":769339764,"seq":0,"tot":0}]
03-17 15:34:15.256 13159 13252 D RegistrationHandler: Has received 1 of 4 fragments from 6@test.com
03-17 15:34:15.259 13159 13251 D RegistrationHandler: Has received 2 of 4 from 6@test.com
03-17 15:34:15.263 13159 13251 D RegistrationHandler: Has received 3 of 4 from 6@test.com
03-17 15:34:15.266 13159 13216 D RegistrationHandler: Has received 4 of 4 from 6@test.com
03-17 15:34:15.270 13159 13263 D RegistrationHandler: 769339764 Received hash from 4@test.com: 6d8d07807216bbdc7bb98965843ab58cabc87e3c05d9ea7402f5bdc57aea2d8b
03-17 15:34:15.276 13159 13216 D RegistrationHandler: Received full ledger from 6@test.com with nonce 769339764
03-17 15:34:15.276 13159 13216 D RegistrationHandler: FULL_LEDGER 769339764
03-17 15:34:15.299 13159 13216 D RegistrationHandler: Has received 1 of 4 fragments from 5@test.com
03-17 15:34:15.306 13159 13216 D RegistrationHandler: Has received 2 of 4 from 5@test.com
03-17 15:34:15.536 13159 13216 D RegistrationHandler: Has received 2 of 4 from 5@test.com
03-17 15:34:15.541 13159 13251 D RegistrationHandler: Has received 3 of 4 from 5@test.com
03-17 15:34:15.541 13159 13263 D RegistrationHandler: Has received 3 of 4 fragments from 5@test.com
03-17 15:34:15.543 13159 13251 D RegistrationHandler: Has received 4 of 4 from 5@test.com
03-17 15:34:15.555 13159 13251 D RegistrationHandler: Received full ledger from 5@test.com with nonce 769339764
03-17 15:34:15.555 13159 13251 D RegistrationHandler: FULL_LEDGER 769339764
03-17 15:34:15.848 13159 13262 D RegistrationHandler: Has received 4 of 4 from 5@test.com
03-17 15:34:15.862 13159 13262 D RegistrationHandler: Received full ledger from 5@test.com with nonce 769339764
03-17 15:34:15.862 13159 13262 D RegistrationHandler: FULL_LEDGER 769339764
03-17 15:34:16.115 13159 13215 D RegistrationHandler: Has received 4 of 4 fragments from 6@test.com
03-17 15:34:16.141 13159 13215 D RegistrationHandler: Has received 4 of 4 fragments from 5@test.com
03-17 15:34:25.152 13159 13259 D RegistrationHandler: ACCEPTED_LEDGER 769339764 4
03-17 15:34:25.153 13159 13259 D RegistrationHandler: 769339764 The accepted ledger contains: [1@test.com, 4@test.com, 5@test.com, 6@test.com]
03-17 15:34:25.153 13159 13259 D MulticastServer: Registration process finished: 769339764
03-17 15:34:25.186 13159 13262 D MulticastServer: Broadcast block received {"ip":"192.168.1.96","cert":"MIIBGzCBwqADAgECAgYBf5LiwL8wCgYIKoZIzj0EAwIwFTETMBEGA1UEAwwKM0B0ZXN0LmNvbTAeFw0yMjAzMTUxMzIwMDhaFw0yNDAzMTYxMzIwMDhaMBUxEzARBgNVBAMMCjNAdGVzdC5jb20wWTATBgcqhkjOPQIBBggqhkjOPQMBBwNCAASVCbfTenGFrkV9EIzy1bj8oa9Kure0STvEaqW08piH20aw3fmYZgxXkpSqhmqcMv5bQ1Q7k2Owa5TUgUt5pf9QMAoGCCqGSM49BAMCA0gAMEUCICG/Ut+mqCXXju+5r5KDo0B+pu+YksxTTzSLgyUZSTRUAiEAlwZEGNVmCgZ+irOjElk8DvNZcTI0AqLoFjB0QLBClB8="}
03-17 15:34:25.747 13159 13262 D MulticastServer: Broadcast block received {"ip":"192.168.1.96","cert":"MIIBGzCBwqADAgECAgYBf5LiwL8wCgYIKoZIzj0EAwIwFTETMBEGA1UEAwwKM0B0ZXN0LmNvbTAeFw0yMjAzMTUxMzIwMDhaFw0yNDAzMTYxMzIwMDhaMBUxEzARBgNVBAMMCjNAdGVzdC5jb20wWTATBgcqhkjOPQIBBggqhkjOPQMBBwNCAASVCbfTenGFrkV9EIzy1bj8oa9Kure0STvEaqW08piH20aw3fmYZgxXkpSqhmqcMv5bQ1Q7k2Owa5TUgUt5pf9QMAoGCCqGSM49BAMCA0gAMEUCICG/Ut+mqCXXju+5r5KDo0B+pu+YksxTTzSLgyUZSTRUAiEAlwZEGNVmCgZ+irOjElk8DvNZcTI0AqLoFjB0QLBClB8="}
03-17 15:34:26.049 13159 13262 D MulticastServer: Broadcast block received {"ip":"192.168.1.96","cert":"MIIBGzCBwqADAgECAgYBf5LiwL8wCgYIKoZIzj0EAwIwFTETMBEGA1UEAwwKM0B0ZXN0LmNvbTAeFw0yMjAzMTUxMzIwMDhaFw0yNDAzMTYxMzIwMDhaMBUxEzARBgNVBAMMCjNAdGVzdC5jb20wWTATBgcqhkjOPQIBBggqhkjOPQMBBwNCAASVCbfTenGFrkV9EIzy1bj8oa9Kure0STvEaqW08piH20aw3fmYZgxXkpSqhmqcMv5bQ1Q7k2Owa5TUgUt5pf9QMAoGCCqGSM49BAMCA0gAMEUCICG/Ut+mqCXXju+5r5KDo0B+pu+YksxTTzSLgyUZSTRUAiEAlwZEGNVmCgZ+irOjElk8DvNZcTI0AqLoFjB0QLBClB8="}
03-17 15:34:34.750 13159 13262 D MulticastServer: Registration process started with nonce 1641734053
03-17 15:34:34.753 13159 13262 D MulticastServer: Received request for ledger with nonce: 1641734053.
03-17 15:34:34.760 13159 13262 D RegistrationHandler: 1641734053 Received hash from 1@test.com: 93fe4a08b23de93401800aadc9fc72f7c1a98a808dc4be8c7137f7c7f1df8662
03-17 15:34:34.769 13159 13262 D MulticastClient: Sent messages: [{"sender":"{\"ip\":\"192.168.1.126\",\"cert\":\"MIIBHDCBwqADAgECAgYBf5LhKoUwCgYIKoZIzj0EAwIwFTETMBEGA1UEAwwKMUB0ZXN0LmNvbTAeFw0yMjAzMTUxMzE4MjRaFw0yNDAzMTYxMzE4MjRaMBUxEzARBgNVBAMMCjFAdGVzdC5jb20wWTATBgcqhkjOPQIBBggqhkjOPQMBBwNCAARygid4IUjQcO5q061zUYi\/H7lvnalm9LjGvCXUiUKNjFkRZCQQHkQr3g5NSREvlv8eDTjoMpzkwAR2X7BGjdlzMAoGCCqGSM49BAMCA0kAMEYCIQCiHMll2QZaqlteytfUXQC9N+f0vW3g05QfhOXX51uZkQIhAOqRAe\/npOy8z8s0m0jcslsGFJ4m0z8mdDgpGZNaRRtS\"}","payload":"93fe4a08b23de93401800aadc9fc72f7c1a98a808dc4be8c7137f7c7f1df8662","mt":"LEDGER_HASH","sig":"MEUCIQDel\/O5Fc5+WiSjMLvb+4pES5S+fdSqVkWhdFVSTgSi7gIgT4s1lFau4V5mtVgrpAaiS7Aw03DOJNEyarnxg9RcwhA=","nonce":1641734053,"seq":0,"tot":0}]
03-17 15:34:34.889 13159 13251 D RegistrationHandler: 1641734053 Received hash from 4@test.com: 93fe4a08b23de93401800aadc9fc72f7c1a98a808dc4be8c7137f7c7f1df8662
03-17 15:34:34.897 13159 13251 D RegistrationHandler: Has received 1 of 5 fragments from 5@test.com
03-17 15:34:34.903 13159 13251 D RegistrationHandler: Has received 2 of 5 from 5@test.com
03-17 15:34:34.912 13159 13251 D RegistrationHandler: Has received 3 of 5 from 5@test.com
03-17 15:34:34.928 13159 13251 D RegistrationHandler: Has received 4 of 5 from 5@test.com
03-17 15:34:34.930 13159 13251 D RegistrationHandler: Has received 5 of 5 from 5@test.com
03-17 15:34:34.945 13159 13251 D RegistrationHandler: Received full ledger from 5@test.com with nonce 1641734053
03-17 15:34:34.945 13159 13251 D RegistrationHandler: FULL_LEDGER 1641734053
03-17 15:34:35.177 13159 13251 D RegistrationHandler: Has received 1 of 5 fragments from 6@test.com
03-17 15:34:35.182 13159 13251 D RegistrationHandler: Has received 2 of 5 from 6@test.com
03-17 15:34:35.191 13159 13251 D RegistrationHandler: Has received 3 of 5 from 6@test.com
03-17 15:34:35.192 13159 13215 D RegistrationHandler: Has received 4 of 5 from 6@test.com
03-17 15:34:35.217 13159 13216 D RegistrationHandler: Has received 5 of 5 fragments from 5@test.com
03-17 15:34:35.261 13159 13251 D RegistrationHandler: 1641734053 Received hash from 3@test.com: 93fe4a08b23de93401800aadc9fc72f7c1a98a808dc4be8c7137f7c7f1df8662
03-17 15:34:35.480 13159 13251 D RegistrationHandler: Has received 4 of 5 fragments from 6@test.com
03-17 15:34:35.483 13159 13215 D RegistrationHandler: Has received 5 of 5 from 6@test.com
03-17 15:34:35.489 13159 13216 D RegistrationHandler: Has received 5 of 5 from 6@test.com
03-17 15:34:35.491 13159 13263 D RegistrationHandler: Has received 5 of 5 from 6@test.com
03-17 15:34:35.502 13159 13216 D RegistrationHandler: Received full ledger from 6@test.com with nonce 1641734053
03-17 15:34:35.502 13159 13216 D RegistrationHandler: FULL_LEDGER 1641734053
03-17 15:34:35.503 13159 13215 D RegistrationHandler: Received full ledger from 6@test.com with nonce 1641734053
03-17 15:34:35.503 13159 13215 D RegistrationHandler: FULL_LEDGER 1641734053
03-17 15:34:35.508 13159 13263 D RegistrationHandler: Received full ledger from 6@test.com with nonce 1641734053
03-17 15:34:35.509 13159 13263 D RegistrationHandler: FULL_LEDGER 1641734053
03-17 15:34:35.785 13159 13262 D RegistrationHandler: Has received 5 of 5 fragments from 6@test.com
03-17 15:34:35.798 13159 13262 D RegistrationHandler: Received full ledger from 6@test.com with nonce 1641734053
03-17 15:34:35.798 13159 13262 D RegistrationHandler: FULL_LEDGER 1641734053
03-17 15:34:44.759 13159 13264 D RegistrationHandler: ACCEPTED_LEDGER 1641734053 5
03-17 15:34:44.761 13159 13264 D RegistrationHandler: 1641734053 The accepted ledger contains: [1@test.com, 3@test.com, 4@test.com, 5@test.com, 6@test.com]
03-17 15:34:44.761 13159 13264 D MulticastServer: Registration process finished: 1641734053
03-17 15:34:44.788 13159 13262 D MulticastServer: Broadcast block received {"ip":"192.168.1.90","cert":"MIIBGzCBwqADAgECAgYBf5Lh/YgwCgYIKoZIzj0EAwIwFTETMBEGA1UEAwwKMkB0ZXN0LmNvbTAeFw0yMjAzMTUxMzE5MThaFw0yNDAzMTYxMzE5MThaMBUxEzARBgNVBAMMCjJAdGVzdC5jb20wWTATBgcqhkjOPQIBBggqhkjOPQMBBwNCAAS+Y1FtdGs8Ucfiq/zWhVaVn4ZBowDRf+LHkKkDUQijyqT6F1OlcBHKlpSdutzah71G6VCq62b3AWQkp086ORMGMAoGCCqGSM49BAMCA0gAMEUCIHH+qCw7c9P4WGmGxr+Z6u3tdZRz/XeTlZiocA09UDaoAiEA977yY+pelaDu67wtccznceHBT4wGLWjjfzyxyDdr/lY="}
03-17 15:34:44.997 13159 13262 D MulticastServer: Broadcast block received {"ip":"192.168.1.90","cert":"MIIBGzCBwqADAgECAgYBf5Lh/YgwCgYIKoZIzj0EAwIwFTETMBEGA1UEAwwKMkB0ZXN0LmNvbTAeFw0yMjAzMTUxMzE5MThaFw0yNDAzMTYxMzE5MThaMBUxEzARBgNVBAMMCjJAdGVzdC5jb20wWTATBgcqhkjOPQIBBggqhkjOPQMBBwNCAAS+Y1FtdGs8Ucfiq/zWhVaVn4ZBowDRf+LHkKkDUQijyqT6F1OlcBHKlpSdutzah71G6VCq62b3AWQkp086ORMGMAoGCCqGSM49BAMCA0gAMEUCIHH+qCw7c9P4WGmGxr+Z6u3tdZRz/XeTlZiocA09UDaoAiEA977yY+pelaDu67wtccznceHBT4wGLWjjfzyxyDdr/lY="}
03-17 15:34:45.761 13159 13262 D MulticastServer: Broadcast block received {"ip":"192.168.1.90","cert":"MIIBGzCBwqADAgECAgYBf5Lh/YgwCgYIKoZIzj0EAwIwFTETMBEGA1UEAwwKMkB0ZXN0LmNvbTAeFw0yMjAzMTUxMzE5MThaFw0yNDAzMTYxMzE5MThaMBUxEzARBgNVBAMMCjJAdGVzdC5jb20wWTATBgcqhkjOPQIBBggqhkjOPQMBBwNCAAS+Y1FtdGs8Ucfiq/zWhVaVn4ZBowDRf+LHkKkDUQijyqT6F1OlcBHKlpSdutzah71G6VCq62b3AWQkp086ORMGMAoGCCqGSM49BAMCA0gAMEUCIHH+qCw7c9P4WGmGxr+Z6u3tdZRz/XeTlZiocA09UDaoAiEA977yY+pelaDu67wtccznceHBT4wGLWjjfzyxyDdr/lY="}
round 2 of 3
03-17 15:34:57.869 13302 13348 D MulticastServer: MULTICAST_SERVER_LISTENING
03-17 15:34:57.871 13302 13350 D MulticastServer: Registration process started with nonce 152433149
03-17 15:34:57.873 13302 13349 D MulticastClient: REQUEST_LEDGER 152433149
03-17 15:34:57.874 13302 13349 D MulticastClient: Sent messages: [{"sender":"","payload":"","mt":"REQUEST_LEDGER","sig":"","nonce":152433149,"seq":0,"tot":0}]
03-17 15:34:59.874 13302 13352 D RegistrationHandler: I am the first in the network
03-17 15:34:59.875 13302 13352 D RegistrationHandler: 152433149 Registration started
03-17 15:34:59.887 13302 13349 D MulticastClient: Sent messages: [{"sender":"1@test.com","payload":"{\"ip\":\"192.168.1.126\",\"cert\":\"MIIBHDCBwqADAgECAgYBf5LhKoUwCgYIKoZIzj0EAwIwFTETMBEGA1UEAwwKMUB0ZXN0LmNvbTAeFw0yMjAzMTUxMzE4MjRaFw0yNDAzMTYxMzE4MjRaMBUxEzARBgNVBAMMCjFAdGVzdC5jb20wWTATBgcqhkjOPQIBBggqhkjOPQMBBwNCAARygid4IUjQcO5q061zUYi\/H7lvnalm9LjGvCXUiUKNjFkRZCQQHkQr3g5NSREvlv8eDTjoMpzkwAR2X7BGjdlzMAoGCCqGSM49BAMCA0kAMEYCIQCiHMll2QZaqlteytfUXQC9N+f0vW3g05QfhOXX51uZkQIhAOqRAe\/npOy8z8s0m0jcslsGFJ4m0z8mdDgpGZNaRRtS\"}","mt":"BROADCAST_BLOCK","sig":"MEUCIEfnTQiNFdtwnuLfUu0Gy7Rucu\/LqZEtkqPkdb99Z5XuAiEAqN5sdyhdo6NbE0jkqgh8k72Jjio6U3XmDRzD5xGjqdM=","nonce":152433149,"seq":0,"tot":0}]
03-17 15:34:59.888 13302 13352 D MulticastServer: Registration process finished: 152433149
03-17 15:35:08.088 13302 13349 D MulticastServer: Registration process started with nonce 1450833175
03-17 15:35:08.090 13302 13349 D MulticastServer: Received request for ledger with nonce: 1450833175.
03-17 15:35:08.105 13302 13370 D MulticastClient: Sent messages: [{"sender":"{\"ip\":\"192.168.1.126\",\"cert\":\"MIIBHDCBwqADAgECAgYBf5LhKoUwCgYIKoZIzj0EAwIwFTETMBEGA1UEAwwKMUB0ZXN0LmNvbTAeFw0yMjAzMTUxMzE4MjRaFw0yNDAzMTYxMzE4MjRaMBUxEzARBgNVBAMMCjFAdGVzdC5jb20wWTATBgcqhkjOPQIBBggqhkjOPQMBBwNCAARygid4IUjQcO5q061zUYi\/H7lvnalm9LjGvCXUiUKNjFkRZCQQHkQr3g5NSREvlv8eDTjoMpzkwAR2X7BGjdlzMAoGCCqGSM49BAMCA0kAMEYCIQCiHMll2QZaqlteytfUXQC9N+f0vW3g05QfhOXX51uZkQIhAOqRAe\/npOy8z8s0m0jcslsGFJ4m0z8mdDgpGZNaRRtS\"}","payload":"{\"ip\":\"192.168.1.126\",\"cert\":\"MIIBHDCBwqADAgECAgYBf5LhKoUwCgYIKoZIzj0EAwIwFTETMBEGA1UEAwwKMUB0ZXN0LmNvbTAeFw0yMjAzMTUxMzE4MjRaFw0yNDAzMTYxMzE4MjRaMBUxEzARBgNVBAMMCjFAdGVzdC5jb20wWTATBgcqhkjOPQIBBggqhkjOPQMBBwNCAARygid4IUjQcO5q061zUYi\/H7lvnalm9LjGvCXUiUKNjFkRZCQQHkQr3g5NSREvlv8eDTjoMpzkwAR2X7BGjdlzMAoGCCqGSM49BAMCA0kAMEYCIQCiHMll2QZaqlteytfUXQC9N+f0vW3g05QfhOXX51uZkQIhAOqRAe\/npOy8z8s0m0jcslsGFJ4m0z8mdDgpGZNaRRtS\"}","mt":"FULL_LEDGER","sig":"MEUCIAXzKx4RAxZ20J9j9CU3wIIJdk3W+BcvgsL1ol2fK1JJAiEAjGLmH0ghe9W6xZl6STNjJTPDdiseUMYRjFmg9eR4ha4=","nonce":1450833175,"seq":0,"tot":0}]
03-17 15:35:18.096 13302 13371 D RegistrationHandler: ACCEPTED_LEDGER 1450833175 1
03-17 15:35:18.097 13302 13371 D RegistrationHandler: 1450833175 The accepted ledger contains: [1@test.com]
03-17 15:35:18.097 13302 13371 D MulticastServer: Registration process finished: 1450833175
03-17 15:35:18.747 13302 13356 D MulticastServer: Broadcast block received {"ip":"192.168.1.97","cert":"MIIBHDCBwqADAgECAgYBf5Ll+aQwCgYIKoZIzj0EAwIwFTETMBEGA1UEAwwKNUB0ZXN0LmNvbTAeFw0yMjAzMTUxMzIzMzlaFw0yNDAzMTYxMzIzMzlaMBUxEzARBgNVBAMMCjVAdGVzdC5jb20wWTATBgcqhkjOPQIBBggqhkjOPQMBBwNCAAS9OhThI4D6g/iEXxfGklrIeXd9Z0M+diiJ9ljAgsIg42aeRti+qPdLXU1/D9cRSqQkfwr3bPWV3oF684Iqni4MMAoGCCqGSM49BAMCA0kAMEYCIQDvSgAgKBB22Z/ooyqUg64EcQUigPLpb+EEue5bwGydWgIhAKus7fYnj5hLAUwnPrCw9vZZ/j2+Hst7+b4ASLL75Nl9"}
03-17 15:35:18.986 13302 13356 D MulticastServer: Broadcast block received {"ip":"192.168.1.97","cert":"MIIBHDCBwqADAgECAgYBf5Ll+aQwCgYIKoZIzj0EAwIwFTETMBEGA1UEAwwKNUB0ZXN0LmNvbTAeFw0yMjAzMTUxMzIzMzlaFw0yNDAzMTYxMzIzMzlaMBUxEzARBgNVBAMMCjVAdGVzdC5jb20wWTATBgcqhkjOPQIBBggqhkjOPQMBBwNCAAS9OhThI4D6g/iEXxfGklrIeXd9Z0M+diiJ9ljAgsIg42aeRti+qPdLXU1/D9cRSqQkfwr3bPWV3oF684Iqni4MMAoGCCqGSM49BAMCA0kAMEYCIQDvSgAgKBB22Z/ooyqUg64EcQUigPLpb+EEue5bwGydWgIhAKus7fYnj5hLAUwnPrCw9vZZ/j2+Hst7+b4ASLL75Nl9"}
03-17 15:35:29.283 13302 13356 D MulticastServer: Registration process started with nonce 1346840712
03-17 15:35:29.287 13302 13356 D MulticastServer: Received request for ledger with nonce: 1346840712.
03-17 15:35:29.309 13302 13349 D MulticastClient: Sent messages: [{"sender":"{\"ip\":\"192.168.1.126\",\"cert\":\"MIIBHDCBwqADAgECAgYBf5LhKoUwCgYIKoZIzj0EAwIwFTETMBEGA1UEAwwKMUB0ZXN0LmNvbTAeFw0yMjAzMTUxMzE4MjRaFw0yNDAzMTYxMzE4MjRaMBUxEzARBgNVBAMMCjFAdGVzdC5jb20wWTATBgcqhkjOPQIBBggqhkjOPQMBBwNCAARygid4IUjQcO5q061zUYi\/H7lvnalm9LjGvCXUiUKNjFkRZCQQHkQr3g5NSREvlv8eDTjoMpzkwAR2X7BGjdlzMAoGCCqGSM49BAMCA0kAMEYCIQCiHMll2QZaqlteytfUXQC9N+f0vW3g05QfhOXX51uZkQIhAOqRAe\/npOy8z8s0m0jcslsGFJ4m0z8mdDgpGZNaRRtS\"}","payload":"{\"ip\":\"192.168.1.126\",\"cert\":\"MIIBHDCBwqADAgECAgYBf5LhKoUwCgYIKoZIzj0EAwIwFTETMBEGA1UEAwwKMUB0ZXN0LmNvbTAeFw0yMjAzMTUxMzE4MjRaFw0yNDAzMTYxMzE4MjRaMBUxEzARBgNVBAMMCjFAdGVzdC5jb20wWTATBgcqhkjOPQIBBggqhkjOPQMBBwNCAARygid4IUjQcO5q061zUYi\/H7lvnalm9LjGvCXUiUKNjFkRZCQQHkQr3g5NSREvlv8eDTjoMpzkwAR2X7BGjdlzMAoGCCqGSM49BAMCA0kAMEYCIQCiHMll2QZaqlteytfUXQC9N+f0vW3g05QfhOXX51uZkQIhAOqRAe\/npOy8z8s0m0jcslsGFJ4m0z8mdDgpGZNaRRtS\"}","mt":"FULL_LEDGER","sig":"MEUCIFyUJEZvVQN9LLH3qRcbX5pmhngjzTFCLrK24LnaUrLZAiEA1PrOETqVLI2Oz5Qyb37BM6TNj5ZVtIku\/QFBshS5FQw=","nonce":1346840712,"seq":0,"tot":1}, {"sender":"1@test.com","payload":"{\"ip\":\"192.168.1.97\",\"cert\":\"MIIBHDCBwqADAgECAgYBf5Ll+aQwCgYIKoZIzj0EAwIwFTETMBEGA1UEAwwKNUB0ZXN0LmNvbTAeFw0yMjAzMTUxMzIzMzlaFw0yNDAzMTYxMzIzMzlaMBUxEzARBgNVBAMMCjVAdGVzdC5jb20wWTATBgcqhkjOPQIBBggqhkjOPQMBBwNCAAS9OhThI4D6g\/iEXxfGklrIeXd9Z0M+diiJ9ljAgsIg42aeRti+qPdLXU1\/D9cRSqQkfwr3bPWV3oF684Iqni4MMAoGCCqGSM49BAMCA0kAMEYCIQDvSgAgKBB22Z\/ooyqUg64EcQUigPLpb+EEue5bwGydWgIhAKus7fYnj5hLAUwnPrCw9vZZ\/j2+Hst7+b4ASLL75Nl9\"}","mt":"FULL_LEDGER","sig":"MEUCIHWMhDaEDLzndunL8Kn4RolRLlWO67GPBOTqHm5vRflnAiEA1JD9x2djni375cEirD3uHW1gAO4nsyALssNjcPLjbl0=","nonce":1346840712,"seq":1,"tot":1}]
03-17 15:35:29.331 13302 13379 D RegistrationHandler: Has received 1 of 2 fragments from 5@test.com
03-17 15:35:29.339 13302 13379 D RegistrationHandler: Has received 2 of 2 from 5@test.com
03-17 15:35:29.351 13302 13379 D RegistrationHandler: Received full ledger from 5@test.com with nonce 1346840712
03-17 15:35:29.351 13302 13379 D RegistrationHandler: FULL_LEDGER 1346840712
03-17 15:35:29.951 13302 13367 D RegistrationHandler: Has received 2 of 2 fragments from 5@test.com
03-17 15:35:30.263 13302 13349 D RegistrationHandler: Has received 2 of 2 fragments from 5@test.com
03-17 15:35:30.264 13302 13370 D RegistrationHandler: Has received 2 of 2 from 5@test.com
03-17 15:35:30.279 13302 13370 D RegistrationHandler: Received full ledger from 5@test.com with nonce 1346840712
03-17 15:35:30.279 13302 13370 D RegistrationHandler: FULL_LEDGER 1346840712
03-17 15:35:39.292 13302 13376 D RegistrationHandler: ACCEPTED_LEDGER 1346840712 2
03-17 15:35:39.293 13302 13376 D RegistrationHandler: 1346840712 The accepted ledger contains: [1@test.com, 5@test.com]
03-17 15:35:39.293 13302 13376 D MulticastServer: Registration process finished: 1346840712
03-17 15:35:39.632 13302 13370 D MulticastServer: Broadcast block received {"ip":"192.168.1.102","cert":"MIIBHDCBwqADAgECAgYBf5LjjlwwCgYIKoZIzj0EAwIwFTETMBEGA1UEAwwKNEB0ZXN0LmNvbTAeFw0yMjAzMTUxMzIxMDBaFw0yNDAzMTYxMzIxMDBaMBUxEzARBgNVBAMMCjRAdGVzdC5jb20wWTATBgcqhkjOPQIBBggqhkjOPQMBBwNCAASSliUweWkBcg8dWJcPaZ4t+tliwMepoSM+VwpX6w8yGTWjTlICGhj5SdoTv4ekjnO3/l6v7gLDegapmtwYeG/3MAoGCCqGSM49BAMCA0kAMEYCIQDK7lH7afWvwtTqc/4/4Hgwk5maPvIqyqRaQ8+tb958ggIhAJVeNWTe06qpdnlqQbbihOtTcnnwBkJo3G7r/k/zCIAh"}
03-17 15:35:39.878 13302 13370 D MulticastServer: Broadcast block received {"ip":"192.168.1.102","cert":"MIIBHDCBwqADAgECAgYBf5LjjlwwCgYIKoZIzj0EAwIwFTETMBEGA1UEAwwKNEB0ZXN0LmNvbTAeFw0yMjAzMTUxMzIxMDBaFw0yNDAzMTYxMzIxMDBaMBUxEzARBgNVBAMMCjRAdGVzdC5jb20wWTATBgcqhkjOPQIBBggqhkjOPQMBBwNCAASSliUweWkBcg8dWJcPaZ4t+tliwMepoSM+VwpX6w8yGTWjTlICGhj5SdoTv4ekjnO3/l6v7gLDegapmtwYeG/3MAoGCCqGSM49BAMCA0kAMEYCIQDK7lH7afWvwtTqc/4/4Hgwk5maPvIqyqRaQ8+tb958ggIhAJVeNWTe06qpdnlqQbbihOtTcnnwBkJo3G7r/k/zCIAh"}
03-17 15:35:40.189 13302 13370 D MulticastServer: Broadcast block received {"ip":"192.168.1.102","cert":"MIIBHDCBwqADAgECAgYBf5LjjlwwCgYIKoZIzj0EAwIwFTETMBEGA1UEAwwKNEB0ZXN0LmNvbTAeFw0yMjAzMTUxMzIxMDBaFw0yNDAzMTYxMzIxMDBaMBUxEzARBgNVBAMMCjRAdGVzdC5jb20wWTATBgcqhkjOPQIBBggqhkjOPQMBBwNCAASSliUweWkBcg8dWJcPaZ4t+tliwMepoSM+VwpX6w8yGTWjTlICGhj5SdoTv4ekjnO3/l6v7gLDegapmtwYeG/3MAoGCCqGSM49BAMCA0kAMEYCIQDK7lH7afWvwtTqc/4/4Hgwk5maPvIqyqRaQ8+tb958ggIhAJVeNWTe06qpdnlqQbbihOtTcnnwBkJo3G7r/k/zCIAh"}
03-17 15:35:49.560 13302 13370 D MulticastServer: Registration process started with nonce 1485572849
03-17 15:35:49.562 13302 13370 D MulticastServer: Received request for ledger with nonce: 1485572849.
03-17 15:35:49.575 13302 13370 D RegistrationHandler: 1485572849 Received hash from 1@test.com: 3d61948c1740d8808d1ec36879a6e6a2b158874d228b85207eba9d1de35a916c
03-17 15:35:49.597 13302 13370 D MulticastClient: Sent messages: [{"sender":"{\"ip\":\"192.168.1.126\",\"cert\":\"MIIBHDCBwqADAgECAgYBf5LhKoUwCgYIKoZIzj0EAwIwFTETMBEGA1UEAwwKMUB0ZXN0LmNvbTAeFw0yMjAzMTUxMzE4MjRaFw0yNDAzMTYxMzE4MjRaMBUxEzARBgNVBAMMCjFAdGVzdC5jb20wWTATBgcqhkjOPQIBBggqhkjOPQMBBwNCAARygid4IUjQcO5q061zUYi\/H7lvnalm9LjGvCXUiUKNjFkRZCQQHkQr3g5NSREvlv8eDTjoMpzkwAR2X7BGjdlzMAoGCCqGSM49BAMCA0kAMEYCIQCiHMll2QZaqlteytfUXQC9N+f0vW3g05QfhOXX51uZkQIhAOqRAe\/npOy8z8s0m0jcslsGFJ4m0z8mdDgpGZNaRRtS\"}","payload":"3d61948c1740d8808d1ec36879a6e6a2b158874d228b85207eba9d1de35a916c","mt":"LEDGER_HASH","sig":"MEUCIBea4Yfu048NtOTgvj9xvNfp2KBYGcZyb77F7cAa6HF8AiEA4F0\/XsMpwTlUGORW91NA\/AchfVNuOsRWS79+vUx1BMg=","nonce":1485572849,"seq":0,"tot":0}]
03-17 15:35:49.606 13302 13379 D RegistrationHandler: Has received 1 of 3 fragments from 4@test.com
03-17 15:35:49.612 13302 13379 D RegistrationHandler: Has received 2 of 3 from 4@test.com
03-17 15:35:49.621 13302 13379 D RegistrationHandler: Has received 3 of 3 from 4@test.com
03-17 15:35:49.627 13302 13367 D RegistrationHandler: Has received 1 of 3 fragments from 5@test.com
03-17 15:35:49.635 13302 13379 D RegistrationHandler: Received full ledger from 4@test.com with nonce 1485572849
03-17 15:35:49.635 13302 13379 D RegistrationHandler: FULL_LEDGER 1485572849
03-17 15:35:49.652 13302 13379 D RegistrationHandler: Has received 2 of 3 from 5@test.com
03-17 15:35:49.653 13302 13367 D RegistrationHandler: Has received 3 of 3 from 5@test.com
03-17 15:35:49.666 13302 13367 D RegistrationHandler: Received full ledger from 5@test.com with nonce 1485572849
03-17 15:35:49.666 13302 13367 D RegistrationHandler: FULL_LEDGER 1485572849
03-17 15:35:49.919 13302 13349 D RegistrationHandler: Has received 3 of 3 fragments from 4@test.com
03-17 15:35:49.944 13302 13367 D RegistrationHandler: Has received 3 of 3 from 5@test.com
03-17 15:35:49.946 13302 13349 D RegistrationHandler: Has received 3 of 3 from 5@test.com
03-17 15:35:49.959 13302 13367 D RegistrationHandler: Received full ledger from 5@test.com with nonce 1485572849
03-17 15:35:49.959 13302 13367 D RegistrationHandler: FULL_LEDGER 1485572849
03-17 15:35:49.960 13302 13349 D RegistrationHandler: Received full ledger from 5@test.com with nonce 1485572849
03-17 15:35:49.960 13302 13349 D RegistrationHandler: FULL_LEDGER 1485572849
03-17 15:35:50.226 13302 13367 D RegistrationHandler: Has received 3 of 3 fragments from 4@test.com
03-17 15:35:50.534 13302 13370 D RegistrationHandler: Has received 3 of 3 fragments from 4@test.com
03-17 15:35:59.567 13302 13380 D RegistrationHandler: ACCEPTED_LEDGER 1485572849 3
03-17 15:35:59.569 13302 13380 D RegistrationHandler: 1485572849 The accepted ledger contains: [1@test.com, 4@test.com, 5@test.com]
03-17 15:35:59.569 13302 13380 D MulticastServer: Registration process finished: 1485572849
03-17 15:35:59.603 13302 13349 D MulticastServer: Broadcast block received {"ip":"192.168.1.150","cert":"MIIBGjCBwqADAgECAgYBf5LodqIwCgYIKoZIzj0EAwIwFTETMBEGA1UEAwwKNkB0ZXN0LmNvbTAeFw0yMjAzMTUxMzI2MjJaFw0yNDAzMTYxMzI2MjJaMBUxEzARBgNVBAMMCjZAdGVzdC5jb20wWTATBgcqhkjOPQIBBggqhkjOPQMBBwNCAARqJJy4N2hgpUaU+/pNPqTyqeLxd2bLD5idvvjxcZkR/FU1EnFaMuGevM+E2XKdeDvcPwZaMeY7BoVek0A5J4ptMAoGCCqGSM49BAMCA0cAMEQCIC911LrmrV6wiZsXHz7RPSc6/GC0XfjHHoimPU7mZSxOAiBPewX5RpN4CLq47U/AkxoxbBKiRfraRL4ACOYPjDKD7A=="}
03-17 15:35:59.954 13302 13349 D MulticastServer: Broadcast block received {"ip":"192.168.1.150","cert":"MIIBGjCBwqADAgECAgYBf5LodqIwCgYIKoZIzj0EAwIwFTETMBEGA1UEAwwKNkB0ZXN0LmNvbTAeFw0yMjAzMTUxMzI2MjJaFw0yNDAzMTYxMzI2MjJaMBUxEzARBgNVBAMMCjZAdGVzdC5jb20wWTATBgcqhkjOPQIBBggqhkjOPQMBBwNCAARqJJy4N2hgpUaU+/pNPqTyqeLxd2bLD5idvvjxcZkR/FU1EnFaMuGevM+E2XKdeDvcPwZaMeY7BoVek0A5J4ptMAoGCCqGSM49BAMCA0cAMEQCIC911LrmrV6wiZsXHz7RPSc6/GC0XfjHHoimPU7mZSxOAiBPewX5RpN4CLq47U/AkxoxbBKiRfraRL4ACOYPjDKD7A=="}
03-17 15:36:09.780 13302 13349 D MulticastServer: Registration process started with nonce 1343397166
03-17 15:36:09.785 13302 13349 D MulticastServer: Received request for ledger with nonce: 1343397166.
03-17 15:36:09.811 13302 13349 D RegistrationHandler: 1343397166 Received hash from 1@test.com: 6d8d07807216bbdc7bb98965843ab58cabc87e3c05d9ea7402f5bdc57aea2d8b
03-17 15:36:09.827 13302 13349 D MulticastClient: Sent messages: [{"sender":"{\"ip\":\"192.168.1.126\",\"cert\":\"MIIBHDCBwqADAgECAgYBf5LhKoUwCgYIKoZIzj0EAwIwFTETMBEGA1UEAwwKMUB0ZXN0LmNvbTAeFw0yMjAzMTUxMzE4MjRaFw0yNDAzMTYxMzE4MjRaMBUxEzARBgNVBAMMCjFAdGVzdC5jb20wWTATBgcqhkjOPQIBBggqhkjOPQMBBwNCAARygid4IUjQcO5q061zUYi\/H7lvnalm9LjGvCXUiUKNjFkRZCQQHkQr3g5NSREvlv8eDTjoMpzkwAR2X7BGjdlzMAoGCCqGSM49BAMCA0kAMEYCIQCiHMll2QZaqlteytfUXQC9N+f0vW3g05QfhOXX51uZkQIhAOqRAe\/npOy8z8s0m0jcslsGFJ4m0z8mdDgpGZNaRRtS\"}","payload":"6d8d07807216bbdc7bb98965843ab58cabc87e3c05d9ea7402f5bdc57aea2d8b","mt":"LEDGER_HASH","sig":"MEYCIQCiON1nYM8vHnOtaAZqMkZ2ZHcfPLbwGNd+QuiwWtvKwwIhAOpLTzf3juPTdA1j6rYVypuW7a\/K93Hbp7VmU7KBFS4e","nonce":1343397166,"seq":0,"tot":0}]
03-17 15:36:09.887 13302 13370 D RegistrationHandler: Has received 1 of 4 fragments from 6@test.com
03-17 15:36:09.890 13302 13379 D RegistrationHandler: Has received 2 of 4 from 6@test.com
03-17 15:36:09.896 13302 13379 D RegistrationHandler: Has received 3 of 4 from 6@test.com
03-17 15:36:09.912 13302 13379 D RegistrationHandler: 1343397166 Received hash from 4@test.com: 6d8d07807216bbdc7bb98965843ab58cabc87e3c05d9ea7402f5bdc57aea2d8b
03-17 15:36:09.992 13302 13379 D RegistrationHandler: Has received 1 of 4 fragments from 5@test.com
03-17 15:36:10.004 13302 13379 D RegistrationHandler: Has received 2 of 4 from 5@test.com
03-17 15:36:10.193 13302 13367 D RegistrationHandler: Has received 3 of 4 fragments from 6@test.com
03-17 15:36:10.199 13302 13379 D RegistrationHandler: Has received 3 of 4 from 6@test.com
03-17 15:36:10.204 13302 13379 D RegistrationHandler: Has received 3 of 4 from 6@test.com
03-17 15:36:10.210 13302 13367 D RegistrationHandler: Received full ledger from 6@test.com with nonce 1343397166
03-17 15:36:10.210 13302 13367 D RegistrationHandler: FULL_LEDGER 1343397166
03-17 15:36:10.227 13302 13367 D RegistrationHandler: Has received 2 of 4 fragments from 5@test.com
03-17 15:36:10.233 13302 13367 D RegistrationHandler: Has received 3 of 4 from 5@test.com
03-17 15:36:10.240 13302 13367 D RegistrationHandler: Has received 4 of 4 from 5@test.com
03-17 15:36:10.246 13302 13379 D RegistrationHandler: Has received 4 of 4 from 5@test.com
03-17 15:36:10.253 13302 13367 D RegistrationHandler: Received full ledger from 5@test.com with nonce 1343397166
03-17 15:36:10.253 13302 13367 D RegistrationHandler: FULL_LEDGER 1343397166
03-17 15:36:10.257 13302 13379 D RegistrationHandler: Received full ledger from 5@test.com with nonce 1343397166
03-17 15:36:10.257 13302 13379 D RegistrationHandler: FULL_LEDGER 1343397166
03-17 15:36:10.534 13302 13367 D RegistrationHandler: Has received 4 of 4 fragments from 5@test.com
03-17 15:36:10.549 13302 13367 D RegistrationHandler: Received full ledger from 5@test.com with nonce 1343397166
03-17 15:36:10.549 13302 13367 D RegistrationHandler: FULL_LEDGER 1343397166
03-17 15:36:10.816 13302 13349 D RegistrationHandler: Has received 3 of 4 fragments from 6@test.com
03-17 15:36:10.830 13302 13349 D RegistrationHandler: Received full ledger from 6@test.com with nonce 1343397166
03-17 15:36:10.830 13302 13349 D RegistrationHandler: FULL_LEDGER 1343397166
03-17 15:36:10.837 13302 13349 D RegistrationHandler: Has received 4 of 4 fragments from 5@test.com
03-17 15:36:10.847 13302 13349 D RegistrationHandler: Received full ledger from 5@test.com with nonce 1343397166
03-17 15:36:10.847 13302 13349 D RegistrationHandler: FULL_LEDGER 1343397166
03-17 15:36:19.790 13302 13384 D RegistrationHandler: ACCEPTED_LEDGER 1343397166 4
03-17 15:36:19.791 13302 13384 D RegistrationHandler: 1343397166 The accepted ledger contains: [1@test.com, 4@test.com, 5@test.com, 6@test.com]
03-17 15:36:19.791 13302 13384 D MulticastServer: Registration process finished: 1343397166
03-17 15:36:19.875 13302 13349 D MulticastServer: Broadcast block received {"ip":"192.168.1.96","cert":"MIIBGzCBwqADAgECAgYBf5LiwL8wCgYIKoZIzj0EAwIwFTETMBEGA1UEAwwKM0B0ZXN0LmNvbTAeFw0yMjAzMTUxMzIwMDhaFw0yNDAzMTYxMzIwMDhaMBUxEzARBgNVBAMMCjNAdGVzdC5jb20wWTATBgcqhkjOPQIBBggqhkjOPQMBBwNCAASVCbfTenGFrkV9EIzy1bj8oa9Kure0STvEaqW08piH20aw3fmYZgxXkpSqhmqcMv5bQ1Q7k2Owa5TUgUt5pf9QMAoGCCqGSM49BAMCA0gAMEUCICG/Ut+mqCXXju+5r5KDo0B+pu+YksxTTzSLgyUZSTRUAiEAlwZEGNVmCgZ+irOjElk8DvNZcTI0AqLoFjB0QLBClB8="}
03-17 15:36:20.128 13302 13349 D MulticastServer: Broadcast block received {"ip":"192.168.1.96","cert":"MIIBGzCBwqADAgECAgYBf5LiwL8wCgYIKoZIzj0EAwIwFTETMBEGA1UEAwwKM0B0ZXN0LmNvbTAeFw0yMjAzMTUxMzIwMDhaFw0yNDAzMTYxMzIwMDhaMBUxEzARBgNVBAMMCjNAdGVzdC5jb20wWTATBgcqhkjOPQIBBggqhkjOPQMBBwNCAASVCbfTenGFrkV9EIzy1bj8oa9Kure0STvEaqW08piH20aw3fmYZgxXkpSqhmqcMv5bQ1Q7k2Owa5TUgUt5pf9QMAoGCCqGSM49BAMCA0gAMEUCICG/Ut+mqCXXju+5r5KDo0B+pu+YksxTTzSLgyUZSTRUAiEAlwZEGNVmCgZ+irOjElk8DvNZcTI0AqLoFjB0QLBClB8="}
03-17 15:36:20.732 13302 13349 D MulticastServer: Broadcast block received {"ip":"192.168.1.96","cert":"MIIBGzCBwqADAgECAgYBf5LiwL8wCgYIKoZIzj0EAwIwFTETMBEGA1UEAwwKM0B0ZXN0LmNvbTAeFw0yMjAzMTUxMzIwMDhaFw0yNDAzMTYxMzIwMDhaMBUxEzARBgNVBAMMCjNAdGVzdC5jb20wWTATBgcqhkjOPQIBBggqhkjOPQMBBwNCAASVCbfTenGFrkV9EIzy1bj8oa9Kure0STvEaqW08piH20aw3fmYZgxXkpSqhmqcMv5bQ1Q7k2Owa5TUgUt5pf9QMAoGCCqGSM49BAMCA0gAMEUCICG/Ut+mqCXXju+5r5KDo0B+pu+YksxTTzSLgyUZSTRUAiEAlwZEGNVmCgZ+irOjElk8DvNZcTI0AqLoFjB0QLBClB8="}
03-17 15:36:29.188 13302 13349 D MulticastServer: Registration process started with nonce 477615517
03-17 15:36:29.190 13302 13349 D MulticastServer: Received request for ledger with nonce: 477615517.
03-17 15:36:29.215 13302 13370 D RegistrationHandler: 477615517 Received hash from 1@test.com: 93fe4a08b23de93401800aadc9fc72f7c1a98a808dc4be8c7137f7c7f1df8662
03-17 15:36:29.234 13302 13367 D RegistrationHandler: Has received 1 of 5 fragments from 6@test.com
03-17 15:36:29.234 13302 13370 D MulticastClient: Sent messages: [{"sender":"{\"ip\":\"192.168.1.126\",\"cert\":\"MIIBHDCBwqADAgECAgYBf5LhKoUwCgYIKoZIzj0EAwIwFTETMBEGA1UEAwwKMUB0ZXN0LmNvbTAeFw0yMjAzMTUxMzE4MjRaFw0yNDAzMTYxMzE4MjRaMBUxEzARBgNVBAMMCjFAdGVzdC5jb20wWTATBgcqhkjOPQIBBggqhkjOPQMBBwNCAARygid4IUjQcO5q061zUYi\/H7lvnalm9LjGvCXUiUKNjFkRZCQQHkQr3g5NSREvlv8eDTjoMpzkwAR2X7BGjdlzMAoGCCqGSM49BAMCA0kAMEYCIQCiHMll2QZaqlteytfUXQC9N+f0vW3g05QfhOXX51uZkQIhAOqRAe\/npOy8z8s0m0jcslsGFJ4m0z8mdDgpGZNaRRtS\"}","payload":"93fe4a08b23de93401800aadc9fc72f7c1a98a808dc4be8c7137f7c7f1df8662","mt":"LEDGER_HASH","sig":"MEUCIEWWHTk+oV2i0rLd9XFKJAYzr1IHvGC3ZURTFCK\/TTl\/AiEAgFtksUj5pxji7vIT7p7CC4UUD3bb4wBkRwRQPeYBWi8=","nonce":477615517,"seq":0,"tot":0}]
03-17 15:36:29.249 13302 13349 D RegistrationHandler: Has received 2 of 5 from 6@test.com
03-17 15:36:29.258 13302 13349 D RegistrationHandler: Has received 3 of 5 from 6@test.com
03-17 15:36:29.266 13302 13349 D RegistrationHandler: 477615517 Received hash from 4@test.com: 93fe4a08b23de93401800aadc9fc72f7c1a98a808dc4be8c7137f7c7f1df8662
03-17 15:36:29.276 13302 13349 D RegistrationHandler: Has received 1 of 5 fragments from 5@test.com
03-17 15:36:29.282 13302 13349 D RegistrationHandler: Has received 2 of 5 from 5@test.com
03-17 15:36:29.288 13302 13349 D RegistrationHandler: Has received 3 of 5 from 5@test.com
03-17 15:36:29.293 13302 13349 D RegistrationHandler: Has received 4 of 5 from 5@test.com
03-17 15:36:29.302 13302 13349 D RegistrationHandler: Has received 5 of 5 from 5@test.com
03-17 15:36:29.317 13302 13349 D RegistrationHandler: Received full ledger from 5@test.com with nonce 477615517
03-17 15:36:29.317 13302 13349 D RegistrationHandler: FULL_LEDGER 477615517
03-17 15:36:29.338 13302 13349 D RegistrationHandler: 477615517 Received hash from 3@test.com: 93fe4a08b23de93401800aadc9fc72f7c1a98a808dc4be8c7137f7c7f1df8662
03-17 15:36:29.540 13302 13379 D RegistrationHandler: Has received 3 of 5 fragments from 6@test.com
03-17 15:36:29.551 13302 13379 D RegistrationHandler: Has received 4 of 5 from 6@test.com
03-17 15:36:29.586 13302 13379 D RegistrationHandler: Has received 5 of 5 fragments from 5@test.com
03-17 15:36:29.854 13302 13367 D RegistrationHandler: Has received 4 of 5 fragments from 6@test.com
03-17 15:36:29.858 13302 13367 D RegistrationHandler: Has received 4 of 5 from 6@test.com
03-17 15:36:29.866 13302 13367 D RegistrationHandler: Has received 5 of 5 from 6@test.com
03-17 15:36:29.874 13302 13349 D RegistrationHandler: Has received 5 of 5 from 6@test.com
03-17 15:36:29.880 13302 13367 D RegistrationHandler: Received full ledger from 6@test.com with nonce 477615517
03-17 15:36:29.880 13302 13367 D RegistrationHandler: FULL_LEDGER 477615517
03-17 15:36:29.887 13302 13349 D RegistrationHandler: Received full ledger from 6@test.com with nonce 477615517
03-17 15:36:29.887 13302 13349 D RegistrationHandler: FULL_LEDGER 477615517
03-17 15:36:29.892 13302 13349 D RegistrationHandler: Has received 5 of 5 fragments from 5@test.com
03-17 15:36:30.162 13302 13370 D RegistrationHandler: Has received 5 of 5 fragments from 6@test.com
03-17 15:36:30.196 13302 13370 D RegistrationHandler: Has received 5 of 5 fragments from 5@test.com
03-17 15:36:39.195 13302 13405 D RegistrationHandler: ACCEPTED_LEDGER 477615517 5
03-17 15:36:39.197 13302 13405 D RegistrationHandler: 477615517 The accepted ledger contains: [1@test.com, 3@test.com, 4@test.com, 5@test.com, 6@test.com]
03-17 15:36:39.197 13302 13405 D MulticastServer: Registration process finished: 477615517
03-17 15:36:39.226 13302 13370 D MulticastServer: Broadcast block received {"ip":"192.168.1.90","cert":"MIIBGzCBwqADAgECAgYBf5Lh/YgwCgYIKoZIzj0EAwIwFTETMBEGA1UEAwwKMkB0ZXN0LmNvbTAeFw0yMjAzMTUxMzE5MThaFw0yNDAzMTYxMzE5MThaMBUxEzARBgNVBAMMCjJAdGVzdC5jb20wWTATBgcqhkjOPQIBBggqhkjOPQMBBwNCAAS+Y1FtdGs8Ucfiq/zWhVaVn4ZBowDRf+LHkKkDUQijyqT6F1OlcBHKlpSdutzah71G6VCq62b3AWQkp086ORMGMAoGCCqGSM49BAMCA0gAMEUCIHH+qCw7c9P4WGmGxr+Z6u3tdZRz/XeTlZiocA09UDaoAiEA977yY+pelaDu67wtccznceHBT4wGLWjjfzyxyDdr/lY="}
round 3 of 3
03-17 15:36:52.264 13438 13485 D MulticastServer: MULTICAST_SERVER_LISTENING
03-17 15:36:52.266 13438 13487 D MulticastServer: Registration process started with nonce 1315620710
03-17 15:36:52.268 13438 13486 D MulticastClient: REQUEST_LEDGER 1315620710
03-17 15:36:52.269 13438 13486 D MulticastClient: Sent messages: [{"sender":"","payload":"","mt":"REQUEST_LEDGER","sig":"","nonce":1315620710,"seq":0,"tot":0}]
03-17 15:36:54.270 13438 13489 D RegistrationHandler: I am the first in the network
03-17 15:36:54.270 13438 13489 D RegistrationHandler: 1315620710 Registration started
03-17 15:36:54.285 13438 13510 D MulticastClient: Sent messages: [{"sender":"1@test.com","payload":"{\"ip\":\"192.168.1.126\",\"cert\":\"MIIBHDCBwqADAgECAgYBf5LhKoUwCgYIKoZIzj0EAwIwFTETMBEGA1UEAwwKMUB0ZXN0LmNvbTAeFw0yMjAzMTUxMzE4MjRaFw0yNDAzMTYxMzE4MjRaMBUxEzARBgNVBAMMCjFAdGVzdC5jb20wWTATBgcqhkjOPQIBBggqhkjOPQMBBwNCAARygid4IUjQcO5q061zUYi\/H7lvnalm9LjGvCXUiUKNjFkRZCQQHkQr3g5NSREvlv8eDTjoMpzkwAR2X7BGjdlzMAoGCCqGSM49BAMCA0kAMEYCIQCiHMll2QZaqlteytfUXQC9N+f0vW3g05QfhOXX51uZkQIhAOqRAe\/npOy8z8s0m0jcslsGFJ4m0z8mdDgpGZNaRRtS\"}","mt":"BROADCAST_BLOCK","sig":"MEQCIDLsgPQWzotfHEF71Gkg71HDoE6ZI67jOYa6EyXkY48IAiAUlxP75RXsOcysglf5Tb+NvIJAExa8zWEaFHLS91licA==","nonce":1315620710,"seq":0,"tot":0}]
03-17 15:36:54.286 13438 13489 D MulticastServer: Registration process finished: 1315620710
03-17 15:37:02.568 13438 13510 D MulticastServer: Registration process started with nonce 1530647340
03-17 15:37:02.571 13438 13510 D MulticastServer: Received request for ledger with nonce: 1530647340.
03-17 15:37:02.583 13438 13492 D MulticastClient: Sent messages: [{"sender":"{\"ip\":\"192.168.1.126\",\"cert\":\"MIIBHDCBwqADAgECAgYBf5LhKoUwCgYIKoZIzj0EAwIwFTETMBEGA1UEAwwKMUB0ZXN0LmNvbTAeFw0yMjAzMTUxMzE4MjRaFw0yNDAzMTYxMzE4MjRaMBUxEzARBgNVBAMMCjFAdGVzdC5jb20wWTATBgcqhkjOPQIBBggqhkjOPQMBBwNCAARygid4IUjQcO5q061zUYi\/H7lvnalm9LjGvCXUiUKNjFkRZCQQHkQr3g5NSREvlv8eDTjoMpzkwAR2X7BGjdlzMAoGCCqGSM49BAMCA0kAMEYCIQCiHMll2QZaqlteytfUXQC9N+f0vW3g05QfhOXX51uZkQIhAOqRAe\/npOy8z8s0m0jcslsGFJ4m0z8mdDgpGZNaRRtS\"}","payload":"{\"ip\":\"192.168.1.126\",\"cert\":\"MIIBHDCBwqADAgECAgYBf5LhKoUwCgYIKoZIzj0EAwIwFTETMBEGA1UEAwwKMUB0ZXN0LmNvbTAeFw0yMjAzMTUxMzE4MjRaFw0yNDAzMTYxMzE4MjRaMBUxEzARBgNVBAMMCjFAdGVzdC5jb20wWTATBgcqhkjOPQIBBggqhkjOPQMBBwNCAARygid4IUjQcO5q061zUYi\/H7lvnalm9LjGvCXUiUKNjFkRZCQQHkQr3g5NSREvlv8eDTjoMpzkwAR2X7BGjdlzMAoGCCqGSM49BAMCA0kAMEYCIQCiHMll2QZaqlteytfUXQC9N+f0vW3g05QfhOXX51uZkQIhAOqRAe\/npOy8z8s0m0jcslsGFJ4m0z8mdDgpGZNaRRtS\"}","mt":"FULL_LEDGER","sig":"MEQCIGOsOJD3QWVrW8WTgQ67aIqRCE9wLIIhMt2O8qoQnbq8AiB+CHEn0syh9PSkXQe6EuGvXFhDsU7OpwNlPgMoNh3A4g==","nonce":1530647340,"seq":0,"tot":0}]
03-17 15:37:12.574 13438 13519 D RegistrationHandler: ACCEPTED_LEDGER 1530647340 1
03-17 15:37:12.575 13438 13519 D RegistrationHandler: 1530647340 The accepted ledger contains: [1@test.com]
03-17 15:37:12.575 13438 13519 D MulticastServer: Registration process finished: 1530647340
03-17 15:37:12.615 13438 13486 D MulticastServer: Broadcast block received {"ip":"192.168.1.97","cert":"MIIBHDCBwqADAgECAgYBf5Ll+aQwCgYIKoZIzj0EAwIwFTETMBEGA1UEAwwKNUB0ZXN0LmNvbTAeFw0yMjAzMTUxMzIzMzlaFw0yNDAzMTYxMzIzMzlaMBUxEzARBgNVBAMMCjVAdGVzdC5jb20wWTATBgcqhkjOPQIBBggqhkjOPQMBBwNCAAS9OhThI4D6g/iEXxfGklrIeXd9Z0M+diiJ9ljAgsIg42aeRti+qPdLXU1/D9cRSqQkfwr3bPWV3oF684Iqni4MMAoGCCqGSM49BAMCA0kAMEYCIQDvSgAgKBB22Z/ooyqUg64EcQUigPLpb+EEue5bwGydWgIhAKus7fYnj5hLAUwnPrCw9vZZ/j2+Hst7+b4ASLL75Nl9"}
03-17 15:37:13.071 13438 13486 D MulticastServer: Broadcast block received {"ip":"192.168.1.97","cert":"MIIBHDCBwqADAgECAgYBf5Ll+aQwCgYIKoZIzj0EAwIwFTETMBEGA1UEAwwKNUB0ZXN0LmNvbTAeFw0yMjAzMTUxMzIzMzlaFw0yNDAzMTYxMzIzMzlaMBUxEzARBgNVBAMMCjVAdGVzdC5jb20wWTATBgcqhkjOPQIBBggqhkjOPQMBBwNCAAS9OhThI4D6g/iEXxfGklrIeXd9Z0M+diiJ9ljAgsIg42aeRti+qPdLXU1/D9cRSqQkfwr3bPWV3oF684Iqni4MMAoGCCqGSM49BAMCA0kAMEYCIQDvSgAgKBB22Z/ooyqUg64EcQUigPLpb+EEue5bwGydWgIhAKus7fYnj5hLAUwnPrCw9vZZ/j2+Hst7+b4ASLL75Nl9"}
03-17 15:37:23.758 13438 13486 D MulticastServer: Registration process started with nonce 1295830841
03-17 15:37:23.763 13438 13486 D MulticastServer: Received request for ledger with nonce: 1295830841.
