03-17 15:38:21.944  1952  2657 D MulticastClient: Sent messages: [{"sender":"{\"ip\":\"192.168.1.102\",\"cert\":\"MIIBHDCBwqADAgECAgYBf5LjjlwwCgYIKoZIzj0EAwIwFTETMBEGA1UEAwwKNEB0ZXN0LmNvbTAeFw0yMjAzMTUxMzIxMDBaFw0yNDAzMTYxMzIxMDBaMBUxEzARBgNVBAMMCjRAdGVzdC5jb20wWTATBgcqhkjOPQIBBggqhkjOPQMBBwNCAASSliUweWkBcg8dWJcPaZ4t+tliwMepoSM+VwpX6w8yGTWjTlICGhj5SdoTv4ekjnO3\/l6v7gLDegapmtwYeG\/3MAoGCCqGSM49BAMCA0kAMEYCIQDK7lH7afWvwtTqc\/4\/4Hgwk5maPvIqyqRaQ8+tb958ggIhAJVeNWTe06qpdnlqQbbihOtTcnnwBkJo3G7r\/k\/zCIAh\"}","payload":"93fe4a08b23de93401800aadc9fc72f7c1a98a808dc4be8c7137f7c7f1df8662","mt":"LEDGER_HASH","sig":"MEYCIQCfbOuQb0z51WY75T\/\/Vjpgy26\/lTu8z94YaBXcUPdiewIhAPP9csHU40bpeVh8A3wrxGo5b5Ltn6yvpwjH9275mf4y","nonce":1118027487,"seq":0,"tot":0}]
03-17 15:38:21.991  1952  2669 D RegistrationHandler: Has received 1 of 5 fragments from 6@test.com
03-17 15:38:22.069  1952  2669 D RegistrationHandler: Has received 1 of 5 fragments from 5@test.com
03-17 15:38:22.084  1952  2669 D RegistrationHandler: Has received 2 of 5 from 5@test.com
03-17 15:38:22.120  1952  2669 D RegistrationHandler: Has received 3 of 5 from 5@test.com
03-17 15:38:22.135  1952  2669 D RegistrationHandler: 1118027487 Received hash from 1@test.com: 93fe4a08b23de93401800aadc9fc72f7c1a98a808dc4be8c7137f7c7f1df8662
03-17 15:38:22.304  1952  2669 D RegistrationHandler: Has received 1 of 5 fragments from 6@test.com
03-17 15:38:22.316  1952  2648 D RegistrationHandler: Has received 2 of 5 from 6@test.com
03-17 15:38:22.320  1952  2669 D RegistrationHandler: Has received 3 of 5 from 6@test.com
03-17 15:38:22.324  1952  2648 D RegistrationHandler: Has received 4 of 5 from 6@test.com
03-17 15:38:22.335  1952  2648 D RegistrationHandler: Has received 3 of 5 fragments from 5@test.com
03-17 15:38:22.338  1952  2669 D RegistrationHandler: Has received 4 of 5 from 5@test.com
03-17 15:38:22.343  1952  2669 D RegistrationHandler: Has received 5 of 5 from 5@test.com
03-17 15:38:22.350  1952  2648 D RegistrationHandler: Has received 5 of 5 from 5@test.com
03-17 15:38:22.358  1952  2669 D RegistrationHandler: Received full ledger from 5@test.com with nonce 1118027487
03-17 15:38:22.358  1952  2669 D RegistrationHandler: FULL_LEDGER 1118027487
03-17 15:38:22.361  1952  2648 D RegistrationHandler: Received full ledger from 5@test.com with nonce 1118027487
03-17 15:38:22.362  1952  2648 D RegistrationHandler: FULL_LEDGER 1118027487
03-17 15:38:22.395  1952  2670 D RegistrationHandler: 1118027487 Received hash from 3@test.com: 93fe4a08b23de93401800aadc9fc72f7c1a98a808dc4be8c7137f7c7f1df8662
03-17 15:38:22.615  1952  2670 D RegistrationHandler: Has received 5 of 5 from 6@test.com
03-17 15:38:22.628  1952  2648 D RegistrationHandler: Has received 5 of 5 from 6@test.com
03-17 15:38:22.629  1952  2671 D RegistrationHandler: Has received 5 of 5 from 6@test.com
03-17 15:38:22.636  1952  2669 D RegistrationHandler: Has received 5 of 5 from 6@test.com
03-17 15:38:22.638  1952  2670 D RegistrationHandler: Received full ledger from 6@test.com with nonce 1118027487
03-17 15:38:22.638  1952  2670 D RegistrationHandler: FULL_LEDGER 1118027487
03-17 15:38:22.646  1952  2671 D RegistrationHandler: Received full ledger from 6@test.com with nonce 1118027487
03-17 15:38:22.646  1952  2671 D RegistrationHandler: FULL_LEDGER 1118027487
03-17 15:38:22.648  1952  2648 D RegistrationHandler: Received full ledger from 6@test.com with nonce 1118027487
03-17 15:38:22.648  1952  2648 D RegistrationHandler: FULL_LEDGER 1118027487
03-17 15:38:22.651  1952  2715 D RegistrationHandler: Has received 5 of 5 fragments from 5@test.com
03-17 15:38:22.656  1952  2669 D RegistrationHandler: Received full ledger from 6@test.com with nonce 1118027487
03-17 15:38:22.656  1952  2669 D RegistrationHandler: FULL_LEDGER 1118027487
03-17 15:38:22.660  1952  2715 D RegistrationHandler: Received full ledger from 5@test.com with nonce 1118027487
03-17 15:38:22.660  1952  2715 D RegistrationHandler: FULL_LEDGER 1118027487
03-17 15:38:22.920  1952  2657 D RegistrationHandler: Has received 5 of 5 fragments from 6@test.com
03-17 15:38:22.959  1952  2657 D RegistrationHandler: Has received 5 of 5 fragments from 5@test.com
03-17 15:38:22.991  1952  2657 D RegistrationHandler: Received full ledger from 5@test.com with nonce 1118027487
03-17 15:38:22.991  1952  2657 D RegistrationHandler: FULL_LEDGER 1118027487
03-17 15:38:31.894  1952  2705 D RegistrationHandler: ACCEPTED_LEDGER 1118027487 5
03-17 15:38:31.904  1952  2705 D RegistrationHandler: 1118027487 The accepted ledger contains: [1@test.com, 3@test.com, 4@test.com, 5@test.com, 6@test.com]
03-17 15:38:31.904  1952  2705 D MulticastServer: Registration process finished: 1118027487
03-17 15:38:31.926  1952  2657 D MulticastServer: Broadcast block received {"ip":"192.168.1.90","cert":"MIIBGzCBwqADAgECAgYBf5Lh/YgwCgYIKoZIzj0EAwIwFTETMBEGA1UEAwwKMkB0ZXN0LmNvbTAeFw0yMjAzMTUxMzE5MThaFw0yNDAzMTYxMzE5MThaMBUxEzARBgNVBAMMCjJAdGVzdC5jb20wWTATBgcqhkjOPQIBBggqhkjOPQMBBwNCAAS+Y1FtdGs8Ucfiq/zWhVaVn4ZBowDRf+LHkKkDUQijyqT6F1OlcBHKlpSdutzah71G6VCq62b3AWQkp086ORMGMAoGCCqGSM49BAMCA0gAMEUCIHH+qCw7c9P4WGmGxr+Z6u3tdZRz/XeTlZiocA09UDaoAiEA977yY+pelaDu67wtccznceHBT4wGLWjjfzyxyDdr/lY="}
03-17 15:38:32.329  1952  2657 D MulticastServer: Broadcast block received {"ip":"192.168.1.90","cert":"MIIBGzCBwqADAgECAgYBf5Lh/YgwCgYIKoZIzj0EAwIwFTETMBEGA1UEAwwKMkB0ZXN0LmNvbTAeFw0yMjAzMTUxMzE5MThaFw0yNDAzMTYxMzE5MThaMBUxEzARBgNVBAMMCjJAdGVzdC5jb20wWTATBgcqhkjOPQIBBggqhkjOPQMBBwNCAAS+Y1FtdGs8Ucfiq/zWhVaVn4ZBowDRf+LHkKkDUQijyqT6F1OlcBHKlpSdutzah71G6VCq62b3AWQkp086ORMGMAoGCCqGSM49BAMCA0gAMEUCIHH+qCw7c9P4WGmGxr+Z6u3tdZRz/XeTlZiocA09UDaoAiEA977yY+pelaDu67wtccznceHBT4wGLWjjfzyxyDdr/lY="}
03-17 15:38:32.534  1952  2657 D MulticastServer: Broadcast block received {"ip":"192.168.1.90","cert":"MIIBGzCBwqADAgECAgYBf5Lh/YgwCgYIKoZIzj0EAwIwFTETMBEGA1UEAwwKMkB0ZXN0LmNvbTAeFw0yMjAzMTUxMzE5MThaFw0yNDAzMTYxMzE5MThaMBUxEzARBgNVBAMMCjJAdGVzdC5jb20wWTATBgcqhkjOPQIBBggqhkjOPQMBBwNCAAS+Y1FtdGs8Ucfiq/zWhVaVn4ZBowDRf+LHkKkDUQijyqT6F1OlcBHKlpSdutzah71G6VCq62b3AWQkp086ORMGMAoGCCqGSM49BAMCA0gAMEUCIHH+qCw7c9P4WGmGxr+Z6u3tdZRz/XeTlZiocA09UDaoAiEA977yY+pelaDu67wtccznceHBT4wGLWjjfzyxyDdr/lY="}
03-17 15:38:32.842  1952  2657 D MulticastServer: Broadcast block received {"ip":"192.168.1.90","cert":"MIIBGzCBwqADAgECAgYBf5Lh/YgwCgYIKoZIzj0EAwIwFTETMBEGA1UEAwwKMkB0ZXN0LmNvbTAeFw0yMjAzMTUxMzE5MThaFw0yNDAzMTYxMzE5MThaMBUxEzARBgNVBAMMCjJAdGVzdC5jb20wWTATBgcqhkjOPQIBBggqhkjOPQMBBwNCAAS+Y1FtdGs8Ucfiq/zWhVaVn4ZBowDRf+LHkKkDUQijyqT6F1OlcBHKlpSdutzah71G6VCq62b3AWQkp086ORMGMAoGCCqGSM49BAMCA0gAMEUCIHH+qCw7c9P4WGmGxr+Z6u3tdZRz/XeTlZiocA09UDaoAiEA977yY+pelaDu67wtccznceHBT4wGLWjjfzyxyDdr/lY="}
