03-28 13:03:00.352 28814 29031 D RegistrationHandler: Has received 4 of 4 fragments from 6@test.com
03-28 13:03:00.360 28814 29031 D RegistrationHandler: Has received 4 of 4 from 6@test.com
03-28 13:03:00.372 28814 29031 D RegistrationHandler: Received full ledger from 6@test.com with nonce 324124016
03-28 13:03:00.372 28814 29031 D RegistrationHandler: FULL_LEDGER 324124016
03-28 13:03:00.398 28814 29028 D RegistrationHandler: Has received 4 of 4 fragments from 4@test.com
03-28 13:03:00.661 28814 29028 D RegistrationHandler: Has received 4 of 4 fragments from 6@test.com
03-28 13:03:00.692 28814 29028 D RegistrationHandler: Has received 4 of 4 fragments from 4@test.com
03-28 13:03:00.990 28814 29019 D RegistrationHandler: Has received 4 of 4 fragments from 4@test.com
03-28 13:03:09.967 28814 29045 D RegistrationHandler: ACCEPTED_LEDGER 324124016 4
03-28 13:03:09.975 28814 29045 D RegistrationHandler: 324124016 The accepted ledger contains: [1@test.com, 3@test.com, 4@test.com, 6@test.com]
03-28 13:03:09.975 28814 29045 D MulticastServer: Registration process finished: 324124016
03-28 13:03:09.988 28814 29028 D MulticastServer: Broadcast block received {"ip":"192.168.1.90","cert":"MIIBGzCBwqADAgECAgYBf5Lh/YgwCgYIKoZIzj0EAwIwFTETMBEGA1UEAwwKMkB0ZXN0LmNvbTAeFw0yMjAzMTUxMzE5MThaFw0yNDAzMTYxMzE5MThaMBUxEzARBgNVBAMMCjJAdGVzdC5jb20wWTATBgcqhkjOPQIBBggqhkjOPQMBBwNCAAS+Y1FtdGs8Ucfiq/zWhVaVn4ZBowDRf+LHkKkDUQijyqT6F1OlcBHKlpSdutzah71G6VCq62b3AWQkp086ORMGMAoGCCqGSM49BAMCA0gAMEUCIHH+qCw7c9P4WGmGxr+Z6u3tdZRz/XeTlZiocA09UDaoAiEA977yY+pelaDu67wtccznceHBT4wGLWjjfzyxyDdr/lY="}
03-28 13:03:10.260 28814 29028 D MulticastServer: Broadcast block received {"ip":"192.168.1.90","cert":"MIIBGzCBwqADAgECAgYBf5Lh/YgwCgYIKoZIzj0EAwIwFTETMBEGA1UEAwwKMkB0ZXN0LmNvbTAeFw0yMjAzMTUxMzE5MThaFw0yNDAzMTYxMzE5MThaMBUxEzARBgNVBAMMCjJAdGVzdC5jb20wWTATBgcqhkjOPQIBBggqhkjOPQMBBwNCAAS+Y1FtdGs8Ucfiq/zWhVaVn4ZBowDRf+LHkKkDUQijyqT6F1OlcBHKlpSdutzah71G6VCq62b3AWQkp086ORMGMAoGCCqGSM49BAMCA0gAMEUCIHH+qCw7c9P4WGmGxr+Z6u3tdZRz/XeTlZiocA09UDaoAiEA977yY+pelaDu67wtccznceHBT4wGLWjjfzyxyDdr/lY="}
03-28 13:03:20.121 28814 29028 D MulticastServer: Registration process started with nonce 1844026865
03-28 13:03:20.126 28814 29028 D MulticastServer: Received request for ledger with nonce: 1844026865.
03-28 13:03:20.152 28814 29048 D RegistrationHandler: 1844026865 Received hash from 3@test.com: bc6ad23e3b75c35100b24c83d3021cb38f956996410119dc9922678e25e2fa5a
03-28 13:03:20.189 28814 29048 D MulticastClient: Sent messages: [{"sender":"{\"ip\":\"192.168.1.96\",\"cert\":\"MIIBGzCBwqADAgECAgYBf8\/LxZ4wCgYIKoZIzj0EAwIwFTETMBEGA1UEAwwKM0B0ZXN0LmNvbTAeFw0yMjAzMjcwOTExNTJaFw0yNDAzMjgxMDExNTJaMBUxEzARBgNVBAMMCjNAdGVzdC5jb20wWTATBgcqhkjOPQIBBggqhkjOPQMBBwNCAASU8klxBOreX5W38jpITscN1GZVSJ6ZqHNwmXx4hqGZbbqIdqck8958ao+KXRqyWGgSoeVuKiV3eUMXUa1mSB\/\/MAoGCCqGSM49BAMCA0gAMEUCICgiCb1q9NbSw0eIn\/\/33a9zqgsQUqLLyL2uebDgtmEDAiEAnvvjRAZErEMbuvKsGWN46Nc1bK9cVRIvwO0+Xp03N6A=\"}","payload":"bc6ad23e3b75c35100b24c83d3021cb38f956996410119dc9922678e25e2fa5a","mt":"LEDGER_HASH","sig":"MEQCIBm90Bbbkz06aXf7yCJOR2r+lUoqfKUCqpOtu7rzkuB9AiBlbTKpIRCTrlLob+U8oJBddVHQbK\/gCdZxhB6Q6UJ4fw==","nonce":1844026865,"seq":0,"tot":0}]
03-28 13:03:20.230 28814 29028 D RegistrationHandler: 1844026865 Received hash from 1@test.com: b11626c0c0a88185f91f60672285a57b8268073cbbbe90d263affedee4ff522d
03-28 13:03:20.239 28814 29028 D RegistrationHandler: Has received 1 of 5 fragments from 6@test.com
03-28 13:03:20.264 28814 29028 D RegistrationHandler: Has received 2 of 5 from 6@test.com
03-28 13:03:20.269 28814 29030 D RegistrationHandler: Has received 3 of 5 from 6@test.com
03-28 13:03:20.274 28814 29028 D RegistrationHandler: Has received 4 of 5 from 6@test.com
03-28 13:03:20.281 28814 29028 D RegistrationHandler: Has received 1 of 4 fragments from 4@test.com
03-28 13:03:20.288 28814 29028 D RegistrationHandler: Has received 2 of 4 from 4@test.com
03-28 13:03:20.294 28814 29028 D RegistrationHandler: Has received 3 of 4 from 4@test.com
03-28 13:03:20.302 28814 29028 D RegistrationHandler: Has received 4 of 4 from 4@test.com
03-28 13:03:20.318 28814 29028 D RegistrationHandler: Received full ledger from 4@test.com with nonce 1844026865
03-28 13:03:20.318 28814 29028 D RegistrationHandler: FULL_LEDGER 1844026865
03-28 13:03:20.329 28814 29028 D RegistrationHandler: 1844026865 Received hash from 2@test.com: bc6ad23e3b75c35100b24c83d3021cb38f956996410119dc9922678e25e2fa5a
03-28 13:03:20.558 28814 29028 D RegistrationHandler: Has received 4 of 5 fragments from 6@test.com
03-28 13:03:20.565 28814 29028 D RegistrationHandler: Has received 5 of 5 from 6@test.com
03-28 13:03:20.576 28814 29028 D RegistrationHandler: Received full ledger from 6@test.com with nonce 1844026865
03-28 13:03:20.576 28814 29028 D RegistrationHandler: FULL_LEDGER 1844026865
03-28 13:03:20.856 28814 29028 D RegistrationHandler: Has received 5 of 5 fragments from 6@test.com
03-28 13:03:20.899 28814 29019 D RegistrationHandler: Has received 4 of 4 fragments from 4@test.com
03-28 13:03:21.170 28814 29019 D RegistrationHandler: Has received 5 of 5 fragments from 6@test.com
03-28 13:03:21.219 28814 29048 D RegistrationHandler: Has received 4 of 4 fragments from 4@test.com
03-28 13:03:30.132 28814 29052 D RegistrationHandler: ACCEPTED_LEDGER 1844026865 5
03-28 13:03:30.141 28814 29052 D RegistrationHandler: 1844026865 The accepted ledger contains: [1@test.com, 2@test.com, 3@test.com, 4@test.com, 6@test.com]
03-28 13:03:30.141 28814 29052 D MulticastServer: Registration process finished: 1844026865
03-28 13:03:30.167 28814 29019 D MulticastServer: Broadcast block received {"ip":"192.168.1.97","cert":"MIIBHDCBwqADAgECAgYBf5Ll+aQwCgYIKoZIzj0EAwIwFTETMBEGA1UEAwwKNUB0ZXN0LmNvbTAeFw0yMjAzMTUxMzIzMzlaFw0yNDAzMTYxMzIzMzlaMBUxEzARBgNVBAMMCjVAdGVzdC5jb20wWTATBgcqhkjOPQIBBggqhkjOPQMBBwNCAAS9OhThI4D6g/iEXxfGklrIeXd9Z0M+diiJ9ljAgsIg42aeRti+qPdLXU1/D9cRSqQkfwr3bPWV3oF684Iqni4MMAoGCCqGSM49BAMCA0kAMEYCIQDvSgAgKBB22Z/ooyqUg64EcQUigPLpb+EEue5bwGydWgIhAKus7fYnj5hLAUwnPrCw9vZZ/j2+Hst7+b4ASLL75Nl9"}
03-28 13:03:30.470 28814 29019 D MulticastServer: Broadcast block received {"ip":"192.168.1.97","cert":"MIIBHDCBwqADAgECAgYBf5Ll+aQwCgYIKoZIzj0EAwIwFTETMBEGA1UEAwwKNUB0ZXN0LmNvbTAeFw0yMjAzMTUxMzIzMzlaFw0yNDAzMTYxMzIzMzlaMBUxEzARBgNVBAMMCjVAdGVzdC5jb20wWTATBgcqhkjOPQIBBggqhkjOPQMBBwNCAAS9OhThI4D6g/iEXxfGklrIeXd9Z0M+diiJ9ljAgsIg42aeRti+qPdLXU1/D9cRSqQkfwr3bPWV3oF684Iqni4MMAoGCCqGSM49BAMCA0kAMEYCIQDvSgAgKBB22Z/ooyqUg64EcQUigPLpb+EEue5bwGydWgIhAKus7fYnj5hLAUwnPrCw9vZZ/j2+Hst7+b4ASLL75Nl9"}
03-28 13:03:30.775 28814 29019 D MulticastServer: Broadcast block received {"ip":"192.168.1.97","cert":"MIIBHDCBwqADAgECAgYBf5Ll+aQwCgYIKoZIzj0EAwIwFTETMBEGA1UEAwwKNUB0ZXN0LmNvbTAeFw0yMjAzMTUxMzIzMzlaFw0yNDAzMTYxMzIzMzlaMBUxEzARBgNVBAMMCjVAdGVzdC5jb20wWTATBgcqhkjOPQIBBggqhkjOPQMBBwNCAAS9OhThI4D6g/iEXxfGklrIeXd9Z0M+diiJ9ljAgsIg42aeRti+qPdLXU1/D9cRSqQkfwr3bPWV3oF684Iqni4MMAoGCCqGSM49BAMCA0kAMEYCIQDvSgAgKBB22Z/ooyqUg64EcQUigPLpb+EEue5bwGydWgIhAKus7fYnj5hLAUwnPrCw9vZZ/j2+Hst7+b4ASLL75Nl9"}
03-28 13:03:31.084 28814 29019 D MulticastServer: Broadcast block received {"ip":"192.168.1.97","cert":"MIIBHDCBwqADAgECAgYBf5Ll+aQwCgYIKoZIzj0EAwIwFTETMBEGA1UEAwwKNUB0ZXN0LmNvbTAeFw0yMjAzMTUxMzIzMzlaFw0yNDAzMTYxMzIzMzlaMBUxEzARBgNVBAMMCjVAdGVzdC5jb20wWTATBgcqhkjOPQIBBggqhkjOPQMBBwNCAAS9OhThI4D6g/iEXxfGklrIeXd9Z0M+diiJ9ljAgsIg42aeRti+qPdLXU1/D9cRSqQkfwr3bPWV3oF684Iqni4MMAoGCCqGSM49BAMCA0kAMEYCIQDvSgAgKBB22Z/ooyqUg64EcQUigPLpb+EEue5bwGydWgIhAKus7fYnj5hLAUwnPrCw9vZZ/j2+Hst7+b4ASLL75Nl9"}
round 16 of 100
03-28 13:04:15.257 28930 29123 D MulticastServer: MULTICAST_SERVER_LISTENING
03-28 13:04:15.261 28930 29125 D MulticastServer: Registration process started with nonce 2115990088
03-28 13:04:15.267 28930 29124 D MulticastClient: REQUEST_LEDGER 2115990088
03-28 13:04:15.270 28930 29124 D MulticastClient: Sent messages: [{"sender":"","payload":"","mt":"REQUEST_LEDGER","sig":"","nonce":2115990088,"seq":0,"tot":0}]
03-28 13:04:15.758 28930 29132 D RegistrationHandler: Has received 2 of 2 from 6@test.com
03-28 13:04:15.766 28930 29141 D RegistrationHandler: Has received 1 of 2 fragments from 4@test.com
03-28 13:04:15.766 28930 29131 D RegistrationHandler: Has received 2 of 2 fragments from 6@test.com
03-28 13:04:15.770 28930 29132 D RegistrationHandler: Received full ledger from 6@test.com with nonce 2115990088
03-28 13:04:15.770 28930 29132 D RegistrationHandler: FULL_LEDGER 2115990088
03-28 13:04:15.772 28930 29131 D RegistrationHandler: Received full ledger from 6@test.com with nonce 2115990088
03-28 13:04:15.773 28930 29131 D RegistrationHandler: FULL_LEDGER 2115990088
03-28 13:04:16.365 28930 29143 D RegistrationHandler: Has received 2 of 2 fragments from 6@test.com
03-28 13:04:16.392 28930 29143 D RegistrationHandler: Received full ledger from 6@test.com with nonce 2115990088
03-28 13:04:16.392 28930 29143 D RegistrationHandler: FULL_LEDGER 2115990088
03-28 13:04:16.402 28930 29143 D RegistrationHandler: Has received 2 of 2 from 4@test.com
03-28 13:04:16.410 28930 29143 D RegistrationHandler: Received full ledger from 4@test.com with nonce 2115990088
03-28 13:04:16.410 28930 29143 D RegistrationHandler: FULL_LEDGER 2115990088
03-28 13:04:25.276 28930 29126 D RegistrationHandler: ACCEPTED_LEDGER 2115990088 2
03-28 13:04:25.285 28930 29126 D RegistrationHandler: 2115990088 The accepted ledger contains: [4@test.com, 6@test.com]
03-28 13:04:25.286 28930 29126 D RegistrationHandler: 2115990088 Registration started
03-28 13:04:25.299 28930 29126 D MulticastServer: Registration process finished: 2115990088
03-28 13:04:25.305 28930 29143 D MulticastClient: Sent messages: [{"sender":"3@test.com","payload":"{\"ip\":\"192.168.1.96\",\"cert\":\"MIIBGzCBwqADAgECAgYBf8\/LxZ4wCgYIKoZIzj0EAwIwFTETMBEGA1UEAwwKM0B0ZXN0LmNvbTAeFw0yMjAzMjcwOTExNTJaFw0yNDAzMjgxMDExNTJaMBUxEzARBgNVBAMMCjNAdGVzdC5jb20wWTATBgcqhkjOPQIBBggqhkjOPQMBBwNCAASU8klxBOreX5W38jpITscN1GZVSJ6ZqHNwmXx4hqGZbbqIdqck8958ao+KXRqyWGgSoeVuKiV3eUMXUa1mSB\/\/MAoGCCqGSM49BAMCA0gAMEUCICgiCb1q9NbSw0eIn\/\/33a9zqgsQUqLLyL2uebDgtmEDAiEAnvvjRAZErEMbuvKsGWN46Nc1bK9cVRIvwO0+Xp03N6A=\"}","mt":"BROADCAST_BLOCK","sig":"MEUCIQCT4nsOp5IbscxQydFnE4lNeIGi9TV3JN9ApCw5aA\/ECQIgHKETYnfIoSFpzaoa610vb7ld+OXcU\/HDat\/4xifHFLk=","nonce":2115990088,"seq":0,"tot":0}]
03-28 13:04:34.566 28930 29143 D MulticastServer: Registration process started with nonce 236501717
03-28 13:04:34.571 28930 29143 D MulticastServer: Received request for ledger with nonce: 236501717.
03-28 13:04:34.605 28930 29124 D RegistrationHandler: 236501717 Received hash from 3@test.com: 9b606d265dd430c4e75c035f54688f0b3d8408d3db265e51aa2fb053cff94a28
03-28 13:04:34.660 28930 29124 D MulticastClient: Sent messages: [{"sender":"{\"ip\":\"192.168.1.96\",\"cert\":\"MIIBGzCBwqADAgECAgYBf8\/LxZ4wCgYIKoZIzj0EAwIwFTETMBEGA1UEAwwKM0B0ZXN0LmNvbTAeFw0yMjAzMjcwOTExNTJaFw0yNDAzMjgxMDExNTJaMBUxEzARBgNVBAMMCjNAdGVzdC5jb20wWTATBgcqhkjOPQIBBggqhkjOPQMBBwNCAASU8klxBOreX5W38jpITscN1GZVSJ6ZqHNwmXx4hqGZbbqIdqck8958ao+KXRqyWGgSoeVuKiV3eUMXUa1mSB\/\/MAoGCCqGSM49BAMCA0gAMEUCICgiCb1q9NbSw0eIn\/\/33a9zqgsQUqLLyL2uebDgtmEDAiEAnvvjRAZErEMbuvKsGWN46Nc1bK9cVRIvwO0+Xp03N6A=\"}","payload":"9b606d265dd430c4e75c035f54688f0b3d8408d3db265e51aa2fb053cff94a28","mt":"LEDGER_HASH","sig":"MEUCIGGtqi0xfOmq5DFC\/SzSF0Z5ohC1uGKn+z5HPMFT3VeTAiEAuNxX9\/E7UWjimoxt30XnsFbHv2rYKtMlNV48z4jOrzM=","nonce":236501717,"seq":0,"tot":0}]
03-28 13:04:34.677 28930 29131 D RegistrationHandler: Has received 1 of 3 fragments from 6@test.com
03-28 13:04:34.685 28930 29131 D RegistrationHandler: Has received 2 of 3 from 6@test.com
03-28 13:04:34.696 28930 29131 D RegistrationHandler: Has received 1 of 3 fragments from 4@test.com
03-28 13:04:34.702 28930 29131 D RegistrationHandler: Has received 2 of 3 from 4@test.com
03-28 13:04:34.708 28930 29131 D RegistrationHandler: Has received 3 of 3 from 4@test.com
03-28 13:04:34.718 28930 29131 D RegistrationHandler: Received full ledger from 4@test.com with nonce 236501717
03-28 13:04:34.718 28930 29131 D RegistrationHandler: FULL_LEDGER 236501717
03-28 13:04:35.003 28930 29131 D RegistrationHandler: Has received 2 of 3 fragments from 6@test.com
03-28 13:04:35.007 28930 29132 D RegistrationHandler: Has received 2 of 3 from 6@test.com
03-28 13:04:35.010 28930 29143 D RegistrationHandler: Has received 3 of 3 from 6@test.com
03-28 13:04:35.018 28930 29131 D RegistrationHandler: Received full ledger from 6@test.com with nonce 236501717
03-28 13:04:35.018 28930 29131 D RegistrationHandler: FULL_LEDGER 236501717
03-28 13:04:35.030 28930 29143 D RegistrationHandler: Received full ledger from 6@test.com with nonce 236501717
03-28 13:04:35.030 28930 29143 D RegistrationHandler: FULL_LEDGER 236501717
03-28 13:04:35.290 28930 29143 D RegistrationHandler: Has received 3 of 3 fragments from 4@test.com
03-28 13:04:44.577 28930 29154 D RegistrationHandler: ACCEPTED_LEDGER 236501717 3
03-28 13:04:44.584 28930 29154 D RegistrationHandler: 236501717 The accepted ledger contains: [3@test.com, 4@test.com, 6@test.com]
03-28 13:04:44.585 28930 29154 D MulticastServer: Registration process finished: 236501717
03-28 13:04:44.710 28930 29124 D MulticastServer: Broadcast block received {"ip":"192.168.1.126","cert":"MIIBHDCBwqADAgECAgYBf5LhKoUwCgYIKoZIzj0EAwIwFTETMBEGA1UEAwwKMUB0ZXN0LmNvbTAeFw0yMjAzMTUxMzE4MjRaFw0yNDAzMTYxMzE4MjRaMBUxEzARBgNVBAMMCjFAdGVzdC5jb20wWTATBgcqhkjOPQIBBggqhkjOPQMBBwNCAARygid4IUjQcO5q061zUYi/H7lvnalm9LjGvCXUiUKNjFkRZCQQHkQr3g5NSREvlv8eDTjoMpzkwAR2X7BGjdlzMAoGCCqGSM49BAMCA0kAMEYCIQCiHMll2QZaqlteytfUXQC9N+f0vW3g05QfhOXX51uZkQIhAOqRAe/npOy8z8s0m0jcslsGFJ4m0z8mdDgpGZNaRRtS"}
03-28 13:04:44.915 28930 29124 D MulticastServer: Broadcast block received {"ip":"192.168.1.126","cert":"MIIBHDCBwqADAgECAgYBf5LhKoUwCgYIKoZIzj0EAwIwFTETMBEGA1UEAwwKMUB0ZXN0LmNvbTAeFw0yMjAzMTUxMzE4MjRaFw0yNDAzMTYxMzE4MjRaMBUxEzARBgNVBAMMCjFAdGVzdC5jb20wWTATBgcqhkjOPQIBBggqhkjOPQMBBwNCAARygid4IUjQcO5q061zUYi/H7lvnalm9LjGvCXUiUKNjFkRZCQQHkQr3g5NSREvlv8eDTjoMpzkwAR2X7BGjdlzMAoGCCqGSM49BAMCA0kAMEYCIQCiHMll2QZaqlteytfUXQC9N+f0vW3g05QfhOXX51uZkQIhAOqRAe/npOy8z8s0m0jcslsGFJ4m0z8mdDgpGZNaRRtS"}
03-28 13:04:45.244 28930 29124 D MulticastServer: Broadcast block received {"ip":"192.168.1.126","cert":"MIIBHDCBwqADAgECAgYBf5LhKoUwCgYIKoZIzj0EAwIwFTETMBEGA1UEAwwKMUB0ZXN0LmNvbTAeFw0yMjAzMTUxMzE4MjRaFw0yNDAzMTYxMzE4MjRaMBUxEzARBgNVBAMMCjFAdGVzdC5jb20wWTATBgcqhkjOPQIBBggqhkjOPQMBBwNCAARygid4IUjQcO5q061zUYi/H7lvnalm9LjGvCXUiUKNjFkRZCQQHkQr3g5NSREvlv8eDTjoMpzkwAR2X7BGjdlzMAoGCCqGSM49BAMCA0kAMEYCIQCiHMll2QZaqlteytfUXQC9N+f0vW3g05QfhOXX51uZkQIhAOqRAe/npOy8z8s0m0jcslsGFJ4m0z8mdDgpGZNaRRtS"}
03-28 13:04:54.841 28930 29124 D MulticastServer: Registration process started with nonce 2091180216
03-28 13:04:54.846 28930 29124 D MulticastServer: Received request for ledger with nonce: 2091180216.
03-28 13:04:54.867 28930 29124 D RegistrationHandler: 2091180216 Received hash from 3@test.com: b11626c0c0a88185f91f60672285a57b8268073cbbbe90d263affedee4ff522d
03-28 13:04:54.901 28930 29124 D MulticastClient: Sent messages: [{"sender":"{\"ip\":\"192.168.1.96\",\"cert\":\"MIIBGzCBwqADAgECAgYBf8\/LxZ4wCgYIKoZIzj0EAwIwFTETMBEGA1UEAwwKM0B0ZXN0LmNvbTAeFw0yMjAzMjcwOTExNTJaFw0yNDAzMjgxMDExNTJaMBUxEzARBgNVBAMMCjNAdGVzdC5jb20wWTATBgcqhkjOPQIBBggqhkjOPQMBBwNCAASU8klxBOreX5W38jpITscN1GZVSJ6ZqHNwmXx4hqGZbbqIdqck8958ao+KXRqyWGgSoeVuKiV3eUMXUa1mSB\/\/MAoGCCqGSM49BAMCA0gAMEUCICgiCb1q9NbSw0eIn\/\/33a9zqgsQUqLLyL2uebDgtmEDAiEAnvvjRAZErEMbuvKsGWN46Nc1bK9cVRIvwO0+Xp03N6A=\"}","payload":"b11626c0c0a88185f91f60672285a57b8268073cbbbe90d263affedee4ff522d","mt":"LEDGER_HASH","sig":"MEYCIQDbFULxNvnySGURU9hVWNwsp3BsSRlskm6eHfJuEIpxKwIhAPyiXsqETEM7VYu8wS985o7j5M8xhE\/XLt1bhSVzkmdX","nonce":2091180216,"seq":0,"tot":0}]
03-28 13:04:54.952 28930 29131 D RegistrationHandler: Has received 1 of 4 fragments from 6@test.com
03-28 13:04:54.957 28930 29131 D RegistrationHandler: Has received 2 of 4 from 6@test.com
03-28 13:04:54.969 28930 29131 D RegistrationHandler: Has received 3 of 4 from 6@test.com
03-28 13:04:55.263 28930 29131 D RegistrationHandler: 2091180216 Received hash from 1@test.com: b11626c0c0a88185f91f60672285a57b8268073cbbbe90d263affedee4ff522d
03-28 13:04:55.272 28930 29143 D RegistrationHandler: Has received 3 of 4 fragments from 6@test.com
03-28 13:04:55.274 28930 29141 D RegistrationHandler: Has received 3 of 4 from 6@test.com
03-28 13:04:55.278 28930 29143 D RegistrationHandler: Has received 4 of 4 from 6@test.com
03-28 13:04:55.291 28930 29143 D RegistrationHandler: Received full ledger from 6@test.com with nonce 2091180216
03-28 13:04:55.291 28930 29143 D RegistrationHandler: FULL_LEDGER 2091180216
03-28 13:04:55.890 28930 29124 D RegistrationHandler: Has received 4 of 4 fragments from 6@test.com
03-28 13:04:56.510 28930 29124 D RegistrationHandler: Has received 1 of 4 fragments from 4@test.com
03-28 13:05:04.853 28930 29158 D RegistrationHandler: ACCEPTED_LEDGER 2091180216 4
03-28 13:05:04.861 28930 29158 D RegistrationHandler: 2091180216 The accepted ledger contains: [1@test.com, 3@test.com, 4@test.com, 6@test.com]
03-28 13:05:04.861 28930 29158 D MulticastServer: Registration process finished: 2091180216
03-28 13:05:04.885 28930 29124 D MulticastServer: Broadcast block received {"ip":"192.168.1.90","cert":"MIIBGzCBwqADAgECAgYBf5Lh/YgwCgYIKoZIzj0EAwIwFTETMBEGA1UEAwwKMkB0ZXN0LmNvbTAeFw0yMjAzMTUxMzE5MThaFw0yNDAzMTYxMzE5MThaMBUxEzARBgNVBAMMCjJAdGVzdC5jb20wWTATBgcqhkjOPQIBBggqhkjOPQMBBwNCAAS+Y1FtdGs8Ucfiq/zWhVaVn4ZBowDRf+LHkKkDUQijyqT6F1OlcBHKlpSdutzah71G6VCq62b3AWQkp086ORMGMAoGCCqGSM49BAMCA0gAMEUCIHH+qCw7c9P4WGmGxr+Z6u3tdZRz/XeTlZiocA09UDaoAiEA977yY+pelaDu67wtccznceHBT4wGLWjjfzyxyDdr/lY="}
03-28 13:05:05.193 28930 29124 D MulticastServer: Broadcast block received {"ip":"192.168.1.90","cert":"MIIBGzCBwqADAgECAgYBf5Lh/YgwCgYIKoZIzj0EAwIwFTETMBEGA1UEAwwKMkB0ZXN0LmNvbTAeFw0yMjAzMTUxMzE5MThaFw0yNDAzMTYxMzE5MThaMBUxEzARBgNVBAMMCjJAdGVzdC5jb20wWTATBgcqhkjOPQIBBggqhkjOPQMBBwNCAAS+Y1FtdGs8Ucfiq/zWhVaVn4ZBowDRf+LHkKkDUQijyqT6F1OlcBHKlpSdutzah71G6VCq62b3AWQkp086ORMGMAoGCCqGSM49BAMCA0gAMEUCIHH+qCw7c9P4WGmGxr+Z6u3tdZRz/XeTlZiocA09UDaoAiEA977yY+pelaDu67wtccznceHBT4wGLWjjfzyxyDdr/lY="}
03-28 13:05:05.498 28930 29124 D MulticastServer: Broadcast block received {"ip":"192.168.1.90","cert":"MIIBGzCBwqADAgECAgYBf5Lh/YgwCgYIKoZIzj0EAwIwFTETMBEGA1UEAwwKMkB0ZXN0LmNvbTAeFw0yMjAzMTUxMzE5MThaFw0yNDAzMTYxMzE5MThaMBUxEzARBgNVBAMMCjJAdGVzdC5jb20wWTATBgcqhkjOPQIBBggqhkjOPQMBBwNCAAS+Y1FtdGs8Ucfiq/zWhVaVn4ZBowDRf+LHkKkDUQijyqT6F1OlcBHKlpSdutzah71G6VCq62b3AWQkp086ORMGMAoGCCqGSM49BAMCA0gAMEUCIHH+qCw7c9P4WGmGxr+Z6u3tdZRz/XeTlZiocA09UDaoAiEA977yY+pelaDu67wtccznceHBT4wGLWjjfzyxyDdr/lY="}
03-28 13:05:05.808 28930 29124 D MulticastServer: Broadcast block received {"ip":"192.168.1.90","cert":"MIIBGzCBwqADAgECAgYBf5Lh/YgwCgYIKoZIzj0EAwIwFTETMBEGA1UEAwwKMkB0ZXN0LmNvbTAeFw0yMjAzMTUxMzE5MThaFw0yNDAzMTYxMzE5MThaMBUxEzARBgNVBAMMCjJAdGVzdC5jb20wWTATBgcqhkjOPQIBBggqhkjOPQMBBwNCAAS+Y1FtdGs8Ucfiq/zWhVaVn4ZBowDRf+LHkKkDUQijyqT6F1OlcBHKlpSdutzah71G6VCq62b3AWQkp086ORMGMAoGCCqGSM49BAMCA0gAMEUCIHH+qCw7c9P4WGmGxr+Z6u3tdZRz/XeTlZiocA09UDaoAiEA977yY+pelaDu67wtccznceHBT4wGLWjjfzyxyDdr/lY="}
03-28 13:05:14.915 28930 29124 D MulticastServer: Registration process started with nonce 303631853
03-28 13:05:14.920 28930 29124 D MulticastServer: Received request for ledger with nonce: 303631853.
03-28 13:05:14.944 28930 29141 D RegistrationHandler: 303631853 Received hash from 3@test.com: bc6ad23e3b75c35100b24c83d3021cb38f956996410119dc9922678e25e2fa5a
03-28 13:05:14.976 28930 29141 D MulticastClient: Sent messages: [{"sender":"{\"ip\":\"192.168.1.96\",\"cert\":\"MIIBGzCBwqADAgECAgYBf8\/LxZ4wCgYIKoZIzj0EAwIwFTETMBEGA1UEAwwKM0B0ZXN0LmNvbTAeFw0yMjAzMjcwOTExNTJaFw0yNDAzMjgxMDExNTJaMBUxEzARBgNVBAMMCjNAdGVzdC5jb20wWTATBgcqhkjOPQIBBggqhkjOPQMBBwNCAASU8klxBOreX5W38jpITscN1GZVSJ6ZqHNwmXx4hqGZbbqIdqck8958ao+KXRqyWGgSoeVuKiV3eUMXUa1mSB\/\/MAoGCCqGSM49BAMCA0gAMEUCICgiCb1q9NbSw0eIn\/\/33a9zqgsQUqLLyL2uebDgtmEDAiEAnvvjRAZErEMbuvKsGWN46Nc1bK9cVRIvwO0+Xp03N6A=\"}","payload":"bc6ad23e3b75c35100b24c83d3021cb38f956996410119dc9922678e25e2fa5a","mt":"LEDGER_HASH","sig":"MEQCIAKgnbBo6WfT91v+WbITEayXzITNgx79\/YxgWTNRvzGDAiAC2ylfNYxSdPWUzsOTLnZZccX3dM0l9w5YvAmLKw682g==","nonce":303631853,"seq":0,"tot":0}]
03-28 13:05:15.056 28930 29143 D RegistrationHandler: 303631853 Received hash from 1@test.com: bc6ad23e3b75c35100b24c83d3021cb38f956996410119dc9922678e25e2fa5a
03-28 13:05:15.065 28930 29124 D RegistrationHandler: Has received 1 of 4 fragments from 4@test.com
03-28 13:05:15.074 28930 29143 D RegistrationHandler: Has received 2 of 4 from 4@test.com
03-28 13:05:15.077 28930 29124 D RegistrationHandler: Has received 3 of 4 from 4@test.com
03-28 13:05:15.342 28930 29143 D RegistrationHandler: Has received 3 of 4 fragments from 4@test.com
03-28 13:05:15.349 28930 29124 D RegistrationHandler: Has received 4 of 4 from 4@test.com
03-28 13:05:15.360 28930 29131 D RegistrationHandler: Has received 4 of 4 from 4@test.com
03-28 13:05:15.365 28930 29132 D RegistrationHandler: Has received 4 of 4 from 4@test.com
03-28 13:05:15.368 28930 29143 D RegistrationHandler: Received full ledger from 4@test.com with nonce 303631853
03-28 13:05:15.369 28930 29143 D RegistrationHandler: FULL_LEDGER 303631853
03-28 13:05:15.369 28930 29124 D RegistrationHandler: Received full ledger from 4@test.com with nonce 303631853
03-28 13:05:15.369 28930 29124 D RegistrationHandler: FULL_LEDGER 303631853
03-28 13:05:15.381 28930 29131 D RegistrationHandler: Received full ledger from 4@test.com with nonce 303631853
03-28 13:05:15.381 28930 29131 D RegistrationHandler: FULL_LEDGER 303631853
03-28 13:05:15.381 28930 29132 D RegistrationHandler: Received full ledger from 4@test.com with nonce 303631853
03-28 13:05:15.381 28930 29132 D RegistrationHandler: FULL_LEDGER 303631853
03-28 13:05:15.400 28930 29131 D RegistrationHandler: 303631853 Received hash from 2@test.com: bc6ad23e3b75c35100b24c83d3021cb38f956996410119dc9922678e25e2fa5a
03-28 13:05:15.637 28930 29132 D RegistrationHandler: Has received 4 of 4 fragments from 4@test.com
03-28 13:05:15.651 28930 29132 D RegistrationHandler: Received full ledger from 4@test.com with nonce 303631853
03-28 13:05:15.651 28930 29132 D RegistrationHandler: FULL_LEDGER 303631853
03-28 13:05:15.666 28930 29131 D RegistrationHandler: Has received 1 of 5 fragments from 6@test.com
03-28 13:05:15.672 28930 29132 D RegistrationHandler: Has received 2 of 5 from 6@test.com
03-28 13:05:15.679 28930 29132 D RegistrationHandler: Has received 3 of 5 from 6@test.com
03-28 13:05:15.684 28930 29131 D RegistrationHandler: Received full ledger from 6@test.com with nonce 303631853
03-28 13:05:15.684 28930 29131 D RegistrationHandler: FULL_LEDGER 303631853
03-28 13:05:24.929 28930 29163 D RegistrationHandler: ACCEPTED_LEDGER 303631853 5
03-28 13:05:24.939 28930 29163 D RegistrationHandler: 303631853 The accepted ledger contains: [1@test.com, 2@test.com, 3@test.com, 4@test.com, 6@test.com]
03-28 13:05:24.939 28930 29163 D MulticastServer: Registration process finished: 303631853
03-28 13:05:24.960 28930 29131 D MulticastServer: Broadcast block received {"ip":"192.168.1.97","cert":"MIIBHDCBwqADAgECAgYBf5Ll+aQwCgYIKoZIzj0EAwIwFTETMBEGA1UEAwwKNUB0ZXN0LmNvbTAeFw0yMjAzMTUxMzIzMzlaFw0yNDAzMTYxMzIzMzlaMBUxEzARBgNVBAMMCjVAdGVzdC5jb20wWTATBgcqhkjOPQIBBggqhkjOPQMBBwNCAAS9OhThI4D6g/iEXxfGklrIeXd9Z0M+diiJ9ljAgsIg42aeRti+qPdLXU1/D9cRSqQkfwr3bPWV3oF684Iqni4MMAoGCCqGSM49BAMCA0kAMEYCIQDvSgAgKBB22Z/ooyqUg64EcQUigPLpb+EEue5bwGydWgIhAKus7fYnj5hLAUwnPrCw9vZZ/j2+Hst7+b4ASLL75Nl9"}
03-28 13:05:25.269 28930 29131 D MulticastServer: Broadcast block received {"ip":"192.168.1.97","cert":"MIIBHDCBwqADAgECAgYBf5Ll+aQwCgYIKoZIzj0EAwIwFTETMBEGA1UEAwwKNUB0ZXN0LmNvbTAeFw0yMjAzMTUxMzIzMzlaFw0yNDAzMTYxMzIzMzlaMBUxEzARBgNVBAMMCjVAdGVzdC5jb20wWTATBgcqhkjOPQIBBggqhkjOPQMBBwNCAAS9OhThI4D6g/iEXxfGklrIeXd9Z0M+diiJ9ljAgsIg42aeRti+qPdLXU1/D9cRSqQkfwr3bPWV3oF684Iqni4MMAoGCCqGSM49BAMCA0kAMEYCIQDvSgAgKBB22Z/ooyqUg64EcQUigPLpb+EEue5bwGydWgIhAKus7fYnj5hLAUwnPrCw9vZZ/j2+Hst7+b4ASLL75Nl9"}
03-28 13:05:25.872 28930 29131 D MulticastServer: Received request for 3@test.com to send ledger with hash bc6ad23e3b75c35100b24c83d3021cb38f956996410119dc9922678e25e2fa5a
03-28 13:05:25.878 28930 29132 D MulticastServer: Broadcast block received {"ip":"192.168.1.97","cert":"MIIBHDCBwqADAgECAgYBf5Ll+aQwCgYIKoZIzj0EAwIwFTETMBEGA1UEAwwKNUB0ZXN0LmNvbTAeFw0yMjAzMTUxMzIzMzlaFw0yNDAzMTYxMzIzMzlaMBUxEzARBgNVBAMMCjVAdGVzdC5jb20wWTATBgcqhkjOPQIBBggqhkjOPQMBBwNCAAS9OhThI4D6g/iEXxfGklrIeXd9Z0M+diiJ9ljAgsIg42aeRti+qPdLXU1/D9cRSqQkfwr3bPWV3oF684Iqni4MMAoGCCqGSM49BAMCA0kAMEYCIQDvSgAgKBB22Z/ooyqUg64EcQUigPLpb+EEue5bwGydWgIhAKus7fYnj5hLAUwnPrCw9vZZ/j2+Hst7+b4ASLL75Nl9"}
03-28 13:05:26.176 28930 29131 D MulticastServer: Received request for 3@test.com to send ledger with hash bc6ad23e3b75c35100b24c83d3021cb38f956996410119dc9922678e25e2fa5a
03-28 13:05:26.378 28930 29131 D MulticastServer: Received request for 1@test.com to send ledger with hash bc6ad23e3b75c35100b24c83d3021cb38f956996410119dc9922678e25e2fa5a
03-28 13:05:26.482 28930 29131 D MulticastServer: Received request for 3@test.com to send ledger with hash bc6ad23e3b75c35100b24c83d3021cb38f956996410119dc9922678e25e2fa5a
03-28 13:05:26.711 28930 29131 D MulticastServer: Received request for 1@test.com to send ledger with hash bc6ad23e3b75c35100b24c83d3021cb38f956996410119dc9922678e25e2fa5a
03-28 13:05:26.801 28930 29131 D MulticastServer: Received request for 3@test.com to send ledger with hash bc6ad23e3b75c35100b24c83d3021cb38f956996410119dc9922678e25e2fa5a
03-28 13:05:26.890 28930 29131 D MulticastServer: Received request for 3@test.com to send ledger with hash bc6ad23e3b75c35100b24c83d3021cb38f956996410119dc9922678e25e2fa5a
03-28 13:05:26.992 28930 29131 D MulticastServer: Received request for 1@test.com to send ledger with hash bc6ad23e3b75c35100b24c83d3021cb38f956996410119dc9922678e25e2fa5a
03-28 13:05:27.203 28930 29131 D MulticastServer: Received request for 3@test.com to send ledger with hash bc6ad23e3b75c35100b24c83d3021cb38f956996410119dc9922678e25e2fa5a
03-28 13:05:27.300 28930 29131 D MulticastServer: Received request for 1@test.com to send ledger with hash bc6ad23e3b75c35100b24c83d3021cb38f956996410119dc9922678e25e2fa5a
03-28 13:05:27.507 28930 29131 D MulticastServer: Received request for 3@test.com to send ledger with hash bc6ad23e3b75c35100b24c83d3021cb38f956996410119dc9922678e25e2fa5a
03-28 13:05:27.815 28930 29131 D MulticastServer: Received request for 3@test.com to send ledger with hash bc6ad23e3b75c35100b24c83d3021cb38f956996410119dc9922678e25e2fa5a
round 17 of 100
03-28 13:06:10.025 29033 29228 D MulticastServer: MULTICAST_SERVER_LISTENING
03-28 13:06:10.030 29033 29230 D MulticastServer: Registration process started with nonce 774443496
03-28 13:06:10.036 29033 29229 D MulticastClient: REQUEST_LEDGER 774443496
03-28 13:06:10.040 29033 29229 D MulticastClient: Sent messages: [{"sender":"","payload":"","mt":"REQUEST_LEDGER","sig":"","nonce":774443496,"seq":0,"tot":0}]
03-28 13:06:10.545 29033 29237 D RegistrationHandler: Has received 1 of 2 fragments from 6@test.com
03-28 13:06:10.550 29033 29235 D RegistrationHandler: Has received 2 of 2 from 6@test.com
03-28 13:06:10.565 29033 29235 D RegistrationHandler: Received full ledger from 6@test.com with nonce 774443496
03-28 13:06:10.565 29033 29235 D RegistrationHandler: FULL_LEDGER 774443496
03-28 13:06:10.831 29033 29235 D RegistrationHandler: Has received 1 of 2 fragments from 4@test.com
03-28 13:06:10.837 29033 29235 D RegistrationHandler: Has received 2 of 2 from 4@test.com
03-28 13:06:10.845 29033 29245 D RegistrationHandler: Has received 2 of 2 fragments from 6@test.com
03-28 13:06:10.849 29033 29235 D RegistrationHandler: Received full ledger from 4@test.com with nonce 774443496
03-28 13:06:10.849 29033 29235 D RegistrationHandler: FULL_LEDGER 774443496
03-28 13:06:11.164 29033 29229 D RegistrationHandler: Has received 2 of 2 fragments from 4@test.com
03-28 13:06:11.168 29033 29235 D RegistrationHandler: Has received 2 of 2 from 4@test.com
03-28 13:06:11.174 29033 29229 D RegistrationHandler: Has received 2 of 2 fragments from 6@test.com
03-28 13:06:11.192 29033 29235 D RegistrationHandler: Received full ledger from 4@test.com with nonce 774443496
03-28 13:06:11.192 29033 29235 D RegistrationHandler: FULL_LEDGER 774443496
03-28 13:06:20.043 29033 29231 D RegistrationHandler: ACCEPTED_LEDGER 774443496 2
03-28 13:06:20.050 29033 29231 D RegistrationHandler: 774443496 The accepted ledger contains: [4@test.com, 6@test.com]
03-28 13:06:20.051 29033 29231 D RegistrationHandler: 774443496 Registration started
03-28 13:06:20.062 29033 29231 D MulticastServer: Registration process finished: 774443496
03-28 13:06:20.068 29033 29235 D MulticastClient: Sent messages: [{"sender":"3@test.com","payload":"{\"ip\":\"192.168.1.96\",\"cert\":\"MIIBGzCBwqADAgECAgYBf8\/LxZ4wCgYIKoZIzj0EAwIwFTETMBEGA1UEAwwKM0B0ZXN0LmNvbTAeFw0yMjAzMjcwOTExNTJaFw0yNDAzMjgxMDExNTJaMBUxEzARBgNVBAMMCjNAdGVzdC5jb20wWTATBgcqhkjOPQIBBggqhkjOPQMBBwNCAASU8klxBOreX5W38jpITscN1GZVSJ6ZqHNwmXx4hqGZbbqIdqck8958ao+KXRqyWGgSoeVuKiV3eUMXUa1mSB\/\/MAoGCCqGSM49BAMCA0gAMEUCICgiCb1q9NbSw0eIn\/\/33a9zqgsQUqLLyL2uebDgtmEDAiEAnvvjRAZErEMbuvKsGWN46Nc1bK9cVRIvwO0+Xp03N6A=\"}","mt":"BROADCAST_BLOCK","sig":"MEQCIFxEWlYwSdPT\/yefnsLbWBYvfayjqf\/Fz66AG1moPruwAiAPMSd3fOnGct4GsDESbMM1\/HjlY2wtfxZKOqvZxjhOsg==","nonce":774443496,"seq":0,"tot":0}]
03-28 13:06:29.154 29033 29235 D MulticastServer: Registration process started with nonce 1724480334
03-28 13:06:29.161 29033 29235 D MulticastServer: Received request for ledger with nonce: 1724480334.
03-28 13:06:29.196 29033 29229 D RegistrationHandler: 1724480334 Received hash from 3@test.com: 9b606d265dd430c4e75c035f54688f0b3d8408d3db265e51aa2fb053cff94a28
03-28 13:06:29.256 29033 29229 D MulticastClient: Sent messages: [{"sender":"{\"ip\":\"192.168.1.96\",\"cert\":\"MIIBGzCBwqADAgECAgYBf8\/LxZ4wCgYIKoZIzj0EAwIwFTETMBEGA1UEAwwKM0B0ZXN0LmNvbTAeFw0yMjAzMjcwOTExNTJaFw0yNDAzMjgxMDExNTJaMBUxEzARBgNVBAMMCjNAdGVzdC5jb20wWTATBgcqhkjOPQIBBggqhkjOPQMBBwNCAASU8klxBOreX5W38jpITscN1GZVSJ6ZqHNwmXx4hqGZbbqIdqck8958ao+KXRqyWGgSoeVuKiV3eUMXUa1mSB\/\/MAoGCCqGSM49BAMCA0gAMEUCICgiCb1q9NbSw0eIn\/\/33a9zqgsQUqLLyL2uebDgtmEDAiEAnvvjRAZErEMbuvKsGWN46Nc1bK9cVRIvwO0+Xp03N6A=\"}","payload":"9b606d265dd430c4e75c035f54688f0b3d8408d3db265e51aa2fb053cff94a28","mt":"LEDGER_HASH","sig":"MEUCIQCdr6nUn6Sd0cNuE7HQ+3AmUzzVOAaBKGAUlFRkbp3OhAIgTKlQTDsMs92N\/4ZVG9jZnZJ4DGw+57d1s9\/ObNQI3W0=","nonce":1724480334,"seq":0,"tot":0}]
03-28 13:06:29.259 29033 29235 D RegistrationHandler: Has received 1 of 3 fragments from 6@test.com
03-28 13:06:29.272 29033 29246 D RegistrationHandler: Has received 2 of 3 from 6@test.com
03-28 13:06:29.304 29033 29246 D RegistrationHandler: Has received 1 of 3 fragments from 4@test.com
03-28 13:06:29.311 29033 29235 D RegistrationHandler: Has received 2 of 3 from 4@test.com
03-28 13:06:29.594 29033 29235 D RegistrationHandler: Has received 2 of 3 fragments from 6@test.com
03-28 13:06:29.595 29033 29246 D RegistrationHandler: Has received 2 of 3 from 6@test.com
03-28 13:06:29.596 29033 29245 D RegistrationHandler: Has received 2 of 3 fragments from 4@test.com
03-28 13:06:29.604 29033 29246 D RegistrationHandler: Has received 2 of 3 from 4@test.com
03-28 13:06:29.617 29033 29245 D RegistrationHandler: Received full ledger from 4@test.com with nonce 1724480334
03-28 13:06:29.618 29033 29245 D RegistrationHandler: FULL_LEDGER 1724480334
03-28 13:06:29.890 29033 29245 D RegistrationHandler: Has received 3 of 3 from 6@test.com
03-28 13:06:29.903 29033 29245 D RegistrationHandler: Received full ledger from 6@test.com with nonce 1724480334
03-28 13:06:29.903 29033 29245 D RegistrationHandler: FULL_LEDGER 1724480334
03-28 13:06:30.189 29033 29229 D RegistrationHandler: Has received 3 of 3 fragments from 6@test.com
03-28 13:06:30.194 29033 29245 D RegistrationHandler: Has received 3 of 3 from 6@test.com
03-28 13:06:30.200 29033 29229 D RegistrationHandler: Has received 3 of 3 from 6@test.com
03-28 13:06:30.223 29033 29245 D RegistrationHandler: Received full ledger from 6@test.com with nonce 1724480334
03-28 13:06:30.223 29033 29245 D RegistrationHandler: FULL_LEDGER 1724480334
03-28 13:06:30.224 29033 29229 D RegistrationHandler: Received full ledger from 6@test.com with nonce 1724480334
03-28 13:06:30.224 29033 29229 D RegistrationHandler: FULL_LEDGER 1724480334
03-28 13:06:39.167 29033 29259 D RegistrationHandler: ACCEPTED_LEDGER 1724480334 3
03-28 13:06:39.175 29033 29259 D RegistrationHandler: 1724480334 The accepted ledger contains: [3@test.com, 4@test.com, 6@test.com]
03-28 13:06:39.175 29033 29259 D MulticastServer: Registration process finished: 1724480334
03-28 13:06:39.296 29033 29229 D MulticastServer: Broadcast block received {"ip":"192.168.1.126","cert":"MIIBHDCBwqADAgECAgYBf5LhKoUwCgYIKoZIzj0EAwIwFTETMBEGA1UEAwwKMUB0ZXN0LmNvbTAeFw0yMjAzMTUxMzE4MjRaFw0yNDAzMTYxMzE4MjRaMBUxEzARBgNVBAMMCjFAdGVzdC5jb20wWTATBgcqhkjOPQIBBggqhkjOPQMBBwNCAARygid4IUjQcO5q061zUYi/H7lvnalm9LjGvCXUiUKNjFkRZCQQHkQr3g5NSREvlv8eDTjoMpzkwAR2X7BGjdlzMAoGCCqGSM49BAMCA0kAMEYCIQCiHMll2QZaqlteytfUXQC9N+f0vW3g05QfhOXX51uZkQIhAOqRAe/npOy8z8s0m0jcslsGFJ4m0z8mdDgpGZNaRRtS"}
03-28 13:06:39.607 29033 29229 D MulticastServer: Broadcast block received {"ip":"192.168.1.126","cert":"MIIBHDCBwqADAgECAgYBf5LhKoUwCgYIKoZIzj0EAwIwFTETMBEGA1UEAwwKMUB0ZXN0LmNvbTAeFw0yMjAzMTUxMzE4MjRaFw0yNDAzMTYxMzE4MjRaMBUxEzARBgNVBAMMCjFAdGVzdC5jb20wWTATBgcqhkjOPQIBBggqhkjOPQMBBwNCAARygid4IUjQcO5q061zUYi/H7lvnalm9LjGvCXUiUKNjFkRZCQQHkQr3g5NSREvlv8eDTjoMpzkwAR2X7BGjdlzMAoGCCqGSM49BAMCA0kAMEYCIQCiHMll2QZaqlteytfUXQC9N+f0vW3g05QfhOXX51uZkQIhAOqRAe/npOy8z8s0m0jcslsGFJ4m0z8mdDgpGZNaRRtS"}
03-28 13:06:39.809 29033 29229 D MulticastServer: Broadcast block received {"ip":"192.168.1.126","cert":"MIIBHDCBwqADAgECAgYBf5LhKoUwCgYIKoZIzj0EAwIwFTETMBEGA1UEAwwKMUB0ZXN0LmNvbTAeFw0yMjAzMTUxMzE4MjRaFw0yNDAzMTYxMzE4MjRaMBUxEzARBgNVBAMMCjFAdGVzdC5jb20wWTATBgcqhkjOPQIBBggqhkjOPQMBBwNCAARygid4IUjQcO5q061zUYi/H7lvnalm9LjGvCXUiUKNjFkRZCQQHkQr3g5NSREvlv8eDTjoMpzkwAR2X7BGjdlzMAoGCCqGSM49BAMCA0kAMEYCIQCiHMll2QZaqlteytfUXQC9N+f0vW3g05QfhOXX51uZkQIhAOqRAe/npOy8z8s0m0jcslsGFJ4m0z8mdDgpGZNaRRtS"}
03-28 13:06:49.427 29033 29229 D MulticastServer: Registration process started with nonce 709400686
03-28 13:06:49.431 29033 29229 D MulticastServer: Received request for ledger with nonce: 709400686.
03-28 13:06:49.458 29033 29245 D RegistrationHandler: 709400686 Received hash from 3@test.com: b11626c0c0a88185f91f60672285a57b8268073cbbbe90d263affedee4ff522d
03-28 13:06:49.497 29033 29245 D MulticastClient: Sent messages: [{"sender":"{\"ip\":\"192.168.1.96\",\"cert\":\"MIIBGzCBwqADAgECAgYBf8\/LxZ4wCgYIKoZIzj0EAwIwFTETMBEGA1UEAwwKM0B0ZXN0LmNvbTAeFw0yMjAzMjcwOTExNTJaFw0yNDAzMjgxMDExNTJaMBUxEzARBgNVBAMMCjNAdGVzdC5jb20wWTATBgcqhkjOPQIBBggqhkjOPQMBBwNCAASU8klxBOreX5W38jpITscN1GZVSJ6ZqHNwmXx4hqGZbbqIdqck8958ao+KXRqyWGgSoeVuKiV3eUMXUa1mSB\/\/MAoGCCqGSM49BAMCA0gAMEUCICgiCb1q9NbSw0eIn\/\/33a9zqgsQUqLLyL2uebDgtmEDAiEAnvvjRAZErEMbuvKsGWN46Nc1bK9cVRIvwO0+Xp03N6A=\"}","payload":"b11626c0c0a88185f91f60672285a57b8268073cbbbe90d263affedee4ff522d","mt":"LEDGER_HASH","sig":"MEYCIQDgwv9WByfiob+y1C4xZlVDzvVkh75t6okEAHDjb4YbrQIhANdEOXV9hR43jJY3vv4xcpGodwes1IKHLLABLlBdst\/+","nonce":709400686,"seq":0,"tot":0}]
03-28 13:06:49.535 29033 29246 D RegistrationHandler: 709400686 Received hash from 1@test.com: b11626c0c0a88185f91f60672285a57b8268073cbbbe90d263affedee4ff522d
03-28 13:06:49.546 29033 29246 D RegistrationHandler: Has received 1 of 4 fragments from 6@test.com
03-28 13:06:49.560 29033 29246 D RegistrationHandler: Has received 2 of 4 from 6@test.com
03-28 13:06:49.577 29033 29246 D RegistrationHandler: Has received 1 of 4 fragments from 4@test.com
03-28 13:06:49.590 29033 29246 D RegistrationHandler: Has received 2 of 4 from 4@test.com
03-28 13:06:49.597 29033 29229 D RegistrationHandler: Has received 3 of 4 from 4@test.com
03-28 13:06:49.855 29033 29229 D RegistrationHandler: Has received 3 of 4 fragments from 4@test.com
03-28 13:06:49.862 29033 29235 D RegistrationHandler: Has received 4 of 4 from 4@test.com
03-28 13:06:49.868 29033 29229 D RegistrationHandler: Has received 4 of 4 from 4@test.com
03-28 13:06:49.878 29033 29246 D RegistrationHandler: Has received 4 of 4 from 4@test.com
03-28 13:06:49.880 29033 29237 D RegistrationHandler: Has received 2 of 4 fragments from 6@test.com
03-28 13:06:49.887 29033 29237 D RegistrationHandler: Has received 3 of 4 from 6@test.com
03-28 13:06:49.888 29033 29235 D RegistrationHandler: Received full ledger from 4@test.com with nonce 709400686
03-28 13:06:49.888 29033 29235 D RegistrationHandler: FULL_LEDGER 709400686
03-28 13:06:49.889 29033 29229 D RegistrationHandler: Received full ledger from 4@test.com with nonce 709400686
03-28 13:06:49.889 29033 29229 D RegistrationHandler: FULL_LEDGER 709400686
03-28 13:06:49.893 29033 29237 D RegistrationHandler: Has received 3 of 4 from 6@test.com
03-28 13:06:49.896 29033 29229 D RegistrationHandler: Has received 4 of 4 from 6@test.com
03-28 13:06:49.899 29033 29246 D RegistrationHandler: Received full ledger from 4@test.com with nonce 709400686
03-28 13:06:49.899 29033 29246 D RegistrationHandler: FULL_LEDGER 709400686
03-28 13:06:49.903 29033 29229 D RegistrationHandler: Received full ledger from 6@test.com with nonce 709400686
03-28 13:06:49.903 29033 29229 D RegistrationHandler: FULL_LEDGER 709400686
03-28 13:06:50.158 29033 29246 D RegistrationHandler: Has received 4 of 4 fragments from 6@test.com
03-28 13:06:50.164 29033 29246 D RegistrationHandler: Has received 4 of 4 from 6@test.com
03-28 13:06:50.171 29033 29229 D RegistrationHandler: Has received 4 of 4 from 6@test.com
03-28 13:06:50.175 29033 29246 D RegistrationHandler: Received full ledger from 6@test.com with nonce 709400686
03-28 13:06:50.175 29033 29246 D RegistrationHandler: FULL_LEDGER 709400686
03-28 13:06:50.182 29033 29229 D RegistrationHandler: Received full ledger from 6@test.com with nonce 709400686
03-28 13:06:50.182 29033 29229 D RegistrationHandler: FULL_LEDGER 709400686
03-28 13:06:50.186 29033 29246 D RegistrationHandler: Has received 4 of 4 fragments from 4@test.com
03-28 13:06:50.464 29033 29245 D RegistrationHandler: Has received 4 of 4 fragments from 6@test.com
03-28 13:06:59.439 29033 29262 D RegistrationHandler: ACCEPTED_LEDGER 709400686 4
03-28 13:06:59.447 29033 29262 D RegistrationHandler: 709400686 The accepted ledger contains: [1@test.com, 3@test.com, 4@test.com, 6@test.com]
03-28 13:06:59.447 29033 29262 D MulticastServer: Registration process finished: 709400686
03-28 13:06:59.476 29033 29246 D MulticastServer: Broadcast block received {"ip":"192.168.1.90","cert":"MIIBGzCBwqADAgECAgYBf5Lh/YgwCgYIKoZIzj0EAwIwFTETMBEGA1UEAwwKMkB0ZXN0LmNvbTAeFw0yMjAzMTUxMzE5MThaFw0yNDAzMTYxMzE5MThaMBUxEzARBgNVBAMMCjJAdGVzdC5jb20wWTATBgcqhkjOPQIBBggqhkjOPQMBBwNCAAS+Y1FtdGs8Ucfiq/zWhVaVn4ZBowDRf+LHkKkDUQijyqT6F1OlcBHKlpSdutzah71G6VCq62b3AWQkp086ORMGMAoGCCqGSM49BAMCA0gAMEUCIHH+qCw7c9P4WGmGxr+Z6u3tdZRz/XeTlZiocA09UDaoAiEA977yY+pelaDu67wtccznceHBT4wGLWjjfzyxyDdr/lY="}
03-28 13:06:59.775 29033 29246 D MulticastServer: Broadcast block received {"ip":"192.168.1.90","cert":"MIIBGzCBwqADAgECAgYBf5Lh/YgwCgYIKoZIzj0EAwIwFTETMBEGA1UEAwwKMkB0ZXN0LmNvbTAeFw0yMjAzMTUxMzE5MThaFw0yNDAzMTYxMzE5MThaMBUxEzARBgNVBAMMCjJAdGVzdC5jb20wWTATBgcqhkjOPQIBBggqhkjOPQMBBwNCAAS+Y1FtdGs8Ucfiq/zWhVaVn4ZBowDRf+LHkKkDUQijyqT6F1OlcBHKlpSdutzah71G6VCq62b3AWQkp086ORMGMAoGCCqGSM49BAMCA0gAMEUCIHH+qCw7c9P4WGmGxr+Z6u3tdZRz/XeTlZiocA09UDaoAiEA977yY+pelaDu67wtccznceHBT4wGLWjjfzyxyDdr/lY="}
03-28 13:07:00.084 29033 29246 D MulticastServer: Broadcast block received {"ip":"192.168.1.90","cert":"MIIBGzCBwqADAgECAgYBf5Lh/YgwCgYIKoZIzj0EAwIwFTETMBEGA1UEAwwKMkB0ZXN0LmNvbTAeFw0yMjAzMTUxMzE5MThaFw0yNDAzMTYxMzE5MThaMBUxEzARBgNVBAMMCjJAdGVzdC5jb20wWTATBgcqhkjOPQIBBggqhkjOPQMBBwNCAAS+Y1FtdGs8Ucfiq/zWhVaVn4ZBowDRf+LHkKkDUQijyqT6F1OlcBHKlpSdutzah71G6VCq62b3AWQkp086ORMGMAoGCCqGSM49BAMCA0gAMEUCIHH+qCw7c9P4WGmGxr+Z6u3tdZRz/XeTlZiocA09UDaoAiEA977yY+pelaDu67wtccznceHBT4wGLWjjfzyxyDdr/lY="}
03-28 13:07:00.397 29033 29246 D MulticastServer: Broadcast block received {"ip":"192.168.1.90","cert":"MIIBGzCBwqADAgECAgYBf5Lh/YgwCgYIKoZIzj0EAwIwFTETMBEGA1UEAwwKMkB0ZXN0LmNvbTAeFw0yMjAzMTUxMzE5MThaFw0yNDAzMTYxMzE5MThaMBUxEzARBgNVBAMMCjJAdGVzdC5jb20wWTATBgcqhkjOPQIBBggqhkjOPQMBBwNCAAS+Y1FtdGs8Ucfiq/zWhVaVn4ZBowDRf+LHkKkDUQijyqT6F1OlcBHKlpSdutzah71G6VCq62b3AWQkp086ORMGMAoGCCqGSM49BAMCA0gAMEUCIHH+qCw7c9P4WGmGxr+Z6u3tdZRz/XeTlZiocA09UDaoAiEA977yY+pelaDu67wtccznceHBT4wGLWjjfzyxyDdr/lY="}
03-28 13:07:10.212 29033 29246 D MulticastServer: Registration process started with nonce 1887609437
03-28 13:07:10.217 29033 29246 D MulticastServer: Received request for ledger with nonce: 1887609437.
03-28 13:07:10.251 29033 29245 D RegistrationHandler: 1887609437 Received hash from 3@test.com: bc6ad23e3b75c35100b24c83d3021cb38f956996410119dc9922678e25e2fa5a
03-28 13:07:10.286 29033 29245 D MulticastClient: Sent messages: [{"sender":"{\"ip\":\"192.168.1.96\",\"cert\":\"MIIBGzCBwqADAgECAgYBf8\/LxZ4wCgYIKoZIzj0EAwIwFTETMBEGA1UEAwwKM0B0ZXN0LmNvbTAeFw0yMjAzMjcwOTExNTJaFw0yNDAzMjgxMDExNTJaMBUxEzARBgNVBAMMCjNAdGVzdC5jb20wWTATBgcqhkjOPQIBBggqhkjOPQMBBwNCAASU8klxBOreX5W38jpITscN1GZVSJ6ZqHNwmXx4hqGZbbqIdqck8958ao+KXRqyWGgSoeVuKiV3eUMXUa1mSB\/\/MAoGCCqGSM49BAMCA0gAMEUCICgiCb1q9NbSw0eIn\/\/33a9zqgsQUqLLyL2uebDgtmEDAiEAnvvjRAZErEMbuvKsGWN46Nc1bK9cVRIvwO0+Xp03N6A=\"}","payload":"bc6ad23e3b75c35100b24c83d3021cb38f956996410119dc9922678e25e2fa5a","mt":"LEDGER_HASH","sig":"MEUCIAD3uD7tyn05bXpZpDRJemMaGCUrAgI\/PwuWpw6r9gUlAiEA\/29y8H8lJZBEiFnSsdfGpMwIsn4\/KxIiye\/ArSAleSk=","nonce":1887609437,"seq":0,"tot":0}]
03-28 13:07:10.332 29033 29246 D RegistrationHandler: 1887609437 Received hash from 1@test.com: bc6ad23e3b75c35100b24c83d3021cb38f956996410119dc9922678e25e2fa5a
03-28 13:07:10.341 29033 29246 D RegistrationHandler: Has received 1 of 5 fragments from 6@test.com
03-28 13:07:10.348 29033 29246 D RegistrationHandler: Has received 2 of 5 from 6@test.com
03-28 13:07:10.356 29033 29246 D RegistrationHandler: Has received 3 of 5 from 6@test.com
03-28 13:07:10.360 29033 29246 D RegistrationHandler: Has received 4 of 5 from 6@test.com
03-28 13:07:10.367 29033 29246 D RegistrationHandler: Has received 5 of 5 from 6@test.com
03-28 13:07:10.374 29033 29229 D RegistrationHandler: 1887609437 Received hash from 2@test.com: bc6ad23e3b75c35100b24c83d3021cb38f956996410119dc9922678e25e2fa5a
03-28 13:07:10.379 29033 29246 D RegistrationHandler: Received full ledger from 6@test.com with nonce 1887609437
03-28 13:07:10.379 29033 29246 D RegistrationHandler: FULL_LEDGER 1887609437
03-28 13:07:10.651 29033 29229 D RegistrationHandler: Has received 5 of 5 fragments from 6@test.com
03-28 13:07:10.680 29033 29246 D RegistrationHandler: Has received 1 of 5 fragments from 4@test.com
03-28 13:07:10.686 29033 29229 D RegistrationHandler: Has received 2 of 5 from 4@test.com
03-28 13:07:10.691 29033 29246 D RegistrationHandler: Has received 3 of 5 from 4@test.com
03-28 13:07:10.699 29033 29246 D RegistrationHandler: Has received 4 of 5 from 4@test.com
03-28 13:07:10.705 29033 29246 D RegistrationHandler: Has received 5 of 5 from 4@test.com
03-28 13:07:10.726 29033 29246 D RegistrationHandler: Received full ledger from 4@test.com with nonce 1887609437
03-28 13:07:10.727 29033 29246 D RegistrationHandler: FULL_LEDGER 1887609437
03-28 13:07:10.951 29033 29246 D RegistrationHandler: Has received 5 of 5 fragments from 6@test.com
03-28 13:07:11.009 29033 29246 D RegistrationHandler: Has received 5 of 5 from 4@test.com
03-28 13:07:11.014 29033 29235 D RegistrationHandler: Has received 5 of 5 from 4@test.com
03-28 13:07:11.043 29033 29235 D RegistrationHandler: Received full ledger from 4@test.com with nonce 1887609437
03-28 13:07:11.044 29033 29246 D RegistrationHandler: Received full ledger from 4@test.com with nonce 1887609437
03-28 13:07:11.044 29033 29235 D RegistrationHandler: FULL_LEDGER 1887609437
03-28 13:07:11.044 29033 29246 D RegistrationHandler: FULL_LEDGER 1887609437
03-28 13:07:11.303 29033 29245 D RegistrationHandler: Has received 5 of 5 fragments from 4@test.com
03-28 13:07:19.640 29033 29235 D MulticastServer: Broadcast block received {"ip":"192.168.1.97","cert":"MIIBHDCBwqADAgECAgYBf5Ll+aQwCgYIKoZIzj0EAwIwFTETMBEGA1UEAwwKNUB0ZXN0LmNvbTAeFw0yMjAzMTUxMzIzMzlaFw0yNDAzMTYxMzIzMzlaMBUxEzARBgNVBAMMCjVAdGVzdC5jb20wWTATBgcqhkjOPQIBBggqhkjOPQMBBwNCAAS9OhThI4D6g/iEXxfGklrIeXd9Z0M+diiJ9ljAgsIg42aeRti+qPdLXU1/D9cRSqQkfwr3bPWV3oF684Iqni4MMAoGCCqGSM49BAMCA0kAMEYCIQDvSgAgKBB22Z/ooyqUg64EcQUigPLpb+EEue5bwGydWgIhAKus7fYnj5hLAUwnPrCw9vZZ/j2+Hst7+b4ASLL75Nl9"}
03-28 13:07:19.949 29033 29235 D MulticastServer: Broadcast block received {"ip":"192.168.1.97","cert":"MIIBHDCBwqADAgECAgYBf5Ll+aQwCgYIKoZIzj0EAwIwFTETMBEGA1UEAwwKNUB0ZXN0LmNvbTAeFw0yMjAzMTUxMzIzMzlaFw0yNDAzMTYxMzIzMzlaMBUxEzARBgNVBAMMCjVAdGVzdC5jb20wWTATBgcqhkjOPQIBBggqhkjOPQMBBwNCAAS9OhThI4D6g/iEXxfGklrIeXd9Z0M+diiJ9ljAgsIg42aeRti+qPdLXU1/D9cRSqQkfwr3bPWV3oF684Iqni4MMAoGCCqGSM49BAMCA0kAMEYCIQDvSgAgKBB22Z/ooyqUg64EcQUigPLpb+EEue5bwGydWgIhAKus7fYnj5hLAUwnPrCw9vZZ/j2+Hst7+b4ASLL75Nl9"}
03-28 13:07:20.225 29033 29268 D RegistrationHandler: ACCEPTED_LEDGER 1887609437 5
03-28 13:07:20.234 29033 29268 D RegistrationHandler: 1887609437 The accepted ledger contains: [1@test.com, 2@test.com, 3@test.com, 4@test.com, 6@test.com]
03-28 13:07:20.234 29033 29268 D MulticastServer: Registration process finished: 1887609437
03-28 13:07:20.261 29033 29235 D MulticastServer: Broadcast block received {"ip":"192.168.1.97","cert":"MIIBHDCBwqADAgECAgYBf5Ll+aQwCgYIKoZIzj0EAwIwFTETMBEGA1UEAwwKNUB0ZXN0LmNvbTAeFw0yMjAzMTUxMzIzMzlaFw0yNDAzMTYxMzIzMzlaMBUxEzARBgNVBAMMCjVAdGVzdC5jb20wWTATBgcqhkjOPQIBBggqhkjOPQMBBwNCAAS9OhThI4D6g/iEXxfGklrIeXd9Z0M+diiJ9ljAgsIg42aeRti+qPdLXU1/D9cRSqQkfwr3bPWV3oF684Iqni4MMAoGCCqGSM49BAMCA0kAMEYCIQDvSgAgKBB22Z/ooyqUg64EcQUigPLpb+EEue5bwGydWgIhAKus7fYnj5hLAUwnPrCw9vZZ/j2+Hst7+b4ASLL75Nl9"}
03-28 13:07:20.566 29033 29235 D MulticastServer: Broadcast block received {"ip":"192.168.1.97","cert":"MIIBHDCBwqADAgECAgYBf5Ll+aQwCgYIKoZIzj0EAwIwFTETMBEGA1UEAwwKNUB0ZXN0LmNvbTAeFw0yMjAzMTUxMzIzMzlaFw0yNDAzMTYxMzIzMzlaMBUxEzARBgNVBAMMCjVAdGVzdC5jb20wWTATBgcqhkjOPQIBBggqhkjOPQMBBwNCAAS9OhThI4D6g/iEXxfGklrIeXd9Z0M+diiJ9ljAgsIg42aeRti+qPdLXU1/D9cRSqQkfwr3bPWV3oF684Iqni4MMAoGCCqGSM49BAMCA0kAMEYCIQDvSgAgKBB22Z/ooyqUg64EcQUigPLpb+EEue5bwGydWgIhAKus7fYnj5hLAUwnPrCw9vZZ/j2+Hst7+b4ASLL75Nl9"}
round 18 of 100
03-28 13:08:04.818 29145 29466 D MulticastServer: MULTICAST_SERVER_LISTENING
03-28 13:08:04.822 29145 29468 D MulticastServer: Registration process started with nonce 687534312
03-28 13:08:04.828 29145 29472 D MulticastClient: REQUEST_LEDGER 687534312
03-28 13:08:04.831 29145 29472 D MulticastClient: Sent messages: [{"sender":"","payload":"","mt":"REQUEST_LEDGER","sig":"","nonce":687534312,"seq":0,"tot":0}]
03-28 13:08:05.025 29145 29474 D RegistrationHandler: Has received 1 of 2 fragments from 6@test.com
03-28 13:08:05.038 29145 29474 D RegistrationHandler: Has received 2 of 2 from 6@test.com
03-28 13:08:05.048 29145 29474 D RegistrationHandler: Received full ledger from 6@test.com with nonce 687534312
03-28 13:08:05.048 29145 29474 D RegistrationHandler: FULL_LEDGER 687534312
03-28 13:08:05.050 29145 29473 D RegistrationHandler: Has received 1 of 2 fragments from 4@test.com
03-28 13:08:05.055 29145 29473 D RegistrationHandler: Has received 2 of 2 from 4@test.com
03-28 13:08:05.059 29145 29473 D RegistrationHandler: Received full ledger from 4@test.com with nonce 687534312
03-28 13:08:05.060 29145 29473 D RegistrationHandler: FULL_LEDGER 687534312
03-28 13:08:05.410 29145 29473 D RegistrationHandler: Has received 2 of 2 from 4@test.com
03-28 13:08:05.418 29145 29473 D RegistrationHandler: Received full ledger from 4@test.com with nonce 687534312
03-28 13:08:05.418 29145 29473 D RegistrationHandler: FULL_LEDGER 687534312
03-28 13:08:05.955 29145 29473 D RegistrationHandler: Has received 2 of 2 fragments from 4@test.com
03-28 13:08:05.958 29145 29482 D RegistrationHandler: Has received 2 of 2 fragments from 6@test.com
03-28 13:08:14.838 29145 29469 D RegistrationHandler: ACCEPTED_LEDGER 687534312 2
03-28 13:08:14.845 29145 29469 D RegistrationHandler: 687534312 The accepted ledger contains: [4@test.com, 6@test.com]
03-28 13:08:14.845 29145 29469 D RegistrationHandler: 687534312 Registration started
03-28 13:08:14.859 29145 29469 D MulticastServer: Registration process finished: 687534312
03-28 13:08:14.871 29145 29482 D MulticastClient: Sent messages: [{"sender":"3@test.com","payload":"{\"ip\":\"192.168.1.96\",\"cert\":\"MIIBGzCBwqADAgECAgYBf8\/LxZ4wCgYIKoZIzj0EAwIwFTETMBEGA1UEAwwKM0B0ZXN0LmNvbTAeFw0yMjAzMjcwOTExNTJaFw0yNDAzMjgxMDExNTJaMBUxEzARBgNVBAMMCjNAdGVzdC5jb20wWTATBgcqhkjOPQIBBggqhkjOPQMBBwNCAASU8klxBOreX5W38jpITscN1GZVSJ6ZqHNwmXx4hqGZbbqIdqck8958ao+KXRqyWGgSoeVuKiV3eUMXUa1mSB\/\/MAoGCCqGSM49BAMCA0gAMEUCICgiCb1q9NbSw0eIn\/\/33a9zqgsQUqLLyL2uebDgtmEDAiEAnvvjRAZErEMbuvKsGWN46Nc1bK9cVRIvwO0+Xp03N6A=\"}","mt":"BROADCAST_BLOCK","sig":"MEUCIGC4DB8BymPYT0CdJ+tz56gLXiAUky\/RetyZT+872gLfAiEA3Xn\/eWElEqwzGP94xCPM+pbLC2z7F5lGumm4Qml3+jA=","nonce":687534312,"seq":0,"tot":0}]
03-28 13:08:24.048 29145 29473 D MulticastServer: Registration process started with nonce 1475811345
03-28 13:08:24.053 29145 29473 D MulticastServer: Received request for ledger with nonce: 1475811345.
03-28 13:08:24.079 29145 29482 D RegistrationHandler: 1475811345 Received hash from 3@test.com: 9b606d265dd430c4e75c035f54688f0b3d8408d3db265e51aa2fb053cff94a28
