03-28 13:08:24.136 29145 29482 D MulticastClient: Sent messages: [{"sender":"{\"ip\":\"192.168.1.96\",\"cert\":\"MIIBGzCBwqADAgECAgYBf8\/LxZ4wCgYIKoZIzj0EAwIwFTETMBEGA1UEAwwKM0B0ZXN0LmNvbTAeFw0yMjAzMjcwOTExNTJaFw0yNDAzMjgxMDExNTJaMBUxEzARBgNVBAMMCjNAdGVzdC5jb20wWTATBgcqhkjOPQIBBggqhkjOPQMBBwNCAASU8klxBOreX5W38jpITscN1GZVSJ6ZqHNwmXx4hqGZbbqIdqck8958ao+KXRqyWGgSoeVuKiV3eUMXUa1mSB\/\/MAoGCCqGSM49BAMCA0gAMEUCICgiCb1q9NbSw0eIn\/\/33a9zqgsQUqLLyL2uebDgtmEDAiEAnvvjRAZErEMbuvKsGWN46Nc1bK9cVRIvwO0+Xp03N6A=\"}","payload":"9b606d265dd430c4e75c035f54688f0b3d8408d3db265e51aa2fb053cff94a28","mt":"LEDGER_HASH","sig":"MEUCIQCh8+7keMRGbl5gKR7THzZf7cwayWhiXtd5UMFRwzmP6QIgGR12+abnQr5tF6k3f5pFdjtsO2wSaVQlv9fp6VUDEBY=","nonce":1475811345,"seq":0,"tot":0}]
03-28 13:08:24.158 29145 29472 D RegistrationHandler: Has received 1 of 3 fragments from 6@test.com
03-28 13:08:24.168 29145 29472 D RegistrationHandler: Has received 2 of 3 from 6@test.com
03-28 13:08:24.177 29145 29472 D RegistrationHandler: Has received 1 of 3 fragments from 4@test.com
03-28 13:08:24.183 29145 29472 D RegistrationHandler: Has received 2 of 3 from 4@test.com
03-28 13:08:24.189 29145 29472 D RegistrationHandler: Has received 3 of 3 from 4@test.com
03-28 13:08:24.198 29145 29472 D RegistrationHandler: Received full ledger from 4@test.com with nonce 1475811345
03-28 13:08:24.198 29145 29472 D RegistrationHandler: FULL_LEDGER 1475811345
03-28 13:08:24.496 29145 29472 D RegistrationHandler: Has received 3 of 3 fragments from 4@test.com
03-28 13:08:24.517 29145 29472 D RegistrationHandler: Has received 2 of 3 fragments from 6@test.com
03-28 13:08:24.522 29145 29474 D RegistrationHandler: Has received 3 of 3 from 6@test.com
03-28 13:08:24.532 29145 29472 D RegistrationHandler: Received full ledger from 6@test.com with nonce 1475811345
03-28 13:08:24.532 29145 29472 D RegistrationHandler: FULL_LEDGER 1475811345
03-28 13:08:24.534 29145 29473 D RegistrationHandler: Has received 3 of 3 from 6@test.com
03-28 13:08:24.535 29145 29474 D RegistrationHandler: Received full ledger from 6@test.com with nonce 1475811345
03-28 13:08:24.535 29145 29474 D RegistrationHandler: FULL_LEDGER 1475811345
03-28 13:08:24.559 29145 29473 D RegistrationHandler: Received full ledger from 6@test.com with nonce 1475811345
03-28 13:08:24.559 29145 29473 D RegistrationHandler: FULL_LEDGER 1475811345
03-28 13:08:24.778 29145 29474 D RegistrationHandler: Has received 3 of 3 fragments from 6@test.com
03-28 13:08:24.792 29145 29474 D RegistrationHandler: Received full ledger from 6@test.com with nonce 1475811345
03-28 13:08:24.792 29145 29474 D RegistrationHandler: FULL_LEDGER 1475811345
03-28 13:08:24.798 29145 29474 D RegistrationHandler: Has received 3 of 3 fragments from 4@test.com
03-28 13:08:25.082 29145 29482 D RegistrationHandler: Has received 3 of 3 fragments from 6@test.com
03-28 13:08:25.095 29145 29482 D RegistrationHandler: Received full ledger from 6@test.com with nonce 1475811345
03-28 13:08:25.095 29145 29482 D RegistrationHandler: FULL_LEDGER 1475811345
03-28 13:08:25.186 29145 29482 D RegistrationHandler: Has received 3 of 3 fragments from 4@test.com
03-28 13:08:34.060 29145 29497 D RegistrationHandler: ACCEPTED_LEDGER 1475811345 3
03-28 13:08:34.067 29145 29497 D RegistrationHandler: 1475811345 The accepted ledger contains: [3@test.com, 4@test.com, 6@test.com]
03-28 13:08:34.067 29145 29497 D MulticastServer: Registration process finished: 1475811345
03-28 13:08:34.090 29145 29472 D MulticastServer: Broadcast block received {"ip":"192.168.1.126","cert":"MIIBHDCBwqADAgECAgYBf5LhKoUwCgYIKoZIzj0EAwIwFTETMBEGA1UEAwwKMUB0ZXN0LmNvbTAeFw0yMjAzMTUxMzE4MjRaFw0yNDAzMTYxMzE4MjRaMBUxEzARBgNVBAMMCjFAdGVzdC5jb20wWTATBgcqhkjOPQIBBggqhkjOPQMBBwNCAARygid4IUjQcO5q061zUYi/H7lvnalm9LjGvCXUiUKNjFkRZCQQHkQr3g5NSREvlv8eDTjoMpzkwAR2X7BGjdlzMAoGCCqGSM49BAMCA0kAMEYCIQCiHMll2QZaqlteytfUXQC9N+f0vW3g05QfhOXX51uZkQIhAOqRAe/npOy8z8s0m0jcslsGFJ4m0z8mdDgpGZNaRRtS"}
03-28 13:08:34.393 29145 29472 D MulticastServer: Broadcast block received {"ip":"192.168.1.126","cert":"MIIBHDCBwqADAgECAgYBf5LhKoUwCgYIKoZIzj0EAwIwFTETMBEGA1UEAwwKMUB0ZXN0LmNvbTAeFw0yMjAzMTUxMzE4MjRaFw0yNDAzMTYxMzE4MjRaMBUxEzARBgNVBAMMCjFAdGVzdC5jb20wWTATBgcqhkjOPQIBBggqhkjOPQMBBwNCAARygid4IUjQcO5q061zUYi/H7lvnalm9LjGvCXUiUKNjFkRZCQQHkQr3g5NSREvlv8eDTjoMpzkwAR2X7BGjdlzMAoGCCqGSM49BAMCA0kAMEYCIQCiHMll2QZaqlteytfUXQC9N+f0vW3g05QfhOXX51uZkQIhAOqRAe/npOy8z8s0m0jcslsGFJ4m0z8mdDgpGZNaRRtS"}
03-28 13:08:35.009 29145 29472 D MulticastServer: Broadcast block received {"ip":"192.168.1.126","cert":"MIIBHDCBwqADAgECAgYBf5LhKoUwCgYIKoZIzj0EAwIwFTETMBEGA1UEAwwKMUB0ZXN0LmNvbTAeFw0yMjAzMTUxMzE4MjRaFw0yNDAzMTYxMzE4MjRaMBUxEzARBgNVBAMMCjFAdGVzdC5jb20wWTATBgcqhkjOPQIBBggqhkjOPQMBBwNCAARygid4IUjQcO5q061zUYi/H7lvnalm9LjGvCXUiUKNjFkRZCQQHkQr3g5NSREvlv8eDTjoMpzkwAR2X7BGjdlzMAoGCCqGSM49BAMCA0kAMEYCIQCiHMll2QZaqlteytfUXQC9N+f0vW3g05QfhOXX51uZkQIhAOqRAe/npOy8z8s0m0jcslsGFJ4m0z8mdDgpGZNaRRtS"}
03-28 13:08:44.420 29145 29472 D MulticastServer: Registration process started with nonce 1785099985
03-28 13:08:44.425 29145 29472 D MulticastServer: Received request for ledger with nonce: 1785099985.
03-28 13:08:44.443 29145 29473 D RegistrationHandler: 1785099985 Received hash from 3@test.com: b11626c0c0a88185f91f60672285a57b8268073cbbbe90d263affedee4ff522d
03-28 13:08:44.478 29145 29473 D MulticastClient: Sent messages: [{"sender":"{\"ip\":\"192.168.1.96\",\"cert\":\"MIIBGzCBwqADAgECAgYBf8\/LxZ4wCgYIKoZIzj0EAwIwFTETMBEGA1UEAwwKM0B0ZXN0LmNvbTAeFw0yMjAzMjcwOTExNTJaFw0yNDAzMjgxMDExNTJaMBUxEzARBgNVBAMMCjNAdGVzdC5jb20wWTATBgcqhkjOPQIBBggqhkjOPQMBBwNCAASU8klxBOreX5W38jpITscN1GZVSJ6ZqHNwmXx4hqGZbbqIdqck8958ao+KXRqyWGgSoeVuKiV3eUMXUa1mSB\/\/MAoGCCqGSM49BAMCA0gAMEUCICgiCb1q9NbSw0eIn\/\/33a9zqgsQUqLLyL2uebDgtmEDAiEAnvvjRAZErEMbuvKsGWN46Nc1bK9cVRIvwO0+Xp03N6A=\"}","payload":"b11626c0c0a88185f91f60672285a57b8268073cbbbe90d263affedee4ff522d","mt":"LEDGER_HASH","sig":"MEYCIQDzZiBi3LBD3AeYKMvybqFA4sLYOGLVBQmKfAkY+PktAQIhAOALlmYD0ZWLlN83k5VCjgKYfkTp0kkMSs0bR51J7n99","nonce":1785099985,"seq":0,"tot":0}]
03-28 13:08:44.531 29145 29474 D RegistrationHandler: 1785099985 Received hash from 1@test.com: b11626c0c0a88185f91f60672285a57b8268073cbbbe90d263affedee4ff522d
03-28 13:08:44.586 29145 29474 D RegistrationHandler: Has received 1 of 4 fragments from 6@test.com
03-28 13:08:44.855 29145 29472 D RegistrationHandler: Has received 1 of 4 fragments from 4@test.com
03-28 13:08:45.232 29145 29472 D RegistrationHandler: Has received 2 of 4 from 4@test.com
03-28 13:08:45.507 29145 29473 D RegistrationHandler: Has received 1 of 4 fragments from 6@test.com
03-28 13:08:45.511 29145 29472 D RegistrationHandler: Has received 2 of 4 from 6@test.com
03-28 13:08:45.551 29145 29472 D RegistrationHandler: Has received 3 of 4 from 6@test.com
03-28 13:08:54.461 29145 29472 D MulticastServer: Broadcast block received {"ip":"192.168.1.90","cert":"MIIBGzCBwqADAgECAgYBf5Lh/YgwCgYIKoZIzj0EAwIwFTETMBEGA1UEAwwKMkB0ZXN0LmNvbTAeFw0yMjAzMTUxMzE5MThaFw0yNDAzMTYxMzE5MThaMBUxEzARBgNVBAMMCjJAdGVzdC5jb20wWTATBgcqhkjOPQIBBggqhkjOPQMBBwNCAAS+Y1FtdGs8Ucfiq/zWhVaVn4ZBowDRf+LHkKkDUQijyqT6F1OlcBHKlpSdutzah71G6VCq62b3AWQkp086ORMGMAoGCCqGSM49BAMCA0gAMEUCIHH+qCw7c9P4WGmGxr+Z6u3tdZRz/XeTlZiocA09UDaoAiEA977yY+pelaDu67wtccznceHBT4wGLWjjfzyxyDdr/lY="}
03-28 13:08:54.879 29145 29472 D MulticastServer: Broadcast block received {"ip":"192.168.1.90","cert":"MIIBGzCBwqADAgECAgYBf5Lh/YgwCgYIKoZIzj0EAwIwFTETMBEGA1UEAwwKMkB0ZXN0LmNvbTAeFw0yMjAzMTUxMzE5MThaFw0yNDAzMTYxMzE5MThaMBUxEzARBgNVBAMMCjJAdGVzdC5jb20wWTATBgcqhkjOPQIBBggqhkjOPQMBBwNCAAS+Y1FtdGs8Ucfiq/zWhVaVn4ZBowDRf+LHkKkDUQijyqT6F1OlcBHKlpSdutzah71G6VCq62b3AWQkp086ORMGMAoGCCqGSM49BAMCA0gAMEUCIHH+qCw7c9P4WGmGxr+Z6u3tdZRz/XeTlZiocA09UDaoAiEA977yY+pelaDu67wtccznceHBT4wGLWjjfzyxyDdr/lY="}
03-28 13:08:55.079 29145 29472 D MulticastServer: Broadcast block received {"ip":"192.168.1.90","cert":"MIIBGzCBwqADAgECAgYBf5Lh/YgwCgYIKoZIzj0EAwIwFTETMBEGA1UEAwwKMkB0ZXN0LmNvbTAeFw0yMjAzMTUxMzE5MThaFw0yNDAzMTYxMzE5MThaMBUxEzARBgNVBAMMCjJAdGVzdC5jb20wWTATBgcqhkjOPQIBBggqhkjOPQMBBwNCAAS+Y1FtdGs8Ucfiq/zWhVaVn4ZBowDRf+LHkKkDUQijyqT6F1OlcBHKlpSdutzah71G6VCq62b3AWQkp086ORMGMAoGCCqGSM49BAMCA0gAMEUCIHH+qCw7c9P4WGmGxr+Z6u3tdZRz/XeTlZiocA09UDaoAiEA977yY+pelaDu67wtccznceHBT4wGLWjjfzyxyDdr/lY="}
03-28 13:08:55.386 29145 29472 D MulticastServer: Broadcast block received {"ip":"192.168.1.90","cert":"MIIBGzCBwqADAgECAgYBf5Lh/YgwCgYIKoZIzj0EAwIwFTETMBEGA1UEAwwKMkB0ZXN0LmNvbTAeFw0yMjAzMTUxMzE5MThaFw0yNDAzMTYxMzE5MThaMBUxEzARBgNVBAMMCjJAdGVzdC5jb20wWTATBgcqhkjOPQIBBggqhkjOPQMBBwNCAAS+Y1FtdGs8Ucfiq/zWhVaVn4ZBowDRf+LHkKkDUQijyqT6F1OlcBHKlpSdutzah71G6VCq62b3AWQkp086ORMGMAoGCCqGSM49BAMCA0gAMEUCIHH+qCw7c9P4WGmGxr+Z6u3tdZRz/XeTlZiocA09UDaoAiEA977yY+pelaDu67wtccznceHBT4wGLWjjfzyxyDdr/lY="}
03-28 13:09:04.593 29145 29472 D MulticastServer: Registration process started with nonce 1516856920
03-28 13:09:04.598 29145 29472 D MulticastServer: Received request for ledger with nonce: 1516856920.
03-28 13:09:04.620 29145 29473 D RegistrationHandler: 1516856920 Received hash from 3@test.com: bc6ad23e3b75c35100b24c83d3021cb38f956996410119dc9922678e25e2fa5a
03-28 13:09:04.653 29145 29473 D MulticastClient: Sent messages: [{"sender":"{\"ip\":\"192.168.1.96\",\"cert\":\"MIIBGzCBwqADAgECAgYBf8\/LxZ4wCgYIKoZIzj0EAwIwFTETMBEGA1UEAwwKM0B0ZXN0LmNvbTAeFw0yMjAzMjcwOTExNTJaFw0yNDAzMjgxMDExNTJaMBUxEzARBgNVBAMMCjNAdGVzdC5jb20wWTATBgcqhkjOPQIBBggqhkjOPQMBBwNCAASU8klxBOreX5W38jpITscN1GZVSJ6ZqHNwmXx4hqGZbbqIdqck8958ao+KXRqyWGgSoeVuKiV3eUMXUa1mSB\/\/MAoGCCqGSM49BAMCA0gAMEUCICgiCb1q9NbSw0eIn\/\/33a9zqgsQUqLLyL2uebDgtmEDAiEAnvvjRAZErEMbuvKsGWN46Nc1bK9cVRIvwO0+Xp03N6A=\"}","payload":"bc6ad23e3b75c35100b24c83d3021cb38f956996410119dc9922678e25e2fa5a","mt":"LEDGER_HASH","sig":"MEUCICwsa56kK3HJ4sj8wkmj8er5PX\/brTgEoqQfBu0+ng1bAiEApBzzKEZvekWCP\/jIElqMpX5BfmR2F4Z46VzNrF90\/tw=","nonce":1516856920,"seq":0,"tot":0}]
03-28 13:09:04.714 29145 29474 D RegistrationHandler: Has received 1 of 5 fragments from 6@test.com
03-28 13:09:04.719 29145 29474 D RegistrationHandler: Has received 2 of 5 from 6@test.com
03-28 13:09:04.753 29145 29474 D RegistrationHandler: Has received 1 of 5 fragments from 4@test.com
03-28 13:09:04.766 29145 29474 D RegistrationHandler: Has received 2 of 5 from 4@test.com
03-28 13:09:04.772 29145 29472 D RegistrationHandler: Has received 3 of 5 from 4@test.com
03-28 13:09:04.780 29145 29474 D RegistrationHandler: Has received 4 of 5 from 4@test.com
03-28 13:09:04.788 29145 29472 D RegistrationHandler: Has received 5 of 5 from 4@test.com
03-28 13:09:04.821 29145 29472 D RegistrationHandler: Received full ledger from 4@test.com with nonce 1516856920
03-28 13:09:04.821 29145 29472 D RegistrationHandler: FULL_LEDGER 1516856920
03-28 13:09:05.051 29145 29472 D RegistrationHandler: Has received 2 of 5 fragments from 6@test.com
03-28 13:09:05.058 29145 29472 D RegistrationHandler: Has received 2 of 5 from 6@test.com
03-28 13:09:05.115 29145 29472 D RegistrationHandler: Has received 3 of 5 from 6@test.com
03-28 13:09:05.327 29145 29472 D RegistrationHandler: 1516856920 Received hash from 1@test.com: bc6ad23e3b75c35100b24c83d3021cb38f956996410119dc9922678e25e2fa5a
03-28 13:09:05.337 29145 29482 D RegistrationHandler: Has received 3 of 5 from 6@test.com
03-28 13:09:05.337 29145 29474 D RegistrationHandler: Has received 3 of 5 fragments from 6@test.com
03-28 13:09:05.342 29145 29472 D RegistrationHandler: Has received 4 of 5 from 6@test.com
03-28 13:09:05.375 29145 29472 D RegistrationHandler: Has received 5 of 5 fragments from 4@test.com
03-28 13:09:05.431 29145 29472 D RegistrationHandler: 1516856920 Received hash from 2@test.com: bc6ad23e3b75c35100b24c83d3021cb38f956996410119dc9922678e25e2fa5a
03-28 13:09:05.718 29145 29473 D RegistrationHandler: Has received 5 of 5 from 6@test.com
03-28 13:09:05.735 29145 29472 D RegistrationHandler: Has received 5 of 5 fragments from 4@test.com
03-28 13:09:05.745 29145 29473 D RegistrationHandler: Received full ledger from 6@test.com with nonce 1516856920
03-28 13:09:05.745 29145 29473 D RegistrationHandler: FULL_LEDGER 1516856920
03-28 13:09:14.604 29145 29510 D RegistrationHandler: ACCEPTED_LEDGER 1516856920 5
03-28 13:09:14.617 29145 29510 D RegistrationHandler: 1516856920 The accepted ledger contains: [1@test.com, 2@test.com, 3@test.com, 4@test.com, 6@test.com]
03-28 13:09:14.617 29145 29510 D MulticastServer: Registration process finished: 1516856920
03-28 13:09:14.638 29145 29473 D MulticastServer: Broadcast block received {"ip":"192.168.1.97","cert":"MIIBHDCBwqADAgECAgYBf5Ll+aQwCgYIKoZIzj0EAwIwFTETMBEGA1UEAwwKNUB0ZXN0LmNvbTAeFw0yMjAzMTUxMzIzMzlaFw0yNDAzMTYxMzIzMzlaMBUxEzARBgNVBAMMCjVAdGVzdC5jb20wWTATBgcqhkjOPQIBBggqhkjOPQMBBwNCAAS9OhThI4D6g/iEXxfGklrIeXd9Z0M+diiJ9ljAgsIg42aeRti+qPdLXU1/D9cRSqQkfwr3bPWV3oF684Iqni4MMAoGCCqGSM49BAMCA0kAMEYCIQDvSgAgKBB22Z/ooyqUg64EcQUigPLpb+EEue5bwGydWgIhAKus7fYnj5hLAUwnPrCw9vZZ/j2+Hst7+b4ASLL75Nl9"}
03-28 13:09:14.958 29145 29473 D MulticastServer: Broadcast block received {"ip":"192.168.1.97","cert":"MIIBHDCBwqADAgECAgYBf5Ll+aQwCgYIKoZIzj0EAwIwFTETMBEGA1UEAwwKNUB0ZXN0LmNvbTAeFw0yMjAzMTUxMzIzMzlaFw0yNDAzMTYxMzIzMzlaMBUxEzARBgNVBAMMCjVAdGVzdC5jb20wWTATBgcqhkjOPQIBBggqhkjOPQMBBwNCAAS9OhThI4D6g/iEXxfGklrIeXd9Z0M+diiJ9ljAgsIg42aeRti+qPdLXU1/D9cRSqQkfwr3bPWV3oF684Iqni4MMAoGCCqGSM49BAMCA0kAMEYCIQDvSgAgKBB22Z/ooyqUg64EcQUigPLpb+EEue5bwGydWgIhAKus7fYnj5hLAUwnPrCw9vZZ/j2+Hst7+b4ASLL75Nl9"}
03-28 13:09:15.252 29145 29473 D MulticastServer: Broadcast block received {"ip":"192.168.1.97","cert":"MIIBHDCBwqADAgECAgYBf5Ll+aQwCgYIKoZIzj0EAwIwFTETMBEGA1UEAwwKNUB0ZXN0LmNvbTAeFw0yMjAzMTUxMzIzMzlaFw0yNDAzMTYxMzIzMzlaMBUxEzARBgNVBAMMCjVAdGVzdC5jb20wWTATBgcqhkjOPQIBBggqhkjOPQMBBwNCAAS9OhThI4D6g/iEXxfGklrIeXd9Z0M+diiJ9ljAgsIg42aeRti+qPdLXU1/D9cRSqQkfwr3bPWV3oF684Iqni4MMAoGCCqGSM49BAMCA0kAMEYCIQDvSgAgKBB22Z/ooyqUg64EcQUigPLpb+EEue5bwGydWgIhAKus7fYnj5hLAUwnPrCw9vZZ/j2+Hst7+b4ASLL75Nl9"}
03-28 13:09:15.452 29145 29473 D MulticastServer: Received request for 2@test.com to send ledger with hash bc6ad23e3b75c35100b24c83d3021cb38f956996410119dc9922678e25e2fa5a
03-28 13:09:15.758 29145 29473 D MulticastServer: Received request for 2@test.com to send ledger with hash bc6ad23e3b75c35100b24c83d3021cb38f956996410119dc9922678e25e2fa5a
03-28 13:09:15.961 29145 29473 D MulticastServer: Received request for 3@test.com to send ledger with hash bc6ad23e3b75c35100b24c83d3021cb38f956996410119dc9922678e25e2fa5a
03-28 13:09:16.165 29145 29473 D MulticastServer: Received request for 3@test.com to send ledger with hash bc6ad23e3b75c35100b24c83d3021cb38f956996410119dc9922678e25e2fa5a
03-28 13:09:16.370 29145 29473 D MulticastServer: Received request for 3@test.com to send ledger with hash bc6ad23e3b75c35100b24c83d3021cb38f956996410119dc9922678e25e2fa5a
03-28 13:09:16.471 29145 29473 D MulticastServer: Received request for 3@test.com to send ledger with hash bc6ad23e3b75c35100b24c83d3021cb38f956996410119dc9922678e25e2fa5a
03-28 13:09:16.677 29145 29473 D MulticastServer: Received request for 3@test.com to send ledger with hash bc6ad23e3b75c35100b24c83d3021cb38f956996410119dc9922678e25e2fa5a
03-28 13:09:16.779 29145 29473 D MulticastServer: Received request for 3@test.com to send ledger with hash bc6ad23e3b75c35100b24c83d3021cb38f956996410119dc9922678e25e2fa5a
03-28 13:09:17.090 29145 29473 D MulticastServer: Received request for 3@test.com to send ledger with hash bc6ad23e3b75c35100b24c83d3021cb38f956996410119dc9922678e25e2fa5a
03-28 13:09:17.395 29145 29473 D MulticastServer: Received request for 3@test.com to send ledger with hash bc6ad23e3b75c35100b24c83d3021cb38f956996410119dc9922678e25e2fa5a
round 19 of 100
03-28 13:09:59.605 29250 29581 D MulticastServer: MULTICAST_SERVER_LISTENING
03-28 13:09:59.609 29250 29583 D MulticastServer: Registration process started with nonce 2025653520
03-28 13:09:59.615 29250 29582 D MulticastClient: REQUEST_LEDGER 2025653520
03-28 13:09:59.618 29250 29582 D MulticastClient: Sent messages: [{"sender":"","payload":"","mt":"REQUEST_LEDGER","sig":"","nonce":2025653520,"seq":0,"tot":0}]
03-28 13:09:59.818 29250 29588 D RegistrationHandler: Has received 1 of 2 fragments from 6@test.com
03-28 13:10:00.429 29250 29588 D RegistrationHandler: Has received 1 of 2 fragments from 6@test.com
03-28 13:10:00.430 29250 29600 D RegistrationHandler: Has received 1 of 2 fragments from 4@test.com
03-28 13:10:00.431 29250 29597 D RegistrationHandler: Has received 2 of 2 from 6@test.com
03-28 13:10:00.447 29250 29597 D RegistrationHandler: Received full ledger from 6@test.com with nonce 2025653520
03-28 13:10:00.448 29250 29597 D RegistrationHandler: FULL_LEDGER 2025653520
03-28 13:10:00.451 29250 29600 D RegistrationHandler: Received full ledger from 4@test.com with nonce 2025653520
03-28 13:10:00.451 29250 29600 D RegistrationHandler: FULL_LEDGER 2025653520
03-28 13:10:00.741 29250 29597 D RegistrationHandler: Has received 1 of 2 fragments from 4@test.com
03-28 13:10:00.742 29250 29600 D RegistrationHandler: Has received 2 of 2 fragments from 6@test.com
03-28 13:10:00.756 29250 29597 D RegistrationHandler: Received full ledger from 4@test.com with nonce 2025653520
03-28 13:10:00.756 29250 29597 D RegistrationHandler: FULL_LEDGER 2025653520
03-28 13:10:09.617 29250 29584 D RegistrationHandler: ACCEPTED_LEDGER 2025653520 2
03-28 13:10:09.620 29250 29584 D RegistrationHandler: 2025653520 The accepted ledger contains: [4@test.com, 6@test.com]
03-28 13:10:09.620 29250 29584 D RegistrationHandler: 2025653520 Registration started
03-28 13:10:09.635 29250 29584 D MulticastServer: Registration process finished: 2025653520
03-28 13:10:09.641 29250 29597 D MulticastClient: Sent messages: [{"sender":"3@test.com","payload":"{\"ip\":\"192.168.1.96\",\"cert\":\"MIIBGzCBwqADAgECAgYBf8\/LxZ4wCgYIKoZIzj0EAwIwFTETMBEGA1UEAwwKM0B0ZXN0LmNvbTAeFw0yMjAzMjcwOTExNTJaFw0yNDAzMjgxMDExNTJaMBUxEzARBgNVBAMMCjNAdGVzdC5jb20wWTATBgcqhkjOPQIBBggqhkjOPQMBBwNCAASU8klxBOreX5W38jpITscN1GZVSJ6ZqHNwmXx4hqGZbbqIdqck8958ao+KXRqyWGgSoeVuKiV3eUMXUa1mSB\/\/MAoGCCqGSM49BAMCA0gAMEUCICgiCb1q9NbSw0eIn\/\/33a9zqgsQUqLLyL2uebDgtmEDAiEAnvvjRAZErEMbuvKsGWN46Nc1bK9cVRIvwO0+Xp03N6A=\"}","mt":"BROADCAST_BLOCK","sig":"MEUCIGF+XiIWgzvyiNdrl405hefNhQPAuXMvlJwUiuJmiy3MAiEAtYlmCupLTmvaHsqG4jqb8Q73OITIjbsh7wL1LHk85lg=","nonce":2025653520,"seq":0,"tot":0}]
03-28 13:10:18.841 29250 29597 D MulticastServer: Registration process started with nonce 1046450083
03-28 13:10:18.846 29250 29597 D MulticastServer: Received request for ledger with nonce: 1046450083.
03-28 13:10:18.872 29250 29600 D RegistrationHandler: 1046450083 Received hash from 3@test.com: 9b606d265dd430c4e75c035f54688f0b3d8408d3db265e51aa2fb053cff94a28
03-28 13:10:18.920 29250 29600 D MulticastClient: Sent messages: [{"sender":"{\"ip\":\"192.168.1.96\",\"cert\":\"MIIBGzCBwqADAgECAgYBf8\/LxZ4wCgYIKoZIzj0EAwIwFTETMBEGA1UEAwwKM0B0ZXN0LmNvbTAeFw0yMjAzMjcwOTExNTJaFw0yNDAzMjgxMDExNTJaMBUxEzARBgNVBAMMCjNAdGVzdC5jb20wWTATBgcqhkjOPQIBBggqhkjOPQMBBwNCAASU8klxBOreX5W38jpITscN1GZVSJ6ZqHNwmXx4hqGZbbqIdqck8958ao+KXRqyWGgSoeVuKiV3eUMXUa1mSB\/\/MAoGCCqGSM49BAMCA0gAMEUCICgiCb1q9NbSw0eIn\/\/33a9zqgsQUqLLyL2uebDgtmEDAiEAnvvjRAZErEMbuvKsGWN46Nc1bK9cVRIvwO0+Xp03N6A=\"}","payload":"9b606d265dd430c4e75c035f54688f0b3d8408d3db265e51aa2fb053cff94a28","mt":"LEDGER_HASH","sig":"MEYCIQCZGZ+mgYlZMZ\/2GJYdul+gfSkai9LGOZdK4oY3sHfCdAIhAIMQfdPN+GDiz5Tjb50Ge+a0WPQdOXJpAdgecLaM3Lai","nonce":1046450083,"seq":0,"tot":0}]
03-28 13:10:19.278 29250 29597 D RegistrationHandler: Has received 1 of 3 fragments from 6@test.com
03-28 13:10:19.298 29250 29597 D RegistrationHandler: Has received 1 of 3 fragments from 4@test.com
03-28 13:10:19.302 29250 29597 D RegistrationHandler: Has received 2 of 3 from 4@test.com
03-28 13:10:19.309 29250 29597 D RegistrationHandler: Has received 3 of 3 from 4@test.com
03-28 13:10:19.318 29250 29597 D RegistrationHandler: Received full ledger from 4@test.com with nonce 1046450083
03-28 13:10:19.318 29250 29597 D RegistrationHandler: FULL_LEDGER 1046450083
03-28 13:10:19.581 29250 29601 D RegistrationHandler: Has received 2 of 3 from 6@test.com
03-28 13:10:19.581 29250 29597 D RegistrationHandler: Has received 3 of 3 from 6@test.com
03-28 13:10:19.585 29250 29602 D RegistrationHandler: Has received 3 of 3 fragments from 6@test.com
03-28 13:10:19.593 29250 29597 D RegistrationHandler: Received full ledger from 6@test.com with nonce 1046450083
03-28 13:10:19.593 29250 29597 D RegistrationHandler: FULL_LEDGER 1046450083
03-28 13:10:19.614 29250 29602 D RegistrationHandler: Received full ledger from 6@test.com with nonce 1046450083
03-28 13:10:19.614 29250 29602 D RegistrationHandler: FULL_LEDGER 1046450083
03-28 13:10:19.874 29250 29600 D RegistrationHandler: Has received 3 of 3 fragments from 6@test.com
03-28 13:10:19.896 29250 29597 D RegistrationHandler: Has received 3 of 3 fragments from 4@test.com
03-28 13:10:19.907 29250 29600 D RegistrationHandler: Received full ledger from 6@test.com with nonce 1046450083
03-28 13:10:19.907 29250 29600 D RegistrationHandler: FULL_LEDGER 1046450083
03-28 13:10:28.852 29250 29612 D RegistrationHandler: ACCEPTED_LEDGER 1046450083 3
03-28 13:10:28.859 29250 29612 D RegistrationHandler: 1046450083 The accepted ledger contains: [3@test.com, 4@test.com, 6@test.com]
03-28 13:10:28.859 29250 29612 D MulticastServer: Registration process finished: 1046450083
03-28 13:10:28.884 29250 29600 D MulticastServer: Broadcast block received {"ip":"192.168.1.126","cert":"MIIBHDCBwqADAgECAgYBf5LhKoUwCgYIKoZIzj0EAwIwFTETMBEGA1UEAwwKMUB0ZXN0LmNvbTAeFw0yMjAzMTUxMzE4MjRaFw0yNDAzMTYxMzE4MjRaMBUxEzARBgNVBAMMCjFAdGVzdC5jb20wWTATBgcqhkjOPQIBBggqhkjOPQMBBwNCAARygid4IUjQcO5q061zUYi/H7lvnalm9LjGvCXUiUKNjFkRZCQQHkQr3g5NSREvlv8eDTjoMpzkwAR2X7BGjdlzMAoGCCqGSM49BAMCA0kAMEYCIQCiHMll2QZaqlteytfUXQC9N+f0vW3g05QfhOXX51uZkQIhAOqRAe/npOy8z8s0m0jcslsGFJ4m0z8mdDgpGZNaRRtS"}
03-28 13:10:29.089 29250 29600 D MulticastServer: Broadcast block received {"ip":"192.168.1.126","cert":"MIIBHDCBwqADAgECAgYBf5LhKoUwCgYIKoZIzj0EAwIwFTETMBEGA1UEAwwKMUB0ZXN0LmNvbTAeFw0yMjAzMTUxMzE4MjRaFw0yNDAzMTYxMzE4MjRaMBUxEzARBgNVBAMMCjFAdGVzdC5jb20wWTATBgcqhkjOPQIBBggqhkjOPQMBBwNCAARygid4IUjQcO5q061zUYi/H7lvnalm9LjGvCXUiUKNjFkRZCQQHkQr3g5NSREvlv8eDTjoMpzkwAR2X7BGjdlzMAoGCCqGSM49BAMCA0kAMEYCIQCiHMll2QZaqlteytfUXQC9N+f0vW3g05QfhOXX51uZkQIhAOqRAe/npOy8z8s0m0jcslsGFJ4m0z8mdDgpGZNaRRtS"}
03-28 13:10:29.390 29250 29600 D MulticastServer: Broadcast block received {"ip":"192.168.1.126","cert":"MIIBHDCBwqADAgECAgYBf5LhKoUwCgYIKoZIzj0EAwIwFTETMBEGA1UEAwwKMUB0ZXN0LmNvbTAeFw0yMjAzMTUxMzE4MjRaFw0yNDAzMTYxMzE4MjRaMBUxEzARBgNVBAMMCjFAdGVzdC5jb20wWTATBgcqhkjOPQIBBggqhkjOPQMBBwNCAARygid4IUjQcO5q061zUYi/H7lvnalm9LjGvCXUiUKNjFkRZCQQHkQr3g5NSREvlv8eDTjoMpzkwAR2X7BGjdlzMAoGCCqGSM49BAMCA0kAMEYCIQCiHMll2QZaqlteytfUXQC9N+f0vW3g05QfhOXX51uZkQIhAOqRAe/npOy8z8s0m0jcslsGFJ4m0z8mdDgpGZNaRRtS"}
03-28 13:10:39.517 29250 29600 D MulticastServer: Registration process started with nonce 1008887711
03-28 13:10:39.522 29250 29600 D MulticastServer: Received request for ledger with nonce: 1008887711.
03-28 13:10:39.549 29250 29597 D RegistrationHandler: 1008887711 Received hash from 3@test.com: b11626c0c0a88185f91f60672285a57b8268073cbbbe90d263affedee4ff522d
03-28 13:10:39.591 29250 29597 D MulticastClient: Sent messages: [{"sender":"{\"ip\":\"192.168.1.96\",\"cert\":\"MIIBGzCBwqADAgECAgYBf8\/LxZ4wCgYIKoZIzj0EAwIwFTETMBEGA1UEAwwKM0B0ZXN0LmNvbTAeFw0yMjAzMjcwOTExNTJaFw0yNDAzMjgxMDExNTJaMBUxEzARBgNVBAMMCjNAdGVzdC5jb20wWTATBgcqhkjOPQIBBggqhkjOPQMBBwNCAASU8klxBOreX5W38jpITscN1GZVSJ6ZqHNwmXx4hqGZbbqIdqck8958ao+KXRqyWGgSoeVuKiV3eUMXUa1mSB\/\/MAoGCCqGSM49BAMCA0gAMEUCICgiCb1q9NbSw0eIn\/\/33a9zqgsQUqLLyL2uebDgtmEDAiEAnvvjRAZErEMbuvKsGWN46Nc1bK9cVRIvwO0+Xp03N6A=\"}","payload":"b11626c0c0a88185f91f60672285a57b8268073cbbbe90d263affedee4ff522d","mt":"LEDGER_HASH","sig":"MEYCIQCOOuSJtoD3GV1TVnPZ11+NDyQ1mmMlzvH8fd4hZ+hFDAIhAIxYhIhOUwWij\/ZXuUSIHyxpxjK3H073SUVLEilbOs8U","nonce":1008887711,"seq":0,"tot":0}]
03-28 13:10:39.943 29250 29602 D RegistrationHandler: Has received 1 of 4 fragments from 4@test.com
03-28 13:10:40.245 29250 29602 D RegistrationHandler: 1008887711 Received hash from 1@test.com: b11626c0c0a88185f91f60672285a57b8268073cbbbe90d263affedee4ff522d
03-28 13:10:40.255 29250 29600 D RegistrationHandler: Has received 1 of 4 fragments from 4@test.com
03-28 13:10:40.260 29250 29582 D RegistrationHandler: Has received 2 of 4 from 4@test.com
03-28 13:10:40.265 29250 29600 D RegistrationHandler: Has received 3 of 4 from 4@test.com
03-28 13:10:40.270 29250 29600 D RegistrationHandler: Has received 4 of 4 from 4@test.com
03-28 13:10:40.279 29250 29602 D RegistrationHandler: Has received 1 of 4 fragments from 6@test.com
03-28 13:10:40.287 29250 29582 D RegistrationHandler: Has received 2 of 4 from 6@test.com
03-28 13:10:40.288 29250 29600 D RegistrationHandler: Received full ledger from 4@test.com with nonce 1008887711
03-28 13:10:40.288 29250 29600 D RegistrationHandler: FULL_LEDGER 1008887711
03-28 13:10:40.292 29250 29582 D RegistrationHandler: Has received 3 of 4 from 6@test.com
03-28 13:10:49.264 29250 29597 D MulticastServer: Broadcast block received {"ip":"192.168.1.90","cert":"MIIBGzCBwqADAgECAgYBf5Lh/YgwCgYIKoZIzj0EAwIwFTETMBEGA1UEAwwKMkB0ZXN0LmNvbTAeFw0yMjAzMTUxMzE5MThaFw0yNDAzMTYxMzE5MThaMBUxEzARBgNVBAMMCjJAdGVzdC5jb20wWTATBgcqhkjOPQIBBggqhkjOPQMBBwNCAAS+Y1FtdGs8Ucfiq/zWhVaVn4ZBowDRf+LHkKkDUQijyqT6F1OlcBHKlpSdutzah71G6VCq62b3AWQkp086ORMGMAoGCCqGSM49BAMCA0gAMEUCIHH+qCw7c9P4WGmGxr+Z6u3tdZRz/XeTlZiocA09UDaoAiEA977yY+pelaDu67wtccznceHBT4wGLWjjfzyxyDdr/lY="}
03-28 13:10:49.526 29250 29666 D RegistrationHandler: ACCEPTED_LEDGER 1008887711 4
03-28 13:10:49.534 29250 29666 D RegistrationHandler: 1008887711 The accepted ledger contains: [1@test.com, 3@test.com, 4@test.com, 6@test.com]
03-28 13:10:49.534 29250 29666 D MulticastServer: Registration process finished: 1008887711
03-28 13:10:49.566 29250 29597 D MulticastServer: Broadcast block received {"ip":"192.168.1.90","cert":"MIIBGzCBwqADAgECAgYBf5Lh/YgwCgYIKoZIzj0EAwIwFTETMBEGA1UEAwwKMkB0ZXN0LmNvbTAeFw0yMjAzMTUxMzE5MThaFw0yNDAzMTYxMzE5MThaMBUxEzARBgNVBAMMCjJAdGVzdC5jb20wWTATBgcqhkjOPQIBBggqhkjOPQMBBwNCAAS+Y1FtdGs8Ucfiq/zWhVaVn4ZBowDRf+LHkKkDUQijyqT6F1OlcBHKlpSdutzah71G6VCq62b3AWQkp086ORMGMAoGCCqGSM49BAMCA0gAMEUCIHH+qCw7c9P4WGmGxr+Z6u3tdZRz/XeTlZiocA09UDaoAiEA977yY+pelaDu67wtccznceHBT4wGLWjjfzyxyDdr/lY="}
03-28 13:10:49.870 29250 29597 D MulticastServer: Broadcast block received {"ip":"192.168.1.90","cert":"MIIBGzCBwqADAgECAgYBf5Lh/YgwCgYIKoZIzj0EAwIwFTETMBEGA1UEAwwKMkB0ZXN0LmNvbTAeFw0yMjAzMTUxMzE5MThaFw0yNDAzMTYxMzE5MThaMBUxEzARBgNVBAMMCjJAdGVzdC5jb20wWTATBgcqhkjOPQIBBggqhkjOPQMBBwNCAAS+Y1FtdGs8Ucfiq/zWhVaVn4ZBowDRf+LHkKkDUQijyqT6F1OlcBHKlpSdutzah71G6VCq62b3AWQkp086ORMGMAoGCCqGSM49BAMCA0gAMEUCIHH+qCw7c9P4WGmGxr+Z6u3tdZRz/XeTlZiocA09UDaoAiEA977yY+pelaDu67wtccznceHBT4wGLWjjfzyxyDdr/lY="}
03-28 13:10:50.177 29250 29597 D MulticastServer: Broadcast block received {"ip":"192.168.1.90","cert":"MIIBGzCBwqADAgECAgYBf5Lh/YgwCgYIKoZIzj0EAwIwFTETMBEGA1UEAwwKMkB0ZXN0LmNvbTAeFw0yMjAzMTUxMzE5MThaFw0yNDAzMTYxMzE5MThaMBUxEzARBgNVBAMMCjJAdGVzdC5jb20wWTATBgcqhkjOPQIBBggqhkjOPQMBBwNCAAS+Y1FtdGs8Ucfiq/zWhVaVn4ZBowDRf+LHkKkDUQijyqT6F1OlcBHKlpSdutzah71G6VCq62b3AWQkp086ORMGMAoGCCqGSM49BAMCA0gAMEUCIHH+qCw7c9P4WGmGxr+Z6u3tdZRz/XeTlZiocA09UDaoAiEA977yY+pelaDu67wtccznceHBT4wGLWjjfzyxyDdr/lY="}
03-28 13:10:59.386 29250 29597 D MulticastServer: Registration process started with nonce 1962583701
03-28 13:10:59.390 29250 29597 D MulticastServer: Received request for ledger with nonce: 1962583701.
03-28 13:10:59.415 29250 29582 D RegistrationHandler: 1962583701 Received hash from 3@test.com: bc6ad23e3b75c35100b24c83d3021cb38f956996410119dc9922678e25e2fa5a
03-28 13:10:59.449 29250 29582 D MulticastClient: Sent messages: [{"sender":"{\"ip\":\"192.168.1.96\",\"cert\":\"MIIBGzCBwqADAgECAgYBf8\/LxZ4wCgYIKoZIzj0EAwIwFTETMBEGA1UEAwwKM0B0ZXN0LmNvbTAeFw0yMjAzMjcwOTExNTJaFw0yNDAzMjgxMDExNTJaMBUxEzARBgNVBAMMCjNAdGVzdC5jb20wWTATBgcqhkjOPQIBBggqhkjOPQMBBwNCAASU8klxBOreX5W38jpITscN1GZVSJ6ZqHNwmXx4hqGZbbqIdqck8958ao+KXRqyWGgSoeVuKiV3eUMXUa1mSB\/\/MAoGCCqGSM49BAMCA0gAMEUCICgiCb1q9NbSw0eIn\/\/33a9zqgsQUqLLyL2uebDgtmEDAiEAnvvjRAZErEMbuvKsGWN46Nc1bK9cVRIvwO0+Xp03N6A=\"}","payload":"bc6ad23e3b75c35100b24c83d3021cb38f956996410119dc9922678e25e2fa5a","mt":"LEDGER_HASH","sig":"MEUCIQDZjcPSkezmVFMan\/IR37qhtRcLz\/CMCT8B3pM2u3rSpgIgfQt6BfaZI0eYiXkAUoDD\/I4VDur5ja2UemuKxxu1FQk=","nonce":1962583701,"seq":0,"tot":0}]
03-28 13:10:59.511 29250 29597 D RegistrationHandler: Has received 1 of 5 fragments from 6@test.com
03-28 13:10:59.520 29250 29602 D RegistrationHandler: Has received 2 of 5 from 6@test.com
03-28 13:10:59.880 29250 29597 D RegistrationHandler: 1962583701 Received hash from 2@test.com: bc6ad23e3b75c35100b24c83d3021cb38f956996410119dc9922678e25e2fa5a
03-28 13:11:00.144 29250 29597 D RegistrationHandler: Has received 2 of 5 from 6@test.com
03-28 13:11:00.149 29250 29602 D RegistrationHandler: Has received 3 of 5 from 6@test.com
03-28 13:11:00.420 29250 29582 D RegistrationHandler: 1962583701 Received hash from 1@test.com: bc6ad23e3b75c35100b24c83d3021cb38f956996410119dc9922678e25e2fa5a
03-28 13:11:00.436 29250 29602 D RegistrationHandler: Has received 3 of 5 fragments from 6@test.com
03-28 13:11:00.451 29250 29602 D RegistrationHandler: Has received 3 of 5 from 6@test.com
03-28 13:11:00.464 29250 29602 D RegistrationHandler: Has received 1 of 5 fragments from 4@test.com
03-28 13:11:00.470 29250 29597 D RegistrationHandler: Has received 2 of 5 from 4@test.com
03-28 13:11:00.476 29250 29582 D RegistrationHandler: Has received 3 of 5 from 4@test.com
03-28 13:11:00.482 29250 29582 D RegistrationHandler: Has received 4 of 5 from 4@test.com
03-28 13:11:00.488 29250 29582 D RegistrationHandler: Has received 5 of 5 from 4@test.com
03-28 13:11:00.501 29250 29597 D RegistrationHandler: Has received 4 of 5 from 6@test.com
03-28 13:11:00.506 29250 29582 D RegistrationHandler: Received full ledger from 4@test.com with nonce 1962583701
03-28 13:11:00.506 29250 29582 D RegistrationHandler: FULL_LEDGER 1962583701
03-28 13:11:09.395 29250 29674 D RegistrationHandler: ACCEPTED_LEDGER 1962583701 5
03-28 13:11:09.404 29250 29674 D RegistrationHandler: 1962583701 The accepted ledger contains: [1@test.com, 2@test.com, 3@test.com, 4@test.com, 6@test.com]
03-28 13:11:09.405 29250 29674 D MulticastServer: Registration process finished: 1962583701
03-28 13:11:09.439 29250 29582 D MulticastServer: Broadcast block received {"ip":"192.168.1.97","cert":"MIIBHDCBwqADAgECAgYBf5Ll+aQwCgYIKoZIzj0EAwIwFTETMBEGA1UEAwwKNUB0ZXN0LmNvbTAeFw0yMjAzMTUxMzIzMzlaFw0yNDAzMTYxMzIzMzlaMBUxEzARBgNVBAMMCjVAdGVzdC5jb20wWTATBgcqhkjOPQIBBggqhkjOPQMBBwNCAAS9OhThI4D6g/iEXxfGklrIeXd9Z0M+diiJ9ljAgsIg42aeRti+qPdLXU1/D9cRSqQkfwr3bPWV3oF684Iqni4MMAoGCCqGSM49BAMCA0kAMEYCIQDvSgAgKBB22Z/ooyqUg64EcQUigPLpb+EEue5bwGydWgIhAKus7fYnj5hLAUwnPrCw9vZZ/j2+Hst7+b4ASLL75Nl9"}
03-28 13:11:09.735 29250 29582 D MulticastServer: Broadcast block received {"ip":"192.168.1.97","cert":"MIIBHDCBwqADAgECAgYBf5Ll+aQwCgYIKoZIzj0EAwIwFTETMBEGA1UEAwwKNUB0ZXN0LmNvbTAeFw0yMjAzMTUxMzIzMzlaFw0yNDAzMTYxMzIzMzlaMBUxEzARBgNVBAMMCjVAdGVzdC5jb20wWTATBgcqhkjOPQIBBggqhkjOPQMBBwNCAAS9OhThI4D6g/iEXxfGklrIeXd9Z0M+diiJ9ljAgsIg42aeRti+qPdLXU1/D9cRSqQkfwr3bPWV3oF684Iqni4MMAoGCCqGSM49BAMCA0kAMEYCIQDvSgAgKBB22Z/ooyqUg64EcQUigPLpb+EEue5bwGydWgIhAKus7fYnj5hLAUwnPrCw9vZZ/j2+Hst7+b4ASLL75Nl9"}
03-28 13:11:10.043 29250 29582 D MulticastServer: Broadcast block received {"ip":"192.168.1.97","cert":"MIIBHDCBwqADAgECAgYBf5Ll+aQwCgYIKoZIzj0EAwIwFTETMBEGA1UEAwwKNUB0ZXN0LmNvbTAeFw0yMjAzMTUxMzIzMzlaFw0yNDAzMTYxMzIzMzlaMBUxEzARBgNVBAMMCjVAdGVzdC5jb20wWTATBgcqhkjOPQIBBggqhkjOPQMBBwNCAAS9OhThI4D6g/iEXxfGklrIeXd9Z0M+diiJ9ljAgsIg42aeRti+qPdLXU1/D9cRSqQkfwr3bPWV3oF684Iqni4MMAoGCCqGSM49BAMCA0kAMEYCIQDvSgAgKBB22Z/ooyqUg64EcQUigPLpb+EEue5bwGydWgIhAKus7fYnj5hLAUwnPrCw9vZZ/j2+Hst7+b4ASLL75Nl9"}
round 20 of 100
03-28 13:11:54.182 29485 29742 D MulticastServer: MULTICAST_SERVER_LISTENING
03-28 13:11:54.186 29485 29744 D MulticastServer: Registration process started with nonce 1442550211
03-28 13:11:54.192 29485 29743 D MulticastClient: REQUEST_LEDGER 1442550211
03-28 13:11:54.195 29485 29743 D MulticastClient: Sent messages: [{"sender":"","payload":"","mt":"REQUEST_LEDGER","sig":"","nonce":1442550211,"seq":0,"tot":0}]
03-28 13:11:54.391 29485 29748 D RegistrationHandler: Has received 1 of 2 fragments from 6@test.com
03-28 13:11:54.393 29485 29757 D RegistrationHandler: Has received 2 of 2 from 6@test.com
03-28 13:11:54.399 29485 29748 D RegistrationHandler: Has received 1 of 2 fragments from 4@test.com
03-28 13:11:54.404 29485 29757 D RegistrationHandler: Received full ledger from 6@test.com with nonce 1442550211
03-28 13:11:54.404 29485 29757 D RegistrationHandler: FULL_LEDGER 1442550211
03-28 13:11:54.406 29485 29757 D RegistrationHandler: Has received 2 of 2 from 4@test.com
03-28 13:11:54.410 29485 29757 D RegistrationHandler: Received full ledger from 4@test.com with nonce 1442550211
03-28 13:11:54.410 29485 29757 D RegistrationHandler: FULL_LEDGER 1442550211
03-28 13:11:54.799 29485 29748 D RegistrationHandler: Has received 2 of 2 fragments from 4@test.com
03-28 13:11:54.800 29485 29757 D RegistrationHandler: Has received 2 of 2 from 4@test.com
03-28 13:11:54.808 29485 29757 D RegistrationHandler: Received full ledger from 4@test.com with nonce 1442550211
03-28 13:11:54.808 29485 29757 D RegistrationHandler: FULL_LEDGER 1442550211
03-28 13:11:55.023 29485 29757 D RegistrationHandler: Has received 2 of 2 fragments from 4@test.com
03-28 13:11:55.332 29485 29743 D RegistrationHandler: Has received 2 of 2 fragments from 4@test.com
03-28 13:11:55.334 29485 29758 D RegistrationHandler: Has received 2 of 2 fragments from 6@test.com
03-28 13:12:04.203 29485 29745 D RegistrationHandler: ACCEPTED_LEDGER 1442550211 2
03-28 13:12:04.211 29485 29745 D RegistrationHandler: 1442550211 The accepted ledger contains: [4@test.com, 6@test.com]
03-28 13:12:04.211 29485 29745 D RegistrationHandler: 1442550211 Registration started
03-28 13:12:04.224 29485 29745 D MulticastServer: Registration process finished: 1442550211
03-28 13:12:04.230 29485 29758 D MulticastClient: Sent messages: [{"sender":"3@test.com","payload":"{\"ip\":\"192.168.1.96\",\"cert\":\"MIIBGzCBwqADAgECAgYBf8\/LxZ4wCgYIKoZIzj0EAwIwFTETMBEGA1UEAwwKM0B0ZXN0LmNvbTAeFw0yMjAzMjcwOTExNTJaFw0yNDAzMjgxMDExNTJaMBUxEzARBgNVBAMMCjNAdGVzdC5jb20wWTATBgcqhkjOPQIBBggqhkjOPQMBBwNCAASU8klxBOreX5W38jpITscN1GZVSJ6ZqHNwmXx4hqGZbbqIdqck8958ao+KXRqyWGgSoeVuKiV3eUMXUa1mSB\/\/MAoGCCqGSM49BAMCA0gAMEUCICgiCb1q9NbSw0eIn\/\/33a9zqgsQUqLLyL2uebDgtmEDAiEAnvvjRAZErEMbuvKsGWN46Nc1bK9cVRIvwO0+Xp03N6A=\"}","mt":"BROADCAST_BLOCK","sig":"MEQCIAnduvonl5RNXUtGpl5YRfmRjjvzeUU1C7T3b2ruIZP5AiAmYTBqoVZGR2YrwpT8MVUIl+N3o72r4lqaafQe\/eufPA==","nonce":1442550211,"seq":0,"tot":0}]
03-28 13:12:13.222 29485 29758 D MulticastServer: Registration process started with nonce 1274748211
03-28 13:12:13.229 29485 29758 D MulticastServer: Received request for ledger with nonce: 1274748211.
03-28 13:12:13.262 29485 29748 D RegistrationHandler: 1274748211 Received hash from 3@test.com: 9b606d265dd430c4e75c035f54688f0b3d8408d3db265e51aa2fb053cff94a28
03-28 13:12:13.319 29485 29748 D MulticastClient: Sent messages: [{"sender":"{\"ip\":\"192.168.1.96\",\"cert\":\"MIIBGzCBwqADAgECAgYBf8\/LxZ4wCgYIKoZIzj0EAwIwFTETMBEGA1UEAwwKM0B0ZXN0LmNvbTAeFw0yMjAzMjcwOTExNTJaFw0yNDAzMjgxMDExNTJaMBUxEzARBgNVBAMMCjNAdGVzdC5jb20wWTATBgcqhkjOPQIBBggqhkjOPQMBBwNCAASU8klxBOreX5W38jpITscN1GZVSJ6ZqHNwmXx4hqGZbbqIdqck8958ao+KXRqyWGgSoeVuKiV3eUMXUa1mSB\/\/MAoGCCqGSM49BAMCA0gAMEUCICgiCb1q9NbSw0eIn\/\/33a9zqgsQUqLLyL2uebDgtmEDAiEAnvvjRAZErEMbuvKsGWN46Nc1bK9cVRIvwO0+Xp03N6A=\"}","payload":"9b606d265dd430c4e75c035f54688f0b3d8408d3db265e51aa2fb053cff94a28","mt":"LEDGER_HASH","sig":"MEUCIQDQ7NPdGy7gG4bUljRj71kgDbmtCJ\/RWI3WEl8O0YarjAIgUvTchWPF5t7dWO4kZHGrqWbpbWggknkpkk\/9mNHsg0g=","nonce":1274748211,"seq":0,"tot":0}]
03-28 13:12:13.947 29485 29758 D RegistrationHandler: Has received 1 of 3 fragments from 6@test.com
03-28 13:12:13.954 29485 29743 D RegistrationHandler: Has received 2 of 3 from 6@test.com
03-28 13:12:13.965 29485 29743 D RegistrationHandler: Has received 1 of 3 fragments from 4@test.com
03-28 13:12:13.978 29485 29758 D RegistrationHandler: Received full ledger from 6@test.com with nonce 1274748211
03-28 13:12:13.978 29485 29758 D RegistrationHandler: FULL_LEDGER 1274748211
03-28 13:12:13.980 29485 29743 D RegistrationHandler: Has received 2 of 3 from 4@test.com
03-28 13:12:14.273 29485 29748 D RegistrationHandler: Has received 2 of 3 fragments from 4@test.com
03-28 13:12:14.360 29485 29748 D RegistrationHandler: Has received 2 of 3 fragments from 6@test.com
03-28 13:12:14.393 29485 29748 D RegistrationHandler: Received full ledger from 6@test.com with nonce 1274748211
03-28 13:12:14.393 29485 29748 D RegistrationHandler: FULL_LEDGER 1274748211
03-28 13:12:23.234 29485 29772 D RegistrationHandler: ACCEPTED_LEDGER 1274748211 3
03-28 13:12:23.240 29485 29772 D RegistrationHandler: 1274748211 The accepted ledger contains: [3@test.com, 4@test.com, 6@test.com]
03-28 13:12:23.241 29485 29772 D MulticastServer: Registration process finished: 1274748211
03-28 13:12:23.266 29485 29748 D MulticastServer: Broadcast block received {"ip":"192.168.1.126","cert":"MIIBHDCBwqADAgECAgYBf5LhKoUwCgYIKoZIzj0EAwIwFTETMBEGA1UEAwwKMUB0ZXN0LmNvbTAeFw0yMjAzMTUxMzE4MjRaFw0yNDAzMTYxMzE4MjRaMBUxEzARBgNVBAMMCjFAdGVzdC5jb20wWTATBgcqhkjOPQIBBggqhkjOPQMBBwNCAARygid4IUjQcO5q061zUYi/H7lvnalm9LjGvCXUiUKNjFkRZCQQHkQr3g5NSREvlv8eDTjoMpzkwAR2X7BGjdlzMAoGCCqGSM49BAMCA0kAMEYCIQCiHMll2QZaqlteytfUXQC9N+f0vW3g05QfhOXX51uZkQIhAOqRAe/npOy8z8s0m0jcslsGFJ4m0z8mdDgpGZNaRRtS"}
03-28 13:12:23.567 29485 29748 D MulticastServer: Broadcast block received {"ip":"192.168.1.126","cert":"MIIBHDCBwqADAgECAgYBf5LhKoUwCgYIKoZIzj0EAwIwFTETMBEGA1UEAwwKMUB0ZXN0LmNvbTAeFw0yMjAzMTUxMzE4MjRaFw0yNDAzMTYxMzE4MjRaMBUxEzARBgNVBAMMCjFAdGVzdC5jb20wWTATBgcqhkjOPQIBBggqhkjOPQMBBwNCAARygid4IUjQcO5q061zUYi/H7lvnalm9LjGvCXUiUKNjFkRZCQQHkQr3g5NSREvlv8eDTjoMpzkwAR2X7BGjdlzMAoGCCqGSM49BAMCA0kAMEYCIQCiHMll2QZaqlteytfUXQC9N+f0vW3g05QfhOXX51uZkQIhAOqRAe/npOy8z8s0m0jcslsGFJ4m0z8mdDgpGZNaRRtS"}
03-28 13:12:23.875 29485 29748 D MulticastServer: Broadcast block received {"ip":"192.168.1.126","cert":"MIIBHDCBwqADAgECAgYBf5LhKoUwCgYIKoZIzj0EAwIwFTETMBEGA1UEAwwKMUB0ZXN0LmNvbTAeFw0yMjAzMTUxMzE4MjRaFw0yNDAzMTYxMzE4MjRaMBUxEzARBgNVBAMMCjFAdGVzdC5jb20wWTATBgcqhkjOPQIBBggqhkjOPQMBBwNCAARygid4IUjQcO5q061zUYi/H7lvnalm9LjGvCXUiUKNjFkRZCQQHkQr3g5NSREvlv8eDTjoMpzkwAR2X7BGjdlzMAoGCCqGSM49BAMCA0kAMEYCIQCiHMll2QZaqlteytfUXQC9N+f0vW3g05QfhOXX51uZkQIhAOqRAe/npOy8z8s0m0jcslsGFJ4m0z8mdDgpGZNaRRtS"}
03-28 13:12:24.180 29485 29748 D MulticastServer: Broadcast block received {"ip":"192.168.1.126","cert":"MIIBHDCBwqADAgECAgYBf5LhKoUwCgYIKoZIzj0EAwIwFTETMBEGA1UEAwwKMUB0ZXN0LmNvbTAeFw0yMjAzMTUxMzE4MjRaFw0yNDAzMTYxMzE4MjRaMBUxEzARBgNVBAMMCjFAdGVzdC5jb20wWTATBgcqhkjOPQIBBggqhkjOPQMBBwNCAARygid4IUjQcO5q061zUYi/H7lvnalm9LjGvCXUiUKNjFkRZCQQHkQr3g5NSREvlv8eDTjoMpzkwAR2X7BGjdlzMAoGCCqGSM49BAMCA0kAMEYCIQCiHMll2QZaqlteytfUXQC9N+f0vW3g05QfhOXX51uZkQIhAOqRAe/npOy8z8s0m0jcslsGFJ4m0z8mdDgpGZNaRRtS"}
03-28 13:12:33.493 29485 29748 D MulticastServer: Registration process started with nonce 1263559217
03-28 13:12:33.499 29485 29748 D MulticastServer: Received request for ledger with nonce: 1263559217.
03-28 13:12:33.524 29485 29743 D RegistrationHandler: 1263559217 Received hash from 3@test.com: b11626c0c0a88185f91f60672285a57b8268073cbbbe90d263affedee4ff522d
03-28 13:12:33.559 29485 29743 D MulticastClient: Sent messages: [{"sender":"{\"ip\":\"192.168.1.96\",\"cert\":\"MIIBGzCBwqADAgECAgYBf8\/LxZ4wCgYIKoZIzj0EAwIwFTETMBEGA1UEAwwKM0B0ZXN0LmNvbTAeFw0yMjAzMjcwOTExNTJaFw0yNDAzMjgxMDExNTJaMBUxEzARBgNVBAMMCjNAdGVzdC5jb20wWTATBgcqhkjOPQIBBggqhkjOPQMBBwNCAASU8klxBOreX5W38jpITscN1GZVSJ6ZqHNwmXx4hqGZbbqIdqck8958ao+KXRqyWGgSoeVuKiV3eUMXUa1mSB\/\/MAoGCCqGSM49BAMCA0gAMEUCICgiCb1q9NbSw0eIn\/\/33a9zqgsQUqLLyL2uebDgtmEDAiEAnvvjRAZErEMbuvKsGWN46Nc1bK9cVRIvwO0+Xp03N6A=\"}","payload":"b11626c0c0a88185f91f60672285a57b8268073cbbbe90d263affedee4ff522d","mt":"LEDGER_HASH","sig":"MEUCIQDmZyCvEFsd8ZFNhE7zEFl+XZgE4Z3ZfOTw\/EpB+\/FpoQIgaOI9tff1q9T3EzV7iuaQMCirP6Zs\/MAVmGOkq4pYTU4=","nonce":1263559217,"seq":0,"tot":0}]
03-28 13:12:33.924 29485 29761 D RegistrationHandler: Has received 1 of 4 fragments from 6@test.com
03-28 13:12:33.935 29485 29748 D RegistrationHandler: Has received 2 of 4 from 6@test.com
03-28 13:12:34.223 29485 29748 D RegistrationHandler: 1263559217 Received hash from 1@test.com: b11626c0c0a88185f91f60672285a57b8268073cbbbe90d263affedee4ff522d
03-28 13:12:34.230 29485 29761 D RegistrationHandler: Has received 1 of 4 fragments from 4@test.com
03-28 13:12:34.286 29485 29761 D RegistrationHandler: Has received 2 of 4 fragments from 6@test.com
03-28 13:12:34.290 29485 29748 D RegistrationHandler: Has received 3 of 4 from 6@test.com
03-28 13:12:34.295 29485 29758 D RegistrationHandler: Has received 3 of 4 from 6@test.com
03-28 13:12:34.531 29485 29743 D RegistrationHandler: Has received 3 of 4 fragments from 6@test.com
03-28 13:12:34.540 29485 29758 D RegistrationHandler: Has received 3 of 4 from 6@test.com
03-28 13:12:34.542 29485 29748 D RegistrationHandler: Has received 3 of 4 from 6@test.com
03-28 13:12:34.548 29485 29743 D RegistrationHandler: Has received 4 of 4 from 6@test.com
03-28 13:12:34.555 29485 29748 D RegistrationHandler: Has received 1 of 4 fragments from 4@test.com
03-28 13:12:34.559 29485 29758 D RegistrationHandler: Has received 2 of 4 from 4@test.com
03-28 13:12:34.563 29485 29761 D RegistrationHandler: Has received 3 of 4 from 4@test.com
03-28 13:12:34.569 29485 29761 D RegistrationHandler: Has received 4 of 4 from 4@test.com
03-28 13:12:34.570 29485 29743 D RegistrationHandler: Received full ledger from 6@test.com with nonce 1263559217
03-28 13:12:34.570 29485 29743 D RegistrationHandler: FULL_LEDGER 1263559217
03-28 13:12:34.583 29485 29761 D RegistrationHandler: Received full ledger from 4@test.com with nonce 1263559217
03-28 13:12:34.583 29485 29761 D RegistrationHandler: FULL_LEDGER 1263559217
03-28 13:12:43.504 29485 29776 D RegistrationHandler: ACCEPTED_LEDGER 1263559217 4
03-28 13:12:43.511 29485 29776 D RegistrationHandler: 1263559217 The accepted ledger contains: [1@test.com, 3@test.com, 4@test.com, 6@test.com]
03-28 13:12:43.511 29485 29776 D MulticastServer: Registration process finished: 1263559217
03-28 13:12:43.637 29485 29761 D MulticastServer: Broadcast block received {"ip":"192.168.1.90","cert":"MIIBGzCBwqADAgECAgYBf5Lh/YgwCgYIKoZIzj0EAwIwFTETMBEGA1UEAwwKMkB0ZXN0LmNvbTAeFw0yMjAzMTUxMzE5MThaFw0yNDAzMTYxMzE5MThaMBUxEzARBgNVBAMMCjJAdGVzdC5jb20wWTATBgcqhkjOPQIBBggqhkjOPQMBBwNCAAS+Y1FtdGs8Ucfiq/zWhVaVn4ZBowDRf+LHkKkDUQijyqT6F1OlcBHKlpSdutzah71G6VCq62b3AWQkp086ORMGMAoGCCqGSM49BAMCA0gAMEUCIHH+qCw7c9P4WGmGxr+Z6u3tdZRz/XeTlZiocA09UDaoAiEA977yY+pelaDu67wtccznceHBT4wGLWjjfzyxyDdr/lY="}
03-28 13:12:44.149 29485 29761 D MulticastServer: Broadcast block received {"ip":"192.168.1.90","cert":"MIIBGzCBwqADAgECAgYBf5Lh/YgwCgYIKoZIzj0EAwIwFTETMBEGA1UEAwwKMkB0ZXN0LmNvbTAeFw0yMjAzMTUxMzE5MThaFw0yNDAzMTYxMzE5MThaMBUxEzARBgNVBAMMCjJAdGVzdC5jb20wWTATBgcqhkjOPQIBBggqhkjOPQMBBwNCAAS+Y1FtdGs8Ucfiq/zWhVaVn4ZBowDRf+LHkKkDUQijyqT6F1OlcBHKlpSdutzah71G6VCq62b3AWQkp086ORMGMAoGCCqGSM49BAMCA0gAMEUCIHH+qCw7c9P4WGmGxr+Z6u3tdZRz/XeTlZiocA09UDaoAiEA977yY+pelaDu67wtccznceHBT4wGLWjjfzyxyDdr/lY="}
03-28 13:12:44.457 29485 29761 D MulticastServer: Broadcast block received {"ip":"192.168.1.90","cert":"MIIBGzCBwqADAgECAgYBf5Lh/YgwCgYIKoZIzj0EAwIwFTETMBEGA1UEAwwKMkB0ZXN0LmNvbTAeFw0yMjAzMTUxMzE5MThaFw0yNDAzMTYxMzE5MThaMBUxEzARBgNVBAMMCjJAdGVzdC5jb20wWTATBgcqhkjOPQIBBggqhkjOPQMBBwNCAAS+Y1FtdGs8Ucfiq/zWhVaVn4ZBowDRf+LHkKkDUQijyqT6F1OlcBHKlpSdutzah71G6VCq62b3AWQkp086ORMGMAoGCCqGSM49BAMCA0gAMEUCIHH+qCw7c9P4WGmGxr+Z6u3tdZRz/XeTlZiocA09UDaoAiEA977yY+pelaDu67wtccznceHBT4wGLWjjfzyxyDdr/lY="}
03-28 13:12:53.665 29485 29761 D MulticastServer: Registration process started with nonce 638109909
03-28 13:12:53.669 29485 29761 D MulticastServer: Received request for ledger with nonce: 638109909.
03-28 13:12:53.697 29485 29743 D RegistrationHandler: 638109909 Received hash from 3@test.com: bc6ad23e3b75c35100b24c83d3021cb38f956996410119dc9922678e25e2fa5a
03-28 13:12:53.731 29485 29743 D MulticastClient: Sent messages: [{"sender":"{\"ip\":\"192.168.1.96\",\"cert\":\"MIIBGzCBwqADAgECAgYBf8\/LxZ4wCgYIKoZIzj0EAwIwFTETMBEGA1UEAwwKM0B0ZXN0LmNvbTAeFw0yMjAzMjcwOTExNTJaFw0yNDAzMjgxMDExNTJaMBUxEzARBgNVBAMMCjNAdGVzdC5jb20wWTATBgcqhkjOPQIBBggqhkjOPQMBBwNCAASU8klxBOreX5W38jpITscN1GZVSJ6ZqHNwmXx4hqGZbbqIdqck8958ao+KXRqyWGgSoeVuKiV3eUMXUa1mSB\/\/MAoGCCqGSM49BAMCA0gAMEUCICgiCb1q9NbSw0eIn\/\/33a9zqgsQUqLLyL2uebDgtmEDAiEAnvvjRAZErEMbuvKsGWN46Nc1bK9cVRIvwO0+Xp03N6A=\"}","payload":"bc6ad23e3b75c35100b24c83d3021cb38f956996410119dc9922678e25e2fa5a","mt":"LEDGER_HASH","sig":"MEUCIDUS4OA8jxZihZGSw5Fr0w9k5AIZ+HgrgRjcYTc+ToxeAiEAlwImiTL1ZiW3NfDwFfxds96AkzG0CEf6bNLqt2AZsxM=","nonce":638109909,"seq":0,"tot":0}]
03-28 13:12:53.774 29485 29757 D RegistrationHandler: 638109909 Received hash from 1@test.com: bc6ad23e3b75c35100b24c83d3021cb38f956996410119dc9922678e25e2fa5a
03-28 13:12:53.782 29485 29757 D RegistrationHandler: Has received 1 of 5 fragments from 6@test.com
03-28 13:12:53.788 29485 29757 D RegistrationHandler: Has received 2 of 5 from 6@test.com
03-28 13:12:53.797 29485 29757 D RegistrationHandler: Has received 3 of 5 from 6@test.com
03-28 13:12:53.800 29485 29748 D RegistrationHandler: Has received 4 of 5 from 6@test.com
03-28 13:12:53.806 29485 29748 D RegistrationHandler: Has received 5 of 5 from 6@test.com
03-28 13:12:53.817 29485 29757 D RegistrationHandler: Has received 1 of 5 fragments from 4@test.com
03-28 13:12:53.823 29485 29757 D RegistrationHandler: Has received 2 of 5 from 4@test.com
03-28 13:12:53.827 29485 29748 D RegistrationHandler: Received full ledger from 6@test.com with nonce 638109909
03-28 13:12:53.827 29485 29748 D RegistrationHandler: FULL_LEDGER 638109909
03-28 13:12:53.830 29485 29757 D RegistrationHandler: Has received 3 of 5 from 4@test.com
03-28 13:12:53.836 29485 29757 D RegistrationHandler: Has received 4 of 5 from 4@test.com
03-28 13:12:53.848 29485 29757 D RegistrationHandler: Has received 5 of 5 from 4@test.com
03-28 13:12:53.855 29485 29748 D RegistrationHandler: 638109909 Received hash from 2@test.com: bc6ad23e3b75c35100b24c83d3021cb38f956996410119dc9922678e25e2fa5a
03-28 13:12:53.866 29485 29757 D RegistrationHandler: Received full ledger from 4@test.com with nonce 638109909
03-28 13:12:53.866 29485 29757 D RegistrationHandler: FULL_LEDGER 638109909
03-28 13:12:54.094 29485 29757 D RegistrationHandler: Has received 5 of 5 fragments from 6@test.com
03-28 13:12:54.158 29485 29757 D RegistrationHandler: Has received 5 of 5 from 4@test.com
03-28 13:12:54.171 29485 29757 D RegistrationHandler: Received full ledger from 4@test.com with nonce 638109909
03-28 13:12:54.171 29485 29757 D RegistrationHandler: FULL_LEDGER 638109909
03-28 13:12:54.410 29485 29757 D RegistrationHandler: Has received 5 of 5 fragments from 6@test.com
03-28 13:12:54.725 29485 29743 D RegistrationHandler: Has received 5 of 5 fragments from 6@test.com
03-28 13:13:03.676 29485 29782 D RegistrationHandler: ACCEPTED_LEDGER 638109909 5
03-28 13:13:03.686 29485 29782 D RegistrationHandler: 638109909 The accepted ledger contains: [1@test.com, 2@test.com, 3@test.com, 4@test.com, 6@test.com]
03-28 13:13:03.686 29485 29782 D MulticastServer: Registration process finished: 638109909
round 21 of 100
03-28 13:13:48.480 29603 29849 D MulticastServer: MULTICAST_SERVER_LISTENING
03-28 13:13:48.483 29603 29851 D MulticastServer: Registration process started with nonce 1943142960
03-28 13:13:48.489 29603 29855 D MulticastClient: REQUEST_LEDGER 1943142960
03-28 13:13:48.493 29603 29855 D MulticastClient: Sent messages: [{"sender":"","payload":"","mt":"REQUEST_LEDGER","sig":"","nonce":1943142960,"seq":0,"tot":0}]
03-28 13:13:48.684 29603 29864 D RegistrationHandler: Has received 2 of 2 from 6@test.com
03-28 13:13:48.684 29603 29850 D RegistrationHandler: Has received 2 of 2 fragments from 6@test.com
03-28 13:13:48.693 29603 29864 D RegistrationHandler: Received full ledger from 6@test.com with nonce 1943142960
03-28 13:13:48.693 29603 29864 D RegistrationHandler: FULL_LEDGER 1943142960
03-28 13:13:49.084 29603 29850 D RegistrationHandler: Has received 1 of 2 fragments from 4@test.com
03-28 13:13:49.093 29603 29850 D RegistrationHandler: Received full ledger from 4@test.com with nonce 1943142960
03-28 13:13:49.093 29603 29850 D RegistrationHandler: FULL_LEDGER 1943142960
03-28 13:13:49.288 29603 29850 D RegistrationHandler: Has received 2 of 2 fragments from 6@test.com
03-28 13:13:49.292 29603 29850 D RegistrationHandler: Has received 1 of 2 fragments from 4@test.com
03-28 13:13:49.296 29603 29850 D RegistrationHandler: Received full ledger from 4@test.com with nonce 1943142960
03-28 13:13:49.296 29603 29850 D RegistrationHandler: FULL_LEDGER 1943142960
03-28 13:13:58.500 29603 29852 D RegistrationHandler: ACCEPTED_LEDGER 1943142960 2
03-28 13:13:58.508 29603 29852 D RegistrationHandler: 1943142960 The accepted ledger contains: [4@test.com, 6@test.com]
03-28 13:13:58.509 29603 29852 D RegistrationHandler: 1943142960 Registration started
03-28 13:13:58.525 29603 29852 D MulticastServer: Registration process finished: 1943142960
