04-25 20:08:10.729  6762  6819 D MulticastClient: REQUEST_LEDGER 458365391
04-25 20:08:10.736  6762  6819 D MulticastClient: Sent messages with 3 resends: [{"sender":"","payload":"","mt":"REQUEST_LEDGER","sig":"","nonce":458365391,"seq":0,"tot":0}]
04-25 20:08:16.699  6762  6822 D RegistrationHandler: Received full ledger from 1@test.com with nonce 458365391
04-25 20:08:16.699  6762  6822 D RegistrationHandler: FULL_LEDGER 458365391
round 246 of 300
04-25 20:08:25.146  6878  6930 D MulticastServer: MULTICAST_SERVER_LISTENING
04-25 20:08:25.148  6878  6932 D MulticastServer: Registration process started with nonce 524357007
04-25 20:08:25.151  6878  6936 D MulticastClient: REQUEST_LEDGER 524357007
04-25 20:08:25.152  6878  6936 D MulticastClient: Sent messages with 3 resends: [{"sender":"","payload":"","mt":"REQUEST_LEDGER","sig":"","nonce":524357007,"seq":0,"tot":0}]
round 247 of 300
04-25 20:08:39.628  7024  7074 D MulticastServer: MULTICAST_SERVER_LISTENING
04-25 20:08:39.630  7024  7076 D MulticastServer: Registration process started with nonce 515675858
04-25 20:08:39.633  7024  7080 D MulticastClient: REQUEST_LEDGER 515675858
04-25 20:08:39.634  7024  7080 D MulticastClient: Sent messages with 3 resends: [{"sender":"","payload":"","mt":"REQUEST_LEDGER","sig":"","nonce":515675858,"seq":0,"tot":0}]
04-25 20:08:39.843  7024  7083 D MulticastServer: Registration process started with nonce 794339229
04-25 20:08:39.844  7024  7083 D MulticastServer: Received request for ledger with nonce: 794339229.
04-25 20:08:39.854  7024  7083 D MulticastServer: Broadcast block received {"ip":"192.168.1.66","cert":"MIIBGzCBwqADAgECAgYBgEtLsMUwCgYIKoZIzj0EAwIwFTETMBEGA1UEAwwKVFRNNDkwNSBDQTAeFw0yMjA0MjAwODQ0NTNaFw0yMjA1MjEwODQ0NTNaMBUxEzARBgNVBAMMCjFAdGVzdC5jb20wWTATBgcqhkjOPQIBBggqhkjOPQMBBwNCAAQHFNOCHx/BBFYqT41UW1M6slehFXn+9LK4VDhtASjKBd51QxSRtYZAl+/IpTuOnQdMVvlGCMMWkSeEGOgyfwh1MAoGCCqGSM49BAMCA0gAMEUCIQD1OXIEAO1fI6+XpR936a5Ef365WnXPvrbzl8oxr0/Z8QIgV5LWkYufM8V0VqpcYcHXyI2fCScD24nJMtVWnrVtOU8="}
04-25 20:08:39.867  7024  7083 D MulticastServer: Broadcast block received {"ip":"192.168.1.66","cert":"MIIBGzCBwqADAgECAgYBgEtLsMUwCgYIKoZIzj0EAwIwFTETMBEGA1UEAwwKVFRNNDkwNSBDQTAeFw0yMjA0MjAwODQ0NTNaFw0yMjA1MjEwODQ0NTNaMBUxEzARBgNVBAMMCjFAdGVzdC5jb20wWTATBgcqhkjOPQIBBggqhkjOPQMBBwNCAAQHFNOCHx/BBFYqT41UW1M6slehFXn+9LK4VDhtASjKBd51QxSRtYZAl+/IpTuOnQdMVvlGCMMWkSeEGOgyfwh1MAoGCCqGSM49BAMCA0gAMEUCIQD1OXIEAO1fI6+XpR936a5Ef365WnXPvrbzl8oxr0/Z8QIgV5LWkYufM8V0VqpcYcHXyI2fCScD24nJMtVWnrVtOU8="}
04-25 20:08:39.873  7024  7083 D MulticastServer: Broadcast block received {"ip":"192.168.1.66","cert":"MIIBGzCBwqADAgECAgYBgEtLsMUwCgYIKoZIzj0EAwIwFTETMBEGA1UEAwwKVFRNNDkwNSBDQTAeFw0yMjA0MjAwODQ0NTNaFw0yMjA1MjEwODQ0NTNaMBUxEzARBgNVBAMMCjFAdGVzdC5jb20wWTATBgcqhkjOPQIBBggqhkjOPQMBBwNCAAQHFNOCHx/BBFYqT41UW1M6slehFXn+9LK4VDhtASjKBd51QxSRtYZAl+/IpTuOnQdMVvlGCMMWkSeEGOgyfwh1MAoGCCqGSM49BAMCA0gAMEUCIQD1OXIEAO1fI6+XpR936a5Ef365WnXPvrbzl8oxr0/Z8QIgV5LWkYufM8V0VqpcYcHXyI2fCScD24nJMtVWnrVtOU8="}
04-25 20:08:39.879  7024  7083 D MulticastServer: Broadcast block received {"ip":"192.168.1.66","cert":"MIIBGzCBwqADAgECAgYBgEtLsMUwCgYIKoZIzj0EAwIwFTETMBEGA1UEAwwKVFRNNDkwNSBDQTAeFw0yMjA0MjAwODQ0NTNaFw0yMjA1MjEwODQ0NTNaMBUxEzARBgNVBAMMCjFAdGVzdC5jb20wWTATBgcqhkjOPQIBBggqhkjOPQMBBwNCAAQHFNOCHx/BBFYqT41UW1M6slehFXn+9LK4VDhtASjKBd51QxSRtYZAl+/IpTuOnQdMVvlGCMMWkSeEGOgyfwh1MAoGCCqGSM49BAMCA0gAMEUCIQD1OXIEAO1fI6+XpR936a5Ef365WnXPvrbzl8oxr0/Z8QIgV5LWkYufM8V0VqpcYcHXyI2fCScD24nJMtVWnrVtOU8="}
04-25 20:08:43.846  7024  7094 D RegistrationHandler: I am the first in the network
04-25 20:08:43.847  7024  7094 D RegistrationHandler: 794339229 Registration started
04-25 20:08:43.863  7024  7094 D MulticastServer: Registration process finished: 794339229
04-25 20:08:43.875  7024  7080 D MulticastClient: Sent messages with 3 resends: [{"sender":"2@test.com","payload":"{\"ip\":\"192.168.1.57\",\"cert\":\"MIIBGjCBwqADAgECAgYBgEtMKvwwCgYIKoZIzj0EAwIwFTETMBEGA1UEAwwKVFRNNDkwNSBDQTAeFw0yMjA0MjAwODQ1MjRaFw0yMjA1MjEwODQ1MjRaMBUxEzARBgNVBAMMCjJAdGVzdC5jb20wWTATBgcqhkjOPQIBBggqhkjOPQMBBwNCAARuziVeqczih9y2IwSJ3AZuLzxwpY2VwkjEcfE8yVLxCF1qtw21\/iMvxrk2q4BpbgHrUX5EWSAEi7qJDXIS4c\/wMAoGCCqGSM49BAMCA0cAMEQCIG3JN+NQlClPB+thJTrGjfia7cfGbMyyWhJH4K0X7YymAiAUuEhh7Ol8fxrjxPTDnAemav8GQj3kHaLUj1oJ3XJ+Tg==\"}","mt":"BROADCAST_BLOCK","sig":"MEUCIFmR5yIW0dHoZJUHbi7CxbgE0Sj2evyiBoq3YUJU\/2KsAiEAgOe\/1D0tOQfQab7KTnLp++0pCUuyke5azAzRMkcinOI=","nonce":794339229,"seq":0,"tot":0}]
04-25 20:08:44.677  7024  7083 D RegistrationHandler: Received full ledger from 1@test.com with nonce 515675858
04-25 20:08:44.677  7024  7083 D RegistrationHandler: FULL_LEDGER 515675858
round 248 of 300
04-25 20:08:54.084  7170  7219 D MulticastServer: MULTICAST_SERVER_LISTENING
04-25 20:08:54.091  7170  7221 D MulticastServer: Registration process started with nonce 1634534640
04-25 20:08:54.095  7170  7225 D MulticastClient: REQUEST_LEDGER 1634534640
04-25 20:08:54.102  7170  7225 D MulticastClient: Sent messages with 3 resends: [{"sender":"","payload":"","mt":"REQUEST_LEDGER","sig":"","nonce":1634534640,"seq":0,"tot":0}]
round 249 of 300
04-25 20:09:08.528  7302  7363 D MulticastServer: MULTICAST_SERVER_LISTENING
04-25 20:09:08.530  7302  7365 D MulticastServer: Registration process started with nonce 610331360
04-25 20:09:08.533  7302  7364 D MulticastClient: REQUEST_LEDGER 610331360
04-25 20:09:08.534  7302  7364 D MulticastClient: Sent messages with 3 resends: [{"sender":"","payload":"","mt":"REQUEST_LEDGER","sig":"","nonce":610331360,"seq":0,"tot":0}]
round 250 of 300
04-25 20:09:23.022  7435  7485 D MulticastServer: MULTICAST_SERVER_LISTENING
04-25 20:09:23.024  7435  7487 D MulticastServer: Registration process started with nonce 1142297964
04-25 20:09:23.026  7435  7486 D MulticastClient: REQUEST_LEDGER 1142297964
04-25 20:09:23.028  7435  7486 D MulticastClient: Sent messages with 3 resends: [{"sender":"","payload":"","mt":"REQUEST_LEDGER","sig":"","nonce":1142297964,"seq":0,"tot":0}]
round 251 of 300
04-25 20:09:37.523  7559  7610 D MulticastServer: MULTICAST_SERVER_LISTENING
04-25 20:09:37.525  7559  7612 D MulticastServer: Registration process started with nonce 1072642574
04-25 20:09:37.527  7559  7611 D MulticastClient: REQUEST_LEDGER 1072642574
04-25 20:09:37.528  7559  7611 D MulticastClient: Sent messages with 3 resends: [{"sender":"","payload":"","mt":"REQUEST_LEDGER","sig":"","nonce":1072642574,"seq":0,"tot":0}]
round 252 of 300
04-25 20:09:51.961  7662  7713 D MulticastServer: MULTICAST_SERVER_LISTENING
04-25 20:09:51.963  7662  7715 D MulticastServer: Registration process started with nonce 1633702014
04-25 20:09:51.965  7662  7714 D MulticastClient: REQUEST_LEDGER 1633702014
04-25 20:09:51.967  7662  7714 D MulticastClient: Sent messages with 3 resends: [{"sender":"","payload":"","mt":"REQUEST_LEDGER","sig":"","nonce":1633702014,"seq":0,"tot":0}]
04-25 20:09:52.759  7662  7721 D MulticastServer: Registration process started with nonce 894397327
04-25 20:09:52.762  7662  7721 D MulticastServer: Received request for ledger with nonce: 894397327.
04-25 20:09:55.967  7662  7717 D RegistrationHandler: I am the first in the network
04-25 20:09:55.967  7662  7717 D RegistrationHandler: 1633702014 Registration started
04-25 20:09:55.995  7662  7714 D MulticastClient: Sent messages with 3 resends: [{"sender":"2@test.com","payload":"{\"ip\":\"192.168.1.57\",\"cert\":\"MIIBGjCBwqADAgECAgYBgEtMKvwwCgYIKoZIzj0EAwIwFTETMBEGA1UEAwwKVFRNNDkwNSBDQTAeFw0yMjA0MjAwODQ1MjRaFw0yMjA1MjEwODQ1MjRaMBUxEzARBgNVBAMMCjJAdGVzdC5jb20wWTATBgcqhkjOPQIBBggqhkjOPQMBBwNCAARuziVeqczih9y2IwSJ3AZuLzxwpY2VwkjEcfE8yVLxCF1qtw21\/iMvxrk2q4BpbgHrUX5EWSAEi7qJDXIS4c\/wMAoGCCqGSM49BAMCA0cAMEQCIG3JN+NQlClPB+thJTrGjfia7cfGbMyyWhJH4K0X7YymAiAUuEhh7Ol8fxrjxPTDnAemav8GQj3kHaLUj1oJ3XJ+Tg==\"}","mt":"BROADCAST_BLOCK","sig":"MEUCIQDF9yOa05eHnnrDTRHttD0nrnUrwxLTtB45hlrqpMPOtAIgKJmmtXuQKl\/IQKPMtX4IVg09VeW9TpQes2f8J8dPTEA=","nonce":1633702014,"seq":0,"tot":0}]
04-25 20:09:55.996  7662  7717 D MulticastServer: Registration process finished: 1633702014
04-25 20:09:56.762  7662  7738 D RegistrationHandler: I am the first in the network
04-25 20:09:56.762  7662  7738 D MulticastServer: Registration process finished: 894397327
round 253 of 300
04-25 20:10:06.419  7767  7816 D MulticastServer: MULTICAST_SERVER_LISTENING
04-25 20:10:06.422  7767  7818 D MulticastServer: Registration process started with nonce 1927168178
04-25 20:10:06.426  7767  7823 D MulticastClient: REQUEST_LEDGER 1927168178
04-25 20:10:06.433  7767  7823 D MulticastClient: Sent messages with 3 resends: [{"sender":"","payload":"","mt":"REQUEST_LEDGER","sig":"","nonce":1927168178,"seq":0,"tot":0}]
04-25 20:10:06.480  7767  7826 D MulticastServer: Broadcast block received {"ip":"192.168.1.66","cert":"MIIBGzCBwqADAgECAgYBgEtLsMUwCgYIKoZIzj0EAwIwFTETMBEGA1UEAwwKVFRNNDkwNSBDQTAeFw0yMjA0MjAwODQ0NTNaFw0yMjA1MjEwODQ0NTNaMBUxEzARBgNVBAMMCjFAdGVzdC5jb20wWTATBgcqhkjOPQIBBggqhkjOPQMBBwNCAAQHFNOCHx/BBFYqT41UW1M6slehFXn+9LK4VDhtASjKBd51QxSRtYZAl+/IpTuOnQdMVvlGCMMWkSeEGOgyfwh1MAoGCCqGSM49BAMCA0gAMEUCIQD1OXIEAO1fI6+XpR936a5Ef365WnXPvrbzl8oxr0/Z8QIgV5LWkYufM8V0VqpcYcHXyI2fCScD24nJMtVWnrVtOU8="}
round 254 of 300
04-25 20:10:20.904  7895  7943 D MulticastServer: MULTICAST_SERVER_LISTENING
04-25 20:10:20.906  7895  7945 D MulticastServer: Registration process started with nonce 1754807850
04-25 20:10:20.908  7895  7944 D MulticastClient: REQUEST_LEDGER 1754807850
04-25 20:10:20.909  7895  7944 D MulticastClient: Sent messages with 3 resends: [{"sender":"","payload":"","mt":"REQUEST_LEDGER","sig":"","nonce":1754807850,"seq":0,"tot":0}]
round 255 of 300
04-25 20:10:35.352  8047  8097 D MulticastServer: MULTICAST_SERVER_LISTENING
04-25 20:10:35.354  8047  8099 D MulticastServer: Registration process started with nonce 1823504382
04-25 20:10:35.358  8047  8103 D MulticastClient: REQUEST_LEDGER 1823504382
04-25 20:10:35.365  8047  8103 D MulticastClient: Sent messages with 3 resends: [{"sender":"","payload":"","mt":"REQUEST_LEDGER","sig":"","nonce":1823504382,"seq":0,"tot":0}]
round 256 of 300
04-25 20:10:49.826  8160  8209 D MulticastServer: MULTICAST_SERVER_LISTENING
04-25 20:10:49.829  8160  8211 D MulticastServer: Registration process started with nonce 1771313330
04-25 20:10:49.831  8160  8210 D MulticastClient: REQUEST_LEDGER 1771313330
04-25 20:10:49.833  8160  8210 D MulticastClient: Sent messages with 3 resends: [{"sender":"","payload":"","mt":"REQUEST_LEDGER","sig":"","nonce":1771313330,"seq":0,"tot":0}]
round 257 of 300
04-25 20:11:04.392  8276  8325 D MulticastServer: MULTICAST_SERVER_LISTENING
04-25 20:11:04.394  8276  8327 D MulticastServer: Registration process started with nonce 1778287053
04-25 20:11:04.396  8276  8326 D MulticastClient: REQUEST_LEDGER 1778287053
04-25 20:11:04.398  8276  8326 D MulticastClient: Sent messages with 3 resends: [{"sender":"","payload":"","mt":"REQUEST_LEDGER","sig":"","nonce":1778287053,"seq":0,"tot":0}]
04-25 20:11:04.416  8276  8333 D MulticastServer: Broadcast block received {"ip":"192.168.1.66","cert":"MIIBGzCBwqADAgECAgYBgEtLsMUwCgYIKoZIzj0EAwIwFTETMBEGA1UEAwwKVFRNNDkwNSBDQTAeFw0yMjA0MjAwODQ0NTNaFw0yMjA1MjEwODQ0NTNaMBUxEzARBgNVBAMMCjFAdGVzdC5jb20wWTATBgcqhkjOPQIBBggqhkjOPQMBBwNCAAQHFNOCHx/BBFYqT41UW1M6slehFXn+9LK4VDhtASjKBd51QxSRtYZAl+/IpTuOnQdMVvlGCMMWkSeEGOgyfwh1MAoGCCqGSM49BAMCA0gAMEUCIQD1OXIEAO1fI6+XpR936a5Ef365WnXPvrbzl8oxr0/Z8QIgV5LWkYufM8V0VqpcYcHXyI2fCScD24nJMtVWnrVtOU8="}
round 258 of 300
04-25 20:11:18.910  8387  8440 D MulticastServer: MULTICAST_SERVER_LISTENING
04-25 20:11:18.913  8387  8442 D MulticastServer: Registration process started with nonce 192778067
04-25 20:11:18.916  8387  8441 D MulticastClient: REQUEST_LEDGER 192778067
04-25 20:11:18.918  8387  8441 D MulticastClient: Sent messages with 3 resends: [{"sender":"","payload":"","mt":"REQUEST_LEDGER","sig":"","nonce":192778067,"seq":0,"tot":0}]
round 259 of 300
04-25 20:11:33.293  8493  8541 D MulticastServer: MULTICAST_SERVER_LISTENING
04-25 20:11:33.295  8493  8543 D MulticastServer: Registration process started with nonce 1246145501
04-25 20:11:33.297  8493  8542 D MulticastClient: REQUEST_LEDGER 1246145501
04-25 20:11:33.299  8493  8542 D MulticastClient: Sent messages with 3 resends: [{"sender":"","payload":"","mt":"REQUEST_LEDGER","sig":"","nonce":1246145501,"seq":0,"tot":0}]
round 260 of 300
04-25 20:11:47.798  8608  8656 D MulticastServer: MULTICAST_SERVER_LISTENING
04-25 20:11:47.800  8608  8658 D MulticastServer: Registration process started with nonce 1376592518
04-25 20:11:47.804  8608  8663 D MulticastClient: REQUEST_LEDGER 1376592518
04-25 20:11:47.811  8608  8663 D MulticastClient: Sent messages with 3 resends: [{"sender":"","payload":"","mt":"REQUEST_LEDGER","sig":"","nonce":1376592518,"seq":0,"tot":0}]
round 261 of 300
04-25 20:12:02.270  8718  8767 D MulticastServer: MULTICAST_SERVER_LISTENING
04-25 20:12:02.273  8718  8769 D MulticastServer: Registration process started with nonce 1297756261
04-25 20:12:02.277  8718  8773 D MulticastClient: REQUEST_LEDGER 1297756261
04-25 20:12:02.285  8718  8773 D MulticastClient: Sent messages with 3 resends: [{"sender":"","payload":"","mt":"REQUEST_LEDGER","sig":"","nonce":1297756261,"seq":0,"tot":0}]
round 262 of 300
04-25 20:12:16.754  8838  8890 D MulticastServer: MULTICAST_SERVER_LISTENING
04-25 20:12:16.756  8838  8892 D MulticastServer: Registration process started with nonce 729562049
04-25 20:12:16.758  8838  8891 D MulticastClient: REQUEST_LEDGER 729562049
04-25 20:12:16.760  8838  8891 D MulticastClient: Sent messages with 3 resends: [{"sender":"","payload":"","mt":"REQUEST_LEDGER","sig":"","nonce":729562049,"seq":0,"tot":0}]
04-25 20:12:22.616  8838  8898 D RegistrationHandler: Received full ledger from 1@test.com with nonce 729562049
04-25 20:12:22.616  8838  8898 D RegistrationHandler: FULL_LEDGER 729562049
round 263 of 300
04-25 20:12:31.211  8957  9006 D MulticastServer: MULTICAST_SERVER_LISTENING
04-25 20:12:31.215  8957  9008 D MulticastServer: Registration process started with nonce 1829198355
04-25 20:12:31.219  8957  9013 D MulticastClient: REQUEST_LEDGER 1829198355
04-25 20:12:31.227  8957  9013 D MulticastClient: Sent messages with 3 resends: [{"sender":"","payload":"","mt":"REQUEST_LEDGER","sig":"","nonce":1829198355,"seq":0,"tot":0}]
round 264 of 300
04-25 20:12:45.836  9058  9107 D MulticastServer: MULTICAST_SERVER_LISTENING
04-25 20:12:45.838  9058  9109 D MulticastServer: Registration process started with nonce 1723342178
04-25 20:12:45.840  9058  9108 D MulticastClient: REQUEST_LEDGER 1723342178
04-25 20:12:45.841  9058  9108 D MulticastClient: Sent messages with 3 resends: [{"sender":"","payload":"","mt":"REQUEST_LEDGER","sig":"","nonce":1723342178,"seq":0,"tot":0}]
round 265 of 300
04-25 20:13:00.139  9171  9221 D MulticastServer: MULTICAST_SERVER_LISTENING
04-25 20:13:00.141  9171  9223 D MulticastServer: Registration process started with nonce 1049474483
04-25 20:13:00.144  9171  9222 D MulticastClient: REQUEST_LEDGER 1049474483
04-25 20:13:00.145  9171  9222 D MulticastClient: Sent messages with 3 resends: [{"sender":"","payload":"","mt":"REQUEST_LEDGER","sig":"","nonce":1049474483,"seq":0,"tot":0}]
04-25 20:13:04.538  9171  9229 D RegistrationHandler: Received full ledger from 1@test.com with nonce 1049474483
04-25 20:13:04.538  9171  9229 D RegistrationHandler: FULL_LEDGER 1049474483
round 266 of 300
04-25 20:13:14.680  9288  9352 D MulticastServer: MULTICAST_SERVER_LISTENING
04-25 20:13:14.683  9288  9354 D MulticastServer: Registration process started with nonce 1197799436
04-25 20:13:14.687  9288  9358 D MulticastClient: REQUEST_LEDGER 1197799436
04-25 20:13:14.695  9288  9358 D MulticastClient: Sent messages with 3 resends: [{"sender":"","payload":"","mt":"REQUEST_LEDGER","sig":"","nonce":1197799436,"seq":0,"tot":0}]
04-25 20:13:14.697  9288  9361 D MulticastServer: Broadcast block received {"ip":"192.168.1.66","cert":"MIIBGzCBwqADAgECAgYBgEtLsMUwCgYIKoZIzj0EAwIwFTETMBEGA1UEAwwKVFRNNDkwNSBDQTAeFw0yMjA0MjAwODQ0NTNaFw0yMjA1MjEwODQ0NTNaMBUxEzARBgNVBAMMCjFAdGVzdC5jb20wWTATBgcqhkjOPQIBBggqhkjOPQMBBwNCAAQHFNOCHx/BBFYqT41UW1M6slehFXn+9LK4VDhtASjKBd51QxSRtYZAl+/IpTuOnQdMVvlGCMMWkSeEGOgyfwh1MAoGCCqGSM49BAMCA0gAMEUCIQD1OXIEAO1fI6+XpR936a5Ef365WnXPvrbzl8oxr0/Z8QIgV5LWkYufM8V0VqpcYcHXyI2fCScD24nJMtVWnrVtOU8="}
04-25 20:13:20.873  9288  9361 D RegistrationHandler: Received full ledger from 1@test.com with nonce 1197799436
04-25 20:13:20.873  9288  9361 D RegistrationHandler: FULL_LEDGER 1197799436
round 267 of 300
04-25 20:13:29.091  9414  9479 D MulticastServer: MULTICAST_SERVER_LISTENING
04-25 20:13:29.093  9414  9481 D MulticastServer: Registration process started with nonce 2131785053
04-25 20:13:29.095  9414  9480 D MulticastClient: REQUEST_LEDGER 2131785053
04-25 20:13:29.097  9414  9480 D MulticastClient: Sent messages with 3 resends: [{"sender":"","payload":"","mt":"REQUEST_LEDGER","sig":"","nonce":2131785053,"seq":0,"tot":0}]
round 268 of 300
04-25 20:13:43.568  9527  9576 D MulticastServer: MULTICAST_SERVER_LISTENING
04-25 20:13:43.570  9527  9578 D MulticastServer: Registration process started with nonce 116190494
04-25 20:13:43.573  9527  9577 D MulticastClient: REQUEST_LEDGER 116190494
04-25 20:13:43.574  9527  9577 D MulticastClient: Sent messages with 3 resends: [{"sender":"","payload":"","mt":"REQUEST_LEDGER","sig":"","nonce":116190494,"seq":0,"tot":0}]
04-25 20:13:44.397  9527  9584 D MulticastServer: Registration process started with nonce 351770289
04-25 20:13:44.399  9527  9584 D MulticastServer: Received request for ledger with nonce: 351770289.
04-25 20:13:44.608  9527  9584 D MulticastServer: Broadcast block received {"ip":"192.168.1.66","cert":"MIIBGzCBwqADAgECAgYBgEtLsMUwCgYIKoZIzj0EAwIwFTETMBEGA1UEAwwKVFRNNDkwNSBDQTAeFw0yMjA0MjAwODQ0NTNaFw0yMjA1MjEwODQ0NTNaMBUxEzARBgNVBAMMCjFAdGVzdC5jb20wWTATBgcqhkjOPQIBBggqhkjOPQMBBwNCAAQHFNOCHx/BBFYqT41UW1M6slehFXn+9LK4VDhtASjKBd51QxSRtYZAl+/IpTuOnQdMVvlGCMMWkSeEGOgyfwh1MAoGCCqGSM49BAMCA0gAMEUCIQD1OXIEAO1fI6+XpR936a5Ef365WnXPvrbzl8oxr0/Z8QIgV5LWkYufM8V0VqpcYcHXyI2fCScD24nJMtVWnrVtOU8="}
04-25 20:13:44.617  9527  9584 D MulticastServer: Broadcast block received {"ip":"192.168.1.66","cert":"MIIBGzCBwqADAgECAgYBgEtLsMUwCgYIKoZIzj0EAwIwFTETMBEGA1UEAwwKVFRNNDkwNSBDQTAeFw0yMjA0MjAwODQ0NTNaFw0yMjA1MjEwODQ0NTNaMBUxEzARBgNVBAMMCjFAdGVzdC5jb20wWTATBgcqhkjOPQIBBggqhkjOPQMBBwNCAAQHFNOCHx/BBFYqT41UW1M6slehFXn+9LK4VDhtASjKBd51QxSRtYZAl+/IpTuOnQdMVvlGCMMWkSeEGOgyfwh1MAoGCCqGSM49BAMCA0gAMEUCIQD1OXIEAO1fI6+XpR936a5Ef365WnXPvrbzl8oxr0/Z8QIgV5LWkYufM8V0VqpcYcHXyI2fCScD24nJMtVWnrVtOU8="}
04-25 20:13:44.623  9527  9584 D MulticastServer: Broadcast block received {"ip":"192.168.1.66","cert":"MIIBGzCBwqADAgECAgYBgEtLsMUwCgYIKoZIzj0EAwIwFTETMBEGA1UEAwwKVFRNNDkwNSBDQTAeFw0yMjA0MjAwODQ0NTNaFw0yMjA1MjEwODQ0NTNaMBUxEzARBgNVBAMMCjFAdGVzdC5jb20wWTATBgcqhkjOPQIBBggqhkjOPQMBBwNCAAQHFNOCHx/BBFYqT41UW1M6slehFXn+9LK4VDhtASjKBd51QxSRtYZAl+/IpTuOnQdMVvlGCMMWkSeEGOgyfwh1MAoGCCqGSM49BAMCA0gAMEUCIQD1OXIEAO1fI6+XpR936a5Ef365WnXPvrbzl8oxr0/Z8QIgV5LWkYufM8V0VqpcYcHXyI2fCScD24nJMtVWnrVtOU8="}
04-25 20:13:48.407  9527  9601 D RegistrationHandler: I am the first in the network
04-25 20:13:48.407  9527  9601 D RegistrationHandler: 351770289 Registration started
04-25 20:13:48.426  9527  9601 D MulticastServer: Registration process finished: 351770289
04-25 20:13:48.437  9527  9577 D MulticastClient: Sent messages with 3 resends: [{"sender":"2@test.com","payload":"{\"ip\":\"192.168.1.57\",\"cert\":\"MIIBGjCBwqADAgECAgYBgEtMKvwwCgYIKoZIzj0EAwIwFTETMBEGA1UEAwwKVFRNNDkwNSBDQTAeFw0yMjA0MjAwODQ1MjRaFw0yMjA1MjEwODQ1MjRaMBUxEzARBgNVBAMMCjJAdGVzdC5jb20wWTATBgcqhkjOPQIBBggqhkjOPQMBBwNCAARuziVeqczih9y2IwSJ3AZuLzxwpY2VwkjEcfE8yVLxCF1qtw21\/iMvxrk2q4BpbgHrUX5EWSAEi7qJDXIS4c\/wMAoGCCqGSM49BAMCA0cAMEQCIG3JN+NQlClPB+thJTrGjfia7cfGbMyyWhJH4K0X7YymAiAUuEhh7Ol8fxrjxPTDnAemav8GQj3kHaLUj1oJ3XJ+Tg==\"}","mt":"BROADCAST_BLOCK","sig":"MEQCICsvZQyxmPOE\/Jji9vgBKIlKE0pe+64FFHzuv8nlTkHJAiAmnnkGcg6e\/qR\/fHmvqOn8x1kl2xyMrZL7OLGwKbB\/sw==","nonce":351770289,"seq":0,"tot":0}]
round 269 of 300
04-25 20:13:58.035  9676  9726 D MulticastServer: MULTICAST_SERVER_LISTENING
04-25 20:13:58.039  9676  9728 D MulticastServer: Registration process started with nonce 1585495464
04-25 20:13:58.044  9676  9733 D MulticastClient: REQUEST_LEDGER 1585495464
04-25 20:13:58.046  9676  9733 D MulticastClient: Sent messages with 3 resends: [{"sender":"","payload":"","mt":"REQUEST_LEDGER","sig":"","nonce":1585495464,"seq":0,"tot":0}]
04-25 20:13:58.097  9676  9735 D MulticastServer: Broadcast block received {"ip":"192.168.1.66","cert":"MIIBGzCBwqADAgECAgYBgEtLsMUwCgYIKoZIzj0EAwIwFTETMBEGA1UEAwwKVFRNNDkwNSBDQTAeFw0yMjA0MjAwODQ0NTNaFw0yMjA1MjEwODQ0NTNaMBUxEzARBgNVBAMMCjFAdGVzdC5jb20wWTATBgcqhkjOPQIBBggqhkjOPQMBBwNCAAQHFNOCHx/BBFYqT41UW1M6slehFXn+9LK4VDhtASjKBd51QxSRtYZAl+/IpTuOnQdMVvlGCMMWkSeEGOgyfwh1MAoGCCqGSM49BAMCA0gAMEUCIQD1OXIEAO1fI6+XpR936a5Ef365WnXPvrbzl8oxr0/Z8QIgV5LWkYufM8V0VqpcYcHXyI2fCScD24nJMtVWnrVtOU8="}
round 270 of 300
04-25 20:14:12.502  9803  9897 D MulticastServer: MULTICAST_SERVER_LISTENING
04-25 20:14:12.505  9803  9899 D MulticastServer: Registration process started with nonce 50402781
04-25 20:14:12.507  9803  9898 D MulticastClient: REQUEST_LEDGER 50402781
04-25 20:14:12.508  9803  9898 D MulticastClient: Sent messages with 3 resends: [{"sender":"","payload":"","mt":"REQUEST_LEDGER","sig":"","nonce":50402781,"seq":0,"tot":0}]
04-25 20:14:13.296  9803  9905 D MulticastServer: Registration process started with nonce 1302023418
04-25 20:14:13.300  9803  9905 D MulticastServer: Received request for ledger with nonce: 1302023418.
04-25 20:14:13.480  9803  9905 D MulticastServer: Broadcast block received {"ip":"192.168.1.66","cert":"MIIBGzCBwqADAgECAgYBgEtLsMUwCgYIKoZIzj0EAwIwFTETMBEGA1UEAwwKVFRNNDkwNSBDQTAeFw0yMjA0MjAwODQ0NTNaFw0yMjA1MjEwODQ0NTNaMBUxEzARBgNVBAMMCjFAdGVzdC5jb20wWTATBgcqhkjOPQIBBggqhkjOPQMBBwNCAAQHFNOCHx/BBFYqT41UW1M6slehFXn+9LK4VDhtASjKBd51QxSRtYZAl+/IpTuOnQdMVvlGCMMWkSeEGOgyfwh1MAoGCCqGSM49BAMCA0gAMEUCIQD1OXIEAO1fI6+XpR936a5Ef365WnXPvrbzl8oxr0/Z8QIgV5LWkYufM8V0VqpcYcHXyI2fCScD24nJMtVWnrVtOU8="}
04-25 20:14:13.487  9803  9905 D MulticastServer: Broadcast block received {"ip":"192.168.1.66","cert":"MIIBGzCBwqADAgECAgYBgEtLsMUwCgYIKoZIzj0EAwIwFTETMBEGA1UEAwwKVFRNNDkwNSBDQTAeFw0yMjA0MjAwODQ0NTNaFw0yMjA1MjEwODQ0NTNaMBUxEzARBgNVBAMMCjFAdGVzdC5jb20wWTATBgcqhkjOPQIBBggqhkjOPQMBBwNCAAQHFNOCHx/BBFYqT41UW1M6slehFXn+9LK4VDhtASjKBd51QxSRtYZAl+/IpTuOnQdMVvlGCMMWkSeEGOgyfwh1MAoGCCqGSM49BAMCA0gAMEUCIQD1OXIEAO1fI6+XpR936a5Ef365WnXPvrbzl8oxr0/Z8QIgV5LWkYufM8V0VqpcYcHXyI2fCScD24nJMtVWnrVtOU8="}
04-25 20:14:13.491  9803  9905 D MulticastServer: Broadcast block received {"ip":"192.168.1.66","cert":"MIIBGzCBwqADAgECAgYBgEtLsMUwCgYIKoZIzj0EAwIwFTETMBEGA1UEAwwKVFRNNDkwNSBDQTAeFw0yMjA0MjAwODQ0NTNaFw0yMjA1MjEwODQ0NTNaMBUxEzARBgNVBAMMCjFAdGVzdC5jb20wWTATBgcqhkjOPQIBBggqhkjOPQMBBwNCAAQHFNOCHx/BBFYqT41UW1M6slehFXn+9LK4VDhtASjKBd51QxSRtYZAl+/IpTuOnQdMVvlGCMMWkSeEGOgyfwh1MAoGCCqGSM49BAMCA0gAMEUCIQD1OXIEAO1fI6+XpR936a5Ef365WnXPvrbzl8oxr0/Z8QIgV5LWkYufM8V0VqpcYcHXyI2fCScD24nJMtVWnrVtOU8="}
04-25 20:14:13.498  9803  9905 D MulticastServer: Broadcast block received {"ip":"192.168.1.66","cert":"MIIBGzCBwqADAgECAgYBgEtLsMUwCgYIKoZIzj0EAwIwFTETMBEGA1UEAwwKVFRNNDkwNSBDQTAeFw0yMjA0MjAwODQ0NTNaFw0yMjA1MjEwODQ0NTNaMBUxEzARBgNVBAMMCjFAdGVzdC5jb20wWTATBgcqhkjOPQIBBggqhkjOPQMBBwNCAAQHFNOCHx/BBFYqT41UW1M6slehFXn+9LK4VDhtASjKBd51QxSRtYZAl+/IpTuOnQdMVvlGCMMWkSeEGOgyfwh1MAoGCCqGSM49BAMCA0gAMEUCIQD1OXIEAO1fI6+XpR936a5Ef365WnXPvrbzl8oxr0/Z8QIgV5LWkYufM8V0VqpcYcHXyI2fCScD24nJMtVWnrVtOU8="}
04-25 20:14:17.302  9803  9935 D RegistrationHandler: I am the first in the network
04-25 20:14:17.303  9803  9935 D RegistrationHandler: 1302023418 Registration started
04-25 20:14:17.318  9803  9935 D MulticastServer: Registration process finished: 1302023418
04-25 20:14:17.350  9803  9898 D MulticastClient: Sent messages with 3 resends: [{"sender":"2@test.com","payload":"{\"ip\":\"192.168.1.57\",\"cert\":\"MIIBGjCBwqADAgECAgYBgEtMKvwwCgYIKoZIzj0EAwIwFTETMBEGA1UEAwwKVFRNNDkwNSBDQTAeFw0yMjA0MjAwODQ1MjRaFw0yMjA1MjEwODQ1MjRaMBUxEzARBgNVBAMMCjJAdGVzdC5jb20wWTATBgcqhkjOPQIBBggqhkjOPQMBBwNCAARuziVeqczih9y2IwSJ3AZuLzxwpY2VwkjEcfE8yVLxCF1qtw21\/iMvxrk2q4BpbgHrUX5EWSAEi7qJDXIS4c\/wMAoGCCqGSM49BAMCA0cAMEQCIG3JN+NQlClPB+thJTrGjfia7cfGbMyyWhJH4K0X7YymAiAUuEhh7Ol8fxrjxPTDnAemav8GQj3kHaLUj1oJ3XJ+Tg==\"}","mt":"BROADCAST_BLOCK","sig":"MEYCIQD5CN3LcSGSuQijm64crV1W+tkDX\/s\/XtzteCa9DoIaPQIhAIp\/9MwekLvDMRF4YbIFyD55f+0Pn3Yf+wtU7GcpyksM","nonce":1302023418,"seq":0,"tot":0}]
04-25 20:14:18.500  9803  9905 D RegistrationHandler: Received full ledger from 1@test.com with nonce 50402781
04-25 20:14:18.500  9803  9905 D RegistrationHandler: FULL_LEDGER 50402781
round 271 of 300
04-25 20:14:27.038  9964 10014 D MulticastServer: MULTICAST_SERVER_LISTENING
04-25 20:14:27.040  9964 10017 D MulticastServer: Registration process started with nonce 170210446
04-25 20:14:27.044  9964 10031 D MulticastClient: REQUEST_LEDGER 170210446
04-25 20:14:27.049  9964 10031 D MulticastClient: Sent messages with 3 resends: [{"sender":"","payload":"","mt":"REQUEST_LEDGER","sig":"","nonce":170210446,"seq":0,"tot":0}]
04-25 20:14:27.064  9964 10033 D MulticastServer: Broadcast block received {"ip":"192.168.1.66","cert":"MIIBGzCBwqADAgECAgYBgEtLsMUwCgYIKoZIzj0EAwIwFTETMBEGA1UEAwwKVFRNNDkwNSBDQTAeFw0yMjA0MjAwODQ0NTNaFw0yMjA1MjEwODQ0NTNaMBUxEzARBgNVBAMMCjFAdGVzdC5jb20wWTATBgcqhkjOPQIBBggqhkjOPQMBBwNCAAQHFNOCHx/BBFYqT41UW1M6slehFXn+9LK4VDhtASjKBd51QxSRtYZAl+/IpTuOnQdMVvlGCMMWkSeEGOgyfwh1MAoGCCqGSM49BAMCA0gAMEUCIQD1OXIEAO1fI6+XpR936a5Ef365WnXPvrbzl8oxr0/Z8QIgV5LWkYufM8V0VqpcYcHXyI2fCScD24nJMtVWnrVtOU8="}
04-25 20:14:33.423  9964 10033 D RegistrationHandler: Received full ledger from 1@test.com with nonce 170210446
04-25 20:14:33.423  9964 10033 D RegistrationHandler: FULL_LEDGER 170210446
round 272 of 300
04-25 20:14:41.493 10084 10137 D MulticastServer: MULTICAST_SERVER_LISTENING
04-25 20:14:41.495 10084 10139 D MulticastServer: Registration process started with nonce 1495959292
04-25 20:14:41.498 10084 10138 D MulticastClient: REQUEST_LEDGER 1495959292
04-25 20:14:41.499 10084 10138 D MulticastClient: Sent messages with 3 resends: [{"sender":"","payload":"","mt":"REQUEST_LEDGER","sig":"","nonce":1495959292,"seq":0,"tot":0}]
04-25 20:14:41.516 10084 10145 D MulticastServer: Broadcast block received {"ip":"192.168.1.66","cert":"MIIBGzCBwqADAgECAgYBgEtLsMUwCgYIKoZIzj0EAwIwFTETMBEGA1UEAwwKVFRNNDkwNSBDQTAeFw0yMjA0MjAwODQ0NTNaFw0yMjA1MjEwODQ0NTNaMBUxEzARBgNVBAMMCjFAdGVzdC5jb20wWTATBgcqhkjOPQIBBggqhkjOPQMBBwNCAAQHFNOCHx/BBFYqT41UW1M6slehFXn+9LK4VDhtASjKBd51QxSRtYZAl+/IpTuOnQdMVvlGCMMWkSeEGOgyfwh1MAoGCCqGSM49BAMCA0gAMEUCIQD1OXIEAO1fI6+XpR936a5Ef365WnXPvrbzl8oxr0/Z8QIgV5LWkYufM8V0VqpcYcHXyI2fCScD24nJMtVWnrVtOU8="}
round 273 of 300
04-25 20:14:56.016 10186 10237 D MulticastServer: MULTICAST_SERVER_LISTENING
04-25 20:14:56.019 10186 10239 D MulticastServer: Registration process started with nonce 1317183183
04-25 20:14:56.021 10186 10238 D MulticastClient: REQUEST_LEDGER 1317183183
04-25 20:14:56.023 10186 10238 D MulticastClient: Sent messages with 3 resends: [{"sender":"","payload":"","mt":"REQUEST_LEDGER","sig":"","nonce":1317183183,"seq":0,"tot":0}]
round 274 of 300
04-25 20:15:10.554 10302 10351 D MulticastServer: MULTICAST_SERVER_LISTENING
04-25 20:15:10.557 10302 10353 D MulticastServer: Registration process started with nonce 1395584410
04-25 20:15:10.560 10302 10357 D MulticastClient: REQUEST_LEDGER 1395584410
04-25 20:15:10.561 10302 10357 D MulticastClient: Sent messages with 3 resends: [{"sender":"","payload":"","mt":"REQUEST_LEDGER","sig":"","nonce":1395584410,"seq":0,"tot":0}]
04-25 20:15:11.234 10302 10359 D MulticastServer: Registration process started with nonce 2007108229
04-25 20:15:11.236 10302 10359 D MulticastServer: Received request for ledger with nonce: 2007108229.
04-25 20:15:11.433 10302 10359 D MulticastServer: Broadcast block received {"ip":"192.168.1.66","cert":"MIIBGzCBwqADAgECAgYBgEtLsMUwCgYIKoZIzj0EAwIwFTETMBEGA1UEAwwKVFRNNDkwNSBDQTAeFw0yMjA0MjAwODQ0NTNaFw0yMjA1MjEwODQ0NTNaMBUxEzARBgNVBAMMCjFAdGVzdC5jb20wWTATBgcqhkjOPQIBBggqhkjOPQMBBwNCAAQHFNOCHx/BBFYqT41UW1M6slehFXn+9LK4VDhtASjKBd51QxSRtYZAl+/IpTuOnQdMVvlGCMMWkSeEGOgyfwh1MAoGCCqGSM49BAMCA0gAMEUCIQD1OXIEAO1fI6+XpR936a5Ef365WnXPvrbzl8oxr0/Z8QIgV5LWkYufM8V0VqpcYcHXyI2fCScD24nJMtVWnrVtOU8="}
04-25 20:15:11.440 10302 10359 D MulticastServer: Broadcast block received {"ip":"192.168.1.66","cert":"MIIBGzCBwqADAgECAgYBgEtLsMUwCgYIKoZIzj0EAwIwFTETMBEGA1UEAwwKVFRNNDkwNSBDQTAeFw0yMjA0MjAwODQ0NTNaFw0yMjA1MjEwODQ0NTNaMBUxEzARBgNVBAMMCjFAdGVzdC5jb20wWTATBgcqhkjOPQIBBggqhkjOPQMBBwNCAAQHFNOCHx/BBFYqT41UW1M6slehFXn+9LK4VDhtASjKBd51QxSRtYZAl+/IpTuOnQdMVvlGCMMWkSeEGOgyfwh1MAoGCCqGSM49BAMCA0gAMEUCIQD1OXIEAO1fI6+XpR936a5Ef365WnXPvrbzl8oxr0/Z8QIgV5LWkYufM8V0VqpcYcHXyI2fCScD24nJMtVWnrVtOU8="}
04-25 20:15:11.443 10302 10359 D MulticastServer: Broadcast block received {"ip":"192.168.1.66","cert":"MIIBGzCBwqADAgECAgYBgEtLsMUwCgYIKoZIzj0EAwIwFTETMBEGA1UEAwwKVFRNNDkwNSBDQTAeFw0yMjA0MjAwODQ0NTNaFw0yMjA1MjEwODQ0NTNaMBUxEzARBgNVBAMMCjFAdGVzdC5jb20wWTATBgcqhkjOPQIBBggqhkjOPQMBBwNCAAQHFNOCHx/BBFYqT41UW1M6slehFXn+9LK4VDhtASjKBd51QxSRtYZAl+/IpTuOnQdMVvlGCMMWkSeEGOgyfwh1MAoGCCqGSM49BAMCA0gAMEUCIQD1OXIEAO1fI6+XpR936a5Ef365WnXPvrbzl8oxr0/Z8QIgV5LWkYufM8V0VqpcYcHXyI2fCScD24nJMtVWnrVtOU8="}
04-25 20:15:11.450 10302 10359 D MulticastServer: Broadcast block received {"ip":"192.168.1.66","cert":"MIIBGzCBwqADAgECAgYBgEtLsMUwCgYIKoZIzj0EAwIwFTETMBEGA1UEAwwKVFRNNDkwNSBDQTAeFw0yMjA0MjAwODQ0NTNaFw0yMjA1MjEwODQ0NTNaMBUxEzARBgNVBAMMCjFAdGVzdC5jb20wWTATBgcqhkjOPQIBBggqhkjOPQMBBwNCAAQHFNOCHx/BBFYqT41UW1M6slehFXn+9LK4VDhtASjKBd51QxSRtYZAl+/IpTuOnQdMVvlGCMMWkSeEGOgyfwh1MAoGCCqGSM49BAMCA0gAMEUCIQD1OXIEAO1fI6+XpR936a5Ef365WnXPvrbzl8oxr0/Z8QIgV5LWkYufM8V0VqpcYcHXyI2fCScD24nJMtVWnrVtOU8="}
04-25 20:15:15.244 10302 10376 D RegistrationHandler: I am the first in the network
04-25 20:15:15.244 10302 10376 D RegistrationHandler: 2007108229 Registration started
04-25 20:15:15.270 10302 10376 D MulticastServer: Registration process finished: 2007108229
04-25 20:15:15.271 10302 10357 D MulticastClient: Sent messages with 3 resends: [{"sender":"2@test.com","payload":"{\"ip\":\"192.168.1.57\",\"cert\":\"MIIBGjCBwqADAgECAgYBgEtMKvwwCgYIKoZIzj0EAwIwFTETMBEGA1UEAwwKVFRNNDkwNSBDQTAeFw0yMjA0MjAwODQ1MjRaFw0yMjA1MjEwODQ1MjRaMBUxEzARBgNVBAMMCjJAdGVzdC5jb20wWTATBgcqhkjOPQIBBggqhkjOPQMBBwNCAARuziVeqczih9y2IwSJ3AZuLzxwpY2VwkjEcfE8yVLxCF1qtw21\/iMvxrk2q4BpbgHrUX5EWSAEi7qJDXIS4c\/wMAoGCCqGSM49BAMCA0cAMEQCIG3JN+NQlClPB+thJTrGjfia7cfGbMyyWhJH4K0X7YymAiAUuEhh7Ol8fxrjxPTDnAemav8GQj3kHaLUj1oJ3XJ+Tg==\"}","mt":"BROADCAST_BLOCK","sig":"MEUCIBB\/7BWXlptSBxoM62yrK4HpgWi8iZSTjsFYo7zBWozBAiEAtmhAqLHTXZP3apqmmbLdsRtPfQh8RzlACdFkkIXy2ME=","nonce":2007108229,"seq":0,"tot":0}]
04-25 20:15:15.537 10302 10359 D RegistrationHandler: Received full ledger from 1@test.com with nonce 1395584410
04-25 20:15:15.537 10302 10359 D RegistrationHandler: FULL_LEDGER 1395584410
round 275 of 300
04-25 20:15:25.037 10409 10459 D MulticastServer: MULTICAST_SERVER_LISTENING
04-25 20:15:25.039 10409 10461 D MulticastServer: Registration process started with nonce 1905895250
04-25 20:15:25.041 10409 10460 D MulticastClient: REQUEST_LEDGER 1905895250
04-25 20:15:25.043 10409 10460 D MulticastClient: Sent messages with 3 resends: [{"sender":"","payload":"","mt":"REQUEST_LEDGER","sig":"","nonce":1905895250,"seq":0,"tot":0}]
round 276 of 300
04-25 20:15:39.532 10510 10560 D MulticastServer: MULTICAST_SERVER_LISTENING
04-25 20:15:39.534 10510 10562 D MulticastServer: Registration process started with nonce 359527436
04-25 20:15:39.538 10510 10566 D MulticastClient: REQUEST_LEDGER 359527436
04-25 20:15:39.545 10510 10566 D MulticastClient: Sent messages with 3 resends: [{"sender":"","payload":"","mt":"REQUEST_LEDGER","sig":"","nonce":359527436,"seq":0,"tot":0}]
04-25 20:15:40.105 10510 10569 D MulticastServer: Registration process started with nonce 1435730159
04-25 20:15:40.107 10510 10569 D MulticastServer: Received request for ledger with nonce: 1435730159.
04-25 20:15:40.116 10510 10569 D MulticastServer: Broadcast block received {"ip":"192.168.1.66","cert":"MIIBGzCBwqADAgECAgYBgEtLsMUwCgYIKoZIzj0EAwIwFTETMBEGA1UEAwwKVFRNNDkwNSBDQTAeFw0yMjA0MjAwODQ0NTNaFw0yMjA1MjEwODQ0NTNaMBUxEzARBgNVBAMMCjFAdGVzdC5jb20wWTATBgcqhkjOPQIBBggqhkjOPQMBBwNCAAQHFNOCHx/BBFYqT41UW1M6slehFXn+9LK4VDhtASjKBd51QxSRtYZAl+/IpTuOnQdMVvlGCMMWkSeEGOgyfwh1MAoGCCqGSM49BAMCA0gAMEUCIQD1OXIEAO1fI6+XpR936a5Ef365WnXPvrbzl8oxr0/Z8QIgV5LWkYufM8V0VqpcYcHXyI2fCScD24nJMtVWnrVtOU8="}
04-25 20:15:40.128 10510 10569 D MulticastServer: Broadcast block received {"ip":"192.168.1.66","cert":"MIIBGzCBwqADAgECAgYBgEtLsMUwCgYIKoZIzj0EAwIwFTETMBEGA1UEAwwKVFRNNDkwNSBDQTAeFw0yMjA0MjAwODQ0NTNaFw0yMjA1MjEwODQ0NTNaMBUxEzARBgNVBAMMCjFAdGVzdC5jb20wWTATBgcqhkjOPQIBBggqhkjOPQMBBwNCAAQHFNOCHx/BBFYqT41UW1M6slehFXn+9LK4VDhtASjKBd51QxSRtYZAl+/IpTuOnQdMVvlGCMMWkSeEGOgyfwh1MAoGCCqGSM49BAMCA0gAMEUCIQD1OXIEAO1fI6+XpR936a5Ef365WnXPvrbzl8oxr0/Z8QIgV5LWkYufM8V0VqpcYcHXyI2fCScD24nJMtVWnrVtOU8="}
04-25 20:15:40.131 10510 10569 D MulticastServer: Broadcast block received {"ip":"192.168.1.66","cert":"MIIBGzCBwqADAgECAgYBgEtLsMUwCgYIKoZIzj0EAwIwFTETMBEGA1UEAwwKVFRNNDkwNSBDQTAeFw0yMjA0MjAwODQ0NTNaFw0yMjA1MjEwODQ0NTNaMBUxEzARBgNVBAMMCjFAdGVzdC5jb20wWTATBgcqhkjOPQIBBggqhkjOPQMBBwNCAAQHFNOCHx/BBFYqT41UW1M6slehFXn+9LK4VDhtASjKBd51QxSRtYZAl+/IpTuOnQdMVvlGCMMWkSeEGOgyfwh1MAoGCCqGSM49BAMCA0gAMEUCIQD1OXIEAO1fI6+XpR936a5Ef365WnXPvrbzl8oxr0/Z8QIgV5LWkYufM8V0VqpcYcHXyI2fCScD24nJMtVWnrVtOU8="}
04-25 20:15:40.313 10510 10569 D MulticastServer: Broadcast block received {"ip":"192.168.1.66","cert":"MIIBGzCBwqADAgECAgYBgEtLsMUwCgYIKoZIzj0EAwIwFTETMBEGA1UEAwwKVFRNNDkwNSBDQTAeFw0yMjA0MjAwODQ0NTNaFw0yMjA1MjEwODQ0NTNaMBUxEzARBgNVBAMMCjFAdGVzdC5jb20wWTATBgcqhkjOPQIBBggqhkjOPQMBBwNCAAQHFNOCHx/BBFYqT41UW1M6slehFXn+9LK4VDhtASjKBd51QxSRtYZAl+/IpTuOnQdMVvlGCMMWkSeEGOgyfwh1MAoGCCqGSM49BAMCA0gAMEUCIQD1OXIEAO1fI6+XpR936a5Ef365WnXPvrbzl8oxr0/Z8QIgV5LWkYufM8V0VqpcYcHXyI2fCScD24nJMtVWnrVtOU8="}
04-25 20:15:44.108 10510 10590 D RegistrationHandler: I am the first in the network
04-25 20:15:44.108 10510 10590 D RegistrationHandler: 1435730159 Registration started
04-25 20:15:44.120 10510 10590 D MulticastServer: Registration process finished: 1435730159
04-25 20:15:44.128 10510 10566 D MulticastClient: Sent messages with 3 resends: [{"sender":"2@test.com","payload":"{\"ip\":\"192.168.1.57\",\"cert\":\"MIIBGjCBwqADAgECAgYBgEtMKvwwCgYIKoZIzj0EAwIwFTETMBEGA1UEAwwKVFRNNDkwNSBDQTAeFw0yMjA0MjAwODQ1MjRaFw0yMjA1MjEwODQ1MjRaMBUxEzARBgNVBAMMCjJAdGVzdC5jb20wWTATBgcqhkjOPQIBBggqhkjOPQMBBwNCAARuziVeqczih9y2IwSJ3AZuLzxwpY2VwkjEcfE8yVLxCF1qtw21\/iMvxrk2q4BpbgHrUX5EWSAEi7qJDXIS4c\/wMAoGCCqGSM49BAMCA0cAMEQCIG3JN+NQlClPB+thJTrGjfia7cfGbMyyWhJH4K0X7YymAiAUuEhh7Ol8fxrjxPTDnAemav8GQj3kHaLUj1oJ3XJ+Tg==\"}","mt":"BROADCAST_BLOCK","sig":"MEUCIQDPCd33IdCrepN1XnseAfoNjNVyPc+7mZ59C682+xdblQIgSWL4pOHasw43AAkTGqSj6vfrFemT5p1G8tLlRdo9s\/4=","nonce":1435730159,"seq":0,"tot":0}]
04-25 20:15:45.262 10510 10569 D RegistrationHandler: Received full ledger from 1@test.com with nonce 359527436
04-25 20:15:45.262 10510 10569 D RegistrationHandler: FULL_LEDGER 359527436
round 277 of 300
04-25 20:15:54.001 10626 10676 D MulticastServer: MULTICAST_SERVER_LISTENING
04-25 20:15:54.005 10626 10678 D MulticastServer: Registration process started with nonce 513357710
04-25 20:15:54.008 10626 10677 D MulticastClient: REQUEST_LEDGER 513357710
04-25 20:15:54.009 10626 10677 D MulticastClient: Sent messages with 3 resends: [{"sender":"","payload":"","mt":"REQUEST_LEDGER","sig":"","nonce":513357710,"seq":0,"tot":0}]
04-25 20:15:54.024 10626 10698 D MulticastServer: Broadcast block received {"ip":"192.168.1.66","cert":"MIIBGzCBwqADAgECAgYBgEtLsMUwCgYIKoZIzj0EAwIwFTETMBEGA1UEAwwKVFRNNDkwNSBDQTAeFw0yMjA0MjAwODQ0NTNaFw0yMjA1MjEwODQ0NTNaMBUxEzARBgNVBAMMCjFAdGVzdC5jb20wWTATBgcqhkjOPQIBBggqhkjOPQMBBwNCAAQHFNOCHx/BBFYqT41UW1M6slehFXn+9LK4VDhtASjKBd51QxSRtYZAl+/IpTuOnQdMVvlGCMMWkSeEGOgyfwh1MAoGCCqGSM49BAMCA0gAMEUCIQD1OXIEAO1fI6+XpR936a5Ef365WnXPvrbzl8oxr0/Z8QIgV5LWkYufM8V0VqpcYcHXyI2fCScD24nJMtVWnrVtOU8="}
04-25 20:16:01.272 10626 10698 D RegistrationHandler: Received full ledger from 1@test.com with nonce 513357710
04-25 20:16:01.272 10626 10698 D RegistrationHandler: FULL_LEDGER 513357710
round 278 of 300
04-25 20:16:08.447 10740 10788 D MulticastServer: MULTICAST_SERVER_LISTENING
04-25 20:16:08.449 10740 10790 D MulticastServer: Registration process started with nonce 1398327756
04-25 20:16:08.451 10740 10789 D MulticastClient: REQUEST_LEDGER 1398327756
04-25 20:16:08.453 10740 10789 D MulticastClient: Sent messages with 3 resends: [{"sender":"","payload":"","mt":"REQUEST_LEDGER","sig":"","nonce":1398327756,"seq":0,"tot":0}]
04-25 20:16:09.427 10740 10798 D MulticastServer: Registration process started with nonce 1649095785
04-25 20:16:09.430 10740 10798 D MulticastServer: Received request for ledger with nonce: 1649095785.
04-25 20:16:09.601 10740 10798 D MulticastServer: Broadcast block received {"ip":"192.168.1.66","cert":"MIIBGzCBwqADAgECAgYBgEtLsMUwCgYIKoZIzj0EAwIwFTETMBEGA1UEAwwKVFRNNDkwNSBDQTAeFw0yMjA0MjAwODQ0NTNaFw0yMjA1MjEwODQ0NTNaMBUxEzARBgNVBAMMCjFAdGVzdC5jb20wWTATBgcqhkjOPQIBBggqhkjOPQMBBwNCAAQHFNOCHx/BBFYqT41UW1M6slehFXn+9LK4VDhtASjKBd51QxSRtYZAl+/IpTuOnQdMVvlGCMMWkSeEGOgyfwh1MAoGCCqGSM49BAMCA0gAMEUCIQD1OXIEAO1fI6+XpR936a5Ef365WnXPvrbzl8oxr0/Z8QIgV5LWkYufM8V0VqpcYcHXyI2fCScD24nJMtVWnrVtOU8="}
04-25 20:16:09.609 10740 10798 D MulticastServer: Broadcast block received {"ip":"192.168.1.66","cert":"MIIBGzCBwqADAgECAgYBgEtLsMUwCgYIKoZIzj0EAwIwFTETMBEGA1UEAwwKVFRNNDkwNSBDQTAeFw0yMjA0MjAwODQ0NTNaFw0yMjA1MjEwODQ0NTNaMBUxEzARBgNVBAMMCjFAdGVzdC5jb20wWTATBgcqhkjOPQIBBggqhkjOPQMBBwNCAAQHFNOCHx/BBFYqT41UW1M6slehFXn+9LK4VDhtASjKBd51QxSRtYZAl+/IpTuOnQdMVvlGCMMWkSeEGOgyfwh1MAoGCCqGSM49BAMCA0gAMEUCIQD1OXIEAO1fI6+XpR936a5Ef365WnXPvrbzl8oxr0/Z8QIgV5LWkYufM8V0VqpcYcHXyI2fCScD24nJMtVWnrVtOU8="}
04-25 20:16:09.613 10740 10798 D MulticastServer: Broadcast block received {"ip":"192.168.1.66","cert":"MIIBGzCBwqADAgECAgYBgEtLsMUwCgYIKoZIzj0EAwIwFTETMBEGA1UEAwwKVFRNNDkwNSBDQTAeFw0yMjA0MjAwODQ0NTNaFw0yMjA1MjEwODQ0NTNaMBUxEzARBgNVBAMMCjFAdGVzdC5jb20wWTATBgcqhkjOPQIBBggqhkjOPQMBBwNCAAQHFNOCHx/BBFYqT41UW1M6slehFXn+9LK4VDhtASjKBd51QxSRtYZAl+/IpTuOnQdMVvlGCMMWkSeEGOgyfwh1MAoGCCqGSM49BAMCA0gAMEUCIQD1OXIEAO1fI6+XpR936a5Ef365WnXPvrbzl8oxr0/Z8QIgV5LWkYufM8V0VqpcYcHXyI2fCScD24nJMtVWnrVtOU8="}
04-25 20:16:09.616 10740 10798 D MulticastServer: Broadcast block received {"ip":"192.168.1.66","cert":"MIIBGzCBwqADAgECAgYBgEtLsMUwCgYIKoZIzj0EAwIwFTETMBEGA1UEAwwKVFRNNDkwNSBDQTAeFw0yMjA0MjAwODQ0NTNaFw0yMjA1MjEwODQ0NTNaMBUxEzARBgNVBAMMCjFAdGVzdC5jb20wWTATBgcqhkjOPQIBBggqhkjOPQMBBwNCAAQHFNOCHx/BBFYqT41UW1M6slehFXn+9LK4VDhtASjKBd51QxSRtYZAl+/IpTuOnQdMVvlGCMMWkSeEGOgyfwh1MAoGCCqGSM49BAMCA0gAMEUCIQD1OXIEAO1fI6+XpR936a5Ef365WnXPvrbzl8oxr0/Z8QIgV5LWkYufM8V0VqpcYcHXyI2fCScD24nJMtVWnrVtOU8="}
04-25 20:16:13.432 10740 10828 D RegistrationHandler: I am the first in the network
04-25 20:16:13.433 10740 10828 D RegistrationHandler: 1649095785 Registration started
04-25 20:16:13.449 10740 10828 D MulticastServer: Registration process finished: 1649095785
04-25 20:16:13.476 10740 10789 D MulticastClient: Sent messages with 3 resends: [{"sender":"2@test.com","payload":"{\"ip\":\"192.168.1.57\",\"cert\":\"MIIBGjCBwqADAgECAgYBgEtMKvwwCgYIKoZIzj0EAwIwFTETMBEGA1UEAwwKVFRNNDkwNSBDQTAeFw0yMjA0MjAwODQ1MjRaFw0yMjA1MjEwODQ1MjRaMBUxEzARBgNVBAMMCjJAdGVzdC5jb20wWTATBgcqhkjOPQIBBggqhkjOPQMBBwNCAARuziVeqczih9y2IwSJ3AZuLzxwpY2VwkjEcfE8yVLxCF1qtw21\/iMvxrk2q4BpbgHrUX5EWSAEi7qJDXIS4c\/wMAoGCCqGSM49BAMCA0cAMEQCIG3JN+NQlClPB+thJTrGjfia7cfGbMyyWhJH4K0X7YymAiAUuEhh7Ol8fxrjxPTDnAemav8GQj3kHaLUj1oJ3XJ+Tg==\"}","mt":"BROADCAST_BLOCK","sig":"MEUCIQCpJtuzNzaVlLjeHYHnaRZbdZuKPsk8SRolLXoaKmMDngIgQG8Hmqv3fg3GjnU9rDu9hB8PShCfvaszAlqUIXW5vCg=","nonce":1649095785,"seq":0,"tot":0}]
04-25 20:16:14.965 10740 10798 D RegistrationHandler: Received full ledger from 1@test.com with nonce 1398327756
04-25 20:16:14.966 10740 10798 D RegistrationHandler: FULL_LEDGER 1398327756
round 279 of 300
04-25 20:16:22.900 10855 10908 D MulticastServer: MULTICAST_SERVER_LISTENING
04-25 20:16:22.902 10855 10910 D MulticastServer: Registration process started with nonce 195479524
04-25 20:16:22.904 10855 10909 D MulticastClient: REQUEST_LEDGER 195479524
04-25 20:16:22.905 10855 10909 D MulticastClient: Sent messages with 3 resends: [{"sender":"","payload":"","mt":"REQUEST_LEDGER","sig":"","nonce":195479524,"seq":0,"tot":0}]
round 280 of 300
04-25 20:16:37.437 10958 11007 D MulticastServer: MULTICAST_SERVER_LISTENING
04-25 20:16:37.439 10958 11009 D MulticastServer: Registration process started with nonce 925125692
04-25 20:16:37.442 10958 11008 D MulticastClient: REQUEST_LEDGER 925125692
04-25 20:16:37.443 10958 11008 D MulticastClient: Sent messages with 3 resends: [{"sender":"","payload":"","mt":"REQUEST_LEDGER","sig":"","nonce":925125692,"seq":0,"tot":0}]
04-25 20:16:37.451 10958 11015 D MulticastServer: Broadcast block received {"ip":"192.168.1.66","cert":"MIIBGzCBwqADAgECAgYBgEtLsMUwCgYIKoZIzj0EAwIwFTETMBEGA1UEAwwKVFRNNDkwNSBDQTAeFw0yMjA0MjAwODQ0NTNaFw0yMjA1MjEwODQ0NTNaMBUxEzARBgNVBAMMCjFAdGVzdC5jb20wWTATBgcqhkjOPQIBBggqhkjOPQMBBwNCAAQHFNOCHx/BBFYqT41UW1M6slehFXn+9LK4VDhtASjKBd51QxSRtYZAl+/IpTuOnQdMVvlGCMMWkSeEGOgyfwh1MAoGCCqGSM49BAMCA0gAMEUCIQD1OXIEAO1fI6+XpR936a5Ef365WnXPvrbzl8oxr0/Z8QIgV5LWkYufM8V0VqpcYcHXyI2fCScD24nJMtVWnrVtOU8="}
04-25 20:16:37.459 10958 11015 D MulticastServer: Broadcast block received {"ip":"192.168.1.66","cert":"MIIBGzCBwqADAgECAgYBgEtLsMUwCgYIKoZIzj0EAwIwFTETMBEGA1UEAwwKVFRNNDkwNSBDQTAeFw0yMjA0MjAwODQ0NTNaFw0yMjA1MjEwODQ0NTNaMBUxEzARBgNVBAMMCjFAdGVzdC5jb20wWTATBgcqhkjOPQIBBggqhkjOPQMBBwNCAAQHFNOCHx/BBFYqT41UW1M6slehFXn+9LK4VDhtASjKBd51QxSRtYZAl+/IpTuOnQdMVvlGCMMWkSeEGOgyfwh1MAoGCCqGSM49BAMCA0gAMEUCIQD1OXIEAO1fI6+XpR936a5Ef365WnXPvrbzl8oxr0/Z8QIgV5LWkYufM8V0VqpcYcHXyI2fCScD24nJMtVWnrVtOU8="}
04-25 20:16:37.464 10958 11015 D MulticastServer: Broadcast block received {"ip":"192.168.1.66","cert":"MIIBGzCBwqADAgECAgYBgEtLsMUwCgYIKoZIzj0EAwIwFTETMBEGA1UEAwwKVFRNNDkwNSBDQTAeFw0yMjA0MjAwODQ0NTNaFw0yMjA1MjEwODQ0NTNaMBUxEzARBgNVBAMMCjFAdGVzdC5jb20wWTATBgcqhkjOPQIBBggqhkjOPQMBBwNCAAQHFNOCHx/BBFYqT41UW1M6slehFXn+9LK4VDhtASjKBd51QxSRtYZAl+/IpTuOnQdMVvlGCMMWkSeEGOgyfwh1MAoGCCqGSM49BAMCA0gAMEUCIQD1OXIEAO1fI6+XpR936a5Ef365WnXPvrbzl8oxr0/Z8QIgV5LWkYufM8V0VqpcYcHXyI2fCScD24nJMtVWnrVtOU8="}
round 281 of 300
04-25 20:16:51.966 11101 11149 D MulticastServer: MULTICAST_SERVER_LISTENING
04-25 20:16:51.973 11101 11151 D MulticastServer: Registration process started with nonce 752572003
04-25 20:16:51.977 11101 11156 D MulticastClient: REQUEST_LEDGER 752572003
04-25 20:16:51.985 11101 11156 D MulticastClient: Sent messages with 3 resends: [{"sender":"","payload":"","mt":"REQUEST_LEDGER","sig":"","nonce":752572003,"seq":0,"tot":0}]
round 282 of 300
04-25 20:17:06.400 11214 11263 D MulticastServer: MULTICAST_SERVER_LISTENING
04-25 20:17:06.404 11214 11265 D MulticastServer: Registration process started with nonce 1654120324
04-25 20:17:06.409 11214 11269 D MulticastClient: REQUEST_LEDGER 1654120324
04-25 20:17:06.416 11214 11269 D MulticastClient: Sent messages with 3 resends: [{"sender":"","payload":"","mt":"REQUEST_LEDGER","sig":"","nonce":1654120324,"seq":0,"tot":0}]
04-25 20:17:06.938 11214 11272 D MulticastServer: Registration process started with nonce 266645890
04-25 20:17:06.940 11214 11272 D MulticastServer: Received request for ledger with nonce: 266645890.
04-25 20:17:06.953 11214 11272 D MulticastServer: Broadcast block received {"ip":"192.168.1.66","cert":"MIIBGzCBwqADAgECAgYBgEtLsMUwCgYIKoZIzj0EAwIwFTETMBEGA1UEAwwKVFRNNDkwNSBDQTAeFw0yMjA0MjAwODQ0NTNaFw0yMjA1MjEwODQ0NTNaMBUxEzARBgNVBAMMCjFAdGVzdC5jb20wWTATBgcqhkjOPQIBBggqhkjOPQMBBwNCAAQHFNOCHx/BBFYqT41UW1M6slehFXn+9LK4VDhtASjKBd51QxSRtYZAl+/IpTuOnQdMVvlGCMMWkSeEGOgyfwh1MAoGCCqGSM49BAMCA0gAMEUCIQD1OXIEAO1fI6+XpR936a5Ef365WnXPvrbzl8oxr0/Z8QIgV5LWkYufM8V0VqpcYcHXyI2fCScD24nJMtVWnrVtOU8="}
04-25 20:17:06.959 11214 11272 D MulticastServer: Broadcast block received {"ip":"192.168.1.66","cert":"MIIBGzCBwqADAgECAgYBgEtLsMUwCgYIKoZIzj0EAwIwFTETMBEGA1UEAwwKVFRNNDkwNSBDQTAeFw0yMjA0MjAwODQ0NTNaFw0yMjA1MjEwODQ0NTNaMBUxEzARBgNVBAMMCjFAdGVzdC5jb20wWTATBgcqhkjOPQIBBggqhkjOPQMBBwNCAAQHFNOCHx/BBFYqT41UW1M6slehFXn+9LK4VDhtASjKBd51QxSRtYZAl+/IpTuOnQdMVvlGCMMWkSeEGOgyfwh1MAoGCCqGSM49BAMCA0gAMEUCIQD1OXIEAO1fI6+XpR936a5Ef365WnXPvrbzl8oxr0/Z8QIgV5LWkYufM8V0VqpcYcHXyI2fCScD24nJMtVWnrVtOU8="}
04-25 20:17:06.968 11214 11272 D MulticastServer: Broadcast block received {"ip":"192.168.1.66","cert":"MIIBGzCBwqADAgECAgYBgEtLsMUwCgYIKoZIzj0EAwIwFTETMBEGA1UEAwwKVFRNNDkwNSBDQTAeFw0yMjA0MjAwODQ0NTNaFw0yMjA1MjEwODQ0NTNaMBUxEzARBgNVBAMMCjFAdGVzdC5jb20wWTATBgcqhkjOPQIBBggqhkjOPQMBBwNCAAQHFNOCHx/BBFYqT41UW1M6slehFXn+9LK4VDhtASjKBd51QxSRtYZAl+/IpTuOnQdMVvlGCMMWkSeEGOgyfwh1MAoGCCqGSM49BAMCA0gAMEUCIQD1OXIEAO1fI6+XpR936a5Ef365WnXPvrbzl8oxr0/Z8QIgV5LWkYufM8V0VqpcYcHXyI2fCScD24nJMtVWnrVtOU8="}
04-25 20:17:06.977 11214 11272 D MulticastServer: Broadcast block received {"ip":"192.168.1.66","cert":"MIIBGzCBwqADAgECAgYBgEtLsMUwCgYIKoZIzj0EAwIwFTETMBEGA1UEAwwKVFRNNDkwNSBDQTAeFw0yMjA0MjAwODQ0NTNaFw0yMjA1MjEwODQ0NTNaMBUxEzARBgNVBAMMCjFAdGVzdC5jb20wWTATBgcqhkjOPQIBBggqhkjOPQMBBwNCAAQHFNOCHx/BBFYqT41UW1M6slehFXn+9LK4VDhtASjKBd51QxSRtYZAl+/IpTuOnQdMVvlGCMMWkSeEGOgyfwh1MAoGCCqGSM49BAMCA0gAMEUCIQD1OXIEAO1fI6+XpR936a5Ef365WnXPvrbzl8oxr0/Z8QIgV5LWkYufM8V0VqpcYcHXyI2fCScD24nJMtVWnrVtOU8="}
04-25 20:17:10.941 11214 11284 D RegistrationHandler: I am the first in the network
04-25 20:17:10.941 11214 11284 D RegistrationHandler: 266645890 Registration started
04-25 20:17:10.966 11214 11284 D MulticastServer: Registration process finished: 266645890
04-25 20:17:10.968 11214 11269 D MulticastClient: Sent messages with 3 resends: [{"sender":"2@test.com","payload":"{\"ip\":\"192.168.1.57\",\"cert\":\"MIIBGjCBwqADAgECAgYBgEtMKvwwCgYIKoZIzj0EAwIwFTETMBEGA1UEAwwKVFRNNDkwNSBDQTAeFw0yMjA0MjAwODQ1MjRaFw0yMjA1MjEwODQ1MjRaMBUxEzARBgNVBAMMCjJAdGVzdC5jb20wWTATBgcqhkjOPQIBBggqhkjOPQMBBwNCAARuziVeqczih9y2IwSJ3AZuLzxwpY2VwkjEcfE8yVLxCF1qtw21\/iMvxrk2q4BpbgHrUX5EWSAEi7qJDXIS4c\/wMAoGCCqGSM49BAMCA0cAMEQCIG3JN+NQlClPB+thJTrGjfia7cfGbMyyWhJH4K0X7YymAiAUuEhh7Ol8fxrjxPTDnAemav8GQj3kHaLUj1oJ3XJ+Tg==\"}","mt":"BROADCAST_BLOCK","sig":"MEQCICoI38wvOr5dCwway\/YhDEQVgoxMaegW+8nieb30qyuIAiAj+us1KR2TIprWgt9euALJwWIfOuqKVkcCv+x\/Oa\/a3w==","nonce":266645890,"seq":0,"tot":0}]
04-25 20:17:12.095 11214 11272 D RegistrationHandler: Received full ledger from 1@test.com with nonce 1654120324
04-25 20:17:12.095 11214 11272 D RegistrationHandler: FULL_LEDGER 1654120324
round 283 of 300
04-25 20:17:20.863 11322 11370 D MulticastServer: MULTICAST_SERVER_LISTENING
04-25 20:17:20.871 11322 11374 D MulticastServer: Registration process started with nonce 1633921661
04-25 20:17:20.873 11322 11378 D MulticastClient: REQUEST_LEDGER 1633921661
04-25 20:17:20.876 11322 11378 D MulticastClient: Sent messages with 3 resends: [{"sender":"","payload":"","mt":"REQUEST_LEDGER","sig":"","nonce":1633921661,"seq":0,"tot":0}]
round 284 of 300
04-25 20:17:35.401 11434 11484 D MulticastServer: MULTICAST_SERVER_LISTENING
04-25 20:17:35.403 11434 11486 D MulticastServer: Registration process started with nonce 686520992
04-25 20:17:35.405 11434 11485 D MulticastClient: REQUEST_LEDGER 686520992
04-25 20:17:35.407 11434 11485 D MulticastClient: Sent messages with 3 resends: [{"sender":"","payload":"","mt":"REQUEST_LEDGER","sig":"","nonce":686520992,"seq":0,"tot":0}]
04-25 20:17:35.539 11434 11493 D MulticastServer: Registration process started with nonce 684879144
04-25 20:17:35.540 11434 11493 D MulticastServer: Received request for ledger with nonce: 684879144.
04-25 20:17:35.555 11434 11493 D MulticastServer: Broadcast block received {"ip":"192.168.1.66","cert":"MIIBGzCBwqADAgECAgYBgEtLsMUwCgYIKoZIzj0EAwIwFTETMBEGA1UEAwwKVFRNNDkwNSBDQTAeFw0yMjA0MjAwODQ0NTNaFw0yMjA1MjEwODQ0NTNaMBUxEzARBgNVBAMMCjFAdGVzdC5jb20wWTATBgcqhkjOPQIBBggqhkjOPQMBBwNCAAQHFNOCHx/BBFYqT41UW1M6slehFXn+9LK4VDhtASjKBd51QxSRtYZAl+/IpTuOnQdMVvlGCMMWkSeEGOgyfwh1MAoGCCqGSM49BAMCA0gAMEUCIQD1OXIEAO1fI6+XpR936a5Ef365WnXPvrbzl8oxr0/Z8QIgV5LWkYufM8V0VqpcYcHXyI2fCScD24nJMtVWnrVtOU8="}
04-25 20:17:35.557 11434 11493 D MulticastServer: Broadcast block received {"ip":"192.168.1.66","cert":"MIIBGzCBwqADAgECAgYBgEtLsMUwCgYIKoZIzj0EAwIwFTETMBEGA1UEAwwKVFRNNDkwNSBDQTAeFw0yMjA0MjAwODQ0NTNaFw0yMjA1MjEwODQ0NTNaMBUxEzARBgNVBAMMCjFAdGVzdC5jb20wWTATBgcqhkjOPQIBBggqhkjOPQMBBwNCAAQHFNOCHx/BBFYqT41UW1M6slehFXn+9LK4VDhtASjKBd51QxSRtYZAl+/IpTuOnQdMVvlGCMMWkSeEGOgyfwh1MAoGCCqGSM49BAMCA0gAMEUCIQD1OXIEAO1fI6+XpR936a5Ef365WnXPvrbzl8oxr0/Z8QIgV5LWkYufM8V0VqpcYcHXyI2fCScD24nJMtVWnrVtOU8="}
04-25 20:17:35.567 11434 11493 D MulticastServer: Broadcast block received {"ip":"192.168.1.66","cert":"MIIBGzCBwqADAgECAgYBgEtLsMUwCgYIKoZIzj0EAwIwFTETMBEGA1UEAwwKVFRNNDkwNSBDQTAeFw0yMjA0MjAwODQ0NTNaFw0yMjA1MjEwODQ0NTNaMBUxEzARBgNVBAMMCjFAdGVzdC5jb20wWTATBgcqhkjOPQIBBggqhkjOPQMBBwNCAAQHFNOCHx/BBFYqT41UW1M6slehFXn+9LK4VDhtASjKBd51QxSRtYZAl+/IpTuOnQdMVvlGCMMWkSeEGOgyfwh1MAoGCCqGSM49BAMCA0gAMEUCIQD1OXIEAO1fI6+XpR936a5Ef365WnXPvrbzl8oxr0/Z8QIgV5LWkYufM8V0VqpcYcHXyI2fCScD24nJMtVWnrVtOU8="}
04-25 20:17:35.571 11434 11493 D MulticastServer: Broadcast block received {"ip":"192.168.1.66","cert":"MIIBGzCBwqADAgECAgYBgEtLsMUwCgYIKoZIzj0EAwIwFTETMBEGA1UEAwwKVFRNNDkwNSBDQTAeFw0yMjA0MjAwODQ0NTNaFw0yMjA1MjEwODQ0NTNaMBUxEzARBgNVBAMMCjFAdGVzdC5jb20wWTATBgcqhkjOPQIBBggqhkjOPQMBBwNCAAQHFNOCHx/BBFYqT41UW1M6slehFXn+9LK4VDhtASjKBd51QxSRtYZAl+/IpTuOnQdMVvlGCMMWkSeEGOgyfwh1MAoGCCqGSM49BAMCA0gAMEUCIQD1OXIEAO1fI6+XpR936a5Ef365WnXPvrbzl8oxr0/Z8QIgV5LWkYufM8V0VqpcYcHXyI2fCScD24nJMtVWnrVtOU8="}
04-25 20:17:39.540 11434 11507 D RegistrationHandler: I am the first in the network
04-25 20:17:39.540 11434 11507 D RegistrationHandler: 684879144 Registration started
