04-25 19:43:48.528 26102 26153 D MulticastClient: REQUEST_LEDGER 416887604
04-25 19:43:48.529 26102 26153 D MulticastClient: Sent messages with 3 resends: [{"sender":"","payload":"","mt":"REQUEST_LEDGER","sig":"","nonce":416887604,"seq":0,"tot":0}]
round 145 of 300
04-25 19:44:03.002 26217 26265 D MulticastServer: MULTICAST_SERVER_LISTENING
04-25 19:44:03.004 26217 26267 D MulticastServer: Registration process started with nonce 436950161
04-25 19:44:03.006 26217 26266 D MulticastClient: REQUEST_LEDGER 436950161
04-25 19:44:03.008 26217 26266 D MulticastClient: Sent messages with 3 resends: [{"sender":"","payload":"","mt":"REQUEST_LEDGER","sig":"","nonce":436950161,"seq":0,"tot":0}]
04-25 19:44:03.024 26217 26274 D MulticastServer: Broadcast block received {"ip":"192.168.1.66","cert":"MIIBGzCBwqADAgECAgYBgEtLsMUwCgYIKoZIzj0EAwIwFTETMBEGA1UEAwwKVFRNNDkwNSBDQTAeFw0yMjA0MjAwODQ0NTNaFw0yMjA1MjEwODQ0NTNaMBUxEzARBgNVBAMMCjFAdGVzdC5jb20wWTATBgcqhkjOPQIBBggqhkjOPQMBBwNCAAQHFNOCHx/BBFYqT41UW1M6slehFXn+9LK4VDhtASjKBd51QxSRtYZAl+/IpTuOnQdMVvlGCMMWkSeEGOgyfwh1MAoGCCqGSM49BAMCA0gAMEUCIQD1OXIEAO1fI6+XpR936a5Ef365WnXPvrbzl8oxr0/Z8QIgV5LWkYufM8V0VqpcYcHXyI2fCScD24nJMtVWnrVtOU8="}
round 146 of 300
04-25 19:44:17.437 26327 26376 D MulticastServer: MULTICAST_SERVER_LISTENING
04-25 19:44:17.440 26327 26378 D MulticastServer: Registration process started with nonce 877097004
04-25 19:44:17.442 26327 26382 D MulticastClient: REQUEST_LEDGER 877097004
04-25 19:44:17.444 26327 26382 D MulticastClient: Sent messages with 3 resends: [{"sender":"","payload":"","mt":"REQUEST_LEDGER","sig":"","nonce":877097004,"seq":0,"tot":0}]
round 147 of 300
04-25 19:44:31.891 26426 26475 D MulticastServer: MULTICAST_SERVER_LISTENING
04-25 19:44:31.893 26426 26477 D MulticastServer: Registration process started with nonce 24732659
04-25 19:44:31.896 26426 26476 D MulticastClient: REQUEST_LEDGER 24732659
04-25 19:44:31.897 26426 26476 D MulticastClient: Sent messages with 3 resends: [{"sender":"","payload":"","mt":"REQUEST_LEDGER","sig":"","nonce":24732659,"seq":0,"tot":0}]
04-25 19:44:31.907 26426 26483 D MulticastServer: Broadcast block received {"ip":"192.168.1.66","cert":"MIIBGzCBwqADAgECAgYBgEtLsMUwCgYIKoZIzj0EAwIwFTETMBEGA1UEAwwKVFRNNDkwNSBDQTAeFw0yMjA0MjAwODQ0NTNaFw0yMjA1MjEwODQ0NTNaMBUxEzARBgNVBAMMCjFAdGVzdC5jb20wWTATBgcqhkjOPQIBBggqhkjOPQMBBwNCAAQHFNOCHx/BBFYqT41UW1M6slehFXn+9LK4VDhtASjKBd51QxSRtYZAl+/IpTuOnQdMVvlGCMMWkSeEGOgyfwh1MAoGCCqGSM49BAMCA0gAMEUCIQD1OXIEAO1fI6+XpR936a5Ef365WnXPvrbzl8oxr0/Z8QIgV5LWkYufM8V0VqpcYcHXyI2fCScD24nJMtVWnrVtOU8="}
04-25 19:44:39.361 26426 26483 D RegistrationHandler: Received full ledger from 1@test.com with nonce 24732659
04-25 19:44:39.361 26426 26483 D RegistrationHandler: FULL_LEDGER 24732659
round 148 of 300
04-25 19:44:46.374 26525 26575 D MulticastServer: MULTICAST_SERVER_LISTENING
04-25 19:44:46.377 26525 26577 D MulticastServer: Registration process started with nonce 1620793735
04-25 19:44:46.379 26525 26576 D MulticastClient: REQUEST_LEDGER 1620793735
04-25 19:44:46.381 26525 26576 D MulticastClient: Sent messages with 3 resends: [{"sender":"","payload":"","mt":"REQUEST_LEDGER","sig":"","nonce":1620793735,"seq":0,"tot":0}]
04-25 19:44:46.446 26525 26585 D MulticastServer: Broadcast block received {"ip":"192.168.1.66","cert":"MIIBGzCBwqADAgECAgYBgEtLsMUwCgYIKoZIzj0EAwIwFTETMBEGA1UEAwwKVFRNNDkwNSBDQTAeFw0yMjA0MjAwODQ0NTNaFw0yMjA1MjEwODQ0NTNaMBUxEzARBgNVBAMMCjFAdGVzdC5jb20wWTATBgcqhkjOPQIBBggqhkjOPQMBBwNCAAQHFNOCHx/BBFYqT41UW1M6slehFXn+9LK4VDhtASjKBd51QxSRtYZAl+/IpTuOnQdMVvlGCMMWkSeEGOgyfwh1MAoGCCqGSM49BAMCA0gAMEUCIQD1OXIEAO1fI6+XpR936a5Ef365WnXPvrbzl8oxr0/Z8QIgV5LWkYufM8V0VqpcYcHXyI2fCScD24nJMtVWnrVtOU8="}
round 149 of 300
04-25 19:45:00.846 26640 26691 D MulticastServer: MULTICAST_SERVER_LISTENING
04-25 19:45:00.849 26640 26693 D MulticastServer: Registration process started with nonce 581057800
04-25 19:45:00.853 26640 26698 D MulticastClient: REQUEST_LEDGER 581057800
04-25 19:45:00.860 26640 26698 D MulticastClient: Sent messages with 3 resends: [{"sender":"","payload":"","mt":"REQUEST_LEDGER","sig":"","nonce":581057800,"seq":0,"tot":0}]
round 150 of 300
04-25 19:45:15.297 26757 26805 D MulticastServer: MULTICAST_SERVER_LISTENING
04-25 19:45:15.300 26757 26807 D MulticastServer: Registration process started with nonce 450406737
04-25 19:45:15.303 26757 26806 D MulticastClient: REQUEST_LEDGER 450406737
04-25 19:45:15.304 26757 26806 D MulticastClient: Sent messages with 3 resends: [{"sender":"","payload":"","mt":"REQUEST_LEDGER","sig":"","nonce":450406737,"seq":0,"tot":0}]
round 151 of 300
04-25 19:45:29.769 26866 26914 D MulticastServer: MULTICAST_SERVER_LISTENING
04-25 19:45:29.771 26866 26916 D MulticastServer: Registration process started with nonce 32853195
04-25 19:45:29.776 26866 26920 D MulticastClient: REQUEST_LEDGER 32853195
04-25 19:45:29.783 26866 26920 D MulticastClient: Sent messages with 3 resends: [{"sender":"","payload":"","mt":"REQUEST_LEDGER","sig":"","nonce":32853195,"seq":0,"tot":0}]
04-25 19:45:35.929 26866 26923 D RegistrationHandler: Received full ledger from 1@test.com with nonce 32853195
04-25 19:45:35.930 26866 26923 D RegistrationHandler: FULL_LEDGER 32853195
round 152 of 300
04-25 19:45:44.226 26976 27025 D MulticastServer: MULTICAST_SERVER_LISTENING
04-25 19:45:44.228 26976 27027 D MulticastServer: Registration process started with nonce 468870427
04-25 19:45:44.230 26976 27026 D MulticastClient: REQUEST_LEDGER 468870427
04-25 19:45:44.232 26976 27026 D MulticastClient: Sent messages with 3 resends: [{"sender":"","payload":"","mt":"REQUEST_LEDGER","sig":"","nonce":468870427,"seq":0,"tot":0}]
round 153 of 300
04-25 19:45:58.723 27075 27126 D MulticastServer: MULTICAST_SERVER_LISTENING
04-25 19:45:58.726 27075 27128 D MulticastServer: Registration process started with nonce 1882498966
04-25 19:45:58.730 27075 27132 D MulticastClient: REQUEST_LEDGER 1882498966
04-25 19:45:58.737 27075 27132 D MulticastClient: Sent messages with 3 resends: [{"sender":"","payload":"","mt":"REQUEST_LEDGER","sig":"","nonce":1882498966,"seq":0,"tot":0}]
04-25 19:45:58.742 27075 27135 D MulticastServer: Broadcast block received {"ip":"192.168.1.66","cert":"MIIBGzCBwqADAgECAgYBgEtLsMUwCgYIKoZIzj0EAwIwFTETMBEGA1UEAwwKVFRNNDkwNSBDQTAeFw0yMjA0MjAwODQ0NTNaFw0yMjA1MjEwODQ0NTNaMBUxEzARBgNVBAMMCjFAdGVzdC5jb20wWTATBgcqhkjOPQIBBggqhkjOPQMBBwNCAAQHFNOCHx/BBFYqT41UW1M6slehFXn+9LK4VDhtASjKBd51QxSRtYZAl+/IpTuOnQdMVvlGCMMWkSeEGOgyfwh1MAoGCCqGSM49BAMCA0gAMEUCIQD1OXIEAO1fI6+XpR936a5Ef365WnXPvrbzl8oxr0/Z8QIgV5LWkYufM8V0VqpcYcHXyI2fCScD24nJMtVWnrVtOU8="}
round 154 of 300
04-25 19:46:13.191 27180 27230 D MulticastServer: MULTICAST_SERVER_LISTENING
04-25 19:46:13.199 27180 27232 D MulticastServer: Registration process started with nonce 1256097616
04-25 19:46:13.203 27180 27236 D MulticastClient: REQUEST_LEDGER 1256097616
04-25 19:46:13.210 27180 27236 D MulticastClient: Sent messages with 3 resends: [{"sender":"","payload":"","mt":"REQUEST_LEDGER","sig":"","nonce":1256097616,"seq":0,"tot":0}]
round 155 of 300
04-25 19:46:27.641 27281 27331 D MulticastServer: MULTICAST_SERVER_LISTENING
04-25 19:46:27.643 27281 27333 D MulticastServer: Registration process started with nonce 484566407
04-25 19:46:27.647 27281 27338 D MulticastClient: REQUEST_LEDGER 484566407
04-25 19:46:27.654 27281 27338 D MulticastClient: Sent messages with 3 resends: [{"sender":"","payload":"","mt":"REQUEST_LEDGER","sig":"","nonce":484566407,"seq":0,"tot":0}]
round 156 of 300
04-25 19:46:42.129 27394 27442 D MulticastServer: MULTICAST_SERVER_LISTENING
04-25 19:46:42.135 27394 27444 D MulticastServer: Registration process started with nonce 1094144829
04-25 19:46:42.137 27394 27449 D MulticastClient: REQUEST_LEDGER 1094144829
04-25 19:46:42.141 27394 27449 D MulticastClient: Sent messages with 3 resends: [{"sender":"","payload":"","mt":"REQUEST_LEDGER","sig":"","nonce":1094144829,"seq":0,"tot":0}]
round 157 of 300
04-25 19:46:56.624 27509 27559 D MulticastServer: MULTICAST_SERVER_LISTENING
04-25 19:46:56.626 27509 27561 D MulticastServer: Registration process started with nonce 84141448
04-25 19:46:56.629 27509 27565 D MulticastClient: REQUEST_LEDGER 84141448
04-25 19:46:56.630 27509 27565 D MulticastClient: Sent messages with 3 resends: [{"sender":"","payload":"","mt":"REQUEST_LEDGER","sig":"","nonce":84141448,"seq":0,"tot":0}]
04-25 19:46:56.692 27509 27568 D MulticastServer: Broadcast block received {"ip":"192.168.1.66","cert":"MIIBGzCBwqADAgECAgYBgEtLsMUwCgYIKoZIzj0EAwIwFTETMBEGA1UEAwwKVFRNNDkwNSBDQTAeFw0yMjA0MjAwODQ0NTNaFw0yMjA1MjEwODQ0NTNaMBUxEzARBgNVBAMMCjFAdGVzdC5jb20wWTATBgcqhkjOPQIBBggqhkjOPQMBBwNCAAQHFNOCHx/BBFYqT41UW1M6slehFXn+9LK4VDhtASjKBd51QxSRtYZAl+/IpTuOnQdMVvlGCMMWkSeEGOgyfwh1MAoGCCqGSM49BAMCA0gAMEUCIQD1OXIEAO1fI6+XpR936a5Ef365WnXPvrbzl8oxr0/Z8QIgV5LWkYufM8V0VqpcYcHXyI2fCScD24nJMtVWnrVtOU8="}
round 158 of 300
04-25 19:47:11.101 27622 27672 D MulticastServer: Registration process started with nonce 2096444446
04-25 19:47:11.103 27622 27671 D MulticastClient: REQUEST_LEDGER 2096444446
04-25 19:47:11.104 27622 27671 D MulticastClient: Sent messages with 3 resends: [{"sender":"","payload":"","mt":"REQUEST_LEDGER","sig":"","nonce":2096444446,"seq":0,"tot":0}]
04-25 19:47:11.149 27622 27670 D MulticastServer: MULTICAST_SERVER_LISTENING
round 159 of 300
04-25 19:47:25.556 27721 27770 D MulticastServer: MULTICAST_SERVER_LISTENING
04-25 19:47:25.558 27721 27772 D MulticastServer: Registration process started with nonce 591608859
04-25 19:47:25.561 27721 27771 D MulticastClient: REQUEST_LEDGER 591608859
04-25 19:47:25.562 27721 27771 D MulticastClient: Sent messages with 3 resends: [{"sender":"","payload":"","mt":"REQUEST_LEDGER","sig":"","nonce":591608859,"seq":0,"tot":0}]
04-25 19:47:25.779 27721 27779 D MulticastServer: Registration process started with nonce 1433098405
04-25 19:47:25.780 27721 27779 D MulticastServer: Received request for ledger with nonce: 1433098405.
04-25 19:47:25.785 27721 27779 D MulticastServer: Broadcast block received {"ip":"192.168.1.66","cert":"MIIBGzCBwqADAgECAgYBgEtLsMUwCgYIKoZIzj0EAwIwFTETMBEGA1UEAwwKVFRNNDkwNSBDQTAeFw0yMjA0MjAwODQ0NTNaFw0yMjA1MjEwODQ0NTNaMBUxEzARBgNVBAMMCjFAdGVzdC5jb20wWTATBgcqhkjOPQIBBggqhkjOPQMBBwNCAAQHFNOCHx/BBFYqT41UW1M6slehFXn+9LK4VDhtASjKBd51QxSRtYZAl+/IpTuOnQdMVvlGCMMWkSeEGOgyfwh1MAoGCCqGSM49BAMCA0gAMEUCIQD1OXIEAO1fI6+XpR936a5Ef365WnXPvrbzl8oxr0/Z8QIgV5LWkYufM8V0VqpcYcHXyI2fCScD24nJMtVWnrVtOU8="}
04-25 19:47:25.788 27721 27779 D MulticastServer: Broadcast block received {"ip":"192.168.1.66","cert":"MIIBGzCBwqADAgECAgYBgEtLsMUwCgYIKoZIzj0EAwIwFTETMBEGA1UEAwwKVFRNNDkwNSBDQTAeFw0yMjA0MjAwODQ0NTNaFw0yMjA1MjEwODQ0NTNaMBUxEzARBgNVBAMMCjFAdGVzdC5jb20wWTATBgcqhkjOPQIBBggqhkjOPQMBBwNCAAQHFNOCHx/BBFYqT41UW1M6slehFXn+9LK4VDhtASjKBd51QxSRtYZAl+/IpTuOnQdMVvlGCMMWkSeEGOgyfwh1MAoGCCqGSM49BAMCA0gAMEUCIQD1OXIEAO1fI6+XpR936a5Ef365WnXPvrbzl8oxr0/Z8QIgV5LWkYufM8V0VqpcYcHXyI2fCScD24nJMtVWnrVtOU8="}
04-25 19:47:25.799 27721 27779 D MulticastServer: Broadcast block received {"ip":"192.168.1.66","cert":"MIIBGzCBwqADAgECAgYBgEtLsMUwCgYIKoZIzj0EAwIwFTETMBEGA1UEAwwKVFRNNDkwNSBDQTAeFw0yMjA0MjAwODQ0NTNaFw0yMjA1MjEwODQ0NTNaMBUxEzARBgNVBAMMCjFAdGVzdC5jb20wWTATBgcqhkjOPQIBBggqhkjOPQMBBwNCAAQHFNOCHx/BBFYqT41UW1M6slehFXn+9LK4VDhtASjKBd51QxSRtYZAl+/IpTuOnQdMVvlGCMMWkSeEGOgyfwh1MAoGCCqGSM49BAMCA0gAMEUCIQD1OXIEAO1fI6+XpR936a5Ef365WnXPvrbzl8oxr0/Z8QIgV5LWkYufM8V0VqpcYcHXyI2fCScD24nJMtVWnrVtOU8="}
04-25 19:47:25.807 27721 27779 D MulticastServer: Broadcast block received {"ip":"192.168.1.66","cert":"MIIBGzCBwqADAgECAgYBgEtLsMUwCgYIKoZIzj0EAwIwFTETMBEGA1UEAwwKVFRNNDkwNSBDQTAeFw0yMjA0MjAwODQ0NTNaFw0yMjA1MjEwODQ0NTNaMBUxEzARBgNVBAMMCjFAdGVzdC5jb20wWTATBgcqhkjOPQIBBggqhkjOPQMBBwNCAAQHFNOCHx/BBFYqT41UW1M6slehFXn+9LK4VDhtASjKBd51QxSRtYZAl+/IpTuOnQdMVvlGCMMWkSeEGOgyfwh1MAoGCCqGSM49BAMCA0gAMEUCIQD1OXIEAO1fI6+XpR936a5Ef365WnXPvrbzl8oxr0/Z8QIgV5LWkYufM8V0VqpcYcHXyI2fCScD24nJMtVWnrVtOU8="}
04-25 19:47:29.783 27721 27790 D RegistrationHandler: I am the first in the network
04-25 19:47:29.783 27721 27790 D RegistrationHandler: 1433098405 Registration started
04-25 19:47:29.799 27721 27790 D MulticastServer: Registration process finished: 1433098405
04-25 19:47:29.813 27721 27771 D MulticastClient: Sent messages with 3 resends: [{"sender":"2@test.com","payload":"{\"ip\":\"192.168.1.57\",\"cert\":\"MIIBGjCBwqADAgECAgYBgEtMKvwwCgYIKoZIzj0EAwIwFTETMBEGA1UEAwwKVFRNNDkwNSBDQTAeFw0yMjA0MjAwODQ1MjRaFw0yMjA1MjEwODQ1MjRaMBUxEzARBgNVBAMMCjJAdGVzdC5jb20wWTATBgcqhkjOPQIBBggqhkjOPQMBBwNCAARuziVeqczih9y2IwSJ3AZuLzxwpY2VwkjEcfE8yVLxCF1qtw21\/iMvxrk2q4BpbgHrUX5EWSAEi7qJDXIS4c\/wMAoGCCqGSM49BAMCA0cAMEQCIG3JN+NQlClPB+thJTrGjfia7cfGbMyyWhJH4K0X7YymAiAUuEhh7Ol8fxrjxPTDnAemav8GQj3kHaLUj1oJ3XJ+Tg==\"}","mt":"BROADCAST_BLOCK","sig":"MEYCIQC0N5wFzNVmhTMP8Fn+Tu48MWzwvZIGzjsjHQ4E4NxvXwIhAKSiyX\/qL4Y11mUzW658RSG72VnnWQfPNtR2c3YTMU1o","nonce":1433098405,"seq":0,"tot":0}]
04-25 19:47:30.537 27721 27779 D RegistrationHandler: Received full ledger from 1@test.com with nonce 591608859
04-25 19:47:30.537 27721 27779 D RegistrationHandler: FULL_LEDGER 591608859
round 160 of 300
04-25 19:47:40.044 27824 27874 D MulticastServer: MULTICAST_SERVER_LISTENING
04-25 19:47:40.047 27824 27876 D MulticastServer: Registration process started with nonce 1919515590
04-25 19:47:40.051 27824 27880 D MulticastClient: REQUEST_LEDGER 1919515590
04-25 19:47:40.058 27824 27880 D MulticastClient: Sent messages with 3 resends: [{"sender":"","payload":"","mt":"REQUEST_LEDGER","sig":"","nonce":1919515590,"seq":0,"tot":0}]
04-25 19:47:46.129 27824 27883 D RegistrationHandler: Received full ledger from 1@test.com with nonce 1919515590
04-25 19:47:46.129 27824 27883 D RegistrationHandler: FULL_LEDGER 1919515590
round 161 of 300
04-25 19:47:54.579 27935 27984 D MulticastServer: MULTICAST_SERVER_LISTENING
04-25 19:47:54.586 27935 27986 D MulticastServer: Registration process started with nonce 792461841
04-25 19:47:54.590 27935 27990 D MulticastClient: REQUEST_LEDGER 792461841
04-25 19:47:54.598 27935 27990 D MulticastClient: Sent messages with 3 resends: [{"sender":"","payload":"","mt":"REQUEST_LEDGER","sig":"","nonce":792461841,"seq":0,"tot":0}]
round 162 of 300
04-25 19:48:09.098 28047 28096 D MulticastServer: MULTICAST_SERVER_LISTENING
04-25 19:48:09.100 28047 28098 D MulticastServer: Registration process started with nonce 1344985534
04-25 19:48:09.102 28047 28097 D MulticastClient: REQUEST_LEDGER 1344985534
04-25 19:48:09.103 28047 28097 D MulticastClient: Sent messages with 3 resends: [{"sender":"","payload":"","mt":"REQUEST_LEDGER","sig":"","nonce":1344985534,"seq":0,"tot":0}]
round 163 of 300
04-25 19:48:23.577 28144 28196 D MulticastServer: MULTICAST_SERVER_LISTENING
04-25 19:48:23.585 28144 28198 D MulticastServer: Registration process started with nonce 1176837921
04-25 19:48:23.587 28144 28202 D MulticastClient: REQUEST_LEDGER 1176837921
04-25 19:48:23.590 28144 28202 D MulticastClient: Sent messages with 3 resends: [{"sender":"","payload":"","mt":"REQUEST_LEDGER","sig":"","nonce":1176837921,"seq":0,"tot":0}]
04-25 19:48:23.764 28144 28205 D MulticastServer: Registration process started with nonce 443847218
04-25 19:48:23.765 28144 28205 D MulticastServer: Received request for ledger with nonce: 443847218.
04-25 19:48:23.776 28144 28205 D MulticastServer: Broadcast block received {"ip":"192.168.1.66","cert":"MIIBGzCBwqADAgECAgYBgEtLsMUwCgYIKoZIzj0EAwIwFTETMBEGA1UEAwwKVFRNNDkwNSBDQTAeFw0yMjA0MjAwODQ0NTNaFw0yMjA1MjEwODQ0NTNaMBUxEzARBgNVBAMMCjFAdGVzdC5jb20wWTATBgcqhkjOPQIBBggqhkjOPQMBBwNCAAQHFNOCHx/BBFYqT41UW1M6slehFXn+9LK4VDhtASjKBd51QxSRtYZAl+/IpTuOnQdMVvlGCMMWkSeEGOgyfwh1MAoGCCqGSM49BAMCA0gAMEUCIQD1OXIEAO1fI6+XpR936a5Ef365WnXPvrbzl8oxr0/Z8QIgV5LWkYufM8V0VqpcYcHXyI2fCScD24nJMtVWnrVtOU8="}
04-25 19:48:23.782 28144 28205 D MulticastServer: Broadcast block received {"ip":"192.168.1.66","cert":"MIIBGzCBwqADAgECAgYBgEtLsMUwCgYIKoZIzj0EAwIwFTETMBEGA1UEAwwKVFRNNDkwNSBDQTAeFw0yMjA0MjAwODQ0NTNaFw0yMjA1MjEwODQ0NTNaMBUxEzARBgNVBAMMCjFAdGVzdC5jb20wWTATBgcqhkjOPQIBBggqhkjOPQMBBwNCAAQHFNOCHx/BBFYqT41UW1M6slehFXn+9LK4VDhtASjKBd51QxSRtYZAl+/IpTuOnQdMVvlGCMMWkSeEGOgyfwh1MAoGCCqGSM49BAMCA0gAMEUCIQD1OXIEAO1fI6+XpR936a5Ef365WnXPvrbzl8oxr0/Z8QIgV5LWkYufM8V0VqpcYcHXyI2fCScD24nJMtVWnrVtOU8="}
04-25 19:48:23.791 28144 28205 D MulticastServer: Broadcast block received {"ip":"192.168.1.66","cert":"MIIBGzCBwqADAgECAgYBgEtLsMUwCgYIKoZIzj0EAwIwFTETMBEGA1UEAwwKVFRNNDkwNSBDQTAeFw0yMjA0MjAwODQ0NTNaFw0yMjA1MjEwODQ0NTNaMBUxEzARBgNVBAMMCjFAdGVzdC5jb20wWTATBgcqhkjOPQIBBggqhkjOPQMBBwNCAAQHFNOCHx/BBFYqT41UW1M6slehFXn+9LK4VDhtASjKBd51QxSRtYZAl+/IpTuOnQdMVvlGCMMWkSeEGOgyfwh1MAoGCCqGSM49BAMCA0gAMEUCIQD1OXIEAO1fI6+XpR936a5Ef365WnXPvrbzl8oxr0/Z8QIgV5LWkYufM8V0VqpcYcHXyI2fCScD24nJMtVWnrVtOU8="}
04-25 19:48:23.795 28144 28205 D MulticastServer: Broadcast block received {"ip":"192.168.1.66","cert":"MIIBGzCBwqADAgECAgYBgEtLsMUwCgYIKoZIzj0EAwIwFTETMBEGA1UEAwwKVFRNNDkwNSBDQTAeFw0yMjA0MjAwODQ0NTNaFw0yMjA1MjEwODQ0NTNaMBUxEzARBgNVBAMMCjFAdGVzdC5jb20wWTATBgcqhkjOPQIBBggqhkjOPQMBBwNCAAQHFNOCHx/BBFYqT41UW1M6slehFXn+9LK4VDhtASjKBd51QxSRtYZAl+/IpTuOnQdMVvlGCMMWkSeEGOgyfwh1MAoGCCqGSM49BAMCA0gAMEUCIQD1OXIEAO1fI6+XpR936a5Ef365WnXPvrbzl8oxr0/Z8QIgV5LWkYufM8V0VqpcYcHXyI2fCScD24nJMtVWnrVtOU8="}
04-25 19:48:27.767 28144 28222 D RegistrationHandler: I am the first in the network
04-25 19:48:27.767 28144 28222 D RegistrationHandler: 443847218 Registration started
04-25 19:48:27.780 28144 28222 D MulticastServer: Registration process finished: 443847218
04-25 19:48:27.791 28144 28202 D MulticastClient: Sent messages with 3 resends: [{"sender":"2@test.com","payload":"{\"ip\":\"192.168.1.57\",\"cert\":\"MIIBGjCBwqADAgECAgYBgEtMKvwwCgYIKoZIzj0EAwIwFTETMBEGA1UEAwwKVFRNNDkwNSBDQTAeFw0yMjA0MjAwODQ1MjRaFw0yMjA1MjEwODQ1MjRaMBUxEzARBgNVBAMMCjJAdGVzdC5jb20wWTATBgcqhkjOPQIBBggqhkjOPQMBBwNCAARuziVeqczih9y2IwSJ3AZuLzxwpY2VwkjEcfE8yVLxCF1qtw21\/iMvxrk2q4BpbgHrUX5EWSAEi7qJDXIS4c\/wMAoGCCqGSM49BAMCA0cAMEQCIG3JN+NQlClPB+thJTrGjfia7cfGbMyyWhJH4K0X7YymAiAUuEhh7Ol8fxrjxPTDnAemav8GQj3kHaLUj1oJ3XJ+Tg==\"}","mt":"BROADCAST_BLOCK","sig":"MEQCIHcGw5kJo+CScLA8V+EnJTOYXE1rN5Xr8jjblIy1KukGAiB++O\/h9S3hqkcqv1AXCqfgyz1hGV++hVB9xtcw0Z9MVg==","nonce":443847218,"seq":0,"tot":0}]
04-25 19:48:28.512 28144 28205 D RegistrationHandler: Received full ledger from 1@test.com with nonce 1176837921
04-25 19:48:28.512 28144 28205 D RegistrationHandler: FULL_LEDGER 1176837921
round 164 of 300
04-25 19:48:38.067 28260 28309 D MulticastServer: MULTICAST_SERVER_LISTENING
04-25 19:48:38.069 28260 28311 D MulticastServer: Registration process started with nonce 1815817143
04-25 19:48:38.072 28260 28315 D MulticastClient: REQUEST_LEDGER 1815817143
04-25 19:48:38.074 28260 28315 D MulticastClient: Sent messages with 3 resends: [{"sender":"","payload":"","mt":"REQUEST_LEDGER","sig":"","nonce":1815817143,"seq":0,"tot":0}]
round 165 of 300
04-25 19:48:52.550 28359 28407 D MulticastServer: MULTICAST_SERVER_LISTENING
04-25 19:48:52.555 28359 28409 D MulticastServer: Registration process started with nonce 1784256754
04-25 19:48:52.558 28359 28413 D MulticastClient: REQUEST_LEDGER 1784256754
04-25 19:48:52.560 28359 28413 D MulticastClient: Sent messages with 3 resends: [{"sender":"","payload":"","mt":"REQUEST_LEDGER","sig":"","nonce":1784256754,"seq":0,"tot":0}]
round 166 of 300
04-25 19:49:06.951 28484 28534 D MulticastServer: MULTICAST_SERVER_LISTENING
04-25 19:49:06.954 28484 28536 D MulticastServer: Registration process started with nonce 1999447563
04-25 19:49:06.956 28484 28535 D MulticastClient: REQUEST_LEDGER 1999447563
04-25 19:49:06.958 28484 28535 D MulticastClient: Sent messages with 3 resends: [{"sender":"","payload":"","mt":"REQUEST_LEDGER","sig":"","nonce":1999447563,"seq":0,"tot":0}]
round 167 of 300
04-25 19:49:21.410 28595 28644 D MulticastServer: MULTICAST_SERVER_LISTENING
04-25 19:49:21.413 28595 28646 D MulticastServer: Registration process started with nonce 1769198562
04-25 19:49:21.415 28595 28651 D MulticastClient: REQUEST_LEDGER 1769198562
04-25 19:49:21.417 28595 28651 D MulticastClient: Sent messages with 3 resends: [{"sender":"","payload":"","mt":"REQUEST_LEDGER","sig":"","nonce":1769198562,"seq":0,"tot":0}]
04-25 19:49:21.502 28595 28653 D MulticastServer: Registration process started with nonce 1519194065
04-25 19:49:21.503 28595 28653 D MulticastServer: Received request for ledger with nonce: 1519194065.
04-25 19:49:21.512 28595 28653 D MulticastServer: Broadcast block received {"ip":"192.168.1.66","cert":"MIIBGzCBwqADAgECAgYBgEtLsMUwCgYIKoZIzj0EAwIwFTETMBEGA1UEAwwKVFRNNDkwNSBDQTAeFw0yMjA0MjAwODQ0NTNaFw0yMjA1MjEwODQ0NTNaMBUxEzARBgNVBAMMCjFAdGVzdC5jb20wWTATBgcqhkjOPQIBBggqhkjOPQMBBwNCAAQHFNOCHx/BBFYqT41UW1M6slehFXn+9LK4VDhtASjKBd51QxSRtYZAl+/IpTuOnQdMVvlGCMMWkSeEGOgyfwh1MAoGCCqGSM49BAMCA0gAMEUCIQD1OXIEAO1fI6+XpR936a5Ef365WnXPvrbzl8oxr0/Z8QIgV5LWkYufM8V0VqpcYcHXyI2fCScD24nJMtVWnrVtOU8="}
04-25 19:49:21.523 28595 28653 D MulticastServer: Broadcast block received {"ip":"192.168.1.66","cert":"MIIBGzCBwqADAgECAgYBgEtLsMUwCgYIKoZIzj0EAwIwFTETMBEGA1UEAwwKVFRNNDkwNSBDQTAeFw0yMjA0MjAwODQ0NTNaFw0yMjA1MjEwODQ0NTNaMBUxEzARBgNVBAMMCjFAdGVzdC5jb20wWTATBgcqhkjOPQIBBggqhkjOPQMBBwNCAAQHFNOCHx/BBFYqT41UW1M6slehFXn+9LK4VDhtASjKBd51QxSRtYZAl+/IpTuOnQdMVvlGCMMWkSeEGOgyfwh1MAoGCCqGSM49BAMCA0gAMEUCIQD1OXIEAO1fI6+XpR936a5Ef365WnXPvrbzl8oxr0/Z8QIgV5LWkYufM8V0VqpcYcHXyI2fCScD24nJMtVWnrVtOU8="}
04-25 19:49:21.527 28595 28653 D MulticastServer: Broadcast block received {"ip":"192.168.1.66","cert":"MIIBGzCBwqADAgECAgYBgEtLsMUwCgYIKoZIzj0EAwIwFTETMBEGA1UEAwwKVFRNNDkwNSBDQTAeFw0yMjA0MjAwODQ0NTNaFw0yMjA1MjEwODQ0NTNaMBUxEzARBgNVBAMMCjFAdGVzdC5jb20wWTATBgcqhkjOPQIBBggqhkjOPQMBBwNCAAQHFNOCHx/BBFYqT41UW1M6slehFXn+9LK4VDhtASjKBd51QxSRtYZAl+/IpTuOnQdMVvlGCMMWkSeEGOgyfwh1MAoGCCqGSM49BAMCA0gAMEUCIQD1OXIEAO1fI6+XpR936a5Ef365WnXPvrbzl8oxr0/Z8QIgV5LWkYufM8V0VqpcYcHXyI2fCScD24nJMtVWnrVtOU8="}
04-25 19:49:25.505 28595 28662 D RegistrationHandler: I am the first in the network
04-25 19:49:25.505 28595 28662 D RegistrationHandler: 1519194065 Registration started
04-25 19:49:25.524 28595 28662 D MulticastServer: Registration process finished: 1519194065
04-25 19:49:25.549 28595 28651 D MulticastClient: Sent messages with 3 resends: [{"sender":"2@test.com","payload":"{\"ip\":\"192.168.1.57\",\"cert\":\"MIIBGjCBwqADAgECAgYBgEtMKvwwCgYIKoZIzj0EAwIwFTETMBEGA1UEAwwKVFRNNDkwNSBDQTAeFw0yMjA0MjAwODQ1MjRaFw0yMjA1MjEwODQ1MjRaMBUxEzARBgNVBAMMCjJAdGVzdC5jb20wWTATBgcqhkjOPQIBBggqhkjOPQMBBwNCAARuziVeqczih9y2IwSJ3AZuLzxwpY2VwkjEcfE8yVLxCF1qtw21\/iMvxrk2q4BpbgHrUX5EWSAEi7qJDXIS4c\/wMAoGCCqGSM49BAMCA0cAMEQCIG3JN+NQlClPB+thJTrGjfia7cfGbMyyWhJH4K0X7YymAiAUuEhh7Ol8fxrjxPTDnAemav8GQj3kHaLUj1oJ3XJ+Tg==\"}","mt":"BROADCAST_BLOCK","sig":"MEUCIBKU8eG0qbBbzeKxvBTgyGqS0VD3PCx+EI\/zAbIC225qAiEA\/kWUXWx9yxbDNRql5eUxAqh2mBjzDz9TmB1SGYCYZgg=","nonce":1519194065,"seq":0,"tot":0}]
04-25 19:49:26.449 28595 28653 D RegistrationHandler: Received full ledger from 1@test.com with nonce 1769198562
04-25 19:49:26.449 28595 28653 D RegistrationHandler: FULL_LEDGER 1769198562
round 168 of 300
04-25 19:49:35.898 28708 28758 D MulticastServer: MULTICAST_SERVER_LISTENING
04-25 19:49:35.900 28708 28760 D MulticastServer: Registration process started with nonce 610830573
04-25 19:49:35.905 28708 28764 D MulticastClient: REQUEST_LEDGER 610830573
04-25 19:49:35.912 28708 28764 D MulticastClient: Sent messages with 3 resends: [{"sender":"","payload":"","mt":"REQUEST_LEDGER","sig":"","nonce":610830573,"seq":0,"tot":0}]
round 169 of 300
04-25 19:49:50.396 28811 28859 D MulticastServer: MULTICAST_SERVER_LISTENING
04-25 19:49:50.398 28811 28861 D MulticastServer: Registration process started with nonce 285587281
04-25 19:49:50.401 28811 28860 D MulticastClient: REQUEST_LEDGER 285587281
04-25 19:49:50.402 28811 28860 D MulticastClient: Sent messages with 3 resends: [{"sender":"","payload":"","mt":"REQUEST_LEDGER","sig":"","nonce":285587281,"seq":0,"tot":0}]
04-25 19:49:56.337 28811 28868 D RegistrationHandler: Received full ledger from 1@test.com with nonce 285587281
04-25 19:49:56.337 28811 28868 D RegistrationHandler: FULL_LEDGER 285587281
round 170 of 300
04-25 19:50:04.936 28916 28965 D MulticastServer: MULTICAST_SERVER_LISTENING
04-25 19:50:04.939 28916 28967 D MulticastServer: Registration process started with nonce 666579750
04-25 19:50:04.943 28916 28971 D MulticastClient: REQUEST_LEDGER 666579750
04-25 19:50:04.951 28916 28971 D MulticastClient: Sent messages with 3 resends: [{"sender":"","payload":"","mt":"REQUEST_LEDGER","sig":"","nonce":666579750,"seq":0,"tot":0}]
round 171 of 300
04-25 19:50:19.377 29019 29068 D MulticastServer: MULTICAST_SERVER_LISTENING
04-25 19:50:19.379 29019 29070 D MulticastServer: Registration process started with nonce 1739430896
04-25 19:50:19.381 29019 29069 D MulticastClient: REQUEST_LEDGER 1739430896
04-25 19:50:19.382 29019 29069 D MulticastClient: Sent messages with 3 resends: [{"sender":"","payload":"","mt":"REQUEST_LEDGER","sig":"","nonce":1739430896,"seq":0,"tot":0}]
04-25 19:50:19.443 29019 29076 D MulticastServer: Registration process started with nonce 993032640
04-25 19:50:19.444 29019 29076 D MulticastServer: Received request for ledger with nonce: 993032640.
04-25 19:50:19.456 29019 29076 D MulticastServer: Broadcast block received {"ip":"192.168.1.66","cert":"MIIBGzCBwqADAgECAgYBgEtLsMUwCgYIKoZIzj0EAwIwFTETMBEGA1UEAwwKVFRNNDkwNSBDQTAeFw0yMjA0MjAwODQ0NTNaFw0yMjA1MjEwODQ0NTNaMBUxEzARBgNVBAMMCjFAdGVzdC5jb20wWTATBgcqhkjOPQIBBggqhkjOPQMBBwNCAAQHFNOCHx/BBFYqT41UW1M6slehFXn+9LK4VDhtASjKBd51QxSRtYZAl+/IpTuOnQdMVvlGCMMWkSeEGOgyfwh1MAoGCCqGSM49BAMCA0gAMEUCIQD1OXIEAO1fI6+XpR936a5Ef365WnXPvrbzl8oxr0/Z8QIgV5LWkYufM8V0VqpcYcHXyI2fCScD24nJMtVWnrVtOU8="}
04-25 19:50:19.466 29019 29076 D MulticastServer: Broadcast block received {"ip":"192.168.1.66","cert":"MIIBGzCBwqADAgECAgYBgEtLsMUwCgYIKoZIzj0EAwIwFTETMBEGA1UEAwwKVFRNNDkwNSBDQTAeFw0yMjA0MjAwODQ0NTNaFw0yMjA1MjEwODQ0NTNaMBUxEzARBgNVBAMMCjFAdGVzdC5jb20wWTATBgcqhkjOPQIBBggqhkjOPQMBBwNCAAQHFNOCHx/BBFYqT41UW1M6slehFXn+9LK4VDhtASjKBd51QxSRtYZAl+/IpTuOnQdMVvlGCMMWkSeEGOgyfwh1MAoGCCqGSM49BAMCA0gAMEUCIQD1OXIEAO1fI6+XpR936a5Ef365WnXPvrbzl8oxr0/Z8QIgV5LWkYufM8V0VqpcYcHXyI2fCScD24nJMtVWnrVtOU8="}
04-25 19:50:19.475 29019 29076 D MulticastServer: Broadcast block received {"ip":"192.168.1.66","cert":"MIIBGzCBwqADAgECAgYBgEtLsMUwCgYIKoZIzj0EAwIwFTETMBEGA1UEAwwKVFRNNDkwNSBDQTAeFw0yMjA0MjAwODQ0NTNaFw0yMjA1MjEwODQ0NTNaMBUxEzARBgNVBAMMCjFAdGVzdC5jb20wWTATBgcqhkjOPQIBBggqhkjOPQMBBwNCAAQHFNOCHx/BBFYqT41UW1M6slehFXn+9LK4VDhtASjKBd51QxSRtYZAl+/IpTuOnQdMVvlGCMMWkSeEGOgyfwh1MAoGCCqGSM49BAMCA0gAMEUCIQD1OXIEAO1fI6+XpR936a5Ef365WnXPvrbzl8oxr0/Z8QIgV5LWkYufM8V0VqpcYcHXyI2fCScD24nJMtVWnrVtOU8="}
04-25 19:50:19.483 29019 29076 D MulticastServer: Broadcast block received {"ip":"192.168.1.66","cert":"MIIBGzCBwqADAgECAgYBgEtLsMUwCgYIKoZIzj0EAwIwFTETMBEGA1UEAwwKVFRNNDkwNSBDQTAeFw0yMjA0MjAwODQ0NTNaFw0yMjA1MjEwODQ0NTNaMBUxEzARBgNVBAMMCjFAdGVzdC5jb20wWTATBgcqhkjOPQIBBggqhkjOPQMBBwNCAAQHFNOCHx/BBFYqT41UW1M6slehFXn+9LK4VDhtASjKBd51QxSRtYZAl+/IpTuOnQdMVvlGCMMWkSeEGOgyfwh1MAoGCCqGSM49BAMCA0gAMEUCIQD1OXIEAO1fI6+XpR936a5Ef365WnXPvrbzl8oxr0/Z8QIgV5LWkYufM8V0VqpcYcHXyI2fCScD24nJMtVWnrVtOU8="}
04-25 19:50:23.446 29019 29082 D RegistrationHandler: I am the first in the network
04-25 19:50:23.447 29019 29082 D RegistrationHandler: 993032640 Registration started
04-25 19:50:23.470 29019 29082 D MulticastServer: Registration process finished: 993032640
04-25 19:50:23.471 29019 29069 D MulticastClient: Sent messages with 3 resends: [{"sender":"2@test.com","payload":"{\"ip\":\"192.168.1.57\",\"cert\":\"MIIBGjCBwqADAgECAgYBgEtMKvwwCgYIKoZIzj0EAwIwFTETMBEGA1UEAwwKVFRNNDkwNSBDQTAeFw0yMjA0MjAwODQ1MjRaFw0yMjA1MjEwODQ1MjRaMBUxEzARBgNVBAMMCjJAdGVzdC5jb20wWTATBgcqhkjOPQIBBggqhkjOPQMBBwNCAARuziVeqczih9y2IwSJ3AZuLzxwpY2VwkjEcfE8yVLxCF1qtw21\/iMvxrk2q4BpbgHrUX5EWSAEi7qJDXIS4c\/wMAoGCCqGSM49BAMCA0cAMEQCIG3JN+NQlClPB+thJTrGjfia7cfGbMyyWhJH4K0X7YymAiAUuEhh7Ol8fxrjxPTDnAemav8GQj3kHaLUj1oJ3XJ+Tg==\"}","mt":"BROADCAST_BLOCK","sig":"MEQCIHpKAZjk4RCUcYDyt5yxUWIoTnW7rypNi6+4CQb8GMp2AiAoOvbNDDDKCUduv9dkMW2mZwIoRFI8EhkplD97JQhE3w==","nonce":993032640,"seq":0,"tot":0}]
04-25 19:50:24.193 29019 29076 D RegistrationHandler: Received full ledger from 1@test.com with nonce 1739430896
04-25 19:50:24.193 29019 29076 D RegistrationHandler: FULL_LEDGER 1739430896
round 172 of 300
04-25 19:50:33.879 29133 29181 D MulticastServer: MULTICAST_SERVER_LISTENING
04-25 19:50:33.881 29133 29183 D MulticastServer: Registration process started with nonce 1845228405
04-25 19:50:33.884 29133 29182 D MulticastClient: REQUEST_LEDGER 1845228405
04-25 19:50:33.885 29133 29182 D MulticastClient: Sent messages with 3 resends: [{"sender":"","payload":"","mt":"REQUEST_LEDGER","sig":"","nonce":1845228405,"seq":0,"tot":0}]
round 173 of 300
04-25 19:50:48.363 29242 29291 D MulticastServer: MULTICAST_SERVER_LISTENING
04-25 19:50:48.366 29242 29293 D MulticastServer: Registration process started with nonce 532853535
04-25 19:50:48.368 29242 29292 D MulticastClient: REQUEST_LEDGER 532853535
04-25 19:50:48.370 29242 29292 D MulticastClient: Sent messages with 3 resends: [{"sender":"","payload":"","mt":"REQUEST_LEDGER","sig":"","nonce":532853535,"seq":0,"tot":0}]
04-25 19:50:48.537 29242 29299 D MulticastServer: Broadcast block received {"ip":"192.168.1.66","cert":"MIIBGzCBwqADAgECAgYBgEtLsMUwCgYIKoZIzj0EAwIwFTETMBEGA1UEAwwKVFRNNDkwNSBDQTAeFw0yMjA0MjAwODQ0NTNaFw0yMjA1MjEwODQ0NTNaMBUxEzARBgNVBAMMCjFAdGVzdC5jb20wWTATBgcqhkjOPQIBBggqhkjOPQMBBwNCAAQHFNOCHx/BBFYqT41UW1M6slehFXn+9LK4VDhtASjKBd51QxSRtYZAl+/IpTuOnQdMVvlGCMMWkSeEGOgyfwh1MAoGCCqGSM49BAMCA0gAMEUCIQD1OXIEAO1fI6+XpR936a5Ef365WnXPvrbzl8oxr0/Z8QIgV5LWkYufM8V0VqpcYcHXyI2fCScD24nJMtVWnrVtOU8="}
round 174 of 300
04-25 19:51:02.884 29353 29402 D MulticastServer: MULTICAST_SERVER_LISTENING
04-25 19:51:02.886 29353 29404 D MulticastServer: Registration process started with nonce 80738207
04-25 19:51:02.888 29353 29403 D MulticastClient: REQUEST_LEDGER 80738207
04-25 19:51:02.889 29353 29403 D MulticastClient: Sent messages with 3 resends: [{"sender":"","payload":"","mt":"REQUEST_LEDGER","sig":"","nonce":80738207,"seq":0,"tot":0}]
round 175 of 300
04-25 19:51:17.362 29451 29500 D MulticastServer: MULTICAST_SERVER_LISTENING
04-25 19:51:17.362 29451 29502 D MulticastServer: Registration process started with nonce 42685596
04-25 19:51:17.365 29451 29501 D MulticastClient: REQUEST_LEDGER 42685596
04-25 19:51:17.366 29451 29501 D MulticastClient: Sent messages with 3 resends: [{"sender":"","payload":"","mt":"REQUEST_LEDGER","sig":"","nonce":42685596,"seq":0,"tot":0}]
04-25 19:51:18.121 29451 29509 D MulticastServer: Registration process started with nonce 1465081523
04-25 19:51:18.124 29451 29509 D MulticastServer: Received request for ledger with nonce: 1465081523.
04-25 19:51:18.147 29451 29509 D MulticastServer: Broadcast block received {"ip":"192.168.1.66","cert":"MIIBGzCBwqADAgECAgYBgEtLsMUwCgYIKoZIzj0EAwIwFTETMBEGA1UEAwwKVFRNNDkwNSBDQTAeFw0yMjA0MjAwODQ0NTNaFw0yMjA1MjEwODQ0NTNaMBUxEzARBgNVBAMMCjFAdGVzdC5jb20wWTATBgcqhkjOPQIBBggqhkjOPQMBBwNCAAQHFNOCHx/BBFYqT41UW1M6slehFXn+9LK4VDhtASjKBd51QxSRtYZAl+/IpTuOnQdMVvlGCMMWkSeEGOgyfwh1MAoGCCqGSM49BAMCA0gAMEUCIQD1OXIEAO1fI6+XpR936a5Ef365WnXPvrbzl8oxr0/Z8QIgV5LWkYufM8V0VqpcYcHXyI2fCScD24nJMtVWnrVtOU8="}
04-25 19:51:18.151 29451 29509 D MulticastServer: Broadcast block received {"ip":"192.168.1.66","cert":"MIIBGzCBwqADAgECAgYBgEtLsMUwCgYIKoZIzj0EAwIwFTETMBEGA1UEAwwKVFRNNDkwNSBDQTAeFw0yMjA0MjAwODQ0NTNaFw0yMjA1MjEwODQ0NTNaMBUxEzARBgNVBAMMCjFAdGVzdC5jb20wWTATBgcqhkjOPQIBBggqhkjOPQMBBwNCAAQHFNOCHx/BBFYqT41UW1M6slehFXn+9LK4VDhtASjKBd51QxSRtYZAl+/IpTuOnQdMVvlGCMMWkSeEGOgyfwh1MAoGCCqGSM49BAMCA0gAMEUCIQD1OXIEAO1fI6+XpR936a5Ef365WnXPvrbzl8oxr0/Z8QIgV5LWkYufM8V0VqpcYcHXyI2fCScD24nJMtVWnrVtOU8="}
04-25 19:51:18.235 29451 29509 D MulticastServer: Broadcast block received {"ip":"192.168.1.66","cert":"MIIBGzCBwqADAgECAgYBgEtLsMUwCgYIKoZIzj0EAwIwFTETMBEGA1UEAwwKVFRNNDkwNSBDQTAeFw0yMjA0MjAwODQ0NTNaFw0yMjA1MjEwODQ0NTNaMBUxEzARBgNVBAMMCjFAdGVzdC5jb20wWTATBgcqhkjOPQIBBggqhkjOPQMBBwNCAAQHFNOCHx/BBFYqT41UW1M6slehFXn+9LK4VDhtASjKBd51QxSRtYZAl+/IpTuOnQdMVvlGCMMWkSeEGOgyfwh1MAoGCCqGSM49BAMCA0gAMEUCIQD1OXIEAO1fI6+XpR936a5Ef365WnXPvrbzl8oxr0/Z8QIgV5LWkYufM8V0VqpcYcHXyI2fCScD24nJMtVWnrVtOU8="}
04-25 19:51:22.127 29451 29537 D RegistrationHandler: I am the first in the network
04-25 19:51:22.127 29451 29537 D RegistrationHandler: 1465081523 Registration started
04-25 19:51:22.142 29451 29537 D MulticastServer: Registration process finished: 1465081523
04-25 19:51:22.152 29451 29501 D MulticastClient: Sent messages with 3 resends: [{"sender":"2@test.com","payload":"{\"ip\":\"192.168.1.57\",\"cert\":\"MIIBGjCBwqADAgECAgYBgEtMKvwwCgYIKoZIzj0EAwIwFTETMBEGA1UEAwwKVFRNNDkwNSBDQTAeFw0yMjA0MjAwODQ1MjRaFw0yMjA1MjEwODQ1MjRaMBUxEzARBgNVBAMMCjJAdGVzdC5jb20wWTATBgcqhkjOPQIBBggqhkjOPQMBBwNCAARuziVeqczih9y2IwSJ3AZuLzxwpY2VwkjEcfE8yVLxCF1qtw21\/iMvxrk2q4BpbgHrUX5EWSAEi7qJDXIS4c\/wMAoGCCqGSM49BAMCA0cAMEQCIG3JN+NQlClPB+thJTrGjfia7cfGbMyyWhJH4K0X7YymAiAUuEhh7Ol8fxrjxPTDnAemav8GQj3kHaLUj1oJ3XJ+Tg==\"}","mt":"BROADCAST_BLOCK","sig":"MEYCIQC\/W+PRsdebE8BeeePJZ1EVIZVEqZY6NtauOjxUqIcRXAIhAIEmYt6u69mGZy7kwThxNEaPMKphfjznl8+HY8FEmVyU","nonce":1465081523,"seq":0,"tot":0}]
04-25 19:51:23.615 29451 29509 D RegistrationHandler: Received full ledger from 1@test.com with nonce 42685596
04-25 19:51:23.615 29451 29509 D RegistrationHandler: FULL_LEDGER 42685596
round 176 of 300
04-25 19:51:31.793 29566 29614 D MulticastServer: MULTICAST_SERVER_LISTENING
04-25 19:51:31.796 29566 29616 D MulticastServer: Registration process started with nonce 1655940662
04-25 19:51:31.798 29566 29615 D MulticastClient: REQUEST_LEDGER 1655940662
04-25 19:51:31.799 29566 29615 D MulticastClient: Sent messages with 3 resends: [{"sender":"","payload":"","mt":"REQUEST_LEDGER","sig":"","nonce":1655940662,"seq":0,"tot":0}]
round 177 of 300
04-25 19:51:46.243 29670 29719 D MulticastServer: MULTICAST_SERVER_LISTENING
04-25 19:51:46.245 29670 29721 D MulticastServer: Registration process started with nonce 1767366438
04-25 19:51:46.247 29670 29720 D MulticastClient: REQUEST_LEDGER 1767366438
04-25 19:51:46.249 29670 29720 D MulticastClient: Sent messages with 3 resends: [{"sender":"","payload":"","mt":"REQUEST_LEDGER","sig":"","nonce":1767366438,"seq":0,"tot":0}]
round 178 of 300
04-25 19:52:00.682 29781 29830 D MulticastServer: MULTICAST_SERVER_LISTENING
04-25 19:52:00.685 29781 29832 D MulticastServer: Registration process started with nonce 995901011
04-25 19:52:00.687 29781 29831 D MulticastClient: REQUEST_LEDGER 995901011
04-25 19:52:00.688 29781 29831 D MulticastClient: Sent messages with 3 resends: [{"sender":"","payload":"","mt":"REQUEST_LEDGER","sig":"","nonce":995901011,"seq":0,"tot":0}]
round 179 of 300
04-25 19:52:15.166 29891 29941 D MulticastServer: MULTICAST_SERVER_LISTENING
04-25 19:52:15.173 29891 29943 D MulticastServer: Registration process started with nonce 1750049035
04-25 19:52:15.175 29891 29947 D MulticastClient: REQUEST_LEDGER 1750049035
04-25 19:52:15.178 29891 29947 D MulticastClient: Sent messages with 3 resends: [{"sender":"","payload":"","mt":"REQUEST_LEDGER","sig":"","nonce":1750049035,"seq":0,"tot":0}]
04-25 19:52:21.944 29891 29950 D RegistrationHandler: Received full ledger from 1@test.com with nonce 1750049035
04-25 19:52:21.945 29891 29950 D RegistrationHandler: FULL_LEDGER 1750049035
round 180 of 300
04-25 19:52:29.645 30004 30053 D MulticastServer: MULTICAST_SERVER_LISTENING
04-25 19:52:29.647 30004 30055 D MulticastServer: Registration process started with nonce 615631149
04-25 19:52:29.650 30004 30059 D MulticastClient: REQUEST_LEDGER 615631149
04-25 19:52:29.651 30004 30059 D MulticastClient: Sent messages with 3 resends: [{"sender":"","payload":"","mt":"REQUEST_LEDGER","sig":"","nonce":615631149,"seq":0,"tot":0}]
round 181 of 300
04-25 19:52:44.120 30114 30163 D MulticastServer: MULTICAST_SERVER_LISTENING
04-25 19:52:44.122 30114 30165 D MulticastServer: Registration process started with nonce 1134543273
04-25 19:52:44.125 30114 30164 D MulticastClient: REQUEST_LEDGER 1134543273
04-25 19:52:44.126 30114 30164 D MulticastClient: Sent messages with 3 resends: [{"sender":"","payload":"","mt":"REQUEST_LEDGER","sig":"","nonce":1134543273,"seq":0,"tot":0}]
round 182 of 300
04-25 19:52:58.644 30215 30265 D MulticastServer: MULTICAST_SERVER_LISTENING
04-25 19:52:58.652 30215 30267 D MulticastServer: Registration process started with nonce 1704318170
04-25 19:52:58.656 30215 30272 D MulticastClient: REQUEST_LEDGER 1704318170
04-25 19:52:58.663 30215 30272 D MulticastClient: Sent messages with 3 resends: [{"sender":"","payload":"","mt":"REQUEST_LEDGER","sig":"","nonce":1704318170,"seq":0,"tot":0}]
04-25 19:52:58.801 30215 30274 D MulticastServer: Registration process started with nonce 373229827
04-25 19:52:58.801 30215 30274 D MulticastServer: Received request for ledger with nonce: 373229827.
04-25 19:52:58.819 30215 30274 D MulticastServer: Broadcast block received {"ip":"192.168.1.66","cert":"MIIBGzCBwqADAgECAgYBgEtLsMUwCgYIKoZIzj0EAwIwFTETMBEGA1UEAwwKVFRNNDkwNSBDQTAeFw0yMjA0MjAwODQ0NTNaFw0yMjA1MjEwODQ0NTNaMBUxEzARBgNVBAMMCjFAdGVzdC5jb20wWTATBgcqhkjOPQIBBggqhkjOPQMBBwNCAAQHFNOCHx/BBFYqT41UW1M6slehFXn+9LK4VDhtASjKBd51QxSRtYZAl+/IpTuOnQdMVvlGCMMWkSeEGOgyfwh1MAoGCCqGSM49BAMCA0gAMEUCIQD1OXIEAO1fI6+XpR936a5Ef365WnXPvrbzl8oxr0/Z8QIgV5LWkYufM8V0VqpcYcHXyI2fCScD24nJMtVWnrVtOU8="}
04-25 19:52:58.821 30215 30274 D MulticastServer: Broadcast block received {"ip":"192.168.1.66","cert":"MIIBGzCBwqADAgECAgYBgEtLsMUwCgYIKoZIzj0EAwIwFTETMBEGA1UEAwwKVFRNNDkwNSBDQTAeFw0yMjA0MjAwODQ0NTNaFw0yMjA1MjEwODQ0NTNaMBUxEzARBgNVBAMMCjFAdGVzdC5jb20wWTATBgcqhkjOPQIBBggqhkjOPQMBBwNCAAQHFNOCHx/BBFYqT41UW1M6slehFXn+9LK4VDhtASjKBd51QxSRtYZAl+/IpTuOnQdMVvlGCMMWkSeEGOgyfwh1MAoGCCqGSM49BAMCA0gAMEUCIQD1OXIEAO1fI6+XpR936a5Ef365WnXPvrbzl8oxr0/Z8QIgV5LWkYufM8V0VqpcYcHXyI2fCScD24nJMtVWnrVtOU8="}
04-25 19:52:58.991 30215 30274 D MulticastServer: Broadcast block received {"ip":"192.168.1.66","cert":"MIIBGzCBwqADAgECAgYBgEtLsMUwCgYIKoZIzj0EAwIwFTETMBEGA1UEAwwKVFRNNDkwNSBDQTAeFw0yMjA0MjAwODQ0NTNaFw0yMjA1MjEwODQ0NTNaMBUxEzARBgNVBAMMCjFAdGVzdC5jb20wWTATBgcqhkjOPQIBBggqhkjOPQMBBwNCAAQHFNOCHx/BBFYqT41UW1M6slehFXn+9LK4VDhtASjKBd51QxSRtYZAl+/IpTuOnQdMVvlGCMMWkSeEGOgyfwh1MAoGCCqGSM49BAMCA0gAMEUCIQD1OXIEAO1fI6+XpR936a5Ef365WnXPvrbzl8oxr0/Z8QIgV5LWkYufM8V0VqpcYcHXyI2fCScD24nJMtVWnrVtOU8="}
04-25 19:53:02.803 30215 30292 D RegistrationHandler: I am the first in the network
04-25 19:53:02.803 30215 30292 D RegistrationHandler: 373229827 Registration started
04-25 19:53:02.819 30215 30292 D MulticastServer: Registration process finished: 373229827
04-25 19:53:02.833 30215 30272 D MulticastClient: Sent messages with 3 resends: [{"sender":"2@test.com","payload":"{\"ip\":\"192.168.1.57\",\"cert\":\"MIIBGjCBwqADAgECAgYBgEtMKvwwCgYIKoZIzj0EAwIwFTETMBEGA1UEAwwKVFRNNDkwNSBDQTAeFw0yMjA0MjAwODQ1MjRaFw0yMjA1MjEwODQ1MjRaMBUxEzARBgNVBAMMCjJAdGVzdC5jb20wWTATBgcqhkjOPQIBBggqhkjOPQMBBwNCAARuziVeqczih9y2IwSJ3AZuLzxwpY2VwkjEcfE8yVLxCF1qtw21\/iMvxrk2q4BpbgHrUX5EWSAEi7qJDXIS4c\/wMAoGCCqGSM49BAMCA0cAMEQCIG3JN+NQlClPB+thJTrGjfia7cfGbMyyWhJH4K0X7YymAiAUuEhh7Ol8fxrjxPTDnAemav8GQj3kHaLUj1oJ3XJ+Tg==\"}","mt":"BROADCAST_BLOCK","sig":"MEYCIQD9Es0Fmb68Dd01PJSA8IoHkW96GCvio7\/bDqwwA0YzGAIhAOF5auyTQN0bI4JRQC1om686eGujYUALuMuOXY9KCltS","nonce":373229827,"seq":0,"tot":0}]
round 183 of 300
04-25 19:53:13.314 30342 30391 D MulticastServer: MULTICAST_SERVER_LISTENING
04-25 19:53:13.316 30342 30393 D MulticastServer: Registration process started with nonce 1948273967
04-25 19:53:13.320 30342 30392 D MulticastClient: REQUEST_LEDGER 1948273967
04-25 19:53:13.321 30342 30392 D MulticastClient: Sent messages with 3 resends: [{"sender":"","payload":"","mt":"REQUEST_LEDGER","sig":"","nonce":1948273967,"seq":0,"tot":0}]
round 184 of 300
04-25 19:53:27.631 30441 30490 D MulticastServer: MULTICAST_SERVER_LISTENING
04-25 19:53:27.633 30441 30492 D MulticastServer: Registration process started with nonce 1679314501
04-25 19:53:27.635 30441 30491 D MulticastClient: REQUEST_LEDGER 1679314501
04-25 19:53:27.637 30441 30491 D MulticastClient: Sent messages with 3 resends: [{"sender":"","payload":"","mt":"REQUEST_LEDGER","sig":"","nonce":1679314501,"seq":0,"tot":0}]
04-25 19:53:34.697 30441 30498 D RegistrationHandler: Received full ledger from 1@test.com with nonce 1679314501
04-25 19:53:34.698 30441 30498 D RegistrationHandler: FULL_LEDGER 1679314501
round 185 of 300
04-25 19:53:42.099 30551 30599 D MulticastServer: MULTICAST_SERVER_LISTENING
04-25 19:53:42.101 30551 30601 D MulticastServer: Registration process started with nonce 1985763486
04-25 19:53:42.103 30551 30600 D MulticastClient: REQUEST_LEDGER 1985763486
04-25 19:53:42.104 30551 30600 D MulticastClient: Sent messages with 3 resends: [{"sender":"","payload":"","mt":"REQUEST_LEDGER","sig":"","nonce":1985763486,"seq":0,"tot":0}]
round 186 of 300
04-25 19:53:56.590 30649 30698 D MulticastServer: MULTICAST_SERVER_LISTENING
04-25 19:53:56.592 30649 30700 D MulticastServer: Registration process started with nonce 1175829571
04-25 19:53:56.596 30649 30704 D MulticastClient: REQUEST_LEDGER 1175829571
04-25 19:53:56.603 30649 30704 D MulticastClient: Sent messages with 3 resends: [{"sender":"","payload":"","mt":"REQUEST_LEDGER","sig":"","nonce":1175829571,"seq":0,"tot":0}]
04-25 19:54:02.991 30649 30706 D RegistrationHandler: Received full ledger from 1@test.com with nonce 1175829571
04-25 19:54:02.991 30649 30706 D RegistrationHandler: FULL_LEDGER 1175829571
round 187 of 300
04-25 19:54:11.085 30759 30808 D MulticastServer: MULTICAST_SERVER_LISTENING
04-25 19:54:11.087 30759 30810 D MulticastServer: Registration process started with nonce 1631278024
04-25 19:54:11.090 30759 30809 D MulticastClient: REQUEST_LEDGER 1631278024
04-25 19:54:11.091 30759 30809 D MulticastClient: Sent messages with 3 resends: [{"sender":"","payload":"","mt":"REQUEST_LEDGER","sig":"","nonce":1631278024,"seq":0,"tot":0}]
04-25 19:54:11.319 30759 30816 D MulticastServer: Registration process started with nonce 1678137569
04-25 19:54:11.319 30759 30816 D MulticastServer: Received request for ledger with nonce: 1678137569.
04-25 19:54:11.493 30759 30816 D MulticastServer: Broadcast block received {"ip":"192.168.1.66","cert":"MIIBGzCBwqADAgECAgYBgEtLsMUwCgYIKoZIzj0EAwIwFTETMBEGA1UEAwwKVFRNNDkwNSBDQTAeFw0yMjA0MjAwODQ0NTNaFw0yMjA1MjEwODQ0NTNaMBUxEzARBgNVBAMMCjFAdGVzdC5jb20wWTATBgcqhkjOPQIBBggqhkjOPQMBBwNCAAQHFNOCHx/BBFYqT41UW1M6slehFXn+9LK4VDhtASjKBd51QxSRtYZAl+/IpTuOnQdMVvlGCMMWkSeEGOgyfwh1MAoGCCqGSM49BAMCA0gAMEUCIQD1OXIEAO1fI6+XpR936a5Ef365WnXPvrbzl8oxr0/Z8QIgV5LWkYufM8V0VqpcYcHXyI2fCScD24nJMtVWnrVtOU8="}
04-25 19:54:11.499 30759 30816 D MulticastServer: Broadcast block received {"ip":"192.168.1.66","cert":"MIIBGzCBwqADAgECAgYBgEtLsMUwCgYIKoZIzj0EAwIwFTETMBEGA1UEAwwKVFRNNDkwNSBDQTAeFw0yMjA0MjAwODQ0NTNaFw0yMjA1MjEwODQ0NTNaMBUxEzARBgNVBAMMCjFAdGVzdC5jb20wWTATBgcqhkjOPQIBBggqhkjOPQMBBwNCAAQHFNOCHx/BBFYqT41UW1M6slehFXn+9LK4VDhtASjKBd51QxSRtYZAl+/IpTuOnQdMVvlGCMMWkSeEGOgyfwh1MAoGCCqGSM49BAMCA0gAMEUCIQD1OXIEAO1fI6+XpR936a5Ef365WnXPvrbzl8oxr0/Z8QIgV5LWkYufM8V0VqpcYcHXyI2fCScD24nJMtVWnrVtOU8="}
04-25 19:54:11.507 30759 30816 D MulticastServer: Broadcast block received {"ip":"192.168.1.66","cert":"MIIBGzCBwqADAgECAgYBgEtLsMUwCgYIKoZIzj0EAwIwFTETMBEGA1UEAwwKVFRNNDkwNSBDQTAeFw0yMjA0MjAwODQ0NTNaFw0yMjA1MjEwODQ0NTNaMBUxEzARBgNVBAMMCjFAdGVzdC5jb20wWTATBgcqhkjOPQIBBggqhkjOPQMBBwNCAAQHFNOCHx/BBFYqT41UW1M6slehFXn+9LK4VDhtASjKBd51QxSRtYZAl+/IpTuOnQdMVvlGCMMWkSeEGOgyfwh1MAoGCCqGSM49BAMCA0gAMEUCIQD1OXIEAO1fI6+XpR936a5Ef365WnXPvrbzl8oxr0/Z8QIgV5LWkYufM8V0VqpcYcHXyI2fCScD24nJMtVWnrVtOU8="}
04-25 19:54:11.517 30759 30816 D MulticastServer: Broadcast block received {"ip":"192.168.1.66","cert":"MIIBGzCBwqADAgECAgYBgEtLsMUwCgYIKoZIzj0EAwIwFTETMBEGA1UEAwwKVFRNNDkwNSBDQTAeFw0yMjA0MjAwODQ0NTNaFw0yMjA1MjEwODQ0NTNaMBUxEzARBgNVBAMMCjFAdGVzdC5jb20wWTATBgcqhkjOPQIBBggqhkjOPQMBBwNCAAQHFNOCHx/BBFYqT41UW1M6slehFXn+9LK4VDhtASjKBd51QxSRtYZAl+/IpTuOnQdMVvlGCMMWkSeEGOgyfwh1MAoGCCqGSM49BAMCA0gAMEUCIQD1OXIEAO1fI6+XpR936a5Ef365WnXPvrbzl8oxr0/Z8QIgV5LWkYufM8V0VqpcYcHXyI2fCScD24nJMtVWnrVtOU8="}
04-25 19:54:15.322 30759 30833 D RegistrationHandler: I am the first in the network
04-25 19:54:15.322 30759 30833 D RegistrationHandler: 1678137569 Registration started
04-25 19:54:15.338 30759 30833 D MulticastServer: Registration process finished: 1678137569
04-25 19:54:15.349 30759 30809 D MulticastClient: Sent messages with 3 resends: [{"sender":"2@test.com","payload":"{\"ip\":\"192.168.1.57\",\"cert\":\"MIIBGjCBwqADAgECAgYBgEtMKvwwCgYIKoZIzj0EAwIwFTETMBEGA1UEAwwKVFRNNDkwNSBDQTAeFw0yMjA0MjAwODQ1MjRaFw0yMjA1MjEwODQ1MjRaMBUxEzARBgNVBAMMCjJAdGVzdC5jb20wWTATBgcqhkjOPQIBBggqhkjOPQMBBwNCAARuziVeqczih9y2IwSJ3AZuLzxwpY2VwkjEcfE8yVLxCF1qtw21\/iMvxrk2q4BpbgHrUX5EWSAEi7qJDXIS4c\/wMAoGCCqGSM49BAMCA0cAMEQCIG3JN+NQlClPB+thJTrGjfia7cfGbMyyWhJH4K0X7YymAiAUuEhh7Ol8fxrjxPTDnAemav8GQj3kHaLUj1oJ3XJ+Tg==\"}","mt":"BROADCAST_BLOCK","sig":"MEYCIQD5PHbNch6M2\/YbTQ0DMrNVSRiSfvsD3S0cH29bDe0b2wIhAIkf9++xwj7OqEbcJe\/NX7rmjdYfa967RD9mEuBA3aan","nonce":1678137569,"seq":0,"tot":0}]
round 188 of 300
04-25 19:54:25.603 30872 30922 D MulticastServer: MULTICAST_SERVER_LISTENING
04-25 19:54:25.606 30872 30924 D MulticastServer: Registration process started with nonce 1261914077
04-25 19:54:25.608 30872 30929 D MulticastClient: REQUEST_LEDGER 1261914077
04-25 19:54:25.609 30872 30929 D MulticastClient: Sent messages with 3 resends: [{"sender":"","payload":"","mt":"REQUEST_LEDGER","sig":"","nonce":1261914077,"seq":0,"tot":0}]
04-25 19:54:32.686 30872 30931 D RegistrationHandler: Received full ledger from 1@test.com with nonce 1261914077
04-25 19:54:32.686 30872 30931 D RegistrationHandler: FULL_LEDGER 1261914077
round 189 of 300
04-25 19:54:40.110 30973 31021 D MulticastServer: MULTICAST_SERVER_LISTENING
04-25 19:54:40.113 30973 31023 D MulticastServer: Registration process started with nonce 258856849
04-25 19:54:40.115 30973 31022 D MulticastClient: REQUEST_LEDGER 258856849
04-25 19:54:40.116 30973 31022 D MulticastClient: Sent messages with 3 resends: [{"sender":"","payload":"","mt":"REQUEST_LEDGER","sig":"","nonce":258856849,"seq":0,"tot":0}]
04-25 19:54:41.018 30973 31029 D MulticastServer: Registration process started with nonce 616930816
04-25 19:54:41.024 30973 31029 D MulticastServer: Received request for ledger with nonce: 616930816.
04-25 19:54:41.049 30973 31029 D MulticastServer: Broadcast block received {"ip":"192.168.1.66","cert":"MIIBGzCBwqADAgECAgYBgEtLsMUwCgYIKoZIzj0EAwIwFTETMBEGA1UEAwwKVFRNNDkwNSBDQTAeFw0yMjA0MjAwODQ0NTNaFw0yMjA1MjEwODQ0NTNaMBUxEzARBgNVBAMMCjFAdGVzdC5jb20wWTATBgcqhkjOPQIBBggqhkjOPQMBBwNCAAQHFNOCHx/BBFYqT41UW1M6slehFXn+9LK4VDhtASjKBd51QxSRtYZAl+/IpTuOnQdMVvlGCMMWkSeEGOgyfwh1MAoGCCqGSM49BAMCA0gAMEUCIQD1OXIEAO1fI6+XpR936a5Ef365WnXPvrbzl8oxr0/Z8QIgV5LWkYufM8V0VqpcYcHXyI2fCScD24nJMtVWnrVtOU8="}
04-25 19:54:41.198 30973 31029 D MulticastServer: Broadcast block received {"ip":"192.168.1.66","cert":"MIIBGzCBwqADAgECAgYBgEtLsMUwCgYIKoZIzj0EAwIwFTETMBEGA1UEAwwKVFRNNDkwNSBDQTAeFw0yMjA0MjAwODQ0NTNaFw0yMjA1MjEwODQ0NTNaMBUxEzARBgNVBAMMCjFAdGVzdC5jb20wWTATBgcqhkjOPQIBBggqhkjOPQMBBwNCAAQHFNOCHx/BBFYqT41UW1M6slehFXn+9LK4VDhtASjKBd51QxSRtYZAl+/IpTuOnQdMVvlGCMMWkSeEGOgyfwh1MAoGCCqGSM49BAMCA0gAMEUCIQD1OXIEAO1fI6+XpR936a5Ef365WnXPvrbzl8oxr0/Z8QIgV5LWkYufM8V0VqpcYcHXyI2fCScD24nJMtVWnrVtOU8="}
04-25 19:54:41.205 30973 31029 D MulticastServer: Broadcast block received {"ip":"192.168.1.66","cert":"MIIBGzCBwqADAgECAgYBgEtLsMUwCgYIKoZIzj0EAwIwFTETMBEGA1UEAwwKVFRNNDkwNSBDQTAeFw0yMjA0MjAwODQ0NTNaFw0yMjA1MjEwODQ0NTNaMBUxEzARBgNVBAMMCjFAdGVzdC5jb20wWTATBgcqhkjOPQIBBggqhkjOPQMBBwNCAAQHFNOCHx/BBFYqT41UW1M6slehFXn+9LK4VDhtASjKBd51QxSRtYZAl+/IpTuOnQdMVvlGCMMWkSeEGOgyfwh1MAoGCCqGSM49BAMCA0gAMEUCIQD1OXIEAO1fI6+XpR936a5Ef365WnXPvrbzl8oxr0/Z8QIgV5LWkYufM8V0VqpcYcHXyI2fCScD24nJMtVWnrVtOU8="}
04-25 19:54:41.210 30973 31029 D MulticastServer: Broadcast block received {"ip":"192.168.1.66","cert":"MIIBGzCBwqADAgECAgYBgEtLsMUwCgYIKoZIzj0EAwIwFTETMBEGA1UEAwwKVFRNNDkwNSBDQTAeFw0yMjA0MjAwODQ0NTNaFw0yMjA1MjEwODQ0NTNaMBUxEzARBgNVBAMMCjFAdGVzdC5jb20wWTATBgcqhkjOPQIBBggqhkjOPQMBBwNCAAQHFNOCHx/BBFYqT41UW1M6slehFXn+9LK4VDhtASjKBd51QxSRtYZAl+/IpTuOnQdMVvlGCMMWkSeEGOgyfwh1MAoGCCqGSM49BAMCA0gAMEUCIQD1OXIEAO1fI6+XpR936a5Ef365WnXPvrbzl8oxr0/Z8QIgV5LWkYufM8V0VqpcYcHXyI2fCScD24nJMtVWnrVtOU8="}
04-25 19:54:45.028 30973 31057 D RegistrationHandler: I am the first in the network
04-25 19:54:45.029 30973 31057 D RegistrationHandler: 616930816 Registration started
04-25 19:54:45.044 30973 31057 D MulticastServer: Registration process finished: 616930816
04-25 19:54:45.054 30973 31022 D MulticastClient: Sent messages with 3 resends: [{"sender":"2@test.com","payload":"{\"ip\":\"192.168.1.57\",\"cert\":\"MIIBGjCBwqADAgECAgYBgEtMKvwwCgYIKoZIzj0EAwIwFTETMBEGA1UEAwwKVFRNNDkwNSBDQTAeFw0yMjA0MjAwODQ1MjRaFw0yMjA1MjEwODQ1MjRaMBUxEzARBgNVBAMMCjJAdGVzdC5jb20wWTATBgcqhkjOPQIBBggqhkjOPQMBBwNCAARuziVeqczih9y2IwSJ3AZuLzxwpY2VwkjEcfE8yVLxCF1qtw21\/iMvxrk2q4BpbgHrUX5EWSAEi7qJDXIS4c\/wMAoGCCqGSM49BAMCA0cAMEQCIG3JN+NQlClPB+thJTrGjfia7cfGbMyyWhJH4K0X7YymAiAUuEhh7Ol8fxrjxPTDnAemav8GQj3kHaLUj1oJ3XJ+Tg==\"}","mt":"BROADCAST_BLOCK","sig":"MEQCIDkrLYIa1Ieq3POlxUKnyCifTNCWSuGWTrvRcFKy2xh7AiACgRrfA4nZBvVAaqco30XQGcwRMMby\/cbx\/0IwuAh4uQ==","nonce":616930816,"seq":0,"tot":0}]
round 190 of 300
04-25 19:54:54.558 31085 31134 D MulticastServer: MULTICAST_SERVER_LISTENING
04-25 19:54:54.560 31085 31136 D MulticastServer: Registration process started with nonce 1915473292
04-25 19:54:54.562 31085 31135 D MulticastClient: REQUEST_LEDGER 1915473292
04-25 19:54:54.564 31085 31135 D MulticastClient: Sent messages with 3 resends: [{"sender":"","payload":"","mt":"REQUEST_LEDGER","sig":"","nonce":1915473292,"seq":0,"tot":0}]
round 191 of 300
04-25 19:55:09.013 31196 31244 D MulticastServer: MULTICAST_SERVER_LISTENING
04-25 19:55:09.016 31196 31246 D MulticastServer: Registration process started with nonce 379274546
04-25 19:55:09.020 31196 31250 D MulticastClient: REQUEST_LEDGER 379274546
