04-25 19:31:15.606 20101 20157 D MulticastServer: Broadcast block received {"ip":"192.168.1.66","cert":"MIIBGzCBwqADAgECAgYBgEtLsMUwCgYIKoZIzj0EAwIwFTETMBEGA1UEAwwKVFRNNDkwNSBDQTAeFw0yMjA0MjAwODQ0NTNaFw0yMjA1MjEwODQ0NTNaMBUxEzARBgNVBAMMCjFAdGVzdC5jb20wWTATBgcqhkjOPQIBBggqhkjOPQMBBwNCAAQHFNOCHx/BBFYqT41UW1M6slehFXn+9LK4VDhtASjKBd51QxSRtYZAl+/IpTuOnQdMVvlGCMMWkSeEGOgyfwh1MAoGCCqGSM49BAMCA0gAMEUCIQD1OXIEAO1fI6+XpR936a5Ef365WnXPvrbzl8oxr0/Z8QIgV5LWkYufM8V0VqpcYcHXyI2fCScD24nJMtVWnrVtOU8="}
04-25 19:31:15.615 20101 20157 D MulticastServer: Broadcast block received {"ip":"192.168.1.66","cert":"MIIBGzCBwqADAgECAgYBgEtLsMUwCgYIKoZIzj0EAwIwFTETMBEGA1UEAwwKVFRNNDkwNSBDQTAeFw0yMjA0MjAwODQ0NTNaFw0yMjA1MjEwODQ0NTNaMBUxEzARBgNVBAMMCjFAdGVzdC5jb20wWTATBgcqhkjOPQIBBggqhkjOPQMBBwNCAAQHFNOCHx/BBFYqT41UW1M6slehFXn+9LK4VDhtASjKBd51QxSRtYZAl+/IpTuOnQdMVvlGCMMWkSeEGOgyfwh1MAoGCCqGSM49BAMCA0gAMEUCIQD1OXIEAO1fI6+XpR936a5Ef365WnXPvrbzl8oxr0/Z8QIgV5LWkYufM8V0VqpcYcHXyI2fCScD24nJMtVWnrVtOU8="}
04-25 19:31:19.585 20101 20159 D RegistrationHandler: I am the first in the network
04-25 19:31:19.585 20101 20159 D RegistrationHandler: 2114415374 Registration started
04-25 19:31:19.601 20101 20159 D MulticastServer: Registration process finished: 2114415374
04-25 19:31:19.609 20101 20150 D MulticastClient: Sent messages with 3 resends: [{"sender":"2@test.com","payload":"{\"ip\":\"192.168.1.57\",\"cert\":\"MIIBGjCBwqADAgECAgYBgEtMKvwwCgYIKoZIzj0EAwIwFTETMBEGA1UEAwwKVFRNNDkwNSBDQTAeFw0yMjA0MjAwODQ1MjRaFw0yMjA1MjEwODQ1MjRaMBUxEzARBgNVBAMMCjJAdGVzdC5jb20wWTATBgcqhkjOPQIBBggqhkjOPQMBBwNCAARuziVeqczih9y2IwSJ3AZuLzxwpY2VwkjEcfE8yVLxCF1qtw21\/iMvxrk2q4BpbgHrUX5EWSAEi7qJDXIS4c\/wMAoGCCqGSM49BAMCA0cAMEQCIG3JN+NQlClPB+thJTrGjfia7cfGbMyyWhJH4K0X7YymAiAUuEhh7Ol8fxrjxPTDnAemav8GQj3kHaLUj1oJ3XJ+Tg==\"}","mt":"BROADCAST_BLOCK","sig":"MEYCIQCWV29qN3iS7usM12rUoOVm2YwkHJ+g\/f0Ev5PibbuthQIhANGR0rPJTo6IMSNhTP0lgtDaOlz7pl6Q5h7UZVqIvfTT","nonce":2114415374,"seq":0,"tot":0}]
04-25 19:31:20.366 20101 20157 D RegistrationHandler: Received full ledger from 1@test.com with nonce 1435990294
04-25 19:31:20.366 20101 20157 D RegistrationHandler: FULL_LEDGER 1435990294
round 93 of 300
04-25 19:31:30.012 20201 20250 D MulticastServer: MULTICAST_SERVER_LISTENING
04-25 19:31:30.019 20201 20252 D MulticastServer: Registration process started with nonce 688595013
04-25 19:31:30.023 20201 20257 D MulticastClient: REQUEST_LEDGER 688595013
04-25 19:31:30.030 20201 20257 D MulticastClient: Sent messages with 3 resends: [{"sender":"","payload":"","mt":"REQUEST_LEDGER","sig":"","nonce":688595013,"seq":0,"tot":0}]
round 94 of 300
04-25 19:31:44.520 20306 20356 D MulticastServer: MULTICAST_SERVER_LISTENING
04-25 19:31:44.523 20306 20358 D MulticastServer: Registration process started with nonce 650279465
04-25 19:31:44.527 20306 20363 D MulticastClient: REQUEST_LEDGER 650279465
04-25 19:31:44.534 20306 20363 D MulticastClient: Sent messages with 3 resends: [{"sender":"","payload":"","mt":"REQUEST_LEDGER","sig":"","nonce":650279465,"seq":0,"tot":0}]
round 95 of 300
04-25 19:31:58.986 20406 20454 D MulticastServer: MULTICAST_SERVER_LISTENING
04-25 19:31:58.990 20406 20456 D MulticastServer: Registration process started with nonce 939976681
04-25 19:31:58.993 20406 20455 D MulticastClient: REQUEST_LEDGER 939976681
04-25 19:31:58.994 20406 20455 D MulticastClient: Sent messages with 3 resends: [{"sender":"","payload":"","mt":"REQUEST_LEDGER","sig":"","nonce":939976681,"seq":0,"tot":0}]
04-25 19:31:59.059 20406 20462 D MulticastServer: Broadcast block received {"ip":"192.168.1.66","cert":"MIIBGzCBwqADAgECAgYBgEtLsMUwCgYIKoZIzj0EAwIwFTETMBEGA1UEAwwKVFRNNDkwNSBDQTAeFw0yMjA0MjAwODQ0NTNaFw0yMjA1MjEwODQ0NTNaMBUxEzARBgNVBAMMCjFAdGVzdC5jb20wWTATBgcqhkjOPQIBBggqhkjOPQMBBwNCAAQHFNOCHx/BBFYqT41UW1M6slehFXn+9LK4VDhtASjKBd51QxSRtYZAl+/IpTuOnQdMVvlGCMMWkSeEGOgyfwh1MAoGCCqGSM49BAMCA0gAMEUCIQD1OXIEAO1fI6+XpR936a5Ef365WnXPvrbzl8oxr0/Z8QIgV5LWkYufM8V0VqpcYcHXyI2fCScD24nJMtVWnrVtOU8="}
round 96 of 300
04-25 19:32:13.459 20516 20564 D MulticastServer: MULTICAST_SERVER_LISTENING
04-25 19:32:13.461 20516 20566 D MulticastServer: Registration process started with nonce 1279713306
04-25 19:32:13.464 20516 20565 D MulticastClient: REQUEST_LEDGER 1279713306
04-25 19:32:13.465 20516 20565 D MulticastClient: Sent messages with 3 resends: [{"sender":"","payload":"","mt":"REQUEST_LEDGER","sig":"","nonce":1279713306,"seq":0,"tot":0}]
round 97 of 300
04-25 19:32:27.948 20626 20675 D MulticastServer: MULTICAST_SERVER_LISTENING
04-25 19:32:27.950 20626 20677 D MulticastServer: Registration process started with nonce 828931309
04-25 19:32:27.953 20626 20676 D MulticastClient: REQUEST_LEDGER 828931309
04-25 19:32:27.954 20626 20676 D MulticastClient: Sent messages with 3 resends: [{"sender":"","payload":"","mt":"REQUEST_LEDGER","sig":"","nonce":828931309,"seq":0,"tot":0}]
round 98 of 300
04-25 19:32:42.441 20724 20776 D MulticastServer: MULTICAST_SERVER_LISTENING
04-25 19:32:42.444 20724 20778 D MulticastServer: Registration process started with nonce 783660244
04-25 19:32:42.446 20724 20777 D MulticastClient: REQUEST_LEDGER 783660244
04-25 19:32:42.448 20724 20777 D MulticastClient: Sent messages with 3 resends: [{"sender":"","payload":"","mt":"REQUEST_LEDGER","sig":"","nonce":783660244,"seq":0,"tot":0}]
04-25 19:32:42.463 20724 20785 D MulticastServer: Broadcast block received {"ip":"192.168.1.66","cert":"MIIBGzCBwqADAgECAgYBgEtLsMUwCgYIKoZIzj0EAwIwFTETMBEGA1UEAwwKVFRNNDkwNSBDQTAeFw0yMjA0MjAwODQ0NTNaFw0yMjA1MjEwODQ0NTNaMBUxEzARBgNVBAMMCjFAdGVzdC5jb20wWTATBgcqhkjOPQIBBggqhkjOPQMBBwNCAAQHFNOCHx/BBFYqT41UW1M6slehFXn+9LK4VDhtASjKBd51QxSRtYZAl+/IpTuOnQdMVvlGCMMWkSeEGOgyfwh1MAoGCCqGSM49BAMCA0gAMEUCIQD1OXIEAO1fI6+XpR936a5Ef365WnXPvrbzl8oxr0/Z8QIgV5LWkYufM8V0VqpcYcHXyI2fCScD24nJMtVWnrVtOU8="}
round 99 of 300
04-25 19:32:56.914 20827 20876 D MulticastServer: MULTICAST_SERVER_LISTENING
04-25 19:32:56.916 20827 20879 D MulticastServer: Registration process started with nonce 561220629
04-25 19:32:56.919 20827 20878 D MulticastClient: REQUEST_LEDGER 561220629
04-25 19:32:56.920 20827 20878 D MulticastClient: Sent messages with 3 resends: [{"sender":"","payload":"","mt":"REQUEST_LEDGER","sig":"","nonce":561220629,"seq":0,"tot":0}]
round 100 of 300
04-25 19:33:11.363 20930 20980 D MulticastServer: MULTICAST_SERVER_LISTENING
04-25 19:33:11.365 20930 20982 D MulticastServer: Registration process started with nonce 1696356814
04-25 19:33:11.367 20930 20981 D MulticastClient: REQUEST_LEDGER 1696356814
04-25 19:33:11.369 20930 20981 D MulticastClient: Sent messages with 3 resends: [{"sender":"","payload":"","mt":"REQUEST_LEDGER","sig":"","nonce":1696356814,"seq":0,"tot":0}]
round 101 of 300
04-25 19:33:25.880 21043 21116 D MulticastServer: MULTICAST_SERVER_LISTENING
04-25 19:33:25.881 21043 21127 D MulticastServer: Registration process started with nonce 1750821646
04-25 19:33:25.884 21043 21122 D MulticastClient: REQUEST_LEDGER 1750821646
04-25 19:33:25.885 21043 21122 D MulticastClient: Sent messages with 3 resends: [{"sender":"","payload":"","mt":"REQUEST_LEDGER","sig":"","nonce":1750821646,"seq":0,"tot":0}]
round 102 of 300
04-25 19:33:40.349 21193 21243 D MulticastServer: MULTICAST_SERVER_LISTENING
04-25 19:33:40.351 21193 21245 D MulticastServer: Registration process started with nonce 657472840
04-25 19:33:40.355 21193 21244 D MulticastClient: REQUEST_LEDGER 657472840
04-25 19:33:40.359 21193 21244 D MulticastClient: Sent messages with 3 resends: [{"sender":"","payload":"","mt":"REQUEST_LEDGER","sig":"","nonce":657472840,"seq":0,"tot":0}]
04-25 19:33:46.278 21193 21252 D RegistrationHandler: Received full ledger from 1@test.com with nonce 657472840
04-25 19:33:46.279 21193 21252 D RegistrationHandler: FULL_LEDGER 657472840
round 103 of 300
04-25 19:33:54.814 21310 21362 D MulticastServer: MULTICAST_SERVER_LISTENING
04-25 19:33:54.819 21310 21364 D MulticastServer: Registration process started with nonce 1930193898
04-25 19:33:54.824 21310 21368 D MulticastClient: REQUEST_LEDGER 1930193898
04-25 19:33:54.828 21310 21368 D MulticastClient: Sent messages with 3 resends: [{"sender":"","payload":"","mt":"REQUEST_LEDGER","sig":"","nonce":1930193898,"seq":0,"tot":0}]
round 104 of 300
04-25 19:34:09.286 21412 21462 D MulticastServer: MULTICAST_SERVER_LISTENING
04-25 19:34:09.294 21412 21464 D MulticastServer: Registration process started with nonce 1104560473
04-25 19:34:09.296 21412 21468 D MulticastClient: REQUEST_LEDGER 1104560473
04-25 19:34:09.299 21412 21468 D MulticastClient: Sent messages with 3 resends: [{"sender":"","payload":"","mt":"REQUEST_LEDGER","sig":"","nonce":1104560473,"seq":0,"tot":0}]
04-25 19:34:15.443 21412 21471 D RegistrationHandler: Received full ledger from 1@test.com with nonce 1104560473
04-25 19:34:15.443 21412 21471 D RegistrationHandler: FULL_LEDGER 1104560473
round 105 of 300
04-25 19:34:23.746 21526 21574 D MulticastServer: MULTICAST_SERVER_LISTENING
04-25 19:34:23.748 21526 21576 D MulticastServer: Registration process started with nonce 120404604
04-25 19:34:23.750 21526 21575 D MulticastClient: REQUEST_LEDGER 120404604
04-25 19:34:23.752 21526 21575 D MulticastClient: Sent messages with 3 resends: [{"sender":"","payload":"","mt":"REQUEST_LEDGER","sig":"","nonce":120404604,"seq":0,"tot":0}]
round 106 of 300
04-25 19:34:38.240 21625 21674 D MulticastServer: MULTICAST_SERVER_LISTENING
04-25 19:34:38.246 21625 21676 D MulticastServer: Registration process started with nonce 742886811
04-25 19:34:38.249 21625 21680 D MulticastClient: REQUEST_LEDGER 742886811
04-25 19:34:38.251 21625 21680 D MulticastClient: Sent messages with 3 resends: [{"sender":"","payload":"","mt":"REQUEST_LEDGER","sig":"","nonce":742886811,"seq":0,"tot":0}]
round 107 of 300
04-25 19:34:52.715 21723 21774 D MulticastServer: MULTICAST_SERVER_LISTENING
04-25 19:34:52.716 21723 21776 D MulticastServer: Registration process started with nonce 1912224399
04-25 19:34:52.719 21723 21775 D MulticastClient: REQUEST_LEDGER 1912224399
04-25 19:34:52.720 21723 21775 D MulticastClient: Sent messages with 3 resends: [{"sender":"","payload":"","mt":"REQUEST_LEDGER","sig":"","nonce":1912224399,"seq":0,"tot":0}]
round 108 of 300
04-25 19:35:07.213 21834 21883 D MulticastServer: MULTICAST_SERVER_LISTENING
04-25 19:35:07.220 21834 21885 D MulticastServer: Registration process started with nonce 1668487601
04-25 19:35:07.224 21834 21889 D MulticastClient: REQUEST_LEDGER 1668487601
04-25 19:35:07.232 21834 21889 D MulticastClient: Sent messages with 3 resends: [{"sender":"","payload":"","mt":"REQUEST_LEDGER","sig":"","nonce":1668487601,"seq":0,"tot":0}]
04-25 19:35:07.690 21834 21892 D MulticastServer: Broadcast block received {"ip":"192.168.1.66","cert":"MIIBGzCBwqADAgECAgYBgEtLsMUwCgYIKoZIzj0EAwIwFTETMBEGA1UEAwwKVFRNNDkwNSBDQTAeFw0yMjA0MjAwODQ0NTNaFw0yMjA1MjEwODQ0NTNaMBUxEzARBgNVBAMMCjFAdGVzdC5jb20wWTATBgcqhkjOPQIBBggqhkjOPQMBBwNCAAQHFNOCHx/BBFYqT41UW1M6slehFXn+9LK4VDhtASjKBd51QxSRtYZAl+/IpTuOnQdMVvlGCMMWkSeEGOgyfwh1MAoGCCqGSM49BAMCA0gAMEUCIQD1OXIEAO1fI6+XpR936a5Ef365WnXPvrbzl8oxr0/Z8QIgV5LWkYufM8V0VqpcYcHXyI2fCScD24nJMtVWnrVtOU8="}
04-25 19:35:07.888 21834 21892 D MulticastServer: Broadcast block received {"ip":"192.168.1.66","cert":"MIIBGzCBwqADAgECAgYBgEtLsMUwCgYIKoZIzj0EAwIwFTETMBEGA1UEAwwKVFRNNDkwNSBDQTAeFw0yMjA0MjAwODQ0NTNaFw0yMjA1MjEwODQ0NTNaMBUxEzARBgNVBAMMCjFAdGVzdC5jb20wWTATBgcqhkjOPQIBBggqhkjOPQMBBwNCAAQHFNOCHx/BBFYqT41UW1M6slehFXn+9LK4VDhtASjKBd51QxSRtYZAl+/IpTuOnQdMVvlGCMMWkSeEGOgyfwh1MAoGCCqGSM49BAMCA0gAMEUCIQD1OXIEAO1fI6+XpR936a5Ef365WnXPvrbzl8oxr0/Z8QIgV5LWkYufM8V0VqpcYcHXyI2fCScD24nJMtVWnrVtOU8="}
04-25 19:35:07.896 21834 21892 D MulticastServer: Broadcast block received {"ip":"192.168.1.66","cert":"MIIBGzCBwqADAgECAgYBgEtLsMUwCgYIKoZIzj0EAwIwFTETMBEGA1UEAwwKVFRNNDkwNSBDQTAeFw0yMjA0MjAwODQ0NTNaFw0yMjA1MjEwODQ0NTNaMBUxEzARBgNVBAMMCjFAdGVzdC5jb20wWTATBgcqhkjOPQIBBggqhkjOPQMBBwNCAAQHFNOCHx/BBFYqT41UW1M6slehFXn+9LK4VDhtASjKBd51QxSRtYZAl+/IpTuOnQdMVvlGCMMWkSeEGOgyfwh1MAoGCCqGSM49BAMCA0gAMEUCIQD1OXIEAO1fI6+XpR936a5Ef365WnXPvrbzl8oxr0/Z8QIgV5LWkYufM8V0VqpcYcHXyI2fCScD24nJMtVWnrVtOU8="}
04-25 19:35:13.009 21834 21892 D RegistrationHandler: Received full ledger from 1@test.com with nonce 1668487601
04-25 19:35:13.009 21834 21892 D RegistrationHandler: FULL_LEDGER 1668487601
round 109 of 300
04-25 19:35:21.681 21937 21986 D MulticastServer: MULTICAST_SERVER_LISTENING
04-25 19:35:21.684 21937 21988 D MulticastServer: Registration process started with nonce 136632168
04-25 19:35:21.687 21937 21987 D MulticastClient: REQUEST_LEDGER 136632168
04-25 19:35:21.688 21937 21987 D MulticastClient: Sent messages with 3 resends: [{"sender":"","payload":"","mt":"REQUEST_LEDGER","sig":"","nonce":136632168,"seq":0,"tot":0}]
round 110 of 300
04-25 19:35:36.181 22049 22098 D MulticastServer: MULTICAST_SERVER_LISTENING
04-25 19:35:36.183 22049 22100 D MulticastServer: Registration process started with nonce 234531671
04-25 19:35:36.185 22049 22099 D MulticastClient: REQUEST_LEDGER 234531671
04-25 19:35:36.187 22049 22099 D MulticastClient: Sent messages with 3 resends: [{"sender":"","payload":"","mt":"REQUEST_LEDGER","sig":"","nonce":234531671,"seq":0,"tot":0}]
04-25 19:35:37.388 22049 22106 D MulticastServer: Registration process started with nonce 1418961171
04-25 19:35:37.391 22049 22106 D MulticastServer: Received request for ledger with nonce: 1418961171.
04-25 19:35:37.598 22049 22106 D MulticastServer: Broadcast block received {"ip":"192.168.1.66","cert":"MIIBGzCBwqADAgECAgYBgEtLsMUwCgYIKoZIzj0EAwIwFTETMBEGA1UEAwwKVFRNNDkwNSBDQTAeFw0yMjA0MjAwODQ0NTNaFw0yMjA1MjEwODQ0NTNaMBUxEzARBgNVBAMMCjFAdGVzdC5jb20wWTATBgcqhkjOPQIBBggqhkjOPQMBBwNCAAQHFNOCHx/BBFYqT41UW1M6slehFXn+9LK4VDhtASjKBd51QxSRtYZAl+/IpTuOnQdMVvlGCMMWkSeEGOgyfwh1MAoGCCqGSM49BAMCA0gAMEUCIQD1OXIEAO1fI6+XpR936a5Ef365WnXPvrbzl8oxr0/Z8QIgV5LWkYufM8V0VqpcYcHXyI2fCScD24nJMtVWnrVtOU8="}
04-25 19:35:37.605 22049 22106 D MulticastServer: Broadcast block received {"ip":"192.168.1.66","cert":"MIIBGzCBwqADAgECAgYBgEtLsMUwCgYIKoZIzj0EAwIwFTETMBEGA1UEAwwKVFRNNDkwNSBDQTAeFw0yMjA0MjAwODQ0NTNaFw0yMjA1MjEwODQ0NTNaMBUxEzARBgNVBAMMCjFAdGVzdC5jb20wWTATBgcqhkjOPQIBBggqhkjOPQMBBwNCAAQHFNOCHx/BBFYqT41UW1M6slehFXn+9LK4VDhtASjKBd51QxSRtYZAl+/IpTuOnQdMVvlGCMMWkSeEGOgyfwh1MAoGCCqGSM49BAMCA0gAMEUCIQD1OXIEAO1fI6+XpR936a5Ef365WnXPvrbzl8oxr0/Z8QIgV5LWkYufM8V0VqpcYcHXyI2fCScD24nJMtVWnrVtOU8="}
04-25 19:35:37.610 22049 22106 D MulticastServer: Broadcast block received {"ip":"192.168.1.66","cert":"MIIBGzCBwqADAgECAgYBgEtLsMUwCgYIKoZIzj0EAwIwFTETMBEGA1UEAwwKVFRNNDkwNSBDQTAeFw0yMjA0MjAwODQ0NTNaFw0yMjA1MjEwODQ0NTNaMBUxEzARBgNVBAMMCjFAdGVzdC5jb20wWTATBgcqhkjOPQIBBggqhkjOPQMBBwNCAAQHFNOCHx/BBFYqT41UW1M6slehFXn+9LK4VDhtASjKBd51QxSRtYZAl+/IpTuOnQdMVvlGCMMWkSeEGOgyfwh1MAoGCCqGSM49BAMCA0gAMEUCIQD1OXIEAO1fI6+XpR936a5Ef365WnXPvrbzl8oxr0/Z8QIgV5LWkYufM8V0VqpcYcHXyI2fCScD24nJMtVWnrVtOU8="}
04-25 19:35:37.612 22049 22106 D MulticastServer: Broadcast block received {"ip":"192.168.1.66","cert":"MIIBGzCBwqADAgECAgYBgEtLsMUwCgYIKoZIzj0EAwIwFTETMBEGA1UEAwwKVFRNNDkwNSBDQTAeFw0yMjA0MjAwODQ0NTNaFw0yMjA1MjEwODQ0NTNaMBUxEzARBgNVBAMMCjFAdGVzdC5jb20wWTATBgcqhkjOPQIBBggqhkjOPQMBBwNCAAQHFNOCHx/BBFYqT41UW1M6slehFXn+9LK4VDhtASjKBd51QxSRtYZAl+/IpTuOnQdMVvlGCMMWkSeEGOgyfwh1MAoGCCqGSM49BAMCA0gAMEUCIQD1OXIEAO1fI6+XpR936a5Ef365WnXPvrbzl8oxr0/Z8QIgV5LWkYufM8V0VqpcYcHXyI2fCScD24nJMtVWnrVtOU8="}
04-25 19:35:41.393 22049 22122 D RegistrationHandler: I am the first in the network
04-25 19:35:41.393 22049 22122 D RegistrationHandler: 1418961171 Registration started
04-25 19:35:41.418 22049 22099 D MulticastClient: Sent messages with 3 resends: [{"sender":"2@test.com","payload":"{\"ip\":\"192.168.1.57\",\"cert\":\"MIIBGjCBwqADAgECAgYBgEtMKvwwCgYIKoZIzj0EAwIwFTETMBEGA1UEAwwKVFRNNDkwNSBDQTAeFw0yMjA0MjAwODQ1MjRaFw0yMjA1MjEwODQ1MjRaMBUxEzARBgNVBAMMCjJAdGVzdC5jb20wWTATBgcqhkjOPQIBBggqhkjOPQMBBwNCAARuziVeqczih9y2IwSJ3AZuLzxwpY2VwkjEcfE8yVLxCF1qtw21\/iMvxrk2q4BpbgHrUX5EWSAEi7qJDXIS4c\/wMAoGCCqGSM49BAMCA0cAMEQCIG3JN+NQlClPB+thJTrGjfia7cfGbMyyWhJH4K0X7YymAiAUuEhh7Ol8fxrjxPTDnAemav8GQj3kHaLUj1oJ3XJ+Tg==\"}","mt":"BROADCAST_BLOCK","sig":"MEUCICEgELzPbUBqFHir6Qn\/KDOfYzTtW5Wbo7IgcZ2N+ZEgAiEAmNkV+WJ0L\/H\/oBfgjcqTP6DbubTBtqcHQwBjR+Mftng=","nonce":1418961171,"seq":0,"tot":0}]
04-25 19:35:41.418 22049 22122 D MulticastServer: Registration process finished: 1418961171
04-25 19:35:43.799 22049 22106 D RegistrationHandler: Received full ledger from 1@test.com with nonce 234531671
04-25 19:35:43.799 22049 22106 D RegistrationHandler: FULL_LEDGER 234531671
round 111 of 300
04-25 19:35:50.680 22152 22202 D MulticastServer: MULTICAST_SERVER_LISTENING
04-25 19:35:50.682 22152 22204 D MulticastServer: Registration process started with nonce 1667972386
04-25 19:35:50.685 22152 22203 D MulticastClient: REQUEST_LEDGER 1667972386
04-25 19:35:50.686 22152 22203 D MulticastClient: Sent messages with 3 resends: [{"sender":"","payload":"","mt":"REQUEST_LEDGER","sig":"","nonce":1667972386,"seq":0,"tot":0}]
04-25 19:35:57.520 22152 22211 D RegistrationHandler: Received full ledger from 1@test.com with nonce 1667972386
04-25 19:35:57.520 22152 22211 D RegistrationHandler: FULL_LEDGER 1667972386
round 112 of 300
04-25 19:36:05.213 22337 22386 D MulticastServer: MULTICAST_SERVER_LISTENING
04-25 19:36:05.215 22337 22388 D MulticastServer: Registration process started with nonce 1693530811
04-25 19:36:05.218 22337 22387 D MulticastClient: REQUEST_LEDGER 1693530811
04-25 19:36:05.219 22337 22387 D MulticastClient: Sent messages with 3 resends: [{"sender":"","payload":"","mt":"REQUEST_LEDGER","sig":"","nonce":1693530811,"seq":0,"tot":0}]
round 113 of 300
04-25 19:36:19.646 22438 22487 D MulticastServer: MULTICAST_SERVER_LISTENING
04-25 19:36:19.653 22438 22489 D MulticastServer: Registration process started with nonce 2064650323
04-25 19:36:19.657 22438 22495 D MulticastClient: REQUEST_LEDGER 2064650323
04-25 19:36:19.665 22438 22495 D MulticastClient: Sent messages with 3 resends: [{"sender":"","payload":"","mt":"REQUEST_LEDGER","sig":"","nonce":2064650323,"seq":0,"tot":0}]
round 114 of 300
04-25 19:36:34.164 22550 22599 D MulticastServer: MULTICAST_SERVER_LISTENING
04-25 19:36:34.167 22550 22602 D MulticastServer: Registration process started with nonce 1866575614
04-25 19:36:34.171 22550 22607 D MulticastClient: REQUEST_LEDGER 1866575614
04-25 19:36:34.173 22550 22607 D MulticastClient: Sent messages with 3 resends: [{"sender":"","payload":"","mt":"REQUEST_LEDGER","sig":"","nonce":1866575614,"seq":0,"tot":0}]
04-25 19:36:40.737 22550 22609 D RegistrationHandler: Received full ledger from 1@test.com with nonce 1866575614
04-25 19:36:40.737 22550 22609 D RegistrationHandler: FULL_LEDGER 1866575614
round 115 of 300
04-25 19:36:48.614 22656 22709 D MulticastServer: MULTICAST_SERVER_LISTENING
04-25 19:36:48.616 22656 22711 D MulticastServer: Registration process started with nonce 112532595
04-25 19:36:48.619 22656 22710 D MulticastClient: REQUEST_LEDGER 112532595
04-25 19:36:48.620 22656 22710 D MulticastClient: Sent messages with 3 resends: [{"sender":"","payload":"","mt":"REQUEST_LEDGER","sig":"","nonce":112532595,"seq":0,"tot":0}]
04-25 19:36:48.630 22656 22718 D MulticastServer: Registration process started with nonce 207489125
04-25 19:36:48.630 22656 22718 D MulticastServer: Received request for ledger with nonce: 207489125.
04-25 19:36:48.643 22656 22718 D MulticastServer: Broadcast block received {"ip":"192.168.1.66","cert":"MIIBGzCBwqADAgECAgYBgEtLsMUwCgYIKoZIzj0EAwIwFTETMBEGA1UEAwwKVFRNNDkwNSBDQTAeFw0yMjA0MjAwODQ0NTNaFw0yMjA1MjEwODQ0NTNaMBUxEzARBgNVBAMMCjFAdGVzdC5jb20wWTATBgcqhkjOPQIBBggqhkjOPQMBBwNCAAQHFNOCHx/BBFYqT41UW1M6slehFXn+9LK4VDhtASjKBd51QxSRtYZAl+/IpTuOnQdMVvlGCMMWkSeEGOgyfwh1MAoGCCqGSM49BAMCA0gAMEUCIQD1OXIEAO1fI6+XpR936a5Ef365WnXPvrbzl8oxr0/Z8QIgV5LWkYufM8V0VqpcYcHXyI2fCScD24nJMtVWnrVtOU8="}
04-25 19:36:48.652 22656 22718 D MulticastServer: Broadcast block received {"ip":"192.168.1.66","cert":"MIIBGzCBwqADAgECAgYBgEtLsMUwCgYIKoZIzj0EAwIwFTETMBEGA1UEAwwKVFRNNDkwNSBDQTAeFw0yMjA0MjAwODQ0NTNaFw0yMjA1MjEwODQ0NTNaMBUxEzARBgNVBAMMCjFAdGVzdC5jb20wWTATBgcqhkjOPQIBBggqhkjOPQMBBwNCAAQHFNOCHx/BBFYqT41UW1M6slehFXn+9LK4VDhtASjKBd51QxSRtYZAl+/IpTuOnQdMVvlGCMMWkSeEGOgyfwh1MAoGCCqGSM49BAMCA0gAMEUCIQD1OXIEAO1fI6+XpR936a5Ef365WnXPvrbzl8oxr0/Z8QIgV5LWkYufM8V0VqpcYcHXyI2fCScD24nJMtVWnrVtOU8="}
04-25 19:36:48.659 22656 22718 D MulticastServer: Broadcast block received {"ip":"192.168.1.66","cert":"MIIBGzCBwqADAgECAgYBgEtLsMUwCgYIKoZIzj0EAwIwFTETMBEGA1UEAwwKVFRNNDkwNSBDQTAeFw0yMjA0MjAwODQ0NTNaFw0yMjA1MjEwODQ0NTNaMBUxEzARBgNVBAMMCjFAdGVzdC5jb20wWTATBgcqhkjOPQIBBggqhkjOPQMBBwNCAAQHFNOCHx/BBFYqT41UW1M6slehFXn+9LK4VDhtASjKBd51QxSRtYZAl+/IpTuOnQdMVvlGCMMWkSeEGOgyfwh1MAoGCCqGSM49BAMCA0gAMEUCIQD1OXIEAO1fI6+XpR936a5Ef365WnXPvrbzl8oxr0/Z8QIgV5LWkYufM8V0VqpcYcHXyI2fCScD24nJMtVWnrVtOU8="}
04-25 19:36:48.671 22656 22718 D MulticastServer: Broadcast block received {"ip":"192.168.1.66","cert":"MIIBGzCBwqADAgECAgYBgEtLsMUwCgYIKoZIzj0EAwIwFTETMBEGA1UEAwwKVFRNNDkwNSBDQTAeFw0yMjA0MjAwODQ0NTNaFw0yMjA1MjEwODQ0NTNaMBUxEzARBgNVBAMMCjFAdGVzdC5jb20wWTATBgcqhkjOPQIBBggqhkjOPQMBBwNCAAQHFNOCHx/BBFYqT41UW1M6slehFXn+9LK4VDhtASjKBd51QxSRtYZAl+/IpTuOnQdMVvlGCMMWkSeEGOgyfwh1MAoGCCqGSM49BAMCA0gAMEUCIQD1OXIEAO1fI6+XpR936a5Ef365WnXPvrbzl8oxr0/Z8QIgV5LWkYufM8V0VqpcYcHXyI2fCScD24nJMtVWnrVtOU8="}
04-25 19:36:52.632 22656 22720 D RegistrationHandler: I am the first in the network
04-25 19:36:52.632 22656 22720 D RegistrationHandler: 207489125 Registration started
04-25 19:36:52.656 22656 22710 D MulticastClient: Sent messages with 3 resends: [{"sender":"2@test.com","payload":"{\"ip\":\"192.168.1.57\",\"cert\":\"MIIBGjCBwqADAgECAgYBgEtMKvwwCgYIKoZIzj0EAwIwFTETMBEGA1UEAwwKVFRNNDkwNSBDQTAeFw0yMjA0MjAwODQ1MjRaFw0yMjA1MjEwODQ1MjRaMBUxEzARBgNVBAMMCjJAdGVzdC5jb20wWTATBgcqhkjOPQIBBggqhkjOPQMBBwNCAARuziVeqczih9y2IwSJ3AZuLzxwpY2VwkjEcfE8yVLxCF1qtw21\/iMvxrk2q4BpbgHrUX5EWSAEi7qJDXIS4c\/wMAoGCCqGSM49BAMCA0cAMEQCIG3JN+NQlClPB+thJTrGjfia7cfGbMyyWhJH4K0X7YymAiAUuEhh7Ol8fxrjxPTDnAemav8GQj3kHaLUj1oJ3XJ+Tg==\"}","mt":"BROADCAST_BLOCK","sig":"MEQCIEmut5L3\/Ckb8I+7dp8SZDSqoPCPqK4yU80LAbkt68z3AiBxyQAgNRzi9zsv24FNTWiXQ1D\/w8zdGeakfqgrK92Uag==","nonce":207489125,"seq":0,"tot":0}]
04-25 19:36:52.657 22656 22720 D MulticastServer: Registration process finished: 207489125
04-25 19:36:54.737 22656 22718 D RegistrationHandler: Received full ledger from 1@test.com with nonce 112532595
04-25 19:36:54.737 22656 22718 D RegistrationHandler: FULL_LEDGER 112532595
round 116 of 300
04-25 19:37:03.121 22777 22825 D MulticastServer: MULTICAST_SERVER_LISTENING
04-25 19:37:03.123 22777 22827 D MulticastServer: Registration process started with nonce 18080217
04-25 19:37:03.129 22777 22832 D MulticastClient: REQUEST_LEDGER 18080217
04-25 19:37:03.133 22777 22832 D MulticastClient: Sent messages with 3 resends: [{"sender":"","payload":"","mt":"REQUEST_LEDGER","sig":"","nonce":18080217,"seq":0,"tot":0}]
round 117 of 300
04-25 19:37:17.580 22964 23012 D MulticastServer: MULTICAST_SERVER_LISTENING
04-25 19:37:17.582 22964 23014 D MulticastServer: Registration process started with nonce 1822400645
04-25 19:37:17.586 22964 23018 D MulticastClient: REQUEST_LEDGER 1822400645
04-25 19:37:17.594 22964 23018 D MulticastClient: Sent messages with 3 resends: [{"sender":"","payload":"","mt":"REQUEST_LEDGER","sig":"","nonce":1822400645,"seq":0,"tot":0}]
04-25 19:37:23.491 22964 23021 D RegistrationHandler: Received full ledger from 1@test.com with nonce 1822400645
04-25 19:37:23.491 22964 23021 D RegistrationHandler: FULL_LEDGER 1822400645
round 118 of 300
04-25 19:37:32.050 23075 23124 D MulticastServer: MULTICAST_SERVER_LISTENING
04-25 19:37:32.052 23075 23126 D MulticastServer: Registration process started with nonce 1847631790
04-25 19:37:32.055 23075 23125 D MulticastClient: REQUEST_LEDGER 1847631790
04-25 19:37:32.057 23075 23125 D MulticastClient: Sent messages with 3 resends: [{"sender":"","payload":"","mt":"REQUEST_LEDGER","sig":"","nonce":1847631790,"seq":0,"tot":0}]
04-25 19:37:32.063 23075 23132 D MulticastServer: Broadcast block received {"ip":"192.168.1.66","cert":"MIIBGzCBwqADAgECAgYBgEtLsMUwCgYIKoZIzj0EAwIwFTETMBEGA1UEAwwKVFRNNDkwNSBDQTAeFw0yMjA0MjAwODQ0NTNaFw0yMjA1MjEwODQ0NTNaMBUxEzARBgNVBAMMCjFAdGVzdC5jb20wWTATBgcqhkjOPQIBBggqhkjOPQMBBwNCAAQHFNOCHx/BBFYqT41UW1M6slehFXn+9LK4VDhtASjKBd51QxSRtYZAl+/IpTuOnQdMVvlGCMMWkSeEGOgyfwh1MAoGCCqGSM49BAMCA0gAMEUCIQD1OXIEAO1fI6+XpR936a5Ef365WnXPvrbzl8oxr0/Z8QIgV5LWkYufM8V0VqpcYcHXyI2fCScD24nJMtVWnrVtOU8="}
round 119 of 300
04-25 19:37:46.535 23190 23238 D MulticastServer: MULTICAST_SERVER_LISTENING
04-25 19:37:46.537 23190 23240 D MulticastServer: Registration process started with nonce 1401675
04-25 19:37:46.541 23190 23245 D MulticastClient: REQUEST_LEDGER 1401675
04-25 19:37:46.543 23190 23245 D MulticastClient: Sent messages with 3 resends: [{"sender":"","payload":"","mt":"REQUEST_LEDGER","sig":"","nonce":1401675,"seq":0,"tot":0}]
04-25 19:37:46.601 23190 23247 D MulticastServer: Broadcast block received {"ip":"192.168.1.66","cert":"MIIBGzCBwqADAgECAgYBgEtLsMUwCgYIKoZIzj0EAwIwFTETMBEGA1UEAwwKVFRNNDkwNSBDQTAeFw0yMjA0MjAwODQ0NTNaFw0yMjA1MjEwODQ0NTNaMBUxEzARBgNVBAMMCjFAdGVzdC5jb20wWTATBgcqhkjOPQIBBggqhkjOPQMBBwNCAAQHFNOCHx/BBFYqT41UW1M6slehFXn+9LK4VDhtASjKBd51QxSRtYZAl+/IpTuOnQdMVvlGCMMWkSeEGOgyfwh1MAoGCCqGSM49BAMCA0gAMEUCIQD1OXIEAO1fI6+XpR936a5Ef365WnXPvrbzl8oxr0/Z8QIgV5LWkYufM8V0VqpcYcHXyI2fCScD24nJMtVWnrVtOU8="}
round 120 of 300
04-25 19:38:01.016 23303 23353 D MulticastServer: MULTICAST_SERVER_LISTENING
04-25 19:38:01.018 23303 23355 D MulticastServer: Registration process started with nonce 148062787
04-25 19:38:01.021 23303 23354 D MulticastClient: REQUEST_LEDGER 148062787
04-25 19:38:01.022 23303 23354 D MulticastClient: Sent messages with 3 resends: [{"sender":"","payload":"","mt":"REQUEST_LEDGER","sig":"","nonce":148062787,"seq":0,"tot":0}]
round 121 of 300
04-25 19:38:15.516 23417 23466 D MulticastServer: MULTICAST_SERVER_LISTENING
04-25 19:38:15.519 23417 23468 D MulticastServer: Registration process started with nonce 1423679532
04-25 19:38:15.523 23417 23473 D MulticastClient: REQUEST_LEDGER 1423679532
04-25 19:38:15.531 23417 23473 D MulticastClient: Sent messages with 3 resends: [{"sender":"","payload":"","mt":"REQUEST_LEDGER","sig":"","nonce":1423679532,"seq":0,"tot":0}]
04-25 19:38:15.682 23417 23475 D MulticastServer: Registration process started with nonce 894773044
04-25 19:38:15.682 23417 23475 D MulticastServer: Received request for ledger with nonce: 894773044.
04-25 19:38:15.700 23417 23475 D MulticastServer: Broadcast block received {"ip":"192.168.1.66","cert":"MIIBGzCBwqADAgECAgYBgEtLsMUwCgYIKoZIzj0EAwIwFTETMBEGA1UEAwwKVFRNNDkwNSBDQTAeFw0yMjA0MjAwODQ0NTNaFw0yMjA1MjEwODQ0NTNaMBUxEzARBgNVBAMMCjFAdGVzdC5jb20wWTATBgcqhkjOPQIBBggqhkjOPQMBBwNCAAQHFNOCHx/BBFYqT41UW1M6slehFXn+9LK4VDhtASjKBd51QxSRtYZAl+/IpTuOnQdMVvlGCMMWkSeEGOgyfwh1MAoGCCqGSM49BAMCA0gAMEUCIQD1OXIEAO1fI6+XpR936a5Ef365WnXPvrbzl8oxr0/Z8QIgV5LWkYufM8V0VqpcYcHXyI2fCScD24nJMtVWnrVtOU8="}
04-25 19:38:15.711 23417 23475 D MulticastServer: Broadcast block received {"ip":"192.168.1.66","cert":"MIIBGzCBwqADAgECAgYBgEtLsMUwCgYIKoZIzj0EAwIwFTETMBEGA1UEAwwKVFRNNDkwNSBDQTAeFw0yMjA0MjAwODQ0NTNaFw0yMjA1MjEwODQ0NTNaMBUxEzARBgNVBAMMCjFAdGVzdC5jb20wWTATBgcqhkjOPQIBBggqhkjOPQMBBwNCAAQHFNOCHx/BBFYqT41UW1M6slehFXn+9LK4VDhtASjKBd51QxSRtYZAl+/IpTuOnQdMVvlGCMMWkSeEGOgyfwh1MAoGCCqGSM49BAMCA0gAMEUCIQD1OXIEAO1fI6+XpR936a5Ef365WnXPvrbzl8oxr0/Z8QIgV5LWkYufM8V0VqpcYcHXyI2fCScD24nJMtVWnrVtOU8="}
04-25 19:38:15.714 23417 23475 D MulticastServer: Broadcast block received {"ip":"192.168.1.66","cert":"MIIBGzCBwqADAgECAgYBgEtLsMUwCgYIKoZIzj0EAwIwFTETMBEGA1UEAwwKVFRNNDkwNSBDQTAeFw0yMjA0MjAwODQ0NTNaFw0yMjA1MjEwODQ0NTNaMBUxEzARBgNVBAMMCjFAdGVzdC5jb20wWTATBgcqhkjOPQIBBggqhkjOPQMBBwNCAAQHFNOCHx/BBFYqT41UW1M6slehFXn+9LK4VDhtASjKBd51QxSRtYZAl+/IpTuOnQdMVvlGCMMWkSeEGOgyfwh1MAoGCCqGSM49BAMCA0gAMEUCIQD1OXIEAO1fI6+XpR936a5Ef365WnXPvrbzl8oxr0/Z8QIgV5LWkYufM8V0VqpcYcHXyI2fCScD24nJMtVWnrVtOU8="}
04-25 19:38:15.723 23417 23475 D MulticastServer: Broadcast block received {"ip":"192.168.1.66","cert":"MIIBGzCBwqADAgECAgYBgEtLsMUwCgYIKoZIzj0EAwIwFTETMBEGA1UEAwwKVFRNNDkwNSBDQTAeFw0yMjA0MjAwODQ0NTNaFw0yMjA1MjEwODQ0NTNaMBUxEzARBgNVBAMMCjFAdGVzdC5jb20wWTATBgcqhkjOPQIBBggqhkjOPQMBBwNCAAQHFNOCHx/BBFYqT41UW1M6slehFXn+9LK4VDhtASjKBd51QxSRtYZAl+/IpTuOnQdMVvlGCMMWkSeEGOgyfwh1MAoGCCqGSM49BAMCA0gAMEUCIQD1OXIEAO1fI6+XpR936a5Ef365WnXPvrbzl8oxr0/Z8QIgV5LWkYufM8V0VqpcYcHXyI2fCScD24nJMtVWnrVtOU8="}
04-25 19:38:19.522 23417 23470 D RegistrationHandler: I am the first in the network
04-25 19:38:19.523 23417 23470 D RegistrationHandler: 1423679532 Registration started
04-25 19:38:19.546 23417 23470 D MulticastServer: Registration process finished: 1423679532
04-25 19:38:19.547 23417 23473 D MulticastClient: Sent messages with 3 resends: [{"sender":"2@test.com","payload":"{\"ip\":\"192.168.1.57\",\"cert\":\"MIIBGjCBwqADAgECAgYBgEtMKvwwCgYIKoZIzj0EAwIwFTETMBEGA1UEAwwKVFRNNDkwNSBDQTAeFw0yMjA0MjAwODQ1MjRaFw0yMjA1MjEwODQ1MjRaMBUxEzARBgNVBAMMCjJAdGVzdC5jb20wWTATBgcqhkjOPQIBBggqhkjOPQMBBwNCAARuziVeqczih9y2IwSJ3AZuLzxwpY2VwkjEcfE8yVLxCF1qtw21\/iMvxrk2q4BpbgHrUX5EWSAEi7qJDXIS4c\/wMAoGCCqGSM49BAMCA0cAMEQCIG3JN+NQlClPB+thJTrGjfia7cfGbMyyWhJH4K0X7YymAiAUuEhh7Ol8fxrjxPTDnAemav8GQj3kHaLUj1oJ3XJ+Tg==\"}","mt":"BROADCAST_BLOCK","sig":"MEQCIC93pmcyCl5xMBhi1KOnz1Md\/2DFneOMkUIm4Rj6QyY7AiA6KzjGX3fG3+rdsDI2cHtsxdwRnnfXdksLwVM1qznoTQ==","nonce":1423679532,"seq":0,"tot":0}]
04-25 19:38:19.683 23417 23486 D RegistrationHandler: I am the first in the network
04-25 19:38:19.683 23417 23486 D MulticastServer: Registration process finished: 894773044
round 122 of 300
04-25 19:38:29.944 23536 23585 D MulticastServer: MULTICAST_SERVER_LISTENING
04-25 19:38:29.946 23536 23587 D MulticastServer: Registration process started with nonce 1436097587
04-25 19:38:29.949 23536 23586 D MulticastClient: REQUEST_LEDGER 1436097587
04-25 19:38:29.950 23536 23586 D MulticastClient: Sent messages with 3 resends: [{"sender":"","payload":"","mt":"REQUEST_LEDGER","sig":"","nonce":1436097587,"seq":0,"tot":0}]
04-25 19:38:30.011 23536 23593 D MulticastServer: Broadcast block received {"ip":"192.168.1.66","cert":"MIIBGzCBwqADAgECAgYBgEtLsMUwCgYIKoZIzj0EAwIwFTETMBEGA1UEAwwKVFRNNDkwNSBDQTAeFw0yMjA0MjAwODQ0NTNaFw0yMjA1MjEwODQ0NTNaMBUxEzARBgNVBAMMCjFAdGVzdC5jb20wWTATBgcqhkjOPQIBBggqhkjOPQMBBwNCAAQHFNOCHx/BBFYqT41UW1M6slehFXn+9LK4VDhtASjKBd51QxSRtYZAl+/IpTuOnQdMVvlGCMMWkSeEGOgyfwh1MAoGCCqGSM49BAMCA0gAMEUCIQD1OXIEAO1fI6+XpR936a5Ef365WnXPvrbzl8oxr0/Z8QIgV5LWkYufM8V0VqpcYcHXyI2fCScD24nJMtVWnrVtOU8="}
round 123 of 300
04-25 19:38:44.383 23648 23699 D MulticastServer: MULTICAST_SERVER_LISTENING
04-25 19:38:44.391 23648 23701 D MulticastServer: Registration process started with nonce 33998240
04-25 19:38:44.393 23648 23705 D MulticastClient: REQUEST_LEDGER 33998240
04-25 19:38:44.396 23648 23705 D MulticastClient: Sent messages with 3 resends: [{"sender":"","payload":"","mt":"REQUEST_LEDGER","sig":"","nonce":33998240,"seq":0,"tot":0}]
04-25 19:38:44.451 23648 23708 D MulticastServer: Broadcast block received {"ip":"192.168.1.66","cert":"MIIBGzCBwqADAgECAgYBgEtLsMUwCgYIKoZIzj0EAwIwFTETMBEGA1UEAwwKVFRNNDkwNSBDQTAeFw0yMjA0MjAwODQ0NTNaFw0yMjA1MjEwODQ0NTNaMBUxEzARBgNVBAMMCjFAdGVzdC5jb20wWTATBgcqhkjOPQIBBggqhkjOPQMBBwNCAAQHFNOCHx/BBFYqT41UW1M6slehFXn+9LK4VDhtASjKBd51QxSRtYZAl+/IpTuOnQdMVvlGCMMWkSeEGOgyfwh1MAoGCCqGSM49BAMCA0gAMEUCIQD1OXIEAO1fI6+XpR936a5Ef365WnXPvrbzl8oxr0/Z8QIgV5LWkYufM8V0VqpcYcHXyI2fCScD24nJMtVWnrVtOU8="}
04-25 19:38:51.624 23648 23708 D RegistrationHandler: Received full ledger from 1@test.com with nonce 33998240
04-25 19:38:51.624 23648 23708 D RegistrationHandler: FULL_LEDGER 33998240
round 124 of 300
04-25 19:38:58.866 23771 23824 D MulticastServer: MULTICAST_SERVER_LISTENING
04-25 19:38:58.868 23771 23826 D MulticastServer: Registration process started with nonce 933713070
04-25 19:38:58.870 23771 23825 D MulticastClient: REQUEST_LEDGER 933713070
04-25 19:38:58.872 23771 23825 D MulticastClient: Sent messages with 3 resends: [{"sender":"","payload":"","mt":"REQUEST_LEDGER","sig":"","nonce":933713070,"seq":0,"tot":0}]
round 125 of 300
04-25 19:39:13.381 23924 23974 D MulticastServer: MULTICAST_SERVER_LISTENING
04-25 19:39:13.384 23924 23976 D MulticastServer: Registration process started with nonce 103213644
04-25 19:39:13.389 23924 23981 D MulticastClient: REQUEST_LEDGER 103213644
04-25 19:39:13.396 23924 23981 D MulticastClient: Sent messages with 3 resends: [{"sender":"","payload":"","mt":"REQUEST_LEDGER","sig":"","nonce":103213644,"seq":0,"tot":0}]
04-25 19:39:13.440 23924 23983 D MulticastServer: Broadcast block received {"ip":"192.168.1.66","cert":"MIIBGzCBwqADAgECAgYBgEtLsMUwCgYIKoZIzj0EAwIwFTETMBEGA1UEAwwKVFRNNDkwNSBDQTAeFw0yMjA0MjAwODQ0NTNaFw0yMjA1MjEwODQ0NTNaMBUxEzARBgNVBAMMCjFAdGVzdC5jb20wWTATBgcqhkjOPQIBBggqhkjOPQMBBwNCAAQHFNOCHx/BBFYqT41UW1M6slehFXn+9LK4VDhtASjKBd51QxSRtYZAl+/IpTuOnQdMVvlGCMMWkSeEGOgyfwh1MAoGCCqGSM49BAMCA0gAMEUCIQD1OXIEAO1fI6+XpR936a5Ef365WnXPvrbzl8oxr0/Z8QIgV5LWkYufM8V0VqpcYcHXyI2fCScD24nJMtVWnrVtOU8="}
round 126 of 300
04-25 19:39:27.848 24025 24083 D MulticastServer: MULTICAST_SERVER_LISTENING
04-25 19:39:27.850 24025 24085 D MulticastServer: Registration process started with nonce 540313250
04-25 19:39:27.853 24025 24090 D MulticastClient: REQUEST_LEDGER 540313250
04-25 19:39:27.854 24025 24090 D MulticastClient: Sent messages with 3 resends: [{"sender":"","payload":"","mt":"REQUEST_LEDGER","sig":"","nonce":540313250,"seq":0,"tot":0}]
04-25 19:39:33.137 24025 24092 D RegistrationHandler: Received full ledger from 1@test.com with nonce 540313250
04-25 19:39:33.137 24025 24092 D RegistrationHandler: FULL_LEDGER 540313250
round 127 of 300
04-25 19:39:42.343 24135 24188 D MulticastServer: MULTICAST_SERVER_LISTENING
04-25 19:39:42.345 24135 24190 D MulticastServer: Registration process started with nonce 859779419
04-25 19:39:42.347 24135 24189 D MulticastClient: REQUEST_LEDGER 859779419
04-25 19:39:42.348 24135 24189 D MulticastClient: Sent messages with 3 resends: [{"sender":"","payload":"","mt":"REQUEST_LEDGER","sig":"","nonce":859779419,"seq":0,"tot":0}]
round 128 of 300
04-25 19:39:56.791 24249 24300 D MulticastServer: MULTICAST_SERVER_LISTENING
04-25 19:39:56.793 24249 24302 D MulticastServer: Registration process started with nonce 1468430329
04-25 19:39:56.796 24249 24307 D MulticastClient: REQUEST_LEDGER 1468430329
04-25 19:39:56.797 24249 24307 D MulticastClient: Sent messages with 3 resends: [{"sender":"","payload":"","mt":"REQUEST_LEDGER","sig":"","nonce":1468430329,"seq":0,"tot":0}]
04-25 19:39:56.858 24249 24309 D MulticastServer: Broadcast block received {"ip":"192.168.1.66","cert":"MIIBGzCBwqADAgECAgYBgEtLsMUwCgYIKoZIzj0EAwIwFTETMBEGA1UEAwwKVFRNNDkwNSBDQTAeFw0yMjA0MjAwODQ0NTNaFw0yMjA1MjEwODQ0NTNaMBUxEzARBgNVBAMMCjFAdGVzdC5jb20wWTATBgcqhkjOPQIBBggqhkjOPQMBBwNCAAQHFNOCHx/BBFYqT41UW1M6slehFXn+9LK4VDhtASjKBd51QxSRtYZAl+/IpTuOnQdMVvlGCMMWkSeEGOgyfwh1MAoGCCqGSM49BAMCA0gAMEUCIQD1OXIEAO1fI6+XpR936a5Ef365WnXPvrbzl8oxr0/Z8QIgV5LWkYufM8V0VqpcYcHXyI2fCScD24nJMtVWnrVtOU8="}
round 129 of 300
04-25 19:40:11.282 24350 24400 D MulticastServer: MULTICAST_SERVER_LISTENING
04-25 19:40:11.284 24350 24402 D MulticastServer: Registration process started with nonce 114671075
04-25 19:40:11.289 24350 24406 D MulticastClient: REQUEST_LEDGER 114671075
04-25 19:40:11.296 24350 24406 D MulticastClient: Sent messages with 3 resends: [{"sender":"","payload":"","mt":"REQUEST_LEDGER","sig":"","nonce":114671075,"seq":0,"tot":0}]
04-25 19:40:18.658 24350 24409 D RegistrationHandler: Received full ledger from 1@test.com with nonce 114671075
04-25 19:40:18.659 24350 24409 D RegistrationHandler: FULL_LEDGER 114671075
round 130 of 300
04-25 19:40:25.751 24452 24501 D MulticastServer: MULTICAST_SERVER_LISTENING
04-25 19:40:25.753 24452 24503 D MulticastServer: Registration process started with nonce 1692942538
04-25 19:40:25.758 24452 24502 D MulticastClient: REQUEST_LEDGER 1692942538
04-25 19:40:25.759 24452 24502 D MulticastClient: Sent messages with 3 resends: [{"sender":"","payload":"","mt":"REQUEST_LEDGER","sig":"","nonce":1692942538,"seq":0,"tot":0}]
round 131 of 300
04-25 19:40:40.199 24553 24601 D MulticastServer: MULTICAST_SERVER_LISTENING
04-25 19:40:40.201 24553 24603 D MulticastServer: Registration process started with nonce 338541839
04-25 19:40:40.204 24553 24602 D MulticastClient: REQUEST_LEDGER 338541839
04-25 19:40:40.205 24553 24602 D MulticastClient: Sent messages with 3 resends: [{"sender":"","payload":"","mt":"REQUEST_LEDGER","sig":"","nonce":338541839,"seq":0,"tot":0}]
04-25 19:40:40.265 24553 24609 D MulticastServer: Broadcast block received {"ip":"192.168.1.66","cert":"MIIBGzCBwqADAgECAgYBgEtLsMUwCgYIKoZIzj0EAwIwFTETMBEGA1UEAwwKVFRNNDkwNSBDQTAeFw0yMjA0MjAwODQ0NTNaFw0yMjA1MjEwODQ0NTNaMBUxEzARBgNVBAMMCjFAdGVzdC5jb20wWTATBgcqhkjOPQIBBggqhkjOPQMBBwNCAAQHFNOCHx/BBFYqT41UW1M6slehFXn+9LK4VDhtASjKBd51QxSRtYZAl+/IpTuOnQdMVvlGCMMWkSeEGOgyfwh1MAoGCCqGSM49BAMCA0gAMEUCIQD1OXIEAO1fI6+XpR936a5Ef365WnXPvrbzl8oxr0/Z8QIgV5LWkYufM8V0VqpcYcHXyI2fCScD24nJMtVWnrVtOU8="}
04-25 19:40:46.215 24553 24609 D RegistrationHandler: Received full ledger from 1@test.com with nonce 338541839
04-25 19:40:46.215 24553 24609 D RegistrationHandler: FULL_LEDGER 338541839
round 132 of 300
04-25 19:40:54.749 24674 24733 D MulticastServer: Registration process started with nonce 1680510171
04-25 19:40:54.752 24674 24732 D MulticastClient: REQUEST_LEDGER 1680510171
04-25 19:40:54.752 24674 24730 D MulticastServer: MULTICAST_SERVER_LISTENING
04-25 19:40:54.753 24674 24732 D MulticastClient: Sent messages with 3 resends: [{"sender":"","payload":"","mt":"REQUEST_LEDGER","sig":"","nonce":1680510171,"seq":0,"tot":0}]
04-25 19:41:00.855 24674 24739 D RegistrationHandler: Received full ledger from 1@test.com with nonce 1680510171
04-25 19:41:00.855 24674 24739 D RegistrationHandler: FULL_LEDGER 1680510171
round 133 of 300
04-25 19:41:09.200 24812 24878 D MulticastServer: MULTICAST_SERVER_LISTENING
04-25 19:41:09.208 24812 24880 D MulticastServer: Registration process started with nonce 482007073
04-25 19:41:09.210 24812 24874 D MulticastClient: REQUEST_LEDGER 482007073
04-25 19:41:09.213 24812 24874 D MulticastClient: Sent messages with 3 resends: [{"sender":"","payload":"","mt":"REQUEST_LEDGER","sig":"","nonce":482007073,"seq":0,"tot":0}]
04-25 19:41:16.417 24812 24888 D RegistrationHandler: Received full ledger from 1@test.com with nonce 482007073
04-25 19:41:16.418 24812 24888 D RegistrationHandler: FULL_LEDGER 482007073
round 134 of 300
04-25 19:41:23.673 24928 24977 D MulticastServer: MULTICAST_SERVER_LISTENING
04-25 19:41:23.676 24928 24979 D MulticastServer: Registration process started with nonce 2012907360
04-25 19:41:23.678 24928 24986 D MulticastClient: REQUEST_LEDGER 2012907360
04-25 19:41:23.680 24928 24986 D MulticastClient: Sent messages with 3 resends: [{"sender":"","payload":"","mt":"REQUEST_LEDGER","sig":"","nonce":2012907360,"seq":0,"tot":0}]
round 135 of 300
04-25 19:41:38.162 25048 25097 D MulticastServer: MULTICAST_SERVER_LISTENING
04-25 19:41:38.166 25048 25099 D MulticastServer: Registration process started with nonce 1348400638
04-25 19:41:38.168 25048 25104 D MulticastClient: REQUEST_LEDGER 1348400638
04-25 19:41:38.170 25048 25104 D MulticastClient: Sent messages with 3 resends: [{"sender":"","payload":"","mt":"REQUEST_LEDGER","sig":"","nonce":1348400638,"seq":0,"tot":0}]
round 136 of 300
04-25 19:41:52.622 25164 25213 D MulticastServer: MULTICAST_SERVER_LISTENING
04-25 19:41:52.629 25164 25215 D MulticastServer: Registration process started with nonce 1606804772
04-25 19:41:52.632 25164 25219 D MulticastClient: REQUEST_LEDGER 1606804772
04-25 19:41:52.635 25164 25219 D MulticastClient: Sent messages with 3 resends: [{"sender":"","payload":"","mt":"REQUEST_LEDGER","sig":"","nonce":1606804772,"seq":0,"tot":0}]
round 137 of 300
04-25 19:42:07.119 25265 25313 D MulticastServer: MULTICAST_SERVER_LISTENING
04-25 19:42:07.122 25265 25315 D MulticastServer: Registration process started with nonce 1688220470
04-25 19:42:07.126 25265 25320 D MulticastClient: REQUEST_LEDGER 1688220470
04-25 19:42:07.134 25265 25320 D MulticastClient: Sent messages with 3 resends: [{"sender":"","payload":"","mt":"REQUEST_LEDGER","sig":"","nonce":1688220470,"seq":0,"tot":0}]
04-25 19:42:12.710 25265 25322 D RegistrationHandler: Received full ledger from 1@test.com with nonce 1688220470
04-25 19:42:12.711 25265 25322 D RegistrationHandler: FULL_LEDGER 1688220470
round 138 of 300
04-25 19:42:21.605 25379 25427 D MulticastServer: MULTICAST_SERVER_LISTENING
04-25 19:42:21.607 25379 25429 D MulticastServer: Registration process started with nonce 449715744
04-25 19:42:21.610 25379 25428 D MulticastClient: REQUEST_LEDGER 449715744
04-25 19:42:21.611 25379 25428 D MulticastClient: Sent messages with 3 resends: [{"sender":"","payload":"","mt":"REQUEST_LEDGER","sig":"","nonce":449715744,"seq":0,"tot":0}]
round 139 of 300
04-25 19:42:36.103 25488 25551 D MulticastServer: MULTICAST_SERVER_LISTENING
04-25 19:42:36.105 25488 25553 D MulticastServer: Registration process started with nonce 191841610
04-25 19:42:36.108 25488 25557 D MulticastClient: REQUEST_LEDGER 191841610
04-25 19:42:36.109 25488 25557 D MulticastClient: Sent messages with 3 resends: [{"sender":"","payload":"","mt":"REQUEST_LEDGER","sig":"","nonce":191841610,"seq":0,"tot":0}]
04-25 19:42:36.395 25488 25565 D MulticastServer: Registration process started with nonce 581798565
04-25 19:42:36.396 25488 25565 D MulticastServer: Received request for ledger with nonce: 581798565.
04-25 19:42:36.415 25488 25565 D MulticastServer: Broadcast block received {"ip":"192.168.1.66","cert":"MIIBGzCBwqADAgECAgYBgEtLsMUwCgYIKoZIzj0EAwIwFTETMBEGA1UEAwwKVFRNNDkwNSBDQTAeFw0yMjA0MjAwODQ0NTNaFw0yMjA1MjEwODQ0NTNaMBUxEzARBgNVBAMMCjFAdGVzdC5jb20wWTATBgcqhkjOPQIBBggqhkjOPQMBBwNCAAQHFNOCHx/BBFYqT41UW1M6slehFXn+9LK4VDhtASjKBd51QxSRtYZAl+/IpTuOnQdMVvlGCMMWkSeEGOgyfwh1MAoGCCqGSM49BAMCA0gAMEUCIQD1OXIEAO1fI6+XpR936a5Ef365WnXPvrbzl8oxr0/Z8QIgV5LWkYufM8V0VqpcYcHXyI2fCScD24nJMtVWnrVtOU8="}
04-25 19:42:36.423 25488 25565 D MulticastServer: Broadcast block received {"ip":"192.168.1.66","cert":"MIIBGzCBwqADAgECAgYBgEtLsMUwCgYIKoZIzj0EAwIwFTETMBEGA1UEAwwKVFRNNDkwNSBDQTAeFw0yMjA0MjAwODQ0NTNaFw0yMjA1MjEwODQ0NTNaMBUxEzARBgNVBAMMCjFAdGVzdC5jb20wWTATBgcqhkjOPQIBBggqhkjOPQMBBwNCAAQHFNOCHx/BBFYqT41UW1M6slehFXn+9LK4VDhtASjKBd51QxSRtYZAl+/IpTuOnQdMVvlGCMMWkSeEGOgyfwh1MAoGCCqGSM49BAMCA0gAMEUCIQD1OXIEAO1fI6+XpR936a5Ef365WnXPvrbzl8oxr0/Z8QIgV5LWkYufM8V0VqpcYcHXyI2fCScD24nJMtVWnrVtOU8="}
04-25 19:42:36.430 25488 25565 D MulticastServer: Broadcast block received {"ip":"192.168.1.66","cert":"MIIBGzCBwqADAgECAgYBgEtLsMUwCgYIKoZIzj0EAwIwFTETMBEGA1UEAwwKVFRNNDkwNSBDQTAeFw0yMjA0MjAwODQ0NTNaFw0yMjA1MjEwODQ0NTNaMBUxEzARBgNVBAMMCjFAdGVzdC5jb20wWTATBgcqhkjOPQIBBggqhkjOPQMBBwNCAAQHFNOCHx/BBFYqT41UW1M6slehFXn+9LK4VDhtASjKBd51QxSRtYZAl+/IpTuOnQdMVvlGCMMWkSeEGOgyfwh1MAoGCCqGSM49BAMCA0gAMEUCIQD1OXIEAO1fI6+XpR936a5Ef365WnXPvrbzl8oxr0/Z8QIgV5LWkYufM8V0VqpcYcHXyI2fCScD24nJMtVWnrVtOU8="}
04-25 19:42:36.435 25488 25565 D MulticastServer: Broadcast block received {"ip":"192.168.1.66","cert":"MIIBGzCBwqADAgECAgYBgEtLsMUwCgYIKoZIzj0EAwIwFTETMBEGA1UEAwwKVFRNNDkwNSBDQTAeFw0yMjA0MjAwODQ0NTNaFw0yMjA1MjEwODQ0NTNaMBUxEzARBgNVBAMMCjFAdGVzdC5jb20wWTATBgcqhkjOPQIBBggqhkjOPQMBBwNCAAQHFNOCHx/BBFYqT41UW1M6slehFXn+9LK4VDhtASjKBd51QxSRtYZAl+/IpTuOnQdMVvlGCMMWkSeEGOgyfwh1MAoGCCqGSM49BAMCA0gAMEUCIQD1OXIEAO1fI6+XpR936a5Ef365WnXPvrbzl8oxr0/Z8QIgV5LWkYufM8V0VqpcYcHXyI2fCScD24nJMtVWnrVtOU8="}
04-25 19:42:40.398 25488 25579 D RegistrationHandler: I am the first in the network
04-25 19:42:40.399 25488 25579 D RegistrationHandler: 581798565 Registration started
04-25 19:42:40.424 25488 25557 D MulticastClient: Sent messages with 3 resends: [{"sender":"2@test.com","payload":"{\"ip\":\"192.168.1.57\",\"cert\":\"MIIBGjCBwqADAgECAgYBgEtMKvwwCgYIKoZIzj0EAwIwFTETMBEGA1UEAwwKVFRNNDkwNSBDQTAeFw0yMjA0MjAwODQ1MjRaFw0yMjA1MjEwODQ1MjRaMBUxEzARBgNVBAMMCjJAdGVzdC5jb20wWTATBgcqhkjOPQIBBggqhkjOPQMBBwNCAARuziVeqczih9y2IwSJ3AZuLzxwpY2VwkjEcfE8yVLxCF1qtw21\/iMvxrk2q4BpbgHrUX5EWSAEi7qJDXIS4c\/wMAoGCCqGSM49BAMCA0cAMEQCIG3JN+NQlClPB+thJTrGjfia7cfGbMyyWhJH4K0X7YymAiAUuEhh7Ol8fxrjxPTDnAemav8GQj3kHaLUj1oJ3XJ+Tg==\"}","mt":"BROADCAST_BLOCK","sig":"MEUCIQCqlhD02JDPgPAhQfq9IQf+Mxse9xpB89H6MMQuIwZjfgIgVCKhT3OvZiKlUlAzgjShwpkBvlkAkP3mb\/HruZmxwNo=","nonce":581798565,"seq":0,"tot":0}]
04-25 19:42:40.425 25488 25579 D MulticastServer: Registration process finished: 581798565
04-25 19:42:42.354 25488 25565 D RegistrationHandler: Received full ledger from 1@test.com with nonce 191841610
04-25 19:42:42.354 25488 25565 D RegistrationHandler: FULL_LEDGER 191841610
round 140 of 300
04-25 19:42:50.618 25614 25666 D MulticastServer: MULTICAST_SERVER_LISTENING
04-25 19:42:50.621 25614 25668 D MulticastServer: Registration process started with nonce 229768008
04-25 19:42:50.625 25614 25672 D MulticastClient: REQUEST_LEDGER 229768008
04-25 19:42:50.633 25614 25672 D MulticastClient: Sent messages with 3 resends: [{"sender":"","payload":"","mt":"REQUEST_LEDGER","sig":"","nonce":229768008,"seq":0,"tot":0}]
round 141 of 300
04-25 19:43:05.044 25740 25792 D MulticastServer: MULTICAST_SERVER_LISTENING
04-25 19:43:05.046 25740 25794 D MulticastServer: Registration process started with nonce 1497081266
04-25 19:43:05.049 25740 25793 D MulticastClient: REQUEST_LEDGER 1497081266
04-25 19:43:05.050 25740 25793 D MulticastClient: Sent messages with 3 resends: [{"sender":"","payload":"","mt":"REQUEST_LEDGER","sig":"","nonce":1497081266,"seq":0,"tot":0}]
04-25 19:43:05.271 25740 25801 D MulticastServer: Registration process started with nonce 401939052
04-25 19:43:05.272 25740 25801 D MulticastServer: Received request for ledger with nonce: 401939052.
04-25 19:43:05.288 25740 25801 D MulticastServer: Broadcast block received {"ip":"192.168.1.66","cert":"MIIBGzCBwqADAgECAgYBgEtLsMUwCgYIKoZIzj0EAwIwFTETMBEGA1UEAwwKVFRNNDkwNSBDQTAeFw0yMjA0MjAwODQ0NTNaFw0yMjA1MjEwODQ0NTNaMBUxEzARBgNVBAMMCjFAdGVzdC5jb20wWTATBgcqhkjOPQIBBggqhkjOPQMBBwNCAAQHFNOCHx/BBFYqT41UW1M6slehFXn+9LK4VDhtASjKBd51QxSRtYZAl+/IpTuOnQdMVvlGCMMWkSeEGOgyfwh1MAoGCCqGSM49BAMCA0gAMEUCIQD1OXIEAO1fI6+XpR936a5Ef365WnXPvrbzl8oxr0/Z8QIgV5LWkYufM8V0VqpcYcHXyI2fCScD24nJMtVWnrVtOU8="}
04-25 19:43:05.295 25740 25801 D MulticastServer: Broadcast block received {"ip":"192.168.1.66","cert":"MIIBGzCBwqADAgECAgYBgEtLsMUwCgYIKoZIzj0EAwIwFTETMBEGA1UEAwwKVFRNNDkwNSBDQTAeFw0yMjA0MjAwODQ0NTNaFw0yMjA1MjEwODQ0NTNaMBUxEzARBgNVBAMMCjFAdGVzdC5jb20wWTATBgcqhkjOPQIBBggqhkjOPQMBBwNCAAQHFNOCHx/BBFYqT41UW1M6slehFXn+9LK4VDhtASjKBd51QxSRtYZAl+/IpTuOnQdMVvlGCMMWkSeEGOgyfwh1MAoGCCqGSM49BAMCA0gAMEUCIQD1OXIEAO1fI6+XpR936a5Ef365WnXPvrbzl8oxr0/Z8QIgV5LWkYufM8V0VqpcYcHXyI2fCScD24nJMtVWnrVtOU8="}
04-25 19:43:05.299 25740 25801 D MulticastServer: Broadcast block received {"ip":"192.168.1.66","cert":"MIIBGzCBwqADAgECAgYBgEtLsMUwCgYIKoZIzj0EAwIwFTETMBEGA1UEAwwKVFRNNDkwNSBDQTAeFw0yMjA0MjAwODQ0NTNaFw0yMjA1MjEwODQ0NTNaMBUxEzARBgNVBAMMCjFAdGVzdC5jb20wWTATBgcqhkjOPQIBBggqhkjOPQMBBwNCAAQHFNOCHx/BBFYqT41UW1M6slehFXn+9LK4VDhtASjKBd51QxSRtYZAl+/IpTuOnQdMVvlGCMMWkSeEGOgyfwh1MAoGCCqGSM49BAMCA0gAMEUCIQD1OXIEAO1fI6+XpR936a5Ef365WnXPvrbzl8oxr0/Z8QIgV5LWkYufM8V0VqpcYcHXyI2fCScD24nJMtVWnrVtOU8="}
04-25 19:43:05.308 25740 25801 D MulticastServer: Broadcast block received {"ip":"192.168.1.66","cert":"MIIBGzCBwqADAgECAgYBgEtLsMUwCgYIKoZIzj0EAwIwFTETMBEGA1UEAwwKVFRNNDkwNSBDQTAeFw0yMjA0MjAwODQ0NTNaFw0yMjA1MjEwODQ0NTNaMBUxEzARBgNVBAMMCjFAdGVzdC5jb20wWTATBgcqhkjOPQIBBggqhkjOPQMBBwNCAAQHFNOCHx/BBFYqT41UW1M6slehFXn+9LK4VDhtASjKBd51QxSRtYZAl+/IpTuOnQdMVvlGCMMWkSeEGOgyfwh1MAoGCCqGSM49BAMCA0gAMEUCIQD1OXIEAO1fI6+XpR936a5Ef365WnXPvrbzl8oxr0/Z8QIgV5LWkYufM8V0VqpcYcHXyI2fCScD24nJMtVWnrVtOU8="}
04-25 19:43:09.273 25740 25819 D RegistrationHandler: I am the first in the network
04-25 19:43:09.273 25740 25819 D RegistrationHandler: 401939052 Registration started
04-25 19:43:09.292 25740 25819 D MulticastServer: Registration process finished: 401939052
04-25 19:43:09.319 25740 25793 D MulticastClient: Sent messages with 3 resends: [{"sender":"2@test.com","payload":"{\"ip\":\"192.168.1.57\",\"cert\":\"MIIBGjCBwqADAgECAgYBgEtMKvwwCgYIKoZIzj0EAwIwFTETMBEGA1UEAwwKVFRNNDkwNSBDQTAeFw0yMjA0MjAwODQ1MjRaFw0yMjA1MjEwODQ1MjRaMBUxEzARBgNVBAMMCjJAdGVzdC5jb20wWTATBgcqhkjOPQIBBggqhkjOPQMBBwNCAARuziVeqczih9y2IwSJ3AZuLzxwpY2VwkjEcfE8yVLxCF1qtw21\/iMvxrk2q4BpbgHrUX5EWSAEi7qJDXIS4c\/wMAoGCCqGSM49BAMCA0cAMEQCIG3JN+NQlClPB+thJTrGjfia7cfGbMyyWhJH4K0X7YymAiAUuEhh7Ol8fxrjxPTDnAemav8GQj3kHaLUj1oJ3XJ+Tg==\"}","mt":"BROADCAST_BLOCK","sig":"MEUCICVTHfFu535gBEFDx9N7iT9vM67tC++eKgL30gDTmD4oAiEA9rexBfA\/yq37+bG5\/\/LbtrOouBdu7J0Th5z\/cri25Tw=","nonce":401939052,"seq":0,"tot":0}]
04-25 19:43:10.343 25740 25801 D RegistrationHandler: Received full ledger from 1@test.com with nonce 1497081266
04-25 19:43:10.343 25740 25801 D RegistrationHandler: FULL_LEDGER 1497081266
round 142 of 300
04-25 19:43:19.685 25874 25927 D MulticastServer: MULTICAST_SERVER_LISTENING
04-25 19:43:19.687 25874 25929 D MulticastServer: Registration process started with nonce 381602180
04-25 19:43:19.690 25874 25928 D MulticastClient: REQUEST_LEDGER 381602180
04-25 19:43:19.691 25874 25928 D MulticastClient: Sent messages with 3 resends: [{"sender":"","payload":"","mt":"REQUEST_LEDGER","sig":"","nonce":381602180,"seq":0,"tot":0}]
round 143 of 300
04-25 19:43:34.074 25989 26038 D MulticastServer: MULTICAST_SERVER_LISTENING
04-25 19:43:34.078 25989 26040 D MulticastServer: Registration process started with nonce 932618404
04-25 19:43:34.081 25989 26039 D MulticastClient: REQUEST_LEDGER 932618404
04-25 19:43:34.082 25989 26039 D MulticastClient: Sent messages with 3 resends: [{"sender":"","payload":"","mt":"REQUEST_LEDGER","sig":"","nonce":932618404,"seq":0,"tot":0}]
round 144 of 300
04-25 19:43:48.524 26102 26152 D MulticastServer: MULTICAST_SERVER_LISTENING
04-25 19:43:48.526 26102 26154 D MulticastServer: Registration process started with nonce 416887604
