04-25 19:23:03.205 16398 16453 D MulticastClient: REQUEST_LEDGER 390442213
04-25 19:23:03.207 16398 16453 D MulticastClient: Sent messages with 3 resends: [{"sender":"","payload":"","mt":"REQUEST_LEDGER","sig":"","nonce":390442213,"seq":0,"tot":0}]
04-25 19:23:03.215 16398 16456 D MulticastServer: Registration process started with nonce 876338316
04-25 19:23:03.215 16398 16456 D MulticastServer: Received request for ledger with nonce: 876338316.
04-25 19:23:03.228 16398 16456 D MulticastServer: Broadcast block received {"ip":"192.168.1.66","cert":"MIIBGzCBwqADAgECAgYBgEtLsMUwCgYIKoZIzj0EAwIwFTETMBEGA1UEAwwKVFRNNDkwNSBDQTAeFw0yMjA0MjAwODQ0NTNaFw0yMjA1MjEwODQ0NTNaMBUxEzARBgNVBAMMCjFAdGVzdC5jb20wWTATBgcqhkjOPQIBBggqhkjOPQMBBwNCAAQHFNOCHx/BBFYqT41UW1M6slehFXn+9LK4VDhtASjKBd51QxSRtYZAl+/IpTuOnQdMVvlGCMMWkSeEGOgyfwh1MAoGCCqGSM49BAMCA0gAMEUCIQD1OXIEAO1fI6+XpR936a5Ef365WnXPvrbzl8oxr0/Z8QIgV5LWkYufM8V0VqpcYcHXyI2fCScD24nJMtVWnrVtOU8="}
04-25 19:23:03.234 16398 16456 D MulticastServer: Broadcast block received {"ip":"192.168.1.66","cert":"MIIBGzCBwqADAgECAgYBgEtLsMUwCgYIKoZIzj0EAwIwFTETMBEGA1UEAwwKVFRNNDkwNSBDQTAeFw0yMjA0MjAwODQ0NTNaFw0yMjA1MjEwODQ0NTNaMBUxEzARBgNVBAMMCjFAdGVzdC5jb20wWTATBgcqhkjOPQIBBggqhkjOPQMBBwNCAAQHFNOCHx/BBFYqT41UW1M6slehFXn+9LK4VDhtASjKBd51QxSRtYZAl+/IpTuOnQdMVvlGCMMWkSeEGOgyfwh1MAoGCCqGSM49BAMCA0gAMEUCIQD1OXIEAO1fI6+XpR936a5Ef365WnXPvrbzl8oxr0/Z8QIgV5LWkYufM8V0VqpcYcHXyI2fCScD24nJMtVWnrVtOU8="}
04-25 19:23:03.238 16398 16456 D MulticastServer: Broadcast block received {"ip":"192.168.1.66","cert":"MIIBGzCBwqADAgECAgYBgEtLsMUwCgYIKoZIzj0EAwIwFTETMBEGA1UEAwwKVFRNNDkwNSBDQTAeFw0yMjA0MjAwODQ0NTNaFw0yMjA1MjEwODQ0NTNaMBUxEzARBgNVBAMMCjFAdGVzdC5jb20wWTATBgcqhkjOPQIBBggqhkjOPQMBBwNCAAQHFNOCHx/BBFYqT41UW1M6slehFXn+9LK4VDhtASjKBd51QxSRtYZAl+/IpTuOnQdMVvlGCMMWkSeEGOgyfwh1MAoGCCqGSM49BAMCA0gAMEUCIQD1OXIEAO1fI6+XpR936a5Ef365WnXPvrbzl8oxr0/Z8QIgV5LWkYufM8V0VqpcYcHXyI2fCScD24nJMtVWnrVtOU8="}
04-25 19:23:03.247 16398 16456 D MulticastServer: Broadcast block received {"ip":"192.168.1.66","cert":"MIIBGzCBwqADAgECAgYBgEtLsMUwCgYIKoZIzj0EAwIwFTETMBEGA1UEAwwKVFRNNDkwNSBDQTAeFw0yMjA0MjAwODQ0NTNaFw0yMjA1MjEwODQ0NTNaMBUxEzARBgNVBAMMCjFAdGVzdC5jb20wWTATBgcqhkjOPQIBBggqhkjOPQMBBwNCAAQHFNOCHx/BBFYqT41UW1M6slehFXn+9LK4VDhtASjKBd51QxSRtYZAl+/IpTuOnQdMVvlGCMMWkSeEGOgyfwh1MAoGCCqGSM49BAMCA0gAMEUCIQD1OXIEAO1fI6+XpR936a5Ef365WnXPvrbzl8oxr0/Z8QIgV5LWkYufM8V0VqpcYcHXyI2fCScD24nJMtVWnrVtOU8="}
04-25 19:23:07.218 16398 16458 D RegistrationHandler: I am the first in the network
04-25 19:23:07.218 16398 16458 D RegistrationHandler: 876338316 Registration started
04-25 19:23:07.245 16398 16453 D MulticastClient: Sent messages with 3 resends: [{"sender":"2@test.com","payload":"{\"ip\":\"192.168.1.57\",\"cert\":\"MIIBGjCBwqADAgECAgYBgEtMKvwwCgYIKoZIzj0EAwIwFTETMBEGA1UEAwwKVFRNNDkwNSBDQTAeFw0yMjA0MjAwODQ1MjRaFw0yMjA1MjEwODQ1MjRaMBUxEzARBgNVBAMMCjJAdGVzdC5jb20wWTATBgcqhkjOPQIBBggqhkjOPQMBBwNCAARuziVeqczih9y2IwSJ3AZuLzxwpY2VwkjEcfE8yVLxCF1qtw21\/iMvxrk2q4BpbgHrUX5EWSAEi7qJDXIS4c\/wMAoGCCqGSM49BAMCA0cAMEQCIG3JN+NQlClPB+thJTrGjfia7cfGbMyyWhJH4K0X7YymAiAUuEhh7Ol8fxrjxPTDnAemav8GQj3kHaLUj1oJ3XJ+Tg==\"}","mt":"BROADCAST_BLOCK","sig":"MEUCIE+iDvUqGjVy6R9xJodhziw\/dfWi3tvlmEqWnBoAta5rAiEAu6lpdyCfjz5m43Kslj21C8qYkR65BspEFPFCnLekcsY=","nonce":876338316,"seq":0,"tot":0}]
04-25 19:23:07.247 16398 16458 D MulticastServer: Registration process finished: 876338316
04-25 19:23:08.008 16398 16456 D RegistrationHandler: Received full ledger from 1@test.com with nonce 390442213
04-25 19:23:08.008 16398 16456 D RegistrationHandler: FULL_LEDGER 390442213
round 59 of 300
04-25 19:23:17.715 16511 16562 D MulticastServer: MULTICAST_SERVER_LISTENING
04-25 19:23:17.717 16511 16564 D MulticastServer: Registration process started with nonce 1040961337
04-25 19:23:17.719 16511 16563 D MulticastClient: REQUEST_LEDGER 1040961337
04-25 19:23:17.720 16511 16563 D MulticastClient: Sent messages with 3 resends: [{"sender":"","payload":"","mt":"REQUEST_LEDGER","sig":"","nonce":1040961337,"seq":0,"tot":0}]
round 60 of 300
04-25 19:23:32.208 16628 16678 D MulticastServer: MULTICAST_SERVER_LISTENING
04-25 19:23:32.215 16628 16680 D MulticastServer: Registration process started with nonce 1869745050
04-25 19:23:32.219 16628 16685 D MulticastClient: REQUEST_LEDGER 1869745050
04-25 19:23:32.227 16628 16685 D MulticastClient: Sent messages with 3 resends: [{"sender":"","payload":"","mt":"REQUEST_LEDGER","sig":"","nonce":1869745050,"seq":0,"tot":0}]
04-25 19:23:39.223 16628 16687 D RegistrationHandler: Received full ledger from 1@test.com with nonce 1869745050
04-25 19:23:39.223 16628 16687 D RegistrationHandler: FULL_LEDGER 1869745050
round 61 of 300
04-25 19:23:46.703 16730 16779 D MulticastServer: MULTICAST_SERVER_LISTENING
04-25 19:23:46.705 16730 16781 D MulticastServer: Registration process started with nonce 1213109589
04-25 19:23:46.708 16730 16780 D MulticastClient: REQUEST_LEDGER 1213109589
04-25 19:23:46.709 16730 16780 D MulticastClient: Sent messages with 3 resends: [{"sender":"","payload":"","mt":"REQUEST_LEDGER","sig":"","nonce":1213109589,"seq":0,"tot":0}]
04-25 19:23:46.716 16730 16787 D MulticastServer: Broadcast block received {"ip":"192.168.1.66","cert":"MIIBGzCBwqADAgECAgYBgEtLsMUwCgYIKoZIzj0EAwIwFTETMBEGA1UEAwwKVFRNNDkwNSBDQTAeFw0yMjA0MjAwODQ0NTNaFw0yMjA1MjEwODQ0NTNaMBUxEzARBgNVBAMMCjFAdGVzdC5jb20wWTATBgcqhkjOPQIBBggqhkjOPQMBBwNCAAQHFNOCHx/BBFYqT41UW1M6slehFXn+9LK4VDhtASjKBd51QxSRtYZAl+/IpTuOnQdMVvlGCMMWkSeEGOgyfwh1MAoGCCqGSM49BAMCA0gAMEUCIQD1OXIEAO1fI6+XpR936a5Ef365WnXPvrbzl8oxr0/Z8QIgV5LWkYufM8V0VqpcYcHXyI2fCScD24nJMtVWnrVtOU8="}
round 62 of 300
04-25 19:24:01.185 16833 16882 D MulticastServer: MULTICAST_SERVER_LISTENING
04-25 19:24:01.187 16833 16884 D MulticastServer: Registration process started with nonce 1002572930
04-25 19:24:01.190 16833 16883 D MulticastClient: REQUEST_LEDGER 1002572930
04-25 19:24:01.191 16833 16883 D MulticastClient: Sent messages with 3 resends: [{"sender":"","payload":"","mt":"REQUEST_LEDGER","sig":"","nonce":1002572930,"seq":0,"tot":0}]
04-25 19:24:01.256 16833 16890 D MulticastServer: Broadcast block received {"ip":"192.168.1.66","cert":"MIIBGzCBwqADAgECAgYBgEtLsMUwCgYIKoZIzj0EAwIwFTETMBEGA1UEAwwKVFRNNDkwNSBDQTAeFw0yMjA0MjAwODQ0NTNaFw0yMjA1MjEwODQ0NTNaMBUxEzARBgNVBAMMCjFAdGVzdC5jb20wWTATBgcqhkjOPQIBBggqhkjOPQMBBwNCAAQHFNOCHx/BBFYqT41UW1M6slehFXn+9LK4VDhtASjKBd51QxSRtYZAl+/IpTuOnQdMVvlGCMMWkSeEGOgyfwh1MAoGCCqGSM49BAMCA0gAMEUCIQD1OXIEAO1fI6+XpR936a5Ef365WnXPvrbzl8oxr0/Z8QIgV5LWkYufM8V0VqpcYcHXyI2fCScD24nJMtVWnrVtOU8="}
04-25 19:24:06.873 16833 16890 D RegistrationHandler: Received full ledger from 1@test.com with nonce 1002572930
04-25 19:24:06.873 16833 16890 D RegistrationHandler: FULL_LEDGER 1002572930
round 63 of 300
04-25 19:24:15.807 16943 16991 D MulticastServer: MULTICAST_SERVER_LISTENING
04-25 19:24:15.810 16943 16993 D MulticastServer: Registration process started with nonce 2146432559
04-25 19:24:15.812 16943 16992 D MulticastClient: REQUEST_LEDGER 2146432559
04-25 19:24:15.814 16943 16992 D MulticastClient: Sent messages with 3 resends: [{"sender":"","payload":"","mt":"REQUEST_LEDGER","sig":"","nonce":2146432559,"seq":0,"tot":0}]
04-25 19:24:23.032 16943 17000 D RegistrationHandler: Received full ledger from 1@test.com with nonce 2146432559
04-25 19:24:23.032 16943 17000 D RegistrationHandler: FULL_LEDGER 2146432559
round 64 of 300
04-25 19:24:30.129 17054 17103 D MulticastServer: MULTICAST_SERVER_LISTENING
04-25 19:24:30.131 17054 17105 D MulticastServer: Registration process started with nonce 426760152
04-25 19:24:30.134 17054 17109 D MulticastClient: REQUEST_LEDGER 426760152
04-25 19:24:30.135 17054 17109 D MulticastClient: Sent messages with 3 resends: [{"sender":"","payload":"","mt":"REQUEST_LEDGER","sig":"","nonce":426760152,"seq":0,"tot":0}]
04-25 19:24:30.757 17054 17111 D MulticastServer: Registration process started with nonce 934146749
04-25 19:24:30.760 17054 17111 D MulticastServer: Received request for ledger with nonce: 934146749.
04-25 19:24:30.785 17054 17111 D MulticastServer: Broadcast block received {"ip":"192.168.1.66","cert":"MIIBGzCBwqADAgECAgYBgEtLsMUwCgYIKoZIzj0EAwIwFTETMBEGA1UEAwwKVFRNNDkwNSBDQTAeFw0yMjA0MjAwODQ0NTNaFw0yMjA1MjEwODQ0NTNaMBUxEzARBgNVBAMMCjFAdGVzdC5jb20wWTATBgcqhkjOPQIBBggqhkjOPQMBBwNCAAQHFNOCHx/BBFYqT41UW1M6slehFXn+9LK4VDhtASjKBd51QxSRtYZAl+/IpTuOnQdMVvlGCMMWkSeEGOgyfwh1MAoGCCqGSM49BAMCA0gAMEUCIQD1OXIEAO1fI6+XpR936a5Ef365WnXPvrbzl8oxr0/Z8QIgV5LWkYufM8V0VqpcYcHXyI2fCScD24nJMtVWnrVtOU8="}
04-25 19:24:30.791 17054 17111 D MulticastServer: Broadcast block received {"ip":"192.168.1.66","cert":"MIIBGzCBwqADAgECAgYBgEtLsMUwCgYIKoZIzj0EAwIwFTETMBEGA1UEAwwKVFRNNDkwNSBDQTAeFw0yMjA0MjAwODQ0NTNaFw0yMjA1MjEwODQ0NTNaMBUxEzARBgNVBAMMCjFAdGVzdC5jb20wWTATBgcqhkjOPQIBBggqhkjOPQMBBwNCAAQHFNOCHx/BBFYqT41UW1M6slehFXn+9LK4VDhtASjKBd51QxSRtYZAl+/IpTuOnQdMVvlGCMMWkSeEGOgyfwh1MAoGCCqGSM49BAMCA0gAMEUCIQD1OXIEAO1fI6+XpR936a5Ef365WnXPvrbzl8oxr0/Z8QIgV5LWkYufM8V0VqpcYcHXyI2fCScD24nJMtVWnrVtOU8="}
04-25 19:24:30.794 17054 17111 D MulticastServer: Broadcast block received {"ip":"192.168.1.66","cert":"MIIBGzCBwqADAgECAgYBgEtLsMUwCgYIKoZIzj0EAwIwFTETMBEGA1UEAwwKVFRNNDkwNSBDQTAeFw0yMjA0MjAwODQ0NTNaFw0yMjA1MjEwODQ0NTNaMBUxEzARBgNVBAMMCjFAdGVzdC5jb20wWTATBgcqhkjOPQIBBggqhkjOPQMBBwNCAAQHFNOCHx/BBFYqT41UW1M6slehFXn+9LK4VDhtASjKBd51QxSRtYZAl+/IpTuOnQdMVvlGCMMWkSeEGOgyfwh1MAoGCCqGSM49BAMCA0gAMEUCIQD1OXIEAO1fI6+XpR936a5Ef365WnXPvrbzl8oxr0/Z8QIgV5LWkYufM8V0VqpcYcHXyI2fCScD24nJMtVWnrVtOU8="}
04-25 19:24:34.762 17054 17139 D RegistrationHandler: I am the first in the network
04-25 19:24:34.763 17054 17139 D RegistrationHandler: 934146749 Registration started
04-25 19:24:34.785 17054 17109 D MulticastClient: Sent messages with 3 resends: [{"sender":"2@test.com","payload":"{\"ip\":\"192.168.1.57\",\"cert\":\"MIIBGjCBwqADAgECAgYBgEtMKvwwCgYIKoZIzj0EAwIwFTETMBEGA1UEAwwKVFRNNDkwNSBDQTAeFw0yMjA0MjAwODQ1MjRaFw0yMjA1MjEwODQ1MjRaMBUxEzARBgNVBAMMCjJAdGVzdC5jb20wWTATBgcqhkjOPQIBBggqhkjOPQMBBwNCAARuziVeqczih9y2IwSJ3AZuLzxwpY2VwkjEcfE8yVLxCF1qtw21\/iMvxrk2q4BpbgHrUX5EWSAEi7qJDXIS4c\/wMAoGCCqGSM49BAMCA0cAMEQCIG3JN+NQlClPB+thJTrGjfia7cfGbMyyWhJH4K0X7YymAiAUuEhh7Ol8fxrjxPTDnAemav8GQj3kHaLUj1oJ3XJ+Tg==\"}","mt":"BROADCAST_BLOCK","sig":"MEUCIAUxQKbLVqJYc0rDOe45hBBR+s5JalTExG9EyJluWdwJAiEAvT+tW6otSa6\/ZMUNy7\/NJ2y73PydTMIVC7YvXj3UadE=","nonce":934146749,"seq":0,"tot":0}]
04-25 19:24:34.785 17054 17139 D MulticastServer: Registration process finished: 934146749
round 65 of 300
04-25 19:24:44.584 17167 17218 D MulticastServer: MULTICAST_SERVER_LISTENING
04-25 19:24:44.586 17167 17220 D MulticastServer: Registration process started with nonce 406646656
04-25 19:24:44.591 17167 17225 D MulticastClient: REQUEST_LEDGER 406646656
04-25 19:24:44.598 17167 17225 D MulticastClient: Sent messages with 3 resends: [{"sender":"","payload":"","mt":"REQUEST_LEDGER","sig":"","nonce":406646656,"seq":0,"tot":0}]
04-25 19:24:44.645 17167 17227 D MulticastServer: Broadcast block received {"ip":"192.168.1.66","cert":"MIIBGzCBwqADAgECAgYBgEtLsMUwCgYIKoZIzj0EAwIwFTETMBEGA1UEAwwKVFRNNDkwNSBDQTAeFw0yMjA0MjAwODQ0NTNaFw0yMjA1MjEwODQ0NTNaMBUxEzARBgNVBAMMCjFAdGVzdC5jb20wWTATBgcqhkjOPQIBBggqhkjOPQMBBwNCAAQHFNOCHx/BBFYqT41UW1M6slehFXn+9LK4VDhtASjKBd51QxSRtYZAl+/IpTuOnQdMVvlGCMMWkSeEGOgyfwh1MAoGCCqGSM49BAMCA0gAMEUCIQD1OXIEAO1fI6+XpR936a5Ef365WnXPvrbzl8oxr0/Z8QIgV5LWkYufM8V0VqpcYcHXyI2fCScD24nJMtVWnrVtOU8="}
round 66 of 300
04-25 19:24:59.057 17267 17318 D MulticastServer: MULTICAST_SERVER_LISTENING
04-25 19:24:59.064 17267 17320 D MulticastServer: Registration process started with nonce 983259592
04-25 19:24:59.067 17267 17325 D MulticastClient: REQUEST_LEDGER 983259592
04-25 19:24:59.070 17267 17325 D MulticastClient: Sent messages with 3 resends: [{"sender":"","payload":"","mt":"REQUEST_LEDGER","sig":"","nonce":983259592,"seq":0,"tot":0}]
04-25 19:24:59.121 17267 17327 D MulticastServer: Broadcast block received {"ip":"192.168.1.66","cert":"MIIBGzCBwqADAgECAgYBgEtLsMUwCgYIKoZIzj0EAwIwFTETMBEGA1UEAwwKVFRNNDkwNSBDQTAeFw0yMjA0MjAwODQ0NTNaFw0yMjA1MjEwODQ0NTNaMBUxEzARBgNVBAMMCjFAdGVzdC5jb20wWTATBgcqhkjOPQIBBggqhkjOPQMBBwNCAAQHFNOCHx/BBFYqT41UW1M6slehFXn+9LK4VDhtASjKBd51QxSRtYZAl+/IpTuOnQdMVvlGCMMWkSeEGOgyfwh1MAoGCCqGSM49BAMCA0gAMEUCIQD1OXIEAO1fI6+XpR936a5Ef365WnXPvrbzl8oxr0/Z8QIgV5LWkYufM8V0VqpcYcHXyI2fCScD24nJMtVWnrVtOU8="}
04-25 19:24:59.124 17267 17327 D MulticastServer: Broadcast block received {"ip":"192.168.1.66","cert":"MIIBGzCBwqADAgECAgYBgEtLsMUwCgYIKoZIzj0EAwIwFTETMBEGA1UEAwwKVFRNNDkwNSBDQTAeFw0yMjA0MjAwODQ0NTNaFw0yMjA1MjEwODQ0NTNaMBUxEzARBgNVBAMMCjFAdGVzdC5jb20wWTATBgcqhkjOPQIBBggqhkjOPQMBBwNCAAQHFNOCHx/BBFYqT41UW1M6slehFXn+9LK4VDhtASjKBd51QxSRtYZAl+/IpTuOnQdMVvlGCMMWkSeEGOgyfwh1MAoGCCqGSM49BAMCA0gAMEUCIQD1OXIEAO1fI6+XpR936a5Ef365WnXPvrbzl8oxr0/Z8QIgV5LWkYufM8V0VqpcYcHXyI2fCScD24nJMtVWnrVtOU8="}
04-25 19:24:59.131 17267 17327 D MulticastServer: Broadcast block received {"ip":"192.168.1.66","cert":"MIIBGzCBwqADAgECAgYBgEtLsMUwCgYIKoZIzj0EAwIwFTETMBEGA1UEAwwKVFRNNDkwNSBDQTAeFw0yMjA0MjAwODQ0NTNaFw0yMjA1MjEwODQ0NTNaMBUxEzARBgNVBAMMCjFAdGVzdC5jb20wWTATBgcqhkjOPQIBBggqhkjOPQMBBwNCAAQHFNOCHx/BBFYqT41UW1M6slehFXn+9LK4VDhtASjKBd51QxSRtYZAl+/IpTuOnQdMVvlGCMMWkSeEGOgyfwh1MAoGCCqGSM49BAMCA0gAMEUCIQD1OXIEAO1fI6+XpR936a5Ef365WnXPvrbzl8oxr0/Z8QIgV5LWkYufM8V0VqpcYcHXyI2fCScD24nJMtVWnrVtOU8="}
04-25 19:24:59.216 17267 17327 D MulticastServer: Broadcast block received {"ip":"192.168.1.66","cert":"MIIBGzCBwqADAgECAgYBgEtLsMUwCgYIKoZIzj0EAwIwFTETMBEGA1UEAwwKVFRNNDkwNSBDQTAeFw0yMjA0MjAwODQ0NTNaFw0yMjA1MjEwODQ0NTNaMBUxEzARBgNVBAMMCjFAdGVzdC5jb20wWTATBgcqhkjOPQIBBggqhkjOPQMBBwNCAAQHFNOCHx/BBFYqT41UW1M6slehFXn+9LK4VDhtASjKBd51QxSRtYZAl+/IpTuOnQdMVvlGCMMWkSeEGOgyfwh1MAoGCCqGSM49BAMCA0gAMEUCIQD1OXIEAO1fI6+XpR936a5Ef365WnXPvrbzl8oxr0/Z8QIgV5LWkYufM8V0VqpcYcHXyI2fCScD24nJMtVWnrVtOU8="}
04-25 19:25:05.103 17267 17327 D RegistrationHandler: Received full ledger from 1@test.com with nonce 983259592
04-25 19:25:05.103 17267 17327 D RegistrationHandler: FULL_LEDGER 983259592
round 67 of 300
04-25 19:25:13.551 17371 17420 D MulticastServer: MULTICAST_SERVER_LISTENING
04-25 19:25:13.554 17371 17421 D MulticastServer: Registration process started with nonce 760911178
04-25 19:25:13.559 17371 17425 D MulticastClient: REQUEST_LEDGER 760911178
04-25 19:25:13.566 17371 17425 D MulticastClient: Sent messages with 3 resends: [{"sender":"","payload":"","mt":"REQUEST_LEDGER","sig":"","nonce":760911178,"seq":0,"tot":0}]
round 68 of 300
04-25 19:25:28.040 17486 17555 D MulticastServer: MULTICAST_SERVER_LISTENING
04-25 19:25:28.042 17486 17557 D MulticastServer: Registration process started with nonce 1350208882
04-25 19:25:28.044 17486 17556 D MulticastClient: REQUEST_LEDGER 1350208882
04-25 19:25:28.046 17486 17556 D MulticastClient: Sent messages with 3 resends: [{"sender":"","payload":"","mt":"REQUEST_LEDGER","sig":"","nonce":1350208882,"seq":0,"tot":0}]
04-25 19:25:28.095 17486 17563 D MulticastServer: Registration process started with nonce 516257195
04-25 19:25:28.096 17486 17563 D MulticastServer: Received request for ledger with nonce: 516257195.
04-25 19:25:28.104 17486 17563 D MulticastServer: Broadcast block received {"ip":"192.168.1.66","cert":"MIIBGzCBwqADAgECAgYBgEtLsMUwCgYIKoZIzj0EAwIwFTETMBEGA1UEAwwKVFRNNDkwNSBDQTAeFw0yMjA0MjAwODQ0NTNaFw0yMjA1MjEwODQ0NTNaMBUxEzARBgNVBAMMCjFAdGVzdC5jb20wWTATBgcqhkjOPQIBBggqhkjOPQMBBwNCAAQHFNOCHx/BBFYqT41UW1M6slehFXn+9LK4VDhtASjKBd51QxSRtYZAl+/IpTuOnQdMVvlGCMMWkSeEGOgyfwh1MAoGCCqGSM49BAMCA0gAMEUCIQD1OXIEAO1fI6+XpR936a5Ef365WnXPvrbzl8oxr0/Z8QIgV5LWkYufM8V0VqpcYcHXyI2fCScD24nJMtVWnrVtOU8="}
04-25 19:25:28.112 17486 17563 D MulticastServer: Broadcast block received {"ip":"192.168.1.66","cert":"MIIBGzCBwqADAgECAgYBgEtLsMUwCgYIKoZIzj0EAwIwFTETMBEGA1UEAwwKVFRNNDkwNSBDQTAeFw0yMjA0MjAwODQ0NTNaFw0yMjA1MjEwODQ0NTNaMBUxEzARBgNVBAMMCjFAdGVzdC5jb20wWTATBgcqhkjOPQIBBggqhkjOPQMBBwNCAAQHFNOCHx/BBFYqT41UW1M6slehFXn+9LK4VDhtASjKBd51QxSRtYZAl+/IpTuOnQdMVvlGCMMWkSeEGOgyfwh1MAoGCCqGSM49BAMCA0gAMEUCIQD1OXIEAO1fI6+XpR936a5Ef365WnXPvrbzl8oxr0/Z8QIgV5LWkYufM8V0VqpcYcHXyI2fCScD24nJMtVWnrVtOU8="}
04-25 19:25:28.119 17486 17563 D MulticastServer: Broadcast block received {"ip":"192.168.1.66","cert":"MIIBGzCBwqADAgECAgYBgEtLsMUwCgYIKoZIzj0EAwIwFTETMBEGA1UEAwwKVFRNNDkwNSBDQTAeFw0yMjA0MjAwODQ0NTNaFw0yMjA1MjEwODQ0NTNaMBUxEzARBgNVBAMMCjFAdGVzdC5jb20wWTATBgcqhkjOPQIBBggqhkjOPQMBBwNCAAQHFNOCHx/BBFYqT41UW1M6slehFXn+9LK4VDhtASjKBd51QxSRtYZAl+/IpTuOnQdMVvlGCMMWkSeEGOgyfwh1MAoGCCqGSM49BAMCA0gAMEUCIQD1OXIEAO1fI6+XpR936a5Ef365WnXPvrbzl8oxr0/Z8QIgV5LWkYufM8V0VqpcYcHXyI2fCScD24nJMtVWnrVtOU8="}
04-25 19:25:28.123 17486 17563 D MulticastServer: Broadcast block received {"ip":"192.168.1.66","cert":"MIIBGzCBwqADAgECAgYBgEtLsMUwCgYIKoZIzj0EAwIwFTETMBEGA1UEAwwKVFRNNDkwNSBDQTAeFw0yMjA0MjAwODQ0NTNaFw0yMjA1MjEwODQ0NTNaMBUxEzARBgNVBAMMCjFAdGVzdC5jb20wWTATBgcqhkjOPQIBBggqhkjOPQMBBwNCAAQHFNOCHx/BBFYqT41UW1M6slehFXn+9LK4VDhtASjKBd51QxSRtYZAl+/IpTuOnQdMVvlGCMMWkSeEGOgyfwh1MAoGCCqGSM49BAMCA0gAMEUCIQD1OXIEAO1fI6+XpR936a5Ef365WnXPvrbzl8oxr0/Z8QIgV5LWkYufM8V0VqpcYcHXyI2fCScD24nJMtVWnrVtOU8="}
04-25 19:25:32.097 17486 17566 D RegistrationHandler: I am the first in the network
04-25 19:25:32.097 17486 17566 D RegistrationHandler: 516257195 Registration started
04-25 19:25:32.111 17486 17566 D MulticastServer: Registration process finished: 516257195
04-25 19:25:32.133 17486 17556 D MulticastClient: Sent messages with 3 resends: [{"sender":"2@test.com","payload":"{\"ip\":\"192.168.1.57\",\"cert\":\"MIIBGjCBwqADAgECAgYBgEtMKvwwCgYIKoZIzj0EAwIwFTETMBEGA1UEAwwKVFRNNDkwNSBDQTAeFw0yMjA0MjAwODQ1MjRaFw0yMjA1MjEwODQ1MjRaMBUxEzARBgNVBAMMCjJAdGVzdC5jb20wWTATBgcqhkjOPQIBBggqhkjOPQMBBwNCAARuziVeqczih9y2IwSJ3AZuLzxwpY2VwkjEcfE8yVLxCF1qtw21\/iMvxrk2q4BpbgHrUX5EWSAEi7qJDXIS4c\/wMAoGCCqGSM49BAMCA0cAMEQCIG3JN+NQlClPB+thJTrGjfia7cfGbMyyWhJH4K0X7YymAiAUuEhh7Ol8fxrjxPTDnAemav8GQj3kHaLUj1oJ3XJ+Tg==\"}","mt":"BROADCAST_BLOCK","sig":"MEUCIDI6eB\/CSpSD4T33MVYCT0i1O2HmyjClf388Pb4y3uJCAiEA3vI94IcFSAvManfnGQKU7Va3qN1PBAvmVBn75ZDeeZg=","nonce":516257195,"seq":0,"tot":0}]
04-25 19:25:33.276 17486 17563 D RegistrationHandler: Received full ledger from 1@test.com with nonce 1350208882
04-25 19:25:33.276 17486 17563 D RegistrationHandler: FULL_LEDGER 1350208882
round 69 of 300
04-25 19:25:42.515 17615 17665 D MulticastServer: MULTICAST_SERVER_LISTENING
04-25 19:25:42.522 17615 17667 D MulticastServer: Registration process started with nonce 1513092319
04-25 19:25:42.525 17615 17671 D MulticastClient: REQUEST_LEDGER 1513092319
04-25 19:25:42.528 17615 17671 D MulticastClient: Sent messages with 3 resends: [{"sender":"","payload":"","mt":"REQUEST_LEDGER","sig":"","nonce":1513092319,"seq":0,"tot":0}]
round 70 of 300
04-25 19:25:57.035 17717 17767 D MulticastServer: MULTICAST_SERVER_LISTENING
04-25 19:25:57.038 17717 17769 D MulticastServer: Registration process started with nonce 1946048119
04-25 19:25:57.040 17717 17773 D MulticastClient: REQUEST_LEDGER 1946048119
04-25 19:25:57.042 17717 17773 D MulticastClient: Sent messages with 3 resends: [{"sender":"","payload":"","mt":"REQUEST_LEDGER","sig":"","nonce":1946048119,"seq":0,"tot":0}]
04-25 19:25:57.175 17717 17776 D MulticastServer: Broadcast block received {"ip":"192.168.1.66","cert":"MIIBGzCBwqADAgECAgYBgEtLsMUwCgYIKoZIzj0EAwIwFTETMBEGA1UEAwwKVFRNNDkwNSBDQTAeFw0yMjA0MjAwODQ0NTNaFw0yMjA1MjEwODQ0NTNaMBUxEzARBgNVBAMMCjFAdGVzdC5jb20wWTATBgcqhkjOPQIBBggqhkjOPQMBBwNCAAQHFNOCHx/BBFYqT41UW1M6slehFXn+9LK4VDhtASjKBd51QxSRtYZAl+/IpTuOnQdMVvlGCMMWkSeEGOgyfwh1MAoGCCqGSM49BAMCA0gAMEUCIQD1OXIEAO1fI6+XpR936a5Ef365WnXPvrbzl8oxr0/Z8QIgV5LWkYufM8V0VqpcYcHXyI2fCScD24nJMtVWnrVtOU8="}
04-25 19:25:57.183 17717 17776 D MulticastServer: Broadcast block received {"ip":"192.168.1.66","cert":"MIIBGzCBwqADAgECAgYBgEtLsMUwCgYIKoZIzj0EAwIwFTETMBEGA1UEAwwKVFRNNDkwNSBDQTAeFw0yMjA0MjAwODQ0NTNaFw0yMjA1MjEwODQ0NTNaMBUxEzARBgNVBAMMCjFAdGVzdC5jb20wWTATBgcqhkjOPQIBBggqhkjOPQMBBwNCAAQHFNOCHx/BBFYqT41UW1M6slehFXn+9LK4VDhtASjKBd51QxSRtYZAl+/IpTuOnQdMVvlGCMMWkSeEGOgyfwh1MAoGCCqGSM49BAMCA0gAMEUCIQD1OXIEAO1fI6+XpR936a5Ef365WnXPvrbzl8oxr0/Z8QIgV5LWkYufM8V0VqpcYcHXyI2fCScD24nJMtVWnrVtOU8="}
round 71 of 300
04-25 19:26:11.521 17830 17878 D MulticastServer: MULTICAST_SERVER_LISTENING
04-25 19:26:11.523 17830 17880 D MulticastServer: Registration process started with nonce 1324011613
04-25 19:26:11.526 17830 17879 D MulticastClient: REQUEST_LEDGER 1324011613
04-25 19:26:11.527 17830 17879 D MulticastClient: Sent messages with 3 resends: [{"sender":"","payload":"","mt":"REQUEST_LEDGER","sig":"","nonce":1324011613,"seq":0,"tot":0}]
04-25 19:26:17.928 17830 17887 D RegistrationHandler: Received full ledger from 1@test.com with nonce 1324011613
04-25 19:26:17.928 17830 17887 D RegistrationHandler: FULL_LEDGER 1324011613
round 72 of 300
04-25 19:26:26.109 17928 17977 D MulticastServer: MULTICAST_SERVER_LISTENING
04-25 19:26:26.116 17928 17979 D MulticastServer: Registration process started with nonce 1129644981
04-25 19:26:26.120 17928 17983 D MulticastClient: REQUEST_LEDGER 1129644981
04-25 19:26:26.127 17928 17983 D MulticastClient: Sent messages with 3 resends: [{"sender":"","payload":"","mt":"REQUEST_LEDGER","sig":"","nonce":1129644981,"seq":0,"tot":0}]
round 73 of 300
04-25 19:26:40.519 18028 18077 D MulticastServer: MULTICAST_SERVER_LISTENING
04-25 19:26:40.521 18028 18079 D MulticastServer: Registration process started with nonce 1862309986
04-25 19:26:40.526 18028 18083 D MulticastClient: REQUEST_LEDGER 1862309986
04-25 19:26:40.533 18028 18083 D MulticastClient: Sent messages with 3 resends: [{"sender":"","payload":"","mt":"REQUEST_LEDGER","sig":"","nonce":1862309986,"seq":0,"tot":0}]
04-25 19:26:40.580 18028 18086 D MulticastServer: Broadcast block received {"ip":"192.168.1.66","cert":"MIIBGzCBwqADAgECAgYBgEtLsMUwCgYIKoZIzj0EAwIwFTETMBEGA1UEAwwKVFRNNDkwNSBDQTAeFw0yMjA0MjAwODQ0NTNaFw0yMjA1MjEwODQ0NTNaMBUxEzARBgNVBAMMCjFAdGVzdC5jb20wWTATBgcqhkjOPQIBBggqhkjOPQMBBwNCAAQHFNOCHx/BBFYqT41UW1M6slehFXn+9LK4VDhtASjKBd51QxSRtYZAl+/IpTuOnQdMVvlGCMMWkSeEGOgyfwh1MAoGCCqGSM49BAMCA0gAMEUCIQD1OXIEAO1fI6+XpR936a5Ef365WnXPvrbzl8oxr0/Z8QIgV5LWkYufM8V0VqpcYcHXyI2fCScD24nJMtVWnrVtOU8="}
round 74 of 300
04-25 19:26:54.979 18135 18183 D MulticastServer: MULTICAST_SERVER_LISTENING
04-25 19:26:54.981 18135 18185 D MulticastServer: Registration process started with nonce 1594402137
04-25 19:26:54.983 18135 18184 D MulticastClient: REQUEST_LEDGER 1594402137
04-25 19:26:54.985 18135 18184 D MulticastClient: Sent messages with 3 resends: [{"sender":"","payload":"","mt":"REQUEST_LEDGER","sig":"","nonce":1594402137,"seq":0,"tot":0}]
04-25 19:27:01.023 18135 18191 D RegistrationHandler: Received full ledger from 1@test.com with nonce 1594402137
04-25 19:27:01.023 18135 18191 D RegistrationHandler: FULL_LEDGER 1594402137
round 75 of 300
04-25 19:27:09.455 18233 18281 D MulticastServer: MULTICAST_SERVER_LISTENING
04-25 19:27:09.457 18233 18283 D MulticastServer: Registration process started with nonce 1375440921
04-25 19:27:09.460 18233 18288 D MulticastClient: REQUEST_LEDGER 1375440921
04-25 19:27:09.461 18233 18288 D MulticastClient: Sent messages with 3 resends: [{"sender":"","payload":"","mt":"REQUEST_LEDGER","sig":"","nonce":1375440921,"seq":0,"tot":0}]
round 76 of 300
04-25 19:27:23.946 18333 18381 D MulticastServer: MULTICAST_SERVER_LISTENING
04-25 19:27:23.949 18333 18383 D MulticastServer: Registration process started with nonce 950003595
04-25 19:27:23.954 18333 18387 D MulticastClient: REQUEST_LEDGER 950003595
04-25 19:27:23.961 18333 18387 D MulticastClient: Sent messages with 3 resends: [{"sender":"","payload":"","mt":"REQUEST_LEDGER","sig":"","nonce":950003595,"seq":0,"tot":0}]
04-25 19:27:24.211 18333 18390 D MulticastServer: Registration process started with nonce 1831537284
04-25 19:27:24.211 18333 18390 D MulticastServer: Received request for ledger with nonce: 1831537284.
04-25 19:27:24.224 18333 18390 D MulticastServer: Broadcast block received {"ip":"192.168.1.66","cert":"MIIBGzCBwqADAgECAgYBgEtLsMUwCgYIKoZIzj0EAwIwFTETMBEGA1UEAwwKVFRNNDkwNSBDQTAeFw0yMjA0MjAwODQ0NTNaFw0yMjA1MjEwODQ0NTNaMBUxEzARBgNVBAMMCjFAdGVzdC5jb20wWTATBgcqhkjOPQIBBggqhkjOPQMBBwNCAAQHFNOCHx/BBFYqT41UW1M6slehFXn+9LK4VDhtASjKBd51QxSRtYZAl+/IpTuOnQdMVvlGCMMWkSeEGOgyfwh1MAoGCCqGSM49BAMCA0gAMEUCIQD1OXIEAO1fI6+XpR936a5Ef365WnXPvrbzl8oxr0/Z8QIgV5LWkYufM8V0VqpcYcHXyI2fCScD24nJMtVWnrVtOU8="}
04-25 19:27:24.231 18333 18390 D MulticastServer: Broadcast block received {"ip":"192.168.1.66","cert":"MIIBGzCBwqADAgECAgYBgEtLsMUwCgYIKoZIzj0EAwIwFTETMBEGA1UEAwwKVFRNNDkwNSBDQTAeFw0yMjA0MjAwODQ0NTNaFw0yMjA1MjEwODQ0NTNaMBUxEzARBgNVBAMMCjFAdGVzdC5jb20wWTATBgcqhkjOPQIBBggqhkjOPQMBBwNCAAQHFNOCHx/BBFYqT41UW1M6slehFXn+9LK4VDhtASjKBd51QxSRtYZAl+/IpTuOnQdMVvlGCMMWkSeEGOgyfwh1MAoGCCqGSM49BAMCA0gAMEUCIQD1OXIEAO1fI6+XpR936a5Ef365WnXPvrbzl8oxr0/Z8QIgV5LWkYufM8V0VqpcYcHXyI2fCScD24nJMtVWnrVtOU8="}
04-25 19:27:24.239 18333 18390 D MulticastServer: Broadcast block received {"ip":"192.168.1.66","cert":"MIIBGzCBwqADAgECAgYBgEtLsMUwCgYIKoZIzj0EAwIwFTETMBEGA1UEAwwKVFRNNDkwNSBDQTAeFw0yMjA0MjAwODQ0NTNaFw0yMjA1MjEwODQ0NTNaMBUxEzARBgNVBAMMCjFAdGVzdC5jb20wWTATBgcqhkjOPQIBBggqhkjOPQMBBwNCAAQHFNOCHx/BBFYqT41UW1M6slehFXn+9LK4VDhtASjKBd51QxSRtYZAl+/IpTuOnQdMVvlGCMMWkSeEGOgyfwh1MAoGCCqGSM49BAMCA0gAMEUCIQD1OXIEAO1fI6+XpR936a5Ef365WnXPvrbzl8oxr0/Z8QIgV5LWkYufM8V0VqpcYcHXyI2fCScD24nJMtVWnrVtOU8="}
04-25 19:27:24.242 18333 18390 D MulticastServer: Broadcast block received {"ip":"192.168.1.66","cert":"MIIBGzCBwqADAgECAgYBgEtLsMUwCgYIKoZIzj0EAwIwFTETMBEGA1UEAwwKVFRNNDkwNSBDQTAeFw0yMjA0MjAwODQ0NTNaFw0yMjA1MjEwODQ0NTNaMBUxEzARBgNVBAMMCjFAdGVzdC5jb20wWTATBgcqhkjOPQIBBggqhkjOPQMBBwNCAAQHFNOCHx/BBFYqT41UW1M6slehFXn+9LK4VDhtASjKBd51QxSRtYZAl+/IpTuOnQdMVvlGCMMWkSeEGOgyfwh1MAoGCCqGSM49BAMCA0gAMEUCIQD1OXIEAO1fI6+XpR936a5Ef365WnXPvrbzl8oxr0/Z8QIgV5LWkYufM8V0VqpcYcHXyI2fCScD24nJMtVWnrVtOU8="}
04-25 19:27:28.215 18333 18407 D RegistrationHandler: I am the first in the network
04-25 19:27:28.215 18333 18407 D RegistrationHandler: 1831537284 Registration started
04-25 19:27:28.234 18333 18407 D MulticastServer: Registration process finished: 1831537284
04-25 19:27:28.251 18333 18387 D MulticastClient: Sent messages with 3 resends: [{"sender":"2@test.com","payload":"{\"ip\":\"192.168.1.57\",\"cert\":\"MIIBGjCBwqADAgECAgYBgEtMKvwwCgYIKoZIzj0EAwIwFTETMBEGA1UEAwwKVFRNNDkwNSBDQTAeFw0yMjA0MjAwODQ1MjRaFw0yMjA1MjEwODQ1MjRaMBUxEzARBgNVBAMMCjJAdGVzdC5jb20wWTATBgcqhkjOPQIBBggqhkjOPQMBBwNCAARuziVeqczih9y2IwSJ3AZuLzxwpY2VwkjEcfE8yVLxCF1qtw21\/iMvxrk2q4BpbgHrUX5EWSAEi7qJDXIS4c\/wMAoGCCqGSM49BAMCA0cAMEQCIG3JN+NQlClPB+thJTrGjfia7cfGbMyyWhJH4K0X7YymAiAUuEhh7Ol8fxrjxPTDnAemav8GQj3kHaLUj1oJ3XJ+Tg==\"}","mt":"BROADCAST_BLOCK","sig":"MEUCIQCVq93hmZnQbL\/KOfE2OX0u1+5G6gzgnuuqZCGQ\/SV6dAIgR+55CJGYhYk5czvRCi2eArwol1+szfMxzKImpZFR+G4=","nonce":1831537284,"seq":0,"tot":0}]
04-25 19:27:29.117 18333 18390 D RegistrationHandler: Received full ledger from 1@test.com with nonce 950003595
04-25 19:27:29.117 18333 18390 D RegistrationHandler: FULL_LEDGER 950003595
round 77 of 300
04-25 19:27:38.406 18446 18495 D MulticastServer: MULTICAST_SERVER_LISTENING
04-25 19:27:38.408 18446 18497 D MulticastServer: Registration process started with nonce 1031558534
04-25 19:27:38.411 18446 18496 D MulticastClient: REQUEST_LEDGER 1031558534
04-25 19:27:38.412 18446 18496 D MulticastClient: Sent messages with 3 resends: [{"sender":"","payload":"","mt":"REQUEST_LEDGER","sig":"","nonce":1031558534,"seq":0,"tot":0}]
04-25 19:27:44.563 18446 18503 D RegistrationHandler: Received full ledger from 1@test.com with nonce 1031558534
04-25 19:27:44.563 18446 18503 D RegistrationHandler: FULL_LEDGER 1031558534
round 78 of 300
04-25 19:27:52.846 18545 18597 D MulticastServer: MULTICAST_SERVER_LISTENING
04-25 19:27:52.848 18545 18599 D MulticastServer: Registration process started with nonce 2084616761
04-25 19:27:52.850 18545 18598 D MulticastClient: REQUEST_LEDGER 2084616761
04-25 19:27:52.852 18545 18598 D MulticastClient: Sent messages with 3 resends: [{"sender":"","payload":"","mt":"REQUEST_LEDGER","sig":"","nonce":2084616761,"seq":0,"tot":0}]
04-25 19:27:52.868 18545 18605 D MulticastServer: Broadcast block received {"ip":"192.168.1.66","cert":"MIIBGzCBwqADAgECAgYBgEtLsMUwCgYIKoZIzj0EAwIwFTETMBEGA1UEAwwKVFRNNDkwNSBDQTAeFw0yMjA0MjAwODQ0NTNaFw0yMjA1MjEwODQ0NTNaMBUxEzARBgNVBAMMCjFAdGVzdC5jb20wWTATBgcqhkjOPQIBBggqhkjOPQMBBwNCAAQHFNOCHx/BBFYqT41UW1M6slehFXn+9LK4VDhtASjKBd51QxSRtYZAl+/IpTuOnQdMVvlGCMMWkSeEGOgyfwh1MAoGCCqGSM49BAMCA0gAMEUCIQD1OXIEAO1fI6+XpR936a5Ef365WnXPvrbzl8oxr0/Z8QIgV5LWkYufM8V0VqpcYcHXyI2fCScD24nJMtVWnrVtOU8="}
round 79 of 300
04-25 19:28:07.364 18663 18713 D MulticastServer: MULTICAST_SERVER_LISTENING
04-25 19:28:07.366 18663 18715 D MulticastServer: Registration process started with nonce 1362296582
04-25 19:28:07.369 18663 18714 D MulticastClient: REQUEST_LEDGER 1362296582
04-25 19:28:07.370 18663 18714 D MulticastClient: Sent messages with 3 resends: [{"sender":"","payload":"","mt":"REQUEST_LEDGER","sig":"","nonce":1362296582,"seq":0,"tot":0}]
04-25 19:28:07.429 18663 18722 D MulticastServer: Broadcast block received {"ip":"192.168.1.66","cert":"MIIBGzCBwqADAgECAgYBgEtLsMUwCgYIKoZIzj0EAwIwFTETMBEGA1UEAwwKVFRNNDkwNSBDQTAeFw0yMjA0MjAwODQ0NTNaFw0yMjA1MjEwODQ0NTNaMBUxEzARBgNVBAMMCjFAdGVzdC5jb20wWTATBgcqhkjOPQIBBggqhkjOPQMBBwNCAAQHFNOCHx/BBFYqT41UW1M6slehFXn+9LK4VDhtASjKBd51QxSRtYZAl+/IpTuOnQdMVvlGCMMWkSeEGOgyfwh1MAoGCCqGSM49BAMCA0gAMEUCIQD1OXIEAO1fI6+XpR936a5Ef365WnXPvrbzl8oxr0/Z8QIgV5LWkYufM8V0VqpcYcHXyI2fCScD24nJMtVWnrVtOU8="}
round 80 of 300
04-25 19:28:21.811 18778 18826 D MulticastServer: MULTICAST_SERVER_LISTENING
04-25 19:28:21.818 18778 18828 D MulticastServer: Registration process started with nonce 1383471834
04-25 19:28:21.820 18778 18832 D MulticastClient: REQUEST_LEDGER 1383471834
04-25 19:28:21.823 18778 18832 D MulticastClient: Sent messages with 3 resends: [{"sender":"","payload":"","mt":"REQUEST_LEDGER","sig":"","nonce":1383471834,"seq":0,"tot":0}]
04-25 19:28:29.412 18778 18835 D RegistrationHandler: Received full ledger from 1@test.com with nonce 1383471834
04-25 19:28:29.412 18778 18835 D RegistrationHandler: FULL_LEDGER 1383471834
round 81 of 300
04-25 19:28:36.529 18891 18941 D MulticastServer: MULTICAST_SERVER_LISTENING
04-25 19:28:36.531 18891 18943 D MulticastServer: Registration process started with nonce 1359607959
04-25 19:28:36.534 18891 18942 D MulticastClient: REQUEST_LEDGER 1359607959
04-25 19:28:36.535 18891 18942 D MulticastClient: Sent messages with 3 resends: [{"sender":"","payload":"","mt":"REQUEST_LEDGER","sig":"","nonce":1359607959,"seq":0,"tot":0}]
round 82 of 300
04-25 19:28:50.842 18991 19039 D MulticastServer: MULTICAST_SERVER_LISTENING
04-25 19:28:50.844 18991 19041 D MulticastServer: Registration process started with nonce 1697403003
04-25 19:28:50.848 18991 19045 D MulticastClient: REQUEST_LEDGER 1697403003
04-25 19:28:50.856 18991 19045 D MulticastClient: Sent messages with 3 resends: [{"sender":"","payload":"","mt":"REQUEST_LEDGER","sig":"","nonce":1697403003,"seq":0,"tot":0}]
04-25 19:28:50.927 18991 19047 D MulticastServer: Registration process started with nonce 938704082
04-25 19:28:50.928 18991 19047 D MulticastServer: Received request for ledger with nonce: 938704082.
04-25 19:28:50.940 18991 19047 D MulticastServer: Broadcast block received {"ip":"192.168.1.66","cert":"MIIBGzCBwqADAgECAgYBgEtLsMUwCgYIKoZIzj0EAwIwFTETMBEGA1UEAwwKVFRNNDkwNSBDQTAeFw0yMjA0MjAwODQ0NTNaFw0yMjA1MjEwODQ0NTNaMBUxEzARBgNVBAMMCjFAdGVzdC5jb20wWTATBgcqhkjOPQIBBggqhkjOPQMBBwNCAAQHFNOCHx/BBFYqT41UW1M6slehFXn+9LK4VDhtASjKBd51QxSRtYZAl+/IpTuOnQdMVvlGCMMWkSeEGOgyfwh1MAoGCCqGSM49BAMCA0gAMEUCIQD1OXIEAO1fI6+XpR936a5Ef365WnXPvrbzl8oxr0/Z8QIgV5LWkYufM8V0VqpcYcHXyI2fCScD24nJMtVWnrVtOU8="}
04-25 19:28:51.050 18991 19047 D MulticastServer: Broadcast block received {"ip":"192.168.1.66","cert":"MIIBGzCBwqADAgECAgYBgEtLsMUwCgYIKoZIzj0EAwIwFTETMBEGA1UEAwwKVFRNNDkwNSBDQTAeFw0yMjA0MjAwODQ0NTNaFw0yMjA1MjEwODQ0NTNaMBUxEzARBgNVBAMMCjFAdGVzdC5jb20wWTATBgcqhkjOPQIBBggqhkjOPQMBBwNCAAQHFNOCHx/BBFYqT41UW1M6slehFXn+9LK4VDhtASjKBd51QxSRtYZAl+/IpTuOnQdMVvlGCMMWkSeEGOgyfwh1MAoGCCqGSM49BAMCA0gAMEUCIQD1OXIEAO1fI6+XpR936a5Ef365WnXPvrbzl8oxr0/Z8QIgV5LWkYufM8V0VqpcYcHXyI2fCScD24nJMtVWnrVtOU8="}
04-25 19:28:51.058 18991 19047 D MulticastServer: Broadcast block received {"ip":"192.168.1.66","cert":"MIIBGzCBwqADAgECAgYBgEtLsMUwCgYIKoZIzj0EAwIwFTETMBEGA1UEAwwKVFRNNDkwNSBDQTAeFw0yMjA0MjAwODQ0NTNaFw0yMjA1MjEwODQ0NTNaMBUxEzARBgNVBAMMCjFAdGVzdC5jb20wWTATBgcqhkjOPQIBBggqhkjOPQMBBwNCAAQHFNOCHx/BBFYqT41UW1M6slehFXn+9LK4VDhtASjKBd51QxSRtYZAl+/IpTuOnQdMVvlGCMMWkSeEGOgyfwh1MAoGCCqGSM49BAMCA0gAMEUCIQD1OXIEAO1fI6+XpR936a5Ef365WnXPvrbzl8oxr0/Z8QIgV5LWkYufM8V0VqpcYcHXyI2fCScD24nJMtVWnrVtOU8="}
04-25 19:28:51.063 18991 19047 D MulticastServer: Broadcast block received {"ip":"192.168.1.66","cert":"MIIBGzCBwqADAgECAgYBgEtLsMUwCgYIKoZIzj0EAwIwFTETMBEGA1UEAwwKVFRNNDkwNSBDQTAeFw0yMjA0MjAwODQ0NTNaFw0yMjA1MjEwODQ0NTNaMBUxEzARBgNVBAMMCjFAdGVzdC5jb20wWTATBgcqhkjOPQIBBggqhkjOPQMBBwNCAAQHFNOCHx/BBFYqT41UW1M6slehFXn+9LK4VDhtASjKBd51QxSRtYZAl+/IpTuOnQdMVvlGCMMWkSeEGOgyfwh1MAoGCCqGSM49BAMCA0gAMEUCIQD1OXIEAO1fI6+XpR936a5Ef365WnXPvrbzl8oxr0/Z8QIgV5LWkYufM8V0VqpcYcHXyI2fCScD24nJMtVWnrVtOU8="}
04-25 19:28:54.597 18991 19047 D RegistrationHandler: Received full ledger from 1@test.com with nonce 1697403003
04-25 19:28:54.597 18991 19047 D RegistrationHandler: FULL_LEDGER 1697403003
04-25 19:28:54.931 18991 19057 D RegistrationHandler: I am the first in the network
04-25 19:28:54.931 18991 19057 D RegistrationHandler: 938704082 Registration started
04-25 19:28:54.950 18991 19057 D MulticastServer: Registration process finished: 938704082
04-25 19:28:54.978 18991 19045 D MulticastClient: Sent messages with 3 resends: [{"sender":"2@test.com","payload":"{\"ip\":\"192.168.1.57\",\"cert\":\"MIIBGjCBwqADAgECAgYBgEtMKvwwCgYIKoZIzj0EAwIwFTETMBEGA1UEAwwKVFRNNDkwNSBDQTAeFw0yMjA0MjAwODQ1MjRaFw0yMjA1MjEwODQ1MjRaMBUxEzARBgNVBAMMCjJAdGVzdC5jb20wWTATBgcqhkjOPQIBBggqhkjOPQMBBwNCAARuziVeqczih9y2IwSJ3AZuLzxwpY2VwkjEcfE8yVLxCF1qtw21\/iMvxrk2q4BpbgHrUX5EWSAEi7qJDXIS4c\/wMAoGCCqGSM49BAMCA0cAMEQCIG3JN+NQlClPB+thJTrGjfia7cfGbMyyWhJH4K0X7YymAiAUuEhh7Ol8fxrjxPTDnAemav8GQj3kHaLUj1oJ3XJ+Tg==\"}","mt":"BROADCAST_BLOCK","sig":"MEYCIQCnykKQHHkdrMxeUrj3bcDyJfC\/iMN1vuG2WKJLVixF3gIhAMknOtd+BzenwbTuHwbQD8SuuZAHGNVGAgywHN\/QUoUE","nonce":938704082,"seq":0,"tot":0}]
round 83 of 300
04-25 19:29:05.277 19120 19170 D MulticastServer: MULTICAST_SERVER_LISTENING
04-25 19:29:05.279 19120 19172 D MulticastServer: Registration process started with nonce 680813132
04-25 19:29:05.282 19120 19177 D MulticastClient: REQUEST_LEDGER 680813132
04-25 19:29:05.284 19120 19177 D MulticastClient: Sent messages with 3 resends: [{"sender":"","payload":"","mt":"REQUEST_LEDGER","sig":"","nonce":680813132,"seq":0,"tot":0}]
round 84 of 300
04-25 19:29:19.757 19233 19281 D MulticastServer: MULTICAST_SERVER_LISTENING
04-25 19:29:19.759 19233 19283 D MulticastServer: Registration process started with nonce 1360270915
04-25 19:29:19.762 19233 19282 D MulticastClient: REQUEST_LEDGER 1360270915
04-25 19:29:19.763 19233 19282 D MulticastClient: Sent messages with 3 resends: [{"sender":"","payload":"","mt":"REQUEST_LEDGER","sig":"","nonce":1360270915,"seq":0,"tot":0}]
04-25 19:29:19.958 19233 19290 D MulticastServer: Registration process started with nonce 1912889717
04-25 19:29:19.958 19233 19290 D MulticastServer: Received request for ledger with nonce: 1912889717.
04-25 19:29:20.132 19233 19290 D MulticastServer: Broadcast block received {"ip":"192.168.1.66","cert":"MIIBGzCBwqADAgECAgYBgEtLsMUwCgYIKoZIzj0EAwIwFTETMBEGA1UEAwwKVFRNNDkwNSBDQTAeFw0yMjA0MjAwODQ0NTNaFw0yMjA1MjEwODQ0NTNaMBUxEzARBgNVBAMMCjFAdGVzdC5jb20wWTATBgcqhkjOPQIBBggqhkjOPQMBBwNCAAQHFNOCHx/BBFYqT41UW1M6slehFXn+9LK4VDhtASjKBd51QxSRtYZAl+/IpTuOnQdMVvlGCMMWkSeEGOgyfwh1MAoGCCqGSM49BAMCA0gAMEUCIQD1OXIEAO1fI6+XpR936a5Ef365WnXPvrbzl8oxr0/Z8QIgV5LWkYufM8V0VqpcYcHXyI2fCScD24nJMtVWnrVtOU8="}
04-25 19:29:20.139 19233 19290 D MulticastServer: Broadcast block received {"ip":"192.168.1.66","cert":"MIIBGzCBwqADAgECAgYBgEtLsMUwCgYIKoZIzj0EAwIwFTETMBEGA1UEAwwKVFRNNDkwNSBDQTAeFw0yMjA0MjAwODQ0NTNaFw0yMjA1MjEwODQ0NTNaMBUxEzARBgNVBAMMCjFAdGVzdC5jb20wWTATBgcqhkjOPQIBBggqhkjOPQMBBwNCAAQHFNOCHx/BBFYqT41UW1M6slehFXn+9LK4VDhtASjKBd51QxSRtYZAl+/IpTuOnQdMVvlGCMMWkSeEGOgyfwh1MAoGCCqGSM49BAMCA0gAMEUCIQD1OXIEAO1fI6+XpR936a5Ef365WnXPvrbzl8oxr0/Z8QIgV5LWkYufM8V0VqpcYcHXyI2fCScD24nJMtVWnrVtOU8="}
04-25 19:29:20.147 19233 19290 D MulticastServer: Broadcast block received {"ip":"192.168.1.66","cert":"MIIBGzCBwqADAgECAgYBgEtLsMUwCgYIKoZIzj0EAwIwFTETMBEGA1UEAwwKVFRNNDkwNSBDQTAeFw0yMjA0MjAwODQ0NTNaFw0yMjA1MjEwODQ0NTNaMBUxEzARBgNVBAMMCjFAdGVzdC5jb20wWTATBgcqhkjOPQIBBggqhkjOPQMBBwNCAAQHFNOCHx/BBFYqT41UW1M6slehFXn+9LK4VDhtASjKBd51QxSRtYZAl+/IpTuOnQdMVvlGCMMWkSeEGOgyfwh1MAoGCCqGSM49BAMCA0gAMEUCIQD1OXIEAO1fI6+XpR936a5Ef365WnXPvrbzl8oxr0/Z8QIgV5LWkYufM8V0VqpcYcHXyI2fCScD24nJMtVWnrVtOU8="}
04-25 19:29:20.155 19233 19290 D MulticastServer: Broadcast block received {"ip":"192.168.1.66","cert":"MIIBGzCBwqADAgECAgYBgEtLsMUwCgYIKoZIzj0EAwIwFTETMBEGA1UEAwwKVFRNNDkwNSBDQTAeFw0yMjA0MjAwODQ0NTNaFw0yMjA1MjEwODQ0NTNaMBUxEzARBgNVBAMMCjFAdGVzdC5jb20wWTATBgcqhkjOPQIBBggqhkjOPQMBBwNCAAQHFNOCHx/BBFYqT41UW1M6slehFXn+9LK4VDhtASjKBd51QxSRtYZAl+/IpTuOnQdMVvlGCMMWkSeEGOgyfwh1MAoGCCqGSM49BAMCA0gAMEUCIQD1OXIEAO1fI6+XpR936a5Ef365WnXPvrbzl8oxr0/Z8QIgV5LWkYufM8V0VqpcYcHXyI2fCScD24nJMtVWnrVtOU8="}
04-25 19:29:23.959 19233 19307 D RegistrationHandler: I am the first in the network
04-25 19:29:23.959 19233 19307 D RegistrationHandler: 1912889717 Registration started
04-25 19:29:23.975 19233 19307 D MulticastServer: Registration process finished: 1912889717
04-25 19:29:24.006 19233 19282 D MulticastClient: Sent messages with 3 resends: [{"sender":"2@test.com","payload":"{\"ip\":\"192.168.1.57\",\"cert\":\"MIIBGjCBwqADAgECAgYBgEtMKvwwCgYIKoZIzj0EAwIwFTETMBEGA1UEAwwKVFRNNDkwNSBDQTAeFw0yMjA0MjAwODQ1MjRaFw0yMjA1MjEwODQ1MjRaMBUxEzARBgNVBAMMCjJAdGVzdC5jb20wWTATBgcqhkjOPQIBBggqhkjOPQMBBwNCAARuziVeqczih9y2IwSJ3AZuLzxwpY2VwkjEcfE8yVLxCF1qtw21\/iMvxrk2q4BpbgHrUX5EWSAEi7qJDXIS4c\/wMAoGCCqGSM49BAMCA0cAMEQCIG3JN+NQlClPB+thJTrGjfia7cfGbMyyWhJH4K0X7YymAiAUuEhh7Ol8fxrjxPTDnAemav8GQj3kHaLUj1oJ3XJ+Tg==\"}","mt":"BROADCAST_BLOCK","sig":"MEUCIC8nAwlo6PPZpJzmunIwc54wYrpwDzcy3c77Je405HtrAiEA+QuiDLxrRyK\/8SdqEHukDXvsnWLoC58xrt+zxjOb7bg=","nonce":1912889717,"seq":0,"tot":0}]
04-25 19:29:26.564 19233 19290 D RegistrationHandler: Received full ledger from 1@test.com with nonce 1360270915
04-25 19:29:26.564 19233 19290 D RegistrationHandler: FULL_LEDGER 1360270915
round 85 of 300
04-25 19:29:34.216 19346 19395 D MulticastServer: MULTICAST_SERVER_LISTENING
04-25 19:29:34.223 19346 19397 D MulticastServer: Registration process started with nonce 177078776
04-25 19:29:34.225 19346 19401 D MulticastClient: REQUEST_LEDGER 177078776
04-25 19:29:34.228 19346 19401 D MulticastClient: Sent messages with 3 resends: [{"sender":"","payload":"","mt":"REQUEST_LEDGER","sig":"","nonce":177078776,"seq":0,"tot":0}]
04-25 19:29:40.708 19346 19404 D RegistrationHandler: Received full ledger from 1@test.com with nonce 177078776
04-25 19:29:40.708 19346 19404 D RegistrationHandler: FULL_LEDGER 177078776
round 86 of 300
04-25 19:29:48.720 19459 19508 D MulticastServer: MULTICAST_SERVER_LISTENING
04-25 19:29:48.728 19459 19510 D MulticastServer: Registration process started with nonce 66552856
04-25 19:29:48.730 19459 19515 D MulticastClient: REQUEST_LEDGER 66552856
04-25 19:29:48.733 19459 19515 D MulticastClient: Sent messages with 3 resends: [{"sender":"","payload":"","mt":"REQUEST_LEDGER","sig":"","nonce":66552856,"seq":0,"tot":0}]
round 87 of 300
04-25 19:30:03.204 19570 19618 D MulticastServer: MULTICAST_SERVER_LISTENING
04-25 19:30:03.211 19570 19620 D MulticastServer: Registration process started with nonce 118458060
04-25 19:30:03.215 19570 19624 D MulticastClient: REQUEST_LEDGER 118458060
04-25 19:30:03.222 19570 19624 D MulticastClient: Sent messages with 3 resends: [{"sender":"","payload":"","mt":"REQUEST_LEDGER","sig":"","nonce":118458060,"seq":0,"tot":0}]
04-25 19:30:09.777 19570 19627 D RegistrationHandler: Received full ledger from 1@test.com with nonce 118458060
04-25 19:30:09.777 19570 19627 D RegistrationHandler: FULL_LEDGER 118458060
round 88 of 300
04-25 19:30:17.692 19673 19721 D MulticastServer: MULTICAST_SERVER_LISTENING
04-25 19:30:17.699 19673 19723 D MulticastServer: Registration process started with nonce 1171168950
04-25 19:30:17.701 19673 19727 D MulticastClient: REQUEST_LEDGER 1171168950
04-25 19:30:17.704 19673 19727 D MulticastClient: Sent messages with 3 resends: [{"sender":"","payload":"","mt":"REQUEST_LEDGER","sig":"","nonce":1171168950,"seq":0,"tot":0}]
04-25 19:30:17.750 19673 19730 D MulticastServer: Registration process started with nonce 1733179748
04-25 19:30:17.752 19673 19730 D MulticastServer: Received request for ledger with nonce: 1733179748.
04-25 19:30:17.888 19673 19730 D MulticastServer: Broadcast block received {"ip":"192.168.1.66","cert":"MIIBGzCBwqADAgECAgYBgEtLsMUwCgYIKoZIzj0EAwIwFTETMBEGA1UEAwwKVFRNNDkwNSBDQTAeFw0yMjA0MjAwODQ0NTNaFw0yMjA1MjEwODQ0NTNaMBUxEzARBgNVBAMMCjFAdGVzdC5jb20wWTATBgcqhkjOPQIBBggqhkjOPQMBBwNCAAQHFNOCHx/BBFYqT41UW1M6slehFXn+9LK4VDhtASjKBd51QxSRtYZAl+/IpTuOnQdMVvlGCMMWkSeEGOgyfwh1MAoGCCqGSM49BAMCA0gAMEUCIQD1OXIEAO1fI6+XpR936a5Ef365WnXPvrbzl8oxr0/Z8QIgV5LWkYufM8V0VqpcYcHXyI2fCScD24nJMtVWnrVtOU8="}
04-25 19:30:17.895 19673 19730 D MulticastServer: Broadcast block received {"ip":"192.168.1.66","cert":"MIIBGzCBwqADAgECAgYBgEtLsMUwCgYIKoZIzj0EAwIwFTETMBEGA1UEAwwKVFRNNDkwNSBDQTAeFw0yMjA0MjAwODQ0NTNaFw0yMjA1MjEwODQ0NTNaMBUxEzARBgNVBAMMCjFAdGVzdC5jb20wWTATBgcqhkjOPQIBBggqhkjOPQMBBwNCAAQHFNOCHx/BBFYqT41UW1M6slehFXn+9LK4VDhtASjKBd51QxSRtYZAl+/IpTuOnQdMVvlGCMMWkSeEGOgyfwh1MAoGCCqGSM49BAMCA0gAMEUCIQD1OXIEAO1fI6+XpR936a5Ef365WnXPvrbzl8oxr0/Z8QIgV5LWkYufM8V0VqpcYcHXyI2fCScD24nJMtVWnrVtOU8="}
04-25 19:30:17.899 19673 19730 D MulticastServer: Broadcast block received {"ip":"192.168.1.66","cert":"MIIBGzCBwqADAgECAgYBgEtLsMUwCgYIKoZIzj0EAwIwFTETMBEGA1UEAwwKVFRNNDkwNSBDQTAeFw0yMjA0MjAwODQ0NTNaFw0yMjA1MjEwODQ0NTNaMBUxEzARBgNVBAMMCjFAdGVzdC5jb20wWTATBgcqhkjOPQIBBggqhkjOPQMBBwNCAAQHFNOCHx/BBFYqT41UW1M6slehFXn+9LK4VDhtASjKBd51QxSRtYZAl+/IpTuOnQdMVvlGCMMWkSeEGOgyfwh1MAoGCCqGSM49BAMCA0gAMEUCIQD1OXIEAO1fI6+XpR936a5Ef365WnXPvrbzl8oxr0/Z8QIgV5LWkYufM8V0VqpcYcHXyI2fCScD24nJMtVWnrVtOU8="}
04-25 19:30:17.908 19673 19730 D MulticastServer: Broadcast block received {"ip":"192.168.1.66","cert":"MIIBGzCBwqADAgECAgYBgEtLsMUwCgYIKoZIzj0EAwIwFTETMBEGA1UEAwwKVFRNNDkwNSBDQTAeFw0yMjA0MjAwODQ0NTNaFw0yMjA1MjEwODQ0NTNaMBUxEzARBgNVBAMMCjFAdGVzdC5jb20wWTATBgcqhkjOPQIBBggqhkjOPQMBBwNCAAQHFNOCHx/BBFYqT41UW1M6slehFXn+9LK4VDhtASjKBd51QxSRtYZAl+/IpTuOnQdMVvlGCMMWkSeEGOgyfwh1MAoGCCqGSM49BAMCA0gAMEUCIQD1OXIEAO1fI6+XpR936a5Ef365WnXPvrbzl8oxr0/Z8QIgV5LWkYufM8V0VqpcYcHXyI2fCScD24nJMtVWnrVtOU8="}
04-25 19:30:21.753 19673 19735 D RegistrationHandler: I am the first in the network
04-25 19:30:21.753 19673 19735 D RegistrationHandler: 1733179748 Registration started
04-25 19:30:21.773 19673 19735 D MulticastServer: Registration process finished: 1733179748
04-25 19:30:21.798 19673 19727 D MulticastClient: Sent messages with 3 resends: [{"sender":"2@test.com","payload":"{\"ip\":\"192.168.1.57\",\"cert\":\"MIIBGjCBwqADAgECAgYBgEtMKvwwCgYIKoZIzj0EAwIwFTETMBEGA1UEAwwKVFRNNDkwNSBDQTAeFw0yMjA0MjAwODQ1MjRaFw0yMjA1MjEwODQ1MjRaMBUxEzARBgNVBAMMCjJAdGVzdC5jb20wWTATBgcqhkjOPQIBBggqhkjOPQMBBwNCAARuziVeqczih9y2IwSJ3AZuLzxwpY2VwkjEcfE8yVLxCF1qtw21\/iMvxrk2q4BpbgHrUX5EWSAEi7qJDXIS4c\/wMAoGCCqGSM49BAMCA0cAMEQCIG3JN+NQlClPB+thJTrGjfia7cfGbMyyWhJH4K0X7YymAiAUuEhh7Ol8fxrjxPTDnAemav8GQj3kHaLUj1oJ3XJ+Tg==\"}","mt":"BROADCAST_BLOCK","sig":"MEUCIQCegwbXIVpn53tukGDUVfdwwxjUw2VvzJe8HWWqzdQYEgIgXK\/rW9iDSI1vWhcCN\/5T7Ly6rUjh9DKq58TAB7NndKA=","nonce":1733179748,"seq":0,"tot":0}]
04-25 19:30:22.823 19673 19730 D RegistrationHandler: Received full ledger from 1@test.com with nonce 1171168950
04-25 19:30:22.823 19673 19730 D RegistrationHandler: FULL_LEDGER 1171168950
round 89 of 300
04-25 19:30:32.225 19787 19835 D MulticastServer: MULTICAST_SERVER_LISTENING
04-25 19:30:32.227 19787 19837 D MulticastServer: Registration process started with nonce 657362701
04-25 19:30:32.232 19787 19842 D MulticastClient: REQUEST_LEDGER 657362701
04-25 19:30:32.239 19787 19842 D MulticastClient: Sent messages with 3 resends: [{"sender":"","payload":"","mt":"REQUEST_LEDGER","sig":"","nonce":657362701,"seq":0,"tot":0}]
04-25 19:30:39.666 19787 19844 D RegistrationHandler: Received full ledger from 1@test.com with nonce 657362701
04-25 19:30:39.666 19787 19844 D RegistrationHandler: FULL_LEDGER 657362701
round 90 of 300
04-25 19:30:46.643 19898 19947 D MulticastServer: MULTICAST_SERVER_LISTENING
04-25 19:30:46.646 19898 19949 D MulticastServer: Registration process started with nonce 1669018796
04-25 19:30:46.648 19898 19948 D MulticastClient: REQUEST_LEDGER 1669018796
04-25 19:30:46.649 19898 19948 D MulticastClient: Sent messages with 3 resends: [{"sender":"","payload":"","mt":"REQUEST_LEDGER","sig":"","nonce":1669018796,"seq":0,"tot":0}]
04-25 19:30:46.994 19898 19955 D MulticastServer: Registration process started with nonce 870483512
04-25 19:30:46.995 19898 19955 D MulticastServer: Received request for ledger with nonce: 870483512.
04-25 19:30:47.177 19898 19955 D MulticastServer: Broadcast block received {"ip":"192.168.1.66","cert":"MIIBGzCBwqADAgECAgYBgEtLsMUwCgYIKoZIzj0EAwIwFTETMBEGA1UEAwwKVFRNNDkwNSBDQTAeFw0yMjA0MjAwODQ0NTNaFw0yMjA1MjEwODQ0NTNaMBUxEzARBgNVBAMMCjFAdGVzdC5jb20wWTATBgcqhkjOPQIBBggqhkjOPQMBBwNCAAQHFNOCHx/BBFYqT41UW1M6slehFXn+9LK4VDhtASjKBd51QxSRtYZAl+/IpTuOnQdMVvlGCMMWkSeEGOgyfwh1MAoGCCqGSM49BAMCA0gAMEUCIQD1OXIEAO1fI6+XpR936a5Ef365WnXPvrbzl8oxr0/Z8QIgV5LWkYufM8V0VqpcYcHXyI2fCScD24nJMtVWnrVtOU8="}
04-25 19:30:47.184 19898 19955 D MulticastServer: Broadcast block received {"ip":"192.168.1.66","cert":"MIIBGzCBwqADAgECAgYBgEtLsMUwCgYIKoZIzj0EAwIwFTETMBEGA1UEAwwKVFRNNDkwNSBDQTAeFw0yMjA0MjAwODQ0NTNaFw0yMjA1MjEwODQ0NTNaMBUxEzARBgNVBAMMCjFAdGVzdC5jb20wWTATBgcqhkjOPQIBBggqhkjOPQMBBwNCAAQHFNOCHx/BBFYqT41UW1M6slehFXn+9LK4VDhtASjKBd51QxSRtYZAl+/IpTuOnQdMVvlGCMMWkSeEGOgyfwh1MAoGCCqGSM49BAMCA0gAMEUCIQD1OXIEAO1fI6+XpR936a5Ef365WnXPvrbzl8oxr0/Z8QIgV5LWkYufM8V0VqpcYcHXyI2fCScD24nJMtVWnrVtOU8="}
04-25 19:30:47.187 19898 19955 D MulticastServer: Broadcast block received {"ip":"192.168.1.66","cert":"MIIBGzCBwqADAgECAgYBgEtLsMUwCgYIKoZIzj0EAwIwFTETMBEGA1UEAwwKVFRNNDkwNSBDQTAeFw0yMjA0MjAwODQ0NTNaFw0yMjA1MjEwODQ0NTNaMBUxEzARBgNVBAMMCjFAdGVzdC5jb20wWTATBgcqhkjOPQIBBggqhkjOPQMBBwNCAAQHFNOCHx/BBFYqT41UW1M6slehFXn+9LK4VDhtASjKBd51QxSRtYZAl+/IpTuOnQdMVvlGCMMWkSeEGOgyfwh1MAoGCCqGSM49BAMCA0gAMEUCIQD1OXIEAO1fI6+XpR936a5Ef365WnXPvrbzl8oxr0/Z8QIgV5LWkYufM8V0VqpcYcHXyI2fCScD24nJMtVWnrVtOU8="}
04-25 19:30:50.998 19898 19967 D RegistrationHandler: I am the first in the network
04-25 19:30:50.998 19898 19967 D RegistrationHandler: 870483512 Registration started
04-25 19:30:51.013 19898 19967 D MulticastServer: Registration process finished: 870483512
04-25 19:30:51.024 19898 19948 D MulticastClient: Sent messages with 3 resends: [{"sender":"2@test.com","payload":"{\"ip\":\"192.168.1.57\",\"cert\":\"MIIBGjCBwqADAgECAgYBgEtMKvwwCgYIKoZIzj0EAwIwFTETMBEGA1UEAwwKVFRNNDkwNSBDQTAeFw0yMjA0MjAwODQ1MjRaFw0yMjA1MjEwODQ1MjRaMBUxEzARBgNVBAMMCjJAdGVzdC5jb20wWTATBgcqhkjOPQIBBggqhkjOPQMBBwNCAARuziVeqczih9y2IwSJ3AZuLzxwpY2VwkjEcfE8yVLxCF1qtw21\/iMvxrk2q4BpbgHrUX5EWSAEi7qJDXIS4c\/wMAoGCCqGSM49BAMCA0cAMEQCIG3JN+NQlClPB+thJTrGjfia7cfGbMyyWhJH4K0X7YymAiAUuEhh7Ol8fxrjxPTDnAemav8GQj3kHaLUj1oJ3XJ+Tg==\"}","mt":"BROADCAST_BLOCK","sig":"MEUCIAp3AjGvGOwMcIzJvJVRfKm0p7zPtm8YwtU4Owu5HUVFAiEAuVYlwQCpoXaNm1JdaLCn\/HzSftnxyQNWSWBD25J93\/M=","nonce":870483512,"seq":0,"tot":0}]
04-25 19:30:52.562 19898 19955 D RegistrationHandler: Received full ledger from 1@test.com with nonce 1669018796
04-25 19:30:52.562 19898 19955 D RegistrationHandler: FULL_LEDGER 1669018796
round 91 of 300
04-25 19:31:01.066 20003 20051 D MulticastServer: MULTICAST_SERVER_LISTENING
04-25 19:31:01.068 20003 20053 D MulticastServer: Registration process started with nonce 750133661
04-25 19:31:01.071 20003 20052 D MulticastClient: REQUEST_LEDGER 750133661
04-25 19:31:01.072 20003 20052 D MulticastClient: Sent messages with 3 resends: [{"sender":"","payload":"","mt":"REQUEST_LEDGER","sig":"","nonce":750133661,"seq":0,"tot":0}]
round 92 of 300
04-25 19:31:15.565 20101 20149 D MulticastServer: MULTICAST_SERVER_LISTENING
04-25 19:31:15.569 20101 20151 D MulticastServer: Registration process started with nonce 1435990294
04-25 19:31:15.571 20101 20150 D MulticastClient: REQUEST_LEDGER 1435990294
04-25 19:31:15.573 20101 20150 D MulticastClient: Sent messages with 3 resends: [{"sender":"","payload":"","mt":"REQUEST_LEDGER","sig":"","nonce":1435990294,"seq":0,"tot":0}]
04-25 19:31:15.583 20101 20157 D MulticastServer: Registration process started with nonce 2114415374
04-25 19:31:15.583 20101 20157 D MulticastServer: Received request for ledger with nonce: 2114415374.
04-25 19:31:15.595 20101 20157 D MulticastServer: Broadcast block received {"ip":"192.168.1.66","cert":"MIIBGzCBwqADAgECAgYBgEtLsMUwCgYIKoZIzj0EAwIwFTETMBEGA1UEAwwKVFRNNDkwNSBDQTAeFw0yMjA0MjAwODQ0NTNaFw0yMjA1MjEwODQ0NTNaMBUxEzARBgNVBAMMCjFAdGVzdC5jb20wWTATBgcqhkjOPQIBBggqhkjOPQMBBwNCAAQHFNOCHx/BBFYqT41UW1M6slehFXn+9LK4VDhtASjKBd51QxSRtYZAl+/IpTuOnQdMVvlGCMMWkSeEGOgyfwh1MAoGCCqGSM49BAMCA0gAMEUCIQD1OXIEAO1fI6+XpR936a5Ef365WnXPvrbzl8oxr0/Z8QIgV5LWkYufM8V0VqpcYcHXyI2fCScD24nJMtVWnrVtOU8="}
04-25 19:31:15.602 20101 20157 D MulticastServer: Broadcast block received {"ip":"192.168.1.66","cert":"MIIBGzCBwqADAgECAgYBgEtLsMUwCgYIKoZIzj0EAwIwFTETMBEGA1UEAwwKVFRNNDkwNSBDQTAeFw0yMjA0MjAwODQ0NTNaFw0yMjA1MjEwODQ0NTNaMBUxEzARBgNVBAMMCjFAdGVzdC5jb20wWTATBgcqhkjOPQIBBggqhkjOPQMBBwNCAAQHFNOCHx/BBFYqT41UW1M6slehFXn+9LK4VDhtASjKBd51QxSRtYZAl+/IpTuOnQdMVvlGCMMWkSeEGOgyfwh1MAoGCCqGSM49BAMCA0gAMEUCIQD1OXIEAO1fI6+XpR936a5Ef365WnXPvrbzl8oxr0/Z8QIgV5LWkYufM8V0VqpcYcHXyI2fCScD24nJMtVWnrVtOU8="}
