03-16 14:36:32.895 22958 23182 D MulticastClient: Sent messages: [{"sender":"3@test.com","payload":"{\"ip\":\"192.168.1.96\",\"cert\":\"MIIBGzCBwqADAgECAgYBf5LiwL8wCgYIKoZIzj0EAwIwFTETMBEGA1UEAwwKM0B0ZXN0LmNvbTAeFw0yMjAzMTUxMzIwMDhaFw0yNDAzMTYxMzIwMDhaMBUxEzARBgNVBAMMCjNAdGVzdC5jb20wWTATBgcqhkjOPQIBBggqhkjOPQMBBwNCAASVCbfTenGFrkV9EIzy1bj8oa9Kure0STvEaqW08piH20aw3fmYZgxXkpSqhmqcMv5bQ1Q7k2Owa5TUgUt5pf9QMAoGCCqGSM49BAMCA0gAMEUCICG\/Ut+mqCXXju+5r5KDo0B+pu+YksxTTzSLgyUZSTRUAiEAlwZEGNVmCgZ+irOjElk8DvNZcTI0AqLoFjB0QLBClB8=\"}","mt":"BROADCAST_BLOCK","sig":"MEYCIQClwNoQxKmLTqBzi5BBE731q\/zINb\/gkmG7EZriPWZ3QwIhAIrQaEiU1X95enXGAw1pPEs9o8XG6+nYGXuqYhQgP9rm","nonce":1534489142,"seq":0,"tot":0}]
03-16 14:36:37.268 22958 23182 D MulticastServer: Registration process started with nonce: 744374055
03-16 14:36:37.273 22958 23182 D MulticastServer: Received request for ledger with nonce: 744374055.
03-16 14:36:37.328 22958 23182 D MulticastClient: Sent messages: [{"sender":"{\"ip\":\"192.168.1.96\",\"cert\":\"MIIBGzCBwqADAgECAgYBf5LiwL8wCgYIKoZIzj0EAwIwFTETMBEGA1UEAwwKM0B0ZXN0LmNvbTAeFw0yMjAzMTUxMzIwMDhaFw0yNDAzMTYxMzIwMDhaMBUxEzARBgNVBAMMCjNAdGVzdC5jb20wWTATBgcqhkjOPQIBBggqhkjOPQMBBwNCAASVCbfTenGFrkV9EIzy1bj8oa9Kure0STvEaqW08piH20aw3fmYZgxXkpSqhmqcMv5bQ1Q7k2Owa5TUgUt5pf9QMAoGCCqGSM49BAMCA0gAMEUCICG\/Ut+mqCXXju+5r5KDo0B+pu+YksxTTzSLgyUZSTRUAiEAlwZEGNVmCgZ+irOjElk8DvNZcTI0AqLoFjB0QLBClB8=\"}","payload":"58bd4632887849d74eb9cacc4b3fdc2e32cf4912076f15d4fb0b301c9ec06865","mt":"LEDGER_HASH","sig":"MEYCIQDLy8WAi\/+h0IcMklLQ+1MszmiW65e58NfxFV\/aGfyI\/gIhAOt1gtT3YY5+cFdkn6EHoeYN6ZA41wO9jnwHWFY1Zu0m","nonce":744374055,"seq":0,"tot":0}]
03-16 14:36:37.447 22958 23184 D RegistrationHandler: FULL_LEDGER 744374055
03-16 14:36:37.936 22958 23175 D RegistrationHandler: FULL_LEDGER 744374055
03-16 14:36:37.941 22958 23185 D RegistrationHandler: FULL_LEDGER 744374055
03-16 14:36:47.279 22958 23229 D RegistrationHandler: ACCEPTED_LEDGER 744374055 3
03-16 14:36:47.286 22958 23229 D MulticastServer: Registration process finished: 744374055
03-16 14:36:48.030 22958 23182 D MulticastServer: Broadcast block received {"ip":"192.168.1.126","cert":"MIIBHDCBwqADAgECAgYBf5LhKoUwCgYIKoZIzj0EAwIwFTETMBEGA1UEAwwKMUB0ZXN0LmNvbTAeFw0yMjAzMTUxMzE4MjRaFw0yNDAzMTYxMzE4MjRaMBUxEzARBgNVBAMMCjFAdGVzdC5jb20wWTATBgcqhkjOPQIBBggqhkjOPQMBBwNCAARygid4IUjQcO5q061zUYi/H7lvnalm9LjGvCXUiUKNjFkRZCQQHkQr3g5NSREvlv8eDTjoMpzkwAR2X7BGjdlzMAoGCCqGSM49BAMCA0kAMEYCIQCiHMll2QZaqlteytfUXQC9N+f0vW3g05QfhOXX51uZkQIhAOqRAe/npOy8z8s0m0jcslsGFJ4m0z8mdDgpGZNaRRtS"}
03-16 14:36:52.424 22958 23182 D MulticastServer: Registration process started with nonce: 423545863
03-16 14:36:52.429 22958 23182 D MulticastServer: Received request for ledger with nonce: 423545863.
03-16 14:36:52.486 22958 23185 D MulticastClient: Sent messages: [{"sender":"{\"ip\":\"192.168.1.96\",\"cert\":\"MIIBGzCBwqADAgECAgYBf5LiwL8wCgYIKoZIzj0EAwIwFTETMBEGA1UEAwwKM0B0ZXN0LmNvbTAeFw0yMjAzMTUxMzIwMDhaFw0yNDAzMTYxMzIwMDhaMBUxEzARBgNVBAMMCjNAdGVzdC5jb20wWTATBgcqhkjOPQIBBggqhkjOPQMBBwNCAASVCbfTenGFrkV9EIzy1bj8oa9Kure0STvEaqW08piH20aw3fmYZgxXkpSqhmqcMv5bQ1Q7k2Owa5TUgUt5pf9QMAoGCCqGSM49BAMCA0gAMEUCICG\/Ut+mqCXXju+5r5KDo0B+pu+YksxTTzSLgyUZSTRUAiEAlwZEGNVmCgZ+irOjElk8DvNZcTI0AqLoFjB0QLBClB8=\"}","payload":"ebc2d79deb8acdf3834d685804ac4660b2b01356e5e6c77ab7f0b16d64372396","mt":"LEDGER_HASH","sig":"MEUCIQDrMtzYndYF1ANJcDwW2ti7g3ysAAoC9Rzng0wK\/Q5KigIgBxUP9sHM4vxFKip0gtsAwXpjdOagQ2GfA0uVCjhLiFM=","nonce":423545863,"seq":0,"tot":0}]
03-16 14:36:52.538 22958 23182 D MulticastServer: Received hash from 1@test.com: ebc2d79deb8acdf3834d685804ac4660b2b01356e5e6c77ab7f0b16d64372396
03-16 14:36:52.598 22958 23182 D RegistrationHandler: FULL_LEDGER 423545863
03-16 14:36:52.943 22958 23182 D MulticastServer: Received hash from 1@test.com: ebc2d79deb8acdf3834d685804ac4660b2b01356e5e6c77ab7f0b16d64372396
03-16 14:36:53.029 22958 23184 D RegistrationHandler: FULL_LEDGER 423545863
03-16 14:37:02.435 22958 23233 D RegistrationHandler: ACCEPTED_LEDGER 423545863 4
03-16 14:37:02.444 22958 23233 D MulticastServer: Registration process finished: 423545863
03-16 14:37:02.471 22958 23184 D MulticastServer: Broadcast block received {"ip":"192.168.1.90","cert":"MIIBGzCBwqADAgECAgYBf5Lh/YgwCgYIKoZIzj0EAwIwFTETMBEGA1UEAwwKMkB0ZXN0LmNvbTAeFw0yMjAzMTUxMzE5MThaFw0yNDAzMTYxMzE5MThaMBUxEzARBgNVBAMMCjJAdGVzdC5jb20wWTATBgcqhkjOPQIBBggqhkjOPQMBBwNCAAS+Y1FtdGs8Ucfiq/zWhVaVn4ZBowDRf+LHkKkDUQijyqT6F1OlcBHKlpSdutzah71G6VCq62b3AWQkp086ORMGMAoGCCqGSM49BAMCA0gAMEUCIHH+qCw7c9P4WGmGxr+Z6u3tdZRz/XeTlZiocA09UDaoAiEA977yY+pelaDu67wtccznceHBT4wGLWjjfzyxyDdr/lY="}
03-16 14:37:02.875 22958 23184 D MulticastServer: Broadcast block received {"ip":"192.168.1.90","cert":"MIIBGzCBwqADAgECAgYBf5Lh/YgwCgYIKoZIzj0EAwIwFTETMBEGA1UEAwwKMkB0ZXN0LmNvbTAeFw0yMjAzMTUxMzE5MThaFw0yNDAzMTYxMzE5MThaMBUxEzARBgNVBAMMCjJAdGVzdC5jb20wWTATBgcqhkjOPQIBBggqhkjOPQMBBwNCAAS+Y1FtdGs8Ucfiq/zWhVaVn4ZBowDRf+LHkKkDUQijyqT6F1OlcBHKlpSdutzah71G6VCq62b3AWQkp086ORMGMAoGCCqGSM49BAMCA0gAMEUCIHH+qCw7c9P4WGmGxr+Z6u3tdZRz/XeTlZiocA09UDaoAiEA977yY+pelaDu67wtccznceHBT4wGLWjjfzyxyDdr/lY="}
03-16 14:37:03.284 22958 23184 D MulticastServer: Broadcast block received {"ip":"192.168.1.90","cert":"MIIBGzCBwqADAgECAgYBf5Lh/YgwCgYIKoZIzj0EAwIwFTETMBEGA1UEAwwKMkB0ZXN0LmNvbTAeFw0yMjAzMTUxMzE5MThaFw0yNDAzMTYxMzE5MThaMBUxEzARBgNVBAMMCjJAdGVzdC5jb20wWTATBgcqhkjOPQIBBggqhkjOPQMBBwNCAAS+Y1FtdGs8Ucfiq/zWhVaVn4ZBowDRf+LHkKkDUQijyqT6F1OlcBHKlpSdutzah71G6VCq62b3AWQkp086ORMGMAoGCCqGSM49BAMCA0gAMEUCIHH+qCw7c9P4WGmGxr+Z6u3tdZRz/XeTlZiocA09UDaoAiEA977yY+pelaDu67wtccznceHBT4wGLWjjfzyxyDdr/lY="}
03-16 14:37:07.933 22958 23184 D MulticastServer: Registration process started with nonce: 1036374480
03-16 14:37:09.939 22958 23237 D MulticastServer: Registration process finished: 1036374480
03-16 14:37:17.725 22958 23175 D MulticastServer: Broadcast block received {"ip":"192.168.1.97","cert":"MIIBHDCBwqADAgECAgYBf5Ll+aQwCgYIKoZIzj0EAwIwFTETMBEGA1UEAwwKNUB0ZXN0LmNvbTAeFw0yMjAzMTUxMzIzMzlaFw0yNDAzMTYxMzIzMzlaMBUxEzARBgNVBAMMCjVAdGVzdC5jb20wWTATBgcqhkjOPQIBBggqhkjOPQMBBwNCAAS9OhThI4D6g/iEXxfGklrIeXd9Z0M+diiJ9ljAgsIg42aeRti+qPdLXU1/D9cRSqQkfwr3bPWV3oF684Iqni4MMAoGCCqGSM49BAMCA0kAMEYCIQDvSgAgKBB22Z/ooyqUg64EcQUigPLpb+EEue5bwGydWgIhAKus7fYnj5hLAUwnPrCw9vZZ/j2+Hst7+b4ASLL75Nl9"}
03-16 14:37:18.133 22958 23175 D MulticastServer: Broadcast block received {"ip":"192.168.1.97","cert":"MIIBHDCBwqADAgECAgYBf5Ll+aQwCgYIKoZIzj0EAwIwFTETMBEGA1UEAwwKNUB0ZXN0LmNvbTAeFw0yMjAzMTUxMzIzMzlaFw0yNDAzMTYxMzIzMzlaMBUxEzARBgNVBAMMCjVAdGVzdC5jb20wWTATBgcqhkjOPQIBBggqhkjOPQMBBwNCAAS9OhThI4D6g/iEXxfGklrIeXd9Z0M+diiJ9ljAgsIg42aeRti+qPdLXU1/D9cRSqQkfwr3bPWV3oF684Iqni4MMAoGCCqGSM49BAMCA0kAMEYCIQDvSgAgKBB22Z/ooyqUg64EcQUigPLpb+EEue5bwGydWgIhAKus7fYnj5hLAUwnPrCw9vZZ/j2+Hst7+b4ASLL75Nl9"}
03-16 14:37:18.544 22958 23175 D MulticastServer: Broadcast block received {"ip":"192.168.1.97","cert":"MIIBHDCBwqADAgECAgYBf5Ll+aQwCgYIKoZIzj0EAwIwFTETMBEGA1UEAwwKNUB0ZXN0LmNvbTAeFw0yMjAzMTUxMzIzMzlaFw0yNDAzMTYxMzIzMzlaMBUxEzARBgNVBAMMCjVAdGVzdC5jb20wWTATBgcqhkjOPQIBBggqhkjOPQMBBwNCAAS9OhThI4D6g/iEXxfGklrIeXd9Z0M+diiJ9ljAgsIg42aeRti+qPdLXU1/D9cRSqQkfwr3bPWV3oF684Iqni4MMAoGCCqGSM49BAMCA0kAMEYCIQDvSgAgKBB22Z/ooyqUg64EcQUigPLpb+EEue5bwGydWgIhAKus7fYnj5hLAUwnPrCw9vZZ/j2+Hst7+b4ASLL75Nl9"}
round 6 of 10
03-16 14:37:57.716 23081 23299 D MulticastServer: MULTICAST_SERVER_LISTENING
03-16 14:37:57.719 23081 23300 D MulticastServer: Registration process started with nonce: 1807534698
03-16 14:37:57.724 23081 23298 D MulticastClient: REQUEST_LEDGER 1807534698
03-16 14:37:57.727 23081 23298 D MulticastClient: Sent messages: [{"sender":"","payload":"","mt":"REQUEST_LEDGER","sig":"","nonce":1807534698,"seq":0,"tot":0}]
03-16 14:37:58.288 23081 23307 D RegistrationHandler: FULL_LEDGER 1807534698
03-16 14:37:58.717 23081 23307 D RegistrationHandler: FULL_LEDGER 1807534698
03-16 14:37:58.718 23081 23298 D RegistrationHandler: FULL_LEDGER 1807534698
03-16 14:38:07.733 23081 23301 D RegistrationHandler: ACCEPTED_LEDGER 1807534698 2
03-16 14:38:07.740 23081 23301 D RegistrationHandler: 1807534698 Registration started
03-16 14:38:07.752 23081 23301 D MulticastServer: Registration process finished: 1807534698
03-16 14:38:07.762 23081 23298 D MulticastClient: Sent messages: [{"sender":"3@test.com","payload":"{\"ip\":\"192.168.1.96\",\"cert\":\"MIIBGzCBwqADAgECAgYBf5LiwL8wCgYIKoZIzj0EAwIwFTETMBEGA1UEAwwKM0B0ZXN0LmNvbTAeFw0yMjAzMTUxMzIwMDhaFw0yNDAzMTYxMzIwMDhaMBUxEzARBgNVBAMMCjNAdGVzdC5jb20wWTATBgcqhkjOPQIBBggqhkjOPQMBBwNCAASVCbfTenGFrkV9EIzy1bj8oa9Kure0STvEaqW08piH20aw3fmYZgxXkpSqhmqcMv5bQ1Q7k2Owa5TUgUt5pf9QMAoGCCqGSM49BAMCA0gAMEUCICG\/Ut+mqCXXju+5r5KDo0B+pu+YksxTTzSLgyUZSTRUAiEAlwZEGNVmCgZ+irOjElk8DvNZcTI0AqLoFjB0QLBClB8=\"}","mt":"BROADCAST_BLOCK","sig":"MEYCIQCsNh6x6kyz5jM4otCV0G6KX36Bha\/Kssok10akh4B5qwIhAKdZkpxNPAlLSj9Ad1\/WrmL4WzZHEleIUQBbb7iaxrpj","nonce":1807534698,"seq":0,"tot":0}]
03-16 14:38:12.198 23081 23298 D MulticastServer: Registration process started with nonce: 398374475
03-16 14:38:12.205 23081 23298 D MulticastServer: Received request for ledger with nonce: 398374475.
03-16 14:38:12.288 23081 23298 D MulticastClient: Sent messages: [{"sender":"{\"ip\":\"192.168.1.96\",\"cert\":\"MIIBGzCBwqADAgECAgYBf5LiwL8wCgYIKoZIzj0EAwIwFTETMBEGA1UEAwwKM0B0ZXN0LmNvbTAeFw0yMjAzMTUxMzIwMDhaFw0yNDAzMTYxMzIwMDhaMBUxEzARBgNVBAMMCjNAdGVzdC5jb20wWTATBgcqhkjOPQIBBggqhkjOPQMBBwNCAASVCbfTenGFrkV9EIzy1bj8oa9Kure0STvEaqW08piH20aw3fmYZgxXkpSqhmqcMv5bQ1Q7k2Owa5TUgUt5pf9QMAoGCCqGSM49BAMCA0gAMEUCICG\/Ut+mqCXXju+5r5KDo0B+pu+YksxTTzSLgyUZSTRUAiEAlwZEGNVmCgZ+irOjElk8DvNZcTI0AqLoFjB0QLBClB8=\"}","payload":"58bd4632887849d74eb9cacc4b3fdc2e32cf4912076f15d4fb0b301c9ec06865","mt":"LEDGER_HASH","sig":"MEYCIQCXm9WtvAge52iTF37XgF27FksZsWtQlGcu8bPFyt\/tBwIhAMH951kP9iglMbCnOSgIdBm5k3wbucWXC7a9aR8ZtP0k","nonce":398374475,"seq":0,"tot":0}]
03-16 14:38:12.357 23081 23306 D RegistrationHandler: FULL_LEDGER 398374475
03-16 14:38:12.388 23081 23307 D RegistrationHandler: FULL_LEDGER 398374475
03-16 14:38:22.213 23081 23326 D RegistrationHandler: ACCEPTED_LEDGER 398374475 3
03-16 14:38:22.219 23081 23326 D MulticastServer: Registration process finished: 398374475
03-16 14:38:22.238 23081 23306 D MulticastServer: Broadcast block received {"ip":"192.168.1.126","cert":"MIIBHDCBwqADAgECAgYBf5LhKoUwCgYIKoZIzj0EAwIwFTETMBEGA1UEAwwKMUB0ZXN0LmNvbTAeFw0yMjAzMTUxMzE4MjRaFw0yNDAzMTYxMzE4MjRaMBUxEzARBgNVBAMMCjFAdGVzdC5jb20wWTATBgcqhkjOPQIBBggqhkjOPQMBBwNCAARygid4IUjQcO5q061zUYi/H7lvnalm9LjGvCXUiUKNjFkRZCQQHkQr3g5NSREvlv8eDTjoMpzkwAR2X7BGjdlzMAoGCCqGSM49BAMCA0kAMEYCIQCiHMll2QZaqlteytfUXQC9N+f0vW3g05QfhOXX51uZkQIhAOqRAe/npOy8z8s0m0jcslsGFJ4m0z8mdDgpGZNaRRtS"}
03-16 14:38:27.862 23081 23306 D MulticastServer: Registration process started with nonce: 205574712
03-16 14:38:27.867 23081 23306 D MulticastServer: Received request for ledger with nonce: 205574712.
03-16 14:38:27.927 23081 23298 D MulticastClient: Sent messages: [{"sender":"{\"ip\":\"192.168.1.96\",\"cert\":\"MIIBGzCBwqADAgECAgYBf5LiwL8wCgYIKoZIzj0EAwIwFTETMBEGA1UEAwwKM0B0ZXN0LmNvbTAeFw0yMjAzMTUxMzIwMDhaFw0yNDAzMTYxMzIwMDhaMBUxEzARBgNVBAMMCjNAdGVzdC5jb20wWTATBgcqhkjOPQIBBggqhkjOPQMBBwNCAASVCbfTenGFrkV9EIzy1bj8oa9Kure0STvEaqW08piH20aw3fmYZgxXkpSqhmqcMv5bQ1Q7k2Owa5TUgUt5pf9QMAoGCCqGSM49BAMCA0gAMEUCICG\/Ut+mqCXXju+5r5KDo0B+pu+YksxTTzSLgyUZSTRUAiEAlwZEGNVmCgZ+irOjElk8DvNZcTI0AqLoFjB0QLBClB8=\"}","payload":"ebc2d79deb8acdf3834d685804ac4660b2b01356e5e6c77ab7f0b16d64372396","mt":"LEDGER_HASH","sig":"MEUCIHO15Xt4EJd6IDasTsLY4p5Qo4pGTXvY7Fkn0yMxCHqaAiEA\/NUfl2JXUBf\/0\/B5X2Ld8YNwSWbfKN+ySXaWoz5P0j0=","nonce":205574712,"seq":0,"tot":0}]
03-16 14:38:28.440 23081 23307 D RegistrationHandler: FULL_LEDGER 205574712
03-16 14:38:28.503 23081 23307 D MulticastServer: Received hash from 1@test.com: ebc2d79deb8acdf3834d685804ac4660b2b01356e5e6c77ab7f0b16d64372396
03-16 14:38:28.835 23081 23307 D RegistrationHandler: FULL_LEDGER 205574712
03-16 14:38:28.836 23081 23298 D RegistrationHandler: FULL_LEDGER 205574712
03-16 14:38:28.851 23081 23315 D RegistrationHandler: FULL_LEDGER 205574712
03-16 14:38:28.886 23081 23315 D MulticastServer: Received hash from 1@test.com: ebc2d79deb8acdf3834d685804ac4660b2b01356e5e6c77ab7f0b16d64372396
03-16 14:38:37.495 23081 23315 D MulticastServer: Broadcast block received {"ip":"192.168.1.90","cert":"MIIBGzCBwqADAgECAgYBf5Lh/YgwCgYIKoZIzj0EAwIwFTETMBEGA1UEAwwKMkB0ZXN0LmNvbTAeFw0yMjAzMTUxMzE5MThaFw0yNDAzMTYxMzE5MThaMBUxEzARBgNVBAMMCjJAdGVzdC5jb20wWTATBgcqhkjOPQIBBggqhkjOPQMBBwNCAAS+Y1FtdGs8Ucfiq/zWhVaVn4ZBowDRf+LHkKkDUQijyqT6F1OlcBHKlpSdutzah71G6VCq62b3AWQkp086ORMGMAoGCCqGSM49BAMCA0gAMEUCIHH+qCw7c9P4WGmGxr+Z6u3tdZRz/XeTlZiocA09UDaoAiEA977yY+pelaDu67wtccznceHBT4wGLWjjfzyxyDdr/lY="}
03-16 14:38:37.874 23081 23333 D RegistrationHandler: ACCEPTED_LEDGER 205574712 4
03-16 14:38:37.881 23081 23333 D MulticastServer: Registration process finished: 205574712
03-16 14:38:37.908 23081 23315 D MulticastServer: Broadcast block received {"ip":"192.168.1.90","cert":"MIIBGzCBwqADAgECAgYBf5Lh/YgwCgYIKoZIzj0EAwIwFTETMBEGA1UEAwwKMkB0ZXN0LmNvbTAeFw0yMjAzMTUxMzE5MThaFw0yNDAzMTYxMzE5MThaMBUxEzARBgNVBAMMCjJAdGVzdC5jb20wWTATBgcqhkjOPQIBBggqhkjOPQMBBwNCAAS+Y1FtdGs8Ucfiq/zWhVaVn4ZBowDRf+LHkKkDUQijyqT6F1OlcBHKlpSdutzah71G6VCq62b3AWQkp086ORMGMAoGCCqGSM49BAMCA0gAMEUCIHH+qCw7c9P4WGmGxr+Z6u3tdZRz/XeTlZiocA09UDaoAiEA977yY+pelaDu67wtccznceHBT4wGLWjjfzyxyDdr/lY="}
03-16 14:38:38.312 23081 23315 D MulticastServer: Broadcast block received {"ip":"192.168.1.90","cert":"MIIBGzCBwqADAgECAgYBf5Lh/YgwCgYIKoZIzj0EAwIwFTETMBEGA1UEAwwKMkB0ZXN0LmNvbTAeFw0yMjAzMTUxMzE5MThaFw0yNDAzMTYxMzE5MThaMBUxEzARBgNVBAMMCjJAdGVzdC5jb20wWTATBgcqhkjOPQIBBggqhkjOPQMBBwNCAAS+Y1FtdGs8Ucfiq/zWhVaVn4ZBowDRf+LHkKkDUQijyqT6F1OlcBHKlpSdutzah71G6VCq62b3AWQkp086ORMGMAoGCCqGSM49BAMCA0gAMEUCIHH+qCw7c9P4WGmGxr+Z6u3tdZRz/XeTlZiocA09UDaoAiEA977yY+pelaDu67wtccznceHBT4wGLWjjfzyxyDdr/lY="}
03-16 14:38:42.504 23081 23315 D MulticastServer: Registration process started with nonce: 979231159
03-16 14:38:42.509 23081 23315 D MulticastServer: Received request for ledger with nonce: 979231159.
03-16 14:38:42.560 23081 23298 D MulticastClient: Sent messages: [{"sender":"{\"ip\":\"192.168.1.96\",\"cert\":\"MIIBGzCBwqADAgECAgYBf5LiwL8wCgYIKoZIzj0EAwIwFTETMBEGA1UEAwwKM0B0ZXN0LmNvbTAeFw0yMjAzMTUxMzIwMDhaFw0yNDAzMTYxMzIwMDhaMBUxEzARBgNVBAMMCjNAdGVzdC5jb20wWTATBgcqhkjOPQIBBggqhkjOPQMBBwNCAASVCbfTenGFrkV9EIzy1bj8oa9Kure0STvEaqW08piH20aw3fmYZgxXkpSqhmqcMv5bQ1Q7k2Owa5TUgUt5pf9QMAoGCCqGSM49BAMCA0gAMEUCICG\/Ut+mqCXXju+5r5KDo0B+pu+YksxTTzSLgyUZSTRUAiEAlwZEGNVmCgZ+irOjElk8DvNZcTI0AqLoFjB0QLBClB8=\"}","payload":"4d4c12426cda9ee1d2f2fd15aa254a5754b3a1988173a7184db0dc1e3b44751a","mt":"LEDGER_HASH","sig":"MEUCIFTMx3ahHQeoP3CnVUPuOsWj7KS0o89LAM3dUKK2Wi+eAiEA8l+olZcBrDNCRxIc81vrH95dKRCSqEnOQ2p45S3Fcq0=","nonce":979231159,"seq":0,"tot":0}]
03-16 14:38:43.022 23081 23315 D MulticastServer: Received hash from 2@test.com: 4d4c12426cda9ee1d2f2fd15aa254a5754b3a1988173a7184db0dc1e3b44751a
03-16 14:38:43.078 23081 23329 D RegistrationHandler: FULL_LEDGER 979231159
03-16 14:38:43.097 23081 23315 D RegistrationHandler: FULL_LEDGER 979231159
03-16 14:38:43.101 23081 23329 D RegistrationHandler: FULL_LEDGER 979231159
03-16 14:38:43.110 23081 23306 D RegistrationHandler: FULL_LEDGER 979231159
03-16 14:38:43.432 23081 23298 D MulticastServer: Received hash from 2@test.com: 4d4c12426cda9ee1d2f2fd15aa254a5754b3a1988173a7184db0dc1e3b44751a
03-16 14:38:43.475 23081 23306 D RegistrationHandler: FULL_LEDGER 979231159
03-16 14:38:43.499 23081 23315 D RegistrationHandler: FULL_LEDGER 979231159
03-16 14:38:52.517 23081 23337 D RegistrationHandler: ACCEPTED_LEDGER 979231159 5
03-16 14:38:52.527 23081 23337 D MulticastServer: Registration process finished: 979231159
03-16 14:38:52.551 23081 23298 D MulticastServer: Broadcast block received {"ip":"192.168.1.97","cert":"MIIBHDCBwqADAgECAgYBf5Ll+aQwCgYIKoZIzj0EAwIwFTETMBEGA1UEAwwKNUB0ZXN0LmNvbTAeFw0yMjAzMTUxMzIzMzlaFw0yNDAzMTYxMzIzMzlaMBUxEzARBgNVBAMMCjVAdGVzdC5jb20wWTATBgcqhkjOPQIBBggqhkjOPQMBBwNCAAS9OhThI4D6g/iEXxfGklrIeXd9Z0M+diiJ9ljAgsIg42aeRti+qPdLXU1/D9cRSqQkfwr3bPWV3oF684Iqni4MMAoGCCqGSM49BAMCA0kAMEYCIQDvSgAgKBB22Z/ooyqUg64EcQUigPLpb+EEue5bwGydWgIhAKus7fYnj5hLAUwnPrCw9vZZ/j2+Hst7+b4ASLL75Nl9"}
03-16 14:38:53.469 23081 23298 D MulticastServer: Broadcast block received {"ip":"192.168.1.97","cert":"MIIBHDCBwqADAgECAgYBf5Ll+aQwCgYIKoZIzj0EAwIwFTETMBEGA1UEAwwKNUB0ZXN0LmNvbTAeFw0yMjAzMTUxMzIzMzlaFw0yNDAzMTYxMzIzMzlaMBUxEzARBgNVBAMMCjVAdGVzdC5jb20wWTATBgcqhkjOPQIBBggqhkjOPQMBBwNCAAS9OhThI4D6g/iEXxfGklrIeXd9Z0M+diiJ9ljAgsIg42aeRti+qPdLXU1/D9cRSqQkfwr3bPWV3oF684Iqni4MMAoGCCqGSM49BAMCA0kAMEYCIQDvSgAgKBB22Z/ooyqUg64EcQUigPLpb+EEue5bwGydWgIhAKus7fYnj5hLAUwnPrCw9vZZ/j2+Hst7+b4ASLL75Nl9"}
round 7 of 10
03-16 14:39:32.438 23187 23399 D MulticastServer: MULTICAST_SERVER_LISTENING
03-16 14:39:32.442 23187 23401 D MulticastServer: Registration process started with nonce: 205519052
03-16 14:39:32.448 23187 23400 D MulticastClient: REQUEST_LEDGER 205519052
03-16 14:39:32.451 23187 23400 D MulticastClient: Sent messages: [{"sender":"","payload":"","mt":"REQUEST_LEDGER","sig":"","nonce":205519052,"seq":0,"tot":0}]
03-16 14:39:33.019 23187 23408 D RegistrationHandler: FULL_LEDGER 205519052
03-16 14:39:33.019 23187 23409 D RegistrationHandler: FULL_LEDGER 205519052
03-16 14:39:33.432 23187 23409 D RegistrationHandler: FULL_LEDGER 205519052
03-16 14:39:33.437 23187 23400 D RegistrationHandler: FULL_LEDGER 205519052
03-16 14:39:42.450 23187 23402 D RegistrationHandler: ACCEPTED_LEDGER 205519052 2
03-16 14:39:42.453 23187 23402 D RegistrationHandler: 205519052 Registration started
03-16 14:39:42.461 23187 23402 D MulticastServer: Registration process finished: 205519052
03-16 14:39:42.467 23187 23400 D MulticastClient: Sent messages: [{"sender":"3@test.com","payload":"{\"ip\":\"192.168.1.96\",\"cert\":\"MIIBGzCBwqADAgECAgYBf5LiwL8wCgYIKoZIzj0EAwIwFTETMBEGA1UEAwwKM0B0ZXN0LmNvbTAeFw0yMjAzMTUxMzIwMDhaFw0yNDAzMTYxMzIwMDhaMBUxEzARBgNVBAMMCjNAdGVzdC5jb20wWTATBgcqhkjOPQIBBggqhkjOPQMBBwNCAASVCbfTenGFrkV9EIzy1bj8oa9Kure0STvEaqW08piH20aw3fmYZgxXkpSqhmqcMv5bQ1Q7k2Owa5TUgUt5pf9QMAoGCCqGSM49BAMCA0gAMEUCICG\/Ut+mqCXXju+5r5KDo0B+pu+YksxTTzSLgyUZSTRUAiEAlwZEGNVmCgZ+irOjElk8DvNZcTI0AqLoFjB0QLBClB8=\"}","mt":"BROADCAST_BLOCK","sig":"MEUCIQCI7Yl0dhALfDw\/kDlJbZjCarD1n2biIN3CNSZQKckqtQIgfirMoz\/SBpxjHLdWKxuhsNK0I\/yMQtSO8IHVknTUrHk=","nonce":205519052,"seq":0,"tot":0}]
03-16 14:39:46.814 23187 23400 D MulticastServer: Registration process started with nonce: 116166261
03-16 14:39:46.818 23187 23400 D MulticastServer: Received request for ledger with nonce: 116166261.
03-16 14:39:46.905 23187 23409 D MulticastClient: Sent messages: [{"sender":"{\"ip\":\"192.168.1.96\",\"cert\":\"MIIBGzCBwqADAgECAgYBf5LiwL8wCgYIKoZIzj0EAwIwFTETMBEGA1UEAwwKM0B0ZXN0LmNvbTAeFw0yMjAzMTUxMzIwMDhaFw0yNDAzMTYxMzIwMDhaMBUxEzARBgNVBAMMCjNAdGVzdC5jb20wWTATBgcqhkjOPQIBBggqhkjOPQMBBwNCAASVCbfTenGFrkV9EIzy1bj8oa9Kure0STvEaqW08piH20aw3fmYZgxXkpSqhmqcMv5bQ1Q7k2Owa5TUgUt5pf9QMAoGCCqGSM49BAMCA0gAMEUCICG\/Ut+mqCXXju+5r5KDo0B+pu+YksxTTzSLgyUZSTRUAiEAlwZEGNVmCgZ+irOjElk8DvNZcTI0AqLoFjB0QLBClB8=\"}","payload":"58bd4632887849d74eb9cacc4b3fdc2e32cf4912076f15d4fb0b301c9ec06865","mt":"LEDGER_HASH","sig":"MEYCIQDsSXl3SbBZSzu9\/PYf81FCEQF6V8+qxhxxbiObbkknZwIhAL2mDnCQ9lRm1UaWTUB8ElrAOvteVGiwe\/Bmpu0L8Fb7","nonce":116166261,"seq":0,"tot":0}]
03-16 14:39:46.940 23187 23400 D RegistrationHandler: FULL_LEDGER 116166261
03-16 14:39:46.962 23187 23408 D RegistrationHandler: FULL_LEDGER 116166261
03-16 14:39:47.363 23187 23408 D RegistrationHandler: FULL_LEDGER 116166261
03-16 14:39:47.767 23187 23409 D RegistrationHandler: FULL_LEDGER 116166261
03-16 14:39:56.825 23187 23431 D RegistrationHandler: ACCEPTED_LEDGER 116166261 3
03-16 14:39:56.832 23187 23431 D MulticastServer: Registration process finished: 116166261
03-16 14:39:56.860 23187 23409 D MulticastServer: Broadcast block received {"ip":"192.168.1.126","cert":"MIIBHDCBwqADAgECAgYBf5LhKoUwCgYIKoZIzj0EAwIwFTETMBEGA1UEAwwKMUB0ZXN0LmNvbTAeFw0yMjAzMTUxMzE4MjRaFw0yNDAzMTYxMzE4MjRaMBUxEzARBgNVBAMMCjFAdGVzdC5jb20wWTATBgcqhkjOPQIBBggqhkjOPQMBBwNCAARygid4IUjQcO5q061zUYi/H7lvnalm9LjGvCXUiUKNjFkRZCQQHkQr3g5NSREvlv8eDTjoMpzkwAR2X7BGjdlzMAoGCCqGSM49BAMCA0kAMEYCIQCiHMll2QZaqlteytfUXQC9N+f0vW3g05QfhOXX51uZkQIhAOqRAe/npOy8z8s0m0jcslsGFJ4m0z8mdDgpGZNaRRtS"}
03-16 14:39:57.264 23187 23409 D MulticastServer: Broadcast block received {"ip":"192.168.1.126","cert":"MIIBHDCBwqADAgECAgYBf5LhKoUwCgYIKoZIzj0EAwIwFTETMBEGA1UEAwwKMUB0ZXN0LmNvbTAeFw0yMjAzMTUxMzE4MjRaFw0yNDAzMTYxMzE4MjRaMBUxEzARBgNVBAMMCjFAdGVzdC5jb20wWTATBgcqhkjOPQIBBggqhkjOPQMBBwNCAARygid4IUjQcO5q061zUYi/H7lvnalm9LjGvCXUiUKNjFkRZCQQHkQr3g5NSREvlv8eDTjoMpzkwAR2X7BGjdlzMAoGCCqGSM49BAMCA0kAMEYCIQCiHMll2QZaqlteytfUXQC9N+f0vW3g05QfhOXX51uZkQIhAOqRAe/npOy8z8s0m0jcslsGFJ4m0z8mdDgpGZNaRRtS"}
03-16 14:39:57.673 23187 23409 D MulticastServer: Broadcast block received {"ip":"192.168.1.126","cert":"MIIBHDCBwqADAgECAgYBf5LhKoUwCgYIKoZIzj0EAwIwFTETMBEGA1UEAwwKMUB0ZXN0LmNvbTAeFw0yMjAzMTUxMzE4MjRaFw0yNDAzMTYxMzE4MjRaMBUxEzARBgNVBAMMCjFAdGVzdC5jb20wWTATBgcqhkjOPQIBBggqhkjOPQMBBwNCAARygid4IUjQcO5q061zUYi/H7lvnalm9LjGvCXUiUKNjFkRZCQQHkQr3g5NSREvlv8eDTjoMpzkwAR2X7BGjdlzMAoGCCqGSM49BAMCA0kAMEYCIQCiHMll2QZaqlteytfUXQC9N+f0vW3g05QfhOXX51uZkQIhAOqRAe/npOy8z8s0m0jcslsGFJ4m0z8mdDgpGZNaRRtS"}
03-16 14:40:01.968 23187 23409 D MulticastServer: Registration process started with nonce: 1674804687
03-16 14:40:01.974 23187 23409 D MulticastServer: Received request for ledger with nonce: 1674804687.
03-16 14:40:02.027 23187 23408 D MulticastClient: Sent messages: [{"sender":"{\"ip\":\"192.168.1.96\",\"cert\":\"MIIBGzCBwqADAgECAgYBf5LiwL8wCgYIKoZIzj0EAwIwFTETMBEGA1UEAwwKM0B0ZXN0LmNvbTAeFw0yMjAzMTUxMzIwMDhaFw0yNDAzMTYxMzIwMDhaMBUxEzARBgNVBAMMCjNAdGVzdC5jb20wWTATBgcqhkjOPQIBBggqhkjOPQMBBwNCAASVCbfTenGFrkV9EIzy1bj8oa9Kure0STvEaqW08piH20aw3fmYZgxXkpSqhmqcMv5bQ1Q7k2Owa5TUgUt5pf9QMAoGCCqGSM49BAMCA0gAMEUCICG\/Ut+mqCXXju+5r5KDo0B+pu+YksxTTzSLgyUZSTRUAiEAlwZEGNVmCgZ+irOjElk8DvNZcTI0AqLoFjB0QLBClB8=\"}","payload":"ebc2d79deb8acdf3834d685804ac4660b2b01356e5e6c77ab7f0b16d64372396","mt":"LEDGER_HASH","sig":"MEYCIQDblygjNXg\/uOpkPY50l+PObFgqG+XqVb7Ck6pacrC3UQIhAOT3CMKV5AR5eKX\/MsTnYwLpUkSTlNIM613Ru8\/YFMGR","nonce":1674804687,"seq":0,"tot":0}]
03-16 14:40:02.495 23187 23409 D MulticastServer: Received hash from 1@test.com: ebc2d79deb8acdf3834d685804ac4660b2b01356e5e6c77ab7f0b16d64372396
03-16 14:40:02.895 23187 23408 D MulticastServer: Received hash from 1@test.com: ebc2d79deb8acdf3834d685804ac4660b2b01356e5e6c77ab7f0b16d64372396
03-16 14:40:02.947 23187 23409 D RegistrationHandler: FULL_LEDGER 1674804687
03-16 14:40:02.948 23187 23408 D RegistrationHandler: FULL_LEDGER 1674804687
03-16 14:40:02.966 23187 23418 D RegistrationHandler: FULL_LEDGER 1674804687
03-16 14:40:11.980 23187 23435 D RegistrationHandler: ACCEPTED_LEDGER 1674804687 4
03-16 14:40:11.988 23187 23435 D MulticastServer: Registration process finished: 1674804687
03-16 14:40:12.014 23187 23418 D MulticastServer: Broadcast block received {"ip":"192.168.1.90","cert":"MIIBGzCBwqADAgECAgYBf5Lh/YgwCgYIKoZIzj0EAwIwFTETMBEGA1UEAwwKMkB0ZXN0LmNvbTAeFw0yMjAzMTUxMzE5MThaFw0yNDAzMTYxMzE5MThaMBUxEzARBgNVBAMMCjJAdGVzdC5jb20wWTATBgcqhkjOPQIBBggqhkjOPQMBBwNCAAS+Y1FtdGs8Ucfiq/zWhVaVn4ZBowDRf+LHkKkDUQijyqT6F1OlcBHKlpSdutzah71G6VCq62b3AWQkp086ORMGMAoGCCqGSM49BAMCA0gAMEUCIHH+qCw7c9P4WGmGxr+Z6u3tdZRz/XeTlZiocA09UDaoAiEA977yY+pelaDu67wtccznceHBT4wGLWjjfzyxyDdr/lY="}
03-16 14:40:12.418 23187 23418 D MulticastServer: Broadcast block received {"ip":"192.168.1.90","cert":"MIIBGzCBwqADAgECAgYBf5Lh/YgwCgYIKoZIzj0EAwIwFTETMBEGA1UEAwwKMkB0ZXN0LmNvbTAeFw0yMjAzMTUxMzE5MThaFw0yNDAzMTYxMzE5MThaMBUxEzARBgNVBAMMCjJAdGVzdC5jb20wWTATBgcqhkjOPQIBBggqhkjOPQMBBwNCAAS+Y1FtdGs8Ucfiq/zWhVaVn4ZBowDRf+LHkKkDUQijyqT6F1OlcBHKlpSdutzah71G6VCq62b3AWQkp086ORMGMAoGCCqGSM49BAMCA0gAMEUCIHH+qCw7c9P4WGmGxr+Z6u3tdZRz/XeTlZiocA09UDaoAiEA977yY+pelaDu67wtccznceHBT4wGLWjjfzyxyDdr/lY="}
03-16 14:40:12.931 23187 23418 D MulticastServer: Broadcast block received {"ip":"192.168.1.90","cert":"MIIBGzCBwqADAgECAgYBf5Lh/YgwCgYIKoZIzj0EAwIwFTETMBEGA1UEAwwKMkB0ZXN0LmNvbTAeFw0yMjAzMTUxMzE5MThaFw0yNDAzMTYxMzE5MThaMBUxEzARBgNVBAMMCjJAdGVzdC5jb20wWTATBgcqhkjOPQIBBggqhkjOPQMBBwNCAAS+Y1FtdGs8Ucfiq/zWhVaVn4ZBowDRf+LHkKkDUQijyqT6F1OlcBHKlpSdutzah71G6VCq62b3AWQkp086ORMGMAoGCCqGSM49BAMCA0gAMEUCIHH+qCw7c9P4WGmGxr+Z6u3tdZRz/XeTlZiocA09UDaoAiEA977yY+pelaDu67wtccznceHBT4wGLWjjfzyxyDdr/lY="}
03-16 14:40:17.122 23187 23418 D MulticastServer: Registration process started with nonce: 1262864123
03-16 14:40:17.128 23187 23418 D MulticastServer: Received request for ledger with nonce: 1262864123.
03-16 14:40:17.190 23187 23408 D MulticastClient: Sent messages: [{"sender":"{\"ip\":\"192.168.1.96\",\"cert\":\"MIIBGzCBwqADAgECAgYBf5LiwL8wCgYIKoZIzj0EAwIwFTETMBEGA1UEAwwKM0B0ZXN0LmNvbTAeFw0yMjAzMTUxMzIwMDhaFw0yNDAzMTYxMzIwMDhaMBUxEzARBgNVBAMMCjNAdGVzdC5jb20wWTATBgcqhkjOPQIBBggqhkjOPQMBBwNCAASVCbfTenGFrkV9EIzy1bj8oa9Kure0STvEaqW08piH20aw3fmYZgxXkpSqhmqcMv5bQ1Q7k2Owa5TUgUt5pf9QMAoGCCqGSM49BAMCA0gAMEUCICG\/Ut+mqCXXju+5r5KDo0B+pu+YksxTTzSLgyUZSTRUAiEAlwZEGNVmCgZ+irOjElk8DvNZcTI0AqLoFjB0QLBClB8=\"}","payload":"4d4c12426cda9ee1d2f2fd15aa254a5754b3a1988173a7184db0dc1e3b44751a","mt":"LEDGER_HASH","sig":"MEYCIQCHdq9B7qTaDE+ydlgWevELEGOWIrsWj+C5yjdsWIFF3gIhAIow7DjUnN6uX7vLOqLSGNZ1LLgU5cbRtKwMk0lLw696","nonce":1262864123,"seq":0,"tot":0}]
03-16 14:40:17.263 23187 23417 D MulticastServer: Received hash from 2@test.com: 4d4c12426cda9ee1d2f2fd15aa254a5754b3a1988173a7184db0dc1e3b44751a
03-16 14:40:17.378 23187 23418 D MulticastServer: Received hash from 1@test.com: 4d4c12426cda9ee1d2f2fd15aa254a5754b3a1988173a7184db0dc1e3b44751a
03-16 14:40:17.649 23187 23418 D MulticastServer: Received hash from 2@test.com: 4d4c12426cda9ee1d2f2fd15aa254a5754b3a1988173a7184db0dc1e3b44751a
03-16 14:40:17.791 23187 23400 D MulticastServer: Received hash from 1@test.com: 4d4c12426cda9ee1d2f2fd15aa254a5754b3a1988173a7184db0dc1e3b44751a
03-16 14:40:17.989 23187 23417 D MulticastServer: Received hash from 2@test.com: 4d4c12426cda9ee1d2f2fd15aa254a5754b3a1988173a7184db0dc1e3b44751a
03-16 14:40:18.104 23187 23400 D RegistrationHandler: FULL_LEDGER 1262864123
03-16 14:40:27.134 23187 23441 D RegistrationHandler: ACCEPTED_LEDGER 1262864123 5
03-16 14:40:27.144 23187 23441 D MulticastServer: Registration process finished: 1262864123
03-16 14:40:27.169 23187 23400 D MulticastServer: Broadcast block received {"ip":"192.168.1.97","cert":"MIIBHDCBwqADAgECAgYBf5Ll+aQwCgYIKoZIzj0EAwIwFTETMBEGA1UEAwwKNUB0ZXN0LmNvbTAeFw0yMjAzMTUxMzIzMzlaFw0yNDAzMTYxMzIzMzlaMBUxEzARBgNVBAMMCjVAdGVzdC5jb20wWTATBgcqhkjOPQIBBggqhkjOPQMBBwNCAAS9OhThI4D6g/iEXxfGklrIeXd9Z0M+diiJ9ljAgsIg42aeRti+qPdLXU1/D9cRSqQkfwr3bPWV3oF684Iqni4MMAoGCCqGSM49BAMCA0kAMEYCIQDvSgAgKBB22Z/ooyqUg64EcQUigPLpb+EEue5bwGydWgIhAKus7fYnj5hLAUwnPrCw9vZZ/j2+Hst7+b4ASLL75Nl9"}
03-16 14:40:27.571 23187 23400 D MulticastServer: Broadcast block received {"ip":"192.168.1.97","cert":"MIIBHDCBwqADAgECAgYBf5Ll+aQwCgYIKoZIzj0EAwIwFTETMBEGA1UEAwwKNUB0ZXN0LmNvbTAeFw0yMjAzMTUxMzIzMzlaFw0yNDAzMTYxMzIzMzlaMBUxEzARBgNVBAMMCjVAdGVzdC5jb20wWTATBgcqhkjOPQIBBggqhkjOPQMBBwNCAAS9OhThI4D6g/iEXxfGklrIeXd9Z0M+diiJ9ljAgsIg42aeRti+qPdLXU1/D9cRSqQkfwr3bPWV3oF684Iqni4MMAoGCCqGSM49BAMCA0kAMEYCIQDvSgAgKBB22Z/ooyqUg64EcQUigPLpb+EEue5bwGydWgIhAKus7fYnj5hLAUwnPrCw9vZZ/j2+Hst7+b4ASLL75Nl9"}
round 8 of 10
03-16 14:41:06.899 23318 23502 D MulticastServer: MULTICAST_SERVER_LISTENING
03-16 14:41:06.905 23318 23504 D MulticastServer: Registration process started with nonce: 1055566961
03-16 14:41:06.910 23318 23503 D MulticastClient: REQUEST_LEDGER 1055566961
03-16 14:41:06.915 23318 23503 D MulticastClient: Sent messages: [{"sender":"","payload":"","mt":"REQUEST_LEDGER","sig":"","nonce":1055566961,"seq":0,"tot":0}]
03-16 14:41:07.548 23318 23519 D RegistrationHandler: FULL_LEDGER 1055566961
03-16 14:41:07.548 23318 23511 D RegistrationHandler: FULL_LEDGER 1055566961
03-16 14:41:07.947 23318 23511 D RegistrationHandler: FULL_LEDGER 1055566961
03-16 14:41:16.914 23318 23505 D RegistrationHandler: ACCEPTED_LEDGER 1055566961 2
03-16 14:41:16.917 23318 23505 D RegistrationHandler: 1055566961 Registration started
03-16 14:41:16.925 23318 23505 D MulticastServer: Registration process finished: 1055566961
03-16 14:41:16.932 23318 23503 D MulticastClient: Sent messages: [{"sender":"3@test.com","payload":"{\"ip\":\"192.168.1.96\",\"cert\":\"MIIBGzCBwqADAgECAgYBf5LiwL8wCgYIKoZIzj0EAwIwFTETMBEGA1UEAwwKM0B0ZXN0LmNvbTAeFw0yMjAzMTUxMzIwMDhaFw0yNDAzMTYxMzIwMDhaMBUxEzARBgNVBAMMCjNAdGVzdC5jb20wWTATBgcqhkjOPQIBBggqhkjOPQMBBwNCAASVCbfTenGFrkV9EIzy1bj8oa9Kure0STvEaqW08piH20aw3fmYZgxXkpSqhmqcMv5bQ1Q7k2Owa5TUgUt5pf9QMAoGCCqGSM49BAMCA0gAMEUCICG\/Ut+mqCXXju+5r5KDo0B+pu+YksxTTzSLgyUZSTRUAiEAlwZEGNVmCgZ+irOjElk8DvNZcTI0AqLoFjB0QLBClB8=\"}","mt":"BROADCAST_BLOCK","sig":"MEUCIBvfLN2Fs067I2kIjN0OO85SR8LnhS6sXePsAvrAn7a9AiEAy\/CG6nFs+ArKlbfl4w78L3\/XqzzVwQ73sgdo5+csiBk=","nonce":1055566961,"seq":0,"tot":0}]
03-16 14:41:21.430 23318 23503 D MulticastServer: Registration process started with nonce: 1651353547
03-16 14:41:21.435 23318 23503 D MulticastServer: Received request for ledger with nonce: 1651353547.
03-16 14:41:21.526 23318 23511 D MulticastClient: Sent messages: [{"sender":"{\"ip\":\"192.168.1.96\",\"cert\":\"MIIBGzCBwqADAgECAgYBf5LiwL8wCgYIKoZIzj0EAwIwFTETMBEGA1UEAwwKM0B0ZXN0LmNvbTAeFw0yMjAzMTUxMzIwMDhaFw0yNDAzMTYxMzIwMDhaMBUxEzARBgNVBAMMCjNAdGVzdC5jb20wWTATBgcqhkjOPQIBBggqhkjOPQMBBwNCAASVCbfTenGFrkV9EIzy1bj8oa9Kure0STvEaqW08piH20aw3fmYZgxXkpSqhmqcMv5bQ1Q7k2Owa5TUgUt5pf9QMAoGCCqGSM49BAMCA0gAMEUCICG\/Ut+mqCXXju+5r5KDo0B+pu+YksxTTzSLgyUZSTRUAiEAlwZEGNVmCgZ+irOjElk8DvNZcTI0AqLoFjB0QLBClB8=\"}","payload":"58bd4632887849d74eb9cacc4b3fdc2e32cf4912076f15d4fb0b301c9ec06865","mt":"LEDGER_HASH","sig":"MEQCIEQnoDOTEIOx0gLVEwUnOkzZpwuCZtIQ7SRg3E6AdhxvAiAB\/8HantsO4NVxxlk9goL6DJOWTyPCl4xwON+JAyW2Kw==","nonce":1651353547,"seq":0,"tot":0}]
03-16 14:41:21.983 23318 23510 D RegistrationHandler: FULL_LEDGER 1651353547
03-16 14:41:21.994 23318 23503 D RegistrationHandler: FULL_LEDGER 1651353547
03-16 14:41:22.394 23318 23511 D RegistrationHandler: FULL_LEDGER 1651353547
03-16 14:41:31.440 23318 23531 D RegistrationHandler: ACCEPTED_LEDGER 1651353547 3
03-16 14:41:31.447 23318 23531 D MulticastServer: Registration process finished: 1651353547
03-16 14:41:31.480 23318 23511 D MulticastServer: Broadcast block received {"ip":"192.168.1.126","cert":"MIIBHDCBwqADAgECAgYBf5LhKoUwCgYIKoZIzj0EAwIwFTETMBEGA1UEAwwKMUB0ZXN0LmNvbTAeFw0yMjAzMTUxMzE4MjRaFw0yNDAzMTYxMzE4MjRaMBUxEzARBgNVBAMMCjFAdGVzdC5jb20wWTATBgcqhkjOPQIBBggqhkjOPQMBBwNCAARygid4IUjQcO5q061zUYi/H7lvnalm9LjGvCXUiUKNjFkRZCQQHkQr3g5NSREvlv8eDTjoMpzkwAR2X7BGjdlzMAoGCCqGSM49BAMCA0kAMEYCIQCiHMll2QZaqlteytfUXQC9N+f0vW3g05QfhOXX51uZkQIhAOqRAe/npOy8z8s0m0jcslsGFJ4m0z8mdDgpGZNaRRtS"}
03-16 14:41:36.603 23318 23511 D MulticastServer: Registration process started with nonce: 842423883
03-16 14:41:36.606 23318 23519 D MulticastServer: Registration process started with nonce: 842423883
03-16 14:41:36.608 23318 23510 D MulticastServer: Registration process started with nonce: 842423883
03-16 14:41:36.622 23318 23511 D MulticastServer: Received hash from 1@test.com: ebc2d79deb8acdf3834d685804ac4660b2b01356e5e6c77ab7f0b16d64372396
03-16 14:41:37.428 23318 23511 D MulticastServer: Received hash from 1@test.com: ebc2d79deb8acdf3834d685804ac4660b2b01356e5e6c77ab7f0b16d64372396
03-16 14:41:38.618 23318 23540 D MulticastServer: Registration process finished: 842423883
03-16 14:41:46.527 23318 23519 D MulticastServer: Received request for 1@test.com to send ledger with hash ebc2d79deb8acdf3834d685804ac4660b2b01356e5e6c77ab7f0b16d64372396
03-16 14:41:46.529 23318 23519 D MulticastServer: Received request for 1@test.com to send ledger with hash ebc2d79deb8acdf3834d685804ac4660b2b01356e5e6c77ab7f0b16d64372396
03-16 14:41:46.611 23318 23535 D RegistrationHandler: 842423883 Accepted hash from 1@test.com: ebc2d79deb8acdf3834d685804ac4660b2b01356e5e6c77ab7f0b16d64372396
03-16 14:41:46.616 23318 23519 D MulticastClient: Sent messages: [{"sender":"","payload":"1@test.com:ebc2d79deb8acdf3834d685804ac4660b2b01356e5e6c77ab7f0b16d64372396","mt":"REQUEST_SPECIFIC_LEDGER","sig":"","nonce":170680750,"seq":0,"tot":0}]
03-16 14:41:46.621 23318 23510 D MulticastServer: Received request for 1@test.com to send ledger with hash ebc2d79deb8acdf3834d685804ac4660b2b01356e5e6c77ab7f0b16d64372396
03-16 14:41:46.626 23318 23539 D RegistrationHandler: 842423883 Accepted hash from 1@test.com: ebc2d79deb8acdf3834d685804ac4660b2b01356e5e6c77ab7f0b16d64372396
03-16 14:41:46.628 23318 23510 D MulticastClient: Sent messages: [{"sender":"","payload":"1@test.com:ebc2d79deb8acdf3834d685804ac4660b2b01356e5e6c77ab7f0b16d64372396","mt":"REQUEST_SPECIFIC_LEDGER","sig":"","nonce":1208290700,"seq":0,"tot":0}]
03-16 14:41:46.630 23318 23511 D MulticastServer: Received request for 1@test.com to send ledger with hash ebc2d79deb8acdf3834d685804ac4660b2b01356e5e6c77ab7f0b16d64372396
03-16 14:41:46.722 23318 23511 D MulticastServer: Received request for 1@test.com to send ledger with hash ebc2d79deb8acdf3834d685804ac4660b2b01356e5e6c77ab7f0b16d64372396
03-16 14:41:46.723 23318 23511 D MulticastServer: Received request for 1@test.com to send ledger with hash ebc2d79deb8acdf3834d685804ac4660b2b01356e5e6c77ab7f0b16d64372396
03-16 14:41:46.784 23318 23511 D MulticastServer: Registration process started with nonce: 694068306
03-16 14:41:46.797 23318 23543 D MulticastServer: Registration process started with nonce: 189358575
03-16 14:41:46.949 23318 23543 D MulticastServer: Registration process started with nonce: 324219257
03-16 14:41:46.990 23318 23511 D MulticastServer: Registration process started with nonce: 1182224535
03-16 14:41:47.013 23318 23511 D MulticastServer: Registration process started with nonce: 1208290700
03-16 14:41:47.022 23318 23511 D MulticastServer: Received request for 1@test.com to send ledger with hash ebc2d79deb8acdf3834d685804ac4660b2b01356e5e6c77ab7f0b16d64372396
03-16 14:41:47.031 23318 23511 D MulticastServer: Received request for 1@test.com to send ledger with hash ebc2d79deb8acdf3834d685804ac4660b2b01356e5e6c77ab7f0b16d64372396
03-16 14:41:47.077 23318 23511 D RegistrationHandler: FULL_LEDGER 1208290700
03-16 14:41:47.077 23318 23543 D MulticastServer: Received request for 1@test.com to send ledger with hash ebc2d79deb8acdf3834d685804ac4660b2b01356e5e6c77ab7f0b16d64372396
03-16 14:41:47.104 23318 23511 D RegistrationHandler: FULL_LEDGER 694068306
03-16 14:41:47.123 23318 23543 D RegistrationHandler: FULL_LEDGER 189358575
03-16 14:41:47.133 23318 23503 D RegistrationHandler: FULL_LEDGER 694068306
03-16 14:41:47.165 23318 23543 D MulticastServer: Received request for 1@test.com to send ledger with hash ebc2d79deb8acdf3834d685804ac4660b2b01356e5e6c77ab7f0b16d64372396
03-16 14:41:47.169 23318 23543 D MulticastServer: Received request for 1@test.com to send ledger with hash ebc2d79deb8acdf3834d685804ac4660b2b01356e5e6c77ab7f0b16d64372396
03-16 14:41:47.171 23318 23543 D MulticastServer: Received request for 1@test.com to send ledger with hash ebc2d79deb8acdf3834d685804ac4660b2b01356e5e6c77ab7f0b16d64372396
03-16 14:41:47.177 23318 23543 D MulticastServer: Received request for 1@test.com to send ledger with hash ebc2d79deb8acdf3834d685804ac4660b2b01356e5e6c77ab7f0b16d64372396
03-16 14:41:47.180 23318 23543 D MulticastServer: Received request for 1@test.com to send ledger with hash ebc2d79deb8acdf3834d685804ac4660b2b01356e5e6c77ab7f0b16d64372396
03-16 14:41:47.239 23318 23543 D MulticastServer: Registration process started with nonce: 334297199
03-16 14:41:47.268 23318 23544 D RegistrationHandler: 842423883 Accepted hash from 1@test.com: ebc2d79deb8acdf3834d685804ac4660b2b01356e5e6c77ab7f0b16d64372396
03-16 14:41:47.269 23318 23503 D MulticastServer: Registration process started with nonce: 170680750
03-16 14:41:47.272 23318 23511 D MulticastClient: Sent messages: [{"sender":"","payload":"1@test.com:ebc2d79deb8acdf3834d685804ac4660b2b01356e5e6c77ab7f0b16d64372396","mt":"REQUEST_SPECIFIC_LEDGER","sig":"","nonce":2146547568,"seq":0,"tot":0}]
03-16 14:41:47.275 23318 23543 D RegistrationHandler: FULL_LEDGER 334297199
03-16 14:41:47.279 23318 23560 D MulticastServer: Received request for 1@test.com to send ledger with hash ebc2d79deb8acdf3834d685804ac4660b2b01356e5e6c77ab7f0b16d64372396
03-16 14:41:47.424 23318 23569 D MulticastServer: Received request for 1@test.com to send ledger with hash ebc2d79deb8acdf3834d685804ac4660b2b01356e5e6c77ab7f0b16d64372396
03-16 14:41:47.435 23318 23510 D MulticastServer: Received request for 1@test.com to send ledger with hash ebc2d79deb8acdf3834d685804ac4660b2b01356e5e6c77ab7f0b16d64372396
03-16 14:41:47.466 23318 23510 D RegistrationHandler: FULL_LEDGER 694068306
03-16 14:41:47.573 23318 23538 D RegistrationHandler: 842423883 Accepted hash from 1@test.com: ebc2d79deb8acdf3834d685804ac4660b2b01356e5e6c77ab7f0b16d64372396
03-16 14:41:47.577 23318 23570 D MulticastClient: Sent messages: [{"sender":"","payload":"1@test.com:ebc2d79deb8acdf3834d685804ac4660b2b01356e5e6c77ab7f0b16d64372396","mt":"REQUEST_SPECIFIC_LEDGER","sig":"","nonce":363694794,"seq":0,"tot":0}]
03-16 14:41:47.580 23318 23510 D MulticastServer: Received request for 1@test.com to send ledger with hash ebc2d79deb8acdf3834d685804ac4660b2b01356e5e6c77ab7f0b16d64372396
03-16 14:41:47.612 23318 23510 D MulticastServer: Registration process started with nonce: 982352660
03-16 14:41:47.676 23318 23510 D MulticastServer: Received request for 1@test.com to send ledger with hash ebc2d79deb8acdf3834d685804ac4660b2b01356e5e6c77ab7f0b16d64372396
03-16 14:41:47.687 23318 23519 D MulticastServer: Received request for 1@test.com to send ledger with hash ebc2d79deb8acdf3834d685804ac4660b2b01356e5e6c77ab7f0b16d64372396
03-16 14:41:47.689 23318 23519 D MulticastServer: Received request for 1@test.com to send ledger with hash ebc2d79deb8acdf3834d685804ac4660b2b01356e5e6c77ab7f0b16d64372396
03-16 14:41:47.692 23318 23519 D MulticastServer: Received request for 1@test.com to send ledger with hash ebc2d79deb8acdf3834d685804ac4660b2b01356e5e6c77ab7f0b16d64372396
03-16 14:41:47.694 23318 23519 D MulticastServer: Received request for 1@test.com to send ledger with hash ebc2d79deb8acdf3834d685804ac4660b2b01356e5e6c77ab7f0b16d64372396
03-16 14:41:47.727 23318 23519 D RegistrationHandler: FULL_LEDGER 694068306
03-16 14:41:47.753 23318 23519 D RegistrationHandler: FULL_LEDGER 189358575
03-16 14:41:47.768 23318 23544 D RegistrationHandler: 842423883 Accepted hash from 1@test.com: ebc2d79deb8acdf3834d685804ac4660b2b01356e5e6c77ab7f0b16d64372396
03-16 14:41:47.773 23318 23519 D MulticastClient: Sent messages: [{"sender":"","payload":"1@test.com:ebc2d79deb8acdf3834d685804ac4660b2b01356e5e6c77ab7f0b16d64372396","mt":"REQUEST_SPECIFIC_LEDGER","sig":"","nonce":343403736,"seq":0,"tot":0}]
03-16 14:41:47.775 23318 23510 D MulticastServer: Received request for 1@test.com to send ledger with hash ebc2d79deb8acdf3834d685804ac4660b2b01356e5e6c77ab7f0b16d64372396
03-16 14:41:47.789 23318 23510 D MulticastServer: Received request for 1@test.com to send ledger with hash ebc2d79deb8acdf3834d685804ac4660b2b01356e5e6c77ab7f0b16d64372396
03-16 14:41:47.791 23318 23510 D MulticastServer: Received request for 1@test.com to send ledger with hash ebc2d79deb8acdf3834d685804ac4660b2b01356e5e6c77ab7f0b16d64372396
03-16 14:41:47.794 23318 23510 D MulticastServer: Received request for 1@test.com to send ledger with hash ebc2d79deb8acdf3834d685804ac4660b2b01356e5e6c77ab7f0b16d64372396
03-16 14:41:47.843 23318 23510 D RegistrationHandler: FULL_LEDGER 334297199
03-16 14:41:47.942 23318 23569 D RegistrationHandler: FULL_LEDGER 170680750
03-16 14:41:47.964 23318 23543 D RegistrationHandler: FULL_LEDGER 324219257
03-16 14:41:47.978 23318 23569 D RegistrationHandler: FULL_LEDGER 694068306
03-16 14:41:47.986 23318 23569 D MulticastServer: Received request for 1@test.com to send ledger with hash ebc2d79deb8acdf3834d685804ac4660b2b01356e5e6c77ab7f0b16d64372396
03-16 14:41:48.045 23318 23569 D RegistrationHandler: FULL_LEDGER 189358575
03-16 14:41:48.073 23318 23538 D RegistrationHandler: 842423883 Accepted hash from 1@test.com: ebc2d79deb8acdf3834d685804ac4660b2b01356e5e6c77ab7f0b16d64372396
03-16 14:41:48.074 23318 23543 D MulticastClient: Sent messages: [{"sender":"","payload":"1@test.com:ebc2d79deb8acdf3834d685804ac4660b2b01356e5e6c77ab7f0b16d64372396","mt":"REQUEST_SPECIFIC_LEDGER","sig":"","nonce":1275697737,"seq":0,"tot":0}]
03-16 14:41:48.076 23318 23569 D MulticastServer: Received request for 1@test.com to send ledger with hash ebc2d79deb8acdf3834d685804ac4660b2b01356e5e6c77ab7f0b16d64372396
03-16 14:41:48.077 23318 23569 D MulticastServer: Received request for 1@test.com to send ledger with hash ebc2d79deb8acdf3834d685804ac4660b2b01356e5e6c77ab7f0b16d64372396
03-16 14:41:48.105 23318 23569 D RegistrationHandler: FULL_LEDGER 324219257
03-16 14:41:48.154 23318 23568 D RegistrationHandler: FULL_LEDGER 982352660
03-16 14:41:48.155 23318 23569 D RegistrationHandler: FULL_LEDGER 982352660
03-16 14:41:48.166 23318 23510 D RegistrationHandler: FULL_LEDGER 982352660
03-16 14:41:48.175 23318 23510 D MulticastServer: Received request for 1@test.com to send ledger with hash ebc2d79deb8acdf3834d685804ac4660b2b01356e5e6c77ab7f0b16d64372396
03-16 14:41:48.176 23318 23510 D MulticastServer: Received request for 1@test.com to send ledger with hash ebc2d79deb8acdf3834d685804ac4660b2b01356e5e6c77ab7f0b16d64372396
03-16 14:41:48.177 23318 23510 D MulticastServer: Received request for 1@test.com to send ledger with hash ebc2d79deb8acdf3834d685804ac4660b2b01356e5e6c77ab7f0b16d64372396
03-16 14:41:48.253 23318 23510 D RegistrationHandler: FULL_LEDGER 334297199
03-16 14:41:48.267 23318 23544 D RegistrationHandler: 842423883 Accepted hash from 1@test.com: ebc2d79deb8acdf3834d685804ac4660b2b01356e5e6c77ab7f0b16d64372396
03-16 14:41:48.269 23318 23510 D MulticastClient: Sent messages: [{"sender":"","payload":"1@test.com:ebc2d79deb8acdf3834d685804ac4660b2b01356e5e6c77ab7f0b16d64372396","mt":"REQUEST_SPECIFIC_LEDGER","sig":"","nonce":1671236830,"seq":0,"tot":0}]
03-16 14:41:48.271 23318 23569 D MulticastServer: Received request for 1@test.com to send ledger with hash ebc2d79deb8acdf3834d685804ac4660b2b01356e5e6c77ab7f0b16d64372396
03-16 14:41:48.292 23318 23569 D MulticastServer: Registration process started with nonce: 1726119584
03-16 14:41:48.326 23318 23569 D MulticastServer: Received request for 1@test.com to send ledger with hash ebc2d79deb8acdf3834d685804ac4660b2b01356e5e6c77ab7f0b16d64372396
03-16 14:41:48.388 23318 23570 D MulticastServer: Received request for 1@test.com to send ledger with hash ebc2d79deb8acdf3834d685804ac4660b2b01356e5e6c77ab7f0b16d64372396
03-16 14:41:48.416 23318 23570 D MulticastServer: Registration process started with nonce: 68403725
03-16 14:41:48.472 23318 23511 D RegistrationHandler: FULL_LEDGER 1182224535
03-16 14:41:48.478 23318 23568 D RegistrationHandler: FULL_LEDGER 334297199
03-16 14:41:48.479 23318 23511 D MulticastServer: Received request for 1@test.com to send ledger with hash ebc2d79deb8acdf3834d685804ac4660b2b01356e5e6c77ab7f0b16d64372396
03-16 14:41:48.496 23318 23568 D MulticastServer: Registration process started with nonce: 363694794
03-16 14:41:48.539 23318 23570 D RegistrationHandler: FULL_LEDGER 694068306
03-16 14:41:48.573 23318 23538 D RegistrationHandler: 842423883 Accepted hash from 1@test.com: ebc2d79deb8acdf3834d685804ac4660b2b01356e5e6c77ab7f0b16d64372396
03-16 14:41:48.574 23318 23570 D MulticastClient: Sent messages: [{"sender":"","payload":"1@test.com:ebc2d79deb8acdf3834d685804ac4660b2b01356e5e6c77ab7f0b16d64372396","mt":"REQUEST_SPECIFIC_LEDGER","sig":"","nonce":345340594,"seq":0,"tot":0}]
03-16 14:41:48.577 23318 23519 D MulticastServer: Received request for 1@test.com to send ledger with hash ebc2d79deb8acdf3834d685804ac4660b2b01356e5e6c77ab7f0b16d64372396
03-16 14:41:48.577 23318 23569 D MulticastServer: Received request for 1@test.com to send ledger with hash ebc2d79deb8acdf3834d685804ac4660b2b01356e5e6c77ab7f0b16d64372396
03-16 14:41:48.595 23318 23569 D MulticastServer: Received request for 1@test.com to send ledger with hash ebc2d79deb8acdf3834d685804ac4660b2b01356e5e6c77ab7f0b16d64372396
03-16 14:41:48.647 23318 23569 D RegistrationHandler: FULL_LEDGER 1182224535
03-16 14:41:48.664 23318 23569 D RegistrationHandler: FULL_LEDGER 189358575
03-16 14:41:48.671 23318 23569 D MulticastServer: Received request for 1@test.com to send ledger with hash ebc2d79deb8acdf3834d685804ac4660b2b01356e5e6c77ab7f0b16d64372396
03-16 14:41:48.683 23318 23569 D MulticastServer: Registration process started with nonce: 2146547568
03-16 14:41:48.723 23318 23569 D RegistrationHandler: FULL_LEDGER 324219257
03-16 14:41:48.762 23318 23569 D RegistrationHandler: FULL_LEDGER 982352660
03-16 14:41:48.858 23318 23569 D RegistrationHandler: FULL_LEDGER 694068306
03-16 14:41:48.880 23318 23543 D MulticastServer: Received request for 1@test.com to send ledger with hash ebc2d79deb8acdf3834d685804ac4660b2b01356e5e6c77ab7f0b16d64372396
03-16 14:41:48.957 23318 23543 D RegistrationHandler: FULL_LEDGER 2146547568
03-16 14:41:48.960 23318 23569 D RegistrationHandler: FULL_LEDGER 2146547568
03-16 14:41:48.976 23318 23560 D RegistrationHandler: FULL_LEDGER 334297199
03-16 14:41:48.980 23318 23543 D MulticastServer: Received request for 1@test.com to send ledger with hash ebc2d79deb8acdf3834d685804ac4660b2b01356e5e6c77ab7f0b16d64372396
03-16 14:41:49.046 23318 23560 D MulticastServer: Received request for 1@test.com to send ledger with hash ebc2d79deb8acdf3834d685804ac4660b2b01356e5e6c77ab7f0b16d64372396
03-16 14:41:49.048 23318 23560 D MulticastServer: Received request for 1@test.com to send ledger with hash ebc2d79deb8acdf3834d685804ac4660b2b01356e5e6c77ab7f0b16d64372396
03-16 14:41:49.057 23318 23560 D MulticastServer: Broadcast block received {"ip":"192.168.1.90","cert":"MIIBGzCBwqADAgECAgYBf5Lh/YgwCgYIKoZIzj0EAwIwFTETMBEGA1UEAwwKMkB0ZXN0LmNvbTAeFw0yMjAzMTUxMzE5MThaFw0yNDAzMTYxMzE5MThaMBUxEzARBgNVBAMMCjJAdGVzdC5jb20wWTATBgcqhkjOPQIBBggqhkjOPQMBBwNCAAS+Y1FtdGs8Ucfiq/zWhVaVn4ZBowDRf+LHkKkDUQijyqT6F1OlcBHKlpSdutzah71G6VCq62b3AWQkp086ORMGMAoGCCqGSM49BAMCA0gAMEUCIHH+qCw7c9P4WGmGxr+Z6u3tdZRz/XeTlZiocA09UDaoAiEA977yY+pelaDu67wtccznceHBT4wGLWjjfzyxyDdr/lY="}
03-16 14:41:49.065 23318 23560 D MulticastServer: Registration process started with nonce: 343403736
03-16 14:41:49.073 23318 23510 D MulticastServer: Received request for 1@test.com to send ledger with hash ebc2d79deb8acdf3834d685804ac4660b2b01356e5e6c77ab7f0b16d64372396
03-16 14:41:49.149 23318 23560 D MulticastServer: Registration process started with nonce: 1881280375
03-16 14:41:49.196 23318 23569 D RegistrationHandler: FULL_LEDGER 334297199
03-16 14:41:49.302 23318 23569 D RegistrationHandler: FULL_LEDGER 694068306
03-16 14:41:49.343 23318 23569 D RegistrationHandler: FULL_LEDGER 1726119584
03-16 14:41:49.347 23318 23510 D RegistrationHandler: FULL_LEDGER 1726119584
03-16 14:41:49.348 23318 23560 D RegistrationHandler: FULL_LEDGER 1726119584
03-16 14:41:49.382 23318 23570 D MulticastServer: Received request for 1@test.com to send ledger with hash ebc2d79deb8acdf3834d685804ac4660b2b01356e5e6c77ab7f0b16d64372396
03-16 14:41:49.409 23318 23570 D MulticastServer: Received request for 1@test.com to send ledger with hash ebc2d79deb8acdf3834d685804ac4660b2b01356e5e6c77ab7f0b16d64372396
03-16 14:41:49.412 23318 23570 D MulticastServer: Received request for 1@test.com to send ledger with hash ebc2d79deb8acdf3834d685804ac4660b2b01356e5e6c77ab7f0b16d64372396
03-16 14:41:49.447 23318 23570 D RegistrationHandler: FULL_LEDGER 343403736
03-16 14:41:49.457 23318 23560 D RegistrationHandler: FULL_LEDGER 343403736
03-16 14:41:49.530 23318 23510 D MulticastServer: Broadcast block received {"ip":"192.168.1.90","cert":"MIIBGzCBwqADAgECAgYBf5Lh/YgwCgYIKoZIzj0EAwIwFTETMBEGA1UEAwwKMkB0ZXN0LmNvbTAeFw0yMjAzMTUxMzE5MThaFw0yNDAzMTYxMzE5MThaMBUxEzARBgNVBAMMCjJAdGVzdC5jb20wWTATBgcqhkjOPQIBBggqhkjOPQMBBwNCAAS+Y1FtdGs8Ucfiq/zWhVaVn4ZBowDRf+LHkKkDUQijyqT6F1OlcBHKlpSdutzah71G6VCq62b3AWQkp086ORMGMAoGCCqGSM49BAMCA0gAMEUCIHH+qCw7c9P4WGmGxr+Z6u3tdZRz/XeTlZiocA09UDaoAiEA977yY+pelaDu67wtccznceHBT4wGLWjjfzyxyDdr/lY="}
03-16 14:41:49.613 23318 23510 D RegistrationHandler: FULL_LEDGER 68403725
03-16 14:41:49.614 23318 23560 D RegistrationHandler: FULL_LEDGER 68403725
03-16 14:41:49.622 23318 23560 D MulticastServer: Registration process started with nonce: 1671236830
03-16 14:41:49.710 23318 23560 D MulticastServer: Registration process started with nonce: 1367278172
03-16 14:41:49.755 23318 23510 D RegistrationHandler: FULL_LEDGER 1726119584
03-16 14:41:49.798 23318 23510 D RegistrationHandler: FULL_LEDGER 334297199
03-16 14:41:50.125 23318 23570 D MulticastServer: Registration process started with nonce: 1887282107
03-16 14:41:50.161 23318 23510 D RegistrationHandler: FULL_LEDGER 1887282107
03-16 14:41:50.174 23318 23570 D RegistrationHandler: FULL_LEDGER 68403725
03-16 14:41:50.212 23318 23570 D RegistrationHandler: FULL_LEDGER 68403725
03-16 14:41:50.499 23318 23581 D MulticastServer: Registration process finished: 363694794
03-16 14:41:50.659 23318 23569 D RegistrationHandler: FULL_LEDGER 1726119584
03-16 14:41:51.152 23318 23590 D MulticastServer: Registration process finished: 1881280375
03-16 14:41:51.626 23318 23593 D MulticastServer: Registration process finished: 1671236830
03-16 14:41:51.712 23318 23596 D MulticastServer: Registration process finished: 1367278172
03-16 14:41:52.147 23318 23569 D MulticastServer: Registration process started with nonce: 1542702906
03-16 14:41:52.151 23318 23569 D MulticastServer: Received request for ledger with nonce: 1542702906.
