Number of rounds: 10
round 1 of 10
--------- beginning of main
03-16 14:30:32.678 22439 22466 D MulticastServer: MULTICAST_SERVER_LISTENING
03-16 14:30:32.684 22439 23444 D MulticastServer: Registration process started with nonce: 304797059
03-16 14:30:32.689 22439 23451 D MulticastClient: REQUEST_LEDGER 304797059
03-16 14:30:32.691 22439 23451 D MulticastClient: Sent messages: [{"sender":"","payload":"","mt":"REQUEST_LEDGER","sig":"","nonce":304797059,"seq":0,"tot":0}]
03-16 14:30:32.841 22439 23452 D MulticastServer: Received hash from 3@test.com: ebc2d79deb8acdf3834d685804ac4660b2b01356e5e6c77ab7f0b16d64372396
03-16 14:30:32.878 22439 23452 D RegistrationHandler: FULL_LEDGER 304797059
03-16 14:30:33.261 22439 23449 D RegistrationHandler: FULL_LEDGER 304797059
03-16 14:30:33.265 22439 23452 D RegistrationHandler: FULL_LEDGER 304797059
03-16 14:30:33.280 22439 23452 D MulticastServer: Received hash from 3@test.com: ebc2d79deb8acdf3834d685804ac4660b2b01356e5e6c77ab7f0b16d64372396
03-16 14:30:33.663 22439 23452 D RegistrationHandler: FULL_LEDGER 304797059
03-16 14:30:33.705 22439 23452 D MulticastServer: Received hash from 3@test.com: ebc2d79deb8acdf3834d685804ac4660b2b01356e5e6c77ab7f0b16d64372396
03-16 14:30:42.694 22439 23446 D RegistrationHandler: ACCEPTED_LEDGER 304797059 4
03-16 14:30:42.698 22439 23446 D RegistrationHandler: 304797059 Registration started
03-16 14:30:42.702 22439 23446 D MulticastServer: Registration process finished: 304797059
03-16 14:30:42.707 22439 23452 D MulticastClient: Sent messages: [{"sender":"2@test.com","payload":"{\"ip\":\"192.168.1.90\",\"cert\":\"MIIBGzCBwqADAgECAgYBf5Lh\/YgwCgYIKoZIzj0EAwIwFTETMBEGA1UEAwwKMkB0ZXN0LmNvbTAeFw0yMjAzMTUxMzE5MThaFw0yNDAzMTYxMzE5MThaMBUxEzARBgNVBAMMCjJAdGVzdC5jb20wWTATBgcqhkjOPQIBBggqhkjOPQMBBwNCAAS+Y1FtdGs8Ucfiq\/zWhVaVn4ZBowDRf+LHkKkDUQijyqT6F1OlcBHKlpSdutzah71G6VCq62b3AWQkp086ORMGMAoGCCqGSM49BAMCA0gAMEUCIHH+qCw7c9P4WGmGxr+Z6u3tdZRz\/XeTlZiocA09UDaoAiEA977yY+pelaDu67wtccznceHBT4wGLWjjfzyxyDdr\/lY=\"}","mt":"BROADCAST_BLOCK","sig":"MEQCICC5T0u5KqIuyTbIsQiFNz35wr5B9ZNv5rXdRElqf9lVAiAG42IEVh6BpnvIFObjkjd5WYvvIql8BcxqgtWWtQdDIg==","nonce":304797059,"seq":0,"tot":0}]
03-16 14:30:47.970 22439 23452 D MulticastServer: Registration process started with nonce: 1735794636
03-16 14:30:47.975 22439 23452 D MulticastServer: Received request for ledger with nonce: 1735794636.
03-16 14:30:48.009 22439 23452 D MulticastClient: Sent messages: [{"sender":"{\"ip\":\"192.168.1.90\",\"cert\":\"MIIBGzCBwqADAgECAgYBf5Lh\/YgwCgYIKoZIzj0EAwIwFTETMBEGA1UEAwwKMkB0ZXN0LmNvbTAeFw0yMjAzMTUxMzE5MThaFw0yNDAzMTYxMzE5MThaMBUxEzARBgNVBAMMCjJAdGVzdC5jb20wWTATBgcqhkjOPQIBBggqhkjOPQMBBwNCAAS+Y1FtdGs8Ucfiq\/zWhVaVn4ZBowDRf+LHkKkDUQijyqT6F1OlcBHKlpSdutzah71G6VCq62b3AWQkp086ORMGMAoGCCqGSM49BAMCA0gAMEUCIHH+qCw7c9P4WGmGxr+Z6u3tdZRz\/XeTlZiocA09UDaoAiEA977yY+pelaDu67wtccznceHBT4wGLWjjfzyxyDdr\/lY=\"}","payload":"4d4c12426cda9ee1d2f2fd15aa254a5754b3a1988173a7184db0dc1e3b44751a","mt":"LEDGER_HASH","sig":"MEUCIB8yNaM7nAIsElKsT+\/MY8R5kDudhj2Armi6aUzbg8FBAiEAvNrquAvCMKetLfyLdxV59mwBZ2LJ5YYatGWKPE9Was4=","nonce":1735794636,"seq":0,"tot":0}]
03-16 14:30:48.161 22439 23449 D RegistrationHandler: FULL_LEDGER 1735794636
03-16 14:30:48.211 22439 23464 D MulticastServer: Received hash from 1@test.com: 4d4c12426cda9ee1d2f2fd15aa254a5754b3a1988173a7184db0dc1e3b44751a
03-16 14:30:48.220 22439 23451 D MulticastServer: Received hash from 3@test.com: 4d4c12426cda9ee1d2f2fd15aa254a5754b3a1988173a7184db0dc1e3b44751a
03-16 14:30:48.222 22439 23449 D RegistrationHandler: FULL_LEDGER 1735794636
03-16 14:30:48.509 22439 23464 D MulticastServer: Received hash from 3@test.com: 4d4c12426cda9ee1d2f2fd15aa254a5754b3a1988173a7184db0dc1e3b44751a
03-16 14:30:48.522 22439 23464 D MulticastServer: Received hash from 1@test.com: 4d4c12426cda9ee1d2f2fd15aa254a5754b3a1988173a7184db0dc1e3b44751a
03-16 14:30:48.877 22439 23452 D MulticastServer: Received hash from 1@test.com: 4d4c12426cda9ee1d2f2fd15aa254a5754b3a1988173a7184db0dc1e3b44751a
03-16 14:30:48.951 22439 23452 D MulticastServer: Received hash from 3@test.com: 4d4c12426cda9ee1d2f2fd15aa254a5754b3a1988173a7184db0dc1e3b44751a
03-16 14:30:57.979 22439 23494 D RegistrationHandler: ACCEPTED_LEDGER 1735794636 5
03-16 14:30:57.983 22439 23494 D MulticastServer: Registration process finished: 1735794636
03-16 14:30:58.013 22439 23452 D MulticastServer: Broadcast block received {"ip":"192.168.1.97","cert":"MIIBHDCBwqADAgECAgYBf5Ll+aQwCgYIKoZIzj0EAwIwFTETMBEGA1UEAwwKNUB0ZXN0LmNvbTAeFw0yMjAzMTUxMzIzMzlaFw0yNDAzMTYxMzIzMzlaMBUxEzARBgNVBAMMCjVAdGVzdC5jb20wWTATBgcqhkjOPQIBBggqhkjOPQMBBwNCAAS9OhThI4D6g/iEXxfGklrIeXd9Z0M+diiJ9ljAgsIg42aeRti+qPdLXU1/D9cRSqQkfwr3bPWV3oF684Iqni4MMAoGCCqGSM49BAMCA0kAMEYCIQDvSgAgKBB22Z/ooyqUg64EcQUigPLpb+EEue5bwGydWgIhAKus7fYnj5hLAUwnPrCw9vZZ/j2+Hst7+b4ASLL75Nl9"}
round 2 of 10
03-16 14:32:07.510 23587 23636 D MulticastServer: MULTICAST_SERVER_LISTENING
03-16 14:32:07.513 23587 23638 D MulticastServer: Registration process started with nonce: 1974851819
03-16 14:32:07.516 23587 23637 D MulticastClient: REQUEST_LEDGER 1974851819
03-16 14:32:07.517 23587 23637 D MulticastClient: Sent messages: [{"sender":"","payload":"","mt":"REQUEST_LEDGER","sig":"","nonce":1974851819,"seq":0,"tot":0}]
03-16 14:32:08.112 23587 23645 D RegistrationHandler: FULL_LEDGER 1974851819
03-16 14:32:08.132 23587 23657 D MulticastServer: Received hash from 1@test.com: ebc2d79deb8acdf3834d685804ac4660b2b01356e5e6c77ab7f0b16d64372396
03-16 14:32:08.135 23587 23657 D MulticastServer: Received hash from 3@test.com: ebc2d79deb8acdf3834d685804ac4660b2b01356e5e6c77ab7f0b16d64372396
03-16 14:32:08.135 23587 23645 D RegistrationHandler: FULL_LEDGER 1974851819
03-16 14:32:08.477 23587 23645 D RegistrationHandler: FULL_LEDGER 1974851819
03-16 14:32:08.547 23587 23645 D MulticastServer: Received hash from 3@test.com: ebc2d79deb8acdf3834d685804ac4660b2b01356e5e6c77ab7f0b16d64372396
03-16 14:32:08.558 23587 23645 D MulticastServer: Received hash from 1@test.com: ebc2d79deb8acdf3834d685804ac4660b2b01356e5e6c77ab7f0b16d64372396
03-16 14:32:17.521 23587 23639 D RegistrationHandler: ACCEPTED_LEDGER 1974851819 4
03-16 14:32:17.524 23587 23639 D RegistrationHandler: 1974851819 Registration started
03-16 14:32:17.533 23587 23639 D MulticastServer: Registration process finished: 1974851819
03-16 14:32:17.538 23587 23645 D MulticastClient: Sent messages: [{"sender":"2@test.com","payload":"{\"ip\":\"192.168.1.90\",\"cert\":\"MIIBGzCBwqADAgECAgYBf5Lh\/YgwCgYIKoZIzj0EAwIwFTETMBEGA1UEAwwKMkB0ZXN0LmNvbTAeFw0yMjAzMTUxMzE5MThaFw0yNDAzMTYxMzE5MThaMBUxEzARBgNVBAMMCjJAdGVzdC5jb20wWTATBgcqhkjOPQIBBggqhkjOPQMBBwNCAAS+Y1FtdGs8Ucfiq\/zWhVaVn4ZBowDRf+LHkKkDUQijyqT6F1OlcBHKlpSdutzah71G6VCq62b3AWQkp086ORMGMAoGCCqGSM49BAMCA0gAMEUCIHH+qCw7c9P4WGmGxr+Z6u3tdZRz\/XeTlZiocA09UDaoAiEA977yY+pelaDu67wtccznceHBT4wGLWjjfzyxyDdr\/lY=\"}","mt":"BROADCAST_BLOCK","sig":"MEUCIQCusdNChFPY2L8P3qN+Tsw4Y29FgwZESFOY6gmGj7CJrAIgO7aMTmjSyl9HQtz3MZ+6a+UXPjVkXwb511v7MnSZYno=","nonce":1974851819,"seq":0,"tot":0}]
03-16 14:32:22.796 23587 23645 D MulticastServer: Registration process started with nonce: 1767329646
03-16 14:32:22.798 23587 23645 D MulticastServer: Received request for ledger with nonce: 1767329646.
03-16 14:32:22.830 23587 23643 D MulticastClient: Sent messages: [{"sender":"{\"ip\":\"192.168.1.90\",\"cert\":\"MIIBGzCBwqADAgECAgYBf5Lh\/YgwCgYIKoZIzj0EAwIwFTETMBEGA1UEAwwKMkB0ZXN0LmNvbTAeFw0yMjAzMTUxMzE5MThaFw0yNDAzMTYxMzE5MThaMBUxEzARBgNVBAMMCjJAdGVzdC5jb20wWTATBgcqhkjOPQIBBggqhkjOPQMBBwNCAAS+Y1FtdGs8Ucfiq\/zWhVaVn4ZBowDRf+LHkKkDUQijyqT6F1OlcBHKlpSdutzah71G6VCq62b3AWQkp086ORMGMAoGCCqGSM49BAMCA0gAMEUCIHH+qCw7c9P4WGmGxr+Z6u3tdZRz\/XeTlZiocA09UDaoAiEA977yY+pelaDu67wtccznceHBT4wGLWjjfzyxyDdr\/lY=\"}","payload":"4d4c12426cda9ee1d2f2fd15aa254a5754b3a1988173a7184db0dc1e3b44751a","mt":"LEDGER_HASH","sig":"MEQCIGzPy\/F623rFiAZvTfATObHARn2tPC8mU9LGQINv8swwAiBfwkIjCYC9CPjXK7WIdi2aB5X0IYAztETsuGOnDgLIjg==","nonce":1767329646,"seq":0,"tot":0}]
03-16 14:32:22.903 23587 23645 D MulticastServer: Received hash from 1@test.com: 4d4c12426cda9ee1d2f2fd15aa254a5754b3a1988173a7184db0dc1e3b44751a
03-16 14:32:23.043 23587 23637 D MulticastServer: Received hash from 3@test.com: 4d4c12426cda9ee1d2f2fd15aa254a5754b3a1988173a7184db0dc1e3b44751a
03-16 14:32:23.056 23587 23645 D RegistrationHandler: FULL_LEDGER 1767329646
03-16 14:32:23.413 23587 23645 D RegistrationHandler: FULL_LEDGER 1767329646
03-16 14:32:23.719 23587 23643 D MulticastServer: Received hash from 1@test.com: 4d4c12426cda9ee1d2f2fd15aa254a5754b3a1988173a7184db0dc1e3b44751a
03-16 14:32:23.746 23587 23643 D RegistrationHandler: FULL_LEDGER 1767329646
03-16 14:32:23.764 23587 23643 D MulticastServer: Received hash from 3@test.com: 4d4c12426cda9ee1d2f2fd15aa254a5754b3a1988173a7184db0dc1e3b44751a
03-16 14:32:32.804 23587 23660 D RegistrationHandler: ACCEPTED_LEDGER 1767329646 5
03-16 14:32:32.806 23587 23660 D MulticastServer: Registration process finished: 1767329646
03-16 14:32:32.839 23587 23645 D MulticastServer: Broadcast block received {"ip":"192.168.1.97","cert":"MIIBHDCBwqADAgECAgYBf5Ll+aQwCgYIKoZIzj0EAwIwFTETMBEGA1UEAwwKNUB0ZXN0LmNvbTAeFw0yMjAzMTUxMzIzMzlaFw0yNDAzMTYxMzIzMzlaMBUxEzARBgNVBAMMCjVAdGVzdC5jb20wWTATBgcqhkjOPQIBBggqhkjOPQMBBwNCAAS9OhThI4D6g/iEXxfGklrIeXd9Z0M+diiJ9ljAgsIg42aeRti+qPdLXU1/D9cRSqQkfwr3bPWV3oF684Iqni4MMAoGCCqGSM49BAMCA0kAMEYCIQDvSgAgKBB22Z/ooyqUg64EcQUigPLpb+EEue5bwGydWgIhAKus7fYnj5hLAUwnPrCw9vZZ/j2+Hst7+b4ASLL75Nl9"}
03-16 14:32:32.930 23587 23643 D MulticastServer: Received request for 3@test.com to send ledger with hash 4d4c12426cda9ee1d2f2fd15aa254a5754b3a1988173a7184db0dc1e3b44751a
03-16 14:32:32.964 23587 23643 D MulticastServer: Registration process started with nonce: 766271908
03-16 14:32:33.342 23587 23645 D MulticastServer: Received request for 3@test.com to send ledger with hash 4d4c12426cda9ee1d2f2fd15aa254a5754b3a1988173a7184db0dc1e3b44751a
03-16 14:32:33.656 23587 23643 D MulticastServer: Received request for 3@test.com to send ledger with hash 4d4c12426cda9ee1d2f2fd15aa254a5754b3a1988173a7184db0dc1e3b44751a
03-16 14:32:33.657 23587 23645 D MulticastServer: Broadcast block received {"ip":"192.168.1.97","cert":"MIIBHDCBwqADAgECAgYBf5Ll+aQwCgYIKoZIzj0EAwIwFTETMBEGA1UEAwwKNUB0ZXN0LmNvbTAeFw0yMjAzMTUxMzIzMzlaFw0yNDAzMTYxMzIzMzlaMBUxEzARBgNVBAMMCjVAdGVzdC5jb20wWTATBgcqhkjOPQIBBggqhkjOPQMBBwNCAAS9OhThI4D6g/iEXxfGklrIeXd9Z0M+diiJ9ljAgsIg42aeRti+qPdLXU1/D9cRSqQkfwr3bPWV3oF684Iqni4MMAoGCCqGSM49BAMCA0kAMEYCIQDvSgAgKBB22Z/ooyqUg64EcQUigPLpb+EEue5bwGydWgIhAKus7fYnj5hLAUwnPrCw9vZZ/j2+Hst7+b4ASLL75Nl9"}
03-16 14:32:33.779 23587 23658 D RegistrationHandler: FULL_LEDGER 766271908
03-16 14:32:33.791 23587 23645 D RegistrationHandler: FULL_LEDGER 766271908
03-16 14:32:34.064 23587 23645 D MulticastServer: Received request for 1@test.com to send ledger with hash 4d4c12426cda9ee1d2f2fd15aa254a5754b3a1988173a7184db0dc1e3b44751a
03-16 14:32:34.161 23587 23645 D MulticastServer: Received request for 1@test.com to send ledger with hash 4d4c12426cda9ee1d2f2fd15aa254a5754b3a1988173a7184db0dc1e3b44751a
03-16 14:32:34.471 23587 23637 D MulticastServer: Received request for 1@test.com to send ledger with hash 4d4c12426cda9ee1d2f2fd15aa254a5754b3a1988173a7184db0dc1e3b44751a
03-16 14:32:34.673 23587 23637 D MulticastServer: Received request for 3@test.com to send ledger with hash 4d4c12426cda9ee1d2f2fd15aa254a5754b3a1988173a7184db0dc1e3b44751a
03-16 14:32:34.983 23587 23645 D MulticastServer: Received request for 1@test.com to send ledger with hash 4d4c12426cda9ee1d2f2fd15aa254a5754b3a1988173a7184db0dc1e3b44751a
03-16 14:32:35.083 23587 23645 D MulticastServer: Received request for 3@test.com to send ledger with hash 4d4c12426cda9ee1d2f2fd15aa254a5754b3a1988173a7184db0dc1e3b44751a
round 3 of 10
03-16 14:33:42.289 23695 23744 D MulticastServer: MULTICAST_SERVER_LISTENING
03-16 14:33:42.292 23695 23746 D MulticastServer: Registration process started with nonce: 1891597296
03-16 14:33:42.296 23695 23751 D MulticastClient: REQUEST_LEDGER 1891597296
03-16 14:33:42.302 23695 23751 D MulticastClient: Sent messages: [{"sender":"","payload":"","mt":"REQUEST_LEDGER","sig":"","nonce":1891597296,"seq":0,"tot":0}]
03-16 14:33:42.522 23695 23753 D RegistrationHandler: FULL_LEDGER 1891597296
03-16 14:33:42.561 23695 23753 D MulticastServer: Received hash from 3@test.com: ebc2d79deb8acdf3834d685804ac4660b2b01356e5e6c77ab7f0b16d64372396
03-16 14:33:42.944 23695 23753 D RegistrationHandler: FULL_LEDGER 1891597296
03-16 14:33:42.946 23695 23750 D RegistrationHandler: FULL_LEDGER 1891597296
03-16 14:33:43.392 23695 23753 D MulticastServer: Received hash from 3@test.com: ebc2d79deb8acdf3834d685804ac4660b2b01356e5e6c77ab7f0b16d64372396
03-16 14:33:52.299 23695 23747 D RegistrationHandler: ACCEPTED_LEDGER 1891597296 4
03-16 14:33:52.303 23695 23747 D RegistrationHandler: 1891597296 Registration started
03-16 14:33:52.308 23695 23747 D MulticastServer: Registration process finished: 1891597296
03-16 14:33:52.319 23695 23753 D MulticastClient: Sent messages: [{"sender":"2@test.com","payload":"{\"ip\":\"192.168.1.90\",\"cert\":\"MIIBGzCBwqADAgECAgYBf5Lh\/YgwCgYIKoZIzj0EAwIwFTETMBEGA1UEAwwKMkB0ZXN0LmNvbTAeFw0yMjAzMTUxMzE5MThaFw0yNDAzMTYxMzE5MThaMBUxEzARBgNVBAMMCjJAdGVzdC5jb20wWTATBgcqhkjOPQIBBggqhkjOPQMBBwNCAAS+Y1FtdGs8Ucfiq\/zWhVaVn4ZBowDRf+LHkKkDUQijyqT6F1OlcBHKlpSdutzah71G6VCq62b3AWQkp086ORMGMAoGCCqGSM49BAMCA0gAMEUCIHH+qCw7c9P4WGmGxr+Z6u3tdZRz\/XeTlZiocA09UDaoAiEA977yY+pelaDu67wtccznceHBT4wGLWjjfzyxyDdr\/lY=\"}","mt":"BROADCAST_BLOCK","sig":"MEUCIBpaPAL7T841U+R+PCUL0GSJpzy35bf6x\/Gb68labumHAiEAsj2PdmVgWGB8yLd2FNu+uEuliOTgLp9o8NgIHSUO4Ig=","nonce":1891597296,"seq":0,"tot":0}]
03-16 14:33:57.622 23695 23753 D MulticastServer: Registration process started with nonce: 693321125
03-16 14:33:57.626 23695 23753 D MulticastServer: Received request for ledger with nonce: 693321125.
03-16 14:33:57.653 23695 23750 D MulticastClient: Sent messages: [{"sender":"{\"ip\":\"192.168.1.90\",\"cert\":\"MIIBGzCBwqADAgECAgYBf5Lh\/YgwCgYIKoZIzj0EAwIwFTETMBEGA1UEAwwKMkB0ZXN0LmNvbTAeFw0yMjAzMTUxMzE5MThaFw0yNDAzMTYxMzE5MThaMBUxEzARBgNVBAMMCjJAdGVzdC5jb20wWTATBgcqhkjOPQIBBggqhkjOPQMBBwNCAAS+Y1FtdGs8Ucfiq\/zWhVaVn4ZBowDRf+LHkKkDUQijyqT6F1OlcBHKlpSdutzah71G6VCq62b3AWQkp086ORMGMAoGCCqGSM49BAMCA0gAMEUCIHH+qCw7c9P4WGmGxr+Z6u3tdZRz\/XeTlZiocA09UDaoAiEA977yY+pelaDu67wtccznceHBT4wGLWjjfzyxyDdr\/lY=\"}","payload":"4d4c12426cda9ee1d2f2fd15aa254a5754b3a1988173a7184db0dc1e3b44751a","mt":"LEDGER_HASH","sig":"MEYCIQDy+2T+Ks1fm+Wfv6eaAUp3cAeE8QfQyQbXnrtofl26igIhAMq\/Le+k1RkKiPH\/E8kWxZAK2Hq\/W1QIzWlJq\/5lSdMu","nonce":693321125,"seq":0,"tot":0}]
03-16 14:33:57.736 23695 23751 D MulticastServer: Received hash from 1@test.com: 4d4c12426cda9ee1d2f2fd15aa254a5754b3a1988173a7184db0dc1e3b44751a
03-16 14:33:57.782 23695 23753 D RegistrationHandler: FULL_LEDGER 693321125
03-16 14:33:58.176 23695 23753 D MulticastServer: Received hash from 1@test.com: 4d4c12426cda9ee1d2f2fd15aa254a5754b3a1988173a7184db0dc1e3b44751a
03-16 14:33:58.550 23695 23751 D MulticastServer: Received hash from 1@test.com: 4d4c12426cda9ee1d2f2fd15aa254a5754b3a1988173a7184db0dc1e3b44751a
03-16 14:33:58.654 23695 23751 D RegistrationHandler: FULL_LEDGER 693321125
03-16 14:34:07.629 23695 23784 D RegistrationHandler: ACCEPTED_LEDGER 693321125 5
03-16 14:34:07.630 23695 23784 D MulticastServer: Registration process finished: 693321125
03-16 14:34:07.757 23695 23751 D MulticastServer: Received request for 1@test.com to send ledger with hash 4d4c12426cda9ee1d2f2fd15aa254a5754b3a1988173a7184db0dc1e3b44751a
03-16 14:34:08.069 23695 23751 D MulticastServer: Broadcast block received {"ip":"192.168.1.97","cert":"MIIBHDCBwqADAgECAgYBf5Ll+aQwCgYIKoZIzj0EAwIwFTETMBEGA1UEAwwKNUB0ZXN0LmNvbTAeFw0yMjAzMTUxMzIzMzlaFw0yNDAzMTYxMzIzMzlaMBUxEzARBgNVBAMMCjVAdGVzdC5jb20wWTATBgcqhkjOPQIBBggqhkjOPQMBBwNCAAS9OhThI4D6g/iEXxfGklrIeXd9Z0M+diiJ9ljAgsIg42aeRti+qPdLXU1/D9cRSqQkfwr3bPWV3oF684Iqni4MMAoGCCqGSM49BAMCA0kAMEYCIQDvSgAgKBB22Z/ooyqUg64EcQUigPLpb+EEue5bwGydWgIhAKus7fYnj5hLAUwnPrCw9vZZ/j2+Hst7+b4ASLL75Nl9"}
03-16 14:34:08.169 23695 23751 D MulticastServer: Received request for 1@test.com to send ledger with hash 4d4c12426cda9ee1d2f2fd15aa254a5754b3a1988173a7184db0dc1e3b44751a
03-16 14:34:08.476 23695 23751 D MulticastServer: Broadcast block received {"ip":"192.168.1.97","cert":"MIIBHDCBwqADAgECAgYBf5Ll+aQwCgYIKoZIzj0EAwIwFTETMBEGA1UEAwwKNUB0ZXN0LmNvbTAeFw0yMjAzMTUxMzIzMzlaFw0yNDAzMTYxMzIzMzlaMBUxEzARBgNVBAMMCjVAdGVzdC5jb20wWTATBgcqhkjOPQIBBggqhkjOPQMBBwNCAAS9OhThI4D6g/iEXxfGklrIeXd9Z0M+diiJ9ljAgsIg42aeRti+qPdLXU1/D9cRSqQkfwr3bPWV3oF684Iqni4MMAoGCCqGSM49BAMCA0kAMEYCIQDvSgAgKBB22Z/ooyqUg64EcQUigPLpb+EEue5bwGydWgIhAKus7fYnj5hLAUwnPrCw9vZZ/j2+Hst7+b4ASLL75Nl9"}
03-16 14:34:08.575 23695 23751 D MulticastServer: Received request for 1@test.com to send ledger with hash 4d4c12426cda9ee1d2f2fd15aa254a5754b3a1988173a7184db0dc1e3b44751a
03-16 14:34:08.774 23695 23750 D MulticastServer: Received request for 1@test.com to send ledger with hash 4d4c12426cda9ee1d2f2fd15aa254a5754b3a1988173a7184db0dc1e3b44751a
03-16 14:34:08.883 23695 23751 D MulticastServer: Received request for 3@test.com to send ledger with hash 4d4c12426cda9ee1d2f2fd15aa254a5754b3a1988173a7184db0dc1e3b44751a
03-16 14:34:09.195 23695 23751 D MulticastServer: Received request for 1@test.com to send ledger with hash 4d4c12426cda9ee1d2f2fd15aa254a5754b3a1988173a7184db0dc1e3b44751a
03-16 14:34:09.290 23695 23751 D MulticastServer: Received request for 3@test.com to send ledger with hash 4d4c12426cda9ee1d2f2fd15aa254a5754b3a1988173a7184db0dc1e3b44751a
03-16 14:34:09.701 23695 23751 D MulticastServer: Received request for 3@test.com to send ledger with hash 4d4c12426cda9ee1d2f2fd15aa254a5754b3a1988173a7184db0dc1e3b44751a
03-16 14:34:09.807 23695 23751 D MulticastServer: Received request for 2@test.com to send ledger with hash 4d4c12426cda9ee1d2f2fd15aa254a5754b3a1988173a7184db0dc1e3b44751a
03-16 14:34:10.212 23695 23751 D MulticastServer: Received request for 2@test.com to send ledger with hash 4d4c12426cda9ee1d2f2fd15aa254a5754b3a1988173a7184db0dc1e3b44751a
round 4 of 10
03-16 14:35:17.259 23819 23867 D MulticastServer: MULTICAST_SERVER_LISTENING
03-16 14:35:17.261 23819 23869 D MulticastServer: Registration process started with nonce: 2096868424
03-16 14:35:17.263 23819 23868 D MulticastClient: REQUEST_LEDGER 2096868424
03-16 14:35:17.265 23819 23868 D MulticastClient: Sent messages: [{"sender":"","payload":"","mt":"REQUEST_LEDGER","sig":"","nonce":2096868424,"seq":0,"tot":0}]
03-16 14:35:18.212 23819 23875 D MulticastServer: Received hash from 1@test.com: ebc2d79deb8acdf3834d685804ac4660b2b01356e5e6c77ab7f0b16d64372396
03-16 14:35:18.271 23819 23901 D MulticastServer: Received hash from 3@test.com: ebc2d79deb8acdf3834d685804ac4660b2b01356e5e6c77ab7f0b16d64372396
03-16 14:35:18.285 23819 23876 D RegistrationHandler: FULL_LEDGER 2096868424
03-16 14:35:19.061 23819 23876 D RegistrationHandler: FULL_LEDGER 2096868424
03-16 14:35:19.063 23819 23901 D RegistrationHandler: FULL_LEDGER 2096868424
03-16 14:35:19.092 23819 23901 D MulticastServer: Received hash from 3@test.com: ebc2d79deb8acdf3834d685804ac4660b2b01356e5e6c77ab7f0b16d64372396
03-16 14:35:19.121 23819 23901 D RegistrationHandler: FULL_LEDGER 2096868424
03-16 14:35:19.132 23819 23901 D MulticastServer: Received hash from 1@test.com: ebc2d79deb8acdf3834d685804ac4660b2b01356e5e6c77ab7f0b16d64372396
03-16 14:35:27.270 23819 23870 D RegistrationHandler: ACCEPTED_LEDGER 2096868424 4
03-16 14:35:27.274 23819 23870 D RegistrationHandler: 2096868424 Registration started
03-16 14:35:27.293 23819 23870 D MulticastServer: Registration process finished: 2096868424
03-16 14:35:27.306 23819 23901 D MulticastClient: Sent messages: [{"sender":"2@test.com","payload":"{\"ip\":\"192.168.1.90\",\"cert\":\"MIIBGzCBwqADAgECAgYBf5Lh\/YgwCgYIKoZIzj0EAwIwFTETMBEGA1UEAwwKMkB0ZXN0LmNvbTAeFw0yMjAzMTUxMzE5MThaFw0yNDAzMTYxMzE5MThaMBUxEzARBgNVBAMMCjJAdGVzdC5jb20wWTATBgcqhkjOPQIBBggqhkjOPQMBBwNCAAS+Y1FtdGs8Ucfiq\/zWhVaVn4ZBowDRf+LHkKkDUQijyqT6F1OlcBHKlpSdutzah71G6VCq62b3AWQkp086ORMGMAoGCCqGSM49BAMCA0gAMEUCIHH+qCw7c9P4WGmGxr+Z6u3tdZRz\/XeTlZiocA09UDaoAiEA977yY+pelaDu67wtccznceHBT4wGLWjjfzyxyDdr\/lY=\"}","mt":"BROADCAST_BLOCK","sig":"MEYCIQCY71DRSN3dcrF2yfyCOiBEdYRVUppoyOF3AXHUbTUZrQIhAJ2GOiKe\/\/ZjIw7Kou78p52iESB4tFq6Lpalpoe6GvUh","nonce":2096868424,"seq":0,"tot":0}]
03-16 14:35:32.542 23819 23901 D MulticastServer: Registration process started with nonce: 519279588
03-16 14:35:32.545 23819 23901 D MulticastServer: Received request for ledger with nonce: 519279588.
03-16 14:35:32.574 23819 23876 D MulticastClient: Sent messages: [{"sender":"{\"ip\":\"192.168.1.90\",\"cert\":\"MIIBGzCBwqADAgECAgYBf5Lh\/YgwCgYIKoZIzj0EAwIwFTETMBEGA1UEAwwKMkB0ZXN0LmNvbTAeFw0yMjAzMTUxMzE5MThaFw0yNDAzMTYxMzE5MThaMBUxEzARBgNVBAMMCjJAdGVzdC5jb20wWTATBgcqhkjOPQIBBggqhkjOPQMBBwNCAAS+Y1FtdGs8Ucfiq\/zWhVaVn4ZBowDRf+LHkKkDUQijyqT6F1OlcBHKlpSdutzah71G6VCq62b3AWQkp086ORMGMAoGCCqGSM49BAMCA0gAMEUCIHH+qCw7c9P4WGmGxr+Z6u3tdZRz\/XeTlZiocA09UDaoAiEA977yY+pelaDu67wtccznceHBT4wGLWjjfzyxyDdr\/lY=\"}","payload":"4d4c12426cda9ee1d2f2fd15aa254a5754b3a1988173a7184db0dc1e3b44751a","mt":"LEDGER_HASH","sig":"MEUCICwW5Sv+bZcJR+Dyp3MCrOFwL3iZ6Tq6CF2I0KQJjaifAiEAqRWvk\/pqhCn7dIE3Oz+btrl+ETkUfvQKc2udyfzJh2o=","nonce":519279588,"seq":0,"tot":0}]
03-16 14:35:32.698 23819 23875 D RegistrationHandler: FULL_LEDGER 519279588
03-16 14:35:32.715 23819 23909 D MulticastServer: Received hash from 3@test.com: 4d4c12426cda9ee1d2f2fd15aa254a5754b3a1988173a7184db0dc1e3b44751a
03-16 14:35:32.716 23819 23875 D RegistrationHandler: FULL_LEDGER 519279588
03-16 14:35:33.138 23819 23875 D MulticastServer: Received hash from 3@test.com: 4d4c12426cda9ee1d2f2fd15aa254a5754b3a1988173a7184db0dc1e3b44751a
03-16 14:35:33.138 23819 23909 D MulticastServer: Received hash from 1@test.com: 4d4c12426cda9ee1d2f2fd15aa254a5754b3a1988173a7184db0dc1e3b44751a
03-16 14:35:33.545 23819 23875 D MulticastServer: Received hash from 3@test.com: 4d4c12426cda9ee1d2f2fd15aa254a5754b3a1988173a7184db0dc1e3b44751a
03-16 14:35:33.551 23819 23875 D MulticastServer: Received hash from 1@test.com: 4d4c12426cda9ee1d2f2fd15aa254a5754b3a1988173a7184db0dc1e3b44751a
03-16 14:35:42.542 23819 23875 D MulticastServer: Broadcast block received {"ip":"192.168.1.97","cert":"MIIBHDCBwqADAgECAgYBf5Ll+aQwCgYIKoZIzj0EAwIwFTETMBEGA1UEAwwKNUB0ZXN0LmNvbTAeFw0yMjAzMTUxMzIzMzlaFw0yNDAzMTYxMzIzMzlaMBUxEzARBgNVBAMMCjVAdGVzdC5jb20wWTATBgcqhkjOPQIBBggqhkjOPQMBBwNCAAS9OhThI4D6g/iEXxfGklrIeXd9Z0M+diiJ9ljAgsIg42aeRti+qPdLXU1/D9cRSqQkfwr3bPWV3oF684Iqni4MMAoGCCqGSM49BAMCA0kAMEYCIQDvSgAgKBB22Z/ooyqUg64EcQUigPLpb+EEue5bwGydWgIhAKus7fYnj5hLAUwnPrCw9vZZ/j2+Hst7+b4ASLL75Nl9"}
03-16 14:35:42.550 23819 23905 D RegistrationHandler: ACCEPTED_LEDGER 519279588 5
03-16 14:35:42.553 23819 23905 D MulticastServer: Registration process finished: 519279588
03-16 14:35:42.898 23819 23875 D MulticastServer: Broadcast block received {"ip":"192.168.1.97","cert":"MIIBHDCBwqADAgECAgYBf5Ll+aQwCgYIKoZIzj0EAwIwFTETMBEGA1UEAwwKNUB0ZXN0LmNvbTAeFw0yMjAzMTUxMzIzMzlaFw0yNDAzMTYxMzIzMzlaMBUxEzARBgNVBAMMCjVAdGVzdC5jb20wWTATBgcqhkjOPQIBBggqhkjOPQMBBwNCAAS9OhThI4D6g/iEXxfGklrIeXd9Z0M+diiJ9ljAgsIg42aeRti+qPdLXU1/D9cRSqQkfwr3bPWV3oF684Iqni4MMAoGCCqGSM49BAMCA0kAMEYCIQDvSgAgKBB22Z/ooyqUg64EcQUigPLpb+EEue5bwGydWgIhAKus7fYnj5hLAUwnPrCw9vZZ/j2+Hst7+b4ASLL75Nl9"}
03-16 14:35:43.406 23819 23875 D MulticastServer: Broadcast block received {"ip":"192.168.1.97","cert":"MIIBHDCBwqADAgECAgYBf5Ll+aQwCgYIKoZIzj0EAwIwFTETMBEGA1UEAwwKNUB0ZXN0LmNvbTAeFw0yMjAzMTUxMzIzMzlaFw0yNDAzMTYxMzIzMzlaMBUxEzARBgNVBAMMCjVAdGVzdC5jb20wWTATBgcqhkjOPQIBBggqhkjOPQMBBwNCAAS9OhThI4D6g/iEXxfGklrIeXd9Z0M+diiJ9ljAgsIg42aeRti+qPdLXU1/D9cRSqQkfwr3bPWV3oF684Iqni4MMAoGCCqGSM49BAMCA0kAMEYCIQDvSgAgKBB22Z/ooyqUg64EcQUigPLpb+EEue5bwGydWgIhAKus7fYnj5hLAUwnPrCw9vZZ/j2+Hst7+b4ASLL75Nl9"}
round 5 of 10
03-16 14:36:51.626 23943 23991 D MulticastServer: MULTICAST_SERVER_LISTENING
03-16 14:36:51.628 23943 23993 D MulticastServer: Registration process started with nonce: 423545863
03-16 14:36:51.631 23943 23992 D MulticastClient: REQUEST_LEDGER 423545863
03-16 14:36:51.633 23943 23992 D MulticastClient: Sent messages: [{"sender":"","payload":"","mt":"REQUEST_LEDGER","sig":"","nonce":423545863,"seq":0,"tot":0}]
03-16 14:36:51.807 23943 23999 D MulticastServer: Received hash from 1@test.com: ebc2d79deb8acdf3834d685804ac4660b2b01356e5e6c77ab7f0b16d64372396
03-16 14:36:51.838 23943 23999 D RegistrationHandler: FULL_LEDGER 423545863
03-16 14:36:51.861 23943 23999 D MulticastServer: Received hash from 3@test.com: ebc2d79deb8acdf3834d685804ac4660b2b01356e5e6c77ab7f0b16d64372396
03-16 14:36:51.865 23943 24017 D RegistrationHandler: FULL_LEDGER 423545863
03-16 14:36:52.213 23943 23999 D MulticastServer: Received hash from 1@test.com: ebc2d79deb8acdf3834d685804ac4660b2b01356e5e6c77ab7f0b16d64372396
03-16 14:36:52.285 23943 23999 D MulticastServer: Received hash from 3@test.com: ebc2d79deb8acdf3834d685804ac4660b2b01356e5e6c77ab7f0b16d64372396
03-16 14:36:52.689 23943 24017 D MulticastServer: Received hash from 3@test.com: ebc2d79deb8acdf3834d685804ac4660b2b01356e5e6c77ab7f0b16d64372396
03-16 14:36:52.728 23943 24017 D MulticastServer: Received hash from 1@test.com: ebc2d79deb8acdf3834d685804ac4660b2b01356e5e6c77ab7f0b16d64372396
03-16 14:37:01.635 23943 23994 D RegistrationHandler: ACCEPTED_LEDGER 423545863 4
03-16 14:37:01.637 23943 23994 D RegistrationHandler: 423545863 Registration started
03-16 14:37:01.641 23943 23994 D MulticastServer: Registration process finished: 423545863
03-16 14:37:01.647 23943 24017 D MulticastClient: Sent messages: [{"sender":"2@test.com","payload":"{\"ip\":\"192.168.1.90\",\"cert\":\"MIIBGzCBwqADAgECAgYBf5Lh\/YgwCgYIKoZIzj0EAwIwFTETMBEGA1UEAwwKMkB0ZXN0LmNvbTAeFw0yMjAzMTUxMzE5MThaFw0yNDAzMTYxMzE5MThaMBUxEzARBgNVBAMMCjJAdGVzdC5jb20wWTATBgcqhkjOPQIBBggqhkjOPQMBBwNCAAS+Y1FtdGs8Ucfiq\/zWhVaVn4ZBowDRf+LHkKkDUQijyqT6F1OlcBHKlpSdutzah71G6VCq62b3AWQkp086ORMGMAoGCCqGSM49BAMCA0gAMEUCIHH+qCw7c9P4WGmGxr+Z6u3tdZRz\/XeTlZiocA09UDaoAiEA977yY+pelaDu67wtccznceHBT4wGLWjjfzyxyDdr\/lY=\"}","mt":"BROADCAST_BLOCK","sig":"MEUCIQC8n2+IK0nw2lNqgYcq9TI7T5En5mFbSIZEldOsnPrHcAIgcGRMHkgcMk49OSBXbbvoyduibvduBBh8DqFIxg8ZbtY=","nonce":423545863,"seq":0,"tot":0}]
03-16 14:37:07.064 23943 24017 D MulticastServer: Registration process started with nonce: 1036374480
03-16 14:37:07.067 23943 24017 D MulticastServer: Received request for ledger with nonce: 1036374480.
03-16 14:37:07.123 23943 23999 D MulticastClient: Sent messages: [{"sender":"{\"ip\":\"192.168.1.90\",\"cert\":\"MIIBGzCBwqADAgECAgYBf5Lh\/YgwCgYIKoZIzj0EAwIwFTETMBEGA1UEAwwKMkB0ZXN0LmNvbTAeFw0yMjAzMTUxMzE5MThaFw0yNDAzMTYxMzE5MThaMBUxEzARBgNVBAMMCjJAdGVzdC5jb20wWTATBgcqhkjOPQIBBggqhkjOPQMBBwNCAAS+Y1FtdGs8Ucfiq\/zWhVaVn4ZBowDRf+LHkKkDUQijyqT6F1OlcBHKlpSdutzah71G6VCq62b3AWQkp086ORMGMAoGCCqGSM49BAMCA0gAMEUCIHH+qCw7c9P4WGmGxr+Z6u3tdZRz\/XeTlZiocA09UDaoAiEA977yY+pelaDu67wtccznceHBT4wGLWjjfzyxyDdr\/lY=\"}","payload":"4d4c12426cda9ee1d2f2fd15aa254a5754b3a1988173a7184db0dc1e3b44751a","mt":"LEDGER_HASH","sig":"MEUCIFrUVUtCD54TuyAWfW3cjMs0aRp+04XXwZxXS05+fFEmAiEAkVGoPuadTPP5eFMeXIdsrpIyEN1nbb3aXEgXQW\/ZvY8=","nonce":1036374480,"seq":0,"tot":0}]
03-16 14:37:07.248 23943 23992 D MulticastServer: Received hash from 1@test.com: 4d4c12426cda9ee1d2f2fd15aa254a5754b3a1988173a7184db0dc1e3b44751a
03-16 14:37:07.616 23943 24029 D RegistrationHandler: FULL_LEDGER 1036374480
03-16 14:37:07.621 23943 23992 D RegistrationHandler: FULL_LEDGER 1036374480
03-16 14:37:07.630 23943 23992 D RegistrationHandler: FULL_LEDGER 1036374480
03-16 14:37:07.639 23943 24029 D RegistrationHandler: FULL_LEDGER 1036374480
03-16 14:37:07.655 23943 24029 D MulticastServer: Received hash from 1@test.com: 4d4c12426cda9ee1d2f2fd15aa254a5754b3a1988173a7184db0dc1e3b44751a
03-16 14:37:08.004 23943 23999 D RegistrationHandler: FULL_LEDGER 1036374480
03-16 14:37:17.004 23943 23999 D MulticastServer: Broadcast block received {"ip":"192.168.1.97","cert":"MIIBHDCBwqADAgECAgYBf5Ll+aQwCgYIKoZIzj0EAwIwFTETMBEGA1UEAwwKNUB0ZXN0LmNvbTAeFw0yMjAzMTUxMzIzMzlaFw0yNDAzMTYxMzIzMzlaMBUxEzARBgNVBAMMCjVAdGVzdC5jb20wWTATBgcqhkjOPQIBBggqhkjOPQMBBwNCAAS9OhThI4D6g/iEXxfGklrIeXd9Z0M+diiJ9ljAgsIg42aeRti+qPdLXU1/D9cRSqQkfwr3bPWV3oF684Iqni4MMAoGCCqGSM49BAMCA0kAMEYCIQDvSgAgKBB22Z/ooyqUg64EcQUigPLpb+EEue5bwGydWgIhAKus7fYnj5hLAUwnPrCw9vZZ/j2+Hst7+b4ASLL75Nl9"}
03-16 14:37:17.071 23943 24026 D RegistrationHandler: ACCEPTED_LEDGER 1036374480 5
03-16 14:37:17.072 23943 24026 D MulticastServer: Registration process finished: 1036374480
03-16 14:37:17.412 23943 23999 D MulticastServer: Broadcast block received {"ip":"192.168.1.97","cert":"MIIBHDCBwqADAgECAgYBf5Ll+aQwCgYIKoZIzj0EAwIwFTETMBEGA1UEAwwKNUB0ZXN0LmNvbTAeFw0yMjAzMTUxMzIzMzlaFw0yNDAzMTYxMzIzMzlaMBUxEzARBgNVBAMMCjVAdGVzdC5jb20wWTATBgcqhkjOPQIBBggqhkjOPQMBBwNCAAS9OhThI4D6g/iEXxfGklrIeXd9Z0M+diiJ9ljAgsIg42aeRti+qPdLXU1/D9cRSqQkfwr3bPWV3oF684Iqni4MMAoGCCqGSM49BAMCA0kAMEYCIQDvSgAgKBB22Z/ooyqUg64EcQUigPLpb+EEue5bwGydWgIhAKus7fYnj5hLAUwnPrCw9vZZ/j2+Hst7+b4ASLL75Nl9"}
03-16 14:37:17.819 23943 23999 D MulticastServer: Broadcast block received {"ip":"192.168.1.97","cert":"MIIBHDCBwqADAgECAgYBf5Ll+aQwCgYIKoZIzj0EAwIwFTETMBEGA1UEAwwKNUB0ZXN0LmNvbTAeFw0yMjAzMTUxMzIzMzlaFw0yNDAzMTYxMzIzMzlaMBUxEzARBgNVBAMMCjVAdGVzdC5jb20wWTATBgcqhkjOPQIBBggqhkjOPQMBBwNCAAS9OhThI4D6g/iEXxfGklrIeXd9Z0M+diiJ9ljAgsIg42aeRti+qPdLXU1/D9cRSqQkfwr3bPWV3oF684Iqni4MMAoGCCqGSM49BAMCA0kAMEYCIQDvSgAgKBB22Z/ooyqUg64EcQUigPLpb+EEue5bwGydWgIhAKus7fYnj5hLAUwnPrCw9vZZ/j2+Hst7+b4ASLL75Nl9"}
round 6 of 10
03-16 14:38:26.632 24063 24108 D MulticastServer: MULTICAST_SERVER_LISTENING
03-16 14:38:26.636 24063 24110 D MulticastServer: Registration process started with nonce: 205574712
03-16 14:38:26.640 24063 24114 D MulticastClient: REQUEST_LEDGER 205574712
03-16 14:38:26.646 24063 24114 D MulticastClient: Sent messages: [{"sender":"","payload":"","mt":"REQUEST_LEDGER","sig":"","nonce":205574712,"seq":0,"tot":0}]
03-16 14:38:27.255 24063 24115 D MulticastServer: Received hash from 3@test.com: ebc2d79deb8acdf3834d685804ac4660b2b01356e5e6c77ab7f0b16d64372396
03-16 14:38:27.345 24063 24115 D MulticastServer: Received hash from 1@test.com: ebc2d79deb8acdf3834d685804ac4660b2b01356e5e6c77ab7f0b16d64372396
03-16 14:38:27.692 24063 24115 D RegistrationHandler: FULL_LEDGER 205574712
03-16 14:38:27.699 24063 24114 D RegistrationHandler: FULL_LEDGER 205574712
03-16 14:38:27.704 24063 24115 D RegistrationHandler: FULL_LEDGER 205574712
03-16 14:38:27.705 24063 24117 D RegistrationHandler: FULL_LEDGER 205574712
03-16 14:38:27.720 24063 24132 D RegistrationHandler: FULL_LEDGER 205574712
03-16 14:38:27.722 24063 24131 D RegistrationHandler: FULL_LEDGER 205574712
03-16 14:38:27.776 24063 24132 D MulticastServer: Received hash from 1@test.com: ebc2d79deb8acdf3834d685804ac4660b2b01356e5e6c77ab7f0b16d64372396
03-16 14:38:28.109 24063 24132 D RegistrationHandler: FULL_LEDGER 205574712
03-16 14:38:36.644 24063 24111 D RegistrationHandler: ACCEPTED_LEDGER 205574712 4
03-16 14:38:36.647 24063 24111 D RegistrationHandler: 205574712 Registration started
03-16 14:38:36.651 24063 24111 D MulticastServer: Registration process finished: 205574712
03-16 14:38:36.655 24063 24132 D MulticastClient: Sent messages: [{"sender":"2@test.com","payload":"{\"ip\":\"192.168.1.90\",\"cert\":\"MIIBGzCBwqADAgECAgYBf5Lh\/YgwCgYIKoZIzj0EAwIwFTETMBEGA1UEAwwKMkB0ZXN0LmNvbTAeFw0yMjAzMTUxMzE5MThaFw0yNDAzMTYxMzE5MThaMBUxEzARBgNVBAMMCjJAdGVzdC5jb20wWTATBgcqhkjOPQIBBggqhkjOPQMBBwNCAAS+Y1FtdGs8Ucfiq\/zWhVaVn4ZBowDRf+LHkKkDUQijyqT6F1OlcBHKlpSdutzah71G6VCq62b3AWQkp086ORMGMAoGCCqGSM49BAMCA0gAMEUCIHH+qCw7c9P4WGmGxr+Z6u3tdZRz\/XeTlZiocA09UDaoAiEA977yY+pelaDu67wtccznceHBT4wGLWjjfzyxyDdr\/lY=\"}","mt":"BROADCAST_BLOCK","sig":"MEYCIQD+OVuIvipLUWCmnqjnXKrhqBqogaSEa0lMS4sQyArwtQIhAKdOV+bdgAgZkhhWz0vnm5tR5PPvxpEf1oDe8DoEx9Lk","nonce":205574712,"seq":0,"tot":0}]
03-16 14:38:41.778 24063 24132 D MulticastServer: Registration process started with nonce: 979231159
03-16 14:38:41.781 24063 24132 D MulticastServer: Received request for ledger with nonce: 979231159.
03-16 14:38:41.811 24063 24114 D MulticastClient: Sent messages: [{"sender":"{\"ip\":\"192.168.1.90\",\"cert\":\"MIIBGzCBwqADAgECAgYBf5Lh\/YgwCgYIKoZIzj0EAwIwFTETMBEGA1UEAwwKMkB0ZXN0LmNvbTAeFw0yMjAzMTUxMzE5MThaFw0yNDAzMTYxMzE5MThaMBUxEzARBgNVBAMMCjJAdGVzdC5jb20wWTATBgcqhkjOPQIBBggqhkjOPQMBBwNCAAS+Y1FtdGs8Ucfiq\/zWhVaVn4ZBowDRf+LHkKkDUQijyqT6F1OlcBHKlpSdutzah71G6VCq62b3AWQkp086ORMGMAoGCCqGSM49BAMCA0gAMEUCIHH+qCw7c9P4WGmGxr+Z6u3tdZRz\/XeTlZiocA09UDaoAiEA977yY+pelaDu67wtccznceHBT4wGLWjjfzyxyDdr\/lY=\"}","payload":"4d4c12426cda9ee1d2f2fd15aa254a5754b3a1988173a7184db0dc1e3b44751a","mt":"LEDGER_HASH","sig":"MEUCIQDIkADE+TtW5G4y49gCiOGl5+e2\/GNBH8ElSJEU9SRqtgIgYU7sd9ejj62f8YpMEDl3gDq\/Q4eFLS5rIxT6wSbgaJo=","nonce":979231159,"seq":0,"tot":0}]
03-16 14:38:41.962 24063 24131 D RegistrationHandler: FULL_LEDGER 979231159
03-16 14:38:41.963 24063 24117 D MulticastServer: Received hash from 3@test.com: 4d4c12426cda9ee1d2f2fd15aa254a5754b3a1988173a7184db0dc1e3b44751a
03-16 14:38:42.342 24063 24131 D RegistrationHandler: FULL_LEDGER 979231159
03-16 14:38:42.347 24063 24132 D RegistrationHandler: FULL_LEDGER 979231159
03-16 14:38:42.350 24063 24117 D RegistrationHandler: FULL_LEDGER 979231159
03-16 14:38:42.352 24063 24115 D RegistrationHandler: FULL_LEDGER 979231159
03-16 14:38:42.376 24063 24132 D MulticastServer: Received hash from 3@test.com: 4d4c12426cda9ee1d2f2fd15aa254a5754b3a1988173a7184db0dc1e3b44751a
03-16 14:38:42.728 24063 24114 D RegistrationHandler: FULL_LEDGER 979231159
03-16 14:38:42.747 24063 24114 D MulticastServer: Received hash from 3@test.com: 4d4c12426cda9ee1d2f2fd15aa254a5754b3a1988173a7184db0dc1e3b44751a
03-16 14:38:42.774 24063 24114 D RegistrationHandler: FULL_LEDGER 979231159
03-16 14:38:51.786 24063 24158 D RegistrationHandler: ACCEPTED_LEDGER 979231159 5
03-16 14:38:51.788 24063 24158 D MulticastServer: Registration process finished: 979231159
03-16 14:38:51.822 24063 24114 D MulticastServer: Broadcast block received {"ip":"192.168.1.97","cert":"MIIBHDCBwqADAgECAgYBf5Ll+aQwCgYIKoZIzj0EAwIwFTETMBEGA1UEAwwKNUB0ZXN0LmNvbTAeFw0yMjAzMTUxMzIzMzlaFw0yNDAzMTYxMzIzMzlaMBUxEzARBgNVBAMMCjVAdGVzdC5jb20wWTATBgcqhkjOPQIBBggqhkjOPQMBBwNCAAS9OhThI4D6g/iEXxfGklrIeXd9Z0M+diiJ9ljAgsIg42aeRti+qPdLXU1/D9cRSqQkfwr3bPWV3oF684Iqni4MMAoGCCqGSM49BAMCA0kAMEYCIQDvSgAgKBB22Z/ooyqUg64EcQUigPLpb+EEue5bwGydWgIhAKus7fYnj5hLAUwnPrCw9vZZ/j2+Hst7+b4ASLL75Nl9"}
03-16 14:38:52.256 24063 24114 D MulticastServer: Broadcast block received {"ip":"192.168.1.97","cert":"MIIBHDCBwqADAgECAgYBf5Ll+aQwCgYIKoZIzj0EAwIwFTETMBEGA1UEAwwKNUB0ZXN0LmNvbTAeFw0yMjAzMTUxMzIzMzlaFw0yNDAzMTYxMzIzMzlaMBUxEzARBgNVBAMMCjVAdGVzdC5jb20wWTATBgcqhkjOPQIBBggqhkjOPQMBBwNCAAS9OhThI4D6g/iEXxfGklrIeXd9Z0M+diiJ9ljAgsIg42aeRti+qPdLXU1/D9cRSqQkfwr3bPWV3oF684Iqni4MMAoGCCqGSM49BAMCA0kAMEYCIQDvSgAgKBB22Z/ooyqUg64EcQUigPLpb+EEue5bwGydWgIhAKus7fYnj5hLAUwnPrCw9vZZ/j2+Hst7+b4ASLL75Nl9"}
round 7 of 10
03-16 14:40:01.175 24197 24276 D MulticastServer: MULTICAST_SERVER_LISTENING
03-16 14:40:01.179 24197 24279 D MulticastServer: Registration process started with nonce: 1674804687
03-16 14:40:01.183 24197 24283 D MulticastClient: REQUEST_LEDGER 1674804687
03-16 14:40:01.189 24197 24283 D MulticastClient: Sent messages: [{"sender":"","payload":"","mt":"REQUEST_LEDGER","sig":"","nonce":1674804687,"seq":0,"tot":0}]
03-16 14:40:01.764 24197 24284 D MulticastServer: Received hash from 1@test.com: ebc2d79deb8acdf3834d685804ac4660b2b01356e5e6c77ab7f0b16d64372396
03-16 14:40:01.779 24197 24286 D RegistrationHandler: FULL_LEDGER 1674804687
03-16 14:40:01.826 24197 24286 D RegistrationHandler: FULL_LEDGER 1674804687
03-16 14:40:01.828 24197 24284 D RegistrationHandler: FULL_LEDGER 1674804687
03-16 14:40:01.846 24197 24284 D MulticastServer: Received hash from 3@test.com: ebc2d79deb8acdf3834d685804ac4660b2b01356e5e6c77ab7f0b16d64372396
03-16 14:40:01.855 24197 24302 D RegistrationHandler: FULL_LEDGER 1674804687
03-16 14:40:02.172 24197 24283 D MulticastServer: Received hash from 3@test.com: ebc2d79deb8acdf3834d685804ac4660b2b01356e5e6c77ab7f0b16d64372396
03-16 14:40:02.175 24197 24302 D MulticastServer: Received hash from 1@test.com: ebc2d79deb8acdf3834d685804ac4660b2b01356e5e6c77ab7f0b16d64372396
03-16 14:40:02.223 24197 24302 D RegistrationHandler: FULL_LEDGER 1674804687
03-16 14:40:11.187 24197 24280 D RegistrationHandler: ACCEPTED_LEDGER 1674804687 4
03-16 14:40:11.190 24197 24280 D RegistrationHandler: 1674804687 Registration started
03-16 14:40:11.194 24197 24280 D MulticastServer: Registration process finished: 1674804687
03-16 14:40:11.207 24197 24302 D MulticastClient: Sent messages: [{"sender":"2@test.com","payload":"{\"ip\":\"192.168.1.90\",\"cert\":\"MIIBGzCBwqADAgECAgYBf5Lh\/YgwCgYIKoZIzj0EAwIwFTETMBEGA1UEAwwKMkB0ZXN0LmNvbTAeFw0yMjAzMTUxMzE5MThaFw0yNDAzMTYxMzE5MThaMBUxEzARBgNVBAMMCjJAdGVzdC5jb20wWTATBgcqhkjOPQIBBggqhkjOPQMBBwNCAAS+Y1FtdGs8Ucfiq\/zWhVaVn4ZBowDRf+LHkKkDUQijyqT6F1OlcBHKlpSdutzah71G6VCq62b3AWQkp086ORMGMAoGCCqGSM49BAMCA0gAMEUCIHH+qCw7c9P4WGmGxr+Z6u3tdZRz\/XeTlZiocA09UDaoAiEA977yY+pelaDu67wtccznceHBT4wGLWjjfzyxyDdr\/lY=\"}","mt":"BROADCAST_BLOCK","sig":"MEUCIAcLB87BGskede+JjHYa2rZBH4\/PtxECXa9SW+Gi2EaBAiEAhzV7TUk2q\/\/+wPXs6g90V9UiYGhM3QzOzUr64NSKJ0o=","nonce":1674804687,"seq":0,"tot":0}]
03-16 14:40:16.399 24197 24302 D MulticastServer: Registration process started with nonce: 1262864123
03-16 14:40:16.402 24197 24302 D MulticastServer: Received request for ledger with nonce: 1262864123.
03-16 14:40:16.436 24197 24283 D MulticastClient: Sent messages: [{"sender":"{\"ip\":\"192.168.1.90\",\"cert\":\"MIIBGzCBwqADAgECAgYBf5Lh\/YgwCgYIKoZIzj0EAwIwFTETMBEGA1UEAwwKMkB0ZXN0LmNvbTAeFw0yMjAzMTUxMzE5MThaFw0yNDAzMTYxMzE5MThaMBUxEzARBgNVBAMMCjJAdGVzdC5jb20wWTATBgcqhkjOPQIBBggqhkjOPQMBBwNCAAS+Y1FtdGs8Ucfiq\/zWhVaVn4ZBowDRf+LHkKkDUQijyqT6F1OlcBHKlpSdutzah71G6VCq62b3AWQkp086ORMGMAoGCCqGSM49BAMCA0gAMEUCIHH+qCw7c9P4WGmGxr+Z6u3tdZRz\/XeTlZiocA09UDaoAiEA977yY+pelaDu67wtccznceHBT4wGLWjjfzyxyDdr\/lY=\"}","payload":"4d4c12426cda9ee1d2f2fd15aa254a5754b3a1988173a7184db0dc1e3b44751a","mt":"LEDGER_HASH","sig":"MEUCIQCldMPWe7hBjKto\/Xe\/tzpFTkjor1CQafkpq2HP0UaK0QIgJOspFOHo+sD4zWwt9SQBFgGIzIe41PC1\/IFWo5TOGDA=","nonce":1262864123,"seq":0,"tot":0}]
03-16 14:40:16.584 24197 24284 D RegistrationHandler: FULL_LEDGER 1262864123
03-16 14:40:16.644 24197 24302 D MulticastServer: Received hash from 3@test.com: 4d4c12426cda9ee1d2f2fd15aa254a5754b3a1988173a7184db0dc1e3b44751a
03-16 14:40:16.650 24197 24286 D MulticastServer: Received hash from 1@test.com: 4d4c12426cda9ee1d2f2fd15aa254a5754b3a1988173a7184db0dc1e3b44751a
03-16 14:40:16.651 24197 24284 D RegistrationHandler: FULL_LEDGER 1262864123
03-16 14:40:16.991 24197 24303 D MulticastServer: Received hash from 3@test.com: 4d4c12426cda9ee1d2f2fd15aa254a5754b3a1988173a7184db0dc1e3b44751a
03-16 14:40:17.069 24197 24302 D MulticastServer: Received hash from 1@test.com: 4d4c12426cda9ee1d2f2fd15aa254a5754b3a1988173a7184db0dc1e3b44751a
03-16 14:40:17.348 24197 24283 D MulticastServer: Received hash from 3@test.com: 4d4c12426cda9ee1d2f2fd15aa254a5754b3a1988173a7184db0dc1e3b44751a
03-16 14:40:17.381 24197 24283 D MulticastServer: Received hash from 1@test.com: 4d4c12426cda9ee1d2f2fd15aa254a5754b3a1988173a7184db0dc1e3b44751a
03-16 14:40:26.406 24197 24304 D RegistrationHandler: ACCEPTED_LEDGER 1262864123 5
03-16 14:40:26.409 24197 24304 D MulticastServer: Registration process finished: 1262864123
03-16 14:40:26.444 24197 24283 D MulticastServer: Broadcast block received {"ip":"192.168.1.97","cert":"MIIBHDCBwqADAgECAgYBf5Ll+aQwCgYIKoZIzj0EAwIwFTETMBEGA1UEAwwKNUB0ZXN0LmNvbTAeFw0yMjAzMTUxMzIzMzlaFw0yNDAzMTYxMzIzMzlaMBUxEzARBgNVBAMMCjVAdGVzdC5jb20wWTATBgcqhkjOPQIBBggqhkjOPQMBBwNCAAS9OhThI4D6g/iEXxfGklrIeXd9Z0M+diiJ9ljAgsIg42aeRti+qPdLXU1/D9cRSqQkfwr3bPWV3oF684Iqni4MMAoGCCqGSM49BAMCA0kAMEYCIQDvSgAgKBB22Z/ooyqUg64EcQUigPLpb+EEue5bwGydWgIhAKus7fYnj5hLAUwnPrCw9vZZ/j2+Hst7+b4ASLL75Nl9"}
03-16 14:40:26.853 24197 24283 D MulticastServer: Broadcast block received {"ip":"192.168.1.97","cert":"MIIBHDCBwqADAgECAgYBf5Ll+aQwCgYIKoZIzj0EAwIwFTETMBEGA1UEAwwKNUB0ZXN0LmNvbTAeFw0yMjAzMTUxMzIzMzlaFw0yNDAzMTYxMzIzMzlaMBUxEzARBgNVBAMMCjVAdGVzdC5jb20wWTATBgcqhkjOPQIBBggqhkjOPQMBBwNCAAS9OhThI4D6g/iEXxfGklrIeXd9Z0M+diiJ9ljAgsIg42aeRti+qPdLXU1/D9cRSqQkfwr3bPWV3oF684Iqni4MMAoGCCqGSM49BAMCA0kAMEYCIQDvSgAgKBB22Z/ooyqUg64EcQUigPLpb+EEue5bwGydWgIhAKus7fYnj5hLAUwnPrCw9vZZ/j2+Hst7+b4ASLL75Nl9"}
round 8 of 10
03-16 14:41:35.731 24349 24399 D MulticastServer: MULTICAST_SERVER_LISTENING
03-16 14:41:35.734 24349 24401 D MulticastServer: Registration process started with nonce: 842423883
03-16 14:41:35.737 24349 24405 D MulticastClient: REQUEST_LEDGER 842423883
03-16 14:41:35.739 24349 24405 D MulticastClient: Sent messages: [{"sender":"","payload":"","mt":"REQUEST_LEDGER","sig":"","nonce":842423883,"seq":0,"tot":0}]
03-16 14:41:35.858 24349 24408 D MulticastServer: Received hash from 1@test.com: ebc2d79deb8acdf3834d685804ac4660b2b01356e5e6c77ab7f0b16d64372396
03-16 14:41:36.297 24349 24408 D MulticastServer: Received hash from 1@test.com: ebc2d79deb8acdf3834d685804ac4660b2b01356e5e6c77ab7f0b16d64372396
03-16 14:41:45.739 24349 24402 D RegistrationHandler: 842423883 Accepted hash from 1@test.com: ebc2d79deb8acdf3834d685804ac4660b2b01356e5e6c77ab7f0b16d64372396
03-16 14:41:45.743 24349 24405 D MulticastClient: Sent messages: [{"sender":"","payload":"1@test.com:ebc2d79deb8acdf3834d685804ac4660b2b01356e5e6c77ab7f0b16d64372396","mt":"REQUEST_SPECIFIC_LEDGER","sig":"","nonce":189358575,"seq":0,"tot":0}]
03-16 14:41:45.745 24349 24408 D MulticastServer: Received request for 1@test.com to send ledger with hash ebc2d79deb8acdf3834d685804ac4660b2b01356e5e6c77ab7f0b16d64372396
03-16 14:41:45.747 24349 24404 D RegistrationHandler: 842423883 Accepted hash from 1@test.com: ebc2d79deb8acdf3834d685804ac4660b2b01356e5e6c77ab7f0b16d64372396
03-16 14:41:45.748 24349 24408 D MulticastClient: Sent messages: [{"sender":"","payload":"1@test.com:ebc2d79deb8acdf3834d685804ac4660b2b01356e5e6c77ab7f0b16d64372396","mt":"REQUEST_SPECIFIC_LEDGER","sig":"","nonce":694068306,"seq":0,"tot":0}]
03-16 14:41:45.751 24349 24422 D MulticastServer: Received request for 1@test.com to send ledger with hash ebc2d79deb8acdf3834d685804ac4660b2b01356e5e6c77ab7f0b16d64372396
03-16 14:41:45.999 24349 24406 D MulticastServer: Received request for 1@test.com to send ledger with hash ebc2d79deb8acdf3834d685804ac4660b2b01356e5e6c77ab7f0b16d64372396
03-16 14:41:46.003 24349 24406 D MulticastServer: Received request for 1@test.com to send ledger with hash ebc2d79deb8acdf3834d685804ac4660b2b01356e5e6c77ab7f0b16d64372396
03-16 14:41:46.003 24349 24406 D MulticastServer: Received request for 1@test.com to send ledger with hash ebc2d79deb8acdf3834d685804ac4660b2b01356e5e6c77ab7f0b16d64372396
03-16 14:41:46.004 24349 24406 D MulticastServer: Received request for 1@test.com to send ledger with hash ebc2d79deb8acdf3834d685804ac4660b2b01356e5e6c77ab7f0b16d64372396
03-16 14:41:46.011 24349 24406 D MulticastServer: Registration process started with nonce: 694068306
03-16 14:41:46.070 24349 24406 D MulticastServer: Registration process started with nonce: 189358575
03-16 14:41:46.090 24349 24424 D RegistrationHandler: FULL_LEDGER 694068306
03-16 14:41:46.150 24349 24425 D MulticastServer: Registration process started with nonce: 170680750
03-16 14:41:46.152 24349 24406 D MulticastServer: Received request for 1@test.com to send ledger with hash ebc2d79deb8acdf3834d685804ac4660b2b01356e5e6c77ab7f0b16d64372396
03-16 14:41:46.152 24349 24424 D MulticastServer: Received request for 1@test.com to send ledger with hash ebc2d79deb8acdf3834d685804ac4660b2b01356e5e6c77ab7f0b16d64372396
03-16 14:41:46.175 24349 24425 D MulticastServer: Registration process started with nonce: 324219257
03-16 14:41:46.181 24349 24436 D MulticastServer: Registration process started with nonce: 1182224535
03-16 14:41:46.183 24349 24439 D RegistrationHandler: FULL_LEDGER 170680750
03-16 14:41:46.241 24349 24404 D RegistrationHandler: 842423883 Accepted hash from 1@test.com: ebc2d79deb8acdf3834d685804ac4660b2b01356e5e6c77ab7f0b16d64372396
03-16 14:41:46.244 24349 24436 D MulticastClient: Sent messages: [{"sender":"","payload":"1@test.com:ebc2d79deb8acdf3834d685804ac4660b2b01356e5e6c77ab7f0b16d64372396","mt":"REQUEST_SPECIFIC_LEDGER","sig":"","nonce":982352660,"seq":0,"tot":0}]
03-16 14:41:46.247 24349 24439 D MulticastServer: Received request for 1@test.com to send ledger with hash ebc2d79deb8acdf3834d685804ac4660b2b01356e5e6c77ab7f0b16d64372396
03-16 14:41:46.289 24349 24425 D MulticastServer: Registration process started with nonce: 1208290700
03-16 14:41:46.350 24349 24439 D MulticastServer: Received request for 1@test.com to send ledger with hash ebc2d79deb8acdf3834d685804ac4660b2b01356e5e6c77ab7f0b16d64372396
03-16 14:41:46.360 24349 24425 D RegistrationHandler: FULL_LEDGER 1208290700
03-16 14:41:46.386 24349 24425 D RegistrationHandler: FULL_LEDGER 189358575
03-16 14:41:46.454 24349 24425 D MulticastServer: Received request for 1@test.com to send ledger with hash ebc2d79deb8acdf3834d685804ac4660b2b01356e5e6c77ab7f0b16d64372396
03-16 14:41:46.455 24349 24438 D MulticastServer: Received request for 1@test.com to send ledger with hash ebc2d79deb8acdf3834d685804ac4660b2b01356e5e6c77ab7f0b16d64372396
03-16 14:41:46.493 24349 24438 D MulticastServer: Received request for 1@test.com to send ledger with hash ebc2d79deb8acdf3834d685804ac4660b2b01356e5e6c77ab7f0b16d64372396
03-16 14:41:46.496 24349 24438 D MulticastServer: Received request for 1@test.com to send ledger with hash ebc2d79deb8acdf3834d685804ac4660b2b01356e5e6c77ab7f0b16d64372396
03-16 14:41:46.525 24349 24439 D MulticastServer: Registration process started with nonce: 334297199
03-16 14:41:46.552 24349 24408 D MulticastServer: Received request for 1@test.com to send ledger with hash ebc2d79deb8acdf3834d685804ac4660b2b01356e5e6c77ab7f0b16d64372396
03-16 14:41:46.552 24349 24408 D MulticastServer: Received request for 1@test.com to send ledger with hash ebc2d79deb8acdf3834d685804ac4660b2b01356e5e6c77ab7f0b16d64372396
03-16 14:41:46.636 24349 24438 D RegistrationHandler: FULL_LEDGER 324219257
03-16 14:41:46.639 24349 24425 D RegistrationHandler: FULL_LEDGER 324219257
03-16 14:41:46.647 24349 24438 D MulticastServer: Received request for 1@test.com to send ledger with hash ebc2d79deb8acdf3834d685804ac4660b2b01356e5e6c77ab7f0b16d64372396
03-16 14:41:46.659 24349 24425 D RegistrationHandler: FULL_LEDGER 1182224535
03-16 14:41:46.741 24349 24404 D RegistrationHandler: 842423883 Accepted hash from 1@test.com: ebc2d79deb8acdf3834d685804ac4660b2b01356e5e6c77ab7f0b16d64372396
03-16 14:41:46.743 24349 24425 D MulticastClient: Sent messages: [{"sender":"","payload":"1@test.com:ebc2d79deb8acdf3834d685804ac4660b2b01356e5e6c77ab7f0b16d64372396","mt":"REQUEST_SPECIFIC_LEDGER","sig":"","nonce":68403725,"seq":0,"tot":0}]
03-16 14:41:46.745 24349 24438 D MulticastServer: Received request for 1@test.com to send ledger with hash ebc2d79deb8acdf3834d685804ac4660b2b01356e5e6c77ab7f0b16d64372396
03-16 14:41:46.834 24349 24439 D RegistrationHandler: FULL_LEDGER 189358575
03-16 14:41:46.870 24349 24439 D MulticastServer: Received request for 1@test.com to send ledger with hash ebc2d79deb8acdf3834d685804ac4660b2b01356e5e6c77ab7f0b16d64372396
03-16 14:41:46.881 24349 24405 D MulticastServer: Registration process started with nonce: 982352660
03-16 14:41:46.912 24349 24405 D RegistrationHandler: FULL_LEDGER 982352660
03-16 14:41:46.967 24349 24405 D MulticastServer: Received request for 1@test.com to send ledger with hash ebc2d79deb8acdf3834d685804ac4660b2b01356e5e6c77ab7f0b16d64372396
03-16 14:41:46.969 24349 24405 D MulticastServer: Received request for 1@test.com to send ledger with hash ebc2d79deb8acdf3834d685804ac4660b2b01356e5e6c77ab7f0b16d64372396
03-16 14:41:47.034 24349 24408 D RegistrationHandler: FULL_LEDGER 189358575
03-16 14:41:47.047 24349 24436 D MulticastServer: Received request for 1@test.com to send ledger with hash ebc2d79deb8acdf3834d685804ac4660b2b01356e5e6c77ab7f0b16d64372396
03-16 14:41:47.050 24349 24436 D MulticastServer: Received request for 1@test.com to send ledger with hash ebc2d79deb8acdf3834d685804ac4660b2b01356e5e6c77ab7f0b16d64372396
03-16 14:41:47.059 24349 24408 D MulticastServer: Received request for 1@test.com to send ledger with hash ebc2d79deb8acdf3834d685804ac4660b2b01356e5e6c77ab7f0b16d64372396
03-16 14:41:47.062 24349 24436 D MulticastServer: Received request for 1@test.com to send ledger with hash ebc2d79deb8acdf3834d685804ac4660b2b01356e5e6c77ab7f0b16d64372396
03-16 14:41:47.063 24349 24408 D MulticastServer: Received request for 1@test.com to send ledger with hash ebc2d79deb8acdf3834d685804ac4660b2b01356e5e6c77ab7f0b16d64372396
03-16 14:41:47.065 24349 24436 D MulticastServer: Received request for 1@test.com to send ledger with hash ebc2d79deb8acdf3834d685804ac4660b2b01356e5e6c77ab7f0b16d64372396
03-16 14:41:47.146 24349 24408 D MulticastServer: Received request for 1@test.com to send ledger with hash ebc2d79deb8acdf3834d685804ac4660b2b01356e5e6c77ab7f0b16d64372396
03-16 14:41:47.226 24349 24436 D MulticastServer: Received request for 1@test.com to send ledger with hash ebc2d79deb8acdf3834d685804ac4660b2b01356e5e6c77ab7f0b16d64372396
03-16 14:41:47.227 24349 24405 D RegistrationHandler: FULL_LEDGER 324219257
03-16 14:41:47.240 24349 24404 D RegistrationHandler: 842423883 Registration started
03-16 14:41:47.244 24349 24404 D MulticastServer: Registration process finished: 842423883
