Number of rounds: 10
--------- beginning of main
--------- beginning of system
round 1 of 10
03-16 14:30:03.616 21318 21353 D MulticastServer: MULTICAST_SERVER_LISTENING
03-16 14:30:03.622 21318 22726 D MulticastServer: Registration process started with nonce: 79745432
03-16 14:30:03.637 21318 22733 D MulticastClient: REQUEST_LEDGER 79745432
03-16 14:30:03.640 21318 22733 D MulticastClient: Sent messages: [{"sender":"","payload":"","mt":"REQUEST_LEDGER","sig":"","nonce":79745432,"seq":0,"tot":0}]
03-16 14:30:04.272 21318 22734 D RegistrationHandler: FULL_LEDGER 79745432
03-16 14:30:04.277 21318 22732 D RegistrationHandler: FULL_LEDGER 79745432
03-16 14:30:04.280 21318 22746 D RegistrationHandler: FULL_LEDGER 79745432
03-16 14:30:04.726 21318 22746 D RegistrationHandler: FULL_LEDGER 79745432
03-16 14:30:13.648 21318 22728 D RegistrationHandler: ACCEPTED_LEDGER 79745432 2
03-16 14:30:13.657 21318 22728 D RegistrationHandler: 79745432 Registration started
03-16 14:30:13.669 21318 22728 D MulticastServer: Registration process finished: 79745432
03-16 14:30:13.677 21318 22746 D MulticastClient: Sent messages: [{"sender":"3@test.com","payload":"{\"ip\":\"192.168.1.96\",\"cert\":\"MIIBGzCBwqADAgECAgYBf5LiwL8wCgYIKoZIzj0EAwIwFTETMBEGA1UEAwwKM0B0ZXN0LmNvbTAeFw0yMjAzMTUxMzIwMDhaFw0yNDAzMTYxMzIwMDhaMBUxEzARBgNVBAMMCjNAdGVzdC5jb20wWTATBgcqhkjOPQIBBggqhkjOPQMBBwNCAASVCbfTenGFrkV9EIzy1bj8oa9Kure0STvEaqW08piH20aw3fmYZgxXkpSqhmqcMv5bQ1Q7k2Owa5TUgUt5pf9QMAoGCCqGSM49BAMCA0gAMEUCICG\/Ut+mqCXXju+5r5KDo0B+pu+YksxTTzSLgyUZSTRUAiEAlwZEGNVmCgZ+irOjElk8DvNZcTI0AqLoFjB0QLBClB8=\"}","mt":"BROADCAST_BLOCK","sig":"MEUCIDLhYR1hzrcPp\/rG9S1VLjOooTtP1PQ9nBqExqO7q97LAiEA7E2omQhHdcoRM5IrM50GC6GAlJFq\/t4mXiw2IY74D30=","nonce":79745432,"seq":0,"tot":0}]
03-16 14:30:18.287 21318 22746 D MulticastServer: Registration process started with nonce: 1308655906
03-16 14:30:18.292 21318 22746 D MulticastServer: Received request for ledger with nonce: 1308655906.
03-16 14:30:18.384 21318 22748 D MulticastClient: Sent messages: [{"sender":"{\"ip\":\"192.168.1.96\",\"cert\":\"MIIBGzCBwqADAgECAgYBf5LiwL8wCgYIKoZIzj0EAwIwFTETMBEGA1UEAwwKM0B0ZXN0LmNvbTAeFw0yMjAzMTUxMzIwMDhaFw0yNDAzMTYxMzIwMDhaMBUxEzARBgNVBAMMCjNAdGVzdC5jb20wWTATBgcqhkjOPQIBBggqhkjOPQMBBwNCAASVCbfTenGFrkV9EIzy1bj8oa9Kure0STvEaqW08piH20aw3fmYZgxXkpSqhmqcMv5bQ1Q7k2Owa5TUgUt5pf9QMAoGCCqGSM49BAMCA0gAMEUCICG\/Ut+mqCXXju+5r5KDo0B+pu+YksxTTzSLgyUZSTRUAiEAlwZEGNVmCgZ+irOjElk8DvNZcTI0AqLoFjB0QLBClB8=\"}","payload":"58bd4632887849d74eb9cacc4b3fdc2e32cf4912076f15d4fb0b301c9ec06865","mt":"LEDGER_HASH","sig":"MEUCIQCwaNdLdV5wGsYIFsSAKih\/FY8ZcLOLfuU6iyBGEqHN4gIgcL9l38eYWZF\/Wg2qBFd00d+BtMh0N\/MRtWQl1VGLxyY=","nonce":1308655906,"seq":0,"tot":0}]
03-16 14:30:18.417 21318 22746 D RegistrationHandler: FULL_LEDGER 1308655906
03-16 14:30:18.838 21318 22732 D RegistrationHandler: FULL_LEDGER 1308655906
03-16 14:30:28.296 21318 22761 D RegistrationHandler: ACCEPTED_LEDGER 1308655906 3
03-16 14:30:28.303 21318 22761 D MulticastServer: Registration process finished: 1308655906
03-16 14:30:28.369 21318 22732 D MulticastServer: Broadcast block received {"ip":"192.168.1.126","cert":"MIIBHDCBwqADAgECAgYBf5LhKoUwCgYIKoZIzj0EAwIwFTETMBEGA1UEAwwKMUB0ZXN0LmNvbTAeFw0yMjAzMTUxMzE4MjRaFw0yNDAzMTYxMzE4MjRaMBUxEzARBgNVBAMMCjFAdGVzdC5jb20wWTATBgcqhkjOPQIBBggqhkjOPQMBBwNCAARygid4IUjQcO5q061zUYi/H7lvnalm9LjGvCXUiUKNjFkRZCQQHkQr3g5NSREvlv8eDTjoMpzkwAR2X7BGjdlzMAoGCCqGSM49BAMCA0kAMEYCIQCiHMll2QZaqlteytfUXQC9N+f0vW3g05QfhOXX51uZkQIhAOqRAe/npOy8z8s0m0jcslsGFJ4m0z8mdDgpGZNaRRtS"}
03-16 14:30:28.736 21318 22732 D MulticastServer: Broadcast block received {"ip":"192.168.1.126","cert":"MIIBHDCBwqADAgECAgYBf5LhKoUwCgYIKoZIzj0EAwIwFTETMBEGA1UEAwwKMUB0ZXN0LmNvbTAeFw0yMjAzMTUxMzE4MjRaFw0yNDAzMTYxMzE4MjRaMBUxEzARBgNVBAMMCjFAdGVzdC5jb20wWTATBgcqhkjOPQIBBggqhkjOPQMBBwNCAARygid4IUjQcO5q061zUYi/H7lvnalm9LjGvCXUiUKNjFkRZCQQHkQr3g5NSREvlv8eDTjoMpzkwAR2X7BGjdlzMAoGCCqGSM49BAMCA0kAMEYCIQCiHMll2QZaqlteytfUXQC9N+f0vW3g05QfhOXX51uZkQIhAOqRAe/npOy8z8s0m0jcslsGFJ4m0z8mdDgpGZNaRRtS"}
03-16 14:30:29.149 21318 22732 D MulticastServer: Broadcast block received {"ip":"192.168.1.126","cert":"MIIBHDCBwqADAgECAgYBf5LhKoUwCgYIKoZIzj0EAwIwFTETMBEGA1UEAwwKMUB0ZXN0LmNvbTAeFw0yMjAzMTUxMzE4MjRaFw0yNDAzMTYxMzE4MjRaMBUxEzARBgNVBAMMCjFAdGVzdC5jb20wWTATBgcqhkjOPQIBBggqhkjOPQMBBwNCAARygid4IUjQcO5q061zUYi/H7lvnalm9LjGvCXUiUKNjFkRZCQQHkQr3g5NSREvlv8eDTjoMpzkwAR2X7BGjdlzMAoGCCqGSM49BAMCA0kAMEYCIQCiHMll2QZaqlteytfUXQC9N+f0vW3g05QfhOXX51uZkQIhAOqRAe/npOy8z8s0m0jcslsGFJ4m0z8mdDgpGZNaRRtS"}
03-16 14:30:33.441 21318 22732 D MulticastServer: Registration process started with nonce: 304797059
03-16 14:30:33.447 21318 22732 D MulticastServer: Received request for ledger with nonce: 304797059.
03-16 14:30:33.505 21318 22733 D MulticastClient: Sent messages: [{"sender":"{\"ip\":\"192.168.1.96\",\"cert\":\"MIIBGzCBwqADAgECAgYBf5LiwL8wCgYIKoZIzj0EAwIwFTETMBEGA1UEAwwKM0B0ZXN0LmNvbTAeFw0yMjAzMTUxMzIwMDhaFw0yNDAzMTYxMzIwMDhaMBUxEzARBgNVBAMMCjNAdGVzdC5jb20wWTATBgcqhkjOPQIBBggqhkjOPQMBBwNCAASVCbfTenGFrkV9EIzy1bj8oa9Kure0STvEaqW08piH20aw3fmYZgxXkpSqhmqcMv5bQ1Q7k2Owa5TUgUt5pf9QMAoGCCqGSM49BAMCA0gAMEUCICG\/Ut+mqCXXju+5r5KDo0B+pu+YksxTTzSLgyUZSTRUAiEAlwZEGNVmCgZ+irOjElk8DvNZcTI0AqLoFjB0QLBClB8=\"}","payload":"ebc2d79deb8acdf3834d685804ac4660b2b01356e5e6c77ab7f0b16d64372396","mt":"LEDGER_HASH","sig":"MEQCIG9xOAt6qU+yPROncW4YHrS2ahrfxYqlY3cj2ucNExaiAiBfaPM04YOLdzVTnsQUE3MuY2ZOgrYbW3jrfSqz+VObDA==","nonce":304797059,"seq":0,"tot":0}]
03-16 14:30:33.578 21318 22746 D RegistrationHandler: FULL_LEDGER 304797059
03-16 14:30:33.607 21318 22746 D RegistrationHandler: FULL_LEDGER 304797059
03-16 14:30:34.433 21318 22746 D MulticastServer: Received hash from 1@test.com: ebc2d79deb8acdf3834d685804ac4660b2b01356e5e6c77ab7f0b16d64372396
03-16 14:30:43.453 21318 22765 D RegistrationHandler: ACCEPTED_LEDGER 304797059 4
03-16 14:30:43.460 21318 22765 D MulticastServer: Registration process finished: 304797059
03-16 14:30:43.486 21318 22746 D MulticastServer: Broadcast block received {"ip":"192.168.1.90","cert":"MIIBGzCBwqADAgECAgYBf5Lh/YgwCgYIKoZIzj0EAwIwFTETMBEGA1UEAwwKMkB0ZXN0LmNvbTAeFw0yMjAzMTUxMzE5MThaFw0yNDAzMTYxMzE5MThaMBUxEzARBgNVBAMMCjJAdGVzdC5jb20wWTATBgcqhkjOPQIBBggqhkjOPQMBBwNCAAS+Y1FtdGs8Ucfiq/zWhVaVn4ZBowDRf+LHkKkDUQijyqT6F1OlcBHKlpSdutzah71G6VCq62b3AWQkp086ORMGMAoGCCqGSM49BAMCA0gAMEUCIHH+qCw7c9P4WGmGxr+Z6u3tdZRz/XeTlZiocA09UDaoAiEA977yY+pelaDu67wtccznceHBT4wGLWjjfzyxyDdr/lY="}
03-16 14:30:43.899 21318 22746 D MulticastServer: Broadcast block received {"ip":"192.168.1.90","cert":"MIIBGzCBwqADAgECAgYBf5Lh/YgwCgYIKoZIzj0EAwIwFTETMBEGA1UEAwwKMkB0ZXN0LmNvbTAeFw0yMjAzMTUxMzE5MThaFw0yNDAzMTYxMzE5MThaMBUxEzARBgNVBAMMCjJAdGVzdC5jb20wWTATBgcqhkjOPQIBBggqhkjOPQMBBwNCAAS+Y1FtdGs8Ucfiq/zWhVaVn4ZBowDRf+LHkKkDUQijyqT6F1OlcBHKlpSdutzah71G6VCq62b3AWQkp086ORMGMAoGCCqGSM49BAMCA0gAMEUCIHH+qCw7c9P4WGmGxr+Z6u3tdZRz/XeTlZiocA09UDaoAiEA977yY+pelaDu67wtccznceHBT4wGLWjjfzyxyDdr/lY="}
03-16 14:30:44.405 21318 22746 D MulticastServer: Broadcast block received {"ip":"192.168.1.90","cert":"MIIBGzCBwqADAgECAgYBf5Lh/YgwCgYIKoZIzj0EAwIwFTETMBEGA1UEAwwKMkB0ZXN0LmNvbTAeFw0yMjAzMTUxMzE5MThaFw0yNDAzMTYxMzE5MThaMBUxEzARBgNVBAMMCjJAdGVzdC5jb20wWTATBgcqhkjOPQIBBggqhkjOPQMBBwNCAAS+Y1FtdGs8Ucfiq/zWhVaVn4ZBowDRf+LHkKkDUQijyqT6F1OlcBHKlpSdutzah71G6VCq62b3AWQkp086ORMGMAoGCCqGSM49BAMCA0gAMEUCIHH+qCw7c9P4WGmGxr+Z6u3tdZRz/XeTlZiocA09UDaoAiEA977yY+pelaDu67wtccznceHBT4wGLWjjfzyxyDdr/lY="}
03-16 14:30:48.698 21318 22746 D MulticastServer: Registration process started with nonce: 1735794636
03-16 14:30:48.703 21318 22746 D MulticastServer: Received request for ledger with nonce: 1735794636.
03-16 14:30:48.770 21318 22732 D MulticastClient: Sent messages: [{"sender":"{\"ip\":\"192.168.1.96\",\"cert\":\"MIIBGzCBwqADAgECAgYBf5LiwL8wCgYIKoZIzj0EAwIwFTETMBEGA1UEAwwKM0B0ZXN0LmNvbTAeFw0yMjAzMTUxMzIwMDhaFw0yNDAzMTYxMzIwMDhaMBUxEzARBgNVBAMMCjNAdGVzdC5jb20wWTATBgcqhkjOPQIBBggqhkjOPQMBBwNCAASVCbfTenGFrkV9EIzy1bj8oa9Kure0STvEaqW08piH20aw3fmYZgxXkpSqhmqcMv5bQ1Q7k2Owa5TUgUt5pf9QMAoGCCqGSM49BAMCA0gAMEUCICG\/Ut+mqCXXju+5r5KDo0B+pu+YksxTTzSLgyUZSTRUAiEAlwZEGNVmCgZ+irOjElk8DvNZcTI0AqLoFjB0QLBClB8=\"}","payload":"4d4c12426cda9ee1d2f2fd15aa254a5754b3a1988173a7184db0dc1e3b44751a","mt":"LEDGER_HASH","sig":"MEQCIClX4w7LzDTdWwsth6mkKh3fjq5f4gXYdRTa2XZ7E6cQAiAFJVgpuOxPAQnUJa4LHebKzc0ANTjAUEB\/3o1sciVv6Q==","nonce":1735794636,"seq":0,"tot":0}]
03-16 14:30:48.801 21318 22733 D MulticastServer: Received hash from 2@test.com: 4d4c12426cda9ee1d2f2fd15aa254a5754b3a1988173a7184db0dc1e3b44751a
03-16 14:30:48.895 21318 22746 D RegistrationHandler: FULL_LEDGER 1735794636
03-16 14:30:48.942 21318 22733 D MulticastServer: Received hash from 1@test.com: 4d4c12426cda9ee1d2f2fd15aa254a5754b3a1988173a7184db0dc1e3b44751a
03-16 14:30:49.242 21318 22734 D RegistrationHandler: FULL_LEDGER 1735794636
03-16 14:30:49.243 21318 22748 D RegistrationHandler: FULL_LEDGER 1735794636
03-16 14:30:49.246 21318 22773 D MulticastServer: Received hash from 1@test.com: 4d4c12426cda9ee1d2f2fd15aa254a5754b3a1988173a7184db0dc1e3b44751a
03-16 14:30:49.249 21318 22733 D RegistrationHandler: FULL_LEDGER 1735794636
03-16 14:30:49.295 21318 22733 D MulticastServer: Received hash from 2@test.com: 4d4c12426cda9ee1d2f2fd15aa254a5754b3a1988173a7184db0dc1e3b44751a
03-16 14:30:49.605 21318 22773 D MulticastServer: Received hash from 1@test.com: 4d4c12426cda9ee1d2f2fd15aa254a5754b3a1988173a7184db0dc1e3b44751a
03-16 14:30:49.615 21318 22733 D RegistrationHandler: FULL_LEDGER 1735794636
03-16 14:30:49.681 21318 22733 D MulticastServer: Received hash from 2@test.com: 4d4c12426cda9ee1d2f2fd15aa254a5754b3a1988173a7184db0dc1e3b44751a
03-16 14:30:58.711 21318 22770 D RegistrationHandler: ACCEPTED_LEDGER 1735794636 5
03-16 14:30:58.720 21318 22770 D MulticastServer: Registration process finished: 1735794636
03-16 14:30:58.745 21318 22733 D MulticastServer: Broadcast block received {"ip":"192.168.1.97","cert":"MIIBHDCBwqADAgECAgYBf5Ll+aQwCgYIKoZIzj0EAwIwFTETMBEGA1UEAwwKNUB0ZXN0LmNvbTAeFw0yMjAzMTUxMzIzMzlaFw0yNDAzMTYxMzIzMzlaMBUxEzARBgNVBAMMCjVAdGVzdC5jb20wWTATBgcqhkjOPQIBBggqhkjOPQMBBwNCAAS9OhThI4D6g/iEXxfGklrIeXd9Z0M+diiJ9ljAgsIg42aeRti+qPdLXU1/D9cRSqQkfwr3bPWV3oF684Iqni4MMAoGCCqGSM49BAMCA0kAMEYCIQDvSgAgKBB22Z/ooyqUg64EcQUigPLpb+EEue5bwGydWgIhAKus7fYnj5hLAUwnPrCw9vZZ/j2+Hst7+b4ASLL75Nl9"}
03-16 14:30:59.098 21318 22733 D MulticastServer: Broadcast block received {"ip":"192.168.1.97","cert":"MIIBHDCBwqADAgECAgYBf5Ll+aQwCgYIKoZIzj0EAwIwFTETMBEGA1UEAwwKNUB0ZXN0LmNvbTAeFw0yMjAzMTUxMzIzMzlaFw0yNDAzMTYxMzIzMzlaMBUxEzARBgNVBAMMCjVAdGVzdC5jb20wWTATBgcqhkjOPQIBBggqhkjOPQMBBwNCAAS9OhThI4D6g/iEXxfGklrIeXd9Z0M+diiJ9ljAgsIg42aeRti+qPdLXU1/D9cRSqQkfwr3bPWV3oF684Iqni4MMAoGCCqGSM49BAMCA0kAMEYCIQDvSgAgKBB22Z/ooyqUg64EcQUigPLpb+EEue5bwGydWgIhAKus7fYnj5hLAUwnPrCw9vZZ/j2+Hst7+b4ASLL75Nl9"}
round 2 of 10
03-16 14:31:38.551 17987 22837 D MulticastServer: MULTICAST_SERVER_LISTENING
03-16 14:31:38.554 17987 22839 D MulticastServer: Registration process started with nonce: 1698854728
03-16 14:31:38.560 17987 22838 D MulticastClient: REQUEST_LEDGER 1698854728
03-16 14:31:38.563 17987 22838 D MulticastClient: Sent messages: [{"sender":"","payload":"","mt":"REQUEST_LEDGER","sig":"","nonce":1698854728,"seq":0,"tot":0}]
03-16 14:31:38.822 17987 22846 D RegistrationHandler: FULL_LEDGER 1698854728
03-16 14:31:38.834 17987 22845 D RegistrationHandler: FULL_LEDGER 1698854728
03-16 14:31:48.569 17987 22840 D RegistrationHandler: ACCEPTED_LEDGER 1698854728 2
03-16 14:31:48.577 17987 22840 D RegistrationHandler: 1698854728 Registration started
03-16 14:31:48.589 17987 22840 D MulticastServer: Registration process finished: 1698854728
03-16 14:31:48.597 17987 22845 D MulticastClient: Sent messages: [{"sender":"3@test.com","payload":"{\"ip\":\"192.168.1.96\",\"cert\":\"MIIBGzCBwqADAgECAgYBf5LiwL8wCgYIKoZIzj0EAwIwFTETMBEGA1UEAwwKM0B0ZXN0LmNvbTAeFw0yMjAzMTUxMzIwMDhaFw0yNDAzMTYxMzIwMDhaMBUxEzARBgNVBAMMCjNAdGVzdC5jb20wWTATBgcqhkjOPQIBBggqhkjOPQMBBwNCAASVCbfTenGFrkV9EIzy1bj8oa9Kure0STvEaqW08piH20aw3fmYZgxXkpSqhmqcMv5bQ1Q7k2Owa5TUgUt5pf9QMAoGCCqGSM49BAMCA0gAMEUCICG\/Ut+mqCXXju+5r5KDo0B+pu+YksxTTzSLgyUZSTRUAiEAlwZEGNVmCgZ+irOjElk8DvNZcTI0AqLoFjB0QLBClB8=\"}","mt":"BROADCAST_BLOCK","sig":"MEYCIQDvxAwR0rDxrvCNFa+Xcr1t\/lF80MNuuSpiWClAEqLgDQIhANYRTFEmLrkfsElrg2EiuA1yeSjB8sa1PAMedU1oJ+Fc","nonce":1698854728,"seq":0,"tot":0}]
03-16 14:31:53.113 17987 22845 D MulticastServer: Registration process started with nonce: 1266391065
03-16 14:31:53.119 17987 22845 D MulticastServer: Received request for ledger with nonce: 1266391065.
03-16 14:31:53.207 17987 22838 D MulticastClient: Sent messages: [{"sender":"{\"ip\":\"192.168.1.96\",\"cert\":\"MIIBGzCBwqADAgECAgYBf5LiwL8wCgYIKoZIzj0EAwIwFTETMBEGA1UEAwwKM0B0ZXN0LmNvbTAeFw0yMjAzMTUxMzIwMDhaFw0yNDAzMTYxMzIwMDhaMBUxEzARBgNVBAMMCjNAdGVzdC5jb20wWTATBgcqhkjOPQIBBggqhkjOPQMBBwNCAASVCbfTenGFrkV9EIzy1bj8oa9Kure0STvEaqW08piH20aw3fmYZgxXkpSqhmqcMv5bQ1Q7k2Owa5TUgUt5pf9QMAoGCCqGSM49BAMCA0gAMEUCICG\/Ut+mqCXXju+5r5KDo0B+pu+YksxTTzSLgyUZSTRUAiEAlwZEGNVmCgZ+irOjElk8DvNZcTI0AqLoFjB0QLBClB8=\"}","payload":"58bd4632887849d74eb9cacc4b3fdc2e32cf4912076f15d4fb0b301c9ec06865","mt":"LEDGER_HASH","sig":"MEUCIQDETy2WAUarBQjDx5ZR5oTngZeW9aZo2B5woNdHt3Ws7QIgSBsOZDvNBDJ1r7f4DQz7AfExXFexvLZB5TdtLyY1flc=","nonce":1266391065,"seq":0,"tot":0}]
03-16 14:31:53.236 17987 22845 D RegistrationHandler: FULL_LEDGER 1266391065
03-16 14:31:53.259 17987 22845 D RegistrationHandler: FULL_LEDGER 1266391065
03-16 14:31:54.100 17987 22853 D RegistrationHandler: FULL_LEDGER 1266391065
03-16 14:32:03.125 17987 22866 D RegistrationHandler: ACCEPTED_LEDGER 1266391065 3
03-16 14:32:03.132 17987 22866 D MulticastServer: Registration process finished: 1266391065
03-16 14:32:03.149 17987 22853 D MulticastServer: Broadcast block received {"ip":"192.168.1.126","cert":"MIIBHDCBwqADAgECAgYBf5LhKoUwCgYIKoZIzj0EAwIwFTETMBEGA1UEAwwKMUB0ZXN0LmNvbTAeFw0yMjAzMTUxMzE4MjRaFw0yNDAzMTYxMzE4MjRaMBUxEzARBgNVBAMMCjFAdGVzdC5jb20wWTATBgcqhkjOPQIBBggqhkjOPQMBBwNCAARygid4IUjQcO5q061zUYi/H7lvnalm9LjGvCXUiUKNjFkRZCQQHkQr3g5NSREvlv8eDTjoMpzkwAR2X7BGjdlzMAoGCCqGSM49BAMCA0kAMEYCIQCiHMll2QZaqlteytfUXQC9N+f0vW3g05QfhOXX51uZkQIhAOqRAe/npOy8z8s0m0jcslsGFJ4m0z8mdDgpGZNaRRtS"}
03-16 14:32:03.867 17987 22853 D MulticastServer: Broadcast block received {"ip":"192.168.1.126","cert":"MIIBHDCBwqADAgECAgYBf5LhKoUwCgYIKoZIzj0EAwIwFTETMBEGA1UEAwwKMUB0ZXN0LmNvbTAeFw0yMjAzMTUxMzE4MjRaFw0yNDAzMTYxMzE4MjRaMBUxEzARBgNVBAMMCjFAdGVzdC5jb20wWTATBgcqhkjOPQIBBggqhkjOPQMBBwNCAARygid4IUjQcO5q061zUYi/H7lvnalm9LjGvCXUiUKNjFkRZCQQHkQr3g5NSREvlv8eDTjoMpzkwAR2X7BGjdlzMAoGCCqGSM49BAMCA0kAMEYCIQCiHMll2QZaqlteytfUXQC9N+f0vW3g05QfhOXX51uZkQIhAOqRAe/npOy8z8s0m0jcslsGFJ4m0z8mdDgpGZNaRRtS"}
03-16 14:32:08.672 17987 22853 D MulticastServer: Registration process started with nonce: 1974851819
03-16 14:32:08.678 17987 22853 D MulticastServer: Received request for ledger with nonce: 1974851819.
03-16 14:32:08.746 17987 22838 D MulticastClient: Sent messages: [{"sender":"{\"ip\":\"192.168.1.96\",\"cert\":\"MIIBGzCBwqADAgECAgYBf5LiwL8wCgYIKoZIzj0EAwIwFTETMBEGA1UEAwwKM0B0ZXN0LmNvbTAeFw0yMjAzMTUxMzIwMDhaFw0yNDAzMTYxMzIwMDhaMBUxEzARBgNVBAMMCjNAdGVzdC5jb20wWTATBgcqhkjOPQIBBggqhkjOPQMBBwNCAASVCbfTenGFrkV9EIzy1bj8oa9Kure0STvEaqW08piH20aw3fmYZgxXkpSqhmqcMv5bQ1Q7k2Owa5TUgUt5pf9QMAoGCCqGSM49BAMCA0gAMEUCICG\/Ut+mqCXXju+5r5KDo0B+pu+YksxTTzSLgyUZSTRUAiEAlwZEGNVmCgZ+irOjElk8DvNZcTI0AqLoFjB0QLBClB8=\"}","payload":"ebc2d79deb8acdf3834d685804ac4660b2b01356e5e6c77ab7f0b16d64372396","mt":"LEDGER_HASH","sig":"MEUCIEFfcnPfaNcxVd+ar2xBHN9oqlulKXizCtp5a8qpYspmAiEA\/jHRaNHrW+sdcZprTx\/tQ50epqHhdr38IKpvtVz4ixg=","nonce":1974851819,"seq":0,"tot":0}]
03-16 14:32:08.860 17987 22845 D MulticastServer: Received hash from 1@test.com: ebc2d79deb8acdf3834d685804ac4660b2b01356e5e6c77ab7f0b16d64372396
03-16 14:32:09.286 17987 22845 D MulticastServer: Received hash from 1@test.com: ebc2d79deb8acdf3834d685804ac4660b2b01356e5e6c77ab7f0b16d64372396
03-16 14:32:09.660 17987 22845 D MulticastServer: Received hash from 1@test.com: ebc2d79deb8acdf3834d685804ac4660b2b01356e5e6c77ab7f0b16d64372396
03-16 14:32:09.677 17987 22838 D RegistrationHandler: FULL_LEDGER 1974851819
03-16 14:32:18.310 17987 22838 D MulticastServer: Broadcast block received {"ip":"192.168.1.90","cert":"MIIBGzCBwqADAgECAgYBf5Lh/YgwCgYIKoZIzj0EAwIwFTETMBEGA1UEAwwKMkB0ZXN0LmNvbTAeFw0yMjAzMTUxMzE5MThaFw0yNDAzMTYxMzE5MThaMBUxEzARBgNVBAMMCjJAdGVzdC5jb20wWTATBgcqhkjOPQIBBggqhkjOPQMBBwNCAAS+Y1FtdGs8Ucfiq/zWhVaVn4ZBowDRf+LHkKkDUQijyqT6F1OlcBHKlpSdutzah71G6VCq62b3AWQkp086ORMGMAoGCCqGSM49BAMCA0gAMEUCIHH+qCw7c9P4WGmGxr+Z6u3tdZRz/XeTlZiocA09UDaoAiEA977yY+pelaDu67wtccznceHBT4wGLWjjfzyxyDdr/lY="}
03-16 14:32:18.683 17987 22873 D RegistrationHandler: ACCEPTED_LEDGER 1974851819 4
03-16 14:32:18.692 17987 22873 D MulticastServer: Registration process finished: 1974851819
03-16 14:32:18.724 17987 22838 D MulticastServer: Broadcast block received {"ip":"192.168.1.90","cert":"MIIBGzCBwqADAgECAgYBf5Lh/YgwCgYIKoZIzj0EAwIwFTETMBEGA1UEAwwKMkB0ZXN0LmNvbTAeFw0yMjAzMTUxMzE5MThaFw0yNDAzMTYxMzE5MThaMBUxEzARBgNVBAMMCjJAdGVzdC5jb20wWTATBgcqhkjOPQIBBggqhkjOPQMBBwNCAAS+Y1FtdGs8Ucfiq/zWhVaVn4ZBowDRf+LHkKkDUQijyqT6F1OlcBHKlpSdutzah71G6VCq62b3AWQkp086ORMGMAoGCCqGSM49BAMCA0gAMEUCIHH+qCw7c9P4WGmGxr+Z6u3tdZRz/XeTlZiocA09UDaoAiEA977yY+pelaDu67wtccznceHBT4wGLWjjfzyxyDdr/lY="}
03-16 14:32:19.226 17987 22838 D MulticastServer: Broadcast block received {"ip":"192.168.1.90","cert":"MIIBGzCBwqADAgECAgYBf5Lh/YgwCgYIKoZIzj0EAwIwFTETMBEGA1UEAwwKMkB0ZXN0LmNvbTAeFw0yMjAzMTUxMzE5MThaFw0yNDAzMTYxMzE5MThaMBUxEzARBgNVBAMMCjJAdGVzdC5jb20wWTATBgcqhkjOPQIBBggqhkjOPQMBBwNCAAS+Y1FtdGs8Ucfiq/zWhVaVn4ZBowDRf+LHkKkDUQijyqT6F1OlcBHKlpSdutzah71G6VCq62b3AWQkp086ORMGMAoGCCqGSM49BAMCA0gAMEUCIHH+qCw7c9P4WGmGxr+Z6u3tdZRz/XeTlZiocA09UDaoAiEA977yY+pelaDu67wtccznceHBT4wGLWjjfzyxyDdr/lY="}
03-16 14:32:23.522 17987 22838 D MulticastServer: Registration process started with nonce: 1767329646
03-16 14:32:23.527 17987 22838 D MulticastServer: Received request for ledger with nonce: 1767329646.
03-16 14:32:23.582 17987 22838 D MulticastClient: Sent messages: [{"sender":"{\"ip\":\"192.168.1.96\",\"cert\":\"MIIBGzCBwqADAgECAgYBf5LiwL8wCgYIKoZIzj0EAwIwFTETMBEGA1UEAwwKM0B0ZXN0LmNvbTAeFw0yMjAzMTUxMzIwMDhaFw0yNDAzMTYxMzIwMDhaMBUxEzARBgNVBAMMCjNAdGVzdC5jb20wWTATBgcqhkjOPQIBBggqhkjOPQMBBwNCAASVCbfTenGFrkV9EIzy1bj8oa9Kure0STvEaqW08piH20aw3fmYZgxXkpSqhmqcMv5bQ1Q7k2Owa5TUgUt5pf9QMAoGCCqGSM49BAMCA0gAMEUCICG\/Ut+mqCXXju+5r5KDo0B+pu+YksxTTzSLgyUZSTRUAiEAlwZEGNVmCgZ+irOjElk8DvNZcTI0AqLoFjB0QLBClB8=\"}","payload":"4d4c12426cda9ee1d2f2fd15aa254a5754b3a1988173a7184db0dc1e3b44751a","mt":"LEDGER_HASH","sig":"MEUCIQDSHVSy7mdf7dDUtcGvKm4550\/rPXjUCu2Gm9S7YZzRowIgQUVJedXJ3lA2hjsoBbACGu\/okWyEGAkSTXEpmVpOvyk=","nonce":1767329646,"seq":0,"tot":0}]
03-16 14:32:23.625 17987 22870 D MulticastServer: Received hash from 1@test.com: 4d4c12426cda9ee1d2f2fd15aa254a5754b3a1988173a7184db0dc1e3b44751a
03-16 14:32:24.037 17987 22870 D MulticastServer: Received hash from 1@test.com: 4d4c12426cda9ee1d2f2fd15aa254a5754b3a1988173a7184db0dc1e3b44751a
03-16 14:32:24.042 17987 22853 D MulticastServer: Received hash from 2@test.com: 4d4c12426cda9ee1d2f2fd15aa254a5754b3a1988173a7184db0dc1e3b44751a
03-16 14:32:33.534 17987 22878 D RegistrationHandler: 1767329646 Accepted hash from 3@test.com: 4d4c12426cda9ee1d2f2fd15aa254a5754b3a1988173a7184db0dc1e3b44751a
03-16 14:32:33.541 17987 22838 D MulticastClient: Sent messages: [{"sender":"","payload":"3@test.com:4d4c12426cda9ee1d2f2fd15aa254a5754b3a1988173a7184db0dc1e3b44751a","mt":"REQUEST_SPECIFIC_LEDGER","sig":"","nonce":766271908,"seq":0,"tot":0}]
03-16 14:32:33.546 17987 22853 D MulticastServer: Received request for 3@test.com to send ledger with hash 4d4c12426cda9ee1d2f2fd15aa254a5754b3a1988173a7184db0dc1e3b44751a
03-16 14:32:33.567 17987 22845 D MulticastServer: Broadcast block received {"ip":"192.168.1.97","cert":"MIIBHDCBwqADAgECAgYBf5Ll+aQwCgYIKoZIzj0EAwIwFTETMBEGA1UEAwwKNUB0ZXN0LmNvbTAeFw0yMjAzMTUxMzIzMzlaFw0yNDAzMTYxMzIzMzlaMBUxEzARBgNVBAMMCjVAdGVzdC5jb20wWTATBgcqhkjOPQIBBggqhkjOPQMBBwNCAAS9OhThI4D6g/iEXxfGklrIeXd9Z0M+diiJ9ljAgsIg42aeRti+qPdLXU1/D9cRSqQkfwr3bPWV3oF684Iqni4MMAoGCCqGSM49BAMCA0kAMEYCIQDvSgAgKBB22Z/ooyqUg64EcQUigPLpb+EEue5bwGydWgIhAKus7fYnj5hLAUwnPrCw9vZZ/j2+Hst7+b4ASLL75Nl9"}
03-16 14:32:33.599 17987 22870 D MulticastClient: Sent messages: [{"sender":"{\"ip\":\"192.168.1.96\",\"cert\":\"MIIBGzCBwqADAgECAgYBf5LiwL8wCgYIKoZIzj0EAwIwFTETMBEGA1UEAwwKM0B0ZXN0LmNvbTAeFw0yMjAzMTUxMzIwMDhaFw0yNDAzMTYxMzIwMDhaMBUxEzARBgNVBAMMCjNAdGVzdC5jb20wWTATBgcqhkjOPQIBBggqhkjOPQMBBwNCAASVCbfTenGFrkV9EIzy1bj8oa9Kure0STvEaqW08piH20aw3fmYZgxXkpSqhmqcMv5bQ1Q7k2Owa5TUgUt5pf9QMAoGCCqGSM49BAMCA0gAMEUCICG\/Ut+mqCXXju+5r5KDo0B+pu+YksxTTzSLgyUZSTRUAiEAlwZEGNVmCgZ+irOjElk8DvNZcTI0AqLoFjB0QLBClB8=\"}","payload":"{\"ip\":\"192.168.1.126\",\"cert\":\"MIIBHDCBwqADAgECAgYBf5LhKoUwCgYIKoZIzj0EAwIwFTETMBEGA1UEAwwKMUB0ZXN0LmNvbTAeFw0yMjAzMTUxMzE4MjRaFw0yNDAzMTYxMzE4MjRaMBUxEzARBgNVBAMMCjFAdGVzdC5jb20wWTATBgcqhkjOPQIBBggqhkjOPQMBBwNCAARygid4IUjQcO5q061zUYi\/H7lvnalm9LjGvCXUiUKNjFkRZCQQHkQr3g5NSREvlv8eDTjoMpzkwAR2X7BGjdlzMAoGCCqGSM49BAMCA0kAMEYCIQCiHMll2QZaqlteytfUXQC9N+f0vW3g05QfhOXX51uZkQIhAOqRAe\/npOy8z8s0m0jcslsGFJ4m0z8mdDgpGZNaRRtS\"}","mt":"FULL_LEDGER","sig":"MEYCIQDF6lmSPLxVRqak70n0nPVPzIV1WuaUQWWh7t9wEwfX8gIhAOvcl86xk33\/siqQt3ME7Uzq3MNHN4NLPkv5IJ8OUOPx","nonce":766271908,"seq":0,"tot":4}, {"sender":"3@test.com","payload":"{\"ip\":\"192.168.1.90\",\"cert\":\"MIIBGzCBwqADAgECAgYBf5Lh\/YgwCgYIKoZIzj0EAwIwFTETMBEGA1UEAwwKMkB0ZXN0LmNvbTAeFw0yMjAzMTUxMzE5MThaFw0yNDAzMTYxMzE5MThaMBUxEzARBgNVBAMMCjJAdGVzdC5jb20wWTATBgcqhkjOPQIBBggqhkjOPQMBBwNCAAS+Y1FtdGs8Ucfiq\/zWhVaVn4ZBowDRf+LHkKkDUQijyqT6F1OlcBHKlpSdutzah71G6VCq62b3AWQkp086ORMGMAoGCCqGSM49BAMCA0gAMEUCIHH+qCw7c9P4WGmGxr+Z6u3tdZRz\/XeTlZiocA09UDaoAiEA977yY+pelaDu67wtccznceHBT4wGLWjjfzyxyDdr\/lY=\"}","mt":"FULL_LEDGER","sig":"MEQCIHVh\/Ed8+K5lGdPthGDw+HAWN\/JOS0a7COgwVI5ZD371AiA\/Vd1n24+cLXnqkdvW1hJ8MqNnXhOY0JH\/ZChlwEe49A==","nonce":766271908,"seq":1,"tot":4}, {"sender":"3@test.com","payload":"{\"ip\":\"192.168.1.96\",\"cert\":\"MIIBGzCBwqADAgECAgYBf5LiwL8wCgYIKoZIzj0EAwIwFTETMBEGA1UEAwwKM0B0ZXN0LmNvbTAeFw0yMjAzMTUxMzIwMDhaFw0yNDAzMTYxMzIwMDhaMBUxEzARBgNVBAMMCjNAdGVzdC5jb20wWTATBgcqhkjOPQIBBggqhkjOPQMBBwNCAASVCbfTenGFrkV9EIzy1bj8oa9Kure0STvEaqW08piH20aw3fmYZgxXkpSqhmqcMv5bQ1Q7k2Owa5TUgUt5pf9QMAoGCCqGSM49BAMCA0gAMEUCICG\/Ut+mqCXXju+5r5KDo0B+pu+YksxTTzSLgyUZSTRUAiEAlwZEGNVmCgZ+irOjElk8DvNZcTI0AqLoFjB0QLBClB8=\"}","mt":"FULL_LEDGER","sig":"MEUCIQCT2chNzrsNbcKJJPb7kRjNrEQykGQJxlgie89sHOnjowIgJGOr7DwXpZBbTg76chQKsqpVd6R7LE+Ny8mxkZlh5Lo=","nonce":766271908,"seq":2,"tot":4}, {"sender":"3@test.com","payload":"{\"ip\":\"192.168.1.102\",\"cert\":\"MIIBHDCBwqADAgECAgYBf5LjjlwwCgYIKoZIzj0EAwIwFTETMBEGA1UEAwwKNEB0ZXN0LmNvbTAeFw0yMjAzMTUxMzIxMDBaFw0yNDAzMTYxMzIxMDBaMBUxEzARBgNVBAMMCjRAdGVzdC5jb20wWTATBgcqhkjOPQIBBggqhkjOPQMBBwNCAASSliUweWkBcg8dWJcPaZ4t+tliwMepoSM+VwpX6w8yGTWjTlICGhj5SdoTv4ekjnO3\/l6v7gLDegapmtwYeG\/3MAoGCCqGSM49BAMCA0kAMEYCIQDK7lH7afWvwtTqc\/4\/4Hgwk5maPvIqyqRaQ8+tb958ggIhAJVeNWTe06qpdnlqQbbihOtTcnnwBkJo3G7r\/k\/zCIAh\"}","mt":"FULL_LEDGER","sig":"MEUCIQDNc+spLw2Ntua1injH1AfFoWxryDTcDADUqS0m4MZGNAIgBFV3jacBHdt\/WU+dTLlif7UtIgzvCkdeOA01V1TRzy4=","nonce":766271908,"seq":3,"tot":4}, {"sender":"3@test.com","payload":"{\"ip\":\"192.168.1.150\",\"cert\":\"MIIBGjCBwqADAgECAgYBf5LodqIwCgYIKoZIzj0EAwIwFTETMBEGA1UEAwwKNkB0ZXN0LmNvbTAeFw0yMjAzMTUxMzI2MjJaFw0yNDAzMTYxMzI2MjJaMBUxEzARBgNVBAMMCjZAdGVzdC5jb20wWTATBgcqhkjOPQIBBggqhkjOPQMBBwNCAARqJJy4N2hgpUaU+\/pNPqTyqeLxd2bLD5idvvjxcZkR\/FU1EnFaMuGevM+E2XKdeDvcPwZaMeY7BoVek0A5J4ptMAoGCCqGSM49BAMCA0cAMEQCIC911LrmrV6wiZsXHz7RPSc6\/GC0XfjHHoimPU7mZSxOAiBPewX5RpN4CLq47U\/AkxoxbBKiRfraRL4ACOYPjDKD7A==\"}","mt":"FULL_LEDGER","sig":"MEYCIQD1+uXARJvO9wkC26VxiZHOMzTSo63FAiUVDMHWSUXYhwIhAJ2sfDp44mVhStNmW+IAp4YW8fSQsnG8URSnPtDSttcO","nonce":766271908,"seq":4,"tot":4}]
03-16 14:32:33.949 17987 22853 D MulticastServer: Received request for 3@test.com to send ledger with hash 4d4c12426cda9ee1d2f2fd15aa254a5754b3a1988173a7184db0dc1e3b44751a
03-16 14:32:33.976 17987 22871 D MulticastServer: Broadcast block received {"ip":"192.168.1.97","cert":"MIIBHDCBwqADAgECAgYBf5Ll+aQwCgYIKoZIzj0EAwIwFTETMBEGA1UEAwwKNUB0ZXN0LmNvbTAeFw0yMjAzMTUxMzIzMzlaFw0yNDAzMTYxMzIzMzlaMBUxEzARBgNVBAMMCjVAdGVzdC5jb20wWTATBgcqhkjOPQIBBggqhkjOPQMBBwNCAAS9OhThI4D6g/iEXxfGklrIeXd9Z0M+diiJ9ljAgsIg42aeRti+qPdLXU1/D9cRSqQkfwr3bPWV3oF684Iqni4MMAoGCCqGSM49BAMCA0kAMEYCIQDvSgAgKBB22Z/ooyqUg64EcQUigPLpb+EEue5bwGydWgIhAKus7fYnj5hLAUwnPrCw9vZZ/j2+Hst7+b4ASLL75Nl9"}
03-16 14:32:34.339 17987 22880 D RegistrationHandler: 1767329646 Accepted hash from 1@test.com: 4d4c12426cda9ee1d2f2fd15aa254a5754b3a1988173a7184db0dc1e3b44751a
03-16 14:32:34.345 17987 22871 D MulticastClient: Sent messages: [{"sender":"","payload":"1@test.com:4d4c12426cda9ee1d2f2fd15aa254a5754b3a1988173a7184db0dc1e3b44751a","mt":"REQUEST_SPECIFIC_LEDGER","sig":"","nonce":821196854,"seq":0,"tot":0}]
03-16 14:32:34.349 17987 22838 D MulticastServer: Received request for 1@test.com to send ledger with hash 4d4c12426cda9ee1d2f2fd15aa254a5754b3a1988173a7184db0dc1e3b44751a
03-16 14:32:34.350 17987 22838 D MulticastServer: Received request for 3@test.com to send ledger with hash 4d4c12426cda9ee1d2f2fd15aa254a5754b3a1988173a7184db0dc1e3b44751a
03-16 14:32:34.380 17987 22869 D MulticastServer: Broadcast block received {"ip":"192.168.1.97","cert":"MIIBHDCBwqADAgECAgYBf5Ll+aQwCgYIKoZIzj0EAwIwFTETMBEGA1UEAwwKNUB0ZXN0LmNvbTAeFw0yMjAzMTUxMzIzMzlaFw0yNDAzMTYxMzIzMzlaMBUxEzARBgNVBAMMCjVAdGVzdC5jb20wWTATBgcqhkjOPQIBBggqhkjOPQMBBwNCAAS9OhThI4D6g/iEXxfGklrIeXd9Z0M+diiJ9ljAgsIg42aeRti+qPdLXU1/D9cRSqQkfwr3bPWV3oF684Iqni4MMAoGCCqGSM49BAMCA0kAMEYCIQDvSgAgKBB22Z/ooyqUg64EcQUigPLpb+EEue5bwGydWgIhAKus7fYnj5hLAUwnPrCw9vZZ/j2+Hst7+b4ASLL75Nl9"}
03-16 14:32:34.753 17987 22870 D MulticastServer: Received request for 1@test.com to send ledger with hash 4d4c12426cda9ee1d2f2fd15aa254a5754b3a1988173a7184db0dc1e3b44751a
03-16 14:32:34.838 17987 22880 D RegistrationHandler: 1767329646 Accepted hash from 1@test.com: 4d4c12426cda9ee1d2f2fd15aa254a5754b3a1988173a7184db0dc1e3b44751a
03-16 14:32:34.842 17987 22870 D MulticastClient: Sent messages: [{"sender":"","payload":"1@test.com:4d4c12426cda9ee1d2f2fd15aa254a5754b3a1988173a7184db0dc1e3b44751a","mt":"REQUEST_SPECIFIC_LEDGER","sig":"","nonce":1893069099,"seq":0,"tot":0}]
03-16 14:32:34.846 17987 22845 D MulticastServer: Received request for 1@test.com to send ledger with hash 4d4c12426cda9ee1d2f2fd15aa254a5754b3a1988173a7184db0dc1e3b44751a
03-16 14:32:35.158 17987 22871 D MulticastServer: Received request for 1@test.com to send ledger with hash 4d4c12426cda9ee1d2f2fd15aa254a5754b3a1988173a7184db0dc1e3b44751a
03-16 14:32:35.250 17987 22871 D MulticastServer: Received request for 1@test.com to send ledger with hash 4d4c12426cda9ee1d2f2fd15aa254a5754b3a1988173a7184db0dc1e3b44751a
03-16 14:32:35.338 17987 22880 D RegistrationHandler: 1767329646 Accepted hash from 3@test.com: 4d4c12426cda9ee1d2f2fd15aa254a5754b3a1988173a7184db0dc1e3b44751a
03-16 14:32:35.344 17987 22871 D MulticastClient: Sent messages: [{"sender":"","payload":"3@test.com:4d4c12426cda9ee1d2f2fd15aa254a5754b3a1988173a7184db0dc1e3b44751a","mt":"REQUEST_SPECIFIC_LEDGER","sig":"","nonce":1112628161,"seq":0,"tot":0}]
03-16 14:32:35.347 17987 22845 D MulticastServer: Received request for 3@test.com to send ledger with hash 4d4c12426cda9ee1d2f2fd15aa254a5754b3a1988173a7184db0dc1e3b44751a
03-16 14:32:35.654 17987 22870 D MulticastServer: Received request for 1@test.com to send ledger with hash 4d4c12426cda9ee1d2f2fd15aa254a5754b3a1988173a7184db0dc1e3b44751a
03-16 14:32:35.754 17987 22870 D MulticastServer: Received request for 3@test.com to send ledger with hash 4d4c12426cda9ee1d2f2fd15aa254a5754b3a1988173a7184db0dc1e3b44751a
03-16 14:32:35.837 17987 22880 D MulticastServer: Registration process finished: 1767329646
03-16 14:32:36.156 17987 22871 D MulticastServer: Received request for 3@test.com to send ledger with hash 4d4c12426cda9ee1d2f2fd15aa254a5754b3a1988173a7184db0dc1e3b44751a
round 3 of 10
03-16 14:33:13.360 20776 22940 D MulticastServer: MULTICAST_SERVER_LISTENING
03-16 14:33:13.364 20776 22942 D MulticastServer: Registration process started with nonce: 1874100820
03-16 14:33:13.369 20776 22947 D MulticastClient: REQUEST_LEDGER 1874100820
03-16 14:33:13.373 20776 22947 D MulticastClient: Sent messages: [{"sender":"","payload":"","mt":"REQUEST_LEDGER","sig":"","nonce":1874100820,"seq":0,"tot":0}]
03-16 14:33:15.368 20776 22944 D RegistrationHandler: 1874100820 Registration started
03-16 14:33:15.385 20776 22944 D MulticastServer: Registration process finished: 1874100820
03-16 14:33:15.400 20776 22948 D MulticastClient: Sent messages: [{"sender":"3@test.com","payload":"{\"ip\":\"192.168.1.96\",\"cert\":\"MIIBGzCBwqADAgECAgYBf5LiwL8wCgYIKoZIzj0EAwIwFTETMBEGA1UEAwwKM0B0ZXN0LmNvbTAeFw0yMjAzMTUxMzIwMDhaFw0yNDAzMTYxMzIwMDhaMBUxEzARBgNVBAMMCjNAdGVzdC5jb20wWTATBgcqhkjOPQIBBggqhkjOPQMBBwNCAASVCbfTenGFrkV9EIzy1bj8oa9Kure0STvEaqW08piH20aw3fmYZgxXkpSqhmqcMv5bQ1Q7k2Owa5TUgUt5pf9QMAoGCCqGSM49BAMCA0gAMEUCICG\/Ut+mqCXXju+5r5KDo0B+pu+YksxTTzSLgyUZSTRUAiEAlwZEGNVmCgZ+irOjElk8DvNZcTI0AqLoFjB0QLBClB8=\"}","mt":"BROADCAST_BLOCK","sig":"MEYCIQDYrZ+YdPFtdes9opYPYOqKdctv4mEcXCvCIvxEl8Us+AIhAMJHXzIyZr67JaqwNxLavsicXyXzNuRWqP9TtKxEUeCU","nonce":1874100820,"seq":0,"tot":0}]
03-16 14:33:27.949 20776 22948 D MulticastServer: Registration process started with nonce: 628118652
03-16 14:33:27.951 20776 22947 D MulticastServer: Registration process started with nonce: 628118652
03-16 14:33:28.421 20776 22971 D RegistrationHandler: FULL_LEDGER 628118652
03-16 14:33:28.815 20776 22971 D RegistrationHandler: FULL_LEDGER 628118652
03-16 14:33:29.958 20776 22966 D MulticastServer: Registration process finished: 628118652
03-16 14:33:37.875 20776 22971 D MulticastServer: Broadcast block received {"ip":"192.168.1.126","cert":"MIIBHDCBwqADAgECAgYBf5LhKoUwCgYIKoZIzj0EAwIwFTETMBEGA1UEAwwKMUB0ZXN0LmNvbTAeFw0yMjAzMTUxMzE4MjRaFw0yNDAzMTYxMzE4MjRaMBUxEzARBgNVBAMMCjFAdGVzdC5jb20wWTATBgcqhkjOPQIBBggqhkjOPQMBBwNCAARygid4IUjQcO5q061zUYi/H7lvnalm9LjGvCXUiUKNjFkRZCQQHkQr3g5NSREvlv8eDTjoMpzkwAR2X7BGjdlzMAoGCCqGSM49BAMCA0kAMEYCIQCiHMll2QZaqlteytfUXQC9N+f0vW3g05QfhOXX51uZkQIhAOqRAe/npOy8z8s0m0jcslsGFJ4m0z8mdDgpGZNaRRtS"}
03-16 14:33:37.965 20776 22967 D RegistrationHandler: ACCEPTED_LEDGER 628118652 3
03-16 14:33:43.091 20776 22971 D MulticastServer: Registration process started with nonce: 1891597296
03-16 14:33:43.097 20776 22971 D MulticastServer: Received request for ledger with nonce: 1891597296.
03-16 14:33:43.186 20776 22947 D MulticastClient: Sent messages: [{"sender":"{\"ip\":\"192.168.1.96\",\"cert\":\"MIIBGzCBwqADAgECAgYBf5LiwL8wCgYIKoZIzj0EAwIwFTETMBEGA1UEAwwKM0B0ZXN0LmNvbTAeFw0yMjAzMTUxMzIwMDhaFw0yNDAzMTYxMzIwMDhaMBUxEzARBgNVBAMMCjNAdGVzdC5jb20wWTATBgcqhkjOPQIBBggqhkjOPQMBBwNCAASVCbfTenGFrkV9EIzy1bj8oa9Kure0STvEaqW08piH20aw3fmYZgxXkpSqhmqcMv5bQ1Q7k2Owa5TUgUt5pf9QMAoGCCqGSM49BAMCA0gAMEUCICG\/Ut+mqCXXju+5r5KDo0B+pu+YksxTTzSLgyUZSTRUAiEAlwZEGNVmCgZ+irOjElk8DvNZcTI0AqLoFjB0QLBClB8=\"}","payload":"ebc2d79deb8acdf3834d685804ac4660b2b01356e5e6c77ab7f0b16d64372396","mt":"LEDGER_HASH","sig":"MEUCIEAYeiQzrh9AyxBxYBbw0hVnjFG\/TO4SjEgt4N6pXy5JAiEAxiQFnM\/zt+3HwPE+55mAa4BfUi+aqalTC6s7gy042lQ=","nonce":1891597296,"seq":0,"tot":0}]
03-16 14:33:44.080 20776 22948 D RegistrationHandler: FULL_LEDGER 1891597296
03-16 14:33:53.102 20776 22977 D RegistrationHandler: ACCEPTED_LEDGER 1891597296 4
03-16 14:33:53.110 20776 22977 D MulticastServer: Registration process finished: 1891597296
03-16 14:33:53.537 20776 22948 D MulticastServer: Broadcast block received {"ip":"192.168.1.90","cert":"MIIBGzCBwqADAgECAgYBf5Lh/YgwCgYIKoZIzj0EAwIwFTETMBEGA1UEAwwKMkB0ZXN0LmNvbTAeFw0yMjAzMTUxMzE5MThaFw0yNDAzMTYxMzE5MThaMBUxEzARBgNVBAMMCjJAdGVzdC5jb20wWTATBgcqhkjOPQIBBggqhkjOPQMBBwNCAAS+Y1FtdGs8Ucfiq/zWhVaVn4ZBowDRf+LHkKkDUQijyqT6F1OlcBHKlpSdutzah71G6VCq62b3AWQkp086ORMGMAoGCCqGSM49BAMCA0gAMEUCIHH+qCw7c9P4WGmGxr+Z6u3tdZRz/XeTlZiocA09UDaoAiEA977yY+pelaDu67wtccznceHBT4wGLWjjfzyxyDdr/lY="}
03-16 14:33:54.049 20776 22948 D MulticastServer: Broadcast block received {"ip":"192.168.1.90","cert":"MIIBGzCBwqADAgECAgYBf5Lh/YgwCgYIKoZIzj0EAwIwFTETMBEGA1UEAwwKMkB0ZXN0LmNvbTAeFw0yMjAzMTUxMzE5MThaFw0yNDAzMTYxMzE5MThaMBUxEzARBgNVBAMMCjJAdGVzdC5jb20wWTATBgcqhkjOPQIBBggqhkjOPQMBBwNCAAS+Y1FtdGs8Ucfiq/zWhVaVn4ZBowDRf+LHkKkDUQijyqT6F1OlcBHKlpSdutzah71G6VCq62b3AWQkp086ORMGMAoGCCqGSM49BAMCA0gAMEUCIHH+qCw7c9P4WGmGxr+Z6u3tdZRz/XeTlZiocA09UDaoAiEA977yY+pelaDu67wtccznceHBT4wGLWjjfzyxyDdr/lY="}
03-16 14:33:58.352 20776 22948 D MulticastServer: Registration process started with nonce: 693321125
03-16 14:33:58.356 20776 22948 D MulticastServer: Received request for ledger with nonce: 693321125.
03-16 14:33:58.425 20776 22971 D MulticastClient: Sent messages: [{"sender":"{\"ip\":\"192.168.1.96\",\"cert\":\"MIIBGzCBwqADAgECAgYBf5LiwL8wCgYIKoZIzj0EAwIwFTETMBEGA1UEAwwKM0B0ZXN0LmNvbTAeFw0yMjAzMTUxMzIwMDhaFw0yNDAzMTYxMzIwMDhaMBUxEzARBgNVBAMMCjNAdGVzdC5jb20wWTATBgcqhkjOPQIBBggqhkjOPQMBBwNCAASVCbfTenGFrkV9EIzy1bj8oa9Kure0STvEaqW08piH20aw3fmYZgxXkpSqhmqcMv5bQ1Q7k2Owa5TUgUt5pf9QMAoGCCqGSM49BAMCA0gAMEUCICG\/Ut+mqCXXju+5r5KDo0B+pu+YksxTTzSLgyUZSTRUAiEAlwZEGNVmCgZ+irOjElk8DvNZcTI0AqLoFjB0QLBClB8=\"}","payload":"4d4c12426cda9ee1d2f2fd15aa254a5754b3a1988173a7184db0dc1e3b44751a","mt":"LEDGER_HASH","sig":"MEUCIBcQXOfCExPQXKCR4Ywp96oc+Ox4sWl7SqU6D4lO4lWdAiEA26I7NGldR7bEjtp7dYqjiKSBW16RzQSA+SCk0st17Hg=","nonce":693321125,"seq":0,"tot":0}]
03-16 14:33:58.452 20776 22947 D MulticastServer: Received hash from 2@test.com: 4d4c12426cda9ee1d2f2fd15aa254a5754b3a1988173a7184db0dc1e3b44751a
03-16 14:33:58.457 20776 22948 D MulticastServer: Received hash from 1@test.com: 4d4c12426cda9ee1d2f2fd15aa254a5754b3a1988173a7184db0dc1e3b44751a
03-16 14:33:58.860 20776 22948 D MulticastServer: Received hash from 2@test.com: 4d4c12426cda9ee1d2f2fd15aa254a5754b3a1988173a7184db0dc1e3b44751a
03-16 14:33:59.397 20776 22971 D RegistrationHandler: FULL_LEDGER 693321125
03-16 14:34:08.361 20776 22980 D RegistrationHandler: 693321125 Accepted hash from 1@test.com: 4d4c12426cda9ee1d2f2fd15aa254a5754b3a1988173a7184db0dc1e3b44751a
03-16 14:34:08.367 20776 22971 D MulticastClient: Sent messages: [{"sender":"","payload":"1@test.com:4d4c12426cda9ee1d2f2fd15aa254a5754b3a1988173a7184db0dc1e3b44751a","mt":"REQUEST_SPECIFIC_LEDGER","sig":"","nonce":378771552,"seq":0,"tot":0}]
03-16 14:34:08.374 20776 22948 D MulticastServer: Received request for 1@test.com to send ledger with hash 4d4c12426cda9ee1d2f2fd15aa254a5754b3a1988173a7184db0dc1e3b44751a
03-16 14:34:08.389 20776 22948 D MulticastServer: Broadcast block received {"ip":"192.168.1.97","cert":"MIIBHDCBwqADAgECAgYBf5Ll+aQwCgYIKoZIzj0EAwIwFTETMBEGA1UEAwwKNUB0ZXN0LmNvbTAeFw0yMjAzMTUxMzIzMzlaFw0yNDAzMTYxMzIzMzlaMBUxEzARBgNVBAMMCjVAdGVzdC5jb20wWTATBgcqhkjOPQIBBggqhkjOPQMBBwNCAAS9OhThI4D6g/iEXxfGklrIeXd9Z0M+diiJ9ljAgsIg42aeRti+qPdLXU1/D9cRSqQkfwr3bPWV3oF684Iqni4MMAoGCCqGSM49BAMCA0kAMEYCIQDvSgAgKBB22Z/ooyqUg64EcQUigPLpb+EEue5bwGydWgIhAKus7fYnj5hLAUwnPrCw9vZZ/j2+Hst7+b4ASLL75Nl9"}
03-16 14:34:08.777 20776 22948 D MulticastServer: Received request for 1@test.com to send ledger with hash 4d4c12426cda9ee1d2f2fd15aa254a5754b3a1988173a7184db0dc1e3b44751a
03-16 14:34:08.799 20776 22948 D MulticastServer: Broadcast block received {"ip":"192.168.1.97","cert":"MIIBHDCBwqADAgECAgYBf5Ll+aQwCgYIKoZIzj0EAwIwFTETMBEGA1UEAwwKNUB0ZXN0LmNvbTAeFw0yMjAzMTUxMzIzMzlaFw0yNDAzMTYxMzIzMzlaMBUxEzARBgNVBAMMCjVAdGVzdC5jb20wWTATBgcqhkjOPQIBBggqhkjOPQMBBwNCAAS9OhThI4D6g/iEXxfGklrIeXd9Z0M+diiJ9ljAgsIg42aeRti+qPdLXU1/D9cRSqQkfwr3bPWV3oF684Iqni4MMAoGCCqGSM49BAMCA0kAMEYCIQDvSgAgKBB22Z/ooyqUg64EcQUigPLpb+EEue5bwGydWgIhAKus7fYnj5hLAUwnPrCw9vZZ/j2+Hst7+b4ASLL75Nl9"}
03-16 14:34:09.045 20776 22982 D RegistrationHandler: 693321125 Accepted hash from 1@test.com: 4d4c12426cda9ee1d2f2fd15aa254a5754b3a1988173a7184db0dc1e3b44751a
03-16 14:34:09.050 20776 22948 D MulticastClient: Sent messages: [{"sender":"","payload":"1@test.com:4d4c12426cda9ee1d2f2fd15aa254a5754b3a1988173a7184db0dc1e3b44751a","mt":"REQUEST_SPECIFIC_LEDGER","sig":"","nonce":166467010,"seq":0,"tot":0}]
03-16 14:34:09.055 20776 22947 D MulticastServer: Received request for 1@test.com to send ledger with hash 4d4c12426cda9ee1d2f2fd15aa254a5754b3a1988173a7184db0dc1e3b44751a
03-16 14:34:09.179 20776 22971 D MulticastServer: Received request for 1@test.com to send ledger with hash 4d4c12426cda9ee1d2f2fd15aa254a5754b3a1988173a7184db0dc1e3b44751a
03-16 14:34:09.211 20776 22971 D MulticastServer: Broadcast block received {"ip":"192.168.1.97","cert":"MIIBHDCBwqADAgECAgYBf5Ll+aQwCgYIKoZIzj0EAwIwFTETMBEGA1UEAwwKNUB0ZXN0LmNvbTAeFw0yMjAzMTUxMzIzMzlaFw0yNDAzMTYxMzIzMzlaMBUxEzARBgNVBAMMCjVAdGVzdC5jb20wWTATBgcqhkjOPQIBBggqhkjOPQMBBwNCAAS9OhThI4D6g/iEXxfGklrIeXd9Z0M+diiJ9ljAgsIg42aeRti+qPdLXU1/D9cRSqQkfwr3bPWV3oF684Iqni4MMAoGCCqGSM49BAMCA0kAMEYCIQDvSgAgKBB22Z/ooyqUg64EcQUigPLpb+EEue5bwGydWgIhAKus7fYnj5hLAUwnPrCw9vZZ/j2+Hst7+b4ASLL75Nl9"}
03-16 14:34:09.460 20776 22971 D MulticastServer: Received request for 1@test.com to send ledger with hash 4d4c12426cda9ee1d2f2fd15aa254a5754b3a1988173a7184db0dc1e3b44751a
03-16 14:34:09.545 20776 22982 D RegistrationHandler: 693321125 Accepted hash from 3@test.com: 4d4c12426cda9ee1d2f2fd15aa254a5754b3a1988173a7184db0dc1e3b44751a
03-16 14:34:09.549 20776 22971 D MulticastClient: Sent messages: [{"sender":"","payload":"3@test.com:4d4c12426cda9ee1d2f2fd15aa254a5754b3a1988173a7184db0dc1e3b44751a","mt":"REQUEST_SPECIFIC_LEDGER","sig":"","nonce":1890368772,"seq":0,"tot":0}]
03-16 14:34:09.553 20776 22947 D MulticastServer: Received request for 3@test.com to send ledger with hash 4d4c12426cda9ee1d2f2fd15aa254a5754b3a1988173a7184db0dc1e3b44751a
03-16 14:34:09.861 20776 22948 D MulticastServer: Received request for 1@test.com to send ledger with hash 4d4c12426cda9ee1d2f2fd15aa254a5754b3a1988173a7184db0dc1e3b44751a
03-16 14:34:09.959 20776 22948 D MulticastServer: Received request for 3@test.com to send ledger with hash 4d4c12426cda9ee1d2f2fd15aa254a5754b3a1988173a7184db0dc1e3b44751a
03-16 14:34:10.045 20776 22982 D RegistrationHandler: 693321125 Accepted hash from 2@test.com: 4d4c12426cda9ee1d2f2fd15aa254a5754b3a1988173a7184db0dc1e3b44751a
03-16 14:34:10.049 20776 22948 D MulticastClient: Sent messages: [{"sender":"","payload":"2@test.com:4d4c12426cda9ee1d2f2fd15aa254a5754b3a1988173a7184db0dc1e3b44751a","mt":"REQUEST_SPECIFIC_LEDGER","sig":"","nonce":1742319335,"seq":0,"tot":0}]
03-16 14:34:10.054 20776 22947 D MulticastServer: Received request for 2@test.com to send ledger with hash 4d4c12426cda9ee1d2f2fd15aa254a5754b3a1988173a7184db0dc1e3b44751a
03-16 14:34:10.361 20776 22971 D MulticastServer: Received request for 3@test.com to send ledger with hash 4d4c12426cda9ee1d2f2fd15aa254a5754b3a1988173a7184db0dc1e3b44751a
03-16 14:34:10.457 20776 22971 D MulticastServer: Received request for 2@test.com to send ledger with hash 4d4c12426cda9ee1d2f2fd15aa254a5754b3a1988173a7184db0dc1e3b44751a
03-16 14:34:10.545 20776 22982 D MulticastServer: Registration process finished: 693321125
03-16 14:34:10.859 20776 22948 D MulticastServer: Received request for 2@test.com to send ledger with hash 4d4c12426cda9ee1d2f2fd15aa254a5754b3a1988173a7184db0dc1e3b44751a
round 4 of 10
03-16 14:34:48.425 22858 23062 D MulticastServer: MULTICAST_SERVER_LISTENING
03-16 14:34:48.429 22858 23064 D MulticastServer: Registration process started with nonce: 1762583302
03-16 14:34:48.434 22858 23063 D MulticastClient: REQUEST_LEDGER 1762583302
03-16 14:34:48.437 22858 23063 D MulticastClient: Sent messages: [{"sender":"","payload":"","mt":"REQUEST_LEDGER","sig":"","nonce":1762583302,"seq":0,"tot":0}]
03-16 14:34:48.642 22858 23072 D RegistrationHandler: FULL_LEDGER 1762583302
03-16 14:34:49.071 22858 23072 D RegistrationHandler: FULL_LEDGER 1762583302
03-16 14:34:58.443 22858 23065 D RegistrationHandler: ACCEPTED_LEDGER 1762583302 2
03-16 14:34:58.450 22858 23065 D RegistrationHandler: 1762583302 Registration started
03-16 14:34:58.465 22858 23065 D MulticastServer: Registration process finished: 1762583302
03-16 14:34:58.474 22858 23072 D MulticastClient: Sent messages: [{"sender":"3@test.com","payload":"{\"ip\":\"192.168.1.96\",\"cert\":\"MIIBGzCBwqADAgECAgYBf5LiwL8wCgYIKoZIzj0EAwIwFTETMBEGA1UEAwwKM0B0ZXN0LmNvbTAeFw0yMjAzMTUxMzIwMDhaFw0yNDAzMTYxMzIwMDhaMBUxEzARBgNVBAMMCjNAdGVzdC5jb20wWTATBgcqhkjOPQIBBggqhkjOPQMBBwNCAASVCbfTenGFrkV9EIzy1bj8oa9Kure0STvEaqW08piH20aw3fmYZgxXkpSqhmqcMv5bQ1Q7k2Owa5TUgUt5pf9QMAoGCCqGSM49BAMCA0gAMEUCICG\/Ut+mqCXXju+5r5KDo0B+pu+YksxTTzSLgyUZSTRUAiEAlwZEGNVmCgZ+irOjElk8DvNZcTI0AqLoFjB0QLBClB8=\"}","mt":"BROADCAST_BLOCK","sig":"MEUCIH\/n4HQ65K\/dEqgM6Cus4fWwTnnV4DbgDE32mcLJKaJQAiEAihCcbaKWQokSyHI6FMzF9C3HXJrHLJTbioABQDxIwi4=","nonce":1762583302,"seq":0,"tot":0}]
03-16 14:35:02.862 22858 23072 D MulticastServer: Registration process started with nonce: 1149796360
03-16 14:35:02.867 22858 23072 D MulticastServer: Received request for ledger with nonce: 1149796360.
03-16 14:35:02.947 22858 23071 D MulticastClient: Sent messages: [{"sender":"{\"ip\":\"192.168.1.96\",\"cert\":\"MIIBGzCBwqADAgECAgYBf5LiwL8wCgYIKoZIzj0EAwIwFTETMBEGA1UEAwwKM0B0ZXN0LmNvbTAeFw0yMjAzMTUxMzIwMDhaFw0yNDAzMTYxMzIwMDhaMBUxEzARBgNVBAMMCjNAdGVzdC5jb20wWTATBgcqhkjOPQIBBggqhkjOPQMBBwNCAASVCbfTenGFrkV9EIzy1bj8oa9Kure0STvEaqW08piH20aw3fmYZgxXkpSqhmqcMv5bQ1Q7k2Owa5TUgUt5pf9QMAoGCCqGSM49BAMCA0gAMEUCICG\/Ut+mqCXXju+5r5KDo0B+pu+YksxTTzSLgyUZSTRUAiEAlwZEGNVmCgZ+irOjElk8DvNZcTI0AqLoFjB0QLBClB8=\"}","payload":"58bd4632887849d74eb9cacc4b3fdc2e32cf4912076f15d4fb0b301c9ec06865","mt":"LEDGER_HASH","sig":"MEUCIQCumL7gl1DUlWP\/PKfacoR0bCMWYJKR8lozWYll3\/dbAwIgei\/BfvcvJ+JgQxnAjKhK5htWVkgjeOeDJ4iBD\/LdsNE=","nonce":1149796360,"seq":0,"tot":0}]
03-16 14:35:02.994 22858 23072 D RegistrationHandler: FULL_LEDGER 1149796360
03-16 14:35:03.088 22858 23072 D RegistrationHandler: FULL_LEDGER 1149796360
03-16 14:35:12.873 22858 23091 D RegistrationHandler: ACCEPTED_LEDGER 1149796360 3
03-16 14:35:12.879 22858 23091 D MulticastServer: Registration process finished: 1149796360
03-16 14:35:12.897 22858 23072 D MulticastServer: Broadcast block received {"ip":"192.168.1.126","cert":"MIIBHDCBwqADAgECAgYBf5LhKoUwCgYIKoZIzj0EAwIwFTETMBEGA1UEAwwKMUB0ZXN0LmNvbTAeFw0yMjAzMTUxMzE4MjRaFw0yNDAzMTYxMzE4MjRaMBUxEzARBgNVBAMMCjFAdGVzdC5jb20wWTATBgcqhkjOPQIBBggqhkjOPQMBBwNCAARygid4IUjQcO5q061zUYi/H7lvnalm9LjGvCXUiUKNjFkRZCQQHkQr3g5NSREvlv8eDTjoMpzkwAR2X7BGjdlzMAoGCCqGSM49BAMCA0kAMEYCIQCiHMll2QZaqlteytfUXQC9N+f0vW3g05QfhOXX51uZkQIhAOqRAe/npOy8z8s0m0jcslsGFJ4m0z8mdDgpGZNaRRtS"}
03-16 14:35:13.306 22858 23072 D MulticastServer: Broadcast block received {"ip":"192.168.1.126","cert":"MIIBHDCBwqADAgECAgYBf5LhKoUwCgYIKoZIzj0EAwIwFTETMBEGA1UEAwwKMUB0ZXN0LmNvbTAeFw0yMjAzMTUxMzE4MjRaFw0yNDAzMTYxMzE4MjRaMBUxEzARBgNVBAMMCjFAdGVzdC5jb20wWTATBgcqhkjOPQIBBggqhkjOPQMBBwNCAARygid4IUjQcO5q061zUYi/H7lvnalm9LjGvCXUiUKNjFkRZCQQHkQr3g5NSREvlv8eDTjoMpzkwAR2X7BGjdlzMAoGCCqGSM49BAMCA0kAMEYCIQCiHMll2QZaqlteytfUXQC9N+f0vW3g05QfhOXX51uZkQIhAOqRAe/npOy8z8s0m0jcslsGFJ4m0z8mdDgpGZNaRRtS"}
03-16 14:35:18.830 22858 23072 D MulticastServer: Registration process started with nonce: 2096868424
03-16 14:35:18.836 22858 23072 D MulticastServer: Received request for ledger with nonce: 2096868424.
03-16 14:35:18.905 22858 23068 D MulticastClient: Sent messages: [{"sender":"{\"ip\":\"192.168.1.96\",\"cert\":\"MIIBGzCBwqADAgECAgYBf5LiwL8wCgYIKoZIzj0EAwIwFTETMBEGA1UEAwwKM0B0ZXN0LmNvbTAeFw0yMjAzMTUxMzIwMDhaFw0yNDAzMTYxMzIwMDhaMBUxEzARBgNVBAMMCjNAdGVzdC5jb20wWTATBgcqhkjOPQIBBggqhkjOPQMBBwNCAASVCbfTenGFrkV9EIzy1bj8oa9Kure0STvEaqW08piH20aw3fmYZgxXkpSqhmqcMv5bQ1Q7k2Owa5TUgUt5pf9QMAoGCCqGSM49BAMCA0gAMEUCICG\/Ut+mqCXXju+5r5KDo0B+pu+YksxTTzSLgyUZSTRUAiEAlwZEGNVmCgZ+irOjElk8DvNZcTI0AqLoFjB0QLBClB8=\"}","payload":"ebc2d79deb8acdf3834d685804ac4660b2b01356e5e6c77ab7f0b16d64372396","mt":"LEDGER_HASH","sig":"MEUCIET1z1qsVTb4PQsXLUzuqc0vb3RQRB6DhkF+Mj6JIl0SAiEAnl6GFbuzpJ3Cr51qoyVE2x6Wz9XLPG0iJwhICh9n+zE=","nonce":2096868424,"seq":0,"tot":0}]
03-16 14:35:18.934 22858 23063 D MulticastServer: Received hash from 1@test.com: ebc2d79deb8acdf3834d685804ac4660b2b01356e5e6c77ab7f0b16d64372396
03-16 14:35:19.018 22858 23063 D RegistrationHandler: FULL_LEDGER 2096868424
03-16 14:35:19.800 22858 23063 D RegistrationHandler: FULL_LEDGER 2096868424
03-16 14:35:19.859 22858 23068 D MulticastServer: Received hash from 1@test.com: ebc2d79deb8acdf3834d685804ac4660b2b01356e5e6c77ab7f0b16d64372396
03-16 14:35:19.860 22858 23063 D RegistrationHandler: FULL_LEDGER 2096868424
03-16 14:35:28.155 22858 23063 D MulticastServer: Broadcast block received {"ip":"192.168.1.90","cert":"MIIBGzCBwqADAgECAgYBf5Lh/YgwCgYIKoZIzj0EAwIwFTETMBEGA1UEAwwKMkB0ZXN0LmNvbTAeFw0yMjAzMTUxMzE5MThaFw0yNDAzMTYxMzE5MThaMBUxEzARBgNVBAMMCjJAdGVzdC5jb20wWTATBgcqhkjOPQIBBggqhkjOPQMBBwNCAAS+Y1FtdGs8Ucfiq/zWhVaVn4ZBowDRf+LHkKkDUQijyqT6F1OlcBHKlpSdutzah71G6VCq62b3AWQkp086ORMGMAoGCCqGSM49BAMCA0gAMEUCIHH+qCw7c9P4WGmGxr+Z6u3tdZRz/XeTlZiocA09UDaoAiEA977yY+pelaDu67wtccznceHBT4wGLWjjfzyxyDdr/lY="}
03-16 14:35:28.565 22858 23063 D MulticastServer: Broadcast block received {"ip":"192.168.1.90","cert":"MIIBGzCBwqADAgECAgYBf5Lh/YgwCgYIKoZIzj0EAwIwFTETMBEGA1UEAwwKMkB0ZXN0LmNvbTAeFw0yMjAzMTUxMzE5MThaFw0yNDAzMTYxMzE5MThaMBUxEzARBgNVBAMMCjJAdGVzdC5jb20wWTATBgcqhkjOPQIBBggqhkjOPQMBBwNCAAS+Y1FtdGs8Ucfiq/zWhVaVn4ZBowDRf+LHkKkDUQijyqT6F1OlcBHKlpSdutzah71G6VCq62b3AWQkp086ORMGMAoGCCqGSM49BAMCA0gAMEUCIHH+qCw7c9P4WGmGxr+Z6u3tdZRz/XeTlZiocA09UDaoAiEA977yY+pelaDu67wtccznceHBT4wGLWjjfzyxyDdr/lY="}
03-16 14:35:28.843 22858 23096 D RegistrationHandler: ACCEPTED_LEDGER 2096868424 4
03-16 14:35:28.850 22858 23096 D MulticastServer: Registration process finished: 2096868424
03-16 14:35:33.273 22858 23063 D MulticastServer: Registration process started with nonce: 519279588
03-16 14:35:33.277 22858 23063 D MulticastServer: Received request for ledger with nonce: 519279588.
03-16 14:35:33.338 22858 23068 D MulticastClient: Sent messages: [{"sender":"{\"ip\":\"192.168.1.96\",\"cert\":\"MIIBGzCBwqADAgECAgYBf5LiwL8wCgYIKoZIzj0EAwIwFTETMBEGA1UEAwwKM0B0ZXN0LmNvbTAeFw0yMjAzMTUxMzIwMDhaFw0yNDAzMTYxMzIwMDhaMBUxEzARBgNVBAMMCjNAdGVzdC5jb20wWTATBgcqhkjOPQIBBggqhkjOPQMBBwNCAASVCbfTenGFrkV9EIzy1bj8oa9Kure0STvEaqW08piH20aw3fmYZgxXkpSqhmqcMv5bQ1Q7k2Owa5TUgUt5pf9QMAoGCCqGSM49BAMCA0gAMEUCICG\/Ut+mqCXXju+5r5KDo0B+pu+YksxTTzSLgyUZSTRUAiEAlwZEGNVmCgZ+irOjElk8DvNZcTI0AqLoFjB0QLBClB8=\"}","payload":"4d4c12426cda9ee1d2f2fd15aa254a5754b3a1988173a7184db0dc1e3b44751a","mt":"LEDGER_HASH","sig":"MEYCIQCK2OBosPWRho6piD2jfTNeWUzjm1H2FiM80jILUrwBuwIhAOZhww28prm0suGh2DU\/NQYC\/imh0U1ewfv1vs8E1+1u","nonce":519279588,"seq":0,"tot":0}]
03-16 14:35:33.453 22858 23072 D MulticastServer: Received hash from 2@test.com: 4d4c12426cda9ee1d2f2fd15aa254a5754b3a1988173a7184db0dc1e3b44751a
03-16 14:35:34.245 22858 23063 D RegistrationHandler: FULL_LEDGER 519279588
03-16 14:35:34.253 22858 23072 D RegistrationHandler: FULL_LEDGER 519279588
03-16 14:35:34.265 22858 23068 D RegistrationHandler: FULL_LEDGER 519279588
03-16 14:35:34.271 22858 23072 D RegistrationHandler: FULL_LEDGER 519279588
03-16 14:35:34.276 22858 23072 D MulticastServer: Received hash from 1@test.com: 4d4c12426cda9ee1d2f2fd15aa254a5754b3a1988173a7184db0dc1e3b44751a
03-16 14:35:43.205 22858 23072 D MulticastServer: Broadcast block received {"ip":"192.168.1.97","cert":"MIIBHDCBwqADAgECAgYBf5Ll+aQwCgYIKoZIzj0EAwIwFTETMBEGA1UEAwwKNUB0ZXN0LmNvbTAeFw0yMjAzMTUxMzIzMzlaFw0yNDAzMTYxMzIzMzlaMBUxEzARBgNVBAMMCjVAdGVzdC5jb20wWTATBgcqhkjOPQIBBggqhkjOPQMBBwNCAAS9OhThI4D6g/iEXxfGklrIeXd9Z0M+diiJ9ljAgsIg42aeRti+qPdLXU1/D9cRSqQkfwr3bPWV3oF684Iqni4MMAoGCCqGSM49BAMCA0kAMEYCIQDvSgAgKBB22Z/ooyqUg64EcQUigPLpb+EEue5bwGydWgIhAKus7fYnj5hLAUwnPrCw9vZZ/j2+Hst7+b4ASLL75Nl9"}
03-16 14:35:43.280 22858 23100 D RegistrationHandler: ACCEPTED_LEDGER 519279588 5
03-16 14:35:43.281 22858 23100 D MulticastServer: Registration process finished: 519279588
03-16 14:35:43.617 22858 23072 D MulticastServer: Broadcast block received {"ip":"192.168.1.97","cert":"MIIBHDCBwqADAgECAgYBf5Ll+aQwCgYIKoZIzj0EAwIwFTETMBEGA1UEAwwKNUB0ZXN0LmNvbTAeFw0yMjAzMTUxMzIzMzlaFw0yNDAzMTYxMzIzMzlaMBUxEzARBgNVBAMMCjVAdGVzdC5jb20wWTATBgcqhkjOPQIBBggqhkjOPQMBBwNCAAS9OhThI4D6g/iEXxfGklrIeXd9Z0M+diiJ9ljAgsIg42aeRti+qPdLXU1/D9cRSqQkfwr3bPWV3oF684Iqni4MMAoGCCqGSM49BAMCA0kAMEYCIQDvSgAgKBB22Z/ooyqUg64EcQUigPLpb+EEue5bwGydWgIhAKus7fYnj5hLAUwnPrCw9vZZ/j2+Hst7+b4ASLL75Nl9"}
03-16 14:35:44.128 22858 23072 D MulticastServer: Broadcast block received {"ip":"192.168.1.97","cert":"MIIBHDCBwqADAgECAgYBf5Ll+aQwCgYIKoZIzj0EAwIwFTETMBEGA1UEAwwKNUB0ZXN0LmNvbTAeFw0yMjAzMTUxMzIzMzlaFw0yNDAzMTYxMzIzMzlaMBUxEzARBgNVBAMMCjVAdGVzdC5jb20wWTATBgcqhkjOPQIBBggqhkjOPQMBBwNCAAS9OhThI4D6g/iEXxfGklrIeXd9Z0M+diiJ9ljAgsIg42aeRti+qPdLXU1/D9cRSqQkfwr3bPWV3oF684Iqni4MMAoGCCqGSM49BAMCA0kAMEYCIQDvSgAgKBB22Z/ooyqUg64EcQUigPLpb+EEue5bwGydWgIhAKus7fYnj5hLAUwnPrCw9vZZ/j2+Hst7+b4ASLL75Nl9"}
round 5 of 10
03-16 14:36:22.837 22958 23166 D MulticastServer: MULTICAST_SERVER_LISTENING
03-16 14:36:22.842 22958 23168 D MulticastServer: Registration process started with nonce: 1534489142
03-16 14:36:22.849 22958 23167 D MulticastClient: REQUEST_LEDGER 1534489142
03-16 14:36:22.854 22958 23167 D MulticastClient: Sent messages: [{"sender":"","payload":"","mt":"REQUEST_LEDGER","sig":"","nonce":1534489142,"seq":0,"tot":0}]
03-16 14:36:23.054 22958 23175 D RegistrationHandler: FULL_LEDGER 1534489142
03-16 14:36:23.076 22958 23182 D RegistrationHandler: FULL_LEDGER 1534489142
03-16 14:36:23.474 22958 23182 D RegistrationHandler: FULL_LEDGER 1534489142
03-16 14:36:23.894 22958 23182 D RegistrationHandler: FULL_LEDGER 1534489142
03-16 14:36:32.858 22958 23169 D RegistrationHandler: ACCEPTED_LEDGER 1534489142 2
03-16 14:36:32.867 22958 23169 D RegistrationHandler: 1534489142 Registration started
03-16 14:36:32.889 22958 23169 D MulticastServer: Registration process finished: 1534489142
