Number of rounds: 3
round 1 of 3
--------- beginning of main
03-17 15:16:12.803 12080 12129 D MulticastServer: MULTICAST_SERVER_LISTENING
03-17 15:16:12.805 12080 12131 D MulticastServer: Registration process started with nonce 2098355236
03-17 15:16:12.808 12080 12135 D MulticastClient: REQUEST_LEDGER 2098355236
03-17 15:16:12.810 12080 12135 D MulticastClient: Sent messages: [{"sender":"","payload":"","mt":"REQUEST_LEDGER","sig":"","nonce":2098355236,"seq":0,"tot":0}]
03-17 15:16:14.809 12080 12133 D RegistrationHandler: I am the first in the network
03-17 15:16:14.809 12080 12133 D RegistrationHandler: 2098355236 Registration started
03-17 15:16:14.815 12080 12133 D MulticastServer: Registration process finished: 2098355236
03-17 15:16:14.825 12080 12138 D MulticastClient: Sent messages: [{"sender":"1@test.com","payload":"{\"ip\":\"192.168.1.126\",\"cert\":\"MIIBHDCBwqADAgECAgYBf5LhKoUwCgYIKoZIzj0EAwIwFTETMBEGA1UEAwwKMUB0ZXN0LmNvbTAeFw0yMjAzMTUxMzE4MjRaFw0yNDAzMTYxMzE4MjRaMBUxEzARBgNVBAMMCjFAdGVzdC5jb20wWTATBgcqhkjOPQIBBggqhkjOPQMBBwNCAARygid4IUjQcO5q061zUYi\/H7lvnalm9LjGvCXUiUKNjFkRZCQQHkQr3g5NSREvlv8eDTjoMpzkwAR2X7BGjdlzMAoGCCqGSM49BAMCA0kAMEYCIQCiHMll2QZaqlteytfUXQC9N+f0vW3g05QfhOXX51uZkQIhAOqRAe\/npOy8z8s0m0jcslsGFJ4m0z8mdDgpGZNaRRtS\"}","mt":"BROADCAST_BLOCK","sig":"MEUCIFka8VZr+4MSNnqCeCdJM5X0O2pjmnY0KXbxP4ZCLbrSAiEAv5Tw4UcLr2aoTHUezktypZNGWWWxinHqhoJb5O5wEyQ=","nonce":2098355236,"seq":0,"tot":0}]
03-17 15:16:23.061 12080 12138 D MulticastServer: Registration process started with nonce 87446264
03-17 15:16:23.065 12080 12138 D MulticastServer: Received request for ledger with nonce: 87446264.
03-17 15:16:23.081 12080 12138 D MulticastClient: Sent messages: [{"sender":"{\"ip\":\"192.168.1.126\",\"cert\":\"MIIBHDCBwqADAgECAgYBf5LhKoUwCgYIKoZIzj0EAwIwFTETMBEGA1UEAwwKMUB0ZXN0LmNvbTAeFw0yMjAzMTUxMzE4MjRaFw0yNDAzMTYxMzE4MjRaMBUxEzARBgNVBAMMCjFAdGVzdC5jb20wWTATBgcqhkjOPQIBBggqhkjOPQMBBwNCAARygid4IUjQcO5q061zUYi\/H7lvnalm9LjGvCXUiUKNjFkRZCQQHkQr3g5NSREvlv8eDTjoMpzkwAR2X7BGjdlzMAoGCCqGSM49BAMCA0kAMEYCIQCiHMll2QZaqlteytfUXQC9N+f0vW3g05QfhOXX51uZkQIhAOqRAe\/npOy8z8s0m0jcslsGFJ4m0z8mdDgpGZNaRRtS\"}","payload":"{\"ip\":\"192.168.1.126\",\"cert\":\"MIIBHDCBwqADAgECAgYBf5LhKoUwCgYIKoZIzj0EAwIwFTETMBEGA1UEAwwKMUB0ZXN0LmNvbTAeFw0yMjAzMTUxMzE4MjRaFw0yNDAzMTYxMzE4MjRaMBUxEzARBgNVBAMMCjFAdGVzdC5jb20wWTATBgcqhkjOPQIBBggqhkjOPQMBBwNCAARygid4IUjQcO5q061zUYi\/H7lvnalm9LjGvCXUiUKNjFkRZCQQHkQr3g5NSREvlv8eDTjoMpzkwAR2X7BGjdlzMAoGCCqGSM49BAMCA0kAMEYCIQCiHMll2QZaqlteytfUXQC9N+f0vW3g05QfhOXX51uZkQIhAOqRAe\/npOy8z8s0m0jcslsGFJ4m0z8mdDgpGZNaRRtS\"}","mt":"FULL_LEDGER","sig":"MEUCIHUu\/+jTuCOAEfK5sK\/m2L87qnNPXaeE50r1j8LR\/a3WAiEArVpYVjfkWA2iN60eaR2OuSuaGaHkgheHXvOQeQ0\/yT4=","nonce":87446264,"seq":0,"tot":0}]
03-17 15:16:33.067 12080 12170 D RegistrationHandler: ACCEPTED_LEDGER 87446264 1
03-17 15:16:33.068 12080 12170 D RegistrationHandler: 87446264 The accepted ledger contains: [1@test.com]
03-17 15:16:33.068 12080 12170 D MulticastServer: Registration process finished: 87446264
03-17 15:16:33.457 12080 12138 D MulticastServer: Broadcast block received {"ip":"192.168.1.97","cert":"MIIBHDCBwqADAgECAgYBf5Ll+aQwCgYIKoZIzj0EAwIwFTETMBEGA1UEAwwKNUB0ZXN0LmNvbTAeFw0yMjAzMTUxMzIzMzlaFw0yNDAzMTYxMzIzMzlaMBUxEzARBgNVBAMMCjVAdGVzdC5jb20wWTATBgcqhkjOPQIBBggqhkjOPQMBBwNCAAS9OhThI4D6g/iEXxfGklrIeXd9Z0M+diiJ9ljAgsIg42aeRti+qPdLXU1/D9cRSqQkfwr3bPWV3oF684Iqni4MMAoGCCqGSM49BAMCA0kAMEYCIQDvSgAgKBB22Z/ooyqUg64EcQUigPLpb+EEue5bwGydWgIhAKus7fYnj5hLAUwnPrCw9vZZ/j2+Hst7+b4ASLL75Nl9"}
03-17 15:16:33.817 12080 12138 D MulticastServer: Broadcast block received {"ip":"192.168.1.97","cert":"MIIBHDCBwqADAgECAgYBf5Ll+aQwCgYIKoZIzj0EAwIwFTETMBEGA1UEAwwKNUB0ZXN0LmNvbTAeFw0yMjAzMTUxMzIzMzlaFw0yNDAzMTYxMzIzMzlaMBUxEzARBgNVBAMMCjVAdGVzdC5jb20wWTATBgcqhkjOPQIBBggqhkjOPQMBBwNCAAS9OhThI4D6g/iEXxfGklrIeXd9Z0M+diiJ9ljAgsIg42aeRti+qPdLXU1/D9cRSqQkfwr3bPWV3oF684Iqni4MMAoGCCqGSM49BAMCA0kAMEYCIQDvSgAgKBB22Z/ooyqUg64EcQUigPLpb+EEue5bwGydWgIhAKus7fYnj5hLAUwnPrCw9vZZ/j2+Hst7+b4ASLL75Nl9"}
03-17 15:16:44.206 12080 12138 D MulticastServer: Registration process started with nonce 2058401374
03-17 15:16:44.209 12080 12138 D MulticastServer: Received request for ledger with nonce: 2058401374.
03-17 15:16:44.223 12080 12138 D MulticastClient: Sent messages: [{"sender":"{\"ip\":\"192.168.1.126\",\"cert\":\"MIIBHDCBwqADAgECAgYBf5LhKoUwCgYIKoZIzj0EAwIwFTETMBEGA1UEAwwKMUB0ZXN0LmNvbTAeFw0yMjAzMTUxMzE4MjRaFw0yNDAzMTYxMzE4MjRaMBUxEzARBgNVBAMMCjFAdGVzdC5jb20wWTATBgcqhkjOPQIBBggqhkjOPQMBBwNCAARygid4IUjQcO5q061zUYi\/H7lvnalm9LjGvCXUiUKNjFkRZCQQHkQr3g5NSREvlv8eDTjoMpzkwAR2X7BGjdlzMAoGCCqGSM49BAMCA0kAMEYCIQCiHMll2QZaqlteytfUXQC9N+f0vW3g05QfhOXX51uZkQIhAOqRAe\/npOy8z8s0m0jcslsGFJ4m0z8mdDgpGZNaRRtS\"}","payload":"{\"ip\":\"192.168.1.126\",\"cert\":\"MIIBHDCBwqADAgECAgYBf5LhKoUwCgYIKoZIzj0EAwIwFTETMBEGA1UEAwwKMUB0ZXN0LmNvbTAeFw0yMjAzMTUxMzE4MjRaFw0yNDAzMTYxMzE4MjRaMBUxEzARBgNVBAMMCjFAdGVzdC5jb20wWTATBgcqhkjOPQIBBggqhkjOPQMBBwNCAARygid4IUjQcO5q061zUYi\/H7lvnalm9LjGvCXUiUKNjFkRZCQQHkQr3g5NSREvlv8eDTjoMpzkwAR2X7BGjdlzMAoGCCqGSM49BAMCA0kAMEYCIQCiHMll2QZaqlteytfUXQC9N+f0vW3g05QfhOXX51uZkQIhAOqRAe\/npOy8z8s0m0jcslsGFJ4m0z8mdDgpGZNaRRtS\"}","mt":"FULL_LEDGER","sig":"MEQCIDAMvZ8zhyFh1VsGpeLc0m5LZk220t9Hl0XP3OZs3g9MAiAvcZ1VyGUyH09C\/dOTbd2zcLr34mIjvZ5adn2dqpobxw==","nonce":2058401374,"seq":0,"tot":1}, {"sender":"1@test.com","payload":"{\"ip\":\"192.168.1.97\",\"cert\":\"MIIBHDCBwqADAgECAgYBf5Ll+aQwCgYIKoZIzj0EAwIwFTETMBEGA1UEAwwKNUB0ZXN0LmNvbTAeFw0yMjAzMTUxMzIzMzlaFw0yNDAzMTYxMzIzMzlaMBUxEzARBgNVBAMMCjVAdGVzdC5jb20wWTATBgcqhkjOPQIBBggqhkjOPQMBBwNCAAS9OhThI4D6g\/iEXxfGklrIeXd9Z0M+diiJ9ljAgsIg42aeRti+qPdLXU1\/D9cRSqQkfwr3bPWV3oF684Iqni4MMAoGCCqGSM49BAMCA0kAMEYCIQDvSgAgKBB22Z\/ooyqUg64EcQUigPLpb+EEue5bwGydWgIhAKus7fYnj5hLAUwnPrCw9vZZ\/j2+Hst7+b4ASLL75Nl9\"}","mt":"FULL_LEDGER","sig":"MEUCICWU8v48LCmYIucdlSUqpkO6qCcGmAoWdXggqckvzgGwAiEArKFJ0HuXsjHCXOh1tRgTakiWRIzYVDgv\/zbd9Leyd3U=","nonce":2058401374,"seq":1,"tot":1}]
03-17 15:16:44.364 12080 12139 D RegistrationHandler: Has received 1 of 2 fragments from 5@test.com
03-17 15:16:44.384 12080 12139 D RegistrationHandler: Received full ledger from 5@test.com with nonce 2058401374
03-17 15:16:44.384 12080 12139 D RegistrationHandler: FULL_LEDGER 2058401374
03-17 15:16:54.215 12080 12173 D RegistrationHandler: ACCEPTED_LEDGER 2058401374 2
03-17 15:16:54.216 12080 12173 D RegistrationHandler: 2058401374 The accepted ledger contains: [1@test.com, 5@test.com]
03-17 15:16:54.216 12080 12173 D MulticastServer: Registration process finished: 2058401374
03-17 15:16:54.603 12080 12177 D MulticastServer: Broadcast block received {"ip":"192.168.1.102","cert":"MIIBHDCBwqADAgECAgYBf5LjjlwwCgYIKoZIzj0EAwIwFTETMBEGA1UEAwwKNEB0ZXN0LmNvbTAeFw0yMjAzMTUxMzIxMDBaFw0yNDAzMTYxMzIxMDBaMBUxEzARBgNVBAMMCjRAdGVzdC5jb20wWTATBgcqhkjOPQIBBggqhkjOPQMBBwNCAASSliUweWkBcg8dWJcPaZ4t+tliwMepoSM+VwpX6w8yGTWjTlICGhj5SdoTv4ekjnO3/l6v7gLDegapmtwYeG/3MAoGCCqGSM49BAMCA0kAMEYCIQDK7lH7afWvwtTqc/4/4Hgwk5maPvIqyqRaQ8+tb958ggIhAJVeNWTe06qpdnlqQbbihOtTcnnwBkJo3G7r/k/zCIAh"}
03-17 15:17:04.423 12080 12177 D MulticastServer: Registration process started with nonce 2145464563
03-17 15:17:04.425 12080 12177 D MulticastServer: Received request for ledger with nonce: 2145464563.
03-17 15:17:04.435 12080 12176 D RegistrationHandler: 2145464563 Received hash from 1@test.com: 3d61948c1740d8808d1ec36879a6e6a2b158874d228b85207eba9d1de35a916c
03-17 15:17:04.458 12080 12176 D MulticastClient: Sent messages: [{"sender":"{\"ip\":\"192.168.1.126\",\"cert\":\"MIIBHDCBwqADAgECAgYBf5LhKoUwCgYIKoZIzj0EAwIwFTETMBEGA1UEAwwKMUB0ZXN0LmNvbTAeFw0yMjAzMTUxMzE4MjRaFw0yNDAzMTYxMzE4MjRaMBUxEzARBgNVBAMMCjFAdGVzdC5jb20wWTATBgcqhkjOPQIBBggqhkjOPQMBBwNCAARygid4IUjQcO5q061zUYi\/H7lvnalm9LjGvCXUiUKNjFkRZCQQHkQr3g5NSREvlv8eDTjoMpzkwAR2X7BGjdlzMAoGCCqGSM49BAMCA0kAMEYCIQCiHMll2QZaqlteytfUXQC9N+f0vW3g05QfhOXX51uZkQIhAOqRAe\/npOy8z8s0m0jcslsGFJ4m0z8mdDgpGZNaRRtS\"}","payload":"3d61948c1740d8808d1ec36879a6e6a2b158874d228b85207eba9d1de35a916c","mt":"LEDGER_HASH","sig":"MEYCIQC49sE9nbncFSmnS2K6TebKDTQW3JLg+VlezvkzL3MhQAIhAIb5UXJKLfS9pYvO7HTLeY58nqhvkJOtMMm\/6TvMvc12","nonce":2145464563,"seq":0,"tot":0}]
03-17 15:17:04.545 12080 12135 D RegistrationHandler: Has received 1 of 3 fragments from 4@test.com
03-17 15:17:04.559 12080 12135 D RegistrationHandler: Has received 2 of 3 from 4@test.com
03-17 15:17:04.569 12080 12138 D RegistrationHandler: Has received 1 of 3 fragments from 5@test.com
03-17 15:17:04.575 12080 12138 D RegistrationHandler: Has received 2 of 3 from 5@test.com
03-17 15:17:04.580 12080 12138 D RegistrationHandler: Has received 3 of 3 from 5@test.com
03-17 15:17:04.594 12080 12138 D RegistrationHandler: Received full ledger from 5@test.com with nonce 2145464563
03-17 15:17:04.594 12080 12138 D RegistrationHandler: FULL_LEDGER 2145464563
03-17 15:17:04.950 12080 12135 D RegistrationHandler: Has received 2 of 3 fragments from 4@test.com
03-17 15:17:04.957 12080 12138 D RegistrationHandler: Has received 3 of 3 from 4@test.com
03-17 15:17:04.962 12080 12177 D RegistrationHandler: Has received 3 of 3 from 4@test.com
03-17 15:17:04.963 12080 12139 D RegistrationHandler: Has received 3 of 3 fragments from 5@test.com
03-17 15:17:04.968 12080 12138 D RegistrationHandler: Received full ledger from 4@test.com with nonce 2145464563
03-17 15:17:04.968 12080 12138 D RegistrationHandler: FULL_LEDGER 2145464563
03-17 15:17:04.969 12080 12135 D RegistrationHandler: Received full ledger from 4@test.com with nonce 2145464563
03-17 15:17:04.969 12080 12135 D RegistrationHandler: FULL_LEDGER 2145464563
03-17 15:17:04.992 12080 12177 D RegistrationHandler: Received full ledger from 4@test.com with nonce 2145464563
03-17 15:17:04.992 12080 12177 D RegistrationHandler: FULL_LEDGER 2145464563
03-17 15:17:14.057 12080 12176 D MulticastServer: Broadcast block received {"ip":"192.168.1.150","cert":"MIIBGjCBwqADAgECAgYBf5LodqIwCgYIKoZIzj0EAwIwFTETMBEGA1UEAwwKNkB0ZXN0LmNvbTAeFw0yMjAzMTUxMzI2MjJaFw0yNDAzMTYxMzI2MjJaMBUxEzARBgNVBAMMCjZAdGVzdC5jb20wWTATBgcqhkjOPQIBBggqhkjOPQMBBwNCAARqJJy4N2hgpUaU+/pNPqTyqeLxd2bLD5idvvjxcZkR/FU1EnFaMuGevM+E2XKdeDvcPwZaMeY7BoVek0A5J4ptMAoGCCqGSM49BAMCA0cAMEQCIC911LrmrV6wiZsXHz7RPSc6/GC0XfjHHoimPU7mZSxOAiBPewX5RpN4CLq47U/AkxoxbBKiRfraRL4ACOYPjDKD7A=="}
03-17 15:17:14.429 12080 12178 D RegistrationHandler: ACCEPTED_LEDGER 2145464563 3
03-17 15:17:14.430 12080 12178 D RegistrationHandler: 2145464563 The accepted ledger contains: [1@test.com, 4@test.com, 5@test.com]
03-17 15:17:14.430 12080 12178 D MulticastServer: Registration process finished: 2145464563
03-17 15:17:14.465 12080 12176 D MulticastServer: Broadcast block received {"ip":"192.168.1.150","cert":"MIIBGjCBwqADAgECAgYBf5LodqIwCgYIKoZIzj0EAwIwFTETMBEGA1UEAwwKNkB0ZXN0LmNvbTAeFw0yMjAzMTUxMzI2MjJaFw0yNDAzMTYxMzI2MjJaMBUxEzARBgNVBAMMCjZAdGVzdC5jb20wWTATBgcqhkjOPQIBBggqhkjOPQMBBwNCAARqJJy4N2hgpUaU+/pNPqTyqeLxd2bLD5idvvjxcZkR/FU1EnFaMuGevM+E2XKdeDvcPwZaMeY7BoVek0A5J4ptMAoGCCqGSM49BAMCA0cAMEQCIC911LrmrV6wiZsXHz7RPSc6/GC0XfjHHoimPU7mZSxOAiBPewX5RpN4CLq47U/AkxoxbBKiRfraRL4ACOYPjDKD7A=="}
03-17 15:17:14.875 12080 12176 D MulticastServer: Broadcast block received {"ip":"192.168.1.150","cert":"MIIBGjCBwqADAgECAgYBf5LodqIwCgYIKoZIzj0EAwIwFTETMBEGA1UEAwwKNkB0ZXN0LmNvbTAeFw0yMjAzMTUxMzI2MjJaFw0yNDAzMTYxMzI2MjJaMBUxEzARBgNVBAMMCjZAdGVzdC5jb20wWTATBgcqhkjOPQIBBggqhkjOPQMBBwNCAARqJJy4N2hgpUaU+/pNPqTyqeLxd2bLD5idvvjxcZkR/FU1EnFaMuGevM+E2XKdeDvcPwZaMeY7BoVek0A5J4ptMAoGCCqGSM49BAMCA0cAMEQCIC911LrmrV6wiZsXHz7RPSc6/GC0XfjHHoimPU7mZSxOAiBPewX5RpN4CLq47U/AkxoxbBKiRfraRL4ACOYPjDKD7A=="}
03-17 15:17:24.660 12080 12176 D MulticastServer: Registration process started with nonce 470964890
03-17 15:17:24.663 12080 12176 D MulticastServer: Received request for ledger with nonce: 470964890.
03-17 15:17:24.672 12080 12176 D RegistrationHandler: 470964890 Received hash from 1@test.com: 6d8d07807216bbdc7bb98965843ab58cabc87e3c05d9ea7402f5bdc57aea2d8b
03-17 15:17:24.686 12080 12176 D MulticastClient: Sent messages: [{"sender":"{\"ip\":\"192.168.1.126\",\"cert\":\"MIIBHDCBwqADAgECAgYBf5LhKoUwCgYIKoZIzj0EAwIwFTETMBEGA1UEAwwKMUB0ZXN0LmNvbTAeFw0yMjAzMTUxMzE4MjRaFw0yNDAzMTYxMzE4MjRaMBUxEzARBgNVBAMMCjFAdGVzdC5jb20wWTATBgcqhkjOPQIBBggqhkjOPQMBBwNCAARygid4IUjQcO5q061zUYi\/H7lvnalm9LjGvCXUiUKNjFkRZCQQHkQr3g5NSREvlv8eDTjoMpzkwAR2X7BGjdlzMAoGCCqGSM49BAMCA0kAMEYCIQCiHMll2QZaqlteytfUXQC9N+f0vW3g05QfhOXX51uZkQIhAOqRAe\/npOy8z8s0m0jcslsGFJ4m0z8mdDgpGZNaRRtS\"}","payload":"6d8d07807216bbdc7bb98965843ab58cabc87e3c05d9ea7402f5bdc57aea2d8b","mt":"LEDGER_HASH","sig":"MEUCIElB1YyILZSKsFvplrM4lId7sS9KYbUt9Thxm0kmW2rBAiEAswfj+ETt5+zGNL3ZtUcDPcCyq5xgYsywVqoI\/kAHVUs=","nonce":470964890,"seq":0,"tot":0}]
03-17 15:17:24.740 12080 12177 D RegistrationHandler: Has received 1 of 4 fragments from 6@test.com
03-17 15:17:24.743 12080 12135 D RegistrationHandler: Has received 2 of 4 from 6@test.com
03-17 15:17:24.750 12080 12138 D RegistrationHandler: Has received 3 of 4 from 6@test.com
03-17 15:17:24.759 12080 12138 D RegistrationHandler: Has received 1 of 4 fragments from 5@test.com
03-17 15:17:24.765 12080 12138 D RegistrationHandler: Has received 2 of 4 from 5@test.com
03-17 15:17:24.769 12080 12138 D RegistrationHandler: Has received 3 of 4 from 5@test.com
03-17 15:17:24.835 12080 12138 D RegistrationHandler: 470964890 Received hash from 4@test.com: 6d8d07807216bbdc7bb98965843ab58cabc87e3c05d9ea7402f5bdc57aea2d8b
03-17 15:17:25.123 12080 12135 D RegistrationHandler: Has received 3 of 4 fragments from 6@test.com
03-17 15:17:25.126 12080 12138 D RegistrationHandler: Has received 4 of 4 from 6@test.com
03-17 15:17:25.127 12080 12177 D RegistrationHandler: Has received 4 of 4 from 6@test.com
03-17 15:17:25.130 12080 12139 D RegistrationHandler: Has received 4 of 4 from 6@test.com
03-17 15:17:25.146 12080 12135 D RegistrationHandler: Received full ledger from 6@test.com with nonce 470964890
03-17 15:17:25.146 12080 12135 D RegistrationHandler: FULL_LEDGER 470964890
03-17 15:17:25.147 12080 12139 D RegistrationHandler: Received full ledger from 6@test.com with nonce 470964890
03-17 15:17:25.147 12080 12139 D RegistrationHandler: FULL_LEDGER 470964890
03-17 15:17:25.148 12080 12138 D RegistrationHandler: Received full ledger from 6@test.com with nonce 470964890
03-17 15:17:25.148 12080 12138 D RegistrationHandler: FULL_LEDGER 470964890
03-17 15:17:25.149 12080 12177 D RegistrationHandler: Received full ledger from 6@test.com with nonce 470964890
03-17 15:17:25.150 12080 12177 D RegistrationHandler: FULL_LEDGER 470964890
03-17 15:17:25.237 12080 12177 D RegistrationHandler: Has received 3 of 4 fragments from 5@test.com
03-17 15:17:25.237 12080 12138 D RegistrationHandler: Has received 3 of 4 from 5@test.com
03-17 15:17:25.239 12080 12177 D RegistrationHandler: Has received 3 of 4 from 5@test.com
03-17 15:17:25.244 12080 12135 D RegistrationHandler: Has received 4 of 4 from 5@test.com
03-17 15:17:25.255 12080 12135 D RegistrationHandler: Received full ledger from 5@test.com with nonce 470964890
03-17 15:17:25.255 12080 12135 D RegistrationHandler: FULL_LEDGER 470964890
03-17 15:17:25.523 12080 12176 D RegistrationHandler: Has received 4 of 4 fragments from 6@test.com
03-17 15:17:25.538 12080 12176 D RegistrationHandler: Received full ledger from 6@test.com with nonce 470964890
03-17 15:17:25.538 12080 12176 D RegistrationHandler: FULL_LEDGER 470964890
03-17 15:17:25.553 12080 12176 D RegistrationHandler: Has received 4 of 4 from 5@test.com
03-17 15:17:25.560 12080 12135 D RegistrationHandler: Has received 4 of 4 from 5@test.com
03-17 15:17:25.563 12080 12176 D RegistrationHandler: Received full ledger from 5@test.com with nonce 470964890
03-17 15:17:25.563 12080 12176 D RegistrationHandler: FULL_LEDGER 470964890
03-17 15:17:25.569 12080 12135 D RegistrationHandler: Received full ledger from 5@test.com with nonce 470964890
03-17 15:17:25.569 12080 12135 D RegistrationHandler: FULL_LEDGER 470964890
03-17 15:17:34.667 12080 12184 D RegistrationHandler: ACCEPTED_LEDGER 470964890 4
03-17 15:17:34.669 12080 12184 D RegistrationHandler: 470964890 The accepted ledger contains: [1@test.com, 4@test.com, 5@test.com, 6@test.com]
03-17 15:17:34.669 12080 12184 D MulticastServer: Registration process finished: 470964890
03-17 15:17:34.700 12080 12135 D MulticastServer: Broadcast block received {"ip":"192.168.1.96","cert":"MIIBGzCBwqADAgECAgYBf5LiwL8wCgYIKoZIzj0EAwIwFTETMBEGA1UEAwwKM0B0ZXN0LmNvbTAeFw0yMjAzMTUxMzIwMDhaFw0yNDAzMTYxMzIwMDhaMBUxEzARBgNVBAMMCjNAdGVzdC5jb20wWTATBgcqhkjOPQIBBggqhkjOPQMBBwNCAASVCbfTenGFrkV9EIzy1bj8oa9Kure0STvEaqW08piH20aw3fmYZgxXkpSqhmqcMv5bQ1Q7k2Owa5TUgUt5pf9QMAoGCCqGSM49BAMCA0gAMEUCICG/Ut+mqCXXju+5r5KDo0B+pu+YksxTTzSLgyUZSTRUAiEAlwZEGNVmCgZ+irOjElk8DvNZcTI0AqLoFjB0QLBClB8="}
03-17 15:17:43.925 12080 12135 D MulticastServer: Registration process started with nonce 1938374834
03-17 15:17:43.928 12080 12135 D MulticastServer: Received request for ledger with nonce: 1938374834.
03-17 15:17:43.935 12080 12135 D RegistrationHandler: 1938374834 Received hash from 1@test.com: 93fe4a08b23de93401800aadc9fc72f7c1a98a808dc4be8c7137f7c7f1df8662
03-17 15:17:43.943 12080 12135 D MulticastClient: Sent messages: [{"sender":"{\"ip\":\"192.168.1.126\",\"cert\":\"MIIBHDCBwqADAgECAgYBf5LhKoUwCgYIKoZIzj0EAwIwFTETMBEGA1UEAwwKMUB0ZXN0LmNvbTAeFw0yMjAzMTUxMzE4MjRaFw0yNDAzMTYxMzE4MjRaMBUxEzARBgNVBAMMCjFAdGVzdC5jb20wWTATBgcqhkjOPQIBBggqhkjOPQMBBwNCAARygid4IUjQcO5q061zUYi\/H7lvnalm9LjGvCXUiUKNjFkRZCQQHkQr3g5NSREvlv8eDTjoMpzkwAR2X7BGjdlzMAoGCCqGSM49BAMCA0kAMEYCIQCiHMll2QZaqlteytfUXQC9N+f0vW3g05QfhOXX51uZkQIhAOqRAe\/npOy8z8s0m0jcslsGFJ4m0z8mdDgpGZNaRRtS\"}","payload":"93fe4a08b23de93401800aadc9fc72f7c1a98a808dc4be8c7137f7c7f1df8662","mt":"LEDGER_HASH","sig":"MEYCIQCjgLKENPTm\/EKlKRDZCgL8C3Bt\/v\/twX9YyFl3ML7SQgIhAPiLhFErOHYHF0PH6hlFSFCXChakTKyiyeDffpGf50NL","nonce":1938374834,"seq":0,"tot":0}]
03-17 15:17:44.107 12080 12187 D RegistrationHandler: Has received 1 of 5 fragments from 5@test.com
03-17 15:17:44.109 12080 12187 D RegistrationHandler: Has received 2 of 5 from 5@test.com
03-17 15:17:44.116 12080 12187 D RegistrationHandler: Has received 3 of 5 from 5@test.com
03-17 15:17:44.122 12080 12187 D RegistrationHandler: Has received 4 of 5 from 5@test.com
03-17 15:17:44.476 12080 12187 D RegistrationHandler: Has received 5 of 5 from 5@test.com
03-17 15:17:44.479 12080 12176 D RegistrationHandler: Has received 5 of 5 from 5@test.com
03-17 15:17:44.483 12080 12177 D RegistrationHandler: Has received 5 of 5 from 5@test.com
03-17 15:17:44.484 12080 12139 D RegistrationHandler: Has received 5 of 5 from 5@test.com
03-17 15:17:44.489 12080 12187 D RegistrationHandler: Received full ledger from 5@test.com with nonce 1938374834
03-17 15:17:44.489 12080 12187 D RegistrationHandler: FULL_LEDGER 1938374834
03-17 15:17:44.497 12080 12139 D RegistrationHandler: Received full ledger from 5@test.com with nonce 1938374834
03-17 15:17:44.497 12080 12139 D RegistrationHandler: FULL_LEDGER 1938374834
03-17 15:17:44.499 12080 12176 D RegistrationHandler: Received full ledger from 5@test.com with nonce 1938374834
03-17 15:17:44.499 12080 12176 D RegistrationHandler: FULL_LEDGER 1938374834
03-17 15:17:44.507 12080 12177 D RegistrationHandler: Received full ledger from 5@test.com with nonce 1938374834
03-17 15:17:44.507 12080 12177 D RegistrationHandler: FULL_LEDGER 1938374834
03-17 15:17:44.679 12080 12176 D RegistrationHandler: Has received 1 of 5 fragments from 6@test.com
03-17 15:17:44.681 12080 12176 D RegistrationHandler: Has received 2 of 5 from 6@test.com
03-17 15:17:44.684 12080 12176 D RegistrationHandler: Has received 3 of 5 from 6@test.com
03-17 15:17:44.685 12080 12187 D RegistrationHandler: Has received 4 of 5 from 6@test.com
03-17 15:17:44.778 12080 12135 D RegistrationHandler: 1938374834 Received hash from 3@test.com: 93fe4a08b23de93401800aadc9fc72f7c1a98a808dc4be8c7137f7c7f1df8662
03-17 15:17:44.887 12080 12135 D RegistrationHandler: Has received 5 of 5 fragments from 5@test.com
03-17 15:17:44.899 12080 12135 D RegistrationHandler: Received full ledger from 5@test.com with nonce 1938374834
03-17 15:17:44.899 12080 12135 D RegistrationHandler: FULL_LEDGER 1938374834
03-17 15:17:45.497 12080 12135 D RegistrationHandler: Has received 4 of 5 fragments from 6@test.com
03-17 15:17:45.503 12080 12135 D RegistrationHandler: Has received 4 of 5 from 6@test.com
03-17 15:17:45.527 12080 12135 D RegistrationHandler: Has received 4 of 5 from 6@test.com
03-17 15:17:45.530 12080 12187 D RegistrationHandler: Has received 5 of 5 from 6@test.com
03-17 15:17:45.543 12080 12187 D RegistrationHandler: Received full ledger from 6@test.com with nonce 1938374834
03-17 15:17:45.543 12080 12187 D RegistrationHandler: FULL_LEDGER 1938374834
03-17 15:17:53.933 12080 12192 D RegistrationHandler: ACCEPTED_LEDGER 1938374834 5
03-17 15:17:53.934 12080 12192 D RegistrationHandler: 1938374834 The accepted ledger contains: [1@test.com, 3@test.com, 4@test.com, 5@test.com, 6@test.com]
03-17 15:17:53.935 12080 12192 D MulticastServer: Registration process finished: 1938374834
03-17 15:17:53.943 12080 12187 D MulticastServer: Received request for 4@test.com to send ledger with hash 93fe4a08b23de93401800aadc9fc72f7c1a98a808dc4be8c7137f7c7f1df8662
03-17 15:17:54.187 12080 12176 D MulticastServer: Received request for 4@test.com to send ledger with hash 93fe4a08b23de93401800aadc9fc72f7c1a98a808dc4be8c7137f7c7f1df8662
03-17 15:17:54.395 12080 12176 D MulticastServer: Received request for 4@test.com to send ledger with hash 93fe4a08b23de93401800aadc9fc72f7c1a98a808dc4be8c7137f7c7f1df8662
03-17 15:17:54.537 12080 12135 D MulticastServer: Broadcast block received {"ip":"192.168.1.90","cert":"MIIBGzCBwqADAgECAgYBf5Lh/YgwCgYIKoZIzj0EAwIwFTETMBEGA1UEAwwKMkB0ZXN0LmNvbTAeFw0yMjAzMTUxMzE5MThaFw0yNDAzMTYxMzE5MThaMBUxEzARBgNVBAMMCjJAdGVzdC5jb20wWTATBgcqhkjOPQIBBggqhkjOPQMBBwNCAAS+Y1FtdGs8Ucfiq/zWhVaVn4ZBowDRf+LHkKkDUQijyqT6F1OlcBHKlpSdutzah71G6VCq62b3AWQkp086ORMGMAoGCCqGSM49BAMCA0gAMEUCIHH+qCw7c9P4WGmGxr+Z6u3tdZRz/XeTlZiocA09UDaoAiEA977yY+pelaDu67wtccznceHBT4wGLWjjfzyxyDdr/lY="}
03-17 15:17:54.735 12080 12135 D MulticastServer: Received request for 4@test.com to send ledger with hash 93fe4a08b23de93401800aadc9fc72f7c1a98a808dc4be8c7137f7c7f1df8662
03-17 15:17:54.936 12080 12139 D MulticastServer: Received request for 4@test.com to send ledger with hash 93fe4a08b23de93401800aadc9fc72f7c1a98a808dc4be8c7137f7c7f1df8662
03-17 15:17:54.941 12080 12139 D MulticastServer: Broadcast block received {"ip":"192.168.1.90","cert":"MIIBGzCBwqADAgECAgYBf5Lh/YgwCgYIKoZIzj0EAwIwFTETMBEGA1UEAwwKMkB0ZXN0LmNvbTAeFw0yMjAzMTUxMzE5MThaFw0yNDAzMTYxMzE5MThaMBUxEzARBgNVBAMMCjJAdGVzdC5jb20wWTATBgcqhkjOPQIBBggqhkjOPQMBBwNCAAS+Y1FtdGs8Ucfiq/zWhVaVn4ZBowDRf+LHkKkDUQijyqT6F1OlcBHKlpSdutzah71G6VCq62b3AWQkp086ORMGMAoGCCqGSM49BAMCA0gAMEUCIHH+qCw7c9P4WGmGxr+Z6u3tdZRz/XeTlZiocA09UDaoAiEA977yY+pelaDu67wtccznceHBT4wGLWjjfzyxyDdr/lY="}
03-17 15:17:55.110 12080 12139 D MulticastServer: Received request for 4@test.com to send ledger with hash 93fe4a08b23de93401800aadc9fc72f7c1a98a808dc4be8c7137f7c7f1df8662
03-17 15:17:55.350 12080 12135 D MulticastServer: Received request for 4@test.com to send ledger with hash 93fe4a08b23de93401800aadc9fc72f7c1a98a808dc4be8c7137f7c7f1df8662
03-17 15:17:55.354 12080 12135 D MulticastServer: Broadcast block received {"ip":"192.168.1.90","cert":"MIIBGzCBwqADAgECAgYBf5Lh/YgwCgYIKoZIzj0EAwIwFTETMBEGA1UEAwwKMkB0ZXN0LmNvbTAeFw0yMjAzMTUxMzE5MThaFw0yNDAzMTYxMzE5MThaMBUxEzARBgNVBAMMCjJAdGVzdC5jb20wWTATBgcqhkjOPQIBBggqhkjOPQMBBwNCAAS+Y1FtdGs8Ucfiq/zWhVaVn4ZBowDRf+LHkKkDUQijyqT6F1OlcBHKlpSdutzah71G6VCq62b3AWQkp086ORMGMAoGCCqGSM49BAMCA0gAMEUCIHH+qCw7c9P4WGmGxr+Z6u3tdZRz/XeTlZiocA09UDaoAiEA977yY+pelaDu67wtccznceHBT4wGLWjjfzyxyDdr/lY="}
03-17 15:17:55.419 12080 12135 D MulticastServer: Received request for 3@test.com to send ledger with hash 93fe4a08b23de93401800aadc9fc72f7c1a98a808dc4be8c7137f7c7f1df8662
03-17 15:17:55.728 12080 12135 D MulticastServer: Received request for 4@test.com to send ledger with hash 93fe4a08b23de93401800aadc9fc72f7c1a98a808dc4be8c7137f7c7f1df8662
03-17 15:17:55.831 12080 12135 D MulticastServer: Received request for 3@test.com to send ledger with hash 93fe4a08b23de93401800aadc9fc72f7c1a98a808dc4be8c7137f7c7f1df8662
03-17 15:17:55.931 12080 12139 D MulticastServer: Received request for 3@test.com to send ledger with hash 93fe4a08b23de93401800aadc9fc72f7c1a98a808dc4be8c7137f7c7f1df8662
03-17 15:17:56.239 12080 12139 D MulticastServer: Received request for 3@test.com to send ledger with hash 93fe4a08b23de93401800aadc9fc72f7c1a98a808dc4be8c7137f7c7f1df8662
03-17 15:17:56.339 12080 12139 D MulticastServer: Received request for 3@test.com to send ledger with hash 93fe4a08b23de93401800aadc9fc72f7c1a98a808dc4be8c7137f7c7f1df8662
03-17 15:17:56.752 12080 12135 D MulticastServer: Received request for 3@test.com to send ledger with hash 93fe4a08b23de93401800aadc9fc72f7c1a98a808dc4be8c7137f7c7f1df8662
round 2 of 3
03-17 15:18:07.121 12223 12274 D MulticastServer: Registration process started with nonce 1868899514
03-17 15:18:07.123 12223 12273 D MulticastClient: REQUEST_LEDGER 1868899514
03-17 15:18:07.124 12223 12273 D MulticastClient: Sent messages: [{"sender":"","payload":"","mt":"REQUEST_LEDGER","sig":"","nonce":1868899514,"seq":0,"tot":0}]
03-17 15:18:07.184 12223 12272 D MulticastServer: MULTICAST_SERVER_LISTENING
03-17 15:18:09.124 12223 12276 D RegistrationHandler: I am the first in the network
03-17 15:18:09.124 12223 12276 D RegistrationHandler: 1868899514 Registration started
03-17 15:18:09.139 12223 12298 D MulticastClient: Sent messages: [{"sender":"1@test.com","payload":"{\"ip\":\"192.168.1.126\",\"cert\":\"MIIBHDCBwqADAgECAgYBf5LhKoUwCgYIKoZIzj0EAwIwFTETMBEGA1UEAwwKMUB0ZXN0LmNvbTAeFw0yMjAzMTUxMzE4MjRaFw0yNDAzMTYxMzE4MjRaMBUxEzARBgNVBAMMCjFAdGVzdC5jb20wWTATBgcqhkjOPQIBBggqhkjOPQMBBwNCAARygid4IUjQcO5q061zUYi\/H7lvnalm9LjGvCXUiUKNjFkRZCQQHkQr3g5NSREvlv8eDTjoMpzkwAR2X7BGjdlzMAoGCCqGSM49BAMCA0kAMEYCIQCiHMll2QZaqlteytfUXQC9N+f0vW3g05QfhOXX51uZkQIhAOqRAe\/npOy8z8s0m0jcslsGFJ4m0z8mdDgpGZNaRRtS\"}","mt":"BROADCAST_BLOCK","sig":"MEQCIAFKkAstEEJjEyPbjtS9wbyYQTglO7luyIF4DF2V4TPyAiBN5LZU9JI9iCM5pnurb4nE0TyMqi+lGCMO1HW8d0xcAQ==","nonce":1868899514,"seq":0,"tot":0}]
03-17 15:18:09.140 12223 12276 D MulticastServer: Registration process finished: 1868899514
03-17 15:18:17.304 12223 12297 D MulticastServer: Registration process started with nonce 359929111
03-17 15:18:17.307 12223 12297 D MulticastServer: Received request for ledger with nonce: 359929111.
03-17 15:18:17.339 12223 12273 D MulticastClient: Sent messages: [{"sender":"{\"ip\":\"192.168.1.126\",\"cert\":\"MIIBHDCBwqADAgECAgYBf5LhKoUwCgYIKoZIzj0EAwIwFTETMBEGA1UEAwwKMUB0ZXN0LmNvbTAeFw0yMjAzMTUxMzE4MjRaFw0yNDAzMTYxMzE4MjRaMBUxEzARBgNVBAMMCjFAdGVzdC5jb20wWTATBgcqhkjOPQIBBggqhkjOPQMBBwNCAARygid4IUjQcO5q061zUYi\/H7lvnalm9LjGvCXUiUKNjFkRZCQQHkQr3g5NSREvlv8eDTjoMpzkwAR2X7BGjdlzMAoGCCqGSM49BAMCA0kAMEYCIQCiHMll2QZaqlteytfUXQC9N+f0vW3g05QfhOXX51uZkQIhAOqRAe\/npOy8z8s0m0jcslsGFJ4m0z8mdDgpGZNaRRtS\"}","payload":"{\"ip\":\"192.168.1.126\",\"cert\":\"MIIBHDCBwqADAgECAgYBf5LhKoUwCgYIKoZIzj0EAwIwFTETMBEGA1UEAwwKMUB0ZXN0LmNvbTAeFw0yMjAzMTUxMzE4MjRaFw0yNDAzMTYxMzE4MjRaMBUxEzARBgNVBAMMCjFAdGVzdC5jb20wWTATBgcqhkjOPQIBBggqhkjOPQMBBwNCAARygid4IUjQcO5q061zUYi\/H7lvnalm9LjGvCXUiUKNjFkRZCQQHkQr3g5NSREvlv8eDTjoMpzkwAR2X7BGjdlzMAoGCCqGSM49BAMCA0kAMEYCIQCiHMll2QZaqlteytfUXQC9N+f0vW3g05QfhOXX51uZkQIhAOqRAe\/npOy8z8s0m0jcslsGFJ4m0z8mdDgpGZNaRRtS\"}","mt":"FULL_LEDGER","sig":"MEYCIQCWOvWSdo8U9zN+iaUnRvsl6RTeG1rN2zw9sESqLc0P8AIhAJQ8LtJxPxRnb8ByDtuGYtPJahbP8d6IxJEHTOSYImii","nonce":359929111,"seq":0,"tot":0}]
03-17 15:18:19.442 12223 12298 D MulticastServer: Broadcast block received {"ip":"192.168.1.97","cert":"MIIBHDCBwqADAgECAgYBf5Ll+aQwCgYIKoZIzj0EAwIwFTETMBEGA1UEAwwKNUB0ZXN0LmNvbTAeFw0yMjAzMTUxMzIzMzlaFw0yNDAzMTYxMzIzMzlaMBUxEzARBgNVBAMMCjVAdGVzdC5jb20wWTATBgcqhkjOPQIBBggqhkjOPQMBBwNCAAS9OhThI4D6g/iEXxfGklrIeXd9Z0M+diiJ9ljAgsIg42aeRti+qPdLXU1/D9cRSqQkfwr3bPWV3oF684Iqni4MMAoGCCqGSM49BAMCA0kAMEYCIQDvSgAgKBB22Z/ooyqUg64EcQUigPLpb+EEue5bwGydWgIhAKus7fYnj5hLAUwnPrCw9vZZ/j2+Hst7+b4ASLL75Nl9"}
03-17 15:18:19.694 12223 12298 D MulticastServer: Broadcast block received {"ip":"192.168.1.97","cert":"MIIBHDCBwqADAgECAgYBf5Ll+aQwCgYIKoZIzj0EAwIwFTETMBEGA1UEAwwKNUB0ZXN0LmNvbTAeFw0yMjAzMTUxMzIzMzlaFw0yNDAzMTYxMzIzMzlaMBUxEzARBgNVBAMMCjVAdGVzdC5jb20wWTATBgcqhkjOPQIBBggqhkjOPQMBBwNCAAS9OhThI4D6g/iEXxfGklrIeXd9Z0M+diiJ9ljAgsIg42aeRti+qPdLXU1/D9cRSqQkfwr3bPWV3oF684Iqni4MMAoGCCqGSM49BAMCA0kAMEYCIQDvSgAgKBB22Z/ooyqUg64EcQUigPLpb+EEue5bwGydWgIhAKus7fYnj5hLAUwnPrCw9vZZ/j2+Hst7+b4ASLL75Nl9"}
03-17 15:18:27.311 12223 12308 D RegistrationHandler: ACCEPTED_LEDGER 359929111 1
03-17 15:18:27.311 12223 12308 D RegistrationHandler: 359929111 The accepted ledger contains: [1@test.com]
03-17 15:18:27.311 12223 12308 D MulticastServer: Registration process finished: 359929111
03-17 15:18:38.585 12223 12298 D MulticastServer: Registration process started with nonce 1702034076
03-17 15:18:38.587 12223 12298 D MulticastServer: Received request for ledger with nonce: 1702034076.
03-17 15:18:38.603 12223 12273 D MulticastClient: Sent messages: [{"sender":"{\"ip\":\"192.168.1.126\",\"cert\":\"MIIBHDCBwqADAgECAgYBf5LhKoUwCgYIKoZIzj0EAwIwFTETMBEGA1UEAwwKMUB0ZXN0LmNvbTAeFw0yMjAzMTUxMzE4MjRaFw0yNDAzMTYxMzE4MjRaMBUxEzARBgNVBAMMCjFAdGVzdC5jb20wWTATBgcqhkjOPQIBBggqhkjOPQMBBwNCAARygid4IUjQcO5q061zUYi\/H7lvnalm9LjGvCXUiUKNjFkRZCQQHkQr3g5NSREvlv8eDTjoMpzkwAR2X7BGjdlzMAoGCCqGSM49BAMCA0kAMEYCIQCiHMll2QZaqlteytfUXQC9N+f0vW3g05QfhOXX51uZkQIhAOqRAe\/npOy8z8s0m0jcslsGFJ4m0z8mdDgpGZNaRRtS\"}","payload":"{\"ip\":\"192.168.1.126\",\"cert\":\"MIIBHDCBwqADAgECAgYBf5LhKoUwCgYIKoZIzj0EAwIwFTETMBEGA1UEAwwKMUB0ZXN0LmNvbTAeFw0yMjAzMTUxMzE4MjRaFw0yNDAzMTYxMzE4MjRaMBUxEzARBgNVBAMMCjFAdGVzdC5jb20wWTATBgcqhkjOPQIBBggqhkjOPQMBBwNCAARygid4IUjQcO5q061zUYi\/H7lvnalm9LjGvCXUiUKNjFkRZCQQHkQr3g5NSREvlv8eDTjoMpzkwAR2X7BGjdlzMAoGCCqGSM49BAMCA0kAMEYCIQCiHMll2QZaqlteytfUXQC9N+f0vW3g05QfhOXX51uZkQIhAOqRAe\/npOy8z8s0m0jcslsGFJ4m0z8mdDgpGZNaRRtS\"}","mt":"FULL_LEDGER","sig":"MEQCICelz+2y7bLnEexljlKtuE7AGHMRk\/eVe0bS2Oah72GvAiBt0WseOqDe2jh4jpwYiRNpG6EBEfZFZ06uFbxoV96QnQ==","nonce":1702034076,"seq":0,"tot":1}, {"sender":"1@test.com","payload":"{\"ip\":\"192.168.1.97\",\"cert\":\"MIIBHDCBwqADAgECAgYBf5Ll+aQwCgYIKoZIzj0EAwIwFTETMBEGA1UEAwwKNUB0ZXN0LmNvbTAeFw0yMjAzMTUxMzIzMzlaFw0yNDAzMTYxMzIzMzlaMBUxEzARBgNVBAMMCjVAdGVzdC5jb20wWTATBgcqhkjOPQIBBggqhkjOPQMBBwNCAAS9OhThI4D6g\/iEXxfGklrIeXd9Z0M+diiJ9ljAgsIg42aeRti+qPdLXU1\/D9cRSqQkfwr3bPWV3oF684Iqni4MMAoGCCqGSM49BAMCA0kAMEYCIQDvSgAgKBB22Z\/ooyqUg64EcQUigPLpb+EEue5bwGydWgIhAKus7fYnj5hLAUwnPrCw9vZZ\/j2+Hst7+b4ASLL75Nl9\"}","mt":"FULL_LEDGER","sig":"MEUCIQCIRdxnMOVTbg8b1QuShcNr5jVziwn\/3v9tw9GrfZfQnwIgLPYmuFQRwtcsBe0VY3XCKz3aGVQJTZVnMRa\/JuG3oMU=","nonce":1702034076,"seq":1,"tot":1}]
03-17 15:18:38.766 12223 12326 D RegistrationHandler: Received full ledger from 5@test.com with nonce 1702034076
03-17 15:18:38.766 12223 12326 D RegistrationHandler: FULL_LEDGER 1702034076
03-17 15:18:48.593 12223 12323 D RegistrationHandler: ACCEPTED_LEDGER 1702034076 2
03-17 15:18:48.594 12223 12323 D RegistrationHandler: 1702034076 The accepted ledger contains: [1@test.com, 5@test.com]
03-17 15:18:48.594 12223 12323 D MulticastServer: Registration process finished: 1702034076
03-17 15:18:48.984 12223 12298 D MulticastServer: Broadcast block received {"ip":"192.168.1.102","cert":"MIIBHDCBwqADAgECAgYBf5LjjlwwCgYIKoZIzj0EAwIwFTETMBEGA1UEAwwKNEB0ZXN0LmNvbTAeFw0yMjAzMTUxMzIxMDBaFw0yNDAzMTYxMzIxMDBaMBUxEzARBgNVBAMMCjRAdGVzdC5jb20wWTATBgcqhkjOPQIBBggqhkjOPQMBBwNCAASSliUweWkBcg8dWJcPaZ4t+tliwMepoSM+VwpX6w8yGTWjTlICGhj5SdoTv4ekjnO3/l6v7gLDegapmtwYeG/3MAoGCCqGSM49BAMCA0kAMEYCIQDK7lH7afWvwtTqc/4/4Hgwk5maPvIqyqRaQ8+tb958ggIhAJVeNWTe06qpdnlqQbbihOtTcnnwBkJo3G7r/k/zCIAh"}
03-17 15:18:58.861 12223 12298 D MulticastServer: Registration process started with nonce 639976037
03-17 15:18:58.864 12223 12298 D MulticastServer: Received request for ledger with nonce: 639976037.
03-17 15:18:58.875 12223 12298 D RegistrationHandler: 639976037 Received hash from 1@test.com: 3d61948c1740d8808d1ec36879a6e6a2b158874d228b85207eba9d1de35a916c
03-17 15:18:58.896 12223 12298 D MulticastClient: Sent messages: [{"sender":"{\"ip\":\"192.168.1.126\",\"cert\":\"MIIBHDCBwqADAgECAgYBf5LhKoUwCgYIKoZIzj0EAwIwFTETMBEGA1UEAwwKMUB0ZXN0LmNvbTAeFw0yMjAzMTUxMzE4MjRaFw0yNDAzMTYxMzE4MjRaMBUxEzARBgNVBAMMCjFAdGVzdC5jb20wWTATBgcqhkjOPQIBBggqhkjOPQMBBwNCAARygid4IUjQcO5q061zUYi\/H7lvnalm9LjGvCXUiUKNjFkRZCQQHkQr3g5NSREvlv8eDTjoMpzkwAR2X7BGjdlzMAoGCCqGSM49BAMCA0kAMEYCIQCiHMll2QZaqlteytfUXQC9N+f0vW3g05QfhOXX51uZkQIhAOqRAe\/npOy8z8s0m0jcslsGFJ4m0z8mdDgpGZNaRRtS\"}","payload":"3d61948c1740d8808d1ec36879a6e6a2b158874d228b85207eba9d1de35a916c","mt":"LEDGER_HASH","sig":"MEYCIQDsP2DMOSaYP7W8nvNOVEaeTLDliecHwnTjltMtXR1AAAIhAKdDk2jIyvHyOdDcXV8Z+jBgU1W73JVrwSfK0TNJBd6r","nonce":639976037,"seq":0,"tot":0}]
03-17 15:18:58.910 12223 12297 D RegistrationHandler: Has received 1 of 3 fragments from 4@test.com
03-17 15:18:58.959 12223 12297 D RegistrationHandler: Has received 2 of 3 from 4@test.com
03-17 15:18:59.052 12223 12297 D RegistrationHandler: Has received 1 of 3 fragments from 5@test.com
03-17 15:18:59.060 12223 12297 D RegistrationHandler: Has received 2 of 3 from 5@test.com
03-17 15:18:59.061 12223 12273 D RegistrationHandler: Has received 3 of 3 from 5@test.com
03-17 15:18:59.072 12223 12273 D RegistrationHandler: Received full ledger from 5@test.com with nonce 639976037
03-17 15:18:59.072 12223 12273 D RegistrationHandler: FULL_LEDGER 639976037
03-17 15:18:59.756 12223 12298 D RegistrationHandler: Has received 2 of 3 fragments from 4@test.com
03-17 15:18:59.757 12223 12273 D RegistrationHandler: Has received 2 of 3 from 4@test.com
03-17 15:18:59.758 12223 12331 D RegistrationHandler: Has received 3 of 3 from 4@test.com
03-17 15:18:59.763 12223 12297 D RegistrationHandler: Has received 3 of 3 fragments from 5@test.com
03-17 15:18:59.770 12223 12331 D RegistrationHandler: Received full ledger from 4@test.com with nonce 639976037
03-17 15:18:59.770 12223 12331 D RegistrationHandler: FULL_LEDGER 639976037
03-17 15:19:08.870 12223 12328 D RegistrationHandler: ACCEPTED_LEDGER 639976037 3
03-17 15:19:08.871 12223 12328 D RegistrationHandler: 639976037 The accepted ledger contains: [1@test.com, 4@test.com, 5@test.com]
03-17 15:19:08.871 12223 12328 D MulticastServer: Registration process finished: 639976037
03-17 15:19:09.322 12223 12297 D MulticastServer: Broadcast block received {"ip":"192.168.1.150","cert":"MIIBGjCBwqADAgECAgYBf5LodqIwCgYIKoZIzj0EAwIwFTETMBEGA1UEAwwKNkB0ZXN0LmNvbTAeFw0yMjAzMTUxMzI2MjJaFw0yNDAzMTYxMzI2MjJaMBUxEzARBgNVBAMMCjZAdGVzdC5jb20wWTATBgcqhkjOPQIBBggqhkjOPQMBBwNCAARqJJy4N2hgpUaU+/pNPqTyqeLxd2bLD5idvvjxcZkR/FU1EnFaMuGevM+E2XKdeDvcPwZaMeY7BoVek0A5J4ptMAoGCCqGSM49BAMCA0cAMEQCIC911LrmrV6wiZsXHz7RPSc6/GC0XfjHHoimPU7mZSxOAiBPewX5RpN4CLq47U/AkxoxbBKiRfraRL4ACOYPjDKD7A=="}
03-17 15:19:09.668 12223 12297 D MulticastServer: Broadcast block received {"ip":"192.168.1.150","cert":"MIIBGjCBwqADAgECAgYBf5LodqIwCgYIKoZIzj0EAwIwFTETMBEGA1UEAwwKNkB0ZXN0LmNvbTAeFw0yMjAzMTUxMzI2MjJaFw0yNDAzMTYxMzI2MjJaMBUxEzARBgNVBAMMCjZAdGVzdC5jb20wWTATBgcqhkjOPQIBBggqhkjOPQMBBwNCAARqJJy4N2hgpUaU+/pNPqTyqeLxd2bLD5idvvjxcZkR/FU1EnFaMuGevM+E2XKdeDvcPwZaMeY7BoVek0A5J4ptMAoGCCqGSM49BAMCA0cAMEQCIC911LrmrV6wiZsXHz7RPSc6/GC0XfjHHoimPU7mZSxOAiBPewX5RpN4CLq47U/AkxoxbBKiRfraRL4ACOYPjDKD7A=="}
03-17 15:19:19.140 12223 12297 D MulticastServer: Registration process started with nonce 952039866
03-17 15:19:19.142 12223 12297 D MulticastServer: Received request for ledger with nonce: 952039866.
03-17 15:19:19.153 12223 12273 D RegistrationHandler: 952039866 Received hash from 1@test.com: 6d8d07807216bbdc7bb98965843ab58cabc87e3c05d9ea7402f5bdc57aea2d8b
03-17 15:19:19.167 12223 12273 D MulticastClient: Sent messages: [{"sender":"{\"ip\":\"192.168.1.126\",\"cert\":\"MIIBHDCBwqADAgECAgYBf5LhKoUwCgYIKoZIzj0EAwIwFTETMBEGA1UEAwwKMUB0ZXN0LmNvbTAeFw0yMjAzMTUxMzE4MjRaFw0yNDAzMTYxMzE4MjRaMBUxEzARBgNVBAMMCjFAdGVzdC5jb20wWTATBgcqhkjOPQIBBggqhkjOPQMBBwNCAARygid4IUjQcO5q061zUYi\/H7lvnalm9LjGvCXUiUKNjFkRZCQQHkQr3g5NSREvlv8eDTjoMpzkwAR2X7BGjdlzMAoGCCqGSM49BAMCA0kAMEYCIQCiHMll2QZaqlteytfUXQC9N+f0vW3g05QfhOXX51uZkQIhAOqRAe\/npOy8z8s0m0jcslsGFJ4m0z8mdDgpGZNaRRtS\"}","payload":"6d8d07807216bbdc7bb98965843ab58cabc87e3c05d9ea7402f5bdc57aea2d8b","mt":"LEDGER_HASH","sig":"MEUCIAa2vzkcNJotkM+v0nzT54tM\/fovMNJgWsDnl\/SgUYmjAiEAj6dIR4nXU0HM7kl+uQ0QRsHAjl68P2ks+F\/aXGUyHjM=","nonce":952039866,"seq":0,"tot":0}]
03-17 15:19:19.224 12223 12297 D RegistrationHandler: Has received 1 of 4 fragments from 6@test.com
03-17 15:19:19.234 12223 12297 D RegistrationHandler: Has received 2 of 4 from 6@test.com
03-17 15:19:19.245 12223 12297 D RegistrationHandler: 952039866 Received hash from 4@test.com: 6d8d07807216bbdc7bb98965843ab58cabc87e3c05d9ea7402f5bdc57aea2d8b
03-17 15:19:19.327 12223 12297 D RegistrationHandler: Has received 1 of 4 fragments from 5@test.com
03-17 15:19:19.330 12223 12297 D RegistrationHandler: Has received 2 of 4 from 5@test.com
03-17 15:19:19.330 12223 12298 D RegistrationHandler: Has received 3 of 4 from 5@test.com
03-17 15:19:19.342 12223 12298 D RegistrationHandler: Has received 4 of 4 from 5@test.com
03-17 15:19:19.358 12223 12298 D RegistrationHandler: Received full ledger from 5@test.com with nonce 952039866
03-17 15:19:19.358 12223 12298 D RegistrationHandler: FULL_LEDGER 952039866
03-17 15:19:19.619 12223 12298 D RegistrationHandler: Has received 3 of 4 from 6@test.com
03-17 15:19:19.622 12223 12297 D RegistrationHandler: Has received 3 of 4 from 6@test.com
03-17 15:19:19.622 12223 12298 D RegistrationHandler: Has received 4 of 4 from 6@test.com
03-17 15:19:19.636 12223 12298 D RegistrationHandler: Received full ledger from 6@test.com with nonce 952039866
03-17 15:19:19.636 12223 12298 D RegistrationHandler: FULL_LEDGER 952039866
03-17 15:19:19.641 12223 12298 D RegistrationHandler: Has received 4 of 4 fragments from 5@test.com
03-17 15:19:20.010 12223 12273 D RegistrationHandler: Has received 4 of 4 fragments from 6@test.com
03-17 15:19:20.011 12223 12297 D RegistrationHandler: Has received 4 of 4 from 6@test.com
03-17 15:19:20.017 12223 12331 D RegistrationHandler: Has received 4 of 4 from 6@test.com
03-17 15:19:20.021 12223 12298 D RegistrationHandler: Has received 4 of 4 from 6@test.com
03-17 15:19:20.023 12223 12273 D RegistrationHandler: Received full ledger from 6@test.com with nonce 952039866
03-17 15:19:20.023 12223 12273 D RegistrationHandler: FULL_LEDGER 952039866
03-17 15:19:20.034 12223 12298 D RegistrationHandler: Received full ledger from 6@test.com with nonce 952039866
03-17 15:19:20.034 12223 12298 D RegistrationHandler: FULL_LEDGER 952039866
03-17 15:19:20.036 12223 12331 D RegistrationHandler: Received full ledger from 6@test.com with nonce 952039866
03-17 15:19:20.036 12223 12331 D RegistrationHandler: FULL_LEDGER 952039866
03-17 15:19:20.037 12223 12297 D RegistrationHandler: Received full ledger from 6@test.com with nonce 952039866
03-17 15:19:20.037 12223 12297 D RegistrationHandler: FULL_LEDGER 952039866
03-17 15:19:29.123 12223 12297 D MulticastServer: Broadcast block received {"ip":"192.168.1.96","cert":"MIIBGzCBwqADAgECAgYBf5LiwL8wCgYIKoZIzj0EAwIwFTETMBEGA1UEAwwKM0B0ZXN0LmNvbTAeFw0yMjAzMTUxMzIwMDhaFw0yNDAzMTYxMzIwMDhaMBUxEzARBgNVBAMMCjNAdGVzdC5jb20wWTATBgcqhkjOPQIBBggqhkjOPQMBBwNCAASVCbfTenGFrkV9EIzy1bj8oa9Kure0STvEaqW08piH20aw3fmYZgxXkpSqhmqcMv5bQ1Q7k2Owa5TUgUt5pf9QMAoGCCqGSM49BAMCA0gAMEUCICG/Ut+mqCXXju+5r5KDo0B+pu+YksxTTzSLgyUZSTRUAiEAlwZEGNVmCgZ+irOjElk8DvNZcTI0AqLoFjB0QLBClB8="}
03-17 15:19:29.145 12223 12332 D RegistrationHandler: ACCEPTED_LEDGER 952039866 4
03-17 15:19:29.146 12223 12332 D RegistrationHandler: 952039866 The accepted ledger contains: [1@test.com, 4@test.com, 5@test.com, 6@test.com]
03-17 15:19:29.146 12223 12332 D MulticastServer: Registration process finished: 952039866
03-17 15:19:30.002 12223 12297 D MulticastServer: Broadcast block received {"ip":"192.168.1.96","cert":"MIIBGzCBwqADAgECAgYBf5LiwL8wCgYIKoZIzj0EAwIwFTETMBEGA1UEAwwKM0B0ZXN0LmNvbTAeFw0yMjAzMTUxMzIwMDhaFw0yNDAzMTYxMzIwMDhaMBUxEzARBgNVBAMMCjNAdGVzdC5jb20wWTATBgcqhkjOPQIBBggqhkjOPQMBBwNCAASVCbfTenGFrkV9EIzy1bj8oa9Kure0STvEaqW08piH20aw3fmYZgxXkpSqhmqcMv5bQ1Q7k2Owa5TUgUt5pf9QMAoGCCqGSM49BAMCA0gAMEUCICG/Ut+mqCXXju+5r5KDo0B+pu+YksxTTzSLgyUZSTRUAiEAlwZEGNVmCgZ+irOjElk8DvNZcTI0AqLoFjB0QLBClB8="}
03-17 15:19:38.389 12223 12297 D MulticastServer: Registration process started with nonce 1850144237
03-17 15:19:38.392 12223 12297 D MulticastServer: Received request for ledger with nonce: 1850144237.
03-17 15:19:38.401 12223 12331 D RegistrationHandler: 1850144237 Received hash from 1@test.com: 93fe4a08b23de93401800aadc9fc72f7c1a98a808dc4be8c7137f7c7f1df8662
03-17 15:19:38.411 12223 12331 D MulticastClient: Sent messages: [{"sender":"{\"ip\":\"192.168.1.126\",\"cert\":\"MIIBHDCBwqADAgECAgYBf5LhKoUwCgYIKoZIzj0EAwIwFTETMBEGA1UEAwwKMUB0ZXN0LmNvbTAeFw0yMjAzMTUxMzE4MjRaFw0yNDAzMTYxMzE4MjRaMBUxEzARBgNVBAMMCjFAdGVzdC5jb20wWTATBgcqhkjOPQIBBggqhkjOPQMBBwNCAARygid4IUjQcO5q061zUYi\/H7lvnalm9LjGvCXUiUKNjFkRZCQQHkQr3g5NSREvlv8eDTjoMpzkwAR2X7BGjdlzMAoGCCqGSM49BAMCA0kAMEYCIQCiHMll2QZaqlteytfUXQC9N+f0vW3g05QfhOXX51uZkQIhAOqRAe\/npOy8z8s0m0jcslsGFJ4m0z8mdDgpGZNaRRtS\"}","payload":"93fe4a08b23de93401800aadc9fc72f7c1a98a808dc4be8c7137f7c7f1df8662","mt":"LEDGER_HASH","sig":"MEUCIQCd9WKtAthSEBrgXwihgZnIIVhJoNcNHfgzw1wR9O179gIgYxhNIDLvkbpKEGluyZ6DE6uvg7M8WoTC20ch6A0MaB8=","nonce":1850144237,"seq":0,"tot":0}]
03-17 15:19:38.496 12223 12297 D RegistrationHandler: 1850144237 Received hash from 4@test.com: 93fe4a08b23de93401800aadc9fc72f7c1a98a808dc4be8c7137f7c7f1df8662
03-17 15:19:38.504 12223 12297 D RegistrationHandler: Has received 1 of 5 fragments from 5@test.com
03-17 15:19:38.510 12223 12297 D RegistrationHandler: Has received 2 of 5 from 5@test.com
03-17 15:19:38.519 12223 12297 D RegistrationHandler: Has received 3 of 5 from 5@test.com
03-17 15:19:38.526 12223 12297 D RegistrationHandler: Has received 4 of 5 from 5@test.com
03-17 15:19:38.527 12223 12273 D RegistrationHandler: Has received 5 of 5 from 5@test.com
03-17 15:19:38.537 12223 12297 D RegistrationHandler: 1850144237 Received hash from 3@test.com: 93fe4a08b23de93401800aadc9fc72f7c1a98a808dc4be8c7137f7c7f1df8662
03-17 15:19:38.540 12223 12273 D RegistrationHandler: Received full ledger from 5@test.com with nonce 1850144237
03-17 15:19:38.540 12223 12273 D RegistrationHandler: FULL_LEDGER 1850144237
03-17 15:19:38.857 12223 12297 D RegistrationHandler: Has received 1 of 5 fragments from 6@test.com
03-17 15:19:38.870 12223 12297 D RegistrationHandler: Has received 2 of 5 from 6@test.com
03-17 15:19:38.882 12223 12297 D RegistrationHandler: Has received 5 of 5 fragments from 5@test.com
03-17 15:19:39.276 12223 12273 D RegistrationHandler: Has received 2 of 5 fragments from 6@test.com
03-17 15:19:39.284 12223 12331 D RegistrationHandler: Has received 3 of 5 from 6@test.com
03-17 15:19:39.287 12223 12331 D RegistrationHandler: Has received 4 of 5 from 6@test.com
03-17 15:19:39.288 12223 12297 D RegistrationHandler: Has received 5 of 5 from 6@test.com
03-17 15:19:39.297 12223 12273 D RegistrationHandler: Received full ledger from 6@test.com with nonce 1850144237
03-17 15:19:39.297 12223 12273 D RegistrationHandler: FULL_LEDGER 1850144237
03-17 15:19:39.301 12223 12297 D RegistrationHandler: Received full ledger from 6@test.com with nonce 1850144237
03-17 15:19:39.301 12223 12297 D RegistrationHandler: FULL_LEDGER 1850144237
03-17 15:19:39.353 12223 12297 D RegistrationHandler: Has received 5 of 5 fragments from 5@test.com
03-17 15:19:48.379 12223 12273 D MulticastServer: Broadcast block received {"ip":"192.168.1.90","cert":"MIIBGzCBwqADAgECAgYBf5Lh/YgwCgYIKoZIzj0EAwIwFTETMBEGA1UEAwwKMkB0ZXN0LmNvbTAeFw0yMjAzMTUxMzE5MThaFw0yNDAzMTYxMzE5MThaMBUxEzARBgNVBAMMCjJAdGVzdC5jb20wWTATBgcqhkjOPQIBBggqhkjOPQMBBwNCAAS+Y1FtdGs8Ucfiq/zWhVaVn4ZBowDRf+LHkKkDUQijyqT6F1OlcBHKlpSdutzah71G6VCq62b3AWQkp086ORMGMAoGCCqGSM49BAMCA0gAMEUCIHH+qCw7c9P4WGmGxr+Z6u3tdZRz/XeTlZiocA09UDaoAiEA977yY+pelaDu67wtccznceHBT4wGLWjjfzyxyDdr/lY="}
03-17 15:19:48.393 12223 12337 D RegistrationHandler: ACCEPTED_LEDGER 1850144237 5
03-17 15:19:48.394 12223 12337 D RegistrationHandler: 1850144237 The accepted ledger contains: [1@test.com, 3@test.com, 4@test.com, 5@test.com, 6@test.com]
03-17 15:19:48.394 12223 12337 D MulticastServer: Registration process finished: 1850144237
03-17 15:19:49.255 12223 12273 D MulticastServer: Broadcast block received {"ip":"192.168.1.90","cert":"MIIBGzCBwqADAgECAgYBf5Lh/YgwCgYIKoZIzj0EAwIwFTETMBEGA1UEAwwKMkB0ZXN0LmNvbTAeFw0yMjAzMTUxMzE5MThaFw0yNDAzMTYxMzE5MThaMBUxEzARBgNVBAMMCjJAdGVzdC5jb20wWTATBgcqhkjOPQIBBggqhkjOPQMBBwNCAAS+Y1FtdGs8Ucfiq/zWhVaVn4ZBowDRf+LHkKkDUQijyqT6F1OlcBHKlpSdutzah71G6VCq62b3AWQkp086ORMGMAoGCCqGSM49BAMCA0gAMEUCIHH+qCw7c9P4WGmGxr+Z6u3tdZRz/XeTlZiocA09UDaoAiEA977yY+pelaDu67wtccznceHBT4wGLWjjfzyxyDdr/lY="}
round 3 of 3
03-17 15:20:01.573 12368 12414 D MulticastServer: MULTICAST_SERVER_LISTENING
03-17 15:20:01.575 12368 12416 D MulticastServer: Registration process started with nonce 1470258115
03-17 15:20:01.578 12368 12415 D MulticastClient: REQUEST_LEDGER 1470258115
03-17 15:20:01.579 12368 12415 D MulticastClient: Sent messages: [{"sender":"","payload":"","mt":"REQUEST_LEDGER","sig":"","nonce":1470258115,"seq":0,"tot":0}]
03-17 15:20:03.579 12368 12418 D RegistrationHandler: I am the first in the network
03-17 15:20:03.579 12368 12418 D RegistrationHandler: 1470258115 Registration started
03-17 15:20:03.594 12368 12439 D MulticastClient: Sent messages: [{"sender":"1@test.com","payload":"{\"ip\":\"192.168.1.126\",\"cert\":\"MIIBHDCBwqADAgECAgYBf5LhKoUwCgYIKoZIzj0EAwIwFTETMBEGA1UEAwwKMUB0ZXN0LmNvbTAeFw0yMjAzMTUxMzE4MjRaFw0yNDAzMTYxMzE4MjRaMBUxEzARBgNVBAMMCjFAdGVzdC5jb20wWTATBgcqhkjOPQIBBggqhkjOPQMBBwNCAARygid4IUjQcO5q061zUYi\/H7lvnalm9LjGvCXUiUKNjFkRZCQQHkQr3g5NSREvlv8eDTjoMpzkwAR2X7BGjdlzMAoGCCqGSM49BAMCA0kAMEYCIQCiHMll2QZaqlteytfUXQC9N+f0vW3g05QfhOXX51uZkQIhAOqRAe\/npOy8z8s0m0jcslsGFJ4m0z8mdDgpGZNaRRtS\"}","mt":"BROADCAST_BLOCK","sig":"MEQCIC5T1VJICOonhgjDpjJAQwJZrP0l26ZgypLlpSH196FTAiA8HZlnn\/JBIfLTM9\/5f+ICnIF5dnyDH0c2Gp+QuR0GHw==","nonce":1470258115,"seq":0,"tot":0}]
03-17 15:20:03.595 12368 12418 D MulticastServer: Registration process finished: 1470258115
03-17 15:20:11.872 12368 12439 D MulticastServer: Registration process started with nonce 103228691
03-17 15:20:11.874 12368 12439 D MulticastServer: Received request for ledger with nonce: 103228691.
03-17 15:20:11.887 12368 12421 D MulticastClient: Sent messages: [{"sender":"{\"ip\":\"192.168.1.126\",\"cert\":\"MIIBHDCBwqADAgECAgYBf5LhKoUwCgYIKoZIzj0EAwIwFTETMBEGA1UEAwwKMUB0ZXN0LmNvbTAeFw0yMjAzMTUxMzE4MjRaFw0yNDAzMTYxMzE4MjRaMBUxEzARBgNVBAMMCjFAdGVzdC5jb20wWTATBgcqhkjOPQIBBggqhkjOPQMBBwNCAARygid4IUjQcO5q061zUYi\/H7lvnalm9LjGvCXUiUKNjFkRZCQQHkQr3g5NSREvlv8eDTjoMpzkwAR2X7BGjdlzMAoGCCqGSM49BAMCA0kAMEYCIQCiHMll2QZaqlteytfUXQC9N+f0vW3g05QfhOXX51uZkQIhAOqRAe\/npOy8z8s0m0jcslsGFJ4m0z8mdDgpGZNaRRtS\"}","payload":"{\"ip\":\"192.168.1.126\",\"cert\":\"MIIBHDCBwqADAgECAgYBf5LhKoUwCgYIKoZIzj0EAwIwFTETMBEGA1UEAwwKMUB0ZXN0LmNvbTAeFw0yMjAzMTUxMzE4MjRaFw0yNDAzMTYxMzE4MjRaMBUxEzARBgNVBAMMCjFAdGVzdC5jb20wWTATBgcqhkjOPQIBBggqhkjOPQMBBwNCAARygid4IUjQcO5q061zUYi\/H7lvnalm9LjGvCXUiUKNjFkRZCQQHkQr3g5NSREvlv8eDTjoMpzkwAR2X7BGjdlzMAoGCCqGSM49BAMCA0kAMEYCIQCiHMll2QZaqlteytfUXQC9N+f0vW3g05QfhOXX51uZkQIhAOqRAe\/npOy8z8s0m0jcslsGFJ4m0z8mdDgpGZNaRRtS\"}","mt":"FULL_LEDGER","sig":"MEYCIQCadQqF6WEDfPJw3Yio6zHqcvdPwXysf4igFObRDVCT0wIhALw0PauTPHjJZOzKGbIJLoPw2KabHiiQ4IwxeVEKDS1W","nonce":103228691,"seq":0,"tot":0}]
03-17 15:20:21.879 12368 12450 D RegistrationHandler: ACCEPTED_LEDGER 103228691 1
03-17 15:20:21.880 12368 12450 D RegistrationHandler: 103228691 The accepted ledger contains: [1@test.com]
03-17 15:20:21.880 12368 12450 D MulticastServer: Registration process finished: 103228691
03-17 15:20:22.643 12368 12421 D MulticastServer: Broadcast block received {"ip":"192.168.1.97","cert":"MIIBHDCBwqADAgECAgYBf5Ll+aQwCgYIKoZIzj0EAwIwFTETMBEGA1UEAwwKNUB0ZXN0LmNvbTAeFw0yMjAzMTUxMzIzMzlaFw0yNDAzMTYxMzIzMzlaMBUxEzARBgNVBAMMCjVAdGVzdC5jb20wWTATBgcqhkjOPQIBBggqhkjOPQMBBwNCAAS9OhThI4D6g/iEXxfGklrIeXd9Z0M+diiJ9ljAgsIg42aeRti+qPdLXU1/D9cRSqQkfwr3bPWV3oF684Iqni4MMAoGCCqGSM49BAMCA0kAMEYCIQDvSgAgKBB22Z/ooyqUg64EcQUigPLpb+EEue5bwGydWgIhAKus7fYnj5hLAUwnPrCw9vZZ/j2+Hst7+b4ASLL75Nl9"}
03-17 15:20:35.034 12368 12421 D MulticastServer: Broadcast block received {"ip":"192.168.1.102","cert":"MIIBHDCBwqADAgECAgYBf5LjjlwwCgYIKoZIzj0EAwIwFTETMBEGA1UEAwwKNEB0ZXN0LmNvbTAeFw0yMjAzMTUxMzIxMDBaFw0yNDAzMTYxMzIxMDBaMBUxEzARBgNVBAMMCjRAdGVzdC5jb20wWTATBgcqhkjOPQIBBggqhkjOPQMBBwNCAASSliUweWkBcg8dWJcPaZ4t+tliwMepoSM+VwpX6w8yGTWjTlICGhj5SdoTv4ekjnO3/l6v7gLDegapmtwYeG/3MAoGCCqGSM49BAMCA0kAMEYCIQDK7lH7afWvwtTqc/4/4Hgwk5maPvIqyqRaQ8+tb958ggIhAJVeNWTe06qpdnlqQbbihOtTcnnwBkJo3G7r/k/zCIAh"}
03-17 15:20:35.378 12368 12421 D MulticastServer: Broadcast block received {"ip":"192.168.1.102","cert":"MIIBHDCBwqADAgECAgYBf5LjjlwwCgYIKoZIzj0EAwIwFTETMBEGA1UEAwwKNEB0ZXN0LmNvbTAeFw0yMjAzMTUxMzIxMDBaFw0yNDAzMTYxMzIxMDBaMBUxEzARBgNVBAMMCjRAdGVzdC5jb20wWTATBgcqhkjOPQIBBggqhkjOPQMBBwNCAASSliUweWkBcg8dWJcPaZ4t+tliwMepoSM+VwpX6w8yGTWjTlICGhj5SdoTv4ekjnO3/l6v7gLDegapmtwYeG/3MAoGCCqGSM49BAMCA0kAMEYCIQDK7lH7afWvwtTqc/4/4Hgwk5maPvIqyqRaQ8+tb958ggIhAJVeNWTe06qpdnlqQbbihOtTcnnwBkJo3G7r/k/zCIAh"}
03-17 15:20:35.791 12368 12421 D MulticastServer: Broadcast block received {"ip":"192.168.1.102","cert":"MIIBHDCBwqADAgECAgYBf5LjjlwwCgYIKoZIzj0EAwIwFTETMBEGA1UEAwwKNEB0ZXN0LmNvbTAeFw0yMjAzMTUxMzIxMDBaFw0yNDAzMTYxMzIxMDBaMBUxEzARBgNVBAMMCjRAdGVzdC5jb20wWTATBgcqhkjOPQIBBggqhkjOPQMBBwNCAASSliUweWkBcg8dWJcPaZ4t+tliwMepoSM+VwpX6w8yGTWjTlICGhj5SdoTv4ekjnO3/l6v7gLDegapmtwYeG/3MAoGCCqGSM49BAMCA0kAMEYCIQDK7lH7afWvwtTqc/4/4Hgwk5maPvIqyqRaQ8+tb958ggIhAJVeNWTe06qpdnlqQbbihOtTcnnwBkJo3G7r/k/zCIAh"}
03-17 15:20:53.595 12368 12456 D MulticastServer: Registration process started with nonce 997795001
03-17 15:20:53.597 12368 12456 D MulticastServer: Received request for ledger with nonce: 997795001.
