Number of rounds: 1
--------- beginning of main
--------- beginning of system
round 1 of 1
03-01 15:23:00.168 19516 19547 D MulticastServer: MULTICAST_SERVER_LISTENING
03-01 15:23:00.176 19516 19621 D MulticastServer: Registration process started with nonce: 2100669419
03-01 15:23:00.197 19516 19629 D MulticastClient: Sent messages: [{"sender":"","payload":"","mt":"REQUEST_LEDGER","sig":"","nonce":2100669419,"seq":0,"tot":0}]
03-01 15:23:01.186 19516 19626 D RegistrationHandler: 2100669419 Registration started
03-01 15:23:01.188 19516 19626 D MulticastServer: Registration process finished: 2100669419
03-01 15:23:10.187 19516 19625 D RegistrationHandler: 2100669419 Registration started
03-01 15:23:15.985 19516 19629 D MulticastServer: Registration process started with nonce: 530321750
03-01 15:23:15.990 19516 19629 D MulticastServer: Received request for ledger with nonce: 530321750.
03-01 15:23:16.994 19516 19664 D RegistrationHandler: 530321750 Registration started
03-01 15:23:17.002 19516 19664 D MulticastServer: Registration process finished: 530321750
03-01 15:23:17.010 19516 19629 D MulticastServer: Broadcast block received {"ip":"192.168.1.150","cert":"MIIBKTCB0KADAgECAhQx2drGMEbzx2qb3kW8xg1ERD77ejAKBggqhkjOPQQDAjAVMRMwEQYDVQQDDApUVE00OTA1IENBMB4XDTIyMDMwMTE0MDYwNloXDTIyMDMzMTE0MDYwNlowFTETMBEGA1UEAwwKM0B0ZXN0LmNvbTBZMBMGByqGSM49AgEGCCqGSM49AwEHA0IABC+xOTkmX6a0H6eidB85Da0CbmYg10XwNz19SCaEheU1Pnhjz+I+DyVNXvPft4T5YY/Na+qO1xeH4N82RLPGZG4wCgYIKoZIzj0EAwIDSAAwRQIhAKM4Xl1DGHfOv0umGOVlytMmTlJ1lGbeQ1ln5eQsN/WUAiAXF9+WZLpST68j+XxOh/6IwCRmaU38MkDIIKAlomW4dg=="}
03-01 15:23:17.420 19516 19629 D MulticastServer: Broadcast block received {"ip":"192.168.1.150","cert":"MIIBKTCB0KADAgECAhQx2drGMEbzx2qb3kW8xg1ERD77ejAKBggqhkjOPQQDAjAVMRMwEQYDVQQDDApUVE00OTA1IENBMB4XDTIyMDMwMTE0MDYwNloXDTIyMDMzMTE0MDYwNlowFTETMBEGA1UEAwwKM0B0ZXN0LmNvbTBZMBMGByqGSM49AgEGCCqGSM49AwEHA0IABC+xOTkmX6a0H6eidB85Da0CbmYg10XwNz19SCaEheU1Pnhjz+I+DyVNXvPft4T5YY/Na+qO1xeH4N82RLPGZG4wCgYIKoZIzj0EAwIDSAAwRQIhAKM4Xl1DGHfOv0umGOVlytMmTlJ1lGbeQ1ln5eQsN/WUAiAXF9+WZLpST68j+XxOh/6IwCRmaU38MkDIIKAlomW4dg=="}
03-01 15:23:17.828 19516 19629 D MulticastServer: Broadcast block received {"ip":"192.168.1.150","cert":"MIIBKTCB0KADAgECAhQx2drGMEbzx2qb3kW8xg1ERD77ejAKBggqhkjOPQQDAjAVMRMwEQYDVQQDDApUVE00OTA1IENBMB4XDTIyMDMwMTE0MDYwNloXDTIyMDMzMTE0MDYwNlowFTETMBEGA1UEAwwKM0B0ZXN0LmNvbTBZMBMGByqGSM49AgEGCCqGSM49AwEHA0IABC+xOTkmX6a0H6eidB85Da0CbmYg10XwNz19SCaEheU1Pnhjz+I+DyVNXvPft4T5YY/Na+qO1xeH4N82RLPGZG4wCgYIKoZIzj0EAwIDSAAwRQIhAKM4Xl1DGHfOv0umGOVlytMmTlJ1lGbeQ1ln5eQsN/WUAiAXF9+WZLpST68j+XxOh/6IwCRmaU38MkDIIKAlomW4dg=="}
03-01 15:23:25.993 19516 19663 D RegistrationHandler: 530321750 Registration started
03-01 15:23:31.242 19516 19629 D MulticastServer: Registration process started with nonce: 1830208738
03-01 15:23:31.247 19516 19629 D MulticastServer: Received request for ledger with nonce: 1830208738.
03-01 15:23:31.905 19516 19628 D RegistrationHandler: FULL_LEDGER 1830208738
03-01 15:23:41.256 19516 19669 D RegistrationHandler: ACCEPTED_LEDGER 1830208738 1
03-01 15:23:41.259 19516 19669 D RegistrationHandler: 1830208738 Registration started
03-01 15:23:41.264 19516 19669 D MulticastServer: Registration process finished: 1830208738
03-01 15:23:41.689 19516 19628 D MulticastServer: Broadcast block received {"ip":"192.168.1.96","cert":"MIIBKjCB0KADAgECAhQFGtbY2BBfIilHmVHfmz1ibePqCTAKBggqhkjOPQQDAjAVMRMwEQYDVQQDDApUVE00OTA1IENBMB4XDTIyMDMwMTE0MDg1MVoXDTIyMDMzMTE0MDg1MVowFTETMBEGA1UEAwwKNUB0ZXN0LmNvbTBZMBMGByqGSM49AgEGCCqGSM49AwEHA0IABM0SKT7roPGNC1d52qLjFf8A++6+ejGXhEz/RZOJFR1j7rRmQIgaxqH+EAJzNBYhPBDjl1Sf/Lsjr0vAoPml3eUwCgYIKoZIzj0EAwIDSQAwRgIhAPcOKfuB+KByJXxphcvx1eVN2EVlksqOSofHq3BTh+oSAiEA7+Kmz9U75Bg3JXvTLGnz/X5DqCaZD0GxKGePXFq7DUE="}
03-01 15:23:42.099 19516 19628 D MulticastServer: Broadcast block received {"ip":"192.168.1.96","cert":"MIIBKjCB0KADAgECAhQFGtbY2BBfIilHmVHfmz1ibePqCTAKBggqhkjOPQQDAjAVMRMwEQYDVQQDDApUVE00OTA1IENBMB4XDTIyMDMwMTE0MDg1MVoXDTIyMDMzMTE0MDg1MVowFTETMBEGA1UEAwwKNUB0ZXN0LmNvbTBZMBMGByqGSM49AgEGCCqGSM49AwEHA0IABM0SKT7roPGNC1d52qLjFf8A++6+ejGXhEz/RZOJFR1j7rRmQIgaxqH+EAJzNBYhPBDjl1Sf/Lsjr0vAoPml3eUwCgYIKoZIzj0EAwIDSQAwRgIhAPcOKfuB+KByJXxphcvx1eVN2EVlksqOSofHq3BTh+oSAiEA7+Kmz9U75Bg3JXvTLGnz/X5DqCaZD0GxKGePXFq7DUE="}
03-01 15:23:46.190 19516 19628 D MulticastServer: Registration process started with nonce: 1020170284
03-01 15:23:46.198 19516 19628 D MulticastServer: Received request for ledger with nonce: 1020170284.
03-01 15:23:46.358 19516 19628 D RegistrationHandler: FULL_LEDGER 1020170284
03-01 15:23:46.502 19516 19628 D RegistrationHandler: FULL_LEDGER 1020170284
03-01 15:23:46.749 19516 19628 D RegistrationHandler: FULL_LEDGER 1020170284
03-01 15:23:46.758 19516 19628 D RegistrationHandler: ACCEPTED_LEDGER 1020170284 2
03-01 15:23:46.762 19516 19628 D RegistrationHandler: 1020170284 Registration started
03-01 15:23:46.766 19516 19628 D MulticastServer: Registration process finished: 1020170284
03-01 15:23:55.820 19516 19628 D MulticastServer: Broadcast block received {"ip":"192.168.1.126","cert":"MIIBKTCB0KADAgECAhRYB2Z/cqTmwQTbrhYf9v5lzVW+YjAKBggqhkjOPQQDAjAVMRMwEQYDVQQDDApUVE00OTA1IENBMB4XDTIyMDMwMTE0MTYzNVoXDTIyMDMzMTE0MTYzNVowFTETMBEGA1UEAwwKNkB0ZXN0LmNvbTBZMBMGByqGSM49AgEGCCqGSM49AwEHA0IABAYvxEyQgnJqCupzRJy6aDpuP4erW5GpSxzJ8zvy/WUXQAxLhv+z1Ufnl8ibD+dvXyRrW5CWmfEfUDbHIrhH0RYwCgYIKoZIzj0EAwIDSAAwRQIgORT+4WycNDSTneeqB9XlWe9PgCi139fukuacTIRzFHMCIQCn0eHVbKOQuveD+6D+8mZsMSWoUK/4EEnmk+W3T8NSXw=="}
03-01 15:23:56.230 19516 19628 D MulticastServer: Broadcast block received {"ip":"192.168.1.126","cert":"MIIBKTCB0KADAgECAhRYB2Z/cqTmwQTbrhYf9v5lzVW+YjAKBggqhkjOPQQDAjAVMRMwEQYDVQQDDApUVE00OTA1IENBMB4XDTIyMDMwMTE0MTYzNVoXDTIyMDMzMTE0MTYzNVowFTETMBEGA1UEAwwKNkB0ZXN0LmNvbTBZMBMGByqGSM49AgEGCCqGSM49AwEHA0IABAYvxEyQgnJqCupzRJy6aDpuP4erW5GpSxzJ8zvy/WUXQAxLhv+z1Ufnl8ibD+dvXyRrW5CWmfEfUDbHIrhH0RYwCgYIKoZIzj0EAwIDSAAwRQIgORT+4WycNDSTneeqB9XlWe9PgCi139fukuacTIRzFHMCIQCn0eHVbKOQuveD+6D+8mZsMSWoUK/4EEnmk+W3T8NSXw=="}
03-01 15:23:56.639 19516 19628 D MulticastServer: Broadcast block received {"ip":"192.168.1.126","cert":"MIIBKTCB0KADAgECAhRYB2Z/cqTmwQTbrhYf9v5lzVW+YjAKBggqhkjOPQQDAjAVMRMwEQYDVQQDDApUVE00OTA1IENBMB4XDTIyMDMwMTE0MTYzNVoXDTIyMDMzMTE0MTYzNVowFTETMBEGA1UEAwwKNkB0ZXN0LmNvbTBZMBMGByqGSM49AgEGCCqGSM49AwEHA0IABAYvxEyQgnJqCupzRJy6aDpuP4erW5GpSxzJ8zvy/WUXQAxLhv+z1Ufnl8ibD+dvXyRrW5CWmfEfUDbHIrhH0RYwCgYIKoZIzj0EAwIDSAAwRQIgORT+4WycNDSTneeqB9XlWe9PgCi139fukuacTIRzFHMCIQCn0eHVbKOQuveD+6D+8mZsMSWoUK/4EEnmk+W3T8NSXw=="}
03-01 15:24:00.940 19516 19628 D MulticastServer: Registration process started with nonce: 496056264
03-01 15:24:00.945 19516 19628 D MulticastServer: Received request for ledger with nonce: 496056264.
03-01 15:24:01.044 19516 19628 D MulticastServer: Received hash from 3@test.com: 618a4d577cefbf6081d920d4bbb8cbddbc9856560537700e09d6ddd774eb24fb
03-01 15:24:01.092 19516 19628 D RegistrationHandler: FULL_LEDGER 496056264
03-01 15:24:01.213 19516 19628 D RegistrationHandler: FULL_LEDGER 496056264
03-01 15:24:01.223 19516 19628 D RegistrationHandler: ACCEPTED_LEDGER 496056264 3
03-01 15:24:01.228 19516 19628 D RegistrationHandler: 496056264 Registration started
03-01 15:24:01.232 19516 19628 D MulticastServer: Registration process finished: 496056264
03-01 15:24:16.300 19516 19628 D MulticastServer: Registration process started with nonce: 353375242
03-01 15:24:16.306 19516 19628 D MulticastServer: Received request for ledger with nonce: 353375242.
03-01 15:24:16.455 19516 19631 D MulticastServer: Received hash from 3@test.com: 618a4d577cefbf6081d920d4bbb8cbddbc9856560537700e09d6ddd774eb24fb
03-01 15:24:16.834 19516 19631 D MulticastServer: Received hash from 3@test.com: 618a4d577cefbf6081d920d4bbb8cbddbc9856560537700e09d6ddd774eb24fb
03-01 15:24:17.029 19516 19628 D MulticastServer: Broadcast block received {"ip":"192.168.1.97","cert":"MIIBKTCB0KADAgECAhQa8Bd7lH/BLTyi7ywd3y9YYSzkrDAKBggqhkjOPQQDAjAVMRMwEQYDVQQDDApUVE00OTA1IENBMB4XDTIyMDMwMTE0MDczNloXDTIyMDMzMTE0MDczNlowFTETMBEGA1UEAwwKNEB0ZXN0LmNvbTBZMBMGByqGSM49AgEGCCqGSM49AwEHA0IABFrZCEM2z1G1fZpGXj9xAJVyw+42wNc+1Oh3OKk5VRIc59yR1r148usPgG5mreOanaKvWR1KjIOl3HTLksn8RnowCgYIKoZIzj0EAwIDSAAwRQIhAKAKAwK83UAGas8l7ThnEHKwV0I7DisWJ0yDYNVZVUusAiAzZGLYe63aJer14gingjWvIIMLb+EEx1ysVZJxKqm6iw=="}
03-01 15:24:17.427 19516 19631 D MulticastServer: Broadcast block received {"ip":"192.168.1.97","cert":"MIIBKTCB0KADAgECAhQa8Bd7lH/BLTyi7ywd3y9YYSzkrDAKBggqhkjOPQQDAjAVMRMwEQYDVQQDDApUVE00OTA1IENBMB4XDTIyMDMwMTE0MDczNloXDTIyMDMzMTE0MDczNlowFTETMBEGA1UEAwwKNEB0ZXN0LmNvbTBZMBMGByqGSM49AgEGCCqGSM49AwEHA0IABFrZCEM2z1G1fZpGXj9xAJVyw+42wNc+1Oh3OKk5VRIc59yR1r148usPgG5mreOanaKvWR1KjIOl3HTLksn8RnowCgYIKoZIzj0EAwIDSAAwRQIhAKAKAwK83UAGas8l7ThnEHKwV0I7DisWJ0yDYNVZVUusAiAzZGLYe63aJer14gingjWvIIMLb+EEx1ysVZJxKqm6iw=="}
03-01 15:24:26.314 19516 19681 D RegistrationHandler: 353375242 Accepted hash from 3@test.com: 618a4d577cefbf6081d920d4bbb8cbddbc9856560537700e09d6ddd774eb24fb
03-01 15:24:26.321 19516 19631 D MulticastClient: Sent messages: [{"sender":"","payload":"3@test.com:618a4d577cefbf6081d920d4bbb8cbddbc9856560537700e09d6ddd774eb24fb","mt":"REQUEST_SPECIFIC_LEDGER","sig":"","nonce":416007048,"seq":0,"tot":0}]
03-01 15:24:26.326 19516 19628 D MulticastServer: Received request for 3@test.com to send ledger with hash 618a4d577cefbf6081d920d4bbb8cbddbc9856560537700e09d6ddd774eb24fb
03-01 15:24:26.719 19516 19683 D RegistrationHandler: 353375242 Accepted hash from 3@test.com: 618a4d577cefbf6081d920d4bbb8cbddbc9856560537700e09d6ddd774eb24fb
03-01 15:24:26.724 19516 19629 D MulticastClient: Sent messages: [{"sender":"","payload":"3@test.com:618a4d577cefbf6081d920d4bbb8cbddbc9856560537700e09d6ddd774eb24fb","mt":"REQUEST_SPECIFIC_LEDGER","sig":"","nonce":6712003,"seq":0,"tot":0}]
03-01 15:24:26.728 19516 19628 D MulticastServer: Received request for 3@test.com to send ledger with hash 618a4d577cefbf6081d920d4bbb8cbddbc9856560537700e09d6ddd774eb24fb
03-01 15:24:26.732 19516 19628 D MulticastServer: Received request for 3@test.com to send ledger with hash 618a4d577cefbf6081d920d4bbb8cbddbc9856560537700e09d6ddd774eb24fb
03-01 15:24:27.133 19516 19631 D MulticastServer: Received request for 3@test.com to send ledger with hash 618a4d577cefbf6081d920d4bbb8cbddbc9856560537700e09d6ddd774eb24fb
03-01 15:24:27.135 19516 19631 D MulticastServer: Received request for 3@test.com to send ledger with hash 618a4d577cefbf6081d920d4bbb8cbddbc9856560537700e09d6ddd774eb24fb
03-01 15:24:27.218 19516 19683 D RegistrationHandler: 353375242 Accepted hash from 3@test.com: 618a4d577cefbf6081d920d4bbb8cbddbc9856560537700e09d6ddd774eb24fb
03-01 15:24:27.221 19516 19631 D MulticastClient: Sent messages: [{"sender":"","payload":"3@test.com:618a4d577cefbf6081d920d4bbb8cbddbc9856560537700e09d6ddd774eb24fb","mt":"REQUEST_SPECIFIC_LEDGER","sig":"","nonce":980401700,"seq":0,"tot":0}]
03-01 15:24:27.224 19516 19688 D MulticastServer: Received request for 3@test.com to send ledger with hash 618a4d577cefbf6081d920d4bbb8cbddbc9856560537700e09d6ddd774eb24fb
03-01 15:24:27.535 19516 19629 D MulticastServer: Received request for 3@test.com to send ledger with hash 618a4d577cefbf6081d920d4bbb8cbddbc9856560537700e09d6ddd774eb24fb
03-01 15:24:27.628 19516 19629 D MulticastServer: Received request for 3@test.com to send ledger with hash 618a4d577cefbf6081d920d4bbb8cbddbc9856560537700e09d6ddd774eb24fb
03-01 15:24:27.718 19516 19683 D RegistrationHandler: 353375242 Accepted hash from 3@test.com: 618a4d577cefbf6081d920d4bbb8cbddbc9856560537700e09d6ddd774eb24fb
03-01 15:24:27.723 19516 19629 D MulticastClient: Sent messages: [{"sender":"","payload":"3@test.com:618a4d577cefbf6081d920d4bbb8cbddbc9856560537700e09d6ddd774eb24fb","mt":"REQUEST_SPECIFIC_LEDGER","sig":"","nonce":672015796,"seq":0,"tot":0}]
03-01 15:24:27.727 19516 19688 D MulticastServer: Received request for 3@test.com to send ledger with hash 618a4d577cefbf6081d920d4bbb8cbddbc9856560537700e09d6ddd774eb24fb
03-01 15:24:28.029 19516 19631 D MulticastServer: Received request for 3@test.com to send ledger with hash 618a4d577cefbf6081d920d4bbb8cbddbc9856560537700e09d6ddd774eb24fb
03-01 15:24:28.133 19516 19631 D MulticastServer: Received request for 3@test.com to send ledger with hash 618a4d577cefbf6081d920d4bbb8cbddbc9856560537700e09d6ddd774eb24fb
03-01 15:24:28.218 19516 19683 D RegistrationHandler: 353375242 Registration started
03-01 15:24:28.227 19516 19683 D MulticastServer: Registration process finished: 353375242
03-01 15:24:28.535 19516 19629 D MulticastServer: Received request for 3@test.com to send ledger with hash 618a4d577cefbf6081d920d4bbb8cbddbc9856560537700e09d6ddd774eb24fb
