Number of rounds: 3
round 1 of 3
--------- beginning of main
03-17 15:17:43.343  1272  1684 W System.err: java.io.FileNotFoundException: https://play.google.com/store/apps/details?id=com.example.masterproject&hl=en
03-17 15:17:43.343  1272  1684 W System.err: 	at com.android.okhttp.internal.huc.HttpURLConnectionImpl.getInputStream(HttpURLConnectionImpl.java:255)
03-17 15:17:43.343  1272  1684 W System.err: 	at com.android.okhttp.internal.huc.DelegatingHttpsURLConnection.getInputStream(DelegatingHttpsURLConnection.java:211)
03-17 15:17:43.343  1272  1684 W System.err: 	at com.android.okhttp.internal.huc.HttpsURLConnectionImpl.getInputStream(HttpsURLConnectionImpl.java:30)
03-17 15:17:43.343  1272  1684 W System.err: 	at com.samsung.android.server.wifi.tcp.SemWifiTransportLayerUtils.getApplicationCategory(SemWifiTransportLayerUtils.java:103)
03-17 15:17:43.343  1272  1684 W System.err: 	at com.samsung.android.server.wifi.tcp.SemWifiTransportLayerMonitor$TcpMonitorHandler.handleMessage(SemWifiTransportLayerMonitor.java:241)
03-17 15:17:43.343  1272  1684 W System.err: 	at android.os.Handler.dispatchMessage(Handler.java:106)
03-17 15:17:43.343  1272  1684 W System.err: 	at android.os.Looper.loopOnce(Looper.java:226)
03-17 15:17:43.343  1272  1684 W System.err: 	at android.os.Looper.loop(Looper.java:313)
03-17 15:17:43.343  1272  1684 W System.err: 	at android.os.HandlerThread.run(HandlerThread.java:67)
03-17 15:17:43.474 25610 25641 D MulticastServer: MULTICAST_SERVER_LISTENING
03-17 15:17:43.480 25610 25722 D MulticastServer: Registration process started with nonce 1938374834
03-17 15:17:43.485 25610 25728 D MulticastClient: REQUEST_LEDGER 1938374834
03-17 15:17:43.487 25610 25728 D MulticastClient: Sent messages: [{"sender":"","payload":"","mt":"REQUEST_LEDGER","sig":"","nonce":1938374834,"seq":0,"tot":0}]
03-17 15:17:44.459 25610 25728 D RegistrationHandler: Has received 1 of 5 fragments from 6@test.com
03-17 15:17:44.460 25610 25729 D RegistrationHandler: Has received 2 of 5 from 6@test.com
03-17 15:17:44.461 25610 25730 D RegistrationHandler: Has received 3 of 5 from 6@test.com
03-17 15:17:44.517 25610 25730 D RegistrationHandler: 1938374834 Received hash from 4@test.com: 93fe4a08b23de93401800aadc9fc72f7c1a98a808dc4be8c7137f7c7f1df8662
03-17 15:17:44.656 25610 25730 D RegistrationHandler: 1938374834 Received hash from 1@test.com: 93fe4a08b23de93401800aadc9fc72f7c1a98a808dc4be8c7137f7c7f1df8662
03-17 15:17:44.656 25610 25729 D RegistrationHandler: Has received 1 of 5 fragments from 5@test.com
03-17 15:17:44.672 25610 25730 D RegistrationHandler: Has received 2 of 5 from 5@test.com
03-17 15:17:44.674 25610 25730 D RegistrationHandler: Has received 3 of 5 from 5@test.com
03-17 15:17:45.274 25610 25730 D RegistrationHandler: Has received 3 of 5 fragments from 6@test.com
03-17 15:17:45.369 25610 25730 D RegistrationHandler: 1938374834 Received hash from 3@test.com: 93fe4a08b23de93401800aadc9fc72f7c1a98a808dc4be8c7137f7c7f1df8662
03-17 15:17:53.504 25610 25727 D RegistrationHandler: 1938374834 Accepted hash from 4@test.com: 93fe4a08b23de93401800aadc9fc72f7c1a98a808dc4be8c7137f7c7f1df8662
03-17 15:17:53.506 25610 25730 D MulticastClient: Sent messages: [{"sender":"","payload":"4@test.com:93fe4a08b23de93401800aadc9fc72f7c1a98a808dc4be8c7137f7c7f1df8662","mt":"REQUEST_SPECIFIC_LEDGER","sig":"","nonce":1938374834,"seq":0,"tot":0}]
03-17 15:17:53.507 25610 25729 D MulticastServer: Received request for 4@test.com to send ledger with hash 93fe4a08b23de93401800aadc9fc72f7c1a98a808dc4be8c7137f7c7f1df8662
03-17 15:17:53.774 25610 25729 D RegistrationHandler: Has received 1 of 5 fragments from 4@test.com
03-17 15:17:53.783 25610 25729 D RegistrationHandler: Has received 2 of 5 from 4@test.com
03-17 15:17:53.910 25610 25729 D MulticastServer: Received request for 4@test.com to send ledger with hash 93fe4a08b23de93401800aadc9fc72f7c1a98a808dc4be8c7137f7c7f1df8662
03-17 15:17:54.005 25610 25727 D RegistrationHandler: 1938374834 Accepted hash from 4@test.com: 93fe4a08b23de93401800aadc9fc72f7c1a98a808dc4be8c7137f7c7f1df8662
03-17 15:17:54.009 25610 25729 D MulticastClient: Sent messages: [{"sender":"","payload":"4@test.com:93fe4a08b23de93401800aadc9fc72f7c1a98a808dc4be8c7137f7c7f1df8662","mt":"REQUEST_SPECIFIC_LEDGER","sig":"","nonce":1938374834,"seq":0,"tot":0}]
03-17 15:17:54.011 25610 25761 D MulticastServer: Received request for 4@test.com to send ledger with hash 93fe4a08b23de93401800aadc9fc72f7c1a98a808dc4be8c7137f7c7f1df8662
03-17 15:17:54.097 25610 25728 D RegistrationHandler: Has received 3 of 5 from 4@test.com
03-17 15:17:54.182 25610 25728 D RegistrationHandler: Has received 3 of 5 fragments from 4@test.com
03-17 15:17:54.184 25610 25762 D RegistrationHandler: Has received 4 of 5 from 4@test.com
03-17 15:17:54.186 25610 25761 D RegistrationHandler: Has received 5 of 5 from 4@test.com
03-17 15:17:54.190 25610 25762 D RegistrationHandler: Has received 5 of 5 from 4@test.com
03-17 15:17:54.198 25610 25728 D RegistrationHandler: Has received 5 of 5 from 4@test.com
03-17 15:17:54.206 25610 25761 D RegistrationHandler: 1938374834 Received ledger of accepted hash from 4@test.com
03-17 15:17:54.207 25610 25761 D RegistrationHandler: ACCEPTED_LEDGER 1938374834 5
03-17 15:17:54.208 25610 25761 D RegistrationHandler: 1938374834 The accepted ledger contains: [1@test.com, 3@test.com, 4@test.com, 5@test.com, 6@test.com]
03-17 15:17:54.208 25610 25761 D RegistrationHandler: 1938374834 Registration started
03-17 15:17:54.210 25610 25761 D MulticastServer: Registration process finished: 1938374834
03-17 15:17:54.210 25610 25761 D RegistrationHandler: Received full ledger from 4@test.com with nonce 1938374834
03-17 15:17:54.210 25610 25761 D RegistrationHandler: FULL_LEDGER 1938374834
03-17 15:17:54.210 25610 25761 D RegistrationHandler: ACCEPTED_LEDGER 1938374834 5
03-17 15:17:54.211 25610 25761 D RegistrationHandler: 1938374834 The accepted ledger contains: [1@test.com, 3@test.com, 4@test.com, 5@test.com, 6@test.com]
03-17 15:17:54.212 25610 25762 D RegistrationHandler: 1938374834 Received ledger of accepted hash from 4@test.com
03-17 15:17:54.212 25610 25762 D RegistrationHandler: ACCEPTED_LEDGER 1938374834 5
03-17 15:17:54.213 25610 25761 D MulticastClient: Sent messages: [{"sender":"2@test.com","payload":"{\"ip\":\"192.168.1.90\",\"cert\":\"MIIBGzCBwqADAgECAgYBf5Lh\/YgwCgYIKoZIzj0EAwIwFTETMBEGA1UEAwwKMkB0ZXN0LmNvbTAeFw0yMjAzMTUxMzE5MThaFw0yNDAzMTYxMzE5MThaMBUxEzARBgNVBAMMCjJAdGVzdC5jb20wWTATBgcqhkjOPQIBBggqhkjOPQMBBwNCAAS+Y1FtdGs8Ucfiq\/zWhVaVn4ZBowDRf+LHkKkDUQijyqT6F1OlcBHKlpSdutzah71G6VCq62b3AWQkp086ORMGMAoGCCqGSM49BAMCA0gAMEUCIHH+qCw7c9P4WGmGxr+Z6u3tdZRz\/XeTlZiocA09UDaoAiEA977yY+pelaDu67wtccznceHBT4wGLWjjfzyxyDdr\/lY=\"}","mt":"BROADCAST_BLOCK","sig":"MEYCIQCzj7uB4MSo3LZx4kzISrepsZO+xL68216id0bJJHgyZAIhAK\/to0wQ4CSRcJu29b0MaHGeeSWIA3EPtwpYqQBZOxQD","nonce":1938374834,"seq":0,"tot":0}]
03-17 15:17:54.221 25610 25728 D RegistrationHandler: 1938374834 Received ledger of accepted hash from 4@test.com
03-17 15:17:54.222 25610 25728 D RegistrationHandler: ACCEPTED_LEDGER 1938374834 5
03-17 15:17:54.222 25610 25762 D RegistrationHandler: 1938374834 The accepted ledger contains: [1@test.com, 3@test.com, 4@test.com, 5@test.com, 6@test.com]
03-17 15:17:54.222 25610 25762 D RegistrationHandler: Received full ledger from 4@test.com with nonce 1938374834
03-17 15:17:54.222 25610 25762 D RegistrationHandler: FULL_LEDGER 1938374834
03-17 15:17:54.222 25610 25762 D RegistrationHandler: ACCEPTED_LEDGER 1938374834 5
03-17 15:17:54.223 25610 25762 D RegistrationHandler: 1938374834 The accepted ledger contains: [1@test.com, 3@test.com, 4@test.com, 5@test.com, 6@test.com]
03-17 15:17:54.224 25610 25728 D RegistrationHandler: 1938374834 The accepted ledger contains: [1@test.com, 3@test.com, 4@test.com, 5@test.com, 6@test.com]
03-17 15:17:54.224 25610 25728 D RegistrationHandler: Received full ledger from 4@test.com with nonce 1938374834
03-17 15:17:54.224 25610 25728 D RegistrationHandler: FULL_LEDGER 1938374834
03-17 15:17:54.224 25610 25728 D RegistrationHandler: ACCEPTED_LEDGER 1938374834 5
03-17 15:17:54.225 25610 25728 D RegistrationHandler: 1938374834 The accepted ledger contains: [1@test.com, 3@test.com, 4@test.com, 5@test.com, 6@test.com]
03-17 15:17:54.308 25610 25730 D MulticastServer: Received request for 4@test.com to send ledger with hash 93fe4a08b23de93401800aadc9fc72f7c1a98a808dc4be8c7137f7c7f1df8662
03-17 15:17:54.411 25610 25730 D MulticastServer: Received request for 4@test.com to send ledger with hash 93fe4a08b23de93401800aadc9fc72f7c1a98a808dc4be8c7137f7c7f1df8662
03-17 15:17:54.706 25610 25730 D MulticastServer: Received request for 4@test.com to send ledger with hash 93fe4a08b23de93401800aadc9fc72f7c1a98a808dc4be8c7137f7c7f1df8662
03-17 15:17:54.816 25610 25729 D MulticastServer: Received request for 4@test.com to send ledger with hash 93fe4a08b23de93401800aadc9fc72f7c1a98a808dc4be8c7137f7c7f1df8662
03-17 15:17:55.120 25610 25763 D MulticastServer: Received request for 4@test.com to send ledger with hash 93fe4a08b23de93401800aadc9fc72f7c1a98a808dc4be8c7137f7c7f1df8662
03-17 15:17:55.188 25610 25761 D MulticastServer: Received request for 3@test.com to send ledger with hash 93fe4a08b23de93401800aadc9fc72f7c1a98a808dc4be8c7137f7c7f1df8662
03-17 15:17:55.501 25610 25763 D MulticastServer: Received request for 4@test.com to send ledger with hash 93fe4a08b23de93401800aadc9fc72f7c1a98a808dc4be8c7137f7c7f1df8662
03-17 15:17:55.595 25610 25763 D MulticastServer: Received request for 3@test.com to send ledger with hash 93fe4a08b23de93401800aadc9fc72f7c1a98a808dc4be8c7137f7c7f1df8662
03-17 15:17:55.704 25610 25763 D MulticastServer: Received request for 3@test.com to send ledger with hash 93fe4a08b23de93401800aadc9fc72f7c1a98a808dc4be8c7137f7c7f1df8662
03-17 15:17:56.003 25610 25763 D MulticastServer: Received request for 3@test.com to send ledger with hash 93fe4a08b23de93401800aadc9fc72f7c1a98a808dc4be8c7137f7c7f1df8662
03-17 15:17:56.106 25610 25763 D MulticastServer: Received request for 3@test.com to send ledger with hash 93fe4a08b23de93401800aadc9fc72f7c1a98a808dc4be8c7137f7c7f1df8662
round 2 of 3
03-17 15:19:37.726  1272  1684 W System.err: java.io.FileNotFoundException: https://play.google.com/store/apps/details?id=com.example.masterproject&hl=en
03-17 15:19:37.726  1272  1684 W System.err: 	at com.android.okhttp.internal.huc.HttpURLConnectionImpl.getInputStream(HttpURLConnectionImpl.java:255)
03-17 15:19:37.726  1272  1684 W System.err: 	at com.android.okhttp.internal.huc.DelegatingHttpsURLConnection.getInputStream(DelegatingHttpsURLConnection.java:211)
03-17 15:19:37.726  1272  1684 W System.err: 	at com.android.okhttp.internal.huc.HttpsURLConnectionImpl.getInputStream(HttpsURLConnectionImpl.java:30)
03-17 15:19:37.726  1272  1684 W System.err: 	at com.samsung.android.server.wifi.tcp.SemWifiTransportLayerUtils.getApplicationCategory(SemWifiTransportLayerUtils.java:103)
03-17 15:19:37.726  1272  1684 W System.err: 	at com.samsung.android.server.wifi.tcp.SemWifiTransportLayerMonitor$TcpMonitorHandler.handleMessage(SemWifiTransportLayerMonitor.java:241)
03-17 15:19:37.726  1272  1684 W System.err: 	at android.os.Handler.dispatchMessage(Handler.java:106)
03-17 15:19:37.726  1272  1684 W System.err: 	at android.os.Looper.loopOnce(Looper.java:226)
03-17 15:19:37.726  1272  1684 W System.err: 	at android.os.Looper.loop(Looper.java:313)
03-17 15:19:37.726  1272  1684 W System.err: 	at android.os.HandlerThread.run(HandlerThread.java:67)
03-17 15:19:38.062 25806 25856 D MulticastServer: MULTICAST_SERVER_LISTENING
03-17 15:19:38.065 25806 25858 D MulticastServer: Registration process started with nonce 1850144237
03-17 15:19:38.069 25806 25862 D MulticastClient: REQUEST_LEDGER 1850144237
03-17 15:19:38.074 25806 25862 D MulticastClient: Sent messages: [{"sender":"","payload":"","mt":"REQUEST_LEDGER","sig":"","nonce":1850144237,"seq":0,"tot":0}]
03-17 15:19:38.213 25806 25857 D RegistrationHandler: Has received 1 of 5 fragments from 6@test.com
03-17 15:19:38.244 25806 25857 D RegistrationHandler: Has received 2 of 5 from 6@test.com
03-17 15:19:38.249 25806 25857 D RegistrationHandler: Has received 3 of 5 from 6@test.com
03-17 15:19:38.255 25806 25857 D RegistrationHandler: Has received 4 of 5 from 6@test.com
03-17 15:19:38.261 25806 25857 D RegistrationHandler: 1850144237 Received hash from 4@test.com: 93fe4a08b23de93401800aadc9fc72f7c1a98a808dc4be8c7137f7c7f1df8662
03-17 15:19:38.271 25806 25857 D RegistrationHandler: Has received 1 of 5 fragments from 5@test.com
03-17 15:19:38.276 25806 25857 D RegistrationHandler: Has received 2 of 5 from 5@test.com
03-17 15:19:38.283 25806 25857 D RegistrationHandler: Has received 3 of 5 from 5@test.com
03-17 15:19:38.291 25806 25857 D RegistrationHandler: Has received 4 of 5 from 5@test.com
03-17 15:19:38.295 25806 25857 D RegistrationHandler: Has received 5 of 5 from 5@test.com
03-17 15:19:38.304 25806 25857 D RegistrationHandler: Received full ledger from 5@test.com with nonce 1850144237
03-17 15:19:38.304 25806 25857 D RegistrationHandler: FULL_LEDGER 1850144237
03-17 15:19:38.307 25806 25857 D RegistrationHandler: 1850144237 Received hash from 3@test.com: 93fe4a08b23de93401800aadc9fc72f7c1a98a808dc4be8c7137f7c7f1df8662
03-17 15:19:38.407 25806 25857 D RegistrationHandler: 1850144237 Received hash from 1@test.com: 93fe4a08b23de93401800aadc9fc72f7c1a98a808dc4be8c7137f7c7f1df8662
03-17 15:19:38.621 25806 25857 D RegistrationHandler: Has received 4 of 5 fragments from 6@test.com
03-17 15:19:38.627 25806 25876 D RegistrationHandler: Has received 5 of 5 from 6@test.com
03-17 15:19:38.629 25806 25865 D RegistrationHandler: Has received 5 of 5 from 6@test.com
03-17 15:19:38.633 25806 25885 D RegistrationHandler: Has received 5 of 5 from 6@test.com
03-17 15:19:38.640 25806 25865 D RegistrationHandler: Received full ledger from 6@test.com with nonce 1850144237
03-17 15:19:38.640 25806 25865 D RegistrationHandler: FULL_LEDGER 1850144237
03-17 15:19:38.640 25806 25884 D RegistrationHandler: Has received 5 of 5 from 6@test.com
03-17 15:19:38.644 25806 25857 D RegistrationHandler: Received full ledger from 6@test.com with nonce 1850144237
03-17 15:19:38.644 25806 25857 D RegistrationHandler: FULL_LEDGER 1850144237
03-17 15:19:38.646 25806 25876 D RegistrationHandler: Received full ledger from 6@test.com with nonce 1850144237
03-17 15:19:38.646 25806 25876 D RegistrationHandler: FULL_LEDGER 1850144237
03-17 15:19:38.649 25806 25885 D RegistrationHandler: Received full ledger from 6@test.com with nonce 1850144237
03-17 15:19:38.649 25806 25885 D RegistrationHandler: FULL_LEDGER 1850144237
03-17 15:19:38.652 25806 25885 D RegistrationHandler: Has received 5 of 5 fragments from 5@test.com
03-17 15:19:38.652 25806 25884 D RegistrationHandler: Received full ledger from 6@test.com with nonce 1850144237
03-17 15:19:38.652 25806 25884 D RegistrationHandler: FULL_LEDGER 1850144237
03-17 15:19:39.052 25806 25884 D RegistrationHandler: Has received 5 of 5 fragments from 6@test.com
03-17 15:19:39.070 25806 25884 D RegistrationHandler: Received full ledger from 6@test.com with nonce 1850144237
03-17 15:19:39.070 25806 25884 D RegistrationHandler: FULL_LEDGER 1850144237
03-17 15:19:48.072 25806 25859 D RegistrationHandler: ACCEPTED_LEDGER 1850144237 5
03-17 15:19:48.076 25806 25859 D RegistrationHandler: 1850144237 The accepted ledger contains: [1@test.com, 3@test.com, 4@test.com, 5@test.com, 6@test.com]
03-17 15:19:48.077 25806 25859 D RegistrationHandler: 1850144237 Registration started
03-17 15:19:48.081 25806 25859 D MulticastServer: Registration process finished: 1850144237
03-17 15:19:48.084 25806 25885 D MulticastClient: Sent messages: [{"sender":"2@test.com","payload":"{\"ip\":\"192.168.1.90\",\"cert\":\"MIIBGzCBwqADAgECAgYBf5Lh\/YgwCgYIKoZIzj0EAwIwFTETMBEGA1UEAwwKMkB0ZXN0LmNvbTAeFw0yMjAzMTUxMzE5MThaFw0yNDAzMTYxMzE5MThaMBUxEzARBgNVBAMMCjJAdGVzdC5jb20wWTATBgcqhkjOPQIBBggqhkjOPQMBBwNCAAS+Y1FtdGs8Ucfiq\/zWhVaVn4ZBowDRf+LHkKkDUQijyqT6F1OlcBHKlpSdutzah71G6VCq62b3AWQkp086ORMGMAoGCCqGSM49BAMCA0gAMEUCIHH+qCw7c9P4WGmGxr+Z6u3tdZRz\/XeTlZiocA09UDaoAiEA977yY+pelaDu67wtccznceHBT4wGLWjjfzyxyDdr\/lY=\"}","mt":"BROADCAST_BLOCK","sig":"MEQCIDVK1lASUwDjbKuWW09VxJ2YM9xO6EaTjuQ1ye6AYa+yAiBpVyselbmYzPnufAXur\/U9JLY3D+WY9yl61mBVXSvjhQ==","nonce":1850144237,"seq":0,"tot":0}]
round 3 of 3
03-17 15:21:32.328 25950 25997 D MulticastServer: MULTICAST_SERVER_LISTENING
03-17 15:21:32.333 25950 25999 D MulticastServer: Registration process started with nonce 208475123
03-17 15:21:32.336 25950 26003 D MulticastClient: REQUEST_LEDGER 208475123
03-17 15:21:32.338 25950 26003 D MulticastClient: Sent messages: [{"sender":"","payload":"","mt":"REQUEST_LEDGER","sig":"","nonce":208475123,"seq":0,"tot":0}]
03-17 15:21:32.501 25950 26006 D RegistrationHandler: Has received 1 of 5 fragments from 6@test.com
03-17 15:21:32.502 25950 26004 D RegistrationHandler: Has received 2 of 5 from 6@test.com
03-17 15:21:32.508 25950 26004 D RegistrationHandler: Has received 3 of 5 from 6@test.com
03-17 15:21:32.515 25950 26004 D RegistrationHandler: Has received 4 of 5 from 6@test.com
03-17 15:21:32.519 25950 26004 D RegistrationHandler: Has received 5 of 5 from 6@test.com
03-17 15:21:32.528 25950 26004 D RegistrationHandler: Received full ledger from 6@test.com with nonce 208475123
03-17 15:21:32.528 25950 26004 D RegistrationHandler: FULL_LEDGER 208475123
03-17 15:21:32.529 25950 26006 D RegistrationHandler: Has received 1 of 3 fragments from 4@test.com
03-17 15:21:32.535 25950 26006 D RegistrationHandler: Has received 2 of 3 from 4@test.com
03-17 15:21:32.543 25950 26006 D RegistrationHandler: Has received 3 of 3 from 4@test.com
03-17 15:21:32.547 25950 26004 D RegistrationHandler: 208475123 Received hash from 1@test.com: 93fe4a08b23de93401800aadc9fc72f7c1a98a808dc4be8c7137f7c7f1df8662
03-17 15:21:32.551 25950 26006 D RegistrationHandler: Received full ledger from 4@test.com with nonce 208475123
03-17 15:21:32.551 25950 26006 D RegistrationHandler: FULL_LEDGER 208475123
03-17 15:21:32.560 25950 26006 D RegistrationHandler: Has received 1 of 5 fragments from 5@test.com
03-17 15:21:32.571 25950 26006 D RegistrationHandler: Has received 2 of 5 from 5@test.com
03-17 15:21:32.579 25950 26006 D RegistrationHandler: Has received 3 of 5 from 5@test.com
03-17 15:21:32.587 25950 26006 D RegistrationHandler: Has received 4 of 5 from 5@test.com
03-17 15:21:32.594 25950 26006 D RegistrationHandler: 208475123 Received hash from 3@test.com: 93fe4a08b23de93401800aadc9fc72f7c1a98a808dc4be8c7137f7c7f1df8662
03-17 15:21:32.910 25950 26004 D RegistrationHandler: Has received 5 of 5 fragments from 6@test.com
03-17 15:21:32.968 25950 26004 D RegistrationHandler: Has received 4 of 5 fragments from 5@test.com
03-17 15:21:32.987 25950 26004 D RegistrationHandler: Has received 4 of 5 from 5@test.com
03-17 15:21:33.363 25950 26004 D RegistrationHandler: Has received 4 of 5 fragments from 5@test.com
03-17 15:21:33.405 25950 26004 D RegistrationHandler: Has received 4 of 5 from 5@test.com
03-17 15:21:33.406 25950 26006 D RegistrationHandler: Has received 4 of 5 from 5@test.com
03-17 15:21:33.416 25950 26006 D RegistrationHandler: Has received 4 of 5 from 5@test.com
03-17 15:21:42.342 25950 26000 D RegistrationHandler: ACCEPTED_LEDGER 208475123 5
03-17 15:21:42.346 25950 26000 D RegistrationHandler: 208475123 The accepted ledger contains: [1@test.com, 3@test.com, 4@test.com, 5@test.com, 6@test.com]
03-17 15:21:42.347 25950 26000 D RegistrationHandler: 208475123 Registration started
03-17 15:21:42.352 25950 26000 D MulticastServer: Registration process finished: 208475123
03-17 15:21:42.363 25950 26006 D MulticastClient: Sent messages: [{"sender":"2@test.com","payload":"{\"ip\":\"192.168.1.90\",\"cert\":\"MIIBGzCBwqADAgECAgYBf5Lh\/YgwCgYIKoZIzj0EAwIwFTETMBEGA1UEAwwKMkB0ZXN0LmNvbTAeFw0yMjAzMTUxMzE5MThaFw0yNDAzMTYxMzE5MThaMBUxEzARBgNVBAMMCjJAdGVzdC5jb20wWTATBgcqhkjOPQIBBggqhkjOPQMBBwNCAAS+Y1FtdGs8Ucfiq\/zWhVaVn4ZBowDRf+LHkKkDUQijyqT6F1OlcBHKlpSdutzah71G6VCq62b3AWQkp086ORMGMAoGCCqGSM49BAMCA0gAMEUCIHH+qCw7c9P4WGmGxr+Z6u3tdZRz\/XeTlZiocA09UDaoAiEA977yY+pelaDu67wtccznceHBT4wGLWjjfzyxyDdr\/lY=\"}","mt":"BROADCAST_BLOCK","sig":"MEQCIHwf1oMulSxmDb4xI0FDy63y1UcyPweGOiMN9wO9XA9zAiBf5q4f1p9hmAj\/OnihlUtdrFvLnEzcG6y9w+HzGoyhkg==","nonce":208475123,"seq":0,"tot":0}]
