03-16 14:41:47.248 24349 24405 D MulticastClient: Sent messages: [{"sender":"2@test.com","payload":"{\"ip\":\"192.168.1.90\",\"cert\":\"MIIBGzCBwqADAgECAgYBf5Lh\/YgwCgYIKoZIzj0EAwIwFTETMBEGA1UEAwwKMkB0ZXN0LmNvbTAeFw0yMjAzMTUxMzE5MThaFw0yNDAzMTYxMzE5MThaMBUxEzARBgNVBAMMCjJAdGVzdC5jb20wWTATBgcqhkjOPQIBBggqhkjOPQMBBwNCAAS+Y1FtdGs8Ucfiq\/zWhVaVn4ZBowDRf+LHkKkDUQijyqT6F1OlcBHKlpSdutzah71G6VCq62b3AWQkp086ORMGMAoGCCqGSM49BAMCA0gAMEUCIHH+qCw7c9P4WGmGxr+Z6u3tdZRz\/XeTlZiocA09UDaoAiEA977yY+pelaDu67wtccznceHBT4wGLWjjfzyxyDdr\/lY=\"}","mt":"BROADCAST_BLOCK","sig":"MEYCIQDqr03OtNrWGm6VE9K\/FKu4O0aIZaApZnOtz8A4O8NtrgIhANATqGATDXJm9HMAUgUyNz3QBkrXRLFGFsah5QIR+nT7","nonce":842423883,"seq":0,"tot":0}]
03-16 14:41:47.326 24349 24436 D RegistrationHandler: FULL_LEDGER 189358575
03-16 14:41:47.335 24349 24436 D MulticastServer: Registration process started with nonce: 2146547568
03-16 14:41:47.377 24349 24436 D RegistrationHandler: FULL_LEDGER 324219257
03-16 14:41:47.408 24349 24436 D RegistrationHandler: FULL_LEDGER 982352660
03-16 14:41:47.449 24349 24436 D MulticastServer: Received request for 1@test.com to send ledger with hash ebc2d79deb8acdf3834d685804ac4660b2b01356e5e6c77ab7f0b16d64372396
03-16 14:41:47.450 24349 24439 D MulticastServer: Received request for 1@test.com to send ledger with hash ebc2d79deb8acdf3834d685804ac4660b2b01356e5e6c77ab7f0b16d64372396
03-16 14:41:47.453 24349 24408 D MulticastServer: Received request for 1@test.com to send ledger with hash ebc2d79deb8acdf3834d685804ac4660b2b01356e5e6c77ab7f0b16d64372396
03-16 14:41:47.546 24349 24425 D MulticastServer: Registration process started with nonce: 1726119584
03-16 14:41:47.548 24349 24436 D MulticastServer: Received request for 1@test.com to send ledger with hash ebc2d79deb8acdf3834d685804ac4660b2b01356e5e6c77ab7f0b16d64372396
03-16 14:41:47.556 24349 24439 D RegistrationHandler: FULL_LEDGER 334297199
03-16 14:41:47.577 24349 24439 D RegistrationHandler: FULL_LEDGER 1726119584
03-16 14:41:47.604 24349 24439 D MulticastServer: Received request for 1@test.com to send ledger with hash ebc2d79deb8acdf3834d685804ac4660b2b01356e5e6c77ab7f0b16d64372396
03-16 14:41:47.672 24349 24408 D MulticastServer: Received request for 1@test.com to send ledger with hash ebc2d79deb8acdf3834d685804ac4660b2b01356e5e6c77ab7f0b16d64372396
03-16 14:41:47.684 24349 24425 D MulticastServer: Registration process started with nonce: 68403725
03-16 14:41:47.713 24349 24425 D RegistrationHandler: FULL_LEDGER 68403725
03-16 14:41:47.747 24349 24425 D RegistrationHandler: FULL_LEDGER 334297199
03-16 14:41:47.763 24349 24425 D MulticastServer: Registration process started with nonce: 363694794
03-16 14:41:47.790 24349 24425 D RegistrationHandler: FULL_LEDGER 363694794
03-16 14:41:47.861 24349 24439 D MulticastServer: Received request for 1@test.com to send ledger with hash ebc2d79deb8acdf3834d685804ac4660b2b01356e5e6c77ab7f0b16d64372396
03-16 14:41:47.867 24349 24425 D MulticastServer: Received request for 1@test.com to send ledger with hash ebc2d79deb8acdf3834d685804ac4660b2b01356e5e6c77ab7f0b16d64372396
03-16 14:41:47.872 24349 24408 D MulticastServer: Received request for 1@test.com to send ledger with hash ebc2d79deb8acdf3834d685804ac4660b2b01356e5e6c77ab7f0b16d64372396
03-16 14:41:48.068 24349 24405 D RegistrationHandler: FULL_LEDGER 334297199
03-16 14:41:48.134 24349 24405 D MulticastServer: Received request for 1@test.com to send ledger with hash ebc2d79deb8acdf3834d685804ac4660b2b01356e5e6c77ab7f0b16d64372396
03-16 14:41:48.136 24349 24439 D MulticastServer: Received request for 1@test.com to send ledger with hash ebc2d79deb8acdf3834d685804ac4660b2b01356e5e6c77ab7f0b16d64372396
03-16 14:41:48.138 24349 24439 D MulticastServer: Received request for 1@test.com to send ledger with hash ebc2d79deb8acdf3834d685804ac4660b2b01356e5e6c77ab7f0b16d64372396
03-16 14:41:48.156 24349 24439 D MulticastServer: Received request for 1@test.com to send ledger with hash ebc2d79deb8acdf3834d685804ac4660b2b01356e5e6c77ab7f0b16d64372396
03-16 14:41:48.157 24349 24405 D MulticastServer: Received request for 1@test.com to send ledger with hash ebc2d79deb8acdf3834d685804ac4660b2b01356e5e6c77ab7f0b16d64372396
03-16 14:41:48.221 24349 24405 D RegistrationHandler: FULL_LEDGER 2146547568
03-16 14:41:48.228 24349 24408 D RegistrationHandler: FULL_LEDGER 2146547568
03-16 14:41:48.232 24349 24439 D RegistrationHandler: FULL_LEDGER 2146547568
03-16 14:41:48.232 24349 24405 D RegistrationHandler: FULL_LEDGER 334297199
03-16 14:41:48.369 24349 24405 D MulticastServer: Registration process started with nonce: 343403736
03-16 14:41:48.403 24349 24405 D MulticastServer: Received request for 1@test.com to send ledger with hash ebc2d79deb8acdf3834d685804ac4660b2b01356e5e6c77ab7f0b16d64372396
03-16 14:41:48.411 24349 24405 D MulticastServer: Registration process started with nonce: 1881280375
03-16 14:41:48.426 24349 24405 D MulticastServer: Received request for 1@test.com to send ledger with hash ebc2d79deb8acdf3834d685804ac4660b2b01356e5e6c77ab7f0b16d64372396
03-16 14:41:48.450 24349 24425 D RegistrationHandler: FULL_LEDGER 334297199
03-16 14:41:48.575 24349 24405 D MulticastServer: Received request for 1@test.com to send ledger with hash ebc2d79deb8acdf3834d685804ac4660b2b01356e5e6c77ab7f0b16d64372396
03-16 14:41:48.578 24349 24425 D MulticastServer: Received request for 1@test.com to send ledger with hash ebc2d79deb8acdf3834d685804ac4660b2b01356e5e6c77ab7f0b16d64372396
03-16 14:41:48.581 24349 24425 D MulticastServer: Received request for 1@test.com to send ledger with hash ebc2d79deb8acdf3834d685804ac4660b2b01356e5e6c77ab7f0b16d64372396
03-16 14:41:48.841 24349 24425 D RegistrationHandler: FULL_LEDGER 1881280375
03-16 14:41:49.216 24349 24405 D MulticastServer: Received request for 1@test.com to send ledger with hash ebc2d79deb8acdf3834d685804ac4660b2b01356e5e6c77ab7f0b16d64372396
03-16 14:41:49.327 24349 24408 D MulticastServer: Registration process started with nonce: 1275697737
03-16 14:41:49.359 24349 24408 D RegistrationHandler: FULL_LEDGER 1275697737
03-16 14:41:49.364 24349 24408 D MulticastServer: Registration process started with nonce: 1824087958
03-16 14:41:49.386 24349 24405 D MulticastServer: Received request for 1@test.com to send ledger with hash ebc2d79deb8acdf3834d685804ac4660b2b01356e5e6c77ab7f0b16d64372396
03-16 14:41:49.391 24349 24425 D RegistrationHandler: FULL_LEDGER 1824087958
03-16 14:41:49.395 24349 24425 D MulticastServer: Registration process started with nonce: 1887282107
03-16 14:41:49.422 24349 24425 D RegistrationHandler: FULL_LEDGER 1887282107
03-16 14:41:49.664 24349 24425 D MulticastServer: Registration process started with nonce: 1671236830
03-16 14:41:49.699 24349 24425 D RegistrationHandler: FULL_LEDGER 1671236830
03-16 14:41:49.710 24349 24425 D MulticastServer: Registration process started with nonce: 1367278172
03-16 14:41:49.757 24349 24425 D RegistrationHandler: FULL_LEDGER 1367278172
03-16 14:41:50.373 24349 24468 D MulticastServer: Registration process finished: 343403736
03-16 14:41:51.483 24349 24408 D MulticastServer: Registration process started with nonce: 1542702906
03-16 14:41:51.486 24349 24408 D MulticastServer: Received request for ledger with nonce: 1542702906.
03-16 14:41:51.496 24349 24408 D MulticastClient: Sent messages: [{"sender":"{\"ip\":\"192.168.1.90\",\"cert\":\"MIIBGzCBwqADAgECAgYBf5Lh\/YgwCgYIKoZIzj0EAwIwFTETMBEGA1UEAwwKMkB0ZXN0LmNvbTAeFw0yMjAzMTUxMzE5MThaFw0yNDAzMTYxMzE5MThaMBUxEzARBgNVBAMMCjJAdGVzdC5jb20wWTATBgcqhkjOPQIBBggqhkjOPQMBBwNCAAS+Y1FtdGs8Ucfiq\/zWhVaVn4ZBowDRf+LHkKkDUQijyqT6F1OlcBHKlpSdutzah71G6VCq62b3AWQkp086ORMGMAoGCCqGSM49BAMCA0gAMEUCIHH+qCw7c9P4WGmGxr+Z6u3tdZRz\/XeTlZiocA09UDaoAiEA977yY+pelaDu67wtccznceHBT4wGLWjjfzyxyDdr\/lY=\"}","payload":"{\"ip\":\"192.168.1.90\",\"cert\":\"MIIBGzCBwqADAgECAgYBf5Lh\/YgwCgYIKoZIzj0EAwIwFTETMBEGA1UEAwwKMkB0ZXN0LmNvbTAeFw0yMjAzMTUxMzE5MThaFw0yNDAzMTYxMzE5MThaMBUxEzARBgNVBAMMCjJAdGVzdC5jb20wWTATBgcqhkjOPQIBBggqhkjOPQMBBwNCAAS+Y1FtdGs8Ucfiq\/zWhVaVn4ZBowDRf+LHkKkDUQijyqT6F1OlcBHKlpSdutzah71G6VCq62b3AWQkp086ORMGMAoGCCqGSM49BAMCA0gAMEUCIHH+qCw7c9P4WGmGxr+Z6u3tdZRz\/XeTlZiocA09UDaoAiEA977yY+pelaDu67wtccznceHBT4wGLWjjfzyxyDdr\/lY=\"}","mt":"FULL_LEDGER","sig":"MEYCIQC9nYqxO7pSzawRjoLRo2yUHm5LetefuhYUu3BgKHMiKwIhAJuUfivB4mK3xP9vLHPqqZHqbRsaeEKhIq3cA78Lckd2","nonce":1542702906,"seq":0,"tot":0}]
03-16 14:41:51.551 24349 24439 D MulticastServer: Received hash from 1@test.com: 4d4c12426cda9ee1d2f2fd15aa254a5754b3a1988173a7184db0dc1e3b44751a
03-16 14:41:51.615 24349 24439 D MulticastServer: Received hash from 3@test.com: 4d4c12426cda9ee1d2f2fd15aa254a5754b3a1988173a7184db0dc1e3b44751a
03-16 14:41:51.943 24349 24439 D MulticastServer: Received hash from 1@test.com: 4d4c12426cda9ee1d2f2fd15aa254a5754b3a1988173a7184db0dc1e3b44751a
03-16 14:41:51.979 24349 24425 D RegistrationHandler: FULL_LEDGER 1542702906
03-16 14:41:52.352 24349 24439 D MulticastServer: Received hash from 1@test.com: 4d4c12426cda9ee1d2f2fd15aa254a5754b3a1988173a7184db0dc1e3b44751a
03-16 14:41:52.428 24349 24439 D RegistrationHandler: FULL_LEDGER 1542702906
03-16 14:41:52.430 24349 24408 D RegistrationHandler: FULL_LEDGER 1542702906
03-16 14:41:52.446 24349 24405 D RegistrationHandler: FULL_LEDGER 1542702906
03-16 14:41:56.020 24349 24426 D RegistrationHandler: ACCEPTED_LEDGER 694068306 4
03-16 14:41:56.023 24349 24426 D MulticastServer: Registration process finished: 694068306
03-16 14:41:56.072 24349 24429 D RegistrationHandler: ACCEPTED_LEDGER 189358575 4
03-16 14:41:56.073 24349 24429 D MulticastServer: Registration process finished: 189358575
03-16 14:41:56.154 24349 24434 D RegistrationHandler: ACCEPTED_LEDGER 170680750 4
03-16 14:41:56.155 24349 24434 D MulticastServer: Registration process finished: 170680750
03-16 14:41:56.179 24349 24440 D RegistrationHandler: ACCEPTED_LEDGER 324219257 4
03-16 14:41:56.180 24349 24440 D MulticastServer: Registration process finished: 324219257
03-16 14:41:56.183 24349 24443 D RegistrationHandler: ACCEPTED_LEDGER 1182224535 4
03-16 14:41:56.183 24349 24443 D MulticastServer: Registration process finished: 1182224535
03-16 14:41:56.294 24349 24446 D RegistrationHandler: ACCEPTED_LEDGER 1208290700 4
03-16 14:41:56.296 24349 24446 D MulticastServer: Registration process finished: 1208290700
03-16 14:41:56.530 24349 24449 D RegistrationHandler: ACCEPTED_LEDGER 334297199 4
03-16 14:41:56.531 24349 24449 D MulticastServer: Registration process finished: 334297199
03-16 14:41:56.885 24349 24452 D RegistrationHandler: ACCEPTED_LEDGER 982352660 4
03-16 14:41:56.886 24349 24452 D MulticastServer: Registration process finished: 982352660
03-16 14:41:57.340 24349 24455 D RegistrationHandler: ACCEPTED_LEDGER 2146547568 4
03-16 14:41:57.341 24349 24455 D MulticastServer: Registration process finished: 2146547568
03-16 14:41:57.551 24349 24458 D RegistrationHandler: ACCEPTED_LEDGER 1726119584 4
03-16 14:41:57.553 24349 24458 D MulticastServer: Registration process finished: 1726119584
03-16 14:41:57.689 24349 24461 D RegistrationHandler: ACCEPTED_LEDGER 68403725 4
03-16 14:41:57.690 24349 24461 D MulticastServer: Registration process finished: 68403725
03-16 14:41:57.767 24349 24464 D RegistrationHandler: ACCEPTED_LEDGER 363694794 4
03-16 14:41:57.768 24349 24464 D MulticastServer: Registration process finished: 363694794
03-16 14:41:58.417 24349 24470 D RegistrationHandler: ACCEPTED_LEDGER 1881280375 4
03-16 14:41:58.419 24349 24470 D MulticastServer: Registration process finished: 1881280375
03-16 14:41:59.332 24349 24473 D RegistrationHandler: ACCEPTED_LEDGER 1275697737 4
03-16 14:41:59.333 24349 24473 D MulticastServer: Registration process finished: 1275697737
03-16 14:41:59.367 24349 24476 D RegistrationHandler: ACCEPTED_LEDGER 1824087958 4
03-16 14:41:59.369 24349 24476 D MulticastServer: Registration process finished: 1824087958
03-16 14:41:59.399 24349 24479 D RegistrationHandler: ACCEPTED_LEDGER 1887282107 4
03-16 14:41:59.402 24349 24479 D MulticastServer: Registration process finished: 1887282107
03-16 14:41:59.669 24349 24482 D RegistrationHandler: ACCEPTED_LEDGER 1671236830 4
03-16 14:41:59.671 24349 24482 D MulticastServer: Registration process finished: 1671236830
03-16 14:41:59.715 24349 24485 D RegistrationHandler: ACCEPTED_LEDGER 1367278172 4
03-16 14:41:59.716 24349 24485 D MulticastServer: Registration process finished: 1367278172
03-16 14:42:01.058 24349 24405 D MulticastServer: Received request for 3@test.com to send ledger with hash 4d4c12426cda9ee1d2f2fd15aa254a5754b3a1988173a7184db0dc1e3b44751a
03-16 14:42:01.060 24349 24408 D MulticastServer: Received request for 3@test.com to send ledger with hash 4d4c12426cda9ee1d2f2fd15aa254a5754b3a1988173a7184db0dc1e3b44751a
03-16 14:42:01.158 24349 24405 D MulticastServer: Registration process started with nonce: 591894055
03-16 14:42:01.163 24349 24405 D MulticastServer: Registration process started with nonce: 142019976
03-16 14:42:01.248 24349 24405 D RegistrationHandler: FULL_LEDGER 591894055
03-16 14:42:01.248 24349 24408 D RegistrationHandler: FULL_LEDGER 142019976
03-16 14:42:01.362 24349 24408 D MulticastServer: Received request for 3@test.com to send ledger with hash 4d4c12426cda9ee1d2f2fd15aa254a5754b3a1988173a7184db0dc1e3b44751a
03-16 14:42:01.489 24349 24488 D RegistrationHandler: ACCEPTED_LEDGER 1542702906 5
03-16 14:42:01.490 24349 24488 D MulticastServer: Registration process finished: 1542702906
03-16 14:42:01.554 24349 24408 D MulticastServer: Received request for 3@test.com to send ledger with hash 4d4c12426cda9ee1d2f2fd15aa254a5754b3a1988173a7184db0dc1e3b44751a
03-16 14:42:01.698 24349 24405 D MulticastServer: Registration process started with nonce: 1357431139
03-16 14:42:01.699 24349 24408 D MulticastServer: Registration process started with nonce: 1357431139
03-16 14:42:01.764 24349 24408 D MulticastServer: Received request for 3@test.com to send ledger with hash 4d4c12426cda9ee1d2f2fd15aa254a5754b3a1988173a7184db0dc1e3b44751a
03-16 14:42:01.770 24349 24405 D MulticastServer: Received request for 3@test.com to send ledger with hash 4d4c12426cda9ee1d2f2fd15aa254a5754b3a1988173a7184db0dc1e3b44751a
03-16 14:42:01.944 24349 24425 D MulticastServer: Received request for 3@test.com to send ledger with hash 4d4c12426cda9ee1d2f2fd15aa254a5754b3a1988173a7184db0dc1e3b44751a
03-16 14:42:02.141 24349 24405 D RegistrationHandler: FULL_LEDGER 1357431139
03-16 14:42:02.148 24349 24425 D RegistrationHandler: FULL_LEDGER 1357431139
03-16 14:42:02.179 24349 24425 D MulticastServer: Registration process started with nonce: 758712147
03-16 14:42:02.443 24349 24425 D MulticastServer: Received request for 3@test.com to send ledger with hash 4d4c12426cda9ee1d2f2fd15aa254a5754b3a1988173a7184db0dc1e3b44751a
03-16 14:42:02.444 24349 24425 D MulticastServer: Received request for 1@test.com to send ledger with hash 4d4c12426cda9ee1d2f2fd15aa254a5754b3a1988173a7184db0dc1e3b44751a
03-16 14:42:02.504 24349 24425 D RegistrationHandler: FULL_LEDGER 1357431139
03-16 14:42:02.535 24349 24425 D RegistrationHandler: FULL_LEDGER 1357431139
03-16 14:42:02.557 24349 24425 D MulticastServer: Broadcast block received {"ip":"192.168.1.97","cert":"MIIBHDCBwqADAgECAgYBf5Ll+aQwCgYIKoZIzj0EAwIwFTETMBEGA1UEAwwKNUB0ZXN0LmNvbTAeFw0yMjAzMTUxMzIzMzlaFw0yNDAzMTYxMzIzMzlaMBUxEzARBgNVBAMMCjVAdGVzdC5jb20wWTATBgcqhkjOPQIBBggqhkjOPQMBBwNCAAS9OhThI4D6g/iEXxfGklrIeXd9Z0M+diiJ9ljAgsIg42aeRti+qPdLXU1/D9cRSqQkfwr3bPWV3oF684Iqni4MMAoGCCqGSM49BAMCA0kAMEYCIQDvSgAgKBB22Z/ooyqUg64EcQUigPLpb+EEue5bwGydWgIhAKus7fYnj5hLAUwnPrCw9vZZ/j2+Hst7+b4ASLL75Nl9"}
03-16 14:42:02.596 24349 24425 D RegistrationHandler: FULL_LEDGER 1357431139
03-16 14:42:02.644 24349 24425 D RegistrationHandler: FULL_LEDGER 758712147
03-16 14:42:02.788 24349 24425 D MulticastServer: Received request for 1@test.com to send ledger with hash 4d4c12426cda9ee1d2f2fd15aa254a5754b3a1988173a7184db0dc1e3b44751a
03-16 14:42:02.915 24349 24425 D RegistrationHandler: FULL_LEDGER 1357431139
03-16 14:42:02.931 24349 24425 D MulticastServer: Broadcast block received {"ip":"192.168.1.97","cert":"MIIBHDCBwqADAgECAgYBf5Ll+aQwCgYIKoZIzj0EAwIwFTETMBEGA1UEAwwKNUB0ZXN0LmNvbTAeFw0yMjAzMTUxMzIzMzlaFw0yNDAzMTYxMzIzMzlaMBUxEzARBgNVBAMMCjVAdGVzdC5jb20wWTATBgcqhkjOPQIBBggqhkjOPQMBBwNCAAS9OhThI4D6g/iEXxfGklrIeXd9Z0M+diiJ9ljAgsIg42aeRti+qPdLXU1/D9cRSqQkfwr3bPWV3oF684Iqni4MMAoGCCqGSM49BAMCA0kAMEYCIQDvSgAgKBB22Z/ooyqUg64EcQUigPLpb+EEue5bwGydWgIhAKus7fYnj5hLAUwnPrCw9vZZ/j2+Hst7+b4ASLL75Nl9"}
03-16 14:42:03.014 24349 24408 D RegistrationHandler: FULL_LEDGER 1357431139
03-16 14:42:03.430 24349 24408 D RegistrationHandler: FULL_LEDGER 1357431139
03-16 14:42:03.703 24349 24498 D MulticastServer: Registration process finished: 1357431139
round 9 of 10
03-16 14:43:10.850 24534 24581 D MulticastServer: MULTICAST_SERVER_LISTENING
03-16 14:43:10.852 24534 24583 D MulticastServer: Registration process started with nonce: 252263798
03-16 14:43:10.854 24534 24587 D MulticastClient: REQUEST_LEDGER 252263798
03-16 14:43:10.856 24534 24587 D MulticastClient: Sent messages: [{"sender":"","payload":"","mt":"REQUEST_LEDGER","sig":"","nonce":252263798,"seq":0,"tot":0}]
03-16 14:43:10.991 24534 24588 D MulticastServer: Received hash from 1@test.com: ebc2d79deb8acdf3834d685804ac4660b2b01356e5e6c77ab7f0b16d64372396
03-16 14:43:11.027 24534 24588 D RegistrationHandler: FULL_LEDGER 252263798
03-16 14:43:11.047 24534 24588 D RegistrationHandler: FULL_LEDGER 252263798
03-16 14:43:11.049 24534 24588 D MulticastServer: Received hash from 3@test.com: ebc2d79deb8acdf3834d685804ac4660b2b01356e5e6c77ab7f0b16d64372396
03-16 14:43:11.400 24534 24590 D MulticastServer: Received hash from 1@test.com: ebc2d79deb8acdf3834d685804ac4660b2b01356e5e6c77ab7f0b16d64372396
03-16 14:43:11.463 24534 24588 D MulticastServer: Received hash from 3@test.com: ebc2d79deb8acdf3834d685804ac4660b2b01356e5e6c77ab7f0b16d64372396
03-16 14:43:11.817 24534 24588 D MulticastServer: Received hash from 1@test.com: ebc2d79deb8acdf3834d685804ac4660b2b01356e5e6c77ab7f0b16d64372396
03-16 14:43:11.873 24534 24590 D MulticastServer: Received hash from 3@test.com: ebc2d79deb8acdf3834d685804ac4660b2b01356e5e6c77ab7f0b16d64372396
03-16 14:43:20.858 24534 24584 D RegistrationHandler: ACCEPTED_LEDGER 252263798 4
03-16 14:43:20.861 24534 24584 D RegistrationHandler: 252263798 Registration started
03-16 14:43:20.865 24534 24584 D MulticastServer: Registration process finished: 252263798
03-16 14:43:20.869 24534 24590 D MulticastClient: Sent messages: [{"sender":"2@test.com","payload":"{\"ip\":\"192.168.1.90\",\"cert\":\"MIIBGzCBwqADAgECAgYBf5Lh\/YgwCgYIKoZIzj0EAwIwFTETMBEGA1UEAwwKMkB0ZXN0LmNvbTAeFw0yMjAzMTUxMzE5MThaFw0yNDAzMTYxMzE5MThaMBUxEzARBgNVBAMMCjJAdGVzdC5jb20wWTATBgcqhkjOPQIBBggqhkjOPQMBBwNCAAS+Y1FtdGs8Ucfiq\/zWhVaVn4ZBowDRf+LHkKkDUQijyqT6F1OlcBHKlpSdutzah71G6VCq62b3AWQkp086ORMGMAoGCCqGSM49BAMCA0gAMEUCIHH+qCw7c9P4WGmGxr+Z6u3tdZRz\/XeTlZiocA09UDaoAiEA977yY+pelaDu67wtccznceHBT4wGLWjjfzyxyDdr\/lY=\"}","mt":"BROADCAST_BLOCK","sig":"MEYCIQDdYGx7CvvKH1SNDaAUmnFnzq0CUruRmp3fuwgLulKNfwIhAPxxCs\/QqU150UsAC7RrkdL\/5YtDpPdh2gEZsT1eq+5Z","nonce":252263798,"seq":0,"tot":0}]
03-16 14:43:26.354 24534 24590 D MulticastServer: Registration process started with nonce: 126280559
03-16 14:43:26.358 24534 24590 D MulticastServer: Received request for ledger with nonce: 126280559.
03-16 14:43:26.390 24534 24590 D MulticastClient: Sent messages: [{"sender":"{\"ip\":\"192.168.1.90\",\"cert\":\"MIIBGzCBwqADAgECAgYBf5Lh\/YgwCgYIKoZIzj0EAwIwFTETMBEGA1UEAwwKMkB0ZXN0LmNvbTAeFw0yMjAzMTUxMzE5MThaFw0yNDAzMTYxMzE5MThaMBUxEzARBgNVBAMMCjJAdGVzdC5jb20wWTATBgcqhkjOPQIBBggqhkjOPQMBBwNCAAS+Y1FtdGs8Ucfiq\/zWhVaVn4ZBowDRf+LHkKkDUQijyqT6F1OlcBHKlpSdutzah71G6VCq62b3AWQkp086ORMGMAoGCCqGSM49BAMCA0gAMEUCIHH+qCw7c9P4WGmGxr+Z6u3tdZRz\/XeTlZiocA09UDaoAiEA977yY+pelaDu67wtccznceHBT4wGLWjjfzyxyDdr\/lY=\"}","payload":"4d4c12426cda9ee1d2f2fd15aa254a5754b3a1988173a7184db0dc1e3b44751a","mt":"LEDGER_HASH","sig":"MEUCIG5g8OfYb7AzmqqKzotKltT8s6vLcnHKB+bobZSwzR+RAiEAuPSQ7M4DxdCICd+qpnN+m3VJbZylCyQHtQiQLRx3QDU=","nonce":126280559,"seq":0,"tot":0}]
03-16 14:43:26.552 24534 24620 D MulticastServer: Received hash from 3@test.com: 4d4c12426cda9ee1d2f2fd15aa254a5754b3a1988173a7184db0dc1e3b44751a
03-16 14:43:26.558 24534 24587 D RegistrationHandler: FULL_LEDGER 126280559
03-16 14:43:26.901 24534 24587 D MulticastServer: Received hash from 1@test.com: 4d4c12426cda9ee1d2f2fd15aa254a5754b3a1988173a7184db0dc1e3b44751a
03-16 14:43:26.909 24534 24620 D RegistrationHandler: FULL_LEDGER 126280559
03-16 14:43:26.919 24534 24587 D RegistrationHandler: FULL_LEDGER 126280559
03-16 14:43:26.953 24534 24587 D MulticastServer: Received hash from 3@test.com: 4d4c12426cda9ee1d2f2fd15aa254a5754b3a1988173a7184db0dc1e3b44751a
03-16 14:43:27.281 24534 24590 D MulticastServer: Received hash from 1@test.com: 4d4c12426cda9ee1d2f2fd15aa254a5754b3a1988173a7184db0dc1e3b44751a
03-16 14:43:27.317 24534 24590 D MulticastServer: Received hash from 3@test.com: 4d4c12426cda9ee1d2f2fd15aa254a5754b3a1988173a7184db0dc1e3b44751a
03-16 14:43:36.363 24534 24617 D RegistrationHandler: ACCEPTED_LEDGER 126280559 5
03-16 14:43:36.365 24534 24617 D MulticastServer: Registration process finished: 126280559
03-16 14:43:36.395 24534 24587 D MulticastServer: Broadcast block received {"ip":"192.168.1.97","cert":"MIIBHDCBwqADAgECAgYBf5Ll+aQwCgYIKoZIzj0EAwIwFTETMBEGA1UEAwwKNUB0ZXN0LmNvbTAeFw0yMjAzMTUxMzIzMzlaFw0yNDAzMTYxMzIzMzlaMBUxEzARBgNVBAMMCjVAdGVzdC5jb20wWTATBgcqhkjOPQIBBggqhkjOPQMBBwNCAAS9OhThI4D6g/iEXxfGklrIeXd9Z0M+diiJ9ljAgsIg42aeRti+qPdLXU1/D9cRSqQkfwr3bPWV3oF684Iqni4MMAoGCCqGSM49BAMCA0kAMEYCIQDvSgAgKBB22Z/ooyqUg64EcQUigPLpb+EEue5bwGydWgIhAKus7fYnj5hLAUwnPrCw9vZZ/j2+Hst7+b4ASLL75Nl9"}
03-16 14:43:36.802 24534 24587 D MulticastServer: Broadcast block received {"ip":"192.168.1.97","cert":"MIIBHDCBwqADAgECAgYBf5Ll+aQwCgYIKoZIzj0EAwIwFTETMBEGA1UEAwwKNUB0ZXN0LmNvbTAeFw0yMjAzMTUxMzIzMzlaFw0yNDAzMTYxMzIzMzlaMBUxEzARBgNVBAMMCjVAdGVzdC5jb20wWTATBgcqhkjOPQIBBggqhkjOPQMBBwNCAAS9OhThI4D6g/iEXxfGklrIeXd9Z0M+diiJ9ljAgsIg42aeRti+qPdLXU1/D9cRSqQkfwr3bPWV3oF684Iqni4MMAoGCCqGSM49BAMCA0kAMEYCIQDvSgAgKBB22Z/ooyqUg64EcQUigPLpb+EEue5bwGydWgIhAKus7fYnj5hLAUwnPrCw9vZZ/j2+Hst7+b4ASLL75Nl9"}
round 10 of 10
03-16 14:44:46.079 24713 24778 D MulticastServer: MULTICAST_SERVER_LISTENING
03-16 14:44:46.083 24713 24780 D MulticastServer: Registration process started with nonce: 832501796
03-16 14:44:46.086 24713 24779 D MulticastClient: REQUEST_LEDGER 832501796
03-16 14:44:46.087 24713 24779 D MulticastClient: Sent messages: [{"sender":"","payload":"","mt":"REQUEST_LEDGER","sig":"","nonce":832501796,"seq":0,"tot":0}]
03-16 14:44:46.254 24713 24786 D RegistrationHandler: FULL_LEDGER 832501796
03-16 14:44:46.285 24713 24787 D MulticastServer: Received hash from 1@test.com: ebc2d79deb8acdf3834d685804ac4660b2b01356e5e6c77ab7f0b16d64372396
03-16 14:44:46.286 24713 24786 D RegistrationHandler: FULL_LEDGER 832501796
03-16 14:44:46.669 24713 24786 D MulticastServer: Received hash from 1@test.com: ebc2d79deb8acdf3834d685804ac4660b2b01356e5e6c77ab7f0b16d64372396
03-16 14:44:46.771 24713 24786 D MulticastServer: Received hash from 3@test.com: ebc2d79deb8acdf3834d685804ac4660b2b01356e5e6c77ab7f0b16d64372396
03-16 14:44:47.107 24713 24786 D MulticastServer: Received hash from 1@test.com: ebc2d79deb8acdf3834d685804ac4660b2b01356e5e6c77ab7f0b16d64372396
03-16 14:44:47.136 24713 24786 D MulticastServer: Received hash from 3@test.com: ebc2d79deb8acdf3834d685804ac4660b2b01356e5e6c77ab7f0b16d64372396
03-16 14:44:56.091 24713 24781 D RegistrationHandler: ACCEPTED_LEDGER 832501796 4
03-16 14:44:56.094 24713 24781 D RegistrationHandler: 832501796 Registration started
03-16 14:44:56.099 24713 24781 D MulticastServer: Registration process finished: 832501796
03-16 14:44:56.103 24713 24786 D MulticastClient: Sent messages: [{"sender":"2@test.com","payload":"{\"ip\":\"192.168.1.90\",\"cert\":\"MIIBGzCBwqADAgECAgYBf5Lh\/YgwCgYIKoZIzj0EAwIwFTETMBEGA1UEAwwKMkB0ZXN0LmNvbTAeFw0yMjAzMTUxMzE5MThaFw0yNDAzMTYxMzE5MThaMBUxEzARBgNVBAMMCjJAdGVzdC5jb20wWTATBgcqhkjOPQIBBggqhkjOPQMBBwNCAAS+Y1FtdGs8Ucfiq\/zWhVaVn4ZBowDRf+LHkKkDUQijyqT6F1OlcBHKlpSdutzah71G6VCq62b3AWQkp086ORMGMAoGCCqGSM49BAMCA0gAMEUCIHH+qCw7c9P4WGmGxr+Z6u3tdZRz\/XeTlZiocA09UDaoAiEA977yY+pelaDu67wtccznceHBT4wGLWjjfzyxyDdr\/lY=\"}","mt":"BROADCAST_BLOCK","sig":"MEYCIQCyo9Jpi+ncFs54kK3k1MhMr5kVbBggAxNuvy6J7w\/XjAIhAKyHKquGFhwOsHkyY4nMVeugSALGOsxNDbhN35bzE+6n","nonce":832501796,"seq":0,"tot":0}]
03-16 14:45:01.378 24713 24786 D MulticastServer: Registration process started with nonce: 2070130991
03-16 14:45:01.382 24713 24786 D MulticastServer: Received request for ledger with nonce: 2070130991.
03-16 14:45:01.410 24713 24786 D MulticastClient: Sent messages: [{"sender":"{\"ip\":\"192.168.1.90\",\"cert\":\"MIIBGzCBwqADAgECAgYBf5Lh\/YgwCgYIKoZIzj0EAwIwFTETMBEGA1UEAwwKMkB0ZXN0LmNvbTAeFw0yMjAzMTUxMzE5MThaFw0yNDAzMTYxMzE5MThaMBUxEzARBgNVBAMMCjJAdGVzdC5jb20wWTATBgcqhkjOPQIBBggqhkjOPQMBBwNCAAS+Y1FtdGs8Ucfiq\/zWhVaVn4ZBowDRf+LHkKkDUQijyqT6F1OlcBHKlpSdutzah71G6VCq62b3AWQkp086ORMGMAoGCCqGSM49BAMCA0gAMEUCIHH+qCw7c9P4WGmGxr+Z6u3tdZRz\/XeTlZiocA09UDaoAiEA977yY+pelaDu67wtccznceHBT4wGLWjjfzyxyDdr\/lY=\"}","payload":"4d4c12426cda9ee1d2f2fd15aa254a5754b3a1988173a7184db0dc1e3b44751a","mt":"LEDGER_HASH","sig":"MEUCIAU79qwCqtxrcljyjC6QT7tg3wD7KfhQ\/U8zFIskzJLzAiEAjBtmYYpRJFRmvyZRk0iN1ZSI8NXGG3zxD8t+3c838u8=","nonce":2070130991,"seq":0,"tot":0}]
03-16 14:45:01.600 24713 24779 D RegistrationHandler: FULL_LEDGER 2070130991
03-16 14:45:01.600 24713 24787 D MulticastServer: Received hash from 3@test.com: 4d4c12426cda9ee1d2f2fd15aa254a5754b3a1988173a7184db0dc1e3b44751a
03-16 14:45:01.612 24713 24798 D RegistrationHandler: FULL_LEDGER 2070130991
03-16 14:45:01.897 24713 24787 D MulticastServer: Received hash from 1@test.com: 4d4c12426cda9ee1d2f2fd15aa254a5754b3a1988173a7184db0dc1e3b44751a
03-16 14:45:01.914 24713 24798 D RegistrationHandler: FULL_LEDGER 2070130991
03-16 14:45:01.982 24713 24806 D MulticastServer: Received hash from 3@test.com: 4d4c12426cda9ee1d2f2fd15aa254a5754b3a1988173a7184db0dc1e3b44751a
03-16 14:45:02.308 24713 24786 D MulticastServer: Received hash from 1@test.com: 4d4c12426cda9ee1d2f2fd15aa254a5754b3a1988173a7184db0dc1e3b44751a
03-16 14:45:02.332 24713 24786 D RegistrationHandler: FULL_LEDGER 2070130991
03-16 14:45:02.387 24713 24786 D MulticastServer: Received hash from 3@test.com: 4d4c12426cda9ee1d2f2fd15aa254a5754b3a1988173a7184db0dc1e3b44751a
03-16 14:45:11.387 24713 24803 D RegistrationHandler: ACCEPTED_LEDGER 2070130991 5
03-16 14:45:11.388 24713 24803 D MulticastServer: Registration process finished: 2070130991
03-16 14:45:11.429 24713 24786 D MulticastServer: Broadcast block received {"ip":"192.168.1.97","cert":"MIIBHDCBwqADAgECAgYBf5Ll+aQwCgYIKoZIzj0EAwIwFTETMBEGA1UEAwwKNUB0ZXN0LmNvbTAeFw0yMjAzMTUxMzIzMzlaFw0yNDAzMTYxMzIzMzlaMBUxEzARBgNVBAMMCjVAdGVzdC5jb20wWTATBgcqhkjOPQIBBggqhkjOPQMBBwNCAAS9OhThI4D6g/iEXxfGklrIeXd9Z0M+diiJ9ljAgsIg42aeRti+qPdLXU1/D9cRSqQkfwr3bPWV3oF684Iqni4MMAoGCCqGSM49BAMCA0kAMEYCIQDvSgAgKBB22Z/ooyqUg64EcQUigPLpb+EEue5bwGydWgIhAKus7fYnj5hLAUwnPrCw9vZZ/j2+Hst7+b4ASLL75Nl9"}
