03-17 15:20:53.608 12368 12456 D RegistrationHandler: 997795001 Received hash from 1@test.com: 3d61948c1740d8808d1ec36879a6e6a2b158874d228b85207eba9d1de35a916c
03-17 15:20:53.631 12368 12456 D MulticastClient: Sent messages: [{"sender":"{\"ip\":\"192.168.1.126\",\"cert\":\"MIIBHDCBwqADAgECAgYBf5LhKoUwCgYIKoZIzj0EAwIwFTETMBEGA1UEAwwKMUB0ZXN0LmNvbTAeFw0yMjAzMTUxMzE4MjRaFw0yNDAzMTYxMzE4MjRaMBUxEzARBgNVBAMMCjFAdGVzdC5jb20wWTATBgcqhkjOPQIBBggqhkjOPQMBBwNCAARygid4IUjQcO5q061zUYi\/H7lvnalm9LjGvCXUiUKNjFkRZCQQHkQr3g5NSREvlv8eDTjoMpzkwAR2X7BGjdlzMAoGCCqGSM49BAMCA0kAMEYCIQCiHMll2QZaqlteytfUXQC9N+f0vW3g05QfhOXX51uZkQIhAOqRAe\/npOy8z8s0m0jcslsGFJ4m0z8mdDgpGZNaRRtS\"}","payload":"3d61948c1740d8808d1ec36879a6e6a2b158874d228b85207eba9d1de35a916c","mt":"LEDGER_HASH","sig":"MEQCIH55yTCcVZP6L+3gEiVJgahEo5MO4gkrEX7l2miKDGPrAiAd459N4RmX+vT\/RvagZEn8ZbijSm4Fby+lsjmHYxozxA==","nonce":997795001,"seq":0,"tot":0}]
03-17 15:20:53.733 12368 12439 D RegistrationHandler: Received full ledger from 4@test.com with nonce 997795001
03-17 15:20:53.733 12368 12439 D RegistrationHandler: FULL_LEDGER 997795001
03-17 15:21:03.294 12368 12456 D MulticastServer: Broadcast block received {"ip":"192.168.1.150","cert":"MIIBGjCBwqADAgECAgYBf5LodqIwCgYIKoZIzj0EAwIwFTETMBEGA1UEAwwKNkB0ZXN0LmNvbTAeFw0yMjAzMTUxMzI2MjJaFw0yNDAzMTYxMzI2MjJaMBUxEzARBgNVBAMMCjZAdGVzdC5jb20wWTATBgcqhkjOPQIBBggqhkjOPQMBBwNCAARqJJy4N2hgpUaU+/pNPqTyqeLxd2bLD5idvvjxcZkR/FU1EnFaMuGevM+E2XKdeDvcPwZaMeY7BoVek0A5J4ptMAoGCCqGSM49BAMCA0cAMEQCIC911LrmrV6wiZsXHz7RPSc6/GC0XfjHHoimPU7mZSxOAiBPewX5RpN4CLq47U/AkxoxbBKiRfraRL4ACOYPjDKD7A=="}
03-17 15:21:03.600 12368 12457 D RegistrationHandler: ACCEPTED_LEDGER 997795001 1
03-17 15:21:03.601 12368 12457 D RegistrationHandler: 997795001 The accepted ledger contains: [4@test.com]
03-17 15:21:03.601 12368 12457 D MulticastServer: Registration process finished: 997795001
03-17 15:21:03.641 12368 12456 D MulticastServer: Broadcast block received {"ip":"192.168.1.150","cert":"MIIBGjCBwqADAgECAgYBf5LodqIwCgYIKoZIzj0EAwIwFTETMBEGA1UEAwwKNkB0ZXN0LmNvbTAeFw0yMjAzMTUxMzI2MjJaFw0yNDAzMTYxMzI2MjJaMBUxEzARBgNVBAMMCjZAdGVzdC5jb20wWTATBgcqhkjOPQIBBggqhkjOPQMBBwNCAARqJJy4N2hgpUaU+/pNPqTyqeLxd2bLD5idvvjxcZkR/FU1EnFaMuGevM+E2XKdeDvcPwZaMeY7BoVek0A5J4ptMAoGCCqGSM49BAMCA0cAMEQCIC911LrmrV6wiZsXHz7RPSc6/GC0XfjHHoimPU7mZSxOAiBPewX5RpN4CLq47U/AkxoxbBKiRfraRL4ACOYPjDKD7A=="}
03-17 15:21:04.057 12368 12456 D MulticastServer: Broadcast block received {"ip":"192.168.1.150","cert":"MIIBGjCBwqADAgECAgYBf5LodqIwCgYIKoZIzj0EAwIwFTETMBEGA1UEAwwKNkB0ZXN0LmNvbTAeFw0yMjAzMTUxMzI2MjJaFw0yNDAzMTYxMzI2MjJaMBUxEzARBgNVBAMMCjZAdGVzdC5jb20wWTATBgcqhkjOPQIBBggqhkjOPQMBBwNCAARqJJy4N2hgpUaU+/pNPqTyqeLxd2bLD5idvvjxcZkR/FU1EnFaMuGevM+E2XKdeDvcPwZaMeY7BoVek0A5J4ptMAoGCCqGSM49BAMCA0cAMEQCIC911LrmrV6wiZsXHz7RPSc6/GC0XfjHHoimPU7mZSxOAiBPewX5RpN4CLq47U/AkxoxbBKiRfraRL4ACOYPjDKD7A=="}
03-17 15:21:13.466 12368 12456 D MulticastServer: Registration process started with nonce 1367495637
03-17 15:21:13.468 12368 12456 D MulticastServer: Received request for ledger with nonce: 1367495637.
03-17 15:21:13.479 12368 12456 D RegistrationHandler: 1367495637 Received hash from 1@test.com: 6d8d07807216bbdc7bb98965843ab58cabc87e3c05d9ea7402f5bdc57aea2d8b
03-17 15:21:13.494 12368 12456 D MulticastClient: Sent messages: [{"sender":"{\"ip\":\"192.168.1.126\",\"cert\":\"MIIBHDCBwqADAgECAgYBf5LhKoUwCgYIKoZIzj0EAwIwFTETMBEGA1UEAwwKMUB0ZXN0LmNvbTAeFw0yMjAzMTUxMzE4MjRaFw0yNDAzMTYxMzE4MjRaMBUxEzARBgNVBAMMCjFAdGVzdC5jb20wWTATBgcqhkjOPQIBBggqhkjOPQMBBwNCAARygid4IUjQcO5q061zUYi\/H7lvnalm9LjGvCXUiUKNjFkRZCQQHkQr3g5NSREvlv8eDTjoMpzkwAR2X7BGjdlzMAoGCCqGSM49BAMCA0kAMEYCIQCiHMll2QZaqlteytfUXQC9N+f0vW3g05QfhOXX51uZkQIhAOqRAe\/npOy8z8s0m0jcslsGFJ4m0z8mdDgpGZNaRRtS\"}","payload":"6d8d07807216bbdc7bb98965843ab58cabc87e3c05d9ea7402f5bdc57aea2d8b","mt":"LEDGER_HASH","sig":"MEQCIB43L7yr6XPTHDIeGEo3IHvDdjW8wKSaspsHh++wFSpgAiBv8\/C9+z2PmvaiygZEFqiwU+2GrujEdoBhGdtLmsfovA==","nonce":1367495637,"seq":0,"tot":0}]
03-17 15:21:13.613 12368 12415 D RegistrationHandler: Has received 1 of 4 fragments from 6@test.com
03-17 15:21:13.625 12368 12421 D RegistrationHandler: Has received 2 of 4 from 6@test.com
03-17 15:21:13.626 12368 12415 D RegistrationHandler: Has received 3 of 4 from 6@test.com
03-17 15:21:13.644 12368 12415 D RegistrationHandler: Has received 1 of 2 fragments from 4@test.com
03-17 15:21:13.651 12368 12415 D RegistrationHandler: Has received 2 of 2 from 4@test.com
03-17 15:21:13.667 12368 12415 D RegistrationHandler: Received full ledger from 4@test.com with nonce 1367495637
03-17 15:21:13.667 12368 12415 D RegistrationHandler: FULL_LEDGER 1367495637
03-17 15:21:13.696 12368 12415 D RegistrationHandler: Has received 1 of 4 fragments from 5@test.com
03-17 15:21:13.701 12368 12415 D RegistrationHandler: Has received 2 of 4 from 5@test.com
03-17 15:21:13.705 12368 12415 D RegistrationHandler: Has received 3 of 4 from 5@test.com
03-17 15:21:13.713 12368 12415 D RegistrationHandler: Has received 4 of 4 from 5@test.com
03-17 15:21:13.727 12368 12415 D RegistrationHandler: Received full ledger from 5@test.com with nonce 1367495637
03-17 15:21:13.727 12368 12415 D RegistrationHandler: FULL_LEDGER 1367495637
03-17 15:21:14.021 12368 12421 D RegistrationHandler: Has received 2 of 2 fragments from 4@test.com
03-17 15:21:14.444 12368 12456 D RegistrationHandler: Has received 3 of 4 fragments from 6@test.com
03-17 15:21:14.445 12368 12421 D RegistrationHandler: Has received 4 of 4 from 6@test.com
03-17 15:21:14.453 12368 12439 D RegistrationHandler: Has received 4 of 4 from 6@test.com
03-17 15:21:14.460 12368 12463 D RegistrationHandler: Has received 4 of 4 from 6@test.com
03-17 15:21:14.461 12368 12456 D RegistrationHandler: Received full ledger from 6@test.com with nonce 1367495637
03-17 15:21:14.461 12368 12456 D RegistrationHandler: FULL_LEDGER 1367495637
03-17 15:21:14.462 12368 12421 D RegistrationHandler: Received full ledger from 6@test.com with nonce 1367495637
03-17 15:21:14.462 12368 12421 D RegistrationHandler: FULL_LEDGER 1367495637
03-17 15:21:14.463 12368 12415 D RegistrationHandler: Has received 2 of 2 fragments from 4@test.com
03-17 15:21:14.480 12368 12415 D RegistrationHandler: Has received 4 of 4 fragments from 5@test.com
03-17 15:21:14.484 12368 12463 D RegistrationHandler: Received full ledger from 6@test.com with nonce 1367495637
03-17 15:21:14.484 12368 12439 D RegistrationHandler: Received full ledger from 6@test.com with nonce 1367495637
03-17 15:21:14.484 12368 12463 D RegistrationHandler: FULL_LEDGER 1367495637
03-17 15:21:14.484 12368 12439 D RegistrationHandler: FULL_LEDGER 1367495637
03-17 15:21:23.474 12368 12460 D RegistrationHandler: ACCEPTED_LEDGER 1367495637 4
03-17 15:21:23.476 12368 12460 D RegistrationHandler: 1367495637 The accepted ledger contains: [1@test.com, 4@test.com, 5@test.com, 6@test.com]
03-17 15:21:23.476 12368 12460 D MulticastServer: Registration process finished: 1367495637
03-17 15:21:23.981 12368 12463 D MulticastServer: Broadcast block received {"ip":"192.168.1.96","cert":"MIIBGzCBwqADAgECAgYBf5LiwL8wCgYIKoZIzj0EAwIwFTETMBEGA1UEAwwKM0B0ZXN0LmNvbTAeFw0yMjAzMTUxMzIwMDhaFw0yNDAzMTYxMzIwMDhaMBUxEzARBgNVBAMMCjNAdGVzdC5jb20wWTATBgcqhkjOPQIBBggqhkjOPQMBBwNCAASVCbfTenGFrkV9EIzy1bj8oa9Kure0STvEaqW08piH20aw3fmYZgxXkpSqhmqcMv5bQ1Q7k2Owa5TUgUt5pf9QMAoGCCqGSM49BAMCA0gAMEUCICG/Ut+mqCXXju+5r5KDo0B+pu+YksxTTzSLgyUZSTRUAiEAlwZEGNVmCgZ+irOjElk8DvNZcTI0AqLoFjB0QLBClB8="}
03-17 15:21:24.323 12368 12463 D MulticastServer: Broadcast block received {"ip":"192.168.1.96","cert":"MIIBGzCBwqADAgECAgYBf5LiwL8wCgYIKoZIzj0EAwIwFTETMBEGA1UEAwwKM0B0ZXN0LmNvbTAeFw0yMjAzMTUxMzIwMDhaFw0yNDAzMTYxMzIwMDhaMBUxEzARBgNVBAMMCjNAdGVzdC5jb20wWTATBgcqhkjOPQIBBggqhkjOPQMBBwNCAASVCbfTenGFrkV9EIzy1bj8oa9Kure0STvEaqW08piH20aw3fmYZgxXkpSqhmqcMv5bQ1Q7k2Owa5TUgUt5pf9QMAoGCCqGSM49BAMCA0gAMEUCICG/Ut+mqCXXju+5r5KDo0B+pu+YksxTTzSLgyUZSTRUAiEAlwZEGNVmCgZ+irOjElk8DvNZcTI0AqLoFjB0QLBClB8="}
03-17 15:21:32.615 12368 12463 D MulticastServer: Registration process started with nonce 208475123
03-17 15:21:32.618 12368 12463 D MulticastServer: Received request for ledger with nonce: 208475123.
03-17 15:21:32.627 12368 12463 D RegistrationHandler: 208475123 Received hash from 1@test.com: 93fe4a08b23de93401800aadc9fc72f7c1a98a808dc4be8c7137f7c7f1df8662
03-17 15:21:32.641 12368 12463 D MulticastClient: Sent messages: [{"sender":"{\"ip\":\"192.168.1.126\",\"cert\":\"MIIBHDCBwqADAgECAgYBf5LhKoUwCgYIKoZIzj0EAwIwFTETMBEGA1UEAwwKMUB0ZXN0LmNvbTAeFw0yMjAzMTUxMzE4MjRaFw0yNDAzMTYxMzE4MjRaMBUxEzARBgNVBAMMCjFAdGVzdC5jb20wWTATBgcqhkjOPQIBBggqhkjOPQMBBwNCAARygid4IUjQcO5q061zUYi\/H7lvnalm9LjGvCXUiUKNjFkRZCQQHkQr3g5NSREvlv8eDTjoMpzkwAR2X7BGjdlzMAoGCCqGSM49BAMCA0kAMEYCIQCiHMll2QZaqlteytfUXQC9N+f0vW3g05QfhOXX51uZkQIhAOqRAe\/npOy8z8s0m0jcslsGFJ4m0z8mdDgpGZNaRRtS\"}","payload":"93fe4a08b23de93401800aadc9fc72f7c1a98a808dc4be8c7137f7c7f1df8662","mt":"LEDGER_HASH","sig":"MEYCIQClmg3cFnaOATAK4KnRJJp2BjfxOGI2Tg5NNFBnfh\/PhwIhAMHdL+JIeAU\/M+JDEQbTBa1hZtSYt7hH+pRAzmDSKuMc","nonce":208475123,"seq":0,"tot":0}]
03-17 15:21:32.764 12368 12421 D RegistrationHandler: Has received 1 of 3 fragments from 4@test.com
03-17 15:21:32.770 12368 12421 D RegistrationHandler: Has received 2 of 3 from 4@test.com
03-17 15:21:32.770 12368 12439 D RegistrationHandler: Has received 3 of 3 from 4@test.com
03-17 15:21:32.785 12368 12439 D RegistrationHandler: Received full ledger from 4@test.com with nonce 208475123
03-17 15:21:32.785 12368 12439 D RegistrationHandler: FULL_LEDGER 208475123
03-17 15:21:32.790 12368 12439 D RegistrationHandler: Has received 1 of 5 fragments from 5@test.com
03-17 15:21:32.805 12368 12439 D RegistrationHandler: Has received 2 of 5 from 5@test.com
03-17 15:21:32.810 12368 12439 D RegistrationHandler: Has received 3 of 5 from 5@test.com
03-17 15:21:32.820 12368 12439 D RegistrationHandler: Has received 4 of 5 from 5@test.com
03-17 15:21:32.825 12368 12439 D RegistrationHandler: 208475123 Received hash from 3@test.com: 93fe4a08b23de93401800aadc9fc72f7c1a98a808dc4be8c7137f7c7f1df8662
03-17 15:21:33.140 12368 12415 D RegistrationHandler: Has received 1 of 5 fragments from 6@test.com
03-17 15:21:33.143 12368 12439 D RegistrationHandler: Has received 2 of 5 from 6@test.com
03-17 15:21:33.169 12368 12415 D RegistrationHandler: Has received 3 of 3 fragments from 4@test.com
03-17 15:21:33.191 12368 12415 D RegistrationHandler: Has received 3 of 5 from 6@test.com
03-17 15:21:33.201 12368 12415 D RegistrationHandler: Has received 4 of 5 fragments from 5@test.com
03-17 15:21:33.203 12368 12415 D RegistrationHandler: Has received 4 of 5 from 5@test.com
03-17 15:21:33.212 12368 12415 D RegistrationHandler: Has received 4 of 5 from 5@test.com
03-17 15:21:33.217 12368 12415 D RegistrationHandler: Has received 4 of 5 from 5@test.com
03-17 15:21:33.547 12368 12415 D RegistrationHandler: Has received 3 of 3 fragments from 4@test.com
03-17 15:21:33.548 12368 12463 D RegistrationHandler: Has received 3 of 5 fragments from 6@test.com
03-17 15:21:33.551 12368 12421 D RegistrationHandler: Has received 4 of 5 from 6@test.com
03-17 15:21:33.563 12368 12421 D RegistrationHandler: Has received 4 of 5 from 6@test.com
03-17 15:21:33.566 12368 12421 D RegistrationHandler: Has received 5 of 5 from 6@test.com
03-17 15:21:33.577 12368 12463 D RegistrationHandler: Has received 5 of 5 from 6@test.com
03-17 15:21:33.589 12368 12421 D RegistrationHandler: Received full ledger from 6@test.com with nonce 208475123
03-17 15:21:33.589 12368 12421 D RegistrationHandler: FULL_LEDGER 208475123
03-17 15:21:33.591 12368 12463 D RegistrationHandler: Received full ledger from 6@test.com with nonce 208475123
03-17 15:21:33.591 12368 12463 D RegistrationHandler: FULL_LEDGER 208475123
03-17 15:21:33.631 12368 12463 D RegistrationHandler: Has received 4 of 5 from 5@test.com
03-17 15:21:33.633 12368 12463 D RegistrationHandler: Has received 4 of 5 from 5@test.com
03-17 15:21:42.623 12368 12467 D RegistrationHandler: ACCEPTED_LEDGER 208475123 5
03-17 15:21:42.625 12368 12467 D RegistrationHandler: 208475123 The accepted ledger contains: [1@test.com, 3@test.com, 4@test.com, 5@test.com, 6@test.com]
03-17 15:21:42.625 12368 12467 D MulticastServer: Registration process finished: 208475123
03-17 15:21:42.705 12368 12463 D MulticastServer: Broadcast block received {"ip":"192.168.1.90","cert":"MIIBGzCBwqADAgECAgYBf5Lh/YgwCgYIKoZIzj0EAwIwFTETMBEGA1UEAwwKMkB0ZXN0LmNvbTAeFw0yMjAzMTUxMzE5MThaFw0yNDAzMTYxMzE5MThaMBUxEzARBgNVBAMMCjJAdGVzdC5jb20wWTATBgcqhkjOPQIBBggqhkjOPQMBBwNCAAS+Y1FtdGs8Ucfiq/zWhVaVn4ZBowDRf+LHkKkDUQijyqT6F1OlcBHKlpSdutzah71G6VCq62b3AWQkp086ORMGMAoGCCqGSM49BAMCA0gAMEUCIHH+qCw7c9P4WGmGxr+Z6u3tdZRz/XeTlZiocA09UDaoAiEA977yY+pelaDu67wtccznceHBT4wGLWjjfzyxyDdr/lY="}
03-17 15:21:43.173 12368 12463 D MulticastServer: Broadcast block received {"ip":"192.168.1.90","cert":"MIIBGzCBwqADAgECAgYBf5Lh/YgwCgYIKoZIzj0EAwIwFTETMBEGA1UEAwwKMkB0ZXN0LmNvbTAeFw0yMjAzMTUxMzE5MThaFw0yNDAzMTYxMzE5MThaMBUxEzARBgNVBAMMCjJAdGVzdC5jb20wWTATBgcqhkjOPQIBBggqhkjOPQMBBwNCAAS+Y1FtdGs8Ucfiq/zWhVaVn4ZBowDRf+LHkKkDUQijyqT6F1OlcBHKlpSdutzah71G6VCq62b3AWQkp086ORMGMAoGCCqGSM49BAMCA0gAMEUCIHH+qCw7c9P4WGmGxr+Z6u3tdZRz/XeTlZiocA09UDaoAiEA977yY+pelaDu67wtccznceHBT4wGLWjjfzyxyDdr/lY="}
