Number of rounds: 10
round 1 of 10
--------- beginning of main
03-16 14:30:48.281 29516 29547 D MulticastServer: MULTICAST_SERVER_LISTENING
03-16 14:30:48.287 29516 30052 D MulticastServer: Registration process started with nonce: 1735794636
03-16 14:30:48.289 29516 29546 D MulticastClient: REQUEST_LEDGER 1735794636
03-16 14:30:48.290 29516 29546 D MulticastClient: Sent messages: [{"sender":"","payload":"","mt":"REQUEST_LEDGER","sig":"","nonce":1735794636,"seq":0,"tot":0}]
03-16 14:30:48.441 29516 30057 D MulticastServer: Received hash from 2@test.com: 4d4c12426cda9ee1d2f2fd15aa254a5754b3a1988173a7184db0dc1e3b44751a
03-16 14:30:48.511 29516 30057 D RegistrationHandler: FULL_LEDGER 1735794636
03-16 14:30:48.568 29516 30057 D RegistrationHandler: FULL_LEDGER 1735794636
03-16 14:30:48.577 29516 30057 D MulticastServer: Received hash from 1@test.com: 4d4c12426cda9ee1d2f2fd15aa254a5754b3a1988173a7184db0dc1e3b44751a
03-16 14:30:48.584 29516 30057 D MulticastServer: Received hash from 3@test.com: 4d4c12426cda9ee1d2f2fd15aa254a5754b3a1988173a7184db0dc1e3b44751a
03-16 14:30:48.879 29516 30057 D MulticastServer: Received hash from 3@test.com: 4d4c12426cda9ee1d2f2fd15aa254a5754b3a1988173a7184db0dc1e3b44751a
03-16 14:30:48.887 29516 30057 D MulticastServer: Received hash from 1@test.com: 4d4c12426cda9ee1d2f2fd15aa254a5754b3a1988173a7184db0dc1e3b44751a
03-16 14:30:48.938 29516 30057 D MulticastServer: Received hash from 2@test.com: 4d4c12426cda9ee1d2f2fd15aa254a5754b3a1988173a7184db0dc1e3b44751a
03-16 14:30:49.247 29516 30057 D MulticastServer: Received hash from 1@test.com: 4d4c12426cda9ee1d2f2fd15aa254a5754b3a1988173a7184db0dc1e3b44751a
03-16 14:30:49.318 29516 30059 D MulticastServer: Received hash from 3@test.com: 4d4c12426cda9ee1d2f2fd15aa254a5754b3a1988173a7184db0dc1e3b44751a
03-16 14:30:49.323 29516 30059 D MulticastServer: Received hash from 2@test.com: 4d4c12426cda9ee1d2f2fd15aa254a5754b3a1988173a7184db0dc1e3b44751a
03-16 14:30:58.294 29516 30053 D RegistrationHandler: ACCEPTED_LEDGER 1735794636 5
03-16 14:30:58.298 29516 30053 D RegistrationHandler: 1735794636 Registration started
03-16 14:30:58.303 29516 30053 D MulticastServer: Registration process finished: 1735794636
03-16 14:30:58.308 29516 30059 D MulticastClient: Sent messages: [{"sender":"5@test.com","payload":"{\"ip\":\"192.168.1.97\",\"cert\":\"MIIBHDCBwqADAgECAgYBf5Ll+aQwCgYIKoZIzj0EAwIwFTETMBEGA1UEAwwKNUB0ZXN0LmNvbTAeFw0yMjAzMTUxMzIzMzlaFw0yNDAzMTYxMzIzMzlaMBUxEzARBgNVBAMMCjVAdGVzdC5jb20wWTATBgcqhkjOPQIBBggqhkjOPQMBBwNCAAS9OhThI4D6g\/iEXxfGklrIeXd9Z0M+diiJ9ljAgsIg42aeRti+qPdLXU1\/D9cRSqQkfwr3bPWV3oF684Iqni4MMAoGCCqGSM49BAMCA0kAMEYCIQDvSgAgKBB22Z\/ooyqUg64EcQUigPLpb+EEue5bwGydWgIhAKus7fYnj5hLAUwnPrCw9vZZ\/j2+Hst7+b4ASLL75Nl9\"}","mt":"BROADCAST_BLOCK","sig":"MEQCICld4FLO\/z+kNIFF7CIprJYeSsSjJFhWKsLOlQ7aHeATAiB10jn8dgypS0jMWArhxdqGS\/LA8y+OwlAjVedWfs3CTQ==","nonce":1735794636,"seq":0,"tot":0}]
round 2 of 10
03-16 14:32:23.088 30138 30186 D MulticastServer: MULTICAST_SERVER_LISTENING
03-16 14:32:23.092 30138 30188 D MulticastServer: Registration process started with nonce: 1767329646
03-16 14:32:23.094 30138 30187 D MulticastClient: REQUEST_LEDGER 1767329646
03-16 14:32:23.096 30138 30187 D MulticastClient: Sent messages: [{"sender":"","payload":"","mt":"REQUEST_LEDGER","sig":"","nonce":1767329646,"seq":0,"tot":0}]
03-16 14:32:23.262 30138 30192 D MulticastServer: Received hash from 1@test.com: 4d4c12426cda9ee1d2f2fd15aa254a5754b3a1988173a7184db0dc1e3b44751a
03-16 14:32:23.337 30138 30192 D RegistrationHandler: FULL_LEDGER 1767329646
03-16 14:32:23.677 30138 30206 D MulticastServer: Received hash from 1@test.com: 4d4c12426cda9ee1d2f2fd15aa254a5754b3a1988173a7184db0dc1e3b44751a
03-16 14:32:23.679 30138 30206 D MulticastServer: Received hash from 2@test.com: 4d4c12426cda9ee1d2f2fd15aa254a5754b3a1988173a7184db0dc1e3b44751a
03-16 14:32:23.697 30138 30206 D MulticastServer: Received hash from 3@test.com: 4d4c12426cda9ee1d2f2fd15aa254a5754b3a1988173a7184db0dc1e3b44751a
03-16 14:32:23.746 30138 30206 D RegistrationHandler: FULL_LEDGER 1767329646
03-16 14:32:24.092 30138 30206 D MulticastServer: Received hash from 1@test.com: 4d4c12426cda9ee1d2f2fd15aa254a5754b3a1988173a7184db0dc1e3b44751a
03-16 14:32:24.133 30138 30187 D MulticastServer: Received hash from 3@test.com: 4d4c12426cda9ee1d2f2fd15aa254a5754b3a1988173a7184db0dc1e3b44751a
03-16 14:32:24.175 30138 30187 D MulticastServer: Received hash from 2@test.com: 4d4c12426cda9ee1d2f2fd15aa254a5754b3a1988173a7184db0dc1e3b44751a
03-16 14:32:33.098 30138 30189 D RegistrationHandler: ACCEPTED_LEDGER 1767329646 5
03-16 14:32:33.100 30138 30189 D RegistrationHandler: 1767329646 Registration started
03-16 14:32:33.104 30138 30189 D MulticastServer: Registration process finished: 1767329646
03-16 14:32:33.108 30138 30187 D MulticastClient: Sent messages: [{"sender":"5@test.com","payload":"{\"ip\":\"192.168.1.97\",\"cert\":\"MIIBHDCBwqADAgECAgYBf5Ll+aQwCgYIKoZIzj0EAwIwFTETMBEGA1UEAwwKNUB0ZXN0LmNvbTAeFw0yMjAzMTUxMzIzMzlaFw0yNDAzMTYxMzIzMzlaMBUxEzARBgNVBAMMCjVAdGVzdC5jb20wWTATBgcqhkjOPQIBBggqhkjOPQMBBwNCAAS9OhThI4D6g\/iEXxfGklrIeXd9Z0M+diiJ9ljAgsIg42aeRti+qPdLXU1\/D9cRSqQkfwr3bPWV3oF684Iqni4MMAoGCCqGSM49BAMCA0kAMEYCIQDvSgAgKBB22Z\/ooyqUg64EcQUigPLpb+EEue5bwGydWgIhAKus7fYnj5hLAUwnPrCw9vZZ\/j2+Hst7+b4ASLL75Nl9\"}","mt":"BROADCAST_BLOCK","sig":"MEUCIGH4TrNbrSP56dp77GtG9v+x1llNBisHI6t+Yt\/G\/1GTAiEAjMWWss3Dnxy4gRQM9vaY3k+QqSyKAf08z0rPIZtqOmI=","nonce":1767329646,"seq":0,"tot":0}]
03-16 14:32:33.721 30138 30206 D MulticastServer: Registration process started with nonce: 766271908
03-16 14:32:33.722 30138 30210 D MulticastServer: Registration process started with nonce: 766271908
03-16 14:32:34.133 30138 30187 D RegistrationHandler: FULL_LEDGER 766271908
03-16 14:32:34.137 30138 30206 D RegistrationHandler: FULL_LEDGER 766271908
03-16 14:32:34.423 30138 30206 D MulticastServer: Received request for 1@test.com to send ledger with hash 4d4c12426cda9ee1d2f2fd15aa254a5754b3a1988173a7184db0dc1e3b44751a
03-16 14:32:34.531 30138 30206 D MulticastServer: Received request for 1@test.com to send ledger with hash 4d4c12426cda9ee1d2f2fd15aa254a5754b3a1988173a7184db0dc1e3b44751a
03-16 14:32:34.841 30138 30209 D MulticastServer: Received request for 1@test.com to send ledger with hash 4d4c12426cda9ee1d2f2fd15aa254a5754b3a1988173a7184db0dc1e3b44751a
03-16 14:32:34.938 30138 30206 D MulticastServer: Received request for 1@test.com to send ledger with hash 4d4c12426cda9ee1d2f2fd15aa254a5754b3a1988173a7184db0dc1e3b44751a
03-16 14:32:35.043 30138 30206 D MulticastServer: Received request for 3@test.com to send ledger with hash 4d4c12426cda9ee1d2f2fd15aa254a5754b3a1988173a7184db0dc1e3b44751a
03-16 14:32:35.354 30138 30206 D MulticastServer: Received request for 1@test.com to send ledger with hash 4d4c12426cda9ee1d2f2fd15aa254a5754b3a1988173a7184db0dc1e3b44751a
03-16 14:32:35.449 30138 30206 D MulticastServer: Received request for 3@test.com to send ledger with hash 4d4c12426cda9ee1d2f2fd15aa254a5754b3a1988173a7184db0dc1e3b44751a
03-16 14:32:35.725 30138 30258 D MulticastServer: Registration process finished: 766271908
round 3 of 10
03-16 14:33:57.901 30297 30343 D MulticastServer: MULTICAST_SERVER_LISTENING
03-16 14:33:57.903 30297 30345 D MulticastServer: Registration process started with nonce: 693321125
03-16 14:33:57.906 30297 30344 D MulticastClient: REQUEST_LEDGER 693321125
03-16 14:33:57.907 30297 30344 D MulticastClient: Sent messages: [{"sender":"","payload":"","mt":"REQUEST_LEDGER","sig":"","nonce":693321125,"seq":0,"tot":0}]
03-16 14:33:58.090 30297 30349 D MulticastServer: Received hash from 2@test.com: 4d4c12426cda9ee1d2f2fd15aa254a5754b3a1988173a7184db0dc1e3b44751a
03-16 14:33:58.097 30297 30349 D MulticastServer: Received hash from 1@test.com: 4d4c12426cda9ee1d2f2fd15aa254a5754b3a1988173a7184db0dc1e3b44751a
03-16 14:33:58.137 30297 30349 D RegistrationHandler: FULL_LEDGER 693321125
03-16 14:33:58.502 30297 30362 D MulticastServer: Received hash from 2@test.com: 4d4c12426cda9ee1d2f2fd15aa254a5754b3a1988173a7184db0dc1e3b44751a
03-16 14:33:58.544 30297 30362 D MulticastServer: Received hash from 1@test.com: 4d4c12426cda9ee1d2f2fd15aa254a5754b3a1988173a7184db0dc1e3b44751a
03-16 14:33:58.918 30297 30362 D MulticastServer: Received hash from 1@test.com: 4d4c12426cda9ee1d2f2fd15aa254a5754b3a1988173a7184db0dc1e3b44751a
03-16 14:33:59.010 30297 30362 D RegistrationHandler: FULL_LEDGER 693321125
03-16 14:34:07.911 30297 30346 D RegistrationHandler: ACCEPTED_LEDGER 693321125 5
03-16 14:34:07.915 30297 30346 D RegistrationHandler: 693321125 Registration started
03-16 14:34:07.919 30297 30346 D MulticastServer: Registration process finished: 693321125
03-16 14:34:07.922 30297 30362 D MulticastClient: Sent messages: [{"sender":"5@test.com","payload":"{\"ip\":\"192.168.1.97\",\"cert\":\"MIIBHDCBwqADAgECAgYBf5Ll+aQwCgYIKoZIzj0EAwIwFTETMBEGA1UEAwwKNUB0ZXN0LmNvbTAeFw0yMjAzMTUxMzIzMzlaFw0yNDAzMTYxMzIzMzlaMBUxEzARBgNVBAMMCjVAdGVzdC5jb20wWTATBgcqhkjOPQIBBggqhkjOPQMBBwNCAAS9OhThI4D6g\/iEXxfGklrIeXd9Z0M+diiJ9ljAgsIg42aeRti+qPdLXU1\/D9cRSqQkfwr3bPWV3oF684Iqni4MMAoGCCqGSM49BAMCA0kAMEYCIQDvSgAgKBB22Z\/ooyqUg64EcQUigPLpb+EEue5bwGydWgIhAKus7fYnj5hLAUwnPrCw9vZZ\/j2+Hst7+b4ASLL75Nl9\"}","mt":"BROADCAST_BLOCK","sig":"MEQCIGA9NcLyMzfgCr2BsT\/u\/Ps5PIhFGvtwhsZ6qklzsLKHAiAjT5y8ky1+9vVR8a4yxAgAVMsgRgh7dsdUTdmvpvVVlQ==","nonce":693321125,"seq":0,"tot":0}]
03-16 14:34:08.124 30297 30349 D MulticastServer: Received request for 1@test.com to send ledger with hash 4d4c12426cda9ee1d2f2fd15aa254a5754b3a1988173a7184db0dc1e3b44751a
03-16 14:34:08.533 30297 30344 D MulticastServer: Received request for 1@test.com to send ledger with hash 4d4c12426cda9ee1d2f2fd15aa254a5754b3a1988173a7184db0dc1e3b44751a
03-16 14:34:08.740 30297 30362 D MulticastServer: Received request for 1@test.com to send ledger with hash 4d4c12426cda9ee1d2f2fd15aa254a5754b3a1988173a7184db0dc1e3b44751a
03-16 14:34:08.940 30297 30362 D MulticastServer: Received request for 1@test.com to send ledger with hash 4d4c12426cda9ee1d2f2fd15aa254a5754b3a1988173a7184db0dc1e3b44751a
03-16 14:34:09.149 30297 30362 D MulticastServer: Received request for 1@test.com to send ledger with hash 4d4c12426cda9ee1d2f2fd15aa254a5754b3a1988173a7184db0dc1e3b44751a
03-16 14:34:09.248 30297 30362 D MulticastServer: Received request for 3@test.com to send ledger with hash 4d4c12426cda9ee1d2f2fd15aa254a5754b3a1988173a7184db0dc1e3b44751a
03-16 14:34:09.556 30297 30349 D MulticastServer: Received request for 1@test.com to send ledger with hash 4d4c12426cda9ee1d2f2fd15aa254a5754b3a1988173a7184db0dc1e3b44751a
03-16 14:34:09.658 30297 30349 D MulticastServer: Received request for 3@test.com to send ledger with hash 4d4c12426cda9ee1d2f2fd15aa254a5754b3a1988173a7184db0dc1e3b44751a
03-16 14:34:09.783 30297 30362 D MulticastServer: Received request for 2@test.com to send ledger with hash 4d4c12426cda9ee1d2f2fd15aa254a5754b3a1988173a7184db0dc1e3b44751a
03-16 14:34:10.070 30297 30349 D MulticastServer: Received request for 3@test.com to send ledger with hash 4d4c12426cda9ee1d2f2fd15aa254a5754b3a1988173a7184db0dc1e3b44751a
03-16 14:34:10.174 30297 30362 D MulticastServer: Received request for 2@test.com to send ledger with hash 4d4c12426cda9ee1d2f2fd15aa254a5754b3a1988173a7184db0dc1e3b44751a
03-16 14:34:10.582 30297 30362 D MulticastServer: Received request for 2@test.com to send ledger with hash 4d4c12426cda9ee1d2f2fd15aa254a5754b3a1988173a7184db0dc1e3b44751a
round 4 of 10
03-16 14:35:32.793 30429 30478 D MulticastServer: MULTICAST_SERVER_LISTENING
03-16 14:35:32.795 30429 30480 D MulticastServer: Registration process started with nonce: 519279588
03-16 14:35:32.797 30429 30479 D MulticastClient: REQUEST_LEDGER 519279588
03-16 14:35:32.798 30429 30479 D MulticastClient: Sent messages: [{"sender":"","payload":"","mt":"REQUEST_LEDGER","sig":"","nonce":519279588,"seq":0,"tot":0}]
03-16 14:35:33.046 30429 30484 D RegistrationHandler: FULL_LEDGER 519279588
03-16 14:35:33.075 30429 30484 D RegistrationHandler: FULL_LEDGER 519279588
03-16 14:35:33.080 30429 30484 D MulticastServer: Received hash from 3@test.com: 4d4c12426cda9ee1d2f2fd15aa254a5754b3a1988173a7184db0dc1e3b44751a
03-16 14:35:33.088 30429 30484 D MulticastServer: Received hash from 2@test.com: 4d4c12426cda9ee1d2f2fd15aa254a5754b3a1988173a7184db0dc1e3b44751a
03-16 14:35:33.507 30429 30505 D MulticastServer: Received hash from 3@test.com: 4d4c12426cda9ee1d2f2fd15aa254a5754b3a1988173a7184db0dc1e3b44751a
03-16 14:35:33.510 30429 30484 D MulticastServer: Received hash from 1@test.com: 4d4c12426cda9ee1d2f2fd15aa254a5754b3a1988173a7184db0dc1e3b44751a
03-16 14:35:33.917 30429 30479 D MulticastServer: Received hash from 3@test.com: 4d4c12426cda9ee1d2f2fd15aa254a5754b3a1988173a7184db0dc1e3b44751a
03-16 14:35:33.919 30429 30484 D MulticastServer: Received hash from 1@test.com: 4d4c12426cda9ee1d2f2fd15aa254a5754b3a1988173a7184db0dc1e3b44751a
03-16 14:35:42.803 30429 30481 D RegistrationHandler: ACCEPTED_LEDGER 519279588 5
03-16 14:35:42.806 30429 30481 D RegistrationHandler: 519279588 Registration started
03-16 14:35:42.810 30429 30481 D MulticastServer: Registration process finished: 519279588
03-16 14:35:42.817 30429 30484 D MulticastClient: Sent messages: [{"sender":"5@test.com","payload":"{\"ip\":\"192.168.1.97\",\"cert\":\"MIIBHDCBwqADAgECAgYBf5Ll+aQwCgYIKoZIzj0EAwIwFTETMBEGA1UEAwwKNUB0ZXN0LmNvbTAeFw0yMjAzMTUxMzIzMzlaFw0yNDAzMTYxMzIzMzlaMBUxEzARBgNVBAMMCjVAdGVzdC5jb20wWTATBgcqhkjOPQIBBggqhkjOPQMBBwNCAAS9OhThI4D6g\/iEXxfGklrIeXd9Z0M+diiJ9ljAgsIg42aeRti+qPdLXU1\/D9cRSqQkfwr3bPWV3oF684Iqni4MMAoGCCqGSM49BAMCA0kAMEYCIQDvSgAgKBB22Z\/ooyqUg64EcQUigPLpb+EEue5bwGydWgIhAKus7fYnj5hLAUwnPrCw9vZZ\/j2+Hst7+b4ASLL75Nl9\"}","mt":"BROADCAST_BLOCK","sig":"MEUCIFRyS51xJewyLmRgxN82jBwUXp0kZJg8+JJasyfxUrpyAiEA2rZkn0+zE0gQrwM0V\/hYuDGay1UAgz13Y3L\/\/L1gVlM=","nonce":519279588,"seq":0,"tot":0}]
round 5 of 10
03-16 14:37:07.303 30559 30604 D MulticastServer: MULTICAST_SERVER_LISTENING
03-16 14:37:07.307 30559 30606 D MulticastServer: Registration process started with nonce: 1036374480
03-16 14:37:07.309 30559 30605 D MulticastClient: REQUEST_LEDGER 1036374480
03-16 14:37:07.311 30559 30605 D MulticastClient: Sent messages: [{"sender":"","payload":"","mt":"REQUEST_LEDGER","sig":"","nonce":1036374480,"seq":0,"tot":0}]
03-16 14:37:07.601 30559 30610 D MulticastServer: Received hash from 2@test.com: 4d4c12426cda9ee1d2f2fd15aa254a5754b3a1988173a7184db0dc1e3b44751a
03-16 14:37:07.605 30559 30610 D MulticastServer: Received hash from 1@test.com: 4d4c12426cda9ee1d2f2fd15aa254a5754b3a1988173a7184db0dc1e3b44751a
03-16 14:37:07.985 30559 30610 D RegistrationHandler: FULL_LEDGER 1036374480
03-16 14:37:07.998 30559 30628 D RegistrationHandler: FULL_LEDGER 1036374480
03-16 14:37:08.000 30559 30627 D RegistrationHandler: FULL_LEDGER 1036374480
03-16 14:37:08.010 30559 30610 D MulticastServer: Received hash from 2@test.com: 4d4c12426cda9ee1d2f2fd15aa254a5754b3a1988173a7184db0dc1e3b44751a
03-16 14:37:08.019 30559 30610 D MulticastServer: Received hash from 1@test.com: 4d4c12426cda9ee1d2f2fd15aa254a5754b3a1988173a7184db0dc1e3b44751a
03-16 14:37:17.313 30559 30607 D RegistrationHandler: ACCEPTED_LEDGER 1036374480 5
03-16 14:37:17.317 30559 30607 D RegistrationHandler: 1036374480 Registration started
03-16 14:37:17.322 30559 30607 D MulticastServer: Registration process finished: 1036374480
03-16 14:37:17.325 30559 30605 D MulticastClient: Sent messages: [{"sender":"5@test.com","payload":"{\"ip\":\"192.168.1.97\",\"cert\":\"MIIBHDCBwqADAgECAgYBf5Ll+aQwCgYIKoZIzj0EAwIwFTETMBEGA1UEAwwKNUB0ZXN0LmNvbTAeFw0yMjAzMTUxMzIzMzlaFw0yNDAzMTYxMzIzMzlaMBUxEzARBgNVBAMMCjVAdGVzdC5jb20wWTATBgcqhkjOPQIBBggqhkjOPQMBBwNCAAS9OhThI4D6g\/iEXxfGklrIeXd9Z0M+diiJ9ljAgsIg42aeRti+qPdLXU1\/D9cRSqQkfwr3bPWV3oF684Iqni4MMAoGCCqGSM49BAMCA0kAMEYCIQDvSgAgKBB22Z\/ooyqUg64EcQUigPLpb+EEue5bwGydWgIhAKus7fYnj5hLAUwnPrCw9vZZ\/j2+Hst7+b4ASLL75Nl9\"}","mt":"BROADCAST_BLOCK","sig":"MEQCIDUAoh\/p9ZaOHEuOO6rlLRo\/xuk+\/IABgt4GVa+Dv\/2JAiA0lgScHQ2VfpwhvltU5wbMq6YKBxPeNWL7rjieoSFOPQ==","nonce":1036374480,"seq":0,"tot":0}]
round 6 of 10
03-16 14:38:42.091 30681 30728 D MulticastServer: MULTICAST_SERVER_LISTENING
03-16 14:38:42.094 30681 30730 D MulticastServer: Registration process started with nonce: 979231159
03-16 14:38:42.097 30681 30729 D MulticastClient: REQUEST_LEDGER 979231159
03-16 14:38:42.098 30681 30729 D MulticastClient: Sent messages: [{"sender":"","payload":"","mt":"REQUEST_LEDGER","sig":"","nonce":979231159,"seq":0,"tot":0}]
03-16 14:38:42.280 30681 30734 D RegistrationHandler: FULL_LEDGER 979231159
03-16 14:38:42.313 30681 30734 D RegistrationHandler: FULL_LEDGER 979231159
03-16 14:38:42.320 30681 30734 D MulticastServer: Received hash from 3@test.com: 4d4c12426cda9ee1d2f2fd15aa254a5754b3a1988173a7184db0dc1e3b44751a
03-16 14:38:42.661 30681 30748 D MulticastServer: Received hash from 2@test.com: 4d4c12426cda9ee1d2f2fd15aa254a5754b3a1988173a7184db0dc1e3b44751a
03-16 14:38:42.672 30681 30734 D RegistrationHandler: FULL_LEDGER 979231159
03-16 14:38:42.745 30681 30734 D MulticastServer: Received hash from 3@test.com: 4d4c12426cda9ee1d2f2fd15aa254a5754b3a1988173a7184db0dc1e3b44751a
03-16 14:38:52.103 30681 30731 D RegistrationHandler: ACCEPTED_LEDGER 979231159 5
03-16 14:38:52.108 30681 30731 D RegistrationHandler: 979231159 Registration started
03-16 14:38:52.112 30681 30731 D MulticastServer: Registration process finished: 979231159
03-16 14:38:52.117 30681 30734 D MulticastClient: Sent messages: [{"sender":"5@test.com","payload":"{\"ip\":\"192.168.1.97\",\"cert\":\"MIIBHDCBwqADAgECAgYBf5Ll+aQwCgYIKoZIzj0EAwIwFTETMBEGA1UEAwwKNUB0ZXN0LmNvbTAeFw0yMjAzMTUxMzIzMzlaFw0yNDAzMTYxMzIzMzlaMBUxEzARBgNVBAMMCjVAdGVzdC5jb20wWTATBgcqhkjOPQIBBggqhkjOPQMBBwNCAAS9OhThI4D6g\/iEXxfGklrIeXd9Z0M+diiJ9ljAgsIg42aeRti+qPdLXU1\/D9cRSqQkfwr3bPWV3oF684Iqni4MMAoGCCqGSM49BAMCA0kAMEYCIQDvSgAgKBB22Z\/ooyqUg64EcQUigPLpb+EEue5bwGydWgIhAKus7fYnj5hLAUwnPrCw9vZZ\/j2+Hst7+b4ASLL75Nl9\"}","mt":"BROADCAST_BLOCK","sig":"MEYCIQCrmA6uoLn4Ow68YcxcyyUXuR5o40r+NtGVXjSu4YvRTQIhAO\/WnlfPeI2bDW9V85L2kB3z6WS3Eem\/UVqzSE3oA96K","nonce":979231159,"seq":0,"tot":0}]
round 7 of 10
03-16 14:40:16.704 30782 30829 D MulticastServer: MULTICAST_SERVER_LISTENING
03-16 14:40:16.706 30782 30831 D MulticastServer: Registration process started with nonce: 1262864123
03-16 14:40:16.708 30782 30830 D MulticastClient: REQUEST_LEDGER 1262864123
03-16 14:40:16.710 30782 30830 D MulticastClient: Sent messages: [{"sender":"","payload":"","mt":"REQUEST_LEDGER","sig":"","nonce":1262864123,"seq":0,"tot":0}]
03-16 14:40:16.898 30782 30835 D MulticastServer: Received hash from 2@test.com: 4d4c12426cda9ee1d2f2fd15aa254a5754b3a1988173a7184db0dc1e3b44751a
03-16 14:40:16.937 30782 30835 D RegistrationHandler: FULL_LEDGER 1262864123
03-16 14:40:17.003 30782 30835 D RegistrationHandler: FULL_LEDGER 1262864123
03-16 14:40:17.016 30782 30835 D MulticastServer: Received hash from 1@test.com: 4d4c12426cda9ee1d2f2fd15aa254a5754b3a1988173a7184db0dc1e3b44751a
03-16 14:40:17.288 30782 30835 D MulticastServer: Received hash from 2@test.com: 4d4c12426cda9ee1d2f2fd15aa254a5754b3a1988173a7184db0dc1e3b44751a
03-16 14:40:17.364 30782 30835 D MulticastServer: Received hash from 3@test.com: 4d4c12426cda9ee1d2f2fd15aa254a5754b3a1988173a7184db0dc1e3b44751a
03-16 14:40:17.435 30782 30851 D MulticastServer: Received hash from 1@test.com: 4d4c12426cda9ee1d2f2fd15aa254a5754b3a1988173a7184db0dc1e3b44751a
03-16 14:40:17.632 30782 30830 D MulticastServer: Received hash from 2@test.com: 4d4c12426cda9ee1d2f2fd15aa254a5754b3a1988173a7184db0dc1e3b44751a
03-16 14:40:17.718 30782 30835 D MulticastServer: Received hash from 3@test.com: 4d4c12426cda9ee1d2f2fd15aa254a5754b3a1988173a7184db0dc1e3b44751a
03-16 14:40:17.749 30782 30830 D MulticastServer: Received hash from 1@test.com: 4d4c12426cda9ee1d2f2fd15aa254a5754b3a1988173a7184db0dc1e3b44751a
03-16 14:40:26.715 30782 30832 D RegistrationHandler: ACCEPTED_LEDGER 1262864123 5
03-16 14:40:26.719 30782 30832 D RegistrationHandler: 1262864123 Registration started
03-16 14:40:26.724 30782 30832 D MulticastServer: Registration process finished: 1262864123
03-16 14:40:26.735 30782 30830 D MulticastClient: Sent messages: [{"sender":"5@test.com","payload":"{\"ip\":\"192.168.1.97\",\"cert\":\"MIIBHDCBwqADAgECAgYBf5Ll+aQwCgYIKoZIzj0EAwIwFTETMBEGA1UEAwwKNUB0ZXN0LmNvbTAeFw0yMjAzMTUxMzIzMzlaFw0yNDAzMTYxMzIzMzlaMBUxEzARBgNVBAMMCjVAdGVzdC5jb20wWTATBgcqhkjOPQIBBggqhkjOPQMBBwNCAAS9OhThI4D6g\/iEXxfGklrIeXd9Z0M+diiJ9ljAgsIg42aeRti+qPdLXU1\/D9cRSqQkfwr3bPWV3oF684Iqni4MMAoGCCqGSM49BAMCA0kAMEYCIQDvSgAgKBB22Z\/ooyqUg64EcQUigPLpb+EEue5bwGydWgIhAKus7fYnj5hLAUwnPrCw9vZZ\/j2+Hst7+b4ASLL75Nl9\"}","mt":"BROADCAST_BLOCK","sig":"MEUCIElFc+U7OpRo5\/zeVesAaNAawP04CDrV\/4895Tk71BvlAiEAoxftFJeXa8cHE0wi12IfKhxkEeWg\/OAZIOBkf9768NU=","nonce":1262864123,"seq":0,"tot":0}]
round 8 of 10
03-16 14:41:51.251 30923 30970 D MulticastServer: MULTICAST_SERVER_LISTENING
03-16 14:41:51.255 30923 30972 D MulticastServer: Registration process started with nonce: 1542702906
03-16 14:41:51.257 30923 30971 D MulticastClient: REQUEST_LEDGER 1542702906
03-16 14:41:51.259 30923 30971 D MulticastClient: Sent messages: [{"sender":"","payload":"","mt":"REQUEST_LEDGER","sig":"","nonce":1542702906,"seq":0,"tot":0}]
03-16 14:41:51.922 30923 30978 D MulticastServer: Received hash from 1@test.com: 4d4c12426cda9ee1d2f2fd15aa254a5754b3a1988173a7184db0dc1e3b44751a
03-16 14:41:51.981 30923 30978 D MulticastServer: Received hash from 3@test.com: 4d4c12426cda9ee1d2f2fd15aa254a5754b3a1988173a7184db0dc1e3b44751a
03-16 14:41:52.309 30923 30971 D MulticastServer: Received hash from 1@test.com: 4d4c12426cda9ee1d2f2fd15aa254a5754b3a1988173a7184db0dc1e3b44751a
03-16 14:41:52.348 30923 30978 D RegistrationHandler: FULL_LEDGER 1542702906
03-16 14:41:52.718 30923 30978 D MulticastServer: Received hash from 1@test.com: 4d4c12426cda9ee1d2f2fd15aa254a5754b3a1988173a7184db0dc1e3b44751a
03-16 14:41:52.811 30923 30978 D RegistrationHandler: FULL_LEDGER 1542702906
03-16 14:42:01.261 30923 30973 D RegistrationHandler: 1542702906 Accepted hash from 3@test.com: 4d4c12426cda9ee1d2f2fd15aa254a5754b3a1988173a7184db0dc1e3b44751a
03-16 14:42:01.265 30923 30978 D MulticastClient: Sent messages: [{"sender":"","payload":"3@test.com:4d4c12426cda9ee1d2f2fd15aa254a5754b3a1988173a7184db0dc1e3b44751a","mt":"REQUEST_SPECIFIC_LEDGER","sig":"","nonce":142019976,"seq":0,"tot":0}]
03-16 14:42:01.267 30923 30971 D MulticastServer: Received request for 3@test.com to send ledger with hash 4d4c12426cda9ee1d2f2fd15aa254a5754b3a1988173a7184db0dc1e3b44751a
03-16 14:42:01.268 30923 30975 D RegistrationHandler: 1542702906 Accepted hash from 3@test.com: 4d4c12426cda9ee1d2f2fd15aa254a5754b3a1988173a7184db0dc1e3b44751a
03-16 14:42:01.269 30923 30971 D MulticastClient: Sent messages: [{"sender":"","payload":"3@test.com:4d4c12426cda9ee1d2f2fd15aa254a5754b3a1988173a7184db0dc1e3b44751a","mt":"REQUEST_SPECIFIC_LEDGER","sig":"","nonce":591894055,"seq":0,"tot":0}]
03-16 14:42:01.270 30923 30979 D MulticastServer: Received request for 3@test.com to send ledger with hash 4d4c12426cda9ee1d2f2fd15aa254a5754b3a1988173a7184db0dc1e3b44751a
03-16 14:42:01.576 30923 30979 D MulticastServer: Registration process started with nonce: 591894055
03-16 14:42:01.577 30923 31004 D MulticastServer: Registration process started with nonce: 142019976
03-16 14:42:01.673 30923 30979 D MulticastServer: Received request for 3@test.com to send ledger with hash 4d4c12426cda9ee1d2f2fd15aa254a5754b3a1988173a7184db0dc1e3b44751a
03-16 14:42:01.675 30923 31004 D MulticastServer: Received request for 3@test.com to send ledger with hash 4d4c12426cda9ee1d2f2fd15aa254a5754b3a1988173a7184db0dc1e3b44751a
03-16 14:42:01.764 30923 30975 D RegistrationHandler: 1542702906 Accepted hash from 3@test.com: 4d4c12426cda9ee1d2f2fd15aa254a5754b3a1988173a7184db0dc1e3b44751a
03-16 14:42:01.767 30923 31012 D MulticastClient: Sent messages: [{"sender":"","payload":"3@test.com:4d4c12426cda9ee1d2f2fd15aa254a5754b3a1988173a7184db0dc1e3b44751a","mt":"REQUEST_SPECIFIC_LEDGER","sig":"","nonce":1357431139,"seq":0,"tot":0}]
03-16 14:42:01.769 30923 31004 D MulticastServer: Received request for 3@test.com to send ledger with hash 4d4c12426cda9ee1d2f2fd15aa254a5754b3a1988173a7184db0dc1e3b44751a
03-16 14:42:01.853 30923 31004 D RegistrationHandler: FULL_LEDGER 142019976
03-16 14:42:01.856 30923 30979 D RegistrationHandler: FULL_LEDGER 591894055
03-16 14:42:01.988 30923 30979 D RegistrationHandler: FULL_LEDGER 142019976
03-16 14:42:02.054 30923 30979 D MulticastServer: Registration process started with nonce: 1357431139
03-16 14:42:02.056 30923 31005 D MulticastServer: Registration process started with nonce: 1357431139
03-16 14:42:02.071 30923 30978 D MulticastServer: Received request for 3@test.com to send ledger with hash 4d4c12426cda9ee1d2f2fd15aa254a5754b3a1988173a7184db0dc1e3b44751a
03-16 14:42:02.072 30923 31013 D MulticastServer: Received request for 3@test.com to send ledger with hash 4d4c12426cda9ee1d2f2fd15aa254a5754b3a1988173a7184db0dc1e3b44751a
03-16 14:42:02.170 30923 30978 D MulticastServer: Received request for 3@test.com to send ledger with hash 4d4c12426cda9ee1d2f2fd15aa254a5754b3a1988173a7184db0dc1e3b44751a
03-16 14:42:02.257 30923 31013 D RegistrationHandler: FULL_LEDGER 142019976
03-16 14:42:02.257 30923 30978 D RegistrationHandler: FULL_LEDGER 591894055
03-16 14:42:02.263 30923 30975 D RegistrationHandler: 1542702906 Accepted hash from 1@test.com: 4d4c12426cda9ee1d2f2fd15aa254a5754b3a1988173a7184db0dc1e3b44751a
03-16 14:42:02.265 30923 30978 D MulticastClient: Sent messages: [{"sender":"","payload":"1@test.com:4d4c12426cda9ee1d2f2fd15aa254a5754b3a1988173a7184db0dc1e3b44751a","mt":"REQUEST_SPECIFIC_LEDGER","sig":"","nonce":758712147,"seq":0,"tot":0}]
03-16 14:42:02.266 30923 31013 D MulticastServer: Received request for 1@test.com to send ledger with hash 4d4c12426cda9ee1d2f2fd15aa254a5754b3a1988173a7184db0dc1e3b44751a
03-16 14:42:02.330 30923 31013 D RegistrationHandler: FULL_LEDGER 142019976
03-16 14:42:02.371 30923 31013 D RegistrationHandler: FULL_LEDGER 591894055
03-16 14:42:02.381 30923 31013 D RegistrationHandler: FULL_LEDGER 142019976
03-16 14:42:02.468 30923 31013 D RegistrationHandler: FULL_LEDGER 1357431139
03-16 14:42:02.469 30923 31005 D RegistrationHandler: FULL_LEDGER 1357431139
03-16 14:42:02.494 30923 31013 D RegistrationHandler: FULL_LEDGER 1357431139
03-16 14:42:02.548 30923 31013 D MulticastServer: Registration process started with nonce: 758712147
03-16 14:42:02.572 30923 31012 D MulticastServer: Received request for 3@test.com to send ledger with hash 4d4c12426cda9ee1d2f2fd15aa254a5754b3a1988173a7184db0dc1e3b44751a
03-16 14:42:02.579 30923 31012 D RegistrationHandler: FULL_LEDGER 758712147
03-16 14:42:02.662 30923 31012 D RegistrationHandler: FULL_LEDGER 142019976
03-16 14:42:02.666 30923 31012 D MulticastServer: Received request for 1@test.com to send ledger with hash 4d4c12426cda9ee1d2f2fd15aa254a5754b3a1988173a7184db0dc1e3b44751a
03-16 14:42:02.720 30923 31012 D RegistrationHandler: FULL_LEDGER 591894055
03-16 14:42:02.764 30923 30975 D RegistrationHandler: 1542702906 Registration started
03-16 14:42:02.770 30923 31020 D MulticastClient: Sent messages: [{"sender":"5@test.com","payload":"{\"ip\":\"192.168.1.97\",\"cert\":\"MIIBHDCBwqADAgECAgYBf5Ll+aQwCgYIKoZIzj0EAwIwFTETMBEGA1UEAwwKNUB0ZXN0LmNvbTAeFw0yMjAzMTUxMzIzMzlaFw0yNDAzMTYxMzIzMzlaMBUxEzARBgNVBAMMCjVAdGVzdC5jb20wWTATBgcqhkjOPQIBBggqhkjOPQMBBwNCAAS9OhThI4D6g\/iEXxfGklrIeXd9Z0M+diiJ9ljAgsIg42aeRti+qPdLXU1\/D9cRSqQkfwr3bPWV3oF684Iqni4MMAoGCCqGSM49BAMCA0kAMEYCIQDvSgAgKBB22Z\/ooyqUg64EcQUigPLpb+EEue5bwGydWgIhAKus7fYnj5hLAUwnPrCw9vZZ\/j2+Hst7+b4ASLL75Nl9\"}","mt":"BROADCAST_BLOCK","sig":"MEYCIQDS4lcNy75uNx1mJs+YANroL976twfGQmQLadzYrAgO8AIhANkScxMpjNUGjdztdLwEv24T5NnyTimy9LTU8LRIuq1L","nonce":1542702906,"seq":0,"tot":0}]
03-16 14:42:02.771 30923 30975 D MulticastServer: Registration process finished: 1542702906
03-16 14:42:02.773 30923 31012 D RegistrationHandler: FULL_LEDGER 142019976
03-16 14:42:02.867 30923 31013 D RegistrationHandler: FULL_LEDGER 1357431139
03-16 14:42:02.902 30923 31012 D RegistrationHandler: FULL_LEDGER 1357431139
03-16 14:42:02.971 30923 31012 D RegistrationHandler: FULL_LEDGER 1357431139
03-16 14:42:03.070 30923 30978 D MulticastServer: Received request for 1@test.com to send ledger with hash 4d4c12426cda9ee1d2f2fd15aa254a5754b3a1988173a7184db0dc1e3b44751a
03-16 14:42:03.093 30923 30978 D RegistrationHandler: FULL_LEDGER 142019976
03-16 14:42:03.279 30923 30978 D RegistrationHandler: FULL_LEDGER 1357431139
03-16 14:42:03.376 30923 31013 D RegistrationHandler: FULL_LEDGER 1357431139
03-16 14:42:03.792 30923 31013 D RegistrationHandler: FULL_LEDGER 1357431139
03-16 14:42:04.059 30923 31016 D MulticastServer: Registration process finished: 1357431139
round 9 of 10
03-16 14:43:26.607 31059 31106 D MulticastServer: MULTICAST_SERVER_LISTENING
03-16 14:43:26.611 31059 31108 D MulticastServer: Registration process started with nonce: 126280559
03-16 14:43:26.614 31059 31107 D MulticastClient: REQUEST_LEDGER 126280559
03-16 14:43:26.615 31059 31107 D MulticastClient: Sent messages: [{"sender":"","payload":"","mt":"REQUEST_LEDGER","sig":"","nonce":126280559,"seq":0,"tot":0}]
03-16 14:43:26.913 31059 31112 D RegistrationHandler: FULL_LEDGER 126280559
03-16 14:43:26.915 31059 31112 D MulticastServer: Received hash from 3@test.com: 4d4c12426cda9ee1d2f2fd15aa254a5754b3a1988173a7184db0dc1e3b44751a
03-16 14:43:27.267 31059 31112 D MulticastServer: Received hash from 1@test.com: 4d4c12426cda9ee1d2f2fd15aa254a5754b3a1988173a7184db0dc1e3b44751a
03-16 14:43:27.320 31059 31112 D MulticastServer: Received hash from 3@test.com: 4d4c12426cda9ee1d2f2fd15aa254a5754b3a1988173a7184db0dc1e3b44751a
03-16 14:43:27.647 31059 31112 D MulticastServer: Received hash from 1@test.com: 4d4c12426cda9ee1d2f2fd15aa254a5754b3a1988173a7184db0dc1e3b44751a
03-16 14:43:27.649 31059 31107 D MulticastServer: Received hash from 2@test.com: 4d4c12426cda9ee1d2f2fd15aa254a5754b3a1988173a7184db0dc1e3b44751a
03-16 14:43:27.683 31059 31107 D MulticastServer: Received hash from 3@test.com: 4d4c12426cda9ee1d2f2fd15aa254a5754b3a1988173a7184db0dc1e3b44751a
03-16 14:43:27.700 31059 31112 D RegistrationHandler: FULL_LEDGER 126280559
03-16 14:43:36.620 31059 31109 D RegistrationHandler: ACCEPTED_LEDGER 126280559 5
03-16 14:43:36.625 31059 31109 D RegistrationHandler: 126280559 Registration started
03-16 14:43:36.632 31059 31109 D MulticastServer: Registration process finished: 126280559
03-16 14:43:36.639 31059 31112 D MulticastClient: Sent messages: [{"sender":"5@test.com","payload":"{\"ip\":\"192.168.1.97\",\"cert\":\"MIIBHDCBwqADAgECAgYBf5Ll+aQwCgYIKoZIzj0EAwIwFTETMBEGA1UEAwwKNUB0ZXN0LmNvbTAeFw0yMjAzMTUxMzIzMzlaFw0yNDAzMTYxMzIzMzlaMBUxEzARBgNVBAMMCjVAdGVzdC5jb20wWTATBgcqhkjOPQIBBggqhkjOPQMBBwNCAAS9OhThI4D6g\/iEXxfGklrIeXd9Z0M+diiJ9ljAgsIg42aeRti+qPdLXU1\/D9cRSqQkfwr3bPWV3oF684Iqni4MMAoGCCqGSM49BAMCA0kAMEYCIQDvSgAgKBB22Z\/ooyqUg64EcQUigPLpb+EEue5bwGydWgIhAKus7fYnj5hLAUwnPrCw9vZZ\/j2+Hst7+b4ASLL75Nl9\"}","mt":"BROADCAST_BLOCK","sig":"MEUCIQCXUBCFNaLL5lz4qf5odEFPuN2xtT8rsXd7rt6hOiY06wIgARr87U52IH9lbZshnaKbaRXO8ZENXCCmX13qeJJjt\/8=","nonce":126280559,"seq":0,"tot":0}]
round 10 of 10
03-16 14:45:01.681 31223 31272 D MulticastServer: MULTICAST_SERVER_LISTENING
03-16 14:45:01.683 31223 31274 D MulticastServer: Registration process started with nonce: 2070130991
03-16 14:45:01.686 31223 31278 D MulticastClient: REQUEST_LEDGER 2070130991
03-16 14:45:01.691 31223 31278 D MulticastClient: Sent messages: [{"sender":"","payload":"","mt":"REQUEST_LEDGER","sig":"","nonce":2070130991,"seq":0,"tot":0}]
03-16 14:45:01.846 31223 31281 D MulticastServer: Received hash from 1@test.com: 4d4c12426cda9ee1d2f2fd15aa254a5754b3a1988173a7184db0dc1e3b44751a
03-16 14:45:01.853 31223 31281 D MulticastServer: Received hash from 2@test.com: 4d4c12426cda9ee1d2f2fd15aa254a5754b3a1988173a7184db0dc1e3b44751a
03-16 14:45:01.941 31223 31281 D RegistrationHandler: FULL_LEDGER 2070130991
03-16 14:45:01.965 31223 31280 D MulticastServer: Received hash from 3@test.com: 4d4c12426cda9ee1d2f2fd15aa254a5754b3a1988173a7184db0dc1e3b44751a
03-16 14:45:02.259 31223 31281 D MulticastServer: Received hash from 1@test.com: 4d4c12426cda9ee1d2f2fd15aa254a5754b3a1988173a7184db0dc1e3b44751a
03-16 14:45:02.299 31223 31281 D RegistrationHandler: FULL_LEDGER 2070130991
03-16 14:45:02.336 31223 31281 D MulticastServer: Received hash from 2@test.com: 4d4c12426cda9ee1d2f2fd15aa254a5754b3a1988173a7184db0dc1e3b44751a
03-16 14:45:02.349 31223 31281 D MulticastServer: Received hash from 3@test.com: 4d4c12426cda9ee1d2f2fd15aa254a5754b3a1988173a7184db0dc1e3b44751a
03-16 14:45:02.674 31223 31281 D MulticastServer: Received hash from 1@test.com: 4d4c12426cda9ee1d2f2fd15aa254a5754b3a1988173a7184db0dc1e3b44751a
03-16 14:45:02.675 31223 31280 D MulticastServer: Received hash from 2@test.com: 4d4c12426cda9ee1d2f2fd15aa254a5754b3a1988173a7184db0dc1e3b44751a
03-16 14:45:02.756 31223 31280 D MulticastServer: Received hash from 3@test.com: 4d4c12426cda9ee1d2f2fd15aa254a5754b3a1988173a7184db0dc1e3b44751a
03-16 14:45:11.691 31223 31275 D RegistrationHandler: ACCEPTED_LEDGER 2070130991 5
03-16 14:45:11.694 31223 31275 D RegistrationHandler: 2070130991 Registration started
03-16 14:45:11.699 31223 31275 D MulticastServer: Registration process finished: 2070130991
03-16 14:45:11.702 31223 31280 D MulticastClient: Sent messages: [{"sender":"5@test.com","payload":"{\"ip\":\"192.168.1.97\",\"cert\":\"MIIBHDCBwqADAgECAgYBf5Ll+aQwCgYIKoZIzj0EAwIwFTETMBEGA1UEAwwKNUB0ZXN0LmNvbTAeFw0yMjAzMTUxMzIzMzlaFw0yNDAzMTYxMzIzMzlaMBUxEzARBgNVBAMMCjVAdGVzdC5jb20wWTATBgcqhkjOPQIBBggqhkjOPQMBBwNCAAS9OhThI4D6g\/iEXxfGklrIeXd9Z0M+diiJ9ljAgsIg42aeRti+qPdLXU1\/D9cRSqQkfwr3bPWV3oF684Iqni4MMAoGCCqGSM49BAMCA0kAMEYCIQDvSgAgKBB22Z\/ooyqUg64EcQUigPLpb+EEue5bwGydWgIhAKus7fYnj5hLAUwnPrCw9vZZ\/j2+Hst7+b4ASLL75Nl9\"}","mt":"BROADCAST_BLOCK","sig":"MEUCIQDVWL7hRUcb5p7Fq55SOTe6KBiDTGNc9ngkmbcDwWe7eAIgFMd2EMF2umyCLrasQ+UXbyXtJzywidtS3z1N9KX6h\/0=","nonce":2070130991,"seq":0,"tot":0}]
