Number of rounds: 10
round 1 of 10
--------- beginning of main
03-16 14:30:18.196 32171  1513 D MulticastServer: MULTICAST_SERVER_LISTENING
03-16 14:30:18.198 32171  1531 D MulticastServer: Registration process started with nonce: 1308655906
03-16 14:30:18.201 32171  1523 D MulticastClient: REQUEST_LEDGER 1308655906
03-16 14:30:18.202 32171  1523 D MulticastClient: Sent messages: [{"sender":"","payload":"","mt":"REQUEST_LEDGER","sig":"","nonce":1308655906,"seq":0,"tot":0}]
03-16 14:30:18.416 32171  1541 D RegistrationHandler: FULL_LEDGER 1308655906
03-16 14:30:18.469 32171  1541 D MulticastServer: Received hash from 3@test.com: 58bd4632887849d74eb9cacc4b3fdc2e32cf4912076f15d4fb0b301c9ec06865
03-16 14:30:18.822 32171  1542 D RegistrationHandler: FULL_LEDGER 1308655906
03-16 14:30:18.889 32171  1542 D MulticastServer: Received hash from 3@test.com: 58bd4632887849d74eb9cacc4b3fdc2e32cf4912076f15d4fb0b301c9ec06865
03-16 14:30:19.208 32171  1523 D RegistrationHandler: FULL_LEDGER 1308655906
03-16 14:30:19.292 32171  1523 D MulticastServer: Received hash from 3@test.com: 58bd4632887849d74eb9cacc4b3fdc2e32cf4912076f15d4fb0b301c9ec06865
03-16 14:30:28.208 32171  1532 D RegistrationHandler: ACCEPTED_LEDGER 1308655906 3
03-16 14:30:28.212 32171  1532 D RegistrationHandler: 1308655906 Registration started
03-16 14:30:28.219 32171  1523 D MulticastClient: Sent messages: [{"sender":"1@test.com","payload":"{\"ip\":\"192.168.1.126\",\"cert\":\"MIIBHDCBwqADAgECAgYBf5LhKoUwCgYIKoZIzj0EAwIwFTETMBEGA1UEAwwKMUB0ZXN0LmNvbTAeFw0yMjAzMTUxMzE4MjRaFw0yNDAzMTYxMzE4MjRaMBUxEzARBgNVBAMMCjFAdGVzdC5jb20wWTATBgcqhkjOPQIBBggqhkjOPQMBBwNCAARygid4IUjQcO5q061zUYi\/H7lvnalm9LjGvCXUiUKNjFkRZCQQHkQr3g5NSREvlv8eDTjoMpzkwAR2X7BGjdlzMAoGCCqGSM49BAMCA0kAMEYCIQCiHMll2QZaqlteytfUXQC9N+f0vW3g05QfhOXX51uZkQIhAOqRAe\/npOy8z8s0m0jcslsGFJ4m0z8mdDgpGZNaRRtS\"}","mt":"BROADCAST_BLOCK","sig":"MEUCICqKwsnSjo0q2y2UM7tTktNRc3Hz5a\/BYy1Z+lI9uRYeAiEA5ITpeDIq83EOEKWgvFhFFxLakTyi6W\/hODpthF+Kcrg=","nonce":1308655906,"seq":0,"tot":0}]
03-16 14:30:28.220 32171  1532 D MulticastServer: Registration process finished: 1308655906
03-16 14:30:33.474 32171  1523 D MulticastServer: Registration process started with nonce: 304797059
03-16 14:30:33.477 32171  1523 D MulticastServer: Received request for ledger with nonce: 304797059.
03-16 14:30:33.505 32171  1523 D MulticastClient: Sent messages: [{"sender":"{\"ip\":\"192.168.1.126\",\"cert\":\"MIIBHDCBwqADAgECAgYBf5LhKoUwCgYIKoZIzj0EAwIwFTETMBEGA1UEAwwKMUB0ZXN0LmNvbTAeFw0yMjAzMTUxMzE4MjRaFw0yNDAzMTYxMzE4MjRaMBUxEzARBgNVBAMMCjFAdGVzdC5jb20wWTATBgcqhkjOPQIBBggqhkjOPQMBBwNCAARygid4IUjQcO5q061zUYi\/H7lvnalm9LjGvCXUiUKNjFkRZCQQHkQr3g5NSREvlv8eDTjoMpzkwAR2X7BGjdlzMAoGCCqGSM49BAMCA0kAMEYCIQCiHMll2QZaqlteytfUXQC9N+f0vW3g05QfhOXX51uZkQIhAOqRAe\/npOy8z8s0m0jcslsGFJ4m0z8mdDgpGZNaRRtS\"}","payload":"ebc2d79deb8acdf3834d685804ac4660b2b01356e5e6c77ab7f0b16d64372396","mt":"LEDGER_HASH","sig":"MEYCIQC+uZffdA5piWSGS4s1O\/lBivwHMCHrNkOJeXepN+g7MAIhAOoU\/8i1UXT02lQgkhrke2Gc9Im0bQL\/sOO3kIZihKtX","nonce":304797059,"seq":0,"tot":0}]
03-16 14:30:33.552 32171  1542 D MulticastServer: Received hash from 3@test.com: ebc2d79deb8acdf3834d685804ac4660b2b01356e5e6c77ab7f0b16d64372396
03-16 14:30:33.596 32171  1621 D RegistrationHandler: FULL_LEDGER 304797059
03-16 14:30:33.966 32171  1542 D RegistrationHandler: FULL_LEDGER 304797059
03-16 14:30:33.969 32171  1621 D RegistrationHandler: FULL_LEDGER 304797059
03-16 14:30:33.989 32171  1621 D MulticastServer: Received hash from 3@test.com: ebc2d79deb8acdf3834d685804ac4660b2b01356e5e6c77ab7f0b16d64372396
03-16 14:30:34.367 32171  1523 D RegistrationHandler: FULL_LEDGER 304797059
03-16 14:30:34.407 32171  1523 D MulticastServer: Received hash from 3@test.com: ebc2d79deb8acdf3834d685804ac4660b2b01356e5e6c77ab7f0b16d64372396
03-16 14:30:43.468 32171  1523 D MulticastServer: Broadcast block received {"ip":"192.168.1.90","cert":"MIIBGzCBwqADAgECAgYBf5Lh/YgwCgYIKoZIzj0EAwIwFTETMBEGA1UEAwwKMkB0ZXN0LmNvbTAeFw0yMjAzMTUxMzE5MThaFw0yNDAzMTYxMzE5MThaMBUxEzARBgNVBAMMCjJAdGVzdC5jb20wWTATBgcqhkjOPQIBBggqhkjOPQMBBwNCAAS+Y1FtdGs8Ucfiq/zWhVaVn4ZBowDRf+LHkKkDUQijyqT6F1OlcBHKlpSdutzah71G6VCq62b3AWQkp086ORMGMAoGCCqGSM49BAMCA0gAMEUCIHH+qCw7c9P4WGmGxr+Z6u3tdZRz/XeTlZiocA09UDaoAiEA977yY+pelaDu67wtccznceHBT4wGLWjjfzyxyDdr/lY="}
03-16 14:30:43.479 32171  1664 D RegistrationHandler: ACCEPTED_LEDGER 304797059 4
03-16 14:30:43.482 32171  1664 D MulticastServer: Registration process finished: 304797059
03-16 14:30:43.886 32171  1523 D MulticastServer: Broadcast block received {"ip":"192.168.1.90","cert":"MIIBGzCBwqADAgECAgYBf5Lh/YgwCgYIKoZIzj0EAwIwFTETMBEGA1UEAwwKMkB0ZXN0LmNvbTAeFw0yMjAzMTUxMzE5MThaFw0yNDAzMTYxMzE5MThaMBUxEzARBgNVBAMMCjJAdGVzdC5jb20wWTATBgcqhkjOPQIBBggqhkjOPQMBBwNCAAS+Y1FtdGs8Ucfiq/zWhVaVn4ZBowDRf+LHkKkDUQijyqT6F1OlcBHKlpSdutzah71G6VCq62b3AWQkp086ORMGMAoGCCqGSM49BAMCA0gAMEUCIHH+qCw7c9P4WGmGxr+Z6u3tdZRz/XeTlZiocA09UDaoAiEA977yY+pelaDu67wtccznceHBT4wGLWjjfzyxyDdr/lY="}
03-16 14:30:44.385 32171  1523 D MulticastServer: Broadcast block received {"ip":"192.168.1.90","cert":"MIIBGzCBwqADAgECAgYBf5Lh/YgwCgYIKoZIzj0EAwIwFTETMBEGA1UEAwwKMkB0ZXN0LmNvbTAeFw0yMjAzMTUxMzE5MThaFw0yNDAzMTYxMzE5MThaMBUxEzARBgNVBAMMCjJAdGVzdC5jb20wWTATBgcqhkjOPQIBBggqhkjOPQMBBwNCAAS+Y1FtdGs8Ucfiq/zWhVaVn4ZBowDRf+LHkKkDUQijyqT6F1OlcBHKlpSdutzah71G6VCq62b3AWQkp086ORMGMAoGCCqGSM49BAMCA0gAMEUCIHH+qCw7c9P4WGmGxr+Z6u3tdZRz/XeTlZiocA09UDaoAiEA977yY+pelaDu67wtccznceHBT4wGLWjjfzyxyDdr/lY="}
03-16 14:30:48.681 32171  1523 D MulticastServer: Registration process started with nonce: 1735794636
03-16 14:30:48.684 32171  1523 D MulticastServer: Received request for ledger with nonce: 1735794636.
03-16 14:30:48.709 32171  1542 D MulticastClient: Sent messages: [{"sender":"{\"ip\":\"192.168.1.126\",\"cert\":\"MIIBHDCBwqADAgECAgYBf5LhKoUwCgYIKoZIzj0EAwIwFTETMBEGA1UEAwwKMUB0ZXN0LmNvbTAeFw0yMjAzMTUxMzE4MjRaFw0yNDAzMTYxMzE4MjRaMBUxEzARBgNVBAMMCjFAdGVzdC5jb20wWTATBgcqhkjOPQIBBggqhkjOPQMBBwNCAARygid4IUjQcO5q061zUYi\/H7lvnalm9LjGvCXUiUKNjFkRZCQQHkQr3g5NSREvlv8eDTjoMpzkwAR2X7BGjdlzMAoGCCqGSM49BAMCA0kAMEYCIQCiHMll2QZaqlteytfUXQC9N+f0vW3g05QfhOXX51uZkQIhAOqRAe\/npOy8z8s0m0jcslsGFJ4m0z8mdDgpGZNaRRtS\"}","payload":"4d4c12426cda9ee1d2f2fd15aa254a5754b3a1988173a7184db0dc1e3b44751a","mt":"LEDGER_HASH","sig":"MEYCIQDcxIpwZEjvn7m5iXV9GP\/IFoKPh9GKYkCTpYFjyFwKHAIhAKi+HSdht3z5uB4qB7M59VtNkXwDcHNhFnKdUcOwxV90","nonce":1735794636,"seq":0,"tot":0}]
03-16 14:30:48.785 32171  1523 D MulticastServer: Received hash from 2@test.com: 4d4c12426cda9ee1d2f2fd15aa254a5754b3a1988173a7184db0dc1e3b44751a
03-16 14:30:48.859 32171  1523 D RegistrationHandler: FULL_LEDGER 1735794636
03-16 14:30:48.926 32171  1523 D RegistrationHandler: FULL_LEDGER 1735794636
03-16 14:30:48.927 32171  1621 D MulticastServer: Received hash from 3@test.com: 4d4c12426cda9ee1d2f2fd15aa254a5754b3a1988173a7184db0dc1e3b44751a
03-16 14:30:49.223 32171  1621 D MulticastServer: Received hash from 3@test.com: 4d4c12426cda9ee1d2f2fd15aa254a5754b3a1988173a7184db0dc1e3b44751a
03-16 14:30:49.281 32171  1621 D MulticastServer: Received hash from 2@test.com: 4d4c12426cda9ee1d2f2fd15aa254a5754b3a1988173a7184db0dc1e3b44751a
03-16 14:30:49.654 32171  1621 D MulticastServer: Received hash from 3@test.com: 4d4c12426cda9ee1d2f2fd15aa254a5754b3a1988173a7184db0dc1e3b44751a
03-16 14:30:49.667 32171  1621 D MulticastServer: Received hash from 2@test.com: 4d4c12426cda9ee1d2f2fd15aa254a5754b3a1988173a7184db0dc1e3b44751a
03-16 14:30:58.691 32171  1712 D RegistrationHandler: ACCEPTED_LEDGER 1735794636 5
03-16 14:30:58.693 32171  1712 D MulticastServer: Registration process finished: 1735794636
03-16 14:30:58.721 32171  1621 D MulticastServer: Broadcast block received {"ip":"192.168.1.97","cert":"MIIBHDCBwqADAgECAgYBf5Ll+aQwCgYIKoZIzj0EAwIwFTETMBEGA1UEAwwKNUB0ZXN0LmNvbTAeFw0yMjAzMTUxMzIzMzlaFw0yNDAzMTYxMzIzMzlaMBUxEzARBgNVBAMMCjVAdGVzdC5jb20wWTATBgcqhkjOPQIBBggqhkjOPQMBBwNCAAS9OhThI4D6g/iEXxfGklrIeXd9Z0M+diiJ9ljAgsIg42aeRti+qPdLXU1/D9cRSqQkfwr3bPWV3oF684Iqni4MMAoGCCqGSM49BAMCA0kAMEYCIQDvSgAgKBB22Z/ooyqUg64EcQUigPLpb+EEue5bwGydWgIhAKus7fYnj5hLAUwnPrCw9vZZ/j2+Hst7+b4ASLL75Nl9"}
round 2 of 10
03-16 14:31:52.941  1833  1890 D MulticastServer: MULTICAST_SERVER_LISTENING
03-16 14:31:52.943  1833  1892 D MulticastServer: Registration process started with nonce: 1266391065
03-16 14:31:52.946  1833  1891 D MulticastClient: REQUEST_LEDGER 1266391065
03-16 14:31:52.947  1833  1891 D MulticastClient: Sent messages: [{"sender":"","payload":"","mt":"REQUEST_LEDGER","sig":"","nonce":1266391065,"seq":0,"tot":0}]
03-16 14:31:53.215  1833  1904 D RegistrationHandler: FULL_LEDGER 1266391065
03-16 14:31:53.234  1833  1903 D RegistrationHandler: FULL_LEDGER 1266391065
03-16 14:31:53.291  1833  1903 D MulticastServer: Received hash from 3@test.com: 58bd4632887849d74eb9cacc4b3fdc2e32cf4912076f15d4fb0b301c9ec06865
03-16 14:31:54.121  1833  1927 D MulticastServer: Received hash from 3@test.com: 58bd4632887849d74eb9cacc4b3fdc2e32cf4912076f15d4fb0b301c9ec06865
03-16 14:32:02.951  1833  1893 D RegistrationHandler: ACCEPTED_LEDGER 1266391065 3
03-16 14:32:02.954  1833  1893 D RegistrationHandler: 1266391065 Registration started
03-16 14:32:02.959  1833  1893 D MulticastServer: Registration process finished: 1266391065
03-16 14:32:02.962  1833  1927 D MulticastClient: Sent messages: [{"sender":"1@test.com","payload":"{\"ip\":\"192.168.1.126\",\"cert\":\"MIIBHDCBwqADAgECAgYBf5LhKoUwCgYIKoZIzj0EAwIwFTETMBEGA1UEAwwKMUB0ZXN0LmNvbTAeFw0yMjAzMTUxMzE4MjRaFw0yNDAzMTYxMzE4MjRaMBUxEzARBgNVBAMMCjFAdGVzdC5jb20wWTATBgcqhkjOPQIBBggqhkjOPQMBBwNCAARygid4IUjQcO5q061zUYi\/H7lvnalm9LjGvCXUiUKNjFkRZCQQHkQr3g5NSREvlv8eDTjoMpzkwAR2X7BGjdlzMAoGCCqGSM49BAMCA0kAMEYCIQCiHMll2QZaqlteytfUXQC9N+f0vW3g05QfhOXX51uZkQIhAOqRAe\/npOy8z8s0m0jcslsGFJ4m0z8mdDgpGZNaRRtS\"}","mt":"BROADCAST_BLOCK","sig":"MEUCIQC6+3BFD1dR4k3+td0mpDuO7EKLHcuBnw9jopJ5WjnAjAIgefFi7OPJzIlb96Fv2A6Qup9C8nYMzZ4CneWfEmnMRi4=","nonce":1266391065,"seq":0,"tot":0}]
03-16 14:32:08.664  1833  1903 D MulticastServer: Registration process started with nonce: 1974851819
03-16 14:32:08.668  1833  1903 D MulticastServer: Received request for ledger with nonce: 1974851819.
03-16 14:32:08.721  1833  1891 D MulticastClient: Sent messages: [{"sender":"{\"ip\":\"192.168.1.126\",\"cert\":\"MIIBHDCBwqADAgECAgYBf5LhKoUwCgYIKoZIzj0EAwIwFTETMBEGA1UEAwwKMUB0ZXN0LmNvbTAeFw0yMjAzMTUxMzE4MjRaFw0yNDAzMTYxMzE4MjRaMBUxEzARBgNVBAMMCjFAdGVzdC5jb20wWTATBgcqhkjOPQIBBggqhkjOPQMBBwNCAARygid4IUjQcO5q061zUYi\/H7lvnalm9LjGvCXUiUKNjFkRZCQQHkQr3g5NSREvlv8eDTjoMpzkwAR2X7BGjdlzMAoGCCqGSM49BAMCA0kAMEYCIQCiHMll2QZaqlteytfUXQC9N+f0vW3g05QfhOXX51uZkQIhAOqRAe\/npOy8z8s0m0jcslsGFJ4m0z8mdDgpGZNaRRtS\"}","payload":"ebc2d79deb8acdf3834d685804ac4660b2b01356e5e6c77ab7f0b16d64372396","mt":"LEDGER_HASH","sig":"MEUCID92FrIjY+mWXsB3sk5vLypNt\/GRjR98YX\/AoyqZikDGAiEAtJtMpVkeh37KvwxNog4MTXI0f8ItNcwQEtnbMQmVJSI=","nonce":1974851819,"seq":0,"tot":0}]
03-16 14:32:08.831  1833  1927 D RegistrationHandler: FULL_LEDGER 1974851819
03-16 14:32:08.838  1833  1904 D RegistrationHandler: FULL_LEDGER 1974851819
03-16 14:32:08.847  1833  1904 D MulticastServer: Received hash from 3@test.com: ebc2d79deb8acdf3834d685804ac4660b2b01356e5e6c77ab7f0b16d64372396
03-16 14:32:09.194  1833  1927 D RegistrationHandler: FULL_LEDGER 1974851819
03-16 14:32:09.258  1833  1927 D MulticastServer: Received hash from 3@test.com: ebc2d79deb8acdf3834d685804ac4660b2b01356e5e6c77ab7f0b16d64372396
03-16 14:32:09.604  1833  1927 D MulticastServer: Received hash from 3@test.com: ebc2d79deb8acdf3834d685804ac4660b2b01356e5e6c77ab7f0b16d64372396
03-16 14:32:18.298  1833  1927 D MulticastServer: Broadcast block received {"ip":"192.168.1.90","cert":"MIIBGzCBwqADAgECAgYBf5Lh/YgwCgYIKoZIzj0EAwIwFTETMBEGA1UEAwwKMkB0ZXN0LmNvbTAeFw0yMjAzMTUxMzE5MThaFw0yNDAzMTYxMzE5MThaMBUxEzARBgNVBAMMCjJAdGVzdC5jb20wWTATBgcqhkjOPQIBBggqhkjOPQMBBwNCAAS+Y1FtdGs8Ucfiq/zWhVaVn4ZBowDRf+LHkKkDUQijyqT6F1OlcBHKlpSdutzah71G6VCq62b3AWQkp086ORMGMAoGCCqGSM49BAMCA0gAMEUCIHH+qCw7c9P4WGmGxr+Z6u3tdZRz/XeTlZiocA09UDaoAiEA977yY+pelaDu67wtccznceHBT4wGLWjjfzyxyDdr/lY="}
03-16 14:32:18.672  1833  1945 D RegistrationHandler: ACCEPTED_LEDGER 1974851819 4
03-16 14:32:18.674  1833  1945 D MulticastServer: Registration process finished: 1974851819
03-16 14:32:19.214  1833  1927 D MulticastServer: Broadcast block received {"ip":"192.168.1.90","cert":"MIIBGzCBwqADAgECAgYBf5Lh/YgwCgYIKoZIzj0EAwIwFTETMBEGA1UEAwwKMkB0ZXN0LmNvbTAeFw0yMjAzMTUxMzE5MThaFw0yNDAzMTYxMzE5MThaMBUxEzARBgNVBAMMCjJAdGVzdC5jb20wWTATBgcqhkjOPQIBBggqhkjOPQMBBwNCAAS+Y1FtdGs8Ucfiq/zWhVaVn4ZBowDRf+LHkKkDUQijyqT6F1OlcBHKlpSdutzah71G6VCq62b3AWQkp086ORMGMAoGCCqGSM49BAMCA0gAMEUCIHH+qCw7c9P4WGmGxr+Z6u3tdZRz/XeTlZiocA09UDaoAiEA977yY+pelaDu67wtccznceHBT4wGLWjjfzyxyDdr/lY="}
03-16 14:32:23.505  1833  1927 D MulticastServer: Registration process started with nonce: 1767329646
03-16 14:32:23.507  1833  1927 D MulticastServer: Received request for ledger with nonce: 1767329646.
03-16 14:32:23.532  1833  1927 D MulticastClient: Sent messages: [{"sender":"{\"ip\":\"192.168.1.126\",\"cert\":\"MIIBHDCBwqADAgECAgYBf5LhKoUwCgYIKoZIzj0EAwIwFTETMBEGA1UEAwwKMUB0ZXN0LmNvbTAeFw0yMjAzMTUxMzE4MjRaFw0yNDAzMTYxMzE4MjRaMBUxEzARBgNVBAMMCjFAdGVzdC5jb20wWTATBgcqhkjOPQIBBggqhkjOPQMBBwNCAARygid4IUjQcO5q061zUYi\/H7lvnalm9LjGvCXUiUKNjFkRZCQQHkQr3g5NSREvlv8eDTjoMpzkwAR2X7BGjdlzMAoGCCqGSM49BAMCA0kAMEYCIQCiHMll2QZaqlteytfUXQC9N+f0vW3g05QfhOXX51uZkQIhAOqRAe\/npOy8z8s0m0jcslsGFJ4m0z8mdDgpGZNaRRtS\"}","payload":"4d4c12426cda9ee1d2f2fd15aa254a5754b3a1988173a7184db0dc1e3b44751a","mt":"LEDGER_HASH","sig":"MEQCIBAFDBwqWkADdBw5d\/TaczJsA6BWbgQ0AvKw4RgLPSYWAiAziMgMbnCOC67gDg9bDqa8x1+iUToICaTZvKWTin8nMg==","nonce":1767329646,"seq":0,"tot":0}]
03-16 14:32:23.643  1833  1903 D MulticastServer: Received hash from 2@test.com: 4d4c12426cda9ee1d2f2fd15aa254a5754b3a1988173a7184db0dc1e3b44751a
03-16 14:32:23.693  1833  1904 D RegistrationHandler: FULL_LEDGER 1767329646
03-16 14:32:23.752  1833  1891 D MulticastServer: Received hash from 3@test.com: 4d4c12426cda9ee1d2f2fd15aa254a5754b3a1988173a7184db0dc1e3b44751a
03-16 14:32:23.759  1833  1904 D RegistrationHandler: FULL_LEDGER 1767329646
03-16 14:32:24.024  1833  1903 D MulticastServer: Received hash from 2@test.com: 4d4c12426cda9ee1d2f2fd15aa254a5754b3a1988173a7184db0dc1e3b44751a
03-16 14:32:24.037  1833  1904 D MulticastServer: Received hash from 3@test.com: 4d4c12426cda9ee1d2f2fd15aa254a5754b3a1988173a7184db0dc1e3b44751a
03-16 14:32:24.476  1833  1904 D MulticastServer: Received hash from 3@test.com: 4d4c12426cda9ee1d2f2fd15aa254a5754b3a1988173a7184db0dc1e3b44751a
03-16 14:32:33.513  1833  1960 D RegistrationHandler: ACCEPTED_LEDGER 1767329646 5
03-16 14:32:33.515  1833  1960 D MulticastServer: Registration process finished: 1767329646
03-16 14:32:33.630  1833  1904 D MulticastServer: Broadcast block received {"ip":"192.168.1.97","cert":"MIIBHDCBwqADAgECAgYBf5Ll+aQwCgYIKoZIzj0EAwIwFTETMBEGA1UEAwwKNUB0ZXN0LmNvbTAeFw0yMjAzMTUxMzIzMzlaFw0yNDAzMTYxMzIzMzlaMBUxEzARBgNVBAMMCjVAdGVzdC5jb20wWTATBgcqhkjOPQIBBggqhkjOPQMBBwNCAAS9OhThI4D6g/iEXxfGklrIeXd9Z0M+diiJ9ljAgsIg42aeRti+qPdLXU1/D9cRSqQkfwr3bPWV3oF684Iqni4MMAoGCCqGSM49BAMCA0kAMEYCIQDvSgAgKBB22Z/ooyqUg64EcQUigPLpb+EEue5bwGydWgIhAKus7fYnj5hLAUwnPrCw9vZZ/j2+Hst7+b4ASLL75Nl9"}
03-16 14:32:33.637  1833  1904 D MulticastServer: Received request for 3@test.com to send ledger with hash 4d4c12426cda9ee1d2f2fd15aa254a5754b3a1988173a7184db0dc1e3b44751a
03-16 14:32:33.651  1833  1904 D MulticastServer: Registration process started with nonce: 766271908
03-16 14:32:33.956  1833  1903 D MulticastServer: Broadcast block received {"ip":"192.168.1.97","cert":"MIIBHDCBwqADAgECAgYBf5Ll+aQwCgYIKoZIzj0EAwIwFTETMBEGA1UEAwwKNUB0ZXN0LmNvbTAeFw0yMjAzMTUxMzIzMzlaFw0yNDAzMTYxMzIzMzlaMBUxEzARBgNVBAMMCjVAdGVzdC5jb20wWTATBgcqhkjOPQIBBggqhkjOPQMBBwNCAAS9OhThI4D6g/iEXxfGklrIeXd9Z0M+diiJ9ljAgsIg42aeRti+qPdLXU1/D9cRSqQkfwr3bPWV3oF684Iqni4MMAoGCCqGSM49BAMCA0kAMEYCIQDvSgAgKBB22Z/ooyqUg64EcQUigPLpb+EEue5bwGydWgIhAKus7fYnj5hLAUwnPrCw9vZZ/j2+Hst7+b4ASLL75Nl9"}
03-16 14:32:34.054  1833  1903 D MulticastServer: Received request for 3@test.com to send ledger with hash 4d4c12426cda9ee1d2f2fd15aa254a5754b3a1988173a7184db0dc1e3b44751a
03-16 14:32:34.096  1833  1903 D RegistrationHandler: FULL_LEDGER 766271908
03-16 14:32:34.363  1833  1903 D MulticastServer: Broadcast block received {"ip":"192.168.1.97","cert":"MIIBHDCBwqADAgECAgYBf5Ll+aQwCgYIKoZIzj0EAwIwFTETMBEGA1UEAwwKNUB0ZXN0LmNvbTAeFw0yMjAzMTUxMzIzMzlaFw0yNDAzMTYxMzIzMzlaMBUxEzARBgNVBAMMCjVAdGVzdC5jb20wWTATBgcqhkjOPQIBBggqhkjOPQMBBwNCAAS9OhThI4D6g/iEXxfGklrIeXd9Z0M+diiJ9ljAgsIg42aeRti+qPdLXU1/D9cRSqQkfwr3bPWV3oF684Iqni4MMAoGCCqGSM49BAMCA0kAMEYCIQDvSgAgKBB22Z/ooyqUg64EcQUigPLpb+EEue5bwGydWgIhAKus7fYnj5hLAUwnPrCw9vZZ/j2+Hst7+b4ASLL75Nl9"}
03-16 14:32:34.486  1833  1903 D RegistrationHandler: FULL_LEDGER 766271908
03-16 14:32:34.770  1833  1903 D MulticastServer: Received request for 1@test.com to send ledger with hash 4d4c12426cda9ee1d2f2fd15aa254a5754b3a1988173a7184db0dc1e3b44751a
03-16 14:32:34.873  1833  1903 D MulticastServer: Received request for 1@test.com to send ledger with hash 4d4c12426cda9ee1d2f2fd15aa254a5754b3a1988173a7184db0dc1e3b44751a
03-16 14:32:35.177  1833  1903 D MulticastServer: Received request for 1@test.com to send ledger with hash 4d4c12426cda9ee1d2f2fd15aa254a5754b3a1988173a7184db0dc1e3b44751a
03-16 14:32:35.281  1833  1903 D MulticastServer: Received request for 1@test.com to send ledger with hash 4d4c12426cda9ee1d2f2fd15aa254a5754b3a1988173a7184db0dc1e3b44751a
03-16 14:32:35.384  1833  1903 D MulticastServer: Received request for 3@test.com to send ledger with hash 4d4c12426cda9ee1d2f2fd15aa254a5754b3a1988173a7184db0dc1e3b44751a
03-16 14:32:35.692  1833  1904 D MulticastServer: Received request for 1@test.com to send ledger with hash 4d4c12426cda9ee1d2f2fd15aa254a5754b3a1988173a7184db0dc1e3b44751a
03-16 14:32:35.792  1833  1904 D MulticastServer: Received request for 3@test.com to send ledger with hash 4d4c12426cda9ee1d2f2fd15aa254a5754b3a1988173a7184db0dc1e3b44751a
round 3 of 10
03-16 14:33:27.705  2036  2146 D MulticastServer: MULTICAST_SERVER_LISTENING
03-16 14:33:27.708  2036  2148 D MulticastServer: Registration process started with nonce: 628118652
03-16 14:33:27.710  2036  2147 D MulticastClient: REQUEST_LEDGER 628118652
03-16 14:33:27.711  2036  2147 D MulticastClient: Sent messages: [{"sender":"","payload":"","mt":"REQUEST_LEDGER","sig":"","nonce":628118652,"seq":0,"tot":0}]
03-16 14:33:27.935  2036  2181 D RegistrationHandler: FULL_LEDGER 628118652
03-16 14:33:28.758  2036  2217 D RegistrationHandler: FULL_LEDGER 628118652
03-16 14:33:37.715  2036  2149 D RegistrationHandler: ACCEPTED_LEDGER 628118652 3
03-16 14:33:37.718  2036  2149 D RegistrationHandler: 628118652 Registration started
03-16 14:33:37.723  2036  2149 D MulticastServer: Registration process finished: 628118652
03-16 14:33:37.727  2036  2217 D MulticastClient: Sent messages: [{"sender":"1@test.com","payload":"{\"ip\":\"192.168.1.126\",\"cert\":\"MIIBHDCBwqADAgECAgYBf5LhKoUwCgYIKoZIzj0EAwIwFTETMBEGA1UEAwwKMUB0ZXN0LmNvbTAeFw0yMjAzMTUxMzE4MjRaFw0yNDAzMTYxMzE4MjRaMBUxEzARBgNVBAMMCjFAdGVzdC5jb20wWTATBgcqhkjOPQIBBggqhkjOPQMBBwNCAARygid4IUjQcO5q061zUYi\/H7lvnalm9LjGvCXUiUKNjFkRZCQQHkQr3g5NSREvlv8eDTjoMpzkwAR2X7BGjdlzMAoGCCqGSM49BAMCA0kAMEYCIQCiHMll2QZaqlteytfUXQC9N+f0vW3g05QfhOXX51uZkQIhAOqRAe\/npOy8z8s0m0jcslsGFJ4m0z8mdDgpGZNaRRtS\"}","mt":"BROADCAST_BLOCK","sig":"MEYCIQCBF3qLQem+CeF06eDdOBwngILAUr\/v6QytaJcK+6r64AIhAJXpS4cuLN3lT9AMZLKJ1jAqR4v9jBAJTkKp1RQtayV3","nonce":628118652,"seq":0,"tot":0}]
03-16 14:33:43.238  2036  2217 D MulticastServer: Registration process started with nonce: 1891597296
03-16 14:33:43.240  2036  2147 D MulticastServer: Registration process started with nonce: 1891597296
03-16 14:33:43.275  2036  2214 D MulticastServer: Received hash from 3@test.com: ebc2d79deb8acdf3834d685804ac4660b2b01356e5e6c77ab7f0b16d64372396
03-16 14:33:43.615  2036  2214 D RegistrationHandler: FULL_LEDGER 1891597296
03-16 14:33:43.651  2036  2214 D RegistrationHandler: FULL_LEDGER 1891597296
03-16 14:33:44.019  2036  2181 D RegistrationHandler: FULL_LEDGER 1891597296
03-16 14:33:44.099  2036  2181 D MulticastServer: Received hash from 3@test.com: ebc2d79deb8acdf3834d685804ac4660b2b01356e5e6c77ab7f0b16d64372396
03-16 14:33:45.242  2036  2231 D MulticastServer: Registration process finished: 1891597296
03-16 14:33:53.115  2036  2181 D MulticastServer: Broadcast block received {"ip":"192.168.1.90","cert":"MIIBGzCBwqADAgECAgYBf5Lh/YgwCgYIKoZIzj0EAwIwFTETMBEGA1UEAwwKMkB0ZXN0LmNvbTAeFw0yMjAzMTUxMzE5MThaFw0yNDAzMTYxMzE5MThaMBUxEzARBgNVBAMMCjJAdGVzdC5jb20wWTATBgcqhkjOPQIBBggqhkjOPQMBBwNCAAS+Y1FtdGs8Ucfiq/zWhVaVn4ZBowDRf+LHkKkDUQijyqT6F1OlcBHKlpSdutzah71G6VCq62b3AWQkp086ORMGMAoGCCqGSM49BAMCA0gAMEUCIHH+qCw7c9P4WGmGxr+Z6u3tdZRz/XeTlZiocA09UDaoAiEA977yY+pelaDu67wtccznceHBT4wGLWjjfzyxyDdr/lY="}
03-16 14:33:53.247  2036  2233 D RegistrationHandler: ACCEPTED_LEDGER 1891597296 4
03-16 14:33:53.520  2036  2181 D MulticastServer: Broadcast block received {"ip":"192.168.1.90","cert":"MIIBGzCBwqADAgECAgYBf5Lh/YgwCgYIKoZIzj0EAwIwFTETMBEGA1UEAwwKMkB0ZXN0LmNvbTAeFw0yMjAzMTUxMzE5MThaFw0yNDAzMTYxMzE5MThaMBUxEzARBgNVBAMMCjJAdGVzdC5jb20wWTATBgcqhkjOPQIBBggqhkjOPQMBBwNCAAS+Y1FtdGs8Ucfiq/zWhVaVn4ZBowDRf+LHkKkDUQijyqT6F1OlcBHKlpSdutzah71G6VCq62b3AWQkp086ORMGMAoGCCqGSM49BAMCA0gAMEUCIHH+qCw7c9P4WGmGxr+Z6u3tdZRz/XeTlZiocA09UDaoAiEA977yY+pelaDu67wtccznceHBT4wGLWjjfzyxyDdr/lY="}
03-16 14:33:54.032  2036  2181 D MulticastServer: Broadcast block received {"ip":"192.168.1.90","cert":"MIIBGzCBwqADAgECAgYBf5Lh/YgwCgYIKoZIzj0EAwIwFTETMBEGA1UEAwwKMkB0ZXN0LmNvbTAeFw0yMjAzMTUxMzE5MThaFw0yNDAzMTYxMzE5MThaMBUxEzARBgNVBAMMCjJAdGVzdC5jb20wWTATBgcqhkjOPQIBBggqhkjOPQMBBwNCAAS+Y1FtdGs8Ucfiq/zWhVaVn4ZBowDRf+LHkKkDUQijyqT6F1OlcBHKlpSdutzah71G6VCq62b3AWQkp086ORMGMAoGCCqGSM49BAMCA0gAMEUCIHH+qCw7c9P4WGmGxr+Z6u3tdZRz/XeTlZiocA09UDaoAiEA977yY+pelaDu67wtccznceHBT4wGLWjjfzyxyDdr/lY="}
03-16 14:33:58.337  2036  2181 D MulticastServer: Registration process started with nonce: 693321125
03-16 14:33:58.339  2036  2181 D MulticastServer: Received request for ledger with nonce: 693321125.
03-16 14:33:58.371  2036  2214 D MulticastClient: Sent messages: [{"sender":"{\"ip\":\"192.168.1.126\",\"cert\":\"MIIBHDCBwqADAgECAgYBf5LhKoUwCgYIKoZIzj0EAwIwFTETMBEGA1UEAwwKMUB0ZXN0LmNvbTAeFw0yMjAzMTUxMzE4MjRaFw0yNDAzMTYxMzE4MjRaMBUxEzARBgNVBAMMCjFAdGVzdC5jb20wWTATBgcqhkjOPQIBBggqhkjOPQMBBwNCAARygid4IUjQcO5q061zUYi\/H7lvnalm9LjGvCXUiUKNjFkRZCQQHkQr3g5NSREvlv8eDTjoMpzkwAR2X7BGjdlzMAoGCCqGSM49BAMCA0kAMEYCIQCiHMll2QZaqlteytfUXQC9N+f0vW3g05QfhOXX51uZkQIhAOqRAe\/npOy8z8s0m0jcslsGFJ4m0z8mdDgpGZNaRRtS\"}","payload":"4d4c12426cda9ee1d2f2fd15aa254a5754b3a1988173a7184db0dc1e3b44751a","mt":"LEDGER_HASH","sig":"MEQCIEsthbxu+QqR5aS2A8uX6s1QFQNXZg25xgxiG\/NWMr4DAiBRKrW3Vc5rD93Y0XvGBwVqbxZRukM\/canI1vK\/9h5cdg==","nonce":693321125,"seq":0,"tot":0}]
03-16 14:33:58.439  2036  2147 D MulticastServer: Received hash from 2@test.com: 4d4c12426cda9ee1d2f2fd15aa254a5754b3a1988173a7184db0dc1e3b44751a
03-16 14:33:58.509  2036  2181 D RegistrationHandler: FULL_LEDGER 693321125
03-16 14:33:58.845  2036  2147 D MulticastServer: Received hash from 2@test.com: 4d4c12426cda9ee1d2f2fd15aa254a5754b3a1988173a7184db0dc1e3b44751a
03-16 14:33:58.868  2036  2147 D RegistrationHandler: FULL_LEDGER 693321125
03-16 14:33:58.920  2036  2181 D MulticastServer: Received hash from 3@test.com: 4d4c12426cda9ee1d2f2fd15aa254a5754b3a1988173a7184db0dc1e3b44751a
03-16 14:33:58.926  2036  2147 D RegistrationHandler: FULL_LEDGER 693321125
03-16 14:33:59.300  2036  2147 D RegistrationHandler: FULL_LEDGER 693321125
03-16 14:33:59.354  2036  2147 D MulticastServer: Received hash from 2@test.com: 4d4c12426cda9ee1d2f2fd15aa254a5754b3a1988173a7184db0dc1e3b44751a
03-16 14:33:59.361  2036  2147 D MulticastServer: Received hash from 3@test.com: 4d4c12426cda9ee1d2f2fd15aa254a5754b3a1988173a7184db0dc1e3b44751a
03-16 14:34:08.345  2036  2242 D RegistrationHandler: ACCEPTED_LEDGER 693321125 5
03-16 14:34:08.347  2036  2242 D MulticastServer: Registration process finished: 693321125
03-16 14:34:08.368  2036  2147 D MulticastServer: Broadcast block received {"ip":"192.168.1.97","cert":"MIIBHDCBwqADAgECAgYBf5Ll+aQwCgYIKoZIzj0EAwIwFTETMBEGA1UEAwwKNUB0ZXN0LmNvbTAeFw0yMjAzMTUxMzIzMzlaFw0yNDAzMTYxMzIzMzlaMBUxEzARBgNVBAMMCjVAdGVzdC5jb20wWTATBgcqhkjOPQIBBggqhkjOPQMBBwNCAAS9OhThI4D6g/iEXxfGklrIeXd9Z0M+diiJ9ljAgsIg42aeRti+qPdLXU1/D9cRSqQkfwr3bPWV3oF684Iqni4MMAoGCCqGSM49BAMCA0kAMEYCIQDvSgAgKBB22Z/ooyqUg64EcQUigPLpb+EEue5bwGydWgIhAKus7fYnj5hLAUwnPrCw9vZZ/j2+Hst7+b4ASLL75Nl9"}
03-16 14:34:08.461  2036  2147 D MulticastServer: Received request for 1@test.com to send ledger with hash 4d4c12426cda9ee1d2f2fd15aa254a5754b3a1988173a7184db0dc1e3b44751a
03-16 14:34:08.779  2036  2147 D MulticastServer: Broadcast block received {"ip":"192.168.1.97","cert":"MIIBHDCBwqADAgECAgYBf5Ll+aQwCgYIKoZIzj0EAwIwFTETMBEGA1UEAwwKNUB0ZXN0LmNvbTAeFw0yMjAzMTUxMzIzMzlaFw0yNDAzMTYxMzIzMzlaMBUxEzARBgNVBAMMCjVAdGVzdC5jb20wWTATBgcqhkjOPQIBBggqhkjOPQMBBwNCAAS9OhThI4D6g/iEXxfGklrIeXd9Z0M+diiJ9ljAgsIg42aeRti+qPdLXU1/D9cRSqQkfwr3bPWV3oF684Iqni4MMAoGCCqGSM49BAMCA0kAMEYCIQDvSgAgKBB22Z/ooyqUg64EcQUigPLpb+EEue5bwGydWgIhAKus7fYnj5hLAUwnPrCw9vZZ/j2+Hst7+b4ASLL75Nl9"}
03-16 14:34:08.876  2036  2147 D MulticastServer: Received request for 1@test.com to send ledger with hash 4d4c12426cda9ee1d2f2fd15aa254a5754b3a1988173a7184db0dc1e3b44751a
03-16 14:34:09.184  2036  2147 D MulticastServer: Broadcast block received {"ip":"192.168.1.97","cert":"MIIBHDCBwqADAgECAgYBf5Ll+aQwCgYIKoZIzj0EAwIwFTETMBEGA1UEAwwKNUB0ZXN0LmNvbTAeFw0yMjAzMTUxMzIzMzlaFw0yNDAzMTYxMzIzMzlaMBUxEzARBgNVBAMMCjVAdGVzdC5jb20wWTATBgcqhkjOPQIBBggqhkjOPQMBBwNCAAS9OhThI4D6g/iEXxfGklrIeXd9Z0M+diiJ9ljAgsIg42aeRti+qPdLXU1/D9cRSqQkfwr3bPWV3oF684Iqni4MMAoGCCqGSM49BAMCA0kAMEYCIQDvSgAgKBB22Z/ooyqUg64EcQUigPLpb+EEue5bwGydWgIhAKus7fYnj5hLAUwnPrCw9vZZ/j2+Hst7+b4ASLL75Nl9"}
03-16 14:34:09.284  2036  2147 D MulticastServer: Received request for 1@test.com to send ledger with hash 4d4c12426cda9ee1d2f2fd15aa254a5754b3a1988173a7184db0dc1e3b44751a
03-16 14:34:09.487  2036  2147 D MulticastServer: Received request for 1@test.com to send ledger with hash 4d4c12426cda9ee1d2f2fd15aa254a5754b3a1988173a7184db0dc1e3b44751a
03-16 14:34:09.591  2036  2147 D MulticastServer: Received request for 3@test.com to send ledger with hash 4d4c12426cda9ee1d2f2fd15aa254a5754b3a1988173a7184db0dc1e3b44751a
03-16 14:34:09.898  2036  2147 D MulticastServer: Received request for 1@test.com to send ledger with hash 4d4c12426cda9ee1d2f2fd15aa254a5754b3a1988173a7184db0dc1e3b44751a
03-16 14:34:10.000  2036  2147 D MulticastServer: Received request for 3@test.com to send ledger with hash 4d4c12426cda9ee1d2f2fd15aa254a5754b3a1988173a7184db0dc1e3b44751a
03-16 14:34:10.129  2036  2217 D MulticastServer: Received request for 2@test.com to send ledger with hash 4d4c12426cda9ee1d2f2fd15aa254a5754b3a1988173a7184db0dc1e3b44751a
03-16 14:34:10.414  2036  2217 D MulticastServer: Received request for 3@test.com to send ledger with hash 4d4c12426cda9ee1d2f2fd15aa254a5754b3a1988173a7184db0dc1e3b44751a
03-16 14:34:10.516  2036  2217 D MulticastServer: Received request for 2@test.com to send ledger with hash 4d4c12426cda9ee1d2f2fd15aa254a5754b3a1988173a7184db0dc1e3b44751a
03-16 14:34:10.924  2036  2147 D MulticastServer: Received request for 2@test.com to send ledger with hash 4d4c12426cda9ee1d2f2fd15aa254a5754b3a1988173a7184db0dc1e3b44751a
round 4 of 10
03-16 14:35:02.761  2283  2368 D MulticastServer: MULTICAST_SERVER_LISTENING
03-16 14:35:02.765  2283  2371 D MulticastServer: Registration process started with nonce: 1149796360
03-16 14:35:02.768  2283  2370 D MulticastClient: REQUEST_LEDGER 1149796360
03-16 14:35:02.769  2283  2370 D MulticastClient: Sent messages: [{"sender":"","payload":"","mt":"REQUEST_LEDGER","sig":"","nonce":1149796360,"seq":0,"tot":0}]
03-16 14:35:02.967  2283  2382 D RegistrationHandler: FULL_LEDGER 1149796360
03-16 14:35:03.039  2283  2382 D MulticastServer: Received hash from 3@test.com: 58bd4632887849d74eb9cacc4b3fdc2e32cf4912076f15d4fb0b301c9ec06865
03-16 14:35:03.057  2283  2382 D RegistrationHandler: FULL_LEDGER 1149796360
03-16 14:35:03.865  2283  2382 D MulticastServer: Received hash from 3@test.com: 58bd4632887849d74eb9cacc4b3fdc2e32cf4912076f15d4fb0b301c9ec06865
03-16 14:35:12.772  2283  2372 D RegistrationHandler: ACCEPTED_LEDGER 1149796360 3
03-16 14:35:12.775  2283  2372 D RegistrationHandler: 1149796360 Registration started
03-16 14:35:12.781  2283  2372 D MulticastServer: Registration process finished: 1149796360
03-16 14:35:12.784  2283  2382 D MulticastClient: Sent messages: [{"sender":"1@test.com","payload":"{\"ip\":\"192.168.1.126\",\"cert\":\"MIIBHDCBwqADAgECAgYBf5LhKoUwCgYIKoZIzj0EAwIwFTETMBEGA1UEAwwKMUB0ZXN0LmNvbTAeFw0yMjAzMTUxMzE4MjRaFw0yNDAzMTYxMzE4MjRaMBUxEzARBgNVBAMMCjFAdGVzdC5jb20wWTATBgcqhkjOPQIBBggqhkjOPQMBBwNCAARygid4IUjQcO5q061zUYi\/H7lvnalm9LjGvCXUiUKNjFkRZCQQHkQr3g5NSREvlv8eDTjoMpzkwAR2X7BGjdlzMAoGCCqGSM49BAMCA0kAMEYCIQCiHMll2QZaqlteytfUXQC9N+f0vW3g05QfhOXX51uZkQIhAOqRAe\/npOy8z8s0m0jcslsGFJ4m0z8mdDgpGZNaRRtS\"}","mt":"BROADCAST_BLOCK","sig":"MEUCIB1Kvfjwfa\/GFiFPYQiLmbRuG4xZOJ9LZsHW8csuL78OAiEAyzBzP1j\/aIobVlwyiBGIWsJ3jFB1N86QBkxTHELI9QM=","nonce":1149796360,"seq":0,"tot":0}]
03-16 14:35:18.816  2283  2382 D MulticastServer: Registration process started with nonce: 2096868424
03-16 14:35:18.819  2283  2382 D MulticastServer: Received request for ledger with nonce: 2096868424.
03-16 14:35:18.848  2283  2382 D MulticastClient: Sent messages: [{"sender":"{\"ip\":\"192.168.1.126\",\"cert\":\"MIIBHDCBwqADAgECAgYBf5LhKoUwCgYIKoZIzj0EAwIwFTETMBEGA1UEAwwKMUB0ZXN0LmNvbTAeFw0yMjAzMTUxMzE4MjRaFw0yNDAzMTYxMzE4MjRaMBUxEzARBgNVBAMMCjFAdGVzdC5jb20wWTATBgcqhkjOPQIBBggqhkjOPQMBBwNCAARygid4IUjQcO5q061zUYi\/H7lvnalm9LjGvCXUiUKNjFkRZCQQHkQr3g5NSREvlv8eDTjoMpzkwAR2X7BGjdlzMAoGCCqGSM49BAMCA0kAMEYCIQCiHMll2QZaqlteytfUXQC9N+f0vW3g05QfhOXX51uZkQIhAOqRAe\/npOy8z8s0m0jcslsGFJ4m0z8mdDgpGZNaRRtS\"}","payload":"ebc2d79deb8acdf3834d685804ac4660b2b01356e5e6c77ab7f0b16d64372396","mt":"LEDGER_HASH","sig":"MEQCIDTrpMB1MHMDmZGaMS9aWmFO0gmQ\/qzc81G4JqwhFJG7AiA8Zj1Oab7BG00QuA3MHxBFCxJwXnhSzmczUmZxFsixhA==","nonce":2096868424,"seq":0,"tot":0}]
03-16 14:35:18.984  2283  2370 D MulticastServer: Received hash from 3@test.com: ebc2d79deb8acdf3834d685804ac4660b2b01356e5e6c77ab7f0b16d64372396
03-16 14:35:18.992  2283  2406 D RegistrationHandler: FULL_LEDGER 2096868424
03-16 14:35:19.400  2283  2406 D RegistrationHandler: FULL_LEDGER 2096868424
03-16 14:35:19.405  2283  2370 D RegistrationHandler: FULL_LEDGER 2096868424
03-16 14:35:19.411  2283  2383 D RegistrationHandler: FULL_LEDGER 2096868424
03-16 14:35:19.448  2283  2383 D MulticastServer: Received hash from 3@test.com: ebc2d79deb8acdf3834d685804ac4660b2b01356e5e6c77ab7f0b16d64372396
03-16 14:35:19.823  2283  2382 D RegistrationHandler: FULL_LEDGER 2096868424
03-16 14:35:28.141  2283  2382 D MulticastServer: Broadcast block received {"ip":"192.168.1.90","cert":"MIIBGzCBwqADAgECAgYBf5Lh/YgwCgYIKoZIzj0EAwIwFTETMBEGA1UEAwwKMkB0ZXN0LmNvbTAeFw0yMjAzMTUxMzE5MThaFw0yNDAzMTYxMzE5MThaMBUxEzARBgNVBAMMCjJAdGVzdC5jb20wWTATBgcqhkjOPQIBBggqhkjOPQMBBwNCAAS+Y1FtdGs8Ucfiq/zWhVaVn4ZBowDRf+LHkKkDUQijyqT6F1OlcBHKlpSdutzah71G6VCq62b3AWQkp086ORMGMAoGCCqGSM49BAMCA0gAMEUCIHH+qCw7c9P4WGmGxr+Z6u3tdZRz/XeTlZiocA09UDaoAiEA977yY+pelaDu67wtccznceHBT4wGLWjjfzyxyDdr/lY="}
03-16 14:35:28.548  2283  2382 D MulticastServer: Broadcast block received {"ip":"192.168.1.90","cert":"MIIBGzCBwqADAgECAgYBf5Lh/YgwCgYIKoZIzj0EAwIwFTETMBEGA1UEAwwKMkB0ZXN0LmNvbTAeFw0yMjAzMTUxMzE5MThaFw0yNDAzMTYxMzE5MThaMBUxEzARBgNVBAMMCjJAdGVzdC5jb20wWTATBgcqhkjOPQIBBggqhkjOPQMBBwNCAAS+Y1FtdGs8Ucfiq/zWhVaVn4ZBowDRf+LHkKkDUQijyqT6F1OlcBHKlpSdutzah71G6VCq62b3AWQkp086ORMGMAoGCCqGSM49BAMCA0gAMEUCIHH+qCw7c9P4WGmGxr+Z6u3tdZRz/XeTlZiocA09UDaoAiEA977yY+pelaDu67wtccznceHBT4wGLWjjfzyxyDdr/lY="}
03-16 14:35:28.823  2283  2415 D RegistrationHandler: ACCEPTED_LEDGER 2096868424 4
03-16 14:35:28.825  2283  2415 D MulticastServer: Registration process finished: 2096868424
03-16 14:35:28.856  2283  2382 D MulticastServer: Broadcast block received {"ip":"192.168.1.90","cert":"MIIBGzCBwqADAgECAgYBf5Lh/YgwCgYIKoZIzj0EAwIwFTETMBEGA1UEAwwKMkB0ZXN0LmNvbTAeFw0yMjAzMTUxMzE5MThaFw0yNDAzMTYxMzE5MThaMBUxEzARBgNVBAMMCjJAdGVzdC5jb20wWTATBgcqhkjOPQIBBggqhkjOPQMBBwNCAAS+Y1FtdGs8Ucfiq/zWhVaVn4ZBowDRf+LHkKkDUQijyqT6F1OlcBHKlpSdutzah71G6VCq62b3AWQkp086ORMGMAoGCCqGSM49BAMCA0gAMEUCIHH+qCw7c9P4WGmGxr+Z6u3tdZRz/XeTlZiocA09UDaoAiEA977yY+pelaDu67wtccznceHBT4wGLWjjfzyxyDdr/lY="}
03-16 14:35:33.313  2283  2382 D MulticastServer: Registration process started with nonce: 519279588
03-16 14:35:33.315  2283  2382 D MulticastServer: Received request for ledger with nonce: 519279588.
03-16 14:35:33.338  2283  2382 D MulticastClient: Sent messages: [{"sender":"{\"ip\":\"192.168.1.126\",\"cert\":\"MIIBHDCBwqADAgECAgYBf5LhKoUwCgYIKoZIzj0EAwIwFTETMBEGA1UEAwwKMUB0ZXN0LmNvbTAeFw0yMjAzMTUxMzE4MjRaFw0yNDAzMTYxMzE4MjRaMBUxEzARBgNVBAMMCjFAdGVzdC5jb20wWTATBgcqhkjOPQIBBggqhkjOPQMBBwNCAARygid4IUjQcO5q061zUYi\/H7lvnalm9LjGvCXUiUKNjFkRZCQQHkQr3g5NSREvlv8eDTjoMpzkwAR2X7BGjdlzMAoGCCqGSM49BAMCA0kAMEYCIQCiHMll2QZaqlteytfUXQC9N+f0vW3g05QfhOXX51uZkQIhAOqRAe\/npOy8z8s0m0jcslsGFJ4m0z8mdDgpGZNaRRtS\"}","payload":"4d4c12426cda9ee1d2f2fd15aa254a5754b3a1988173a7184db0dc1e3b44751a","mt":"LEDGER_HASH","sig":"MEUCIGKz3860dXjRu1K+y9NjVrZAIDKEsGkAa2GcLZdT3p8SAiEA49gA620xPplyFlTjlD5V9ITEdR567ANgWIPTp2V9fGI=","nonce":519279588,"seq":0,"tot":0}]
03-16 14:35:33.396  2283  2429 D RegistrationHandler: FULL_LEDGER 519279588
03-16 14:35:33.426  2283  2370 D MulticastServer: Received hash from 3@test.com: 4d4c12426cda9ee1d2f2fd15aa254a5754b3a1988173a7184db0dc1e3b44751a
03-16 14:35:33.431  2283  2383 D RegistrationHandler: FULL_LEDGER 519279588
03-16 14:35:33.432  2283  2370 D MulticastServer: Received hash from 2@test.com: 4d4c12426cda9ee1d2f2fd15aa254a5754b3a1988173a7184db0dc1e3b44751a
03-16 14:35:33.770  2283  2383 D MulticastServer: Received hash from 2@test.com: 4d4c12426cda9ee1d2f2fd15aa254a5754b3a1988173a7184db0dc1e3b44751a
03-16 14:35:33.842  2283  2383 D MulticastServer: Received hash from 3@test.com: 4d4c12426cda9ee1d2f2fd15aa254a5754b3a1988173a7184db0dc1e3b44751a
03-16 14:35:34.254  2283  2382 D MulticastServer: Received hash from 3@test.com: 4d4c12426cda9ee1d2f2fd15aa254a5754b3a1988173a7184db0dc1e3b44751a
03-16 14:35:43.198  2283  2382 D MulticastServer: Broadcast block received {"ip":"192.168.1.97","cert":"MIIBHDCBwqADAgECAgYBf5Ll+aQwCgYIKoZIzj0EAwIwFTETMBEGA1UEAwwKNUB0ZXN0LmNvbTAeFw0yMjAzMTUxMzIzMzlaFw0yNDAzMTYxMzIzMzlaMBUxEzARBgNVBAMMCjVAdGVzdC5jb20wWTATBgcqhkjOPQIBBggqhkjOPQMBBwNCAAS9OhThI4D6g/iEXxfGklrIeXd9Z0M+diiJ9ljAgsIg42aeRti+qPdLXU1/D9cRSqQkfwr3bPWV3oF684Iqni4MMAoGCCqGSM49BAMCA0kAMEYCIQDvSgAgKBB22Z/ooyqUg64EcQUigPLpb+EEue5bwGydWgIhAKus7fYnj5hLAUwnPrCw9vZZ/j2+Hst7+b4ASLL75Nl9"}
03-16 14:35:43.317  2283  2432 D RegistrationHandler: ACCEPTED_LEDGER 519279588 5
03-16 14:35:43.318  2283  2432 D MulticastServer: Registration process finished: 519279588
03-16 14:35:43.603  2283  2382 D MulticastServer: Broadcast block received {"ip":"192.168.1.97","cert":"MIIBHDCBwqADAgECAgYBf5Ll+aQwCgYIKoZIzj0EAwIwFTETMBEGA1UEAwwKNUB0ZXN0LmNvbTAeFw0yMjAzMTUxMzIzMzlaFw0yNDAzMTYxMzIzMzlaMBUxEzARBgNVBAMMCjVAdGVzdC5jb20wWTATBgcqhkjOPQIBBggqhkjOPQMBBwNCAAS9OhThI4D6g/iEXxfGklrIeXd9Z0M+diiJ9ljAgsIg42aeRti+qPdLXU1/D9cRSqQkfwr3bPWV3oF684Iqni4MMAoGCCqGSM49BAMCA0kAMEYCIQDvSgAgKBB22Z/ooyqUg64EcQUigPLpb+EEue5bwGydWgIhAKus7fYnj5hLAUwnPrCw9vZZ/j2+Hst7+b4ASLL75Nl9"}
round 5 of 10
03-16 14:36:37.144  2506  2557 D MulticastServer: MULTICAST_SERVER_LISTENING
03-16 14:36:37.145  2506  2559 D MulticastServer: Registration process started with nonce: 744374055
03-16 14:36:37.147  2506  2558 D MulticastClient: REQUEST_LEDGER 744374055
03-16 14:36:37.148  2506  2558 D MulticastClient: Sent messages: [{"sender":"","payload":"","mt":"REQUEST_LEDGER","sig":"","nonce":744374055,"seq":0,"tot":0}]
03-16 14:36:37.352  2506  2566 D MulticastServer: Received hash from 3@test.com: 58bd4632887849d74eb9cacc4b3fdc2e32cf4912076f15d4fb0b301c9ec06865
03-16 14:36:37.419  2506  2566 D RegistrationHandler: FULL_LEDGER 744374055
03-16 14:36:37.429  2506  2566 D RegistrationHandler: FULL_LEDGER 744374055
03-16 14:36:37.811  2506  2566 D MulticastServer: Received hash from 3@test.com: 58bd4632887849d74eb9cacc4b3fdc2e32cf4912076f15d4fb0b301c9ec06865
03-16 14:36:47.152  2506  2560 D RegistrationHandler: ACCEPTED_LEDGER 744374055 3
03-16 14:36:47.154  2506  2560 D RegistrationHandler: 744374055 Registration started
03-16 14:36:47.160  2506  2560 D MulticastServer: Registration process finished: 744374055
03-16 14:36:47.164  2506  2558 D MulticastClient: Sent messages: [{"sender":"1@test.com","payload":"{\"ip\":\"192.168.1.126\",\"cert\":\"MIIBHDCBwqADAgECAgYBf5LhKoUwCgYIKoZIzj0EAwIwFTETMBEGA1UEAwwKMUB0ZXN0LmNvbTAeFw0yMjAzMTUxMzE4MjRaFw0yNDAzMTYxMzE4MjRaMBUxEzARBgNVBAMMCjFAdGVzdC5jb20wWTATBgcqhkjOPQIBBggqhkjOPQMBBwNCAARygid4IUjQcO5q061zUYi\/H7lvnalm9LjGvCXUiUKNjFkRZCQQHkQr3g5NSREvlv8eDTjoMpzkwAR2X7BGjdlzMAoGCCqGSM49BAMCA0kAMEYCIQCiHMll2QZaqlteytfUXQC9N+f0vW3g05QfhOXX51uZkQIhAOqRAe\/npOy8z8s0m0jcslsGFJ4m0z8mdDgpGZNaRRtS\"}","mt":"BROADCAST_BLOCK","sig":"MEUCIQDoBgJDvENaZQaRsaiwqetOc6iwhdrr81SlbW5DkXEoSAIgDdr9yC9XjunBIny4K06n09Cs47tNNXAFOCZS+aZ6z8A=","nonce":744374055,"seq":0,"tot":0}]
03-16 14:36:52.402  2506  2558 D MulticastServer: Registration process started with nonce: 423545863
03-16 14:36:52.405  2506  2558 D MulticastServer: Received request for ledger with nonce: 423545863.
03-16 14:36:52.447  2506  2585 D MulticastClient: Sent messages: [{"sender":"{\"ip\":\"192.168.1.126\",\"cert\":\"MIIBHDCBwqADAgECAgYBf5LhKoUwCgYIKoZIzj0EAwIwFTETMBEGA1UEAwwKMUB0ZXN0LmNvbTAeFw0yMjAzMTUxMzE4MjRaFw0yNDAzMTYxMzE4MjRaMBUxEzARBgNVBAMMCjFAdGVzdC5jb20wWTATBgcqhkjOPQIBBggqhkjOPQMBBwNCAARygid4IUjQcO5q061zUYi\/H7lvnalm9LjGvCXUiUKNjFkRZCQQHkQr3g5NSREvlv8eDTjoMpzkwAR2X7BGjdlzMAoGCCqGSM49BAMCA0kAMEYCIQCiHMll2QZaqlteytfUXQC9N+f0vW3g05QfhOXX51uZkQIhAOqRAe\/npOy8z8s0m0jcslsGFJ4m0z8mdDgpGZNaRRtS\"}","payload":"ebc2d79deb8acdf3834d685804ac4660b2b01356e5e6c77ab7f0b16d64372396","mt":"LEDGER_HASH","sig":"MEUCIEjd+f6qEhWNtkKvgoywMVznBOsPtji1dXpm6CMprMDOAiEAgDJJRPdG+ZZeh0cr0vIGS+dCpzivuQZ5i9Mzv4+6Z7Q=","nonce":423545863,"seq":0,"tot":0}]
03-16 14:36:52.554  2506  2586 D RegistrationHandler: FULL_LEDGER 423545863
03-16 14:36:52.569  2506  2558 D MulticastServer: Received hash from 3@test.com: ebc2d79deb8acdf3834d685804ac4660b2b01356e5e6c77ab7f0b16d64372396
03-16 14:36:52.577  2506  2586 D RegistrationHandler: FULL_LEDGER 423545863
03-16 14:36:52.997  2506  2586 D MulticastServer: Received hash from 3@test.com: ebc2d79deb8acdf3834d685804ac4660b2b01356e5e6c77ab7f0b16d64372396
03-16 14:37:02.410  2506  2604 D RegistrationHandler: ACCEPTED_LEDGER 423545863 4
03-16 14:37:02.412  2506  2604 D MulticastServer: Registration process finished: 423545863
03-16 14:37:02.446  2506  2585 D MulticastServer: Broadcast block received {"ip":"192.168.1.90","cert":"MIIBGzCBwqADAgECAgYBf5Lh/YgwCgYIKoZIzj0EAwIwFTETMBEGA1UEAwwKMkB0ZXN0LmNvbTAeFw0yMjAzMTUxMzE5MThaFw0yNDAzMTYxMzE5MThaMBUxEzARBgNVBAMMCjJAdGVzdC5jb20wWTATBgcqhkjOPQIBBggqhkjOPQMBBwNCAAS+Y1FtdGs8Ucfiq/zWhVaVn4ZBowDRf+LHkKkDUQijyqT6F1OlcBHKlpSdutzah71G6VCq62b3AWQkp086ORMGMAoGCCqGSM49BAMCA0gAMEUCIHH+qCw7c9P4WGmGxr+Z6u3tdZRz/XeTlZiocA09UDaoAiEA977yY+pelaDu67wtccznceHBT4wGLWjjfzyxyDdr/lY="}
03-16 14:37:02.860  2506  2585 D MulticastServer: Broadcast block received {"ip":"192.168.1.90","cert":"MIIBGzCBwqADAgECAgYBf5Lh/YgwCgYIKoZIzj0EAwIwFTETMBEGA1UEAwwKMkB0ZXN0LmNvbTAeFw0yMjAzMTUxMzE5MThaFw0yNDAzMTYxMzE5MThaMBUxEzARBgNVBAMMCjJAdGVzdC5jb20wWTATBgcqhkjOPQIBBggqhkjOPQMBBwNCAAS+Y1FtdGs8Ucfiq/zWhVaVn4ZBowDRf+LHkKkDUQijyqT6F1OlcBHKlpSdutzah71G6VCq62b3AWQkp086ORMGMAoGCCqGSM49BAMCA0gAMEUCIHH+qCw7c9P4WGmGxr+Z6u3tdZRz/XeTlZiocA09UDaoAiEA977yY+pelaDu67wtccznceHBT4wGLWjjfzyxyDdr/lY="}
03-16 14:37:03.264  2506  2585 D MulticastServer: Broadcast block received {"ip":"192.168.1.90","cert":"MIIBGzCBwqADAgECAgYBf5Lh/YgwCgYIKoZIzj0EAwIwFTETMBEGA1UEAwwKMkB0ZXN0LmNvbTAeFw0yMjAzMTUxMzE5MThaFw0yNDAzMTYxMzE5MThaMBUxEzARBgNVBAMMCjJAdGVzdC5jb20wWTATBgcqhkjOPQIBBggqhkjOPQMBBwNCAAS+Y1FtdGs8Ucfiq/zWhVaVn4ZBowDRf+LHkKkDUQijyqT6F1OlcBHKlpSdutzah71G6VCq62b3AWQkp086ORMGMAoGCCqGSM49BAMCA0gAMEUCIHH+qCw7c9P4WGmGxr+Z6u3tdZRz/XeTlZiocA09UDaoAiEA977yY+pelaDu67wtccznceHBT4wGLWjjfzyxyDdr/lY="}
03-16 14:37:07.803  2506  2585 D MulticastServer: Registration process started with nonce: 1036374480
03-16 14:37:07.806  2506  2585 D MulticastServer: Received request for ledger with nonce: 1036374480.
03-16 14:37:07.830  2506  2586 D MulticastClient: Sent messages: [{"sender":"{\"ip\":\"192.168.1.126\",\"cert\":\"MIIBHDCBwqADAgECAgYBf5LhKoUwCgYIKoZIzj0EAwIwFTETMBEGA1UEAwwKMUB0ZXN0LmNvbTAeFw0yMjAzMTUxMzE4MjRaFw0yNDAzMTYxMzE4MjRaMBUxEzARBgNVBAMMCjFAdGVzdC5jb20wWTATBgcqhkjOPQIBBggqhkjOPQMBBwNCAARygid4IUjQcO5q061zUYi\/H7lvnalm9LjGvCXUiUKNjFkRZCQQHkQr3g5NSREvlv8eDTjoMpzkwAR2X7BGjdlzMAoGCCqGSM49BAMCA0kAMEYCIQCiHMll2QZaqlteytfUXQC9N+f0vW3g05QfhOXX51uZkQIhAOqRAe\/npOy8z8s0m0jcslsGFJ4m0z8mdDgpGZNaRRtS\"}","payload":"4d4c12426cda9ee1d2f2fd15aa254a5754b3a1988173a7184db0dc1e3b44751a","mt":"LEDGER_HASH","sig":"MEYCIQC8VMIRRam6VShUo9LQMCDb06YNbWh99cZYtBrsem55CwIhAM6NLnQIEfnVsK9Ak1xMSmvloueqdoIakzmDP6TCpzro","nonce":1036374480,"seq":0,"tot":0}]
03-16 14:37:07.947  2506  2607 D MulticastServer: Received hash from 2@test.com: 4d4c12426cda9ee1d2f2fd15aa254a5754b3a1988173a7184db0dc1e3b44751a
03-16 14:37:08.331  2506  2558 D RegistrationHandler: FULL_LEDGER 1036374480
03-16 14:37:08.343  2506  2585 D RegistrationHandler: FULL_LEDGER 1036374480
03-16 14:37:08.346  2506  2558 D RegistrationHandler: FULL_LEDGER 1036374480
03-16 14:37:08.353  2506  2558 D MulticastServer: Received hash from 2@test.com: 4d4c12426cda9ee1d2f2fd15aa254a5754b3a1988173a7184db0dc1e3b44751a
03-16 14:37:08.768  2506  2558 D MulticastServer: Received hash from 2@test.com: 4d4c12426cda9ee1d2f2fd15aa254a5754b3a1988173a7184db0dc1e3b44751a
03-16 14:37:17.714  2506  2607 D MulticastServer: Broadcast block received {"ip":"192.168.1.97","cert":"MIIBHDCBwqADAgECAgYBf5Ll+aQwCgYIKoZIzj0EAwIwFTETMBEGA1UEAwwKNUB0ZXN0LmNvbTAeFw0yMjAzMTUxMzIzMzlaFw0yNDAzMTYxMzIzMzlaMBUxEzARBgNVBAMMCjVAdGVzdC5jb20wWTATBgcqhkjOPQIBBggqhkjOPQMBBwNCAAS9OhThI4D6g/iEXxfGklrIeXd9Z0M+diiJ9ljAgsIg42aeRti+qPdLXU1/D9cRSqQkfwr3bPWV3oF684Iqni4MMAoGCCqGSM49BAMCA0kAMEYCIQDvSgAgKBB22Z/ooyqUg64EcQUigPLpb+EEue5bwGydWgIhAKus7fYnj5hLAUwnPrCw9vZZ/j2+Hst7+b4ASLL75Nl9"}
03-16 14:37:17.809  2506  2623 D RegistrationHandler: ACCEPTED_LEDGER 1036374480 5
03-16 14:37:17.810  2506  2623 D MulticastServer: Registration process finished: 1036374480
03-16 14:37:18.120  2506  2607 D MulticastServer: Broadcast block received {"ip":"192.168.1.97","cert":"MIIBHDCBwqADAgECAgYBf5Ll+aQwCgYIKoZIzj0EAwIwFTETMBEGA1UEAwwKNUB0ZXN0LmNvbTAeFw0yMjAzMTUxMzIzMzlaFw0yNDAzMTYxMzIzMzlaMBUxEzARBgNVBAMMCjVAdGVzdC5jb20wWTATBgcqhkjOPQIBBggqhkjOPQMBBwNCAAS9OhThI4D6g/iEXxfGklrIeXd9Z0M+diiJ9ljAgsIg42aeRti+qPdLXU1/D9cRSqQkfwr3bPWV3oF684Iqni4MMAoGCCqGSM49BAMCA0kAMEYCIQDvSgAgKBB22Z/ooyqUg64EcQUigPLpb+EEue5bwGydWgIhAKus7fYnj5hLAUwnPrCw9vZZ/j2+Hst7+b4ASLL75Nl9"}
03-16 14:37:18.526  2506  2607 D MulticastServer: Broadcast block received {"ip":"192.168.1.97","cert":"MIIBHDCBwqADAgECAgYBf5Ll+aQwCgYIKoZIzj0EAwIwFTETMBEGA1UEAwwKNUB0ZXN0LmNvbTAeFw0yMjAzMTUxMzIzMzlaFw0yNDAzMTYxMzIzMzlaMBUxEzARBgNVBAMMCjVAdGVzdC5jb20wWTATBgcqhkjOPQIBBggqhkjOPQMBBwNCAAS9OhThI4D6g/iEXxfGklrIeXd9Z0M+diiJ9ljAgsIg42aeRti+qPdLXU1/D9cRSqQkfwr3bPWV3oF684Iqni4MMAoGCCqGSM49BAMCA0kAMEYCIQDvSgAgKBB22Z/ooyqUg64EcQUigPLpb+EEue5bwGydWgIhAKus7fYnj5hLAUwnPrCw9vZZ/j2+Hst7+b4ASLL75Nl9"}
round 6 of 10
03-16 14:38:12.137  2690  2762 D MulticastServer: MULTICAST_SERVER_LISTENING
03-16 14:38:12.139  2690  2772 D MulticastServer: Registration process started with nonce: 398374475
03-16 14:38:12.143  2690  2793 D MulticastClient: REQUEST_LEDGER 398374475
03-16 14:38:12.147  2690  2793 D MulticastClient: Sent messages: [{"sender":"","payload":"","mt":"REQUEST_LEDGER","sig":"","nonce":398374475,"seq":0,"tot":0}]
03-16 14:38:12.330  2690  2796 D RegistrationHandler: FULL_LEDGER 398374475
03-16 14:38:12.349  2690  2798 D RegistrationHandler: FULL_LEDGER 398374475
03-16 14:38:12.378  2690  2798 D MulticastServer: Received hash from 3@test.com: 58bd4632887849d74eb9cacc4b3fdc2e32cf4912076f15d4fb0b301c9ec06865
03-16 14:38:12.794  2690  2819 D MulticastServer: Received hash from 3@test.com: 58bd4632887849d74eb9cacc4b3fdc2e32cf4912076f15d4fb0b301c9ec06865
03-16 14:38:13.202  2690  2819 D MulticastServer: Received hash from 3@test.com: 58bd4632887849d74eb9cacc4b3fdc2e32cf4912076f15d4fb0b301c9ec06865
03-16 14:38:22.146  2690  2773 D RegistrationHandler: ACCEPTED_LEDGER 398374475 3
03-16 14:38:22.149  2690  2773 D RegistrationHandler: 398374475 Registration started
03-16 14:38:22.154  2690  2773 D MulticastServer: Registration process finished: 398374475
03-16 14:38:22.159  2690  2819 D MulticastClient: Sent messages: [{"sender":"1@test.com","payload":"{\"ip\":\"192.168.1.126\",\"cert\":\"MIIBHDCBwqADAgECAgYBf5LhKoUwCgYIKoZIzj0EAwIwFTETMBEGA1UEAwwKMUB0ZXN0LmNvbTAeFw0yMjAzMTUxMzE4MjRaFw0yNDAzMTYxMzE4MjRaMBUxEzARBgNVBAMMCjFAdGVzdC5jb20wWTATBgcqhkjOPQIBBggqhkjOPQMBBwNCAARygid4IUjQcO5q061zUYi\/H7lvnalm9LjGvCXUiUKNjFkRZCQQHkQr3g5NSREvlv8eDTjoMpzkwAR2X7BGjdlzMAoGCCqGSM49BAMCA0kAMEYCIQCiHMll2QZaqlteytfUXQC9N+f0vW3g05QfhOXX51uZkQIhAOqRAe\/npOy8z8s0m0jcslsGFJ4m0z8mdDgpGZNaRRtS\"}","mt":"BROADCAST_BLOCK","sig":"MEUCIQDzrvW7PgSJsYAEi0pj\/Ph12MN\/6gxz4bSPkh7KgyzLgQIgMT7wUYyOKueRr0TuApiOqLfXgsy8onaRyLfzXSgc5ew=","nonce":398374475,"seq":0,"tot":0}]
03-16 14:38:27.901  2690  2819 D MulticastServer: Registration process started with nonce: 205574712
03-16 14:38:27.904  2690  2819 D MulticastServer: Received request for ledger with nonce: 205574712.
03-16 14:38:27.958  2690  2796 D MulticastServer: Received hash from 3@test.com: ebc2d79deb8acdf3834d685804ac4660b2b01356e5e6c77ab7f0b16d64372396
03-16 14:38:27.958  2690  2798 D MulticastClient: Sent messages: [{"sender":"{\"ip\":\"192.168.1.126\",\"cert\":\"MIIBHDCBwqADAgECAgYBf5LhKoUwCgYIKoZIzj0EAwIwFTETMBEGA1UEAwwKMUB0ZXN0LmNvbTAeFw0yMjAzMTUxMzE4MjRaFw0yNDAzMTYxMzE4MjRaMBUxEzARBgNVBAMMCjFAdGVzdC5jb20wWTATBgcqhkjOPQIBBggqhkjOPQMBBwNCAARygid4IUjQcO5q061zUYi\/H7lvnalm9LjGvCXUiUKNjFkRZCQQHkQr3g5NSREvlv8eDTjoMpzkwAR2X7BGjdlzMAoGCCqGSM49BAMCA0kAMEYCIQCiHMll2QZaqlteytfUXQC9N+f0vW3g05QfhOXX51uZkQIhAOqRAe\/npOy8z8s0m0jcslsGFJ4m0z8mdDgpGZNaRRtS\"}","payload":"ebc2d79deb8acdf3834d685804ac4660b2b01356e5e6c77ab7f0b16d64372396","mt":"LEDGER_HASH","sig":"MEYCIQCxUk1RH8jr+pcELQv5HGxFuodhu99srjJoxgmJ2b1KHQIhALyrFfT11ELUYDFw03kqn\/X5GnrQqbpKiomTe6jycF9t","nonce":205574712,"seq":0,"tot":0}]
03-16 14:38:28.419  2690  2793 D RegistrationHandler: FULL_LEDGER 205574712
03-16 14:38:28.425  2690  2819 D RegistrationHandler: FULL_LEDGER 205574712
03-16 14:38:28.427  2690  2796 D RegistrationHandler: FULL_LEDGER 205574712
03-16 14:38:28.786  2690  2798 D RegistrationHandler: FULL_LEDGER 205574712
03-16 14:38:28.809  2690  2798 D RegistrationHandler: FULL_LEDGER 205574712
03-16 14:38:28.823  2690  2798 D MulticastServer: Received hash from 3@test.com: ebc2d79deb8acdf3834d685804ac4660b2b01356e5e6c77ab7f0b16d64372396
03-16 14:38:37.480  2690  2798 D MulticastServer: Broadcast block received {"ip":"192.168.1.90","cert":"MIIBGzCBwqADAgECAgYBf5Lh/YgwCgYIKoZIzj0EAwIwFTETMBEGA1UEAwwKMkB0ZXN0LmNvbTAeFw0yMjAzMTUxMzE5MThaFw0yNDAzMTYxMzE5MThaMBUxEzARBgNVBAMMCjJAdGVzdC5jb20wWTATBgcqhkjOPQIBBggqhkjOPQMBBwNCAAS+Y1FtdGs8Ucfiq/zWhVaVn4ZBowDRf+LHkKkDUQijyqT6F1OlcBHKlpSdutzah71G6VCq62b3AWQkp086ORMGMAoGCCqGSM49BAMCA0gAMEUCIHH+qCw7c9P4WGmGxr+Z6u3tdZRz/XeTlZiocA09UDaoAiEA977yY+pelaDu67wtccznceHBT4wGLWjjfzyxyDdr/lY="}
03-16 14:38:37.888  2690  2798 D MulticastServer: Broadcast block received {"ip":"192.168.1.90","cert":"MIIBGzCBwqADAgECAgYBf5Lh/YgwCgYIKoZIzj0EAwIwFTETMBEGA1UEAwwKMkB0ZXN0LmNvbTAeFw0yMjAzMTUxMzE5MThaFw0yNDAzMTYxMzE5MThaMBUxEzARBgNVBAMMCjJAdGVzdC5jb20wWTATBgcqhkjOPQIBBggqhkjOPQMBBwNCAAS+Y1FtdGs8Ucfiq/zWhVaVn4ZBowDRf+LHkKkDUQijyqT6F1OlcBHKlpSdutzah71G6VCq62b3AWQkp086ORMGMAoGCCqGSM49BAMCA0gAMEUCIHH+qCw7c9P4WGmGxr+Z6u3tdZRz/XeTlZiocA09UDaoAiEA977yY+pelaDu67wtccznceHBT4wGLWjjfzyxyDdr/lY="}
03-16 14:38:37.907  2690  2832 D RegistrationHandler: ACCEPTED_LEDGER 205574712 4
03-16 14:38:37.908  2690  2832 D MulticastServer: Registration process finished: 205574712
03-16 14:38:38.295  2690  2798 D MulticastServer: Broadcast block received {"ip":"192.168.1.90","cert":"MIIBGzCBwqADAgECAgYBf5Lh/YgwCgYIKoZIzj0EAwIwFTETMBEGA1UEAwwKMkB0ZXN0LmNvbTAeFw0yMjAzMTUxMzE5MThaFw0yNDAzMTYxMzE5MThaMBUxEzARBgNVBAMMCjJAdGVzdC5jb20wWTATBgcqhkjOPQIBBggqhkjOPQMBBwNCAAS+Y1FtdGs8Ucfiq/zWhVaVn4ZBowDRf+LHkKkDUQijyqT6F1OlcBHKlpSdutzah71G6VCq62b3AWQkp086ORMGMAoGCCqGSM49BAMCA0gAMEUCIHH+qCw7c9P4WGmGxr+Z6u3tdZRz/XeTlZiocA09UDaoAiEA977yY+pelaDu67wtccznceHBT4wGLWjjfzyxyDdr/lY="}
03-16 14:38:42.606  2690  2798 D MulticastServer: Registration process started with nonce: 979231159
03-16 14:38:42.608  2690  2837 D MulticastServer: Registration process started with nonce: 979231159
03-16 14:38:42.661  2690  2838 D MulticastServer: Received hash from 3@test.com: 4d4c12426cda9ee1d2f2fd15aa254a5754b3a1988173a7184db0dc1e3b44751a
03-16 14:38:42.682  2690  2798 D RegistrationHandler: FULL_LEDGER 979231159
03-16 14:38:43.005  2690  2838 D MulticastServer: Received hash from 2@test.com: 4d4c12426cda9ee1d2f2fd15aa254a5754b3a1988173a7184db0dc1e3b44751a
03-16 14:38:43.039  2690  2838 D RegistrationHandler: FULL_LEDGER 979231159
03-16 14:38:43.046  2690  2798 D RegistrationHandler: FULL_LEDGER 979231159
03-16 14:38:43.070  2690  2837 D RegistrationHandler: FULL_LEDGER 979231159
03-16 14:38:43.081  2690  2838 D MulticastServer: Received hash from 3@test.com: 4d4c12426cda9ee1d2f2fd15aa254a5754b3a1988173a7184db0dc1e3b44751a
03-16 14:38:43.410  2690  2837 D MulticastServer: Received hash from 2@test.com: 4d4c12426cda9ee1d2f2fd15aa254a5754b3a1988173a7184db0dc1e3b44751a
03-16 14:38:43.437  2690  2837 D RegistrationHandler: FULL_LEDGER 979231159
