03-31 12:30:11.434 24512 24934 D RegistrationHandler: FULL_LEDGER 2020091658
03-31 12:30:11.455 24512 24934 D RegistrationHandler: ACCEPTED_LEDGER 2020091658 4
03-31 12:30:11.460 24512 24934 D RegistrationHandler: 2020091658 The accepted ledger contains: [2@test.com, 3@test.com, 5@test.com, 6@test.com]
03-31 12:30:11.460 24512 24934 D MulticastServer: Registration process finished: 2020091658
03-31 12:30:11.591 24512 24934 D MulticastServer: Broadcast block received {"ip":"192.168.1.90","cert":"MIIBGjCBwqADAgECAgYBf996WTQwCgYIKoZIzj0EAwIwFTETMBEGA1UEAwwKVFRNNDkwNSBDQTAeFw0yMjAzMzAxMDE2NTFaFw0yMjA0MzAxMDE2NTFaMBUxEzARBgNVBAMMCjRAdGVzdC5jb20wWTATBgcqhkjOPQIBBggqhkjOPQMBBwNCAAR9ADphQpker5Vlux1TGrY243xUduQc15bIXysV2NxiGJkeD5VM9tRM0LC9OtaczjftmguVO1X6py8Cw58m4CqfMAoGCCqGSM49BAMCA0cAMEQCIHsw/XWk02FcpPISkSvlA7qK2USSlgqOOom9Sg9AUrBUAiB6UZsa+fgTtWznrsteVlekFkQ/GbMN2tUh4ZJjX/PbOQ=="}
03-31 12:30:11.591 24512 24914 D MulticastServer: Broadcast block received {"ip":"192.168.1.90","cert":"MIIBGjCBwqADAgECAgYBf996WTQwCgYIKoZIzj0EAwIwFTETMBEGA1UEAwwKVFRNNDkwNSBDQTAeFw0yMjAzMzAxMDE2NTFaFw0yMjA0MzAxMDE2NTFaMBUxEzARBgNVBAMMCjRAdGVzdC5jb20wWTATBgcqhkjOPQIBBggqhkjOPQMBBwNCAAR9ADphQpker5Vlux1TGrY243xUduQc15bIXysV2NxiGJkeD5VM9tRM0LC9OtaczjftmguVO1X6py8Cw58m4CqfMAoGCCqGSM49BAMCA0cAMEQCIHsw/XWk02FcpPISkSvlA7qK2USSlgqOOom9Sg9AUrBUAiB6UZsa+fgTtWznrsteVlekFkQ/GbMN2tUh4ZJjX/PbOQ=="}
--------- beginning of crash
03-31 12:30:11.653 24512 24934 E AndroidRuntime: FATAL EXCEPTION: DefaultDispatcher-worker-7
03-31 12:30:11.653 24512 24934 E AndroidRuntime: Process: com.example.masterproject, PID: 24512
03-31 12:30:11.653 24512 24934 E AndroidRuntime: java.util.ConcurrentModificationException
03-31 12:30:11.653 24512 24934 E AndroidRuntime: 	at java.util.ArrayList.sort(ArrayList.java:1472)
03-31 12:30:11.653 24512 24934 E AndroidRuntime: 	at java.util.Collections.sort(Collections.java:206)
03-31 12:30:11.653 24512 24934 E AndroidRuntime: 	at kotlin.collections.CollectionsKt__MutableCollectionsJVMKt.sortWith(MutableCollectionsJVM.kt:42)
03-31 12:30:11.653 24512 24934 E AndroidRuntime: 	at com.example.masterproject.ledger.Ledger$Companion.addLedgerEntry(Ledger.kt:229)
03-31 12:30:11.653 24512 24934 E AndroidRuntime: 	at com.example.masterproject.network.MulticastServer.handleBroadcastBlock(MulticastServer.kt:86)
03-31 12:30:11.653 24512 24934 E AndroidRuntime: 	at com.example.masterproject.network.MulticastServer.access$handleBroadcastBlock(MulticastServer.kt:29)
03-31 12:30:11.653 24512 24934 E AndroidRuntime: 	at com.example.masterproject.network.MulticastServer$listenForData$1.invokeSuspend(MulticastServer.kt:58)
03-31 12:30:11.653 24512 24934 E AndroidRuntime: 	at kotlin.coroutines.jvm.internal.BaseContinuationImpl.resumeWith(ContinuationImpl.kt:33)
03-31 12:30:11.653 24512 24934 E AndroidRuntime: 	at kotlinx.coroutines.DispatchedTask.run(DispatchedTask.kt:56)
03-31 12:30:11.653 24512 24934 E AndroidRuntime: 	at kotlinx.coroutines.scheduling.CoroutineScheduler.runSafely(CoroutineScheduler.kt:571)
03-31 12:30:11.653 24512 24934 E AndroidRuntime: 	at kotlinx.coroutines.scheduling.CoroutineScheduler$Worker.executeTask(CoroutineScheduler.kt:738)
03-31 12:30:11.653 24512 24934 E AndroidRuntime: 	at kotlinx.coroutines.scheduling.CoroutineScheduler$Worker.runWorker(CoroutineScheduler.kt:678)
03-31 12:30:11.653 24512 24934 E AndroidRuntime: 	at kotlinx.coroutines.scheduling.CoroutineScheduler$Worker.run(CoroutineScheduler.kt:665)
round 9 of 100
03-31 12:31:06.366 24733 25188 D MulticastServer: MULTICAST_SERVER_LISTENING
03-31 12:31:06.370 24733 25190 D MulticastServer: Registration process started with nonce 1107446123
03-31 12:31:06.376 24733 25189 D MulticastClient: REQUEST_LEDGER 1107446123
03-31 12:31:06.380 24733 25189 D MulticastClient: Sent messages with 3 resends: [{"sender":"","payload":"","mt":"REQUEST_LEDGER","sig":"","nonce":1107446123,"seq":0,"tot":0}]
03-31 12:31:07.000 24733 25194 D RegistrationHandler: Has received 1 of 2 fragments from 5@test.com
03-31 12:31:07.013 24733 25194 D RegistrationHandler: Received full ledger from 5@test.com with nonce 1107446123
03-31 12:31:07.013 24733 25194 D RegistrationHandler: FULL_LEDGER 1107446123
03-31 12:31:07.618 24733 25189 D RegistrationHandler: Has received 1 of 2 fragments from 6@test.com
03-31 12:31:07.619 24733 25207 D RegistrationHandler: Has received 1 of 2 fragments from 5@test.com
03-31 12:31:07.645 24733 25207 D RegistrationHandler: Received full ledger from 5@test.com with nonce 1107446123
03-31 12:31:07.645 24733 25207 D RegistrationHandler: FULL_LEDGER 1107446123
03-31 12:31:07.646 24733 25189 D RegistrationHandler: Received full ledger from 6@test.com with nonce 1107446123
03-31 12:31:07.646 24733 25189 D RegistrationHandler: FULL_LEDGER 1107446123
03-31 12:31:07.665 24733 25189 E AndroidRuntime: FATAL EXCEPTION: DefaultDispatcher-worker-2
03-31 12:31:07.665 24733 25189 E AndroidRuntime: Process: com.example.masterproject, PID: 24733
03-31 12:31:07.665 24733 25189 E AndroidRuntime: java.lang.NullPointerException: Attempt to invoke virtual method 'com.example.masterproject.ledger.LedgerEntry com.example.masterproject.ledger.ReceivedHash.getSenderBlock()' on a null object reference
03-31 12:31:07.665 24733 25189 E AndroidRuntime: 	at com.example.masterproject.ledger.RegistrationHandler.getHashOfAcceptedLedger(RegistrationHandler.kt:341)
03-31 12:31:07.665 24733 25189 E AndroidRuntime: 	at com.example.masterproject.ledger.RegistrationHandler.setLedgerIfAccepted(RegistrationHandler.kt:238)
03-31 12:31:07.665 24733 25189 E AndroidRuntime: 	at com.example.masterproject.ledger.RegistrationHandler.fullLedgerReceived(RegistrationHandler.kt:109)
03-31 12:31:07.665 24733 25189 E AndroidRuntime: 	at com.example.masterproject.network.MulticastServer.handleFullLedger(MulticastServer.kt:135)
03-31 12:31:07.665 24733 25189 E AndroidRuntime: 	at com.example.masterproject.network.MulticastServer.access$handleFullLedger(MulticastServer.kt:29)
03-31 12:31:07.665 24733 25189 E AndroidRuntime: 	at com.example.masterproject.network.MulticastServer$listenForData$1.invokeSuspend(MulticastServer.kt:61)
03-31 12:31:07.665 24733 25189 E AndroidRuntime: 	at kotlin.coroutines.jvm.internal.BaseContinuationImpl.resumeWith(ContinuationImpl.kt:33)
03-31 12:31:07.665 24733 25189 E AndroidRuntime: 	at kotlinx.coroutines.DispatchedTask.run(DispatchedTask.kt:56)
03-31 12:31:07.665 24733 25189 E AndroidRuntime: 	at kotlinx.coroutines.scheduling.CoroutineScheduler.runSafely(CoroutineScheduler.kt:571)
03-31 12:31:07.665 24733 25189 E AndroidRuntime: 	at kotlinx.coroutines.scheduling.CoroutineScheduler$Worker.executeTask(CoroutineScheduler.kt:738)
03-31 12:31:07.665 24733 25189 E AndroidRuntime: 	at kotlinx.coroutines.scheduling.CoroutineScheduler$Worker.runWorker(CoroutineScheduler.kt:678)
03-31 12:31:07.665 24733 25189 E AndroidRuntime: 	at kotlinx.coroutines.scheduling.CoroutineScheduler$Worker.run(CoroutineScheduler.kt:665)
round 10 of 100
03-31 12:32:31.248 25218 25455 D MulticastServer: MULTICAST_SERVER_LISTENING
03-31 12:32:31.252 25218 25457 D MulticastServer: Registration process started with nonce 209484302
03-31 12:32:31.257 25218 25456 D MulticastClient: REQUEST_LEDGER 209484302
03-31 12:32:31.261 25218 25456 D MulticastClient: Sent messages with 3 resends: [{"sender":"","payload":"","mt":"REQUEST_LEDGER","sig":"","nonce":209484302,"seq":0,"tot":0}]
03-31 12:32:31.464 25218 25462 D RegistrationHandler: Has received 1 of 2 fragments from 5@test.com
03-31 12:32:31.880 25218 25462 D RegistrationHandler: Has received 1 of 2 fragments from 5@test.com
03-31 12:32:31.882 25218 25469 D RegistrationHandler: Has received 2 of 2 from 5@test.com
03-31 12:32:31.885 25218 25473 D RegistrationHandler: Has received 1 of 2 fragments from 6@test.com
03-31 12:32:31.897 25218 25469 D RegistrationHandler: Received full ledger from 5@test.com with nonce 209484302
03-31 12:32:31.897 25218 25469 D RegistrationHandler: FULL_LEDGER 209484302
03-31 12:32:32.170 25218 25469 D RegistrationHandler: Has received 2 of 2 fragments from 5@test.com
03-31 12:32:32.185 25218 25469 D RegistrationHandler: Has received 1 of 2 fragments from 6@test.com
03-31 12:32:32.192 25218 25456 D RegistrationHandler: Has received 2 of 2 from 6@test.com
03-31 12:32:32.197 25218 25456 D RegistrationHandler: Received full ledger from 6@test.com with nonce 209484302
03-31 12:32:32.197 25218 25456 D RegistrationHandler: FULL_LEDGER 209484302
03-31 12:32:32.501 25218 25456 D RegistrationHandler: Has received 2 of 2 fragments from 5@test.com
03-31 12:32:32.507 25218 25456 D RegistrationHandler: Has received 2 of 2 fragments from 6@test.com
03-31 12:32:35.268 25218 25458 D RegistrationHandler: ACCEPTED_LEDGER 209484302 2
03-31 12:32:35.275 25218 25458 D RegistrationHandler: 209484302 The accepted ledger contains: [5@test.com, 6@test.com]
03-31 12:32:35.275 25218 25458 D RegistrationHandler: 209484302 Registration started
03-31 12:32:35.297 25218 25458 D MulticastServer: Registration process finished: 209484302
03-31 12:32:35.305 25218 25456 D MulticastClient: Sent messages with 3 resends: [{"sender":"3@test.com","payload":"{\"ip\":\"192.168.1.96\",\"cert\":\"MIIBGzCBwqADAgECAgYBf995t9QwCgYIKoZIzj0EAwIwFTETMBEGA1UEAwwKVFRNNDkwNSBDQTAeFw0yMjAzMzAxMDE2MTBaFw0yMjA0MzAxMDE2MTBaMBUxEzARBgNVBAMMCjNAdGVzdC5jb20wWTATBgcqhkjOPQIBBggqhkjOPQMBBwNCAATY3kLH7Qz4fsUds8uo3PhKft0NLt+5z469gIE3lhucqzAWwwAn06WxsTJLB7jIbr+w\/jyxRPTQe4bioM6AtaLIMAoGCCqGSM49BAMCA0gAMEUCIA0ppl8ei8h1m3prdyupn0WZC6qRuZWM4R6\/rV6AVrcSAiEAwWLG\/rR3rVnUo0t0BriCXqWS+yMclkr+vppWHQ0bfZU=\"}","mt":"BROADCAST_BLOCK","sig":"MEUCIAc7iXuh3a+i+XQ+qdtzdIzSNCE1BLf4lmoeZhkpJ9ddAiEAnAugRbE+N6BO0kS501IoIesU\/n\/tawWQW81JkfL42cM=","nonce":209484302,"seq":0,"tot":0}]
03-31 12:32:45.703 25218 25469 D MulticastServer: Registration process started with nonce 1869885489
03-31 12:32:45.709 25218 25469 D MulticastServer: Received request for ledger with nonce: 1869885489.
03-31 12:32:45.760 25218 25456 D RegistrationHandler: 1869885489 Received hash from 3@test.com: 134e2587af527ac5d4ef2d11b6962451dd1e9873c4ff54582a8fa7af1f655cc2
03-31 12:32:45.788 25218 25456 D MulticastClient: Sent messages with 3 resends: [{"sender":"{\"ip\":\"192.168.1.96\",\"cert\":\"MIIBGzCBwqADAgECAgYBf995t9QwCgYIKoZIzj0EAwIwFTETMBEGA1UEAwwKVFRNNDkwNSBDQTAeFw0yMjAzMzAxMDE2MTBaFw0yMjA0MzAxMDE2MTBaMBUxEzARBgNVBAMMCjNAdGVzdC5jb20wWTATBgcqhkjOPQIBBggqhkjOPQMBBwNCAATY3kLH7Qz4fsUds8uo3PhKft0NLt+5z469gIE3lhucqzAWwwAn06WxsTJLB7jIbr+w\/jyxRPTQe4bioM6AtaLIMAoGCCqGSM49BAMCA0gAMEUCIA0ppl8ei8h1m3prdyupn0WZC6qRuZWM4R6\/rV6AVrcSAiEAwWLG\/rR3rVnUo0t0BriCXqWS+yMclkr+vppWHQ0bfZU=\"}","payload":"134e2587af527ac5d4ef2d11b6962451dd1e9873c4ff54582a8fa7af1f655cc2","mt":"LEDGER_HASH","sig":"MEYCIQDS15bC873MXtUvcBqfhS++kpPx5Wa2XJWLXaChX5XL+QIhAPx3SOCmJOqSl3lyfKtlhlBEVdyFtgcP+8FCe1FGmOn+","nonce":1869885489,"seq":0,"tot":0}]
03-31 12:32:45.898 25218 25469 D RegistrationHandler: Has received 1 of 3 fragments from 5@test.com
03-31 12:32:46.232 25218 25469 D RegistrationHandler: Has received 2 of 3 from 5@test.com
03-31 12:32:46.517 25218 25469 D RegistrationHandler: Has received 1 of 3 fragments from 6@test.com
03-31 12:32:46.542 25218 25469 D RegistrationHandler: Received full ledger from 6@test.com with nonce 1869885489
03-31 12:32:46.542 25218 25469 D RegistrationHandler: FULL_LEDGER 1869885489
03-31 12:32:46.559 25218 25473 D RegistrationHandler: Has received 2 of 3 fragments from 5@test.com
03-31 12:32:46.565 25218 25472 D RegistrationHandler: Has received 2 of 3 from 5@test.com
03-31 12:32:46.570 25218 25472 D RegistrationHandler: Has received 3 of 3 from 5@test.com
03-31 12:32:46.582 25218 25472 D RegistrationHandler: Received full ledger from 5@test.com with nonce 1869885489
03-31 12:32:46.582 25218 25472 D RegistrationHandler: FULL_LEDGER 1869885489
03-31 12:32:46.597 25218 25472 D RegistrationHandler: ACCEPTED_LEDGER 1869885489 3
03-31 12:32:46.599 25218 25472 D RegistrationHandler: 1869885489 The accepted ledger contains: [3@test.com, 5@test.com, 6@test.com]
03-31 12:32:46.599 25218 25472 D MulticastServer: Registration process finished: 1869885489
03-31 12:32:46.605 25218 25472 D MulticastServer: Broadcast block received {"ip":"192.168.1.126","cert":"MIIBGzCBwqADAgECAgYBf994jVgwCgYIKoZIzj0EAwIwFTETMBEGA1UEAwwKVFRNNDkwNSBDQTAeFw0yMjAzMzAxMDE0NTRaFw0yMjA0MzAxMDE0NTRaMBUxEzARBgNVBAMMCjJAdGVzdC5jb20wWTATBgcqhkjOPQIBBggqhkjOPQMBBwNCAASfp8DfpDI4F1LcnhLU9XVqVlPfMKymZ5CCGjJ1fzUl10nP2pVehNZnWeRb8D6HrQrSylv6yjeqJ4LaLL5rYv5DMAoGCCqGSM49BAMCA0gAMEUCIQDKIT1zYbOHoSvwm5UEfwU7wX76J0DjD3DEsyMrIRz2mQIgB0NHKAft76MW8NEEL9Ferq4SmTyDVdc/57LP58HFs2Q="}
03-31 12:32:47.021 25218 25456 D MulticastServer: Broadcast block received {"ip":"192.168.1.126","cert":"MIIBGzCBwqADAgECAgYBf994jVgwCgYIKoZIzj0EAwIwFTETMBEGA1UEAwwKVFRNNDkwNSBDQTAeFw0yMjAzMzAxMDE0NTRaFw0yMjA0MzAxMDE0NTRaMBUxEzARBgNVBAMMCjJAdGVzdC5jb20wWTATBgcqhkjOPQIBBggqhkjOPQMBBwNCAASfp8DfpDI4F1LcnhLU9XVqVlPfMKymZ5CCGjJ1fzUl10nP2pVehNZnWeRb8D6HrQrSylv6yjeqJ4LaLL5rYv5DMAoGCCqGSM49BAMCA0gAMEUCIQDKIT1zYbOHoSvwm5UEfwU7wX76J0DjD3DEsyMrIRz2mQIgB0NHKAft76MW8NEEL9Ferq4SmTyDVdc/57LP58HFs2Q="}
03-31 12:32:47.328 25218 25456 D MulticastServer: Broadcast block received {"ip":"192.168.1.126","cert":"MIIBGzCBwqADAgECAgYBf994jVgwCgYIKoZIzj0EAwIwFTETMBEGA1UEAwwKVFRNNDkwNSBDQTAeFw0yMjAzMzAxMDE0NTRaFw0yMjA0MzAxMDE0NTRaMBUxEzARBgNVBAMMCjJAdGVzdC5jb20wWTATBgcqhkjOPQIBBggqhkjOPQMBBwNCAASfp8DfpDI4F1LcnhLU9XVqVlPfMKymZ5CCGjJ1fzUl10nP2pVehNZnWeRb8D6HrQrSylv6yjeqJ4LaLL5rYv5DMAoGCCqGSM49BAMCA0gAMEUCIQDKIT1zYbOHoSvwm5UEfwU7wX76J0DjD3DEsyMrIRz2mQIgB0NHKAft76MW8NEEL9Ferq4SmTyDVdc/57LP58HFs2Q="}
03-31 12:33:01.251 25218 25456 D MulticastServer: Registration process started with nonce 2003058228
03-31 12:33:01.256 25218 25456 D MulticastServer: Received request for ledger with nonce: 2003058228.
03-31 12:33:01.299 25218 25472 D RegistrationHandler: 2003058228 Received hash from 3@test.com: f835c5ca0c47878ea990e2267afaa94dfcd7989b8df91afd355a2946088d400b
03-31 12:33:01.323 25218 25472 D MulticastClient: Sent messages with 3 resends: [{"sender":"{\"ip\":\"192.168.1.96\",\"cert\":\"MIIBGzCBwqADAgECAgYBf995t9QwCgYIKoZIzj0EAwIwFTETMBEGA1UEAwwKVFRNNDkwNSBDQTAeFw0yMjAzMzAxMDE2MTBaFw0yMjA0MzAxMDE2MTBaMBUxEzARBgNVBAMMCjNAdGVzdC5jb20wWTATBgcqhkjOPQIBBggqhkjOPQMBBwNCAATY3kLH7Qz4fsUds8uo3PhKft0NLt+5z469gIE3lhucqzAWwwAn06WxsTJLB7jIbr+w\/jyxRPTQe4bioM6AtaLIMAoGCCqGSM49BAMCA0gAMEUCIA0ppl8ei8h1m3prdyupn0WZC6qRuZWM4R6\/rV6AVrcSAiEAwWLG\/rR3rVnUo0t0BriCXqWS+yMclkr+vppWHQ0bfZU=\"}","payload":"f835c5ca0c47878ea990e2267afaa94dfcd7989b8df91afd355a2946088d400b","mt":"LEDGER_HASH","sig":"MEUCIQDaT1AfYfB4mhbfMRdaiOtE7uogydgMudK2dZ8r\/hFdXQIgEtLKFfGQx4Q+ZNXQfIHadWssGI\/7qp8YsRKFjPJQpdU=","nonce":2003058228,"seq":0,"tot":0}]
03-31 12:33:01.389 25218 25469 D RegistrationHandler: 2003058228 Received hash from 2@test.com: f835c5ca0c47878ea990e2267afaa94dfcd7989b8df91afd355a2946088d400b
03-31 12:33:01.398 25218 25469 D RegistrationHandler: Has received 1 of 4 fragments from 5@test.com
03-31 12:33:01.464 25218 25469 D RegistrationHandler: Has received 2 of 4 from 5@test.com
03-31 12:33:01.470 25218 25456 D RegistrationHandler: Has received 3 of 4 from 5@test.com
03-31 12:33:01.475 25218 25469 D RegistrationHandler: Has received 4 of 4 from 5@test.com
03-31 12:33:01.495 25218 25469 D RegistrationHandler: Received full ledger from 5@test.com with nonce 2003058228
03-31 12:33:01.495 25218 25469 D RegistrationHandler: FULL_LEDGER 2003058228
03-31 12:33:01.516 25218 25469 D RegistrationHandler: ACCEPTED_LEDGER 2003058228 4
03-31 12:33:01.521 25218 25469 D RegistrationHandler: 2003058228 The accepted ledger contains: [2@test.com, 3@test.com, 5@test.com, 6@test.com]
03-31 12:33:01.521 25218 25469 D MulticastServer: Registration process finished: 2003058228
03-31 12:33:02.585 25218 25469 D MulticastServer: Broadcast block received {"ip":"192.168.1.90","cert":"MIIBGjCBwqADAgECAgYBf996WTQwCgYIKoZIzj0EAwIwFTETMBEGA1UEAwwKVFRNNDkwNSBDQTAeFw0yMjAzMzAxMDE2NTFaFw0yMjA0MzAxMDE2NTFaMBUxEzARBgNVBAMMCjRAdGVzdC5jb20wWTATBgcqhkjOPQIBBggqhkjOPQMBBwNCAAR9ADphQpker5Vlux1TGrY243xUduQc15bIXysV2NxiGJkeD5VM9tRM0LC9OtaczjftmguVO1X6py8Cw58m4CqfMAoGCCqGSM49BAMCA0cAMEQCIHsw/XWk02FcpPISkSvlA7qK2USSlgqOOom9Sg9AUrBUAiB6UZsa+fgTtWznrsteVlekFkQ/GbMN2tUh4ZJjX/PbOQ=="}
03-31 12:33:03.200 25218 25469 D MulticastServer: Broadcast block received {"ip":"192.168.1.90","cert":"MIIBGjCBwqADAgECAgYBf996WTQwCgYIKoZIzj0EAwIwFTETMBEGA1UEAwwKVFRNNDkwNSBDQTAeFw0yMjAzMzAxMDE2NTFaFw0yMjA0MzAxMDE2NTFaMBUxEzARBgNVBAMMCjRAdGVzdC5jb20wWTATBgcqhkjOPQIBBggqhkjOPQMBBwNCAAR9ADphQpker5Vlux1TGrY243xUduQc15bIXysV2NxiGJkeD5VM9tRM0LC9OtaczjftmguVO1X6py8Cw58m4CqfMAoGCCqGSM49BAMCA0cAMEQCIHsw/XWk02FcpPISkSvlA7qK2USSlgqOOom9Sg9AUrBUAiB6UZsa+fgTtWznrsteVlekFkQ/GbMN2tUh4ZJjX/PbOQ=="}
03-31 12:33:03.507 25218 25469 D MulticastServer: Broadcast block received {"ip":"192.168.1.90","cert":"MIIBGjCBwqADAgECAgYBf996WTQwCgYIKoZIzj0EAwIwFTETMBEGA1UEAwwKVFRNNDkwNSBDQTAeFw0yMjAzMzAxMDE2NTFaFw0yMjA0MzAxMDE2NTFaMBUxEzARBgNVBAMMCjRAdGVzdC5jb20wWTATBgcqhkjOPQIBBggqhkjOPQMBBwNCAAR9ADphQpker5Vlux1TGrY243xUduQc15bIXysV2NxiGJkeD5VM9tRM0LC9OtaczjftmguVO1X6py8Cw58m4CqfMAoGCCqGSM49BAMCA0cAMEQCIHsw/XWk02FcpPISkSvlA7qK2USSlgqOOom9Sg9AUrBUAiB6UZsa+fgTtWznrsteVlekFkQ/GbMN2tUh4ZJjX/PbOQ=="}
03-31 12:33:16.097 25218 25469 D MulticastServer: Registration process started with nonce 2057713262
03-31 12:33:16.101 25218 25469 D MulticastServer: Received request for ledger with nonce: 2057713262.
03-31 12:33:16.130 25218 25472 D RegistrationHandler: 2057713262 Received hash from 3@test.com: 426b24282b49eccdfc717fe9a809b5b9f62ff656dba03539479b139f75cf3837
03-31 12:33:16.151 25218 25472 D MulticastClient: Sent messages with 3 resends: [{"sender":"{\"ip\":\"192.168.1.96\",\"cert\":\"MIIBGzCBwqADAgECAgYBf995t9QwCgYIKoZIzj0EAwIwFTETMBEGA1UEAwwKVFRNNDkwNSBDQTAeFw0yMjAzMzAxMDE2MTBaFw0yMjA0MzAxMDE2MTBaMBUxEzARBgNVBAMMCjNAdGVzdC5jb20wWTATBgcqhkjOPQIBBggqhkjOPQMBBwNCAATY3kLH7Qz4fsUds8uo3PhKft0NLt+5z469gIE3lhucqzAWwwAn06WxsTJLB7jIbr+w\/jyxRPTQe4bioM6AtaLIMAoGCCqGSM49BAMCA0gAMEUCIA0ppl8ei8h1m3prdyupn0WZC6qRuZWM4R6\/rV6AVrcSAiEAwWLG\/rR3rVnUo0t0BriCXqWS+yMclkr+vppWHQ0bfZU=\"}","payload":"426b24282b49eccdfc717fe9a809b5b9f62ff656dba03539479b139f75cf3837","mt":"LEDGER_HASH","sig":"MEQCIHF1hSzPkANmaKx3kqFdRsdyh5C1\/BEf9hcTbhE4WTi0AiBaPi7kqllBy2M9iIeULj3+TZBzAmdnjgAsp5P\/LqhEVQ==","nonce":2057713262,"seq":0,"tot":0}]
03-31 12:33:16.203 25218 25456 D RegistrationHandler: 2057713262 Received hash from 4@test.com: 426b24282b49eccdfc717fe9a809b5b9f62ff656dba03539479b139f75cf3837
03-31 12:33:16.229 25218 25456 D RegistrationHandler: Has received 1 of 5 fragments from 5@test.com
03-31 12:33:16.251 25218 25456 D RegistrationHandler: Has received 2 of 5 from 5@test.com
03-31 12:33:16.257 25218 25456 D RegistrationHandler: Has received 3 of 5 from 5@test.com
03-31 12:33:16.321 25218 25456 D RegistrationHandler: Has received 4 of 5 from 5@test.com
03-31 12:33:16.327 25218 25469 D RegistrationHandler: Has received 5 of 5 from 5@test.com
03-31 12:33:16.353 25218 25469 D RegistrationHandler: Received full ledger from 5@test.com with nonce 2057713262
03-31 12:33:16.353 25218 25469 D RegistrationHandler: FULL_LEDGER 2057713262
03-31 12:33:16.411 25218 25469 D MulticastServer: Broadcast block received {"ip":"192.168.1.97","cert":"MIIBGzCBwqADAgECAgYBf994BZcwCgYIKoZIzj0EAwIwFTETMBEGA1UEAwwKVFRNNDkwNSBDQTAeFw0yMjAzMzAxMDE0MTlaFw0yMjA0MzAxMDE0MTlaMBUxEzARBgNVBAMMCjFAdGVzdC5jb20wWTATBgcqhkjOPQIBBggqhkjOPQMBBwNCAARWqe9zQZRD8c/IJTwlqcBP3wxNnfnskSHFN0SfukuFElFHa1WRgMC9pldvLvFQJjmHIsbfcfCnJ/3odCWEsES2MAoGCCqGSM49BAMCA0gAMEUCIQD+uRDurwdItFUVVn2KMsGSnE/Xjlxq7IxcC/elzuS+CgIgGfru1MXmAHBBehcDSGWfWWS85xWG153fQT3F2ASLxs0="}
03-31 12:33:16.506 25218 25456 D RegistrationHandler: 2057713262 Received hash from 2@test.com: 9b3a2c12f572c8c5a467250805edf707fb5c41a9b7cdc768b3230849c82918df
03-31 12:33:16.660 25218 25456 D RegistrationHandler: Has received 5 of 5 fragments from 5@test.com
03-31 12:33:16.730 25218 25469 D MulticastServer: Broadcast block received {"ip":"192.168.1.97","cert":"MIIBGzCBwqADAgECAgYBf994BZcwCgYIKoZIzj0EAwIwFTETMBEGA1UEAwwKVFRNNDkwNSBDQTAeFw0yMjAzMzAxMDE0MTlaFw0yMjA0MzAxMDE0MTlaMBUxEzARBgNVBAMMCjFAdGVzdC5jb20wWTATBgcqhkjOPQIBBggqhkjOPQMBBwNCAARWqe9zQZRD8c/IJTwlqcBP3wxNnfnskSHFN0SfukuFElFHa1WRgMC9pldvLvFQJjmHIsbfcfCnJ/3odCWEsES2MAoGCCqGSM49BAMCA0gAMEUCIQD+uRDurwdItFUVVn2KMsGSnE/Xjlxq7IxcC/elzuS+CgIgGfru1MXmAHBBehcDSGWfWWS85xWG153fQT3F2ASLxs0="}
03-31 12:33:16.966 25218 25469 D RegistrationHandler: Has received 1 of 5 fragments from 6@test.com
03-31 12:33:16.975 25218 25473 D RegistrationHandler: Has received 2 of 5 from 6@test.com
03-31 12:33:16.977 25218 25471 D RegistrationHandler: Has received 3 of 5 from 6@test.com
03-31 12:33:16.989 25218 25471 D RegistrationHandler: Has received 4 of 5 from 6@test.com
03-31 12:33:17.002 25218 25469 D RegistrationHandler: Received full ledger from 6@test.com with nonce 2057713262
03-31 12:33:17.002 25218 25469 D RegistrationHandler: FULL_LEDGER 2057713262
03-31 12:33:17.018 25218 25471 D MulticastServer: Broadcast block received {"ip":"192.168.1.97","cert":"MIIBGzCBwqADAgECAgYBf994BZcwCgYIKoZIzj0EAwIwFTETMBEGA1UEAwwKVFRNNDkwNSBDQTAeFw0yMjAzMzAxMDE0MTlaFw0yMjA0MzAxMDE0MTlaMBUxEzARBgNVBAMMCjFAdGVzdC5jb20wWTATBgcqhkjOPQIBBggqhkjOPQMBBwNCAARWqe9zQZRD8c/IJTwlqcBP3wxNnfnskSHFN0SfukuFElFHa1WRgMC9pldvLvFQJjmHIsbfcfCnJ/3odCWEsES2MAoGCCqGSM49BAMCA0gAMEUCIQD+uRDurwdItFUVVn2KMsGSnE/Xjlxq7IxcC/elzuS+CgIgGfru1MXmAHBBehcDSGWfWWS85xWG153fQT3F2ASLxs0="}
03-31 12:33:17.024 25218 25469 D RegistrationHandler: ACCEPTED_LEDGER 2057713262 5
03-31 12:33:17.030 25218 25469 D RegistrationHandler: 2057713262 The accepted ledger contains: [2@test.com, 3@test.com, 4@test.com, 5@test.com, 6@test.com]
03-31 12:33:17.030 25218 25469 D MulticastServer: Registration process finished: 2057713262
03-31 12:33:17.331 25218 25472 D MulticastServer: Broadcast block received {"ip":"192.168.1.97","cert":"MIIBGzCBwqADAgECAgYBf994BZcwCgYIKoZIzj0EAwIwFTETMBEGA1UEAwwKVFRNNDkwNSBDQTAeFw0yMjAzMzAxMDE0MTlaFw0yMjA0MzAxMDE0MTlaMBUxEzARBgNVBAMMCjFAdGVzdC5jb20wWTATBgcqhkjOPQIBBggqhkjOPQMBBwNCAARWqe9zQZRD8c/IJTwlqcBP3wxNnfnskSHFN0SfukuFElFHa1WRgMC9pldvLvFQJjmHIsbfcfCnJ/3odCWEsES2MAoGCCqGSM49BAMCA0gAMEUCIQD+uRDurwdItFUVVn2KMsGSnE/Xjlxq7IxcC/elzuS+CgIgGfru1MXmAHBBehcDSGWfWWS85xWG153fQT3F2ASLxs0="}
round 11 of 100
03-31 12:33:56.145 25261 25646 D MulticastServer: MULTICAST_SERVER_LISTENING
03-31 12:33:56.150 25261 25648 D MulticastServer: Registration process started with nonce 1070650073
03-31 12:33:56.155 25261 25647 D MulticastClient: REQUEST_LEDGER 1070650073
03-31 12:33:56.158 25261 25647 D MulticastClient: Sent messages with 3 resends: [{"sender":"","payload":"","mt":"REQUEST_LEDGER","sig":"","nonce":1070650073,"seq":0,"tot":0}]
03-31 12:33:56.351 25261 25653 D RegistrationHandler: Has received 1 of 2 fragments from 5@test.com
03-31 12:33:56.368 25261 25653 D RegistrationHandler: Has received 2 of 2 from 5@test.com
03-31 12:33:56.377 25261 25653 D RegistrationHandler: Received full ledger from 5@test.com with nonce 1070650073
03-31 12:33:56.377 25261 25653 D RegistrationHandler: FULL_LEDGER 1070650073
03-31 12:33:56.760 25261 25653 D RegistrationHandler: Has received 1 of 2 fragments from 6@test.com
03-31 12:33:56.770 25261 25653 D RegistrationHandler: Received full ledger from 6@test.com with nonce 1070650073
03-31 12:33:56.770 25261 25653 D RegistrationHandler: FULL_LEDGER 1070650073
03-31 12:33:56.957 25261 25653 D RegistrationHandler: Has received 2 of 2 fragments from 5@test.com
03-31 12:33:57.075 25261 25653 D RegistrationHandler: Has received 2 of 2 from 6@test.com
03-31 12:33:57.085 25261 25653 D RegistrationHandler: Received full ledger from 6@test.com with nonce 1070650073
03-31 12:33:57.085 25261 25653 D RegistrationHandler: FULL_LEDGER 1070650073
03-31 12:33:57.391 25261 25653 D RegistrationHandler: Has received 2 of 2 fragments from 5@test.com
03-31 12:33:57.397 25261 25653 D RegistrationHandler: Has received 2 of 2 fragments from 6@test.com
03-31 12:33:57.412 25261 25653 D RegistrationHandler: Received full ledger from 6@test.com with nonce 1070650073
03-31 12:33:57.412 25261 25653 D RegistrationHandler: FULL_LEDGER 1070650073
03-31 12:34:00.169 25261 25649 D RegistrationHandler: ACCEPTED_LEDGER 1070650073 2
03-31 12:34:00.175 25261 25649 D RegistrationHandler: 1070650073 The accepted ledger contains: [5@test.com, 6@test.com]
03-31 12:34:00.175 25261 25649 D RegistrationHandler: 1070650073 Registration started
03-31 12:34:00.187 25261 25649 D MulticastServer: Registration process finished: 1070650073
03-31 12:34:00.214 25261 25653 D MulticastClient: Sent messages with 3 resends: [{"sender":"3@test.com","payload":"{\"ip\":\"192.168.1.96\",\"cert\":\"MIIBGzCBwqADAgECAgYBf995t9QwCgYIKoZIzj0EAwIwFTETMBEGA1UEAwwKVFRNNDkwNSBDQTAeFw0yMjAzMzAxMDE2MTBaFw0yMjA0MzAxMDE2MTBaMBUxEzARBgNVBAMMCjNAdGVzdC5jb20wWTATBgcqhkjOPQIBBggqhkjOPQMBBwNCAATY3kLH7Qz4fsUds8uo3PhKft0NLt+5z469gIE3lhucqzAWwwAn06WxsTJLB7jIbr+w\/jyxRPTQe4bioM6AtaLIMAoGCCqGSM49BAMCA0gAMEUCIA0ppl8ei8h1m3prdyupn0WZC6qRuZWM4R6\/rV6AVrcSAiEAwWLG\/rR3rVnUo0t0BriCXqWS+yMclkr+vppWHQ0bfZU=\"}","mt":"BROADCAST_BLOCK","sig":"MEQCICoP6DUoMr+kMztAjxXRFd6nSoEyCySOMoWBHzPGMb0DAiBR+bqFwjfscje2siQrTXbi8pVrCUANWeWwsfFyZfODpw==","nonce":1070650073,"seq":0,"tot":0}]
03-31 12:34:10.883 25261 25653 D MulticastServer: Registration process started with nonce 1147976631
03-31 12:34:10.888 25261 25653 D MulticastServer: Received request for ledger with nonce: 1147976631.
03-31 12:34:10.943 25261 25647 D RegistrationHandler: 1147976631 Received hash from 3@test.com: 134e2587af527ac5d4ef2d11b6962451dd1e9873c4ff54582a8fa7af1f655cc2
03-31 12:34:10.971 25261 25647 D MulticastClient: Sent messages with 3 resends: [{"sender":"{\"ip\":\"192.168.1.96\",\"cert\":\"MIIBGzCBwqADAgECAgYBf995t9QwCgYIKoZIzj0EAwIwFTETMBEGA1UEAwwKVFRNNDkwNSBDQTAeFw0yMjAzMzAxMDE2MTBaFw0yMjA0MzAxMDE2MTBaMBUxEzARBgNVBAMMCjNAdGVzdC5jb20wWTATBgcqhkjOPQIBBggqhkjOPQMBBwNCAATY3kLH7Qz4fsUds8uo3PhKft0NLt+5z469gIE3lhucqzAWwwAn06WxsTJLB7jIbr+w\/jyxRPTQe4bioM6AtaLIMAoGCCqGSM49BAMCA0gAMEUCIA0ppl8ei8h1m3prdyupn0WZC6qRuZWM4R6\/rV6AVrcSAiEAwWLG\/rR3rVnUo0t0BriCXqWS+yMclkr+vppWHQ0bfZU=\"}","payload":"134e2587af527ac5d4ef2d11b6962451dd1e9873c4ff54582a8fa7af1f655cc2","mt":"LEDGER_HASH","sig":"MEQCICx\/++h3Dl3CvustIY378ANAu3v9loutBA\/VeOE1HkoNAiAgwUYsY1IjLtbcoIJ37bkwn+7lBpX9e+j3q2STkimxeQ==","nonce":1147976631,"seq":0,"tot":0}]
03-31 12:34:10.989 25261 25653 D RegistrationHandler: Has received 1 of 3 fragments from 5@test.com
03-31 12:34:11.005 25261 25653 D RegistrationHandler: Has received 2 of 3 from 5@test.com
03-31 12:34:11.013 25261 25653 D RegistrationHandler: Has received 1 of 3 fragments from 6@test.com
03-31 12:34:11.020 25261 25653 D RegistrationHandler: Has received 2 of 3 from 6@test.com
03-31 12:34:11.025 25261 25653 D RegistrationHandler: Has received 3 of 3 from 6@test.com
03-31 12:34:11.036 25261 25653 D RegistrationHandler: Received full ledger from 6@test.com with nonce 1147976631
03-31 12:34:11.036 25261 25653 D RegistrationHandler: FULL_LEDGER 1147976631
03-31 12:34:11.312 25261 25653 D RegistrationHandler: Has received 3 of 3 from 5@test.com
03-31 12:34:11.313 25261 25663 D RegistrationHandler: Has received 3 of 3 from 5@test.com
03-31 12:34:11.317 25261 25664 D RegistrationHandler: Has received 3 of 3 fragments from 5@test.com
03-31 12:34:11.326 25261 25653 D RegistrationHandler: Received full ledger from 5@test.com with nonce 1147976631
03-31 12:34:11.326 25261 25653 D RegistrationHandler: FULL_LEDGER 1147976631
03-31 12:34:11.329 25261 25663 D RegistrationHandler: Received full ledger from 5@test.com with nonce 1147976631
03-31 12:34:11.329 25261 25663 D RegistrationHandler: FULL_LEDGER 1147976631
03-31 12:34:11.343 25261 25653 D RegistrationHandler: ACCEPTED_LEDGER 1147976631 3
03-31 12:34:11.345 25261 25663 D RegistrationHandler: ACCEPTED_LEDGER 1147976631 3
03-31 12:34:11.347 25261 25653 D RegistrationHandler: 1147976631 The accepted ledger contains: [3@test.com, 5@test.com, 6@test.com]
03-31 12:34:11.347 25261 25653 D MulticastServer: Registration process finished: 1147976631
03-31 12:34:11.349 25261 25663 D RegistrationHandler: 1147976631 The accepted ledger contains: [3@test.com, 5@test.com, 6@test.com]
03-31 12:34:14.573 25261 25647 D MulticastServer: Broadcast block received {"ip":"192.168.1.126","cert":"MIIBGzCBwqADAgECAgYBf994jVgwCgYIKoZIzj0EAwIwFTETMBEGA1UEAwwKVFRNNDkwNSBDQTAeFw0yMjAzMzAxMDE0NTRaFw0yMjA0MzAxMDE0NTRaMBUxEzARBgNVBAMMCjJAdGVzdC5jb20wWTATBgcqhkjOPQIBBggqhkjOPQMBBwNCAASfp8DfpDI4F1LcnhLU9XVqVlPfMKymZ5CCGjJ1fzUl10nP2pVehNZnWeRb8D6HrQrSylv6yjeqJ4LaLL5rYv5DMAoGCCqGSM49BAMCA0gAMEUCIQDKIT1zYbOHoSvwm5UEfwU7wX76J0DjD3DEsyMrIRz2mQIgB0NHKAft76MW8NEEL9Ferq4SmTyDVdc/57LP58HFs2Q="}
03-31 12:34:14.881 25261 25647 D MulticastServer: Broadcast block received {"ip":"192.168.1.126","cert":"MIIBGzCBwqADAgECAgYBf994jVgwCgYIKoZIzj0EAwIwFTETMBEGA1UEAwwKVFRNNDkwNSBDQTAeFw0yMjAzMzAxMDE0NTRaFw0yMjA0MzAxMDE0NTRaMBUxEzARBgNVBAMMCjJAdGVzdC5jb20wWTATBgcqhkjOPQIBBggqhkjOPQMBBwNCAASfp8DfpDI4F1LcnhLU9XVqVlPfMKymZ5CCGjJ1fzUl10nP2pVehNZnWeRb8D6HrQrSylv6yjeqJ4LaLL5rYv5DMAoGCCqGSM49BAMCA0gAMEUCIQDKIT1zYbOHoSvwm5UEfwU7wX76J0DjD3DEsyMrIRz2mQIgB0NHKAft76MW8NEEL9Ferq4SmTyDVdc/57LP58HFs2Q="}
03-31 12:34:15.187 25261 25647 D MulticastServer: Broadcast block received {"ip":"192.168.1.126","cert":"MIIBGzCBwqADAgECAgYBf994jVgwCgYIKoZIzj0EAwIwFTETMBEGA1UEAwwKVFRNNDkwNSBDQTAeFw0yMjAzMzAxMDE0NTRaFw0yMjA0MzAxMDE0NTRaMBUxEzARBgNVBAMMCjJAdGVzdC5jb20wWTATBgcqhkjOPQIBBggqhkjOPQMBBwNCAASfp8DfpDI4F1LcnhLU9XVqVlPfMKymZ5CCGjJ1fzUl10nP2pVehNZnWeRb8D6HrQrSylv6yjeqJ4LaLL5rYv5DMAoGCCqGSM49BAMCA0gAMEUCIQDKIT1zYbOHoSvwm5UEfwU7wX76J0DjD3DEsyMrIRz2mQIgB0NHKAft76MW8NEEL9Ferq4SmTyDVdc/57LP58HFs2Q="}
03-31 12:34:15.494 25261 25647 D MulticastServer: Broadcast block received {"ip":"192.168.1.126","cert":"MIIBGzCBwqADAgECAgYBf994jVgwCgYIKoZIzj0EAwIwFTETMBEGA1UEAwwKVFRNNDkwNSBDQTAeFw0yMjAzMzAxMDE0NTRaFw0yMjA0MzAxMDE0NTRaMBUxEzARBgNVBAMMCjJAdGVzdC5jb20wWTATBgcqhkjOPQIBBggqhkjOPQMBBwNCAASfp8DfpDI4F1LcnhLU9XVqVlPfMKymZ5CCGjJ1fzUl10nP2pVehNZnWeRb8D6HrQrSylv6yjeqJ4LaLL5rYv5DMAoGCCqGSM49BAMCA0gAMEUCIQDKIT1zYbOHoSvwm5UEfwU7wX76J0DjD3DEsyMrIRz2mQIgB0NHKAft76MW8NEEL9Ferq4SmTyDVdc/57LP58HFs2Q="}
03-31 12:34:25.838 25261 25647 D MulticastServer: Registration process started with nonce 2116386637
03-31 12:34:25.843 25261 25647 D MulticastServer: Received request for ledger with nonce: 2116386637.
03-31 12:34:25.896 25261 25694 D RegistrationHandler: 2116386637 Received hash from 3@test.com: f835c5ca0c47878ea990e2267afaa94dfcd7989b8df91afd355a2946088d400b
03-31 12:34:25.923 25261 25694 D MulticastClient: Sent messages with 3 resends: [{"sender":"{\"ip\":\"192.168.1.96\",\"cert\":\"MIIBGzCBwqADAgECAgYBf995t9QwCgYIKoZIzj0EAwIwFTETMBEGA1UEAwwKVFRNNDkwNSBDQTAeFw0yMjAzMzAxMDE2MTBaFw0yMjA0MzAxMDE2MTBaMBUxEzARBgNVBAMMCjNAdGVzdC5jb20wWTATBgcqhkjOPQIBBggqhkjOPQMBBwNCAATY3kLH7Qz4fsUds8uo3PhKft0NLt+5z469gIE3lhucqzAWwwAn06WxsTJLB7jIbr+w\/jyxRPTQe4bioM6AtaLIMAoGCCqGSM49BAMCA0gAMEUCIA0ppl8ei8h1m3prdyupn0WZC6qRuZWM4R6\/rV6AVrcSAiEAwWLG\/rR3rVnUo0t0BriCXqWS+yMclkr+vppWHQ0bfZU=\"}","payload":"f835c5ca0c47878ea990e2267afaa94dfcd7989b8df91afd355a2946088d400b","mt":"LEDGER_HASH","sig":"MEYCIQCoTgVaAnmks1SlH9K3WYvQC+v6SKDlBRc8zKwWBSFfowIhANqdXmUA\/k7cneI2AmmUgdxNsjr7KqcBiTpt9\/u+5JHL","nonce":2116386637,"seq":0,"tot":0}]
03-31 12:34:25.935 25261 25693 D RegistrationHandler: 2116386637 Received hash from 2@test.com: f835c5ca0c47878ea990e2267afaa94dfcd7989b8df91afd355a2946088d400b
03-31 12:34:25.944 25261 25693 D RegistrationHandler: Has received 1 of 4 fragments from 5@test.com
03-31 12:34:25.957 25261 25693 D RegistrationHandler: Has received 1 of 4 fragments from 6@test.com
03-31 12:34:25.960 25261 25647 D RegistrationHandler: Has received 2 of 4 from 5@test.com
03-31 12:34:25.966 25261 25647 D RegistrationHandler: Has received 2 of 4 from 6@test.com
03-31 12:34:25.972 25261 25647 D RegistrationHandler: Has received 3 of 4 from 5@test.com
03-31 12:34:25.981 25261 25647 D RegistrationHandler: Has received 3 of 4 from 6@test.com
03-31 12:34:25.988 25261 25647 D RegistrationHandler: Has received 4 of 4 from 5@test.com
03-31 12:34:26.004 25261 25647 D RegistrationHandler: Received full ledger from 5@test.com with nonce 2116386637
03-31 12:34:26.004 25261 25647 D RegistrationHandler: FULL_LEDGER 2116386637
03-31 12:34:26.022 25261 25647 D RegistrationHandler: ACCEPTED_LEDGER 2116386637 4
03-31 12:34:26.028 25261 25647 D RegistrationHandler: 2116386637 The accepted ledger contains: [2@test.com, 3@test.com, 5@test.com, 6@test.com]
03-31 12:34:26.028 25261 25647 D MulticastServer: Registration process finished: 2116386637
03-31 12:34:26.415 25261 25693 D MulticastServer: Broadcast block received {"ip":"192.168.1.90","cert":"MIIBGjCBwqADAgECAgYBf996WTQwCgYIKoZIzj0EAwIwFTETMBEGA1UEAwwKVFRNNDkwNSBDQTAeFw0yMjAzMzAxMDE2NTFaFw0yMjA0MzAxMDE2NTFaMBUxEzARBgNVBAMMCjRAdGVzdC5jb20wWTATBgcqhkjOPQIBBggqhkjOPQMBBwNCAAR9ADphQpker5Vlux1TGrY243xUduQc15bIXysV2NxiGJkeD5VM9tRM0LC9OtaczjftmguVO1X6py8Cw58m4CqfMAoGCCqGSM49BAMCA0cAMEQCIHsw/XWk02FcpPISkSvlA7qK2USSlgqOOom9Sg9AUrBUAiB6UZsa+fgTtWznrsteVlekFkQ/GbMN2tUh4ZJjX/PbOQ=="}
03-31 12:34:26.566 25261 25647 D MulticastServer: Broadcast block received {"ip":"192.168.1.90","cert":"MIIBGjCBwqADAgECAgYBf996WTQwCgYIKoZIzj0EAwIwFTETMBEGA1UEAwwKVFRNNDkwNSBDQTAeFw0yMjAzMzAxMDE2NTFaFw0yMjA0MzAxMDE2NTFaMBUxEzARBgNVBAMMCjRAdGVzdC5jb20wWTATBgcqhkjOPQIBBggqhkjOPQMBBwNCAAR9ADphQpker5Vlux1TGrY243xUduQc15bIXysV2NxiGJkeD5VM9tRM0LC9OtaczjftmguVO1X6py8Cw58m4CqfMAoGCCqGSM49BAMCA0cAMEQCIHsw/XWk02FcpPISkSvlA7qK2USSlgqOOom9Sg9AUrBUAiB6UZsa+fgTtWznrsteVlekFkQ/GbMN2tUh4ZJjX/PbOQ=="}
03-31 12:34:26.867 25261 25693 D MulticastServer: Broadcast block received {"ip":"192.168.1.90","cert":"MIIBGjCBwqADAgECAgYBf996WTQwCgYIKoZIzj0EAwIwFTETMBEGA1UEAwwKVFRNNDkwNSBDQTAeFw0yMjAzMzAxMDE2NTFaFw0yMjA0MzAxMDE2NTFaMBUxEzARBgNVBAMMCjRAdGVzdC5jb20wWTATBgcqhkjOPQIBBggqhkjOPQMBBwNCAAR9ADphQpker5Vlux1TGrY243xUduQc15bIXysV2NxiGJkeD5VM9tRM0LC9OtaczjftmguVO1X6py8Cw58m4CqfMAoGCCqGSM49BAMCA0cAMEQCIHsw/XWk02FcpPISkSvlA7qK2USSlgqOOom9Sg9AUrBUAiB6UZsa+fgTtWznrsteVlekFkQ/GbMN2tUh4ZJjX/PbOQ=="}
03-31 12:34:40.986 25261 25693 D MulticastServer: Registration process started with nonce 435303755
03-31 12:34:40.991 25261 25693 D MulticastServer: Received request for ledger with nonce: 435303755.
03-31 12:34:41.038 25261 25664 D RegistrationHandler: 435303755 Received hash from 3@test.com: 426b24282b49eccdfc717fe9a809b5b9f62ff656dba03539479b139f75cf3837
03-31 12:34:41.070 25261 25664 D MulticastClient: Sent messages with 3 resends: [{"sender":"{\"ip\":\"192.168.1.96\",\"cert\":\"MIIBGzCBwqADAgECAgYBf995t9QwCgYIKoZIzj0EAwIwFTETMBEGA1UEAwwKVFRNNDkwNSBDQTAeFw0yMjAzMzAxMDE2MTBaFw0yMjA0MzAxMDE2MTBaMBUxEzARBgNVBAMMCjNAdGVzdC5jb20wWTATBgcqhkjOPQIBBggqhkjOPQMBBwNCAATY3kLH7Qz4fsUds8uo3PhKft0NLt+5z469gIE3lhucqzAWwwAn06WxsTJLB7jIbr+w\/jyxRPTQe4bioM6AtaLIMAoGCCqGSM49BAMCA0gAMEUCIA0ppl8ei8h1m3prdyupn0WZC6qRuZWM4R6\/rV6AVrcSAiEAwWLG\/rR3rVnUo0t0BriCXqWS+yMclkr+vppWHQ0bfZU=\"}","payload":"426b24282b49eccdfc717fe9a809b5b9f62ff656dba03539479b139f75cf3837","mt":"LEDGER_HASH","sig":"MEQCIDK+pRzmqh63JF\/IMV0xBejhtVHUU6hUbSYiKGNj2pJBAiAv6fXFJsnScRwCaDpqBFST3\/E4OZCdtc\/NRfXYt9fabg==","nonce":435303755,"seq":0,"tot":0}]
03-31 12:34:41.267 25261 25694 D RegistrationHandler: 435303755 Received hash from 4@test.com: 426b24282b49eccdfc717fe9a809b5b9f62ff656dba03539479b139f75cf3837
03-31 12:34:41.512 25261 25694 D RegistrationHandler: Has received 1 of 5 fragments from 5@test.com
03-31 12:34:41.518 25261 25693 D RegistrationHandler: Has received 1 of 5 fragments from 6@test.com
03-31 12:34:41.530 25261 25663 D RegistrationHandler: Has received 2 of 5 from 6@test.com
03-31 12:34:41.538 25261 25663 D RegistrationHandler: Has received 2 of 5 from 5@test.com
03-31 12:34:41.539 25261 25693 D RegistrationHandler: Has received 3 of 5 from 5@test.com
03-31 12:34:41.545 25261 25693 D RegistrationHandler: Has received 3 of 5 from 6@test.com
03-31 12:34:41.560 25261 25693 D RegistrationHandler: Has received 4 of 5 from 5@test.com
03-31 12:34:41.568 25261 25693 D RegistrationHandler: Has received 5 of 5 from 5@test.com
03-31 12:34:41.576 25261 25663 D RegistrationHandler: Has received 4 of 5 from 6@test.com
03-31 12:34:41.591 25261 25693 D RegistrationHandler: Received full ledger from 5@test.com with nonce 435303755
03-31 12:34:41.591 25261 25693 D RegistrationHandler: FULL_LEDGER 435303755
03-31 12:34:41.703 25261 25693 D MulticastServer: Broadcast block received {"ip":"192.168.1.97","cert":"MIIBGzCBwqADAgECAgYBf994BZcwCgYIKoZIzj0EAwIwFTETMBEGA1UEAwwKVFRNNDkwNSBDQTAeFw0yMjAzMzAxMDE0MTlaFw0yMjA0MzAxMDE0MTlaMBUxEzARBgNVBAMMCjFAdGVzdC5jb20wWTATBgcqhkjOPQIBBggqhkjOPQMBBwNCAARWqe9zQZRD8c/IJTwlqcBP3wxNnfnskSHFN0SfukuFElFHa1WRgMC9pldvLvFQJjmHIsbfcfCnJ/3odCWEsES2MAoGCCqGSM49BAMCA0gAMEUCIQD+uRDurwdItFUVVn2KMsGSnE/Xjlxq7IxcC/elzuS+CgIgGfru1MXmAHBBehcDSGWfWWS85xWG153fQT3F2ASLxs0="}
03-31 12:34:41.712 25261 25663 D RegistrationHandler: 435303755 Received hash from 2@test.com: 426b24282b49eccdfc717fe9a809b5b9f62ff656dba03539479b139f75cf3837
03-31 12:34:41.811 25261 25663 D RegistrationHandler: Has received 5 of 5 fragments from 5@test.com
03-31 12:34:41.822 25261 25663 D RegistrationHandler: Received full ledger from 5@test.com with nonce 435303755
03-31 12:34:41.822 25261 25663 D RegistrationHandler: FULL_LEDGER 435303755
03-31 12:34:41.842 25261 25663 D RegistrationHandler: ACCEPTED_LEDGER 435303755 5
03-31 12:34:41.848 25261 25663 D RegistrationHandler: 435303755 The accepted ledger contains: [2@test.com, 3@test.com, 4@test.com, 5@test.com, 6@test.com]
03-31 12:34:41.848 25261 25663 D MulticastServer: Registration process finished: 435303755
03-31 12:34:42.015 25261 25664 D MulticastServer: Broadcast block received {"ip":"192.168.1.97","cert":"MIIBGzCBwqADAgECAgYBf994BZcwCgYIKoZIzj0EAwIwFTETMBEGA1UEAwwKVFRNNDkwNSBDQTAeFw0yMjAzMzAxMDE0MTlaFw0yMjA0MzAxMDE0MTlaMBUxEzARBgNVBAMMCjFAdGVzdC5jb20wWTATBgcqhkjOPQIBBggqhkjOPQMBBwNCAARWqe9zQZRD8c/IJTwlqcBP3wxNnfnskSHFN0SfukuFElFHa1WRgMC9pldvLvFQJjmHIsbfcfCnJ/3odCWEsES2MAoGCCqGSM49BAMCA0gAMEUCIQD+uRDurwdItFUVVn2KMsGSnE/Xjlxq7IxcC/elzuS+CgIgGfru1MXmAHBBehcDSGWfWWS85xWG153fQT3F2ASLxs0="}
03-31 12:34:42.325 25261 25664 D MulticastServer: Broadcast block received {"ip":"192.168.1.97","cert":"MIIBGzCBwqADAgECAgYBf994BZcwCgYIKoZIzj0EAwIwFTETMBEGA1UEAwwKVFRNNDkwNSBDQTAeFw0yMjAzMzAxMDE0MTlaFw0yMjA0MzAxMDE0MTlaMBUxEzARBgNVBAMMCjFAdGVzdC5jb20wWTATBgcqhkjOPQIBBggqhkjOPQMBBwNCAARWqe9zQZRD8c/IJTwlqcBP3wxNnfnskSHFN0SfukuFElFHa1WRgMC9pldvLvFQJjmHIsbfcfCnJ/3odCWEsES2MAoGCCqGSM49BAMCA0gAMEUCIQD+uRDurwdItFUVVn2KMsGSnE/Xjlxq7IxcC/elzuS+CgIgGfru1MXmAHBBehcDSGWfWWS85xWG153fQT3F2ASLxs0="}
03-31 12:34:42.632 25261 25664 D MulticastServer: Broadcast block received {"ip":"192.168.1.97","cert":"MIIBGzCBwqADAgECAgYBf994BZcwCgYIKoZIzj0EAwIwFTETMBEGA1UEAwwKVFRNNDkwNSBDQTAeFw0yMjAzMzAxMDE0MTlaFw0yMjA0MzAxMDE0MTlaMBUxEzARBgNVBAMMCjFAdGVzdC5jb20wWTATBgcqhkjOPQIBBggqhkjOPQMBBwNCAARWqe9zQZRD8c/IJTwlqcBP3wxNnfnskSHFN0SfukuFElFHa1WRgMC9pldvLvFQJjmHIsbfcfCnJ/3odCWEsES2MAoGCCqGSM49BAMCA0gAMEUCIQD+uRDurwdItFUVVn2KMsGSnE/Xjlxq7IxcC/elzuS+CgIgGfru1MXmAHBBehcDSGWfWWS85xWG153fQT3F2ASLxs0="}
round 12 of 100
03-31 12:35:22.964 25475 25835 D MulticastServer: MULTICAST_SERVER_LISTENING
03-31 12:35:22.969 25475 25837 D MulticastServer: Registration process started with nonce 485296630
03-31 12:35:22.974 25475 25836 D MulticastClient: REQUEST_LEDGER 485296630
03-31 12:35:22.978 25475 25836 D MulticastClient: Sent messages with 3 resends: [{"sender":"","payload":"","mt":"REQUEST_LEDGER","sig":"","nonce":485296630,"seq":0,"tot":0}]
03-31 12:35:23.202 25475 25842 D RegistrationHandler: Has received 1 of 2 fragments from 5@test.com
03-31 12:35:23.202 25475 25852 D RegistrationHandler: Has received 1 of 2 fragments from 6@test.com
03-31 12:35:23.213 25475 25842 D RegistrationHandler: Received full ledger from 5@test.com with nonce 485296630
03-31 12:35:23.213 25475 25842 D RegistrationHandler: FULL_LEDGER 485296630
03-31 12:35:23.277 25475 25842 D RegistrationHandler: Has received 2 of 2 from 6@test.com
03-31 12:35:23.283 25475 25842 D RegistrationHandler: Received full ledger from 6@test.com with nonce 485296630
03-31 12:35:23.283 25475 25842 D RegistrationHandler: FULL_LEDGER 485296630
03-31 12:35:23.911 25475 25852 D RegistrationHandler: Has received 1 of 2 fragments from 5@test.com
03-31 12:35:23.915 25475 25851 D RegistrationHandler: Has received 2 of 2 fragments from 6@test.com
03-31 12:35:23.917 25475 25842 D RegistrationHandler: Has received 2 of 2 from 6@test.com
03-31 12:35:23.918 25475 25852 D RegistrationHandler: Received full ledger from 5@test.com with nonce 485296630
03-31 12:35:23.918 25475 25852 D RegistrationHandler: FULL_LEDGER 485296630
03-31 12:35:23.921 25475 25842 D RegistrationHandler: Received full ledger from 6@test.com with nonce 485296630
03-31 12:35:23.921 25475 25842 D RegistrationHandler: FULL_LEDGER 485296630
03-31 12:35:23.922 25475 25852 D RegistrationHandler: ACCEPTED_LEDGER 485296630 2
03-31 12:35:23.924 25475 25852 D RegistrationHandler: 485296630 The accepted ledger contains: [5@test.com, 6@test.com]
03-31 12:35:23.924 25475 25852 D RegistrationHandler: 485296630 Registration started
03-31 12:35:23.925 25475 25842 D RegistrationHandler: ACCEPTED_LEDGER 485296630 2
03-31 12:35:23.927 25475 25842 D RegistrationHandler: 485296630 The accepted ledger contains: [5@test.com, 6@test.com]
03-31 12:35:23.927 25475 25842 D RegistrationHandler: 485296630 Registration started
03-31 12:35:23.935 25475 25852 D MulticastServer: Registration process finished: 485296630
03-31 12:35:23.942 25475 25842 D MulticastClient: Sent messages with 3 resends: [{"sender":"3@test.com","payload":"{\"ip\":\"192.168.1.96\",\"cert\":\"MIIBGzCBwqADAgECAgYBf995t9QwCgYIKoZIzj0EAwIwFTETMBEGA1UEAwwKVFRNNDkwNSBDQTAeFw0yMjAzMzAxMDE2MTBaFw0yMjA0MzAxMDE2MTBaMBUxEzARBgNVBAMMCjNAdGVzdC5jb20wWTATBgcqhkjOPQIBBggqhkjOPQMBBwNCAATY3kLH7Qz4fsUds8uo3PhKft0NLt+5z469gIE3lhucqzAWwwAn06WxsTJLB7jIbr+w\/jyxRPTQe4bioM6AtaLIMAoGCCqGSM49BAMCA0gAMEUCIA0ppl8ei8h1m3prdyupn0WZC6qRuZWM4R6\/rV6AVrcSAiEAwWLG\/rR3rVnUo0t0BriCXqWS+yMclkr+vppWHQ0bfZU=\"}","mt":"BROADCAST_BLOCK","sig":"MEYCIQCXIK5NpVQQi3Fo3tprZ+Ys3p4bWPsKa1L0xS11z2QceAIhAL1pcxwA+Sm7XgtSQnskKO3b6TiRx6WoLZs2qG9HT8Aj","nonce":485296630,"seq":0,"tot":0}]
03-31 12:35:23.954 25475 25854 D MulticastClient: Sent messages with 3 resends: [{"sender":"3@test.com","payload":"{\"ip\":\"192.168.1.96\",\"cert\":\"MIIBGzCBwqADAgECAgYBf995t9QwCgYIKoZIzj0EAwIwFTETMBEGA1UEAwwKVFRNNDkwNSBDQTAeFw0yMjAzMzAxMDE2MTBaFw0yMjA0MzAxMDE2MTBaMBUxEzARBgNVBAMMCjNAdGVzdC5jb20wWTATBgcqhkjOPQIBBggqhkjOPQMBBwNCAATY3kLH7Qz4fsUds8uo3PhKft0NLt+5z469gIE3lhucqzAWwwAn06WxsTJLB7jIbr+w\/jyxRPTQe4bioM6AtaLIMAoGCCqGSM49BAMCA0gAMEUCIA0ppl8ei8h1m3prdyupn0WZC6qRuZWM4R6\/rV6AVrcSAiEAwWLG\/rR3rVnUo0t0BriCXqWS+yMclkr+vppWHQ0bfZU=\"}","mt":"BROADCAST_BLOCK","sig":"MEYCIQCouDBK6PY3IVbnFRrprSLR3R2HF2EJ1Rn95p68apL0UQIhAIDNlnGUmbggliaXPkDec1dP2dVEE3R4oG3G69hNTNkv","nonce":485296630,"seq":0,"tot":0}]
03-31 12:35:27.374 25475 25836 D MulticastServer: Registration process started with nonce 409793239
03-31 12:35:27.379 25475 25836 D MulticastServer: Received request for ledger with nonce: 409793239.
03-31 12:35:27.451 25475 25854 D RegistrationHandler: 409793239 Received hash from 3@test.com: ba90f7c8a1339859f6b59030dd8fa7d1e6510db5f84ac8a1cfb7e3b684d6babe
03-31 12:35:27.473 25475 25854 D MulticastClient: Sent messages with 3 resends: [{"sender":"{\"ip\":\"192.168.1.96\",\"cert\":\"MIIBGzCBwqADAgECAgYBf995t9QwCgYIKoZIzj0EAwIwFTETMBEGA1UEAwwKVFRNNDkwNSBDQTAeFw0yMjAzMzAxMDE2MTBaFw0yMjA0MzAxMDE2MTBaMBUxEzARBgNVBAMMCjNAdGVzdC5jb20wWTATBgcqhkjOPQIBBggqhkjOPQMBBwNCAATY3kLH7Qz4fsUds8uo3PhKft0NLt+5z469gIE3lhucqzAWwwAn06WxsTJLB7jIbr+w\/jyxRPTQe4bioM6AtaLIMAoGCCqGSM49BAMCA0gAMEUCIA0ppl8ei8h1m3prdyupn0WZC6qRuZWM4R6\/rV6AVrcSAiEAwWLG\/rR3rVnUo0t0BriCXqWS+yMclkr+vppWHQ0bfZU=\"}","payload":"ba90f7c8a1339859f6b59030dd8fa7d1e6510db5f84ac8a1cfb7e3b684d6babe","mt":"LEDGER_HASH","sig":"MEUCIQCX8QTLT++SapzW4YYOrNiwSBebPv9hItqEIDpQGRFFAwIgB\/T8HPr\/9FzyUfD4Rmm4kRPy\/uqYwBOW2pUFgZStdiE=","nonce":409793239,"seq":0,"tot":0}]
03-31 12:35:28.528 25475 25836 D RegistrationHandler: Has received 1 of 3 fragments from 6@test.com
03-31 12:35:28.559 25475 25836 D RegistrationHandler: Received full ledger from 6@test.com with nonce 409793239
03-31 12:35:28.559 25475 25836 D RegistrationHandler: FULL_LEDGER 409793239
03-31 12:35:31.419 25475 25867 D RegistrationHandler: ACCEPTED_LEDGER 409793239 3
03-31 12:35:31.425 25475 25867 D RegistrationHandler: 409793239 The accepted ledger contains: [3@test.com, 5@test.com, 6@test.com]
03-31 12:35:31.425 25475 25867 D MulticastServer: Registration process finished: 409793239
03-31 12:35:37.312 25475 25836 D MulticastServer: Registration process started with nonce 1217447391
03-31 12:35:37.318 25475 25836 D MulticastServer: Received request for ledger with nonce: 1217447391.
03-31 12:35:37.372 25475 25842 D RegistrationHandler: 1217447391 Received hash from 3@test.com: ba90f7c8a1339859f6b59030dd8fa7d1e6510db5f84ac8a1cfb7e3b684d6babe
03-31 12:35:37.397 25475 25842 D MulticastClient: Sent messages with 3 resends: [{"sender":"{\"ip\":\"192.168.1.96\",\"cert\":\"MIIBGzCBwqADAgECAgYBf995t9QwCgYIKoZIzj0EAwIwFTETMBEGA1UEAwwKVFRNNDkwNSBDQTAeFw0yMjAzMzAxMDE2MTBaFw0yMjA0MzAxMDE2MTBaMBUxEzARBgNVBAMMCjNAdGVzdC5jb20wWTATBgcqhkjOPQIBBggqhkjOPQMBBwNCAATY3kLH7Qz4fsUds8uo3PhKft0NLt+5z469gIE3lhucqzAWwwAn06WxsTJLB7jIbr+w\/jyxRPTQe4bioM6AtaLIMAoGCCqGSM49BAMCA0gAMEUCIA0ppl8ei8h1m3prdyupn0WZC6qRuZWM4R6\/rV6AVrcSAiEAwWLG\/rR3rVnUo0t0BriCXqWS+yMclkr+vppWHQ0bfZU=\"}","payload":"ba90f7c8a1339859f6b59030dd8fa7d1e6510db5f84ac8a1cfb7e3b684d6babe","mt":"LEDGER_HASH","sig":"MEUCIBVBbudx+xfc7yKU36SlRQT9LhrjPM7Za\/B7nZRjPMETAiEAuDw7b0MTq\/Qsa5zQqmpOUU7CzQtVHgEjJ1PqelZM31g=","nonce":1217447391,"seq":0,"tot":0}]
03-31 12:35:37.419 25475 25836 D RegistrationHandler: Has received 1 of 3 fragments from 6@test.com
03-31 12:35:37.430 25475 25836 D RegistrationHandler: Has received 2 of 3 from 6@test.com
03-31 12:35:37.848 25475 25836 D RegistrationHandler: Has received 3 of 3 from 6@test.com
03-31 12:35:37.869 25475 25836 D RegistrationHandler: Received full ledger from 6@test.com with nonce 1217447391
03-31 12:35:37.870 25475 25836 D RegistrationHandler: FULL_LEDGER 1217447391
03-31 12:35:41.356 25475 25880 D RegistrationHandler: ACCEPTED_LEDGER 1217447391 3
03-31 12:35:41.361 25475 25880 D RegistrationHandler: 1217447391 The accepted ledger contains: [3@test.com, 5@test.com, 6@test.com]
03-31 12:35:41.361 25475 25880 D MulticastServer: Registration process finished: 1217447391
03-31 12:35:41.400 25475 25842 D MulticastServer: Received request for 3@test.com to send ledger with hash ba90f7c8a1339859f6b59030dd8fa7d1e6510db5f84ac8a1cfb7e3b684d6babe
03-31 12:35:41.467 25475 25836 D MulticastClient: Sent messages with 3 resends: [{"sender":"{\"ip\":\"192.168.1.96\",\"cert\":\"MIIBGzCBwqADAgECAgYBf995t9QwCgYIKoZIzj0EAwIwFTETMBEGA1UEAwwKVFRNNDkwNSBDQTAeFw0yMjAzMzAxMDE2MTBaFw0yMjA0MzAxMDE2MTBaMBUxEzARBgNVBAMMCjNAdGVzdC5jb20wWTATBgcqhkjOPQIBBggqhkjOPQMBBwNCAATY3kLH7Qz4fsUds8uo3PhKft0NLt+5z469gIE3lhucqzAWwwAn06WxsTJLB7jIbr+w\/jyxRPTQe4bioM6AtaLIMAoGCCqGSM49BAMCA0gAMEUCIA0ppl8ei8h1m3prdyupn0WZC6qRuZWM4R6\/rV6AVrcSAiEAwWLG\/rR3rVnUo0t0BriCXqWS+yMclkr+vppWHQ0bfZU=\"}","payload":"{\"ip\":\"192.168.1.96\",\"cert\":\"MIIBGzCBwqADAgECAgYBf995t9QwCgYIKoZIzj0EAwIwFTETMBEGA1UEAwwKVFRNNDkwNSBDQTAeFw0yMjAzMzAxMDE2MTBaFw0yMjA0MzAxMDE2MTBaMBUxEzARBgNVBAMMCjNAdGVzdC5jb20wWTATBgcqhkjOPQIBBggqhkjOPQMBBwNCAATY3kLH7Qz4fsUds8uo3PhKft0NLt+5z469gIE3lhucqzAWwwAn06WxsTJLB7jIbr+w\/jyxRPTQe4bioM6AtaLIMAoGCCqGSM49BAMCA0gAMEUCIA0ppl8ei8h1m3prdyupn0WZC6qRuZWM4R6\/rV6AVrcSAiEAwWLG\/rR3rVnUo0t0BriCXqWS+yMclkr+vppWHQ0bfZU=\"}","mt":"FULL_LEDGER","sig":"MEYCIQDBbrPlIykd41NUXraBhREP\/dDd2zD71pGHnrkktm52pAIhALU3+C0NUN75Zur7UXd\/seUMD3NXCZohoMyKUMxJs5yD","nonce":1217447391,"seq":0,"tot":3}, {"sender":"3@test.com","payload":"{\"ip\":\"192.168.1.96\",\"cert\":\"MIIBGzCBwqADAgECAgYBf995t9QwCgYIKoZIzj0EAwIwFTETMBEGA1UEAwwKVFRNNDkwNSBDQTAeFw0yMjAzMzAxMDE2MTBaFw0yMjA0MzAxMDE2MTBaMBUxEzARBgNVBAMMCjNAdGVzdC5jb20wWTATBgcqhkjOPQIBBggqhkjOPQMBBwNCAATY3kLH7Qz4fsUds8uo3PhKft0NLt+5z469gIE3lhucqzAWwwAn06WxsTJLB7jIbr+w\/jyxRPTQe4bioM6AtaLIMAoGCCqGSM49BAMCA0gAMEUCIA0ppl8ei8h1m3prdyupn0WZC6qRuZWM4R6\/rV6AVrcSAiEAwWLG\/rR3rVnUo0t0BriCXqWS+yMclkr+vppWHQ0bfZU=\"}","mt":"FULL_LEDGER","sig":"MEQCIDB6xWfgRzC+T0syjSpjVLgRbXwUJoeG\/8xexINqlOCBAiA0L9k8cPK3f1uISxtbaeeRcPfH035dCrTCM5hI74tWWA==","nonce":1217447391,"seq":1,"tot":3}, {"sender":"3@test.com","payload":"{\"ip\":\"192.168.1.150\",\"cert\":\"MIIBGzCBwqADAgECAgYBf997PJswCgYIKoZIzj0EAwIwFTETMBEGA1UEAwwKVFRNNDkwNSBDQTAeFw0yMjAzMzAxMDE3NDlaFw0yMjA0MzAxMDE3NDlaMBUxEzARBgNVBAMMCjVAdGVzdC5jb20wWTATBgcqhkjOPQIBBggqhkjOPQMBBwNCAAROvaNvOT4AGhhvTyHMfAI8rekQ9vgXT\/ZoCCprPu+nFMq3WXi5HPwWCjCdSA87NPTTVsGcASY84ds1ium9WW3eMAoGCCqGSM49BAMCA0gAMEUCIC4adZSGhLmS+R39IKtPGA2OJL5\/TL7qKX\/g6XEubekJAiEA+M64QXk1QULCk75WGnKhA87gmCmk1KN6B5aCHoZ0YC0=\"}","mt":"FULL_LEDGER","sig":"MEYCIQCW4uRfaOqFVJuqdssIyuP2OmftGHulkjLXVNorrj2WDAIhAMpNMGx1qmAdfLXK8Jdf1bc7XFv\/PnhOKGtLbi9H70fT","nonce":1217447391,"seq":2,"tot":3}, {"sender":"3@test.com","payload":"{\"ip\":\"192.168.1.102\",\"cert\":\"MIIBGzCBwqADAgECAgYBf9976i8wCgYIKoZIzj0EAwIwFTETMBEGA1UEAwwKVFRNNDkwNSBDQTAeFw0yMjAzMzAxMDE4MzRaFw0yMjA0MzAxMDE4MzRaMBUxEzARBgNVBAMMCjZAdGVzdC5jb20wWTATBgcqhkjOPQIBBggqhkjOPQMBBwNCAARtWdNCXnVnpPPX5doEISLnqfb81rMAJkcGJbabiyyk5lOQ89V2rqGWw\/OJOG\/jqCLdqyP0HBb2vJ\/tp98MlEJwMAoGCCqGSM49BAMCA0gAMEUCICkaq7C6XPoAuLVoDBYR\/X2z6vun5ZbG9UATMeja3udtAiEArla1kz\/G1LtvKms+fm27pzRbtV7RjriFmFQMDxzHyqM=\"}","mt":"FULL_LEDGER","sig":"MEUCIELiVmCBpy+HYNlF6fzm8RrZsSZr8G\/xneeL+XBngaa5AiEAnBJk2iqrSCHzHLIOZUhfZq1zCAqUDN9wWtE5IBndeP8=","nonce":1217447391,"seq":3,"tot":3}]
03-31 12:35:41.620 25475 25842 D MulticastServer: Received request for 3@test.com to send ledger with hash ba90f7c8a1339859f6b59030dd8fa7d1e6510db5f84ac8a1cfb7e3b684d6babe
