03-31 12:41:19.071 23891 23942 D RegistrationHandler: Has received 1 of 3 fragments from 6@test.com
03-31 12:41:19.081 23891 23942 D RegistrationHandler: Has received 3 of 3 fragments from 5@test.com
03-31 12:41:19.097 23891 23960 D RegistrationHandler: Has received 2 of 3 from 6@test.com
03-31 12:41:19.106 23891 23960 D RegistrationHandler: Has received 3 of 3 from 6@test.com
03-31 12:41:19.112 23891 23960 D RegistrationHandler: Received full ledger from 6@test.com with nonce 1719150631
03-31 12:41:19.112 23891 23960 D RegistrationHandler: FULL_LEDGER 1719150631
03-31 12:41:19.116 23891 23960 D RegistrationHandler: ACCEPTED_LEDGER 1719150631 3
03-31 12:41:19.119 23891 23960 D RegistrationHandler: 1719150631 The accepted ledger contains: [3@test.com, 5@test.com, 6@test.com]
03-31 12:41:19.119 23891 23960 D RegistrationHandler: 1719150631 Registration started
03-31 12:41:19.127 23891 23960 D MulticastServer: Registration process finished: 1719150631
03-31 12:41:19.133 23891 23960 D MulticastClient: Sent messages with 3 resends: [{"sender":"2@test.com","payload":"{\"ip\":\"192.168.1.126\",\"cert\":\"MIIBGzCBwqADAgECAgYBf994jVgwCgYIKoZIzj0EAwIwFTETMBEGA1UEAwwKVFRNNDkwNSBDQTAeFw0yMjAzMzAxMDE0NTRaFw0yMjA0MzAxMDE0NTRaMBUxEzARBgNVBAMMCjJAdGVzdC5jb20wWTATBgcqhkjOPQIBBggqhkjOPQMBBwNCAASfp8DfpDI4F1LcnhLU9XVqVlPfMKymZ5CCGjJ1fzUl10nP2pVehNZnWeRb8D6HrQrSylv6yjeqJ4LaLL5rYv5DMAoGCCqGSM49BAMCA0gAMEUCIQDKIT1zYbOHoSvwm5UEfwU7wX76J0DjD3DEsyMrIRz2mQIgB0NHKAft76MW8NEEL9Ferq4SmTyDVdc\/57LP58HFs2Q=\"}","mt":"BROADCAST_BLOCK","sig":"MEUCIQD2s\/t32Ghubv6mJaX78yvOkQsxg5gmRRU1fVJjZ9N0dQIgJKvDwuul74f\/oTyMNbWZXuk5WMTWXOvjrjx3K0SsPZg=","nonce":1719150631,"seq":0,"tot":0}]
03-31 12:41:33.806 23891 23960 D MulticastServer: Registration process started with nonce 635473673
03-31 12:41:33.808 23891 23960 D MulticastServer: Received request for ledger with nonce: 635473673.
03-31 12:41:33.818 23891 23942 D RegistrationHandler: 635473673 Received hash from 2@test.com: f835c5ca0c47878ea990e2267afaa94dfcd7989b8df91afd355a2946088d400b
03-31 12:41:33.827 23891 23942 D MulticastClient: Sent messages with 3 resends: [{"sender":"{\"ip\":\"192.168.1.126\",\"cert\":\"MIIBGzCBwqADAgECAgYBf994jVgwCgYIKoZIzj0EAwIwFTETMBEGA1UEAwwKVFRNNDkwNSBDQTAeFw0yMjAzMzAxMDE0NTRaFw0yMjA0MzAxMDE0NTRaMBUxEzARBgNVBAMMCjJAdGVzdC5jb20wWTATBgcqhkjOPQIBBggqhkjOPQMBBwNCAASfp8DfpDI4F1LcnhLU9XVqVlPfMKymZ5CCGjJ1fzUl10nP2pVehNZnWeRb8D6HrQrSylv6yjeqJ4LaLL5rYv5DMAoGCCqGSM49BAMCA0gAMEUCIQDKIT1zYbOHoSvwm5UEfwU7wX76J0DjD3DEsyMrIRz2mQIgB0NHKAft76MW8NEEL9Ferq4SmTyDVdc\/57LP58HFs2Q=\"}","payload":"f835c5ca0c47878ea990e2267afaa94dfcd7989b8df91afd355a2946088d400b","mt":"LEDGER_HASH","sig":"MEUCIBZIDgI7w10zW0mFN4RtPSWC\/DiHztnuaCR8wycGhQ35AiEAntYIzNlrK5A9UMuFQkgzYJNT2z6IlZy+MXm+oOQJl30=","nonce":635473673,"seq":0,"tot":0}]
03-31 12:41:33.952 23891 23975 D RegistrationHandler: Has received 1 of 4 fragments from 5@test.com
03-31 12:41:33.960 23891 23975 D RegistrationHandler: Has received 1 of 4 fragments from 6@test.com
03-31 12:41:33.965 23891 23975 D RegistrationHandler: Has received 2 of 4 from 5@test.com
03-31 12:41:33.974 23891 23975 D RegistrationHandler: Has received 2 of 4 from 6@test.com
03-31 12:41:33.982 23891 23975 D RegistrationHandler: Has received 3 of 4 from 6@test.com
03-31 12:41:33.984 23891 23947 D RegistrationHandler: Has received 3 of 4 from 5@test.com
03-31 12:41:33.995 23891 23960 D RegistrationHandler: Has received 4 of 4 from 5@test.com
03-31 12:41:34.002 23891 23960 D RegistrationHandler: Received full ledger from 5@test.com with nonce 635473673
03-31 12:41:34.003 23891 23960 D RegistrationHandler: FULL_LEDGER 635473673
03-31 12:41:34.003 23891 23975 D RegistrationHandler: 635473673 Received hash from 3@test.com: f835c5ca0c47878ea990e2267afaa94dfcd7989b8df91afd355a2946088d400b
03-31 12:41:34.005 23891 23947 D RegistrationHandler: Has received 4 of 4 from 6@test.com
03-31 12:41:34.017 23891 23947 D RegistrationHandler: Received full ledger from 6@test.com with nonce 635473673
03-31 12:41:34.017 23891 23947 D RegistrationHandler: FULL_LEDGER 635473673
03-31 12:41:34.025 23891 23947 D RegistrationHandler: ACCEPTED_LEDGER 635473673 4
03-31 12:41:34.029 23891 23947 D RegistrationHandler: 635473673 The accepted ledger contains: [2@test.com, 3@test.com, 5@test.com, 6@test.com]
03-31 12:41:34.029 23891 23947 D MulticastServer: Registration process finished: 635473673
03-31 12:41:34.435 23891 23960 D MulticastServer: Broadcast block received {"ip":"192.168.1.90","cert":"MIIBGjCBwqADAgECAgYBf996WTQwCgYIKoZIzj0EAwIwFTETMBEGA1UEAwwKVFRNNDkwNSBDQTAeFw0yMjAzMzAxMDE2NTFaFw0yMjA0MzAxMDE2NTFaMBUxEzARBgNVBAMMCjRAdGVzdC5jb20wWTATBgcqhkjOPQIBBggqhkjOPQMBBwNCAAR9ADphQpker5Vlux1TGrY243xUduQc15bIXysV2NxiGJkeD5VM9tRM0LC9OtaczjftmguVO1X6py8Cw58m4CqfMAoGCCqGSM49BAMCA0cAMEQCIHsw/XWk02FcpPISkSvlA7qK2USSlgqOOom9Sg9AUrBUAiB6UZsa+fgTtWznrsteVlekFkQ/GbMN2tUh4ZJjX/PbOQ=="}
03-31 12:41:48.857 23891 23942 D MulticastServer: Registration process started with nonce 869304005
03-31 12:41:48.860 23891 23942 D MulticastServer: Received request for ledger with nonce: 869304005.
03-31 12:41:48.874 23891 23942 D RegistrationHandler: 869304005 Received hash from 2@test.com: 426b24282b49eccdfc717fe9a809b5b9f62ff656dba03539479b139f75cf3837
03-31 12:41:48.883 23891 23942 D MulticastClient: Sent messages with 3 resends: [{"sender":"{\"ip\":\"192.168.1.126\",\"cert\":\"MIIBGzCBwqADAgECAgYBf994jVgwCgYIKoZIzj0EAwIwFTETMBEGA1UEAwwKVFRNNDkwNSBDQTAeFw0yMjAzMzAxMDE0NTRaFw0yMjA0MzAxMDE0NTRaMBUxEzARBgNVBAMMCjJAdGVzdC5jb20wWTATBgcqhkjOPQIBBggqhkjOPQMBBwNCAASfp8DfpDI4F1LcnhLU9XVqVlPfMKymZ5CCGjJ1fzUl10nP2pVehNZnWeRb8D6HrQrSylv6yjeqJ4LaLL5rYv5DMAoGCCqGSM49BAMCA0gAMEUCIQDKIT1zYbOHoSvwm5UEfwU7wX76J0DjD3DEsyMrIRz2mQIgB0NHKAft76MW8NEEL9Ferq4SmTyDVdc\/57LP58HFs2Q=\"}","payload":"426b24282b49eccdfc717fe9a809b5b9f62ff656dba03539479b139f75cf3837","mt":"LEDGER_HASH","sig":"MEQCIBjdYU26hZOjCvjZRpAGns4L30vMZxhoJes68SnS1UVFAiABGFvyeGHzahl\/2w9B9NeRYZdbCgsEFEIgq+Hjz87y5w==","nonce":869304005,"seq":0,"tot":0}]
03-31 12:41:48.980 23891 23979 D RegistrationHandler: Has received 1 of 5 fragments from 5@test.com
03-31 12:41:48.986 23891 23979 D RegistrationHandler: Has received 1 of 5 fragments from 6@test.com
03-31 12:41:48.996 23891 23979 D RegistrationHandler: Has received 2 of 5 from 6@test.com
03-31 12:41:49.005 23891 23979 D RegistrationHandler: Has received 2 of 5 from 5@test.com
03-31 12:41:49.012 23891 23960 D RegistrationHandler: 869304005 Received hash from 3@test.com: f835c5ca0c47878ea990e2267afaa94dfcd7989b8df91afd355a2946088d400b
03-31 12:41:49.014 23891 23979 D RegistrationHandler: Has received 3 of 5 from 6@test.com
03-31 12:41:49.017 23891 23979 D RegistrationHandler: Has received 3 of 5 from 5@test.com
03-31 12:41:49.065 23891 23979 D RegistrationHandler: Has received 4 of 5 from 6@test.com
03-31 12:41:49.070 23891 23979 D RegistrationHandler: Has received 4 of 5 from 5@test.com
03-31 12:41:49.078 23891 23979 D RegistrationHandler: Has received 5 of 5 from 6@test.com
03-31 12:41:49.087 23891 23979 D RegistrationHandler: Received full ledger from 6@test.com with nonce 869304005
03-31 12:41:49.087 23891 23979 D RegistrationHandler: FULL_LEDGER 869304005
03-31 12:41:49.379 23891 23975 D RegistrationHandler: Has received 4 of 5 fragments from 5@test.com
03-31 12:41:49.383 23891 23979 D RegistrationHandler: Has received 5 of 5 fragments from 6@test.com
03-31 12:41:49.386 23891 23975 D RegistrationHandler: Received full ledger from 5@test.com with nonce 869304005
03-31 12:41:49.386 23891 23975 D RegistrationHandler: FULL_LEDGER 869304005
03-31 12:41:49.387 23891 23979 D RegistrationHandler: Has received 5 of 5 from 5@test.com
03-31 12:41:49.390 23891 23979 D RegistrationHandler: Received full ledger from 5@test.com with nonce 869304005
03-31 12:41:49.390 23891 23979 D RegistrationHandler: FULL_LEDGER 869304005
03-31 12:41:49.696 23891 23975 D RegistrationHandler: Has received 5 of 5 fragments from 5@test.com
03-31 12:41:49.698 23891 23979 D RegistrationHandler: Has received 5 of 5 fragments from 6@test.com
03-31 12:41:49.704 23891 23975 D RegistrationHandler: Received full ledger from 5@test.com with nonce 869304005
03-31 12:41:49.704 23891 23975 D RegistrationHandler: FULL_LEDGER 869304005
03-31 12:41:50.000 23891 23942 D RegistrationHandler: Has received 5 of 5 fragments from 5@test.com
03-31 12:41:50.006 23891 23942 D RegistrationHandler: Received full ledger from 5@test.com with nonce 869304005
03-31 12:41:50.006 23891 23942 D RegistrationHandler: FULL_LEDGER 869304005
03-31 12:41:50.018 23891 23942 D RegistrationHandler: Has received 5 of 5 fragments from 6@test.com
03-31 12:41:52.876 23891 23981 D RegistrationHandler: ACCEPTED_LEDGER 869304005 5
03-31 12:41:52.879 23891 23981 D RegistrationHandler: 869304005 The accepted ledger contains: [2@test.com, 3@test.com, 4@test.com, 5@test.com, 6@test.com]
03-31 12:41:52.880 23891 23981 D MulticastServer: Registration process finished: 869304005
03-31 12:41:52.959 23891 23942 D MulticastServer: Broadcast block received {"ip":"192.168.1.97","cert":"MIIBGzCBwqADAgECAgYBf994BZcwCgYIKoZIzj0EAwIwFTETMBEGA1UEAwwKVFRNNDkwNSBDQTAeFw0yMjAzMzAxMDE0MTlaFw0yMjA0MzAxMDE0MTlaMBUxEzARBgNVBAMMCjFAdGVzdC5jb20wWTATBgcqhkjOPQIBBggqhkjOPQMBBwNCAARWqe9zQZRD8c/IJTwlqcBP3wxNnfnskSHFN0SfukuFElFHa1WRgMC9pldvLvFQJjmHIsbfcfCnJ/3odCWEsES2MAoGCCqGSM49BAMCA0gAMEUCIQD+uRDurwdItFUVVn2KMsGSnE/Xjlxq7IxcC/elzuS+CgIgGfru1MXmAHBBehcDSGWfWWS85xWG153fQT3F2ASLxs0="}
03-31 12:41:53.268 23891 23942 D MulticastServer: Broadcast block received {"ip":"192.168.1.97","cert":"MIIBGzCBwqADAgECAgYBf994BZcwCgYIKoZIzj0EAwIwFTETMBEGA1UEAwwKVFRNNDkwNSBDQTAeFw0yMjAzMzAxMDE0MTlaFw0yMjA0MzAxMDE0MTlaMBUxEzARBgNVBAMMCjFAdGVzdC5jb20wWTATBgcqhkjOPQIBBggqhkjOPQMBBwNCAARWqe9zQZRD8c/IJTwlqcBP3wxNnfnskSHFN0SfukuFElFHa1WRgMC9pldvLvFQJjmHIsbfcfCnJ/3odCWEsES2MAoGCCqGSM49BAMCA0gAMEUCIQD+uRDurwdItFUVVn2KMsGSnE/Xjlxq7IxcC/elzuS+CgIgGfru1MXmAHBBehcDSGWfWWS85xWG153fQT3F2ASLxs0="}
03-31 12:41:53.882 23891 23942 D MulticastServer: Broadcast block received {"ip":"192.168.1.97","cert":"MIIBGzCBwqADAgECAgYBf994BZcwCgYIKoZIzj0EAwIwFTETMBEGA1UEAwwKVFRNNDkwNSBDQTAeFw0yMjAzMzAxMDE0MTlaFw0yMjA0MzAxMDE0MTlaMBUxEzARBgNVBAMMCjFAdGVzdC5jb20wWTATBgcqhkjOPQIBBggqhkjOPQMBBwNCAARWqe9zQZRD8c/IJTwlqcBP3wxNnfnskSHFN0SfukuFElFHa1WRgMC9pldvLvFQJjmHIsbfcfCnJ/3odCWEsES2MAoGCCqGSM49BAMCA0gAMEUCIQD+uRDurwdItFUVVn2KMsGSnE/Xjlxq7IxcC/elzuS+CgIgGfru1MXmAHBBehcDSGWfWWS85xWG153fQT3F2ASLxs0="}
round 17 of 100
03-31 12:42:43.644 24026 24077 D MulticastServer: MULTICAST_SERVER_LISTENING
03-31 12:42:43.648 24026 24079 D MulticastServer: Registration process started with nonce 721928956
03-31 12:42:43.651 24026 24078 D MulticastClient: REQUEST_LEDGER 721928956
03-31 12:42:43.652 24026 24078 D MulticastClient: Sent messages with 3 resends: [{"sender":"","payload":"","mt":"REQUEST_LEDGER","sig":"","nonce":721928956,"seq":0,"tot":0}]
03-31 12:42:43.900 24026 24083 D RegistrationHandler: Has received 1 of 3 fragments from 5@test.com
03-31 12:42:43.902 24026 24083 D RegistrationHandler: Has received 1 of 3 fragments from 6@test.com
03-31 12:42:43.911 24026 24083 D RegistrationHandler: Has received 2 of 3 from 5@test.com
03-31 12:42:43.947 24026 24083 D RegistrationHandler: Has received 2 of 3 from 6@test.com
03-31 12:42:43.982 24026 24083 D RegistrationHandler: Has received 3 of 3 from 6@test.com
03-31 12:42:43.985 24026 24083 D RegistrationHandler: Received full ledger from 6@test.com with nonce 721928956
03-31 12:42:43.985 24026 24083 D RegistrationHandler: FULL_LEDGER 721928956
03-31 12:42:43.987 24026 24083 D RegistrationHandler: Has received 3 of 3 from 5@test.com
03-31 12:42:43.989 24026 24083 D RegistrationHandler: Received full ledger from 5@test.com with nonce 721928956
03-31 12:42:43.989 24026 24083 D RegistrationHandler: FULL_LEDGER 721928956
03-31 12:42:43.994 24026 24083 D RegistrationHandler: 721928956 Received hash from 3@test.com: 134e2587af527ac5d4ef2d11b6962451dd1e9873c4ff54582a8fa7af1f655cc2
03-31 12:42:44.159 24026 24083 D RegistrationHandler: Has received 3 of 3 fragments from 5@test.com
03-31 12:42:44.292 24026 24102 D RegistrationHandler: Has received 3 of 3 from 5@test.com
03-31 12:42:44.296 24026 24102 D RegistrationHandler: Received full ledger from 5@test.com with nonce 721928956
03-31 12:42:44.296 24026 24102 D RegistrationHandler: FULL_LEDGER 721928956
03-31 12:42:44.300 24026 24102 D RegistrationHandler: ACCEPTED_LEDGER 721928956 3
03-31 12:42:44.304 24026 24102 D RegistrationHandler: 721928956 The accepted ledger contains: [3@test.com, 5@test.com, 6@test.com]
03-31 12:42:44.304 24026 24102 D RegistrationHandler: 721928956 Registration started
03-31 12:42:44.328 24026 24102 D MulticastServer: Registration process finished: 721928956
03-31 12:42:44.335 24026 24101 D MulticastClient: Sent messages with 3 resends: [{"sender":"2@test.com","payload":"{\"ip\":\"192.168.1.126\",\"cert\":\"MIIBGzCBwqADAgECAgYBf994jVgwCgYIKoZIzj0EAwIwFTETMBEGA1UEAwwKVFRNNDkwNSBDQTAeFw0yMjAzMzAxMDE0NTRaFw0yMjA0MzAxMDE0NTRaMBUxEzARBgNVBAMMCjJAdGVzdC5jb20wWTATBgcqhkjOPQIBBggqhkjOPQMBBwNCAASfp8DfpDI4F1LcnhLU9XVqVlPfMKymZ5CCGjJ1fzUl10nP2pVehNZnWeRb8D6HrQrSylv6yjeqJ4LaLL5rYv5DMAoGCCqGSM49BAMCA0gAMEUCIQDKIT1zYbOHoSvwm5UEfwU7wX76J0DjD3DEsyMrIRz2mQIgB0NHKAft76MW8NEEL9Ferq4SmTyDVdc\/57LP58HFs2Q=\"}","mt":"BROADCAST_BLOCK","sig":"MEQCICdnpKSio3M74mCmJkOuFunn6I1AOP6nAGif5LnzUEnqAiB5Y6372N2Tg4KID9C5lGJ23+C4dZXfJkpoQMc9\/9MDEQ==","nonce":721928956,"seq":0,"tot":0}]
03-31 12:42:59.077 24026 24101 D MulticastServer: Registration process started with nonce 2115125808
03-31 12:42:59.080 24026 24101 D MulticastServer: Received request for ledger with nonce: 2115125808.
03-31 12:42:59.114 24026 24083 D RegistrationHandler: 2115125808 Received hash from 2@test.com: f835c5ca0c47878ea990e2267afaa94dfcd7989b8df91afd355a2946088d400b
03-31 12:42:59.127 24026 24083 D MulticastClient: Sent messages with 3 resends: [{"sender":"{\"ip\":\"192.168.1.126\",\"cert\":\"MIIBGzCBwqADAgECAgYBf994jVgwCgYIKoZIzj0EAwIwFTETMBEGA1UEAwwKVFRNNDkwNSBDQTAeFw0yMjAzMzAxMDE0NTRaFw0yMjA0MzAxMDE0NTRaMBUxEzARBgNVBAMMCjJAdGVzdC5jb20wWTATBgcqhkjOPQIBBggqhkjOPQMBBwNCAASfp8DfpDI4F1LcnhLU9XVqVlPfMKymZ5CCGjJ1fzUl10nP2pVehNZnWeRb8D6HrQrSylv6yjeqJ4LaLL5rYv5DMAoGCCqGSM49BAMCA0gAMEUCIQDKIT1zYbOHoSvwm5UEfwU7wX76J0DjD3DEsyMrIRz2mQIgB0NHKAft76MW8NEEL9Ferq4SmTyDVdc\/57LP58HFs2Q=\"}","payload":"f835c5ca0c47878ea990e2267afaa94dfcd7989b8df91afd355a2946088d400b","mt":"LEDGER_HASH","sig":"MEUCIEc8JoS8MnNrRBEAYJJjubjG3Fnqu2ayEeDp911y7eyJAiEA0fy0QfwhrH0XzdgCLYDFsds7gjpbCRk2j9dFfOTCmJk=","nonce":2115125808,"seq":0,"tot":0}]
03-31 12:42:59.907 24026 24101 D RegistrationHandler: 2115125808 Received hash from 3@test.com: f835c5ca0c47878ea990e2267afaa94dfcd7989b8df91afd355a2946088d400b
03-31 12:42:59.927 24026 24078 D RegistrationHandler: Has received 1 of 4 fragments from 5@test.com
03-31 12:43:00.070 24026 24083 D RegistrationHandler: Has received 2 of 4 from 5@test.com
03-31 12:43:00.260 24026 24083 D RegistrationHandler: Has received 2 of 4 fragments from 5@test.com
03-31 12:43:00.263 24026 24078 D RegistrationHandler: Has received 3 of 4 from 5@test.com
03-31 12:43:00.265 24026 24101 D RegistrationHandler: Has received 4 of 4 from 5@test.com
03-31 12:43:00.270 24026 24101 D RegistrationHandler: Received full ledger from 5@test.com with nonce 2115125808
03-31 12:43:00.270 24026 24101 D RegistrationHandler: FULL_LEDGER 2115125808
03-31 12:43:00.279 24026 24101 D RegistrationHandler: ACCEPTED_LEDGER 2115125808 4
03-31 12:43:00.281 24026 24101 D RegistrationHandler: 2115125808 The accepted ledger contains: [2@test.com, 3@test.com, 5@test.com, 6@test.com]
03-31 12:43:00.281 24026 24101 D MulticastServer: Registration process finished: 2115125808
03-31 12:43:00.743 24026 24083 D MulticastServer: Broadcast block received {"ip":"192.168.1.90","cert":"MIIBGjCBwqADAgECAgYBf996WTQwCgYIKoZIzj0EAwIwFTETMBEGA1UEAwwKVFRNNDkwNSBDQTAeFw0yMjAzMzAxMDE2NTFaFw0yMjA0MzAxMDE2NTFaMBUxEzARBgNVBAMMCjRAdGVzdC5jb20wWTATBgcqhkjOPQIBBggqhkjOPQMBBwNCAAR9ADphQpker5Vlux1TGrY243xUduQc15bIXysV2NxiGJkeD5VM9tRM0LC9OtaczjftmguVO1X6py8Cw58m4CqfMAoGCCqGSM49BAMCA0cAMEQCIHsw/XWk02FcpPISkSvlA7qK2USSlgqOOom9Sg9AUrBUAiB6UZsa+fgTtWznrsteVlekFkQ/GbMN2tUh4ZJjX/PbOQ=="}
03-31 12:43:00.953 24026 24083 D MulticastServer: Broadcast block received {"ip":"192.168.1.90","cert":"MIIBGjCBwqADAgECAgYBf996WTQwCgYIKoZIzj0EAwIwFTETMBEGA1UEAwwKVFRNNDkwNSBDQTAeFw0yMjAzMzAxMDE2NTFaFw0yMjA0MzAxMDE2NTFaMBUxEzARBgNVBAMMCjRAdGVzdC5jb20wWTATBgcqhkjOPQIBBggqhkjOPQMBBwNCAAR9ADphQpker5Vlux1TGrY243xUduQc15bIXysV2NxiGJkeD5VM9tRM0LC9OtaczjftmguVO1X6py8Cw58m4CqfMAoGCCqGSM49BAMCA0cAMEQCIHsw/XWk02FcpPISkSvlA7qK2USSlgqOOom9Sg9AUrBUAiB6UZsa+fgTtWznrsteVlekFkQ/GbMN2tUh4ZJjX/PbOQ=="}
03-31 12:43:01.262 24026 24083 D MulticastServer: Broadcast block received {"ip":"192.168.1.90","cert":"MIIBGjCBwqADAgECAgYBf996WTQwCgYIKoZIzj0EAwIwFTETMBEGA1UEAwwKVFRNNDkwNSBDQTAeFw0yMjAzMzAxMDE2NTFaFw0yMjA0MzAxMDE2NTFaMBUxEzARBgNVBAMMCjRAdGVzdC5jb20wWTATBgcqhkjOPQIBBggqhkjOPQMBBwNCAAR9ADphQpker5Vlux1TGrY243xUduQc15bIXysV2NxiGJkeD5VM9tRM0LC9OtaczjftmguVO1X6py8Cw58m4CqfMAoGCCqGSM49BAMCA0cAMEQCIHsw/XWk02FcpPISkSvlA7qK2USSlgqOOom9Sg9AUrBUAiB6UZsa+fgTtWznrsteVlekFkQ/GbMN2tUh4ZJjX/PbOQ=="}
03-31 12:43:01.570 24026 24083 D MulticastServer: Broadcast block received {"ip":"192.168.1.90","cert":"MIIBGjCBwqADAgECAgYBf996WTQwCgYIKoZIzj0EAwIwFTETMBEGA1UEAwwKVFRNNDkwNSBDQTAeFw0yMjAzMzAxMDE2NTFaFw0yMjA0MzAxMDE2NTFaMBUxEzARBgNVBAMMCjRAdGVzdC5jb20wWTATBgcqhkjOPQIBBggqhkjOPQMBBwNCAAR9ADphQpker5Vlux1TGrY243xUduQc15bIXysV2NxiGJkeD5VM9tRM0LC9OtaczjftmguVO1X6py8Cw58m4CqfMAoGCCqGSM49BAMCA0cAMEQCIHsw/XWk02FcpPISkSvlA7qK2USSlgqOOom9Sg9AUrBUAiB6UZsa+fgTtWznrsteVlekFkQ/GbMN2tUh4ZJjX/PbOQ=="}
03-31 12:43:14.057 24026 24083 D MulticastServer: Registration process started with nonce 517744778
03-31 12:43:14.060 24026 24083 D MulticastServer: Received request for ledger with nonce: 517744778.
03-31 12:43:14.068 24026 24101 D RegistrationHandler: 517744778 Received hash from 2@test.com: 426b24282b49eccdfc717fe9a809b5b9f62ff656dba03539479b139f75cf3837
03-31 12:43:14.075 24026 24101 D MulticastClient: Sent messages with 3 resends: [{"sender":"{\"ip\":\"192.168.1.126\",\"cert\":\"MIIBGzCBwqADAgECAgYBf994jVgwCgYIKoZIzj0EAwIwFTETMBEGA1UEAwwKVFRNNDkwNSBDQTAeFw0yMjAzMzAxMDE0NTRaFw0yMjA0MzAxMDE0NTRaMBUxEzARBgNVBAMMCjJAdGVzdC5jb20wWTATBgcqhkjOPQIBBggqhkjOPQMBBwNCAASfp8DfpDI4F1LcnhLU9XVqVlPfMKymZ5CCGjJ1fzUl10nP2pVehNZnWeRb8D6HrQrSylv6yjeqJ4LaLL5rYv5DMAoGCCqGSM49BAMCA0gAMEUCIQDKIT1zYbOHoSvwm5UEfwU7wX76J0DjD3DEsyMrIRz2mQIgB0NHKAft76MW8NEEL9Ferq4SmTyDVdc\/57LP58HFs2Q=\"}","payload":"426b24282b49eccdfc717fe9a809b5b9f62ff656dba03539479b139f75cf3837","mt":"LEDGER_HASH","sig":"MEQCICDOa4dEw6oNFWCm3j\/HxRhHvi1\/WjFirmgmHWAAmFoMAiA3pqi42HiVzrwry9SkAIOtxTBXxmw\/H17AAa8GJbrdlA==","nonce":517744778,"seq":0,"tot":0}]
03-31 12:43:14.175 24026 24083 D RegistrationHandler: Has received 1 of 5 fragments from 5@test.com
03-31 12:43:14.179 24026 24083 D RegistrationHandler: 517744778 Received hash from 3@test.com: 426b24282b49eccdfc717fe9a809b5b9f62ff656dba03539479b139f75cf3837
03-31 12:43:14.184 24026 24083 D RegistrationHandler: Has received 2 of 5 from 5@test.com
03-31 12:43:14.199 24026 24083 D RegistrationHandler: Has received 1 of 5 fragments from 6@test.com
03-31 12:43:14.207 24026 24083 D RegistrationHandler: Has received 3 of 5 from 5@test.com
03-31 12:43:14.209 24026 24083 D RegistrationHandler: Has received 2 of 5 from 6@test.com
03-31 12:43:14.214 24026 24083 D RegistrationHandler: Has received 4 of 5 from 5@test.com
03-31 12:43:14.266 24026 24083 D RegistrationHandler: Has received 3 of 5 from 6@test.com
03-31 12:43:14.271 24026 24083 D RegistrationHandler: Has received 4 of 5 from 6@test.com
03-31 12:43:14.272 24026 24102 D RegistrationHandler: Has received 5 of 5 from 5@test.com
03-31 12:43:14.276 24026 24102 D RegistrationHandler: Received full ledger from 5@test.com with nonce 517744778
03-31 12:43:14.276 24026 24102 D RegistrationHandler: FULL_LEDGER 517744778
03-31 12:43:14.280 24026 24121 D RegistrationHandler: Has received 5 of 5 from 6@test.com
03-31 12:43:14.283 24026 24121 D RegistrationHandler: Received full ledger from 6@test.com with nonce 517744778
03-31 12:43:14.283 24026 24121 D RegistrationHandler: FULL_LEDGER 517744778
03-31 12:43:14.290 24026 24121 D RegistrationHandler: ACCEPTED_LEDGER 517744778 5
03-31 12:43:14.293 24026 24121 D RegistrationHandler: 517744778 The accepted ledger contains: [2@test.com, 3@test.com, 4@test.com, 5@test.com, 6@test.com]
03-31 12:43:14.293 24026 24121 D MulticastServer: Registration process finished: 517744778
03-31 12:43:14.365 24026 24121 D MulticastServer: Broadcast block received {"ip":"192.168.1.97","cert":"MIIBGzCBwqADAgECAgYBf994BZcwCgYIKoZIzj0EAwIwFTETMBEGA1UEAwwKVFRNNDkwNSBDQTAeFw0yMjAzMzAxMDE0MTlaFw0yMjA0MzAxMDE0MTlaMBUxEzARBgNVBAMMCjFAdGVzdC5jb20wWTATBgcqhkjOPQIBBggqhkjOPQMBBwNCAARWqe9zQZRD8c/IJTwlqcBP3wxNnfnskSHFN0SfukuFElFHa1WRgMC9pldvLvFQJjmHIsbfcfCnJ/3odCWEsES2MAoGCCqGSM49BAMCA0gAMEUCIQD+uRDurwdItFUVVn2KMsGSnE/Xjlxq7IxcC/elzuS+CgIgGfru1MXmAHBBehcDSGWfWWS85xWG153fQT3F2ASLxs0="}
03-31 12:43:14.980 24026 24102 D MulticastServer: Broadcast block received {"ip":"192.168.1.97","cert":"MIIBGzCBwqADAgECAgYBf994BZcwCgYIKoZIzj0EAwIwFTETMBEGA1UEAwwKVFRNNDkwNSBDQTAeFw0yMjAzMzAxMDE0MTlaFw0yMjA0MzAxMDE0MTlaMBUxEzARBgNVBAMMCjFAdGVzdC5jb20wWTATBgcqhkjOPQIBBggqhkjOPQMBBwNCAARWqe9zQZRD8c/IJTwlqcBP3wxNnfnskSHFN0SfukuFElFHa1WRgMC9pldvLvFQJjmHIsbfcfCnJ/3odCWEsES2MAoGCCqGSM49BAMCA0gAMEUCIQD+uRDurwdItFUVVn2KMsGSnE/Xjlxq7IxcC/elzuS+CgIgGfru1MXmAHBBehcDSGWfWWS85xWG153fQT3F2ASLxs0="}
03-31 12:43:15.293 24026 24101 D MulticastServer: Broadcast block received {"ip":"192.168.1.97","cert":"MIIBGzCBwqADAgECAgYBf994BZcwCgYIKoZIzj0EAwIwFTETMBEGA1UEAwwKVFRNNDkwNSBDQTAeFw0yMjAzMzAxMDE0MTlaFw0yMjA0MzAxMDE0MTlaMBUxEzARBgNVBAMMCjFAdGVzdC5jb20wWTATBgcqhkjOPQIBBggqhkjOPQMBBwNCAARWqe9zQZRD8c/IJTwlqcBP3wxNnfnskSHFN0SfukuFElFHa1WRgMC9pldvLvFQJjmHIsbfcfCnJ/3odCWEsES2MAoGCCqGSM49BAMCA0gAMEUCIQD+uRDurwdItFUVVn2KMsGSnE/Xjlxq7IxcC/elzuS+CgIgGfru1MXmAHBBehcDSGWfWWS85xWG153fQT3F2ASLxs0="}
round 18 of 100
03-31 12:44:08.365 24157 24208 D MulticastServer: MULTICAST_SERVER_LISTENING
03-31 12:44:08.367 24157 24210 D MulticastServer: Registration process started with nonce 1017376486
03-31 12:44:08.370 24157 24214 D MulticastClient: REQUEST_LEDGER 1017376486
03-31 12:44:08.371 24157 24214 D MulticastClient: Sent messages with 3 resends: [{"sender":"","payload":"","mt":"REQUEST_LEDGER","sig":"","nonce":1017376486,"seq":0,"tot":0}]
03-31 12:44:08.552 24157 24215 D RegistrationHandler: Has received 1 of 3 fragments from 6@test.com
03-31 12:44:08.554 24157 24215 D RegistrationHandler: Has received 2 of 3 from 6@test.com
03-31 12:44:08.558 24157 24215 D RegistrationHandler: 1017376486 Received hash from 3@test.com: 134e2587af527ac5d4ef2d11b6962451dd1e9873c4ff54582a8fa7af1f655cc2
03-31 12:44:08.566 24157 24215 D RegistrationHandler: Has received 3 of 3 from 6@test.com
03-31 12:44:08.571 24157 24215 D RegistrationHandler: Received full ledger from 6@test.com with nonce 1017376486
03-31 12:44:08.571 24157 24215 D RegistrationHandler: FULL_LEDGER 1017376486
03-31 12:44:08.953 24157 24215 D RegistrationHandler: Has received 3 of 3 fragments from 6@test.com
03-31 12:44:08.965 24157 24240 D RegistrationHandler: Has received 1 of 3 fragments from 5@test.com
03-31 12:44:08.969 24157 24240 D RegistrationHandler: Received full ledger from 5@test.com with nonce 1017376486
03-31 12:44:08.969 24157 24240 D RegistrationHandler: FULL_LEDGER 1017376486
03-31 12:44:08.973 24157 24240 D RegistrationHandler: ACCEPTED_LEDGER 1017376486 3
03-31 12:44:08.975 24157 24240 D RegistrationHandler: 1017376486 The accepted ledger contains: [3@test.com, 5@test.com, 6@test.com]
03-31 12:44:08.975 24157 24240 D RegistrationHandler: 1017376486 Registration started
03-31 12:44:08.976 24157 24232 D RegistrationHandler: Has received 2 of 3 from 5@test.com
03-31 12:44:08.982 24157 24240 D MulticastServer: Registration process finished: 1017376486
03-31 12:44:08.987 24157 24240 D MulticastClient: Sent messages with 3 resends: [{"sender":"2@test.com","payload":"{\"ip\":\"192.168.1.126\",\"cert\":\"MIIBGzCBwqADAgECAgYBf994jVgwCgYIKoZIzj0EAwIwFTETMBEGA1UEAwwKVFRNNDkwNSBDQTAeFw0yMjAzMzAxMDE0NTRaFw0yMjA0MzAxMDE0NTRaMBUxEzARBgNVBAMMCjJAdGVzdC5jb20wWTATBgcqhkjOPQIBBggqhkjOPQMBBwNCAASfp8DfpDI4F1LcnhLU9XVqVlPfMKymZ5CCGjJ1fzUl10nP2pVehNZnWeRb8D6HrQrSylv6yjeqJ4LaLL5rYv5DMAoGCCqGSM49BAMCA0gAMEUCIQDKIT1zYbOHoSvwm5UEfwU7wX76J0DjD3DEsyMrIRz2mQIgB0NHKAft76MW8NEEL9Ferq4SmTyDVdc\/57LP58HFs2Q=\"}","mt":"BROADCAST_BLOCK","sig":"MEUCIQCpNMJoIQNCLjLFwPFjmCNZermc28Q+F479rnLQNymh2AIgfY4O7owk0xx3J7Ft\/lUMFE3e1w3AsuNM\/WdtmOKABio=","nonce":1017376486,"seq":0,"tot":0}]
03-31 12:44:23.900 24157 24240 D MulticastServer: Registration process started with nonce 124648068
03-31 12:44:23.903 24157 24240 D MulticastServer: Received request for ledger with nonce: 124648068.
03-31 12:44:23.932 24157 24214 D RegistrationHandler: 124648068 Received hash from 2@test.com: f835c5ca0c47878ea990e2267afaa94dfcd7989b8df91afd355a2946088d400b
03-31 12:44:23.945 24157 24214 D MulticastClient: Sent messages with 3 resends: [{"sender":"{\"ip\":\"192.168.1.126\",\"cert\":\"MIIBGzCBwqADAgECAgYBf994jVgwCgYIKoZIzj0EAwIwFTETMBEGA1UEAwwKVFRNNDkwNSBDQTAeFw0yMjAzMzAxMDE0NTRaFw0yMjA0MzAxMDE0NTRaMBUxEzARBgNVBAMMCjJAdGVzdC5jb20wWTATBgcqhkjOPQIBBggqhkjOPQMBBwNCAASfp8DfpDI4F1LcnhLU9XVqVlPfMKymZ5CCGjJ1fzUl10nP2pVehNZnWeRb8D6HrQrSylv6yjeqJ4LaLL5rYv5DMAoGCCqGSM49BAMCA0gAMEUCIQDKIT1zYbOHoSvwm5UEfwU7wX76J0DjD3DEsyMrIRz2mQIgB0NHKAft76MW8NEEL9Ferq4SmTyDVdc\/57LP58HFs2Q=\"}","payload":"f835c5ca0c47878ea990e2267afaa94dfcd7989b8df91afd355a2946088d400b","mt":"LEDGER_HASH","sig":"MEQCIGDz404\/eHp4jYnmpmKQkIBtk0r6wOhXPPwMf60pHcL0AiAfqJ8XC0HXqAf6iSSwO6RaW902qL+G5eaA5dy9E3CI6w==","nonce":124648068,"seq":0,"tot":0}]
03-31 12:44:24.048 24157 24232 D RegistrationHandler: 124648068 Received hash from 3@test.com: f835c5ca0c47878ea990e2267afaa94dfcd7989b8df91afd355a2946088d400b
03-31 12:44:24.320 24157 24243 D RegistrationHandler: Has received 1 of 4 fragments from 6@test.com
03-31 12:44:24.326 24157 24232 D RegistrationHandler: Has received 2 of 4 from 6@test.com
03-31 12:44:24.331 24157 24243 D RegistrationHandler: Received full ledger from 6@test.com with nonce 124648068
03-31 12:44:24.331 24157 24243 D RegistrationHandler: FULL_LEDGER 124648068
03-31 12:44:24.338 24157 24243 D RegistrationHandler: ACCEPTED_LEDGER 124648068 4
03-31 12:44:24.340 24157 24243 D RegistrationHandler: 124648068 The accepted ledger contains: [2@test.com, 3@test.com, 5@test.com, 6@test.com]
03-31 12:44:24.340 24157 24243 D MulticastServer: Registration process finished: 124648068
03-31 12:44:24.778 24157 24243 D MulticastServer: Broadcast block received {"ip":"192.168.1.90","cert":"MIIBGjCBwqADAgECAgYBf996WTQwCgYIKoZIzj0EAwIwFTETMBEGA1UEAwwKVFRNNDkwNSBDQTAeFw0yMjAzMzAxMDE2NTFaFw0yMjA0MzAxMDE2NTFaMBUxEzARBgNVBAMMCjRAdGVzdC5jb20wWTATBgcqhkjOPQIBBggqhkjOPQMBBwNCAAR9ADphQpker5Vlux1TGrY243xUduQc15bIXysV2NxiGJkeD5VM9tRM0LC9OtaczjftmguVO1X6py8Cw58m4CqfMAoGCCqGSM49BAMCA0cAMEQCIHsw/XWk02FcpPISkSvlA7qK2USSlgqOOom9Sg9AUrBUAiB6UZsa+fgTtWznrsteVlekFkQ/GbMN2tUh4ZJjX/PbOQ=="}
03-31 12:44:25.099 24157 24243 D MulticastServer: Broadcast block received {"ip":"192.168.1.90","cert":"MIIBGjCBwqADAgECAgYBf996WTQwCgYIKoZIzj0EAwIwFTETMBEGA1UEAwwKVFRNNDkwNSBDQTAeFw0yMjAzMzAxMDE2NTFaFw0yMjA0MzAxMDE2NTFaMBUxEzARBgNVBAMMCjRAdGVzdC5jb20wWTATBgcqhkjOPQIBBggqhkjOPQMBBwNCAAR9ADphQpker5Vlux1TGrY243xUduQc15bIXysV2NxiGJkeD5VM9tRM0LC9OtaczjftmguVO1X6py8Cw58m4CqfMAoGCCqGSM49BAMCA0cAMEQCIHsw/XWk02FcpPISkSvlA7qK2USSlgqOOom9Sg9AUrBUAiB6UZsa+fgTtWznrsteVlekFkQ/GbMN2tUh4ZJjX/PbOQ=="}
03-31 12:44:25.339 24157 24214 D MulticastServer: Broadcast block received {"ip":"192.168.1.90","cert":"MIIBGjCBwqADAgECAgYBf996WTQwCgYIKoZIzj0EAwIwFTETMBEGA1UEAwwKVFRNNDkwNSBDQTAeFw0yMjAzMzAxMDE2NTFaFw0yMjA0MzAxMDE2NTFaMBUxEzARBgNVBAMMCjRAdGVzdC5jb20wWTATBgcqhkjOPQIBBggqhkjOPQMBBwNCAAR9ADphQpker5Vlux1TGrY243xUduQc15bIXysV2NxiGJkeD5VM9tRM0LC9OtaczjftmguVO1X6py8Cw58m4CqfMAoGCCqGSM49BAMCA0cAMEQCIHsw/XWk02FcpPISkSvlA7qK2USSlgqOOom9Sg9AUrBUAiB6UZsa+fgTtWznrsteVlekFkQ/GbMN2tUh4ZJjX/PbOQ=="}
03-31 12:44:39.156 24157 24214 D MulticastServer: Registration process started with nonce 531792721
03-31 12:44:39.158 24157 24214 D MulticastServer: Received request for ledger with nonce: 531792721.
03-31 12:44:39.167 24157 24214 D RegistrationHandler: 531792721 Received hash from 2@test.com: 426b24282b49eccdfc717fe9a809b5b9f62ff656dba03539479b139f75cf3837
03-31 12:44:39.173 24157 24214 D MulticastClient: Sent messages with 3 resends: [{"sender":"{\"ip\":\"192.168.1.126\",\"cert\":\"MIIBGzCBwqADAgECAgYBf994jVgwCgYIKoZIzj0EAwIwFTETMBEGA1UEAwwKVFRNNDkwNSBDQTAeFw0yMjAzMzAxMDE0NTRaFw0yMjA0MzAxMDE0NTRaMBUxEzARBgNVBAMMCjJAdGVzdC5jb20wWTATBgcqhkjOPQIBBggqhkjOPQMBBwNCAASfp8DfpDI4F1LcnhLU9XVqVlPfMKymZ5CCGjJ1fzUl10nP2pVehNZnWeRb8D6HrQrSylv6yjeqJ4LaLL5rYv5DMAoGCCqGSM49BAMCA0gAMEUCIQDKIT1zYbOHoSvwm5UEfwU7wX76J0DjD3DEsyMrIRz2mQIgB0NHKAft76MW8NEEL9Ferq4SmTyDVdc\/57LP58HFs2Q=\"}","payload":"426b24282b49eccdfc717fe9a809b5b9f62ff656dba03539479b139f75cf3837","mt":"LEDGER_HASH","sig":"MEQCICpRxaLeKL0TFZVCKTxxNEvDVX32ApjoPdk92DEK6VkUAiBeOoCiebic\/R3ue6Rlb\/TuJte9dNAUls2LJwMy9bkrDQ==","nonce":531792721,"seq":0,"tot":0}]
03-31 12:44:39.273 24157 24243 D RegistrationHandler: Has received 1 of 5 fragments from 5@test.com
03-31 12:44:39.275 24157 24232 D RegistrationHandler: 531792721 Received hash from 3@test.com: 426b24282b49eccdfc717fe9a809b5b9f62ff656dba03539479b139f75cf3837
03-31 12:44:39.281 24157 24243 D RegistrationHandler: Has received 2 of 5 from 5@test.com
03-31 12:44:39.319 24157 24243 D RegistrationHandler: 531792721 Received hash from 4@test.com: 426b24282b49eccdfc717fe9a809b5b9f62ff656dba03539479b139f75cf3837
03-31 12:44:39.680 24157 24243 D RegistrationHandler: Has received 1 of 5 fragments from 6@test.com
03-31 12:44:39.684 24157 24232 D RegistrationHandler: Has received 2 of 5 from 5@test.com
03-31 12:44:39.685 24157 24243 D RegistrationHandler: Has received 3 of 5 from 5@test.com
03-31 12:44:39.694 24157 24243 D RegistrationHandler: Has received 2 of 5 from 6@test.com
03-31 12:44:39.699 24157 24243 D RegistrationHandler: Has received 3 of 5 from 6@test.com
03-31 12:44:39.708 24157 24243 D RegistrationHandler: Has received 4 of 5 from 5@test.com
03-31 12:44:39.713 24157 24243 D RegistrationHandler: Has received 4 of 5 from 6@test.com
03-31 12:44:39.723 24157 24243 D RegistrationHandler: Has received 5 of 5 from 5@test.com
03-31 12:44:39.729 24157 24232 D RegistrationHandler: Has received 5 of 5 from 6@test.com
03-31 12:44:39.729 24157 24243 D RegistrationHandler: Received full ledger from 5@test.com with nonce 531792721
03-31 12:44:39.729 24157 24243 D RegistrationHandler: FULL_LEDGER 531792721
03-31 12:44:39.738 24157 24232 D RegistrationHandler: Received full ledger from 6@test.com with nonce 531792721
03-31 12:44:39.738 24157 24232 D RegistrationHandler: FULL_LEDGER 531792721
03-31 12:44:39.738 24157 24243 D RegistrationHandler: ACCEPTED_LEDGER 531792721 5
03-31 12:44:39.742 24157 24243 D RegistrationHandler: 531792721 The accepted ledger contains: [2@test.com, 3@test.com, 4@test.com, 5@test.com, 6@test.com]
03-31 12:44:39.742 24157 24243 D MulticastServer: Registration process finished: 531792721
03-31 12:44:39.746 24157 24232 D RegistrationHandler: ACCEPTED_LEDGER 531792721 5
03-31 12:44:39.748 24157 24232 D RegistrationHandler: 531792721 The accepted ledger contains: [2@test.com, 3@test.com, 4@test.com, 5@test.com, 6@test.com]
03-31 12:44:39.873 24157 24232 D MulticastServer: Broadcast block received {"ip":"192.168.1.97","cert":"MIIBGzCBwqADAgECAgYBf994BZcwCgYIKoZIzj0EAwIwFTETMBEGA1UEAwwKVFRNNDkwNSBDQTAeFw0yMjAzMzAxMDE0MTlaFw0yMjA0MzAxMDE0MTlaMBUxEzARBgNVBAMMCjFAdGVzdC5jb20wWTATBgcqhkjOPQIBBggqhkjOPQMBBwNCAARWqe9zQZRD8c/IJTwlqcBP3wxNnfnskSHFN0SfukuFElFHa1WRgMC9pldvLvFQJjmHIsbfcfCnJ/3odCWEsES2MAoGCCqGSM49BAMCA0gAMEUCIQD+uRDurwdItFUVVn2KMsGSnE/Xjlxq7IxcC/elzuS+CgIgGfru1MXmAHBBehcDSGWfWWS85xWG153fQT3F2ASLxs0="}
03-31 12:44:39.875 24157 24243 D MulticastServer: Broadcast block received {"ip":"192.168.1.97","cert":"MIIBGzCBwqADAgECAgYBf994BZcwCgYIKoZIzj0EAwIwFTETMBEGA1UEAwwKVFRNNDkwNSBDQTAeFw0yMjAzMzAxMDE0MTlaFw0yMjA0MzAxMDE0MTlaMBUxEzARBgNVBAMMCjFAdGVzdC5jb20wWTATBgcqhkjOPQIBBggqhkjOPQMBBwNCAARWqe9zQZRD8c/IJTwlqcBP3wxNnfnskSHFN0SfukuFElFHa1WRgMC9pldvLvFQJjmHIsbfcfCnJ/3odCWEsES2MAoGCCqGSM49BAMCA0gAMEUCIQD+uRDurwdItFUVVn2KMsGSnE/Xjlxq7IxcC/elzuS+CgIgGfru1MXmAHBBehcDSGWfWWS85xWG153fQT3F2ASLxs0="}
03-31 12:44:40.179 24157 24214 D MulticastServer: Broadcast block received {"ip":"192.168.1.97","cert":"MIIBGzCBwqADAgECAgYBf994BZcwCgYIKoZIzj0EAwIwFTETMBEGA1UEAwwKVFRNNDkwNSBDQTAeFw0yMjAzMzAxMDE0MTlaFw0yMjA0MzAxMDE0MTlaMBUxEzARBgNVBAMMCjFAdGVzdC5jb20wWTATBgcqhkjOPQIBBggqhkjOPQMBBwNCAARWqe9zQZRD8c/IJTwlqcBP3wxNnfnskSHFN0SfukuFElFHa1WRgMC9pldvLvFQJjmHIsbfcfCnJ/3odCWEsES2MAoGCCqGSM49BAMCA0gAMEUCIQD+uRDurwdItFUVVn2KMsGSnE/Xjlxq7IxcC/elzuS+CgIgGfru1MXmAHBBehcDSGWfWWS85xWG153fQT3F2ASLxs0="}
03-31 12:44:40.180 24157 24243 D MulticastServer: Broadcast block received {"ip":"192.168.1.97","cert":"MIIBGzCBwqADAgECAgYBf994BZcwCgYIKoZIzj0EAwIwFTETMBEGA1UEAwwKVFRNNDkwNSBDQTAeFw0yMjAzMzAxMDE0MTlaFw0yMjA0MzAxMDE0MTlaMBUxEzARBgNVBAMMCjFAdGVzdC5jb20wWTATBgcqhkjOPQIBBggqhkjOPQMBBwNCAARWqe9zQZRD8c/IJTwlqcBP3wxNnfnskSHFN0SfukuFElFHa1WRgMC9pldvLvFQJjmHIsbfcfCnJ/3odCWEsES2MAoGCCqGSM49BAMCA0gAMEUCIQD+uRDurwdItFUVVn2KMsGSnE/Xjlxq7IxcC/elzuS+CgIgGfru1MXmAHBBehcDSGWfWWS85xWG153fQT3F2ASLxs0="}
03-31 12:44:40.483 24157 24214 D MulticastServer: Broadcast block received {"ip":"192.168.1.97","cert":"MIIBGzCBwqADAgECAgYBf994BZcwCgYIKoZIzj0EAwIwFTETMBEGA1UEAwwKVFRNNDkwNSBDQTAeFw0yMjAzMzAxMDE0MTlaFw0yMjA0MzAxMDE0MTlaMBUxEzARBgNVBAMMCjFAdGVzdC5jb20wWTATBgcqhkjOPQIBBggqhkjOPQMBBwNCAARWqe9zQZRD8c/IJTwlqcBP3wxNnfnskSHFN0SfukuFElFHa1WRgMC9pldvLvFQJjmHIsbfcfCnJ/3odCWEsES2MAoGCCqGSM49BAMCA0gAMEUCIQD+uRDurwdItFUVVn2KMsGSnE/Xjlxq7IxcC/elzuS+CgIgGfru1MXmAHBBehcDSGWfWWS85xWG153fQT3F2ASLxs0="}
03-31 12:44:40.484 24157 24232 D MulticastServer: Broadcast block received {"ip":"192.168.1.97","cert":"MIIBGzCBwqADAgECAgYBf994BZcwCgYIKoZIzj0EAwIwFTETMBEGA1UEAwwKVFRNNDkwNSBDQTAeFw0yMjAzMzAxMDE0MTlaFw0yMjA0MzAxMDE0MTlaMBUxEzARBgNVBAMMCjFAdGVzdC5jb20wWTATBgcqhkjOPQIBBggqhkjOPQMBBwNCAARWqe9zQZRD8c/IJTwlqcBP3wxNnfnskSHFN0SfukuFElFHa1WRgMC9pldvLvFQJjmHIsbfcfCnJ/3odCWEsES2MAoGCCqGSM49BAMCA0gAMEUCIQD+uRDurwdItFUVVn2KMsGSnE/Xjlxq7IxcC/elzuS+CgIgGfru1MXmAHBBehcDSGWfWWS85xWG153fQT3F2ASLxs0="}
round 19 of 100
03-31 12:45:33.488 24290 24339 D MulticastServer: MULTICAST_SERVER_LISTENING
03-31 12:45:33.490 24290 24341 D MulticastServer: Registration process started with nonce 898879124
03-31 12:45:33.493 24290 24340 D MulticastClient: REQUEST_LEDGER 898879124
03-31 12:45:33.494 24290 24340 D MulticastClient: Sent messages with 3 resends: [{"sender":"","payload":"","mt":"REQUEST_LEDGER","sig":"","nonce":898879124,"seq":0,"tot":0}]
03-31 12:45:33.630 24290 24345 D RegistrationHandler: Has received 1 of 2 fragments from 5@test.com
03-31 12:45:33.648 24290 24345 D RegistrationHandler: Has received 2 of 2 from 5@test.com
03-31 12:45:33.652 24290 24345 D RegistrationHandler: Received full ledger from 5@test.com with nonce 898879124
03-31 12:45:33.652 24290 24345 D RegistrationHandler: FULL_LEDGER 898879124
03-31 12:45:33.939 24290 24345 D RegistrationHandler: Has received 1 of 2 fragments from 6@test.com
03-31 12:45:33.950 24290 24345 D RegistrationHandler: Has received 2 of 2 fragments from 5@test.com
03-31 12:45:33.951 24290 24363 D RegistrationHandler: Has received 2 of 2 from 6@test.com
03-31 12:45:33.955 24290 24363 D RegistrationHandler: Received full ledger from 6@test.com with nonce 898879124
03-31 12:45:33.955 24290 24363 D RegistrationHandler: FULL_LEDGER 898879124
03-31 12:45:34.356 24290 24363 D RegistrationHandler: Has received 2 of 2 fragments from 5@test.com
03-31 12:45:37.498 24290 24342 D RegistrationHandler: ACCEPTED_LEDGER 898879124 2
03-31 12:45:37.501 24290 24342 D RegistrationHandler: 898879124 The accepted ledger contains: [5@test.com, 6@test.com]
03-31 12:45:37.501 24290 24342 D RegistrationHandler: 898879124 Registration started
03-31 12:45:37.513 24290 24342 D MulticastServer: Registration process finished: 898879124
03-31 12:45:37.517 24290 24340 D MulticastClient: Sent messages with 3 resends: [{"sender":"2@test.com","payload":"{\"ip\":\"192.168.1.126\",\"cert\":\"MIIBGzCBwqADAgECAgYBf994jVgwCgYIKoZIzj0EAwIwFTETMBEGA1UEAwwKVFRNNDkwNSBDQTAeFw0yMjAzMzAxMDE0NTRaFw0yMjA0MzAxMDE0NTRaMBUxEzARBgNVBAMMCjJAdGVzdC5jb20wWTATBgcqhkjOPQIBBggqhkjOPQMBBwNCAASfp8DfpDI4F1LcnhLU9XVqVlPfMKymZ5CCGjJ1fzUl10nP2pVehNZnWeRb8D6HrQrSylv6yjeqJ4LaLL5rYv5DMAoGCCqGSM49BAMCA0gAMEUCIQDKIT1zYbOHoSvwm5UEfwU7wX76J0DjD3DEsyMrIRz2mQIgB0NHKAft76MW8NEEL9Ferq4SmTyDVdc\/57LP58HFs2Q=\"}","mt":"BROADCAST_BLOCK","sig":"MEUCICSLDe2g6E8JlX68ZQMkNgxiKGrKjVRT\/WSKZ\/fJwcnEAiEAh\/fL8srFQs+1Nk09n1WBzbhbAz+\/JINAd6\/VQzAzhIc=","nonce":898879124,"seq":0,"tot":0}]
03-31 12:45:48.989 24290 24340 D MulticastServer: Registration process started with nonce 1548888550
03-31 12:45:48.992 24290 24340 D MulticastServer: Received request for ledger with nonce: 1548888550.
03-31 12:45:49.001 24290 24340 D RegistrationHandler: 1548888550 Received hash from 2@test.com: 4c7c502df00bdb60caf4d1c06600719784fbcda80ec408729e2db6afc933de96
03-31 12:45:49.008 24290 24340 D MulticastClient: Sent messages with 3 resends: [{"sender":"{\"ip\":\"192.168.1.126\",\"cert\":\"MIIBGzCBwqADAgECAgYBf994jVgwCgYIKoZIzj0EAwIwFTETMBEGA1UEAwwKVFRNNDkwNSBDQTAeFw0yMjAzMzAxMDE0NTRaFw0yMjA0MzAxMDE0NTRaMBUxEzARBgNVBAMMCjJAdGVzdC5jb20wWTATBgcqhkjOPQIBBggqhkjOPQMBBwNCAASfp8DfpDI4F1LcnhLU9XVqVlPfMKymZ5CCGjJ1fzUl10nP2pVehNZnWeRb8D6HrQrSylv6yjeqJ4LaLL5rYv5DMAoGCCqGSM49BAMCA0gAMEUCIQDKIT1zYbOHoSvwm5UEfwU7wX76J0DjD3DEsyMrIRz2mQIgB0NHKAft76MW8NEEL9Ferq4SmTyDVdc\/57LP58HFs2Q=\"}","payload":"4c7c502df00bdb60caf4d1c06600719784fbcda80ec408729e2db6afc933de96","mt":"LEDGER_HASH","sig":"MEYCIQD5ba+MDFZczIjeRHhWeDi1An5rwnAC0FWt6Sy9v8xfEgIhAN493DzS0ivlenVa4R1FYf7z9lYNJyy1tHgJ2VGzjJLr","nonce":1548888550,"seq":0,"tot":0}]
03-31 12:45:49.125 24290 24365 D RegistrationHandler: Has received 1 of 3 fragments from 5@test.com
03-31 12:45:49.416 24290 24345 D RegistrationHandler: Has received 1 of 3 fragments from 6@test.com
03-31 12:45:49.420 24290 24363 D RegistrationHandler: Has received 2 of 3 from 6@test.com
03-31 12:45:49.425 24290 24345 D RegistrationHandler: Received full ledger from 6@test.com with nonce 1548888550
03-31 12:45:49.425 24290 24345 D RegistrationHandler: FULL_LEDGER 1548888550
03-31 12:45:49.723 24290 24345 D RegistrationHandler: Has received 2 of 3 fragments from 6@test.com
03-31 12:45:49.732 24290 24345 D RegistrationHandler: Received full ledger from 6@test.com with nonce 1548888550
03-31 12:45:49.732 24290 24345 D RegistrationHandler: FULL_LEDGER 1548888550
03-31 12:45:49.740 24290 24345 D RegistrationHandler: ACCEPTED_LEDGER 1548888550 3
03-31 12:45:49.743 24290 24345 D RegistrationHandler: 1548888550 The accepted ledger contains: [2@test.com, 5@test.com, 6@test.com]
03-31 12:45:49.743 24290 24345 D MulticastServer: Registration process finished: 1548888550
03-31 12:45:49.831 24290 24366 D MulticastServer: Broadcast block received {"ip":"192.168.1.90","cert":"MIIBGjCBwqADAgECAgYBf996WTQwCgYIKoZIzj0EAwIwFTETMBEGA1UEAwwKVFRNNDkwNSBDQTAeFw0yMjAzMzAxMDE2NTFaFw0yMjA0MzAxMDE2NTFaMBUxEzARBgNVBAMMCjRAdGVzdC5jb20wWTATBgcqhkjOPQIBBggqhkjOPQMBBwNCAAR9ADphQpker5Vlux1TGrY243xUduQc15bIXysV2NxiGJkeD5VM9tRM0LC9OtaczjftmguVO1X6py8Cw58m4CqfMAoGCCqGSM49BAMCA0cAMEQCIHsw/XWk02FcpPISkSvlA7qK2USSlgqOOom9Sg9AUrBUAiB6UZsa+fgTtWznrsteVlekFkQ/GbMN2tUh4ZJjX/PbOQ=="}
03-31 12:45:49.834 24290 24366 D MulticastServer: Broadcast block received {"ip":"192.168.1.90","cert":"MIIBGjCBwqADAgECAgYBf996WTQwCgYIKoZIzj0EAwIwFTETMBEGA1UEAwwKVFRNNDkwNSBDQTAeFw0yMjAzMzAxMDE2NTFaFw0yMjA0MzAxMDE2NTFaMBUxEzARBgNVBAMMCjRAdGVzdC5jb20wWTATBgcqhkjOPQIBBggqhkjOPQMBBwNCAAR9ADphQpker5Vlux1TGrY243xUduQc15bIXysV2NxiGJkeD5VM9tRM0LC9OtaczjftmguVO1X6py8Cw58m4CqfMAoGCCqGSM49BAMCA0cAMEQCIHsw/XWk02FcpPISkSvlA7qK2USSlgqOOom9Sg9AUrBUAiB6UZsa+fgTtWznrsteVlekFkQ/GbMN2tUh4ZJjX/PbOQ=="}
03-31 12:45:50.159 24290 24366 D MulticastServer: Broadcast block received {"ip":"192.168.1.90","cert":"MIIBGjCBwqADAgECAgYBf996WTQwCgYIKoZIzj0EAwIwFTETMBEGA1UEAwwKVFRNNDkwNSBDQTAeFw0yMjAzMzAxMDE2NTFaFw0yMjA0MzAxMDE2NTFaMBUxEzARBgNVBAMMCjRAdGVzdC5jb20wWTATBgcqhkjOPQIBBggqhkjOPQMBBwNCAAR9ADphQpker5Vlux1TGrY243xUduQc15bIXysV2NxiGJkeD5VM9tRM0LC9OtaczjftmguVO1X6py8Cw58m4CqfMAoGCCqGSM49BAMCA0cAMEQCIHsw/XWk02FcpPISkSvlA7qK2USSlgqOOom9Sg9AUrBUAiB6UZsa+fgTtWznrsteVlekFkQ/GbMN2tUh4ZJjX/PbOQ=="}
03-31 12:45:50.164 24290 24340 D MulticastServer: Broadcast block received {"ip":"192.168.1.90","cert":"MIIBGjCBwqADAgECAgYBf996WTQwCgYIKoZIzj0EAwIwFTETMBEGA1UEAwwKVFRNNDkwNSBDQTAeFw0yMjAzMzAxMDE2NTFaFw0yMjA0MzAxMDE2NTFaMBUxEzARBgNVBAMMCjRAdGVzdC5jb20wWTATBgcqhkjOPQIBBggqhkjOPQMBBwNCAAR9ADphQpker5Vlux1TGrY243xUduQc15bIXysV2NxiGJkeD5VM9tRM0LC9OtaczjftmguVO1X6py8Cw58m4CqfMAoGCCqGSM49BAMCA0cAMEQCIHsw/XWk02FcpPISkSvlA7qK2USSlgqOOom9Sg9AUrBUAiB6UZsa+fgTtWznrsteVlekFkQ/GbMN2tUh4ZJjX/PbOQ=="}
03-31 12:45:50.425 24290 24340 D MulticastServer: Broadcast block received {"ip":"192.168.1.90","cert":"MIIBGjCBwqADAgECAgYBf996WTQwCgYIKoZIzj0EAwIwFTETMBEGA1UEAwwKVFRNNDkwNSBDQTAeFw0yMjAzMzAxMDE2NTFaFw0yMjA0MzAxMDE2NTFaMBUxEzARBgNVBAMMCjRAdGVzdC5jb20wWTATBgcqhkjOPQIBBggqhkjOPQMBBwNCAAR9ADphQpker5Vlux1TGrY243xUduQc15bIXysV2NxiGJkeD5VM9tRM0LC9OtaczjftmguVO1X6py8Cw58m4CqfMAoGCCqGSM49BAMCA0cAMEQCIHsw/XWk02FcpPISkSvlA7qK2USSlgqOOom9Sg9AUrBUAiB6UZsa+fgTtWznrsteVlekFkQ/GbMN2tUh4ZJjX/PbOQ=="}
03-31 12:45:50.426 24290 24345 D MulticastServer: Broadcast block received {"ip":"192.168.1.90","cert":"MIIBGjCBwqADAgECAgYBf996WTQwCgYIKoZIzj0EAwIwFTETMBEGA1UEAwwKVFRNNDkwNSBDQTAeFw0yMjAzMzAxMDE2NTFaFw0yMjA0MzAxMDE2NTFaMBUxEzARBgNVBAMMCjRAdGVzdC5jb20wWTATBgcqhkjOPQIBBggqhkjOPQMBBwNCAAR9ADphQpker5Vlux1TGrY243xUduQc15bIXysV2NxiGJkeD5VM9tRM0LC9OtaczjftmguVO1X6py8Cw58m4CqfMAoGCCqGSM49BAMCA0cAMEQCIHsw/XWk02FcpPISkSvlA7qK2USSlgqOOom9Sg9AUrBUAiB6UZsa+fgTtWznrsteVlekFkQ/GbMN2tUh4ZJjX/PbOQ=="}
03-31 12:45:50.742 24290 24366 D MulticastServer: Broadcast block received {"ip":"192.168.1.90","cert":"MIIBGjCBwqADAgECAgYBf996WTQwCgYIKoZIzj0EAwIwFTETMBEGA1UEAwwKVFRNNDkwNSBDQTAeFw0yMjAzMzAxMDE2NTFaFw0yMjA0MzAxMDE2NTFaMBUxEzARBgNVBAMMCjRAdGVzdC5jb20wWTATBgcqhkjOPQIBBggqhkjOPQMBBwNCAAR9ADphQpker5Vlux1TGrY243xUduQc15bIXysV2NxiGJkeD5VM9tRM0LC9OtaczjftmguVO1X6py8Cw58m4CqfMAoGCCqGSM49BAMCA0cAMEQCIHsw/XWk02FcpPISkSvlA7qK2USSlgqOOom9Sg9AUrBUAiB6UZsa+fgTtWznrsteVlekFkQ/GbMN2tUh4ZJjX/PbOQ=="}
03-31 12:45:50.743 24290 24340 D MulticastServer: Broadcast block received {"ip":"192.168.1.90","cert":"MIIBGjCBwqADAgECAgYBf996WTQwCgYIKoZIzj0EAwIwFTETMBEGA1UEAwwKVFRNNDkwNSBDQTAeFw0yMjAzMzAxMDE2NTFaFw0yMjA0MzAxMDE2NTFaMBUxEzARBgNVBAMMCjRAdGVzdC5jb20wWTATBgcqhkjOPQIBBggqhkjOPQMBBwNCAAR9ADphQpker5Vlux1TGrY243xUduQc15bIXysV2NxiGJkeD5VM9tRM0LC9OtaczjftmguVO1X6py8Cw58m4CqfMAoGCCqGSM49BAMCA0cAMEQCIHsw/XWk02FcpPISkSvlA7qK2USSlgqOOom9Sg9AUrBUAiB6UZsa+fgTtWznrsteVlekFkQ/GbMN2tUh4ZJjX/PbOQ=="}
03-31 12:46:04.146 24290 24345 D MulticastServer: Registration process started with nonce 155771901
03-31 12:46:04.148 24290 24345 D MulticastServer: Received request for ledger with nonce: 155771901.
03-31 12:46:04.157 24290 24345 D RegistrationHandler: 155771901 Received hash from 2@test.com: 7d0ed86cdd27fbef6c0a5af8244c8c914b21e71b9885955826a94534a3cce7a0
03-31 12:46:04.164 24290 24345 D MulticastClient: Sent messages with 3 resends: [{"sender":"{\"ip\":\"192.168.1.126\",\"cert\":\"MIIBGzCBwqADAgECAgYBf994jVgwCgYIKoZIzj0EAwIwFTETMBEGA1UEAwwKVFRNNDkwNSBDQTAeFw0yMjAzMzAxMDE0NTRaFw0yMjA0MzAxMDE0NTRaMBUxEzARBgNVBAMMCjJAdGVzdC5jb20wWTATBgcqhkjOPQIBBggqhkjOPQMBBwNCAASfp8DfpDI4F1LcnhLU9XVqVlPfMKymZ5CCGjJ1fzUl10nP2pVehNZnWeRb8D6HrQrSylv6yjeqJ4LaLL5rYv5DMAoGCCqGSM49BAMCA0gAMEUCIQDKIT1zYbOHoSvwm5UEfwU7wX76J0DjD3DEsyMrIRz2mQIgB0NHKAft76MW8NEEL9Ferq4SmTyDVdc\/57LP58HFs2Q=\"}","payload":"7d0ed86cdd27fbef6c0a5af8244c8c914b21e71b9885955826a94534a3cce7a0","mt":"LEDGER_HASH","sig":"MEUCIC78N3Z4x9iDJ6itipMc9gkoR2ouLzFrNyotq4vdj6v6AiEAqJBcaMNNkc9UW8kCmGrh4kmjqId5OIXttD2NyFiN2D8=","nonce":155771901,"seq":0,"tot":0}]
03-31 12:46:04.265 24290 24340 D RegistrationHandler: Has received 1 of 5 fragments from 6@test.com
03-31 12:46:04.269 24290 24363 D RegistrationHandler: Has received 1 of 4 fragments from 5@test.com
03-31 12:46:04.278 24290 24366 D RegistrationHandler: Has received 2 of 5 from 6@test.com
03-31 12:46:04.279 24290 24363 D RegistrationHandler: Has received 3 of 5 from 6@test.com
03-31 12:46:04.290 24290 24363 D RegistrationHandler: Has received 4 of 5 from 6@test.com
03-31 12:46:04.633 24290 24363 D RegistrationHandler: Has received 4 of 5 fragments from 6@test.com
03-31 12:46:04.675 24290 24363 D RegistrationHandler: Has received 2 of 4 from 5@test.com
03-31 12:46:04.686 24290 24363 D RegistrationHandler: Has received 4 of 5 from 6@test.com
03-31 12:46:04.691 24290 24363 D RegistrationHandler: Has received 4 of 5 from 6@test.com
03-31 12:46:04.695 24290 24363 D RegistrationHandler: Has received 4 of 5 from 6@test.com
03-31 12:46:04.702 24290 24363 D RegistrationHandler: Has received 5 of 5 from 6@test.com
03-31 12:46:04.709 24290 24363 D RegistrationHandler: Received full ledger from 6@test.com with nonce 155771901
03-31 12:46:04.709 24290 24363 D RegistrationHandler: FULL_LEDGER 155771901
03-31 12:46:04.870 24290 24366 D RegistrationHandler: 155771901 Received hash from 4@test.com: 243554bd2cba9bead8d8faeeacc87b2136a5f6f1c7854eead948d770f8250b5d
03-31 12:46:05.002 24290 24363 D RegistrationHandler: Has received 5 of 5 fragments from 6@test.com
03-31 12:46:05.003 24290 24366 D RegistrationHandler: Has received 2 of 4 fragments from 5@test.com
03-31 12:46:05.012 24290 24366 D RegistrationHandler: Has received 3 of 4 from 5@test.com
03-31 12:46:05.014 24290 24363 D RegistrationHandler: Has received 5 of 5 from 6@test.com
03-31 12:46:05.020 24290 24366 D RegistrationHandler: Has received 3 of 4 from 5@test.com
03-31 12:46:05.022 24290 24363 D RegistrationHandler: Received full ledger from 6@test.com with nonce 155771901
03-31 12:46:05.022 24290 24363 D RegistrationHandler: FULL_LEDGER 155771901
03-31 12:46:05.024 24290 24363 D RegistrationHandler: Has received 4 of 4 from 5@test.com
03-31 12:46:05.027 24290 24363 D RegistrationHandler: Received full ledger from 5@test.com with nonce 155771901
03-31 12:46:05.027 24290 24363 D RegistrationHandler: FULL_LEDGER 155771901
03-31 12:46:05.031 24290 24366 D RegistrationHandler: Has received 5 of 5 from 6@test.com
03-31 12:46:05.034 24290 24366 D RegistrationHandler: Received full ledger from 6@test.com with nonce 155771901
03-31 12:46:05.034 24290 24366 D RegistrationHandler: FULL_LEDGER 155771901
03-31 12:46:05.039 24290 24366 D RegistrationHandler: Has received 5 of 5 from 6@test.com
03-31 12:46:05.044 24290 24366 D RegistrationHandler: Received full ledger from 6@test.com with nonce 155771901
03-31 12:46:05.044 24290 24366 D RegistrationHandler: FULL_LEDGER 155771901
03-31 12:46:05.049 24290 24366 D RegistrationHandler: Has received 5 of 5 from 6@test.com
03-31 12:46:05.053 24290 24366 D RegistrationHandler: Received full ledger from 6@test.com with nonce 155771901
03-31 12:46:05.053 24290 24366 D RegistrationHandler: FULL_LEDGER 155771901
03-31 12:46:05.277 24290 24345 D RegistrationHandler: Has received 4 of 4 fragments from 5@test.com
03-31 12:46:05.283 24290 24345 D RegistrationHandler: Received full ledger from 5@test.com with nonce 155771901
03-31 12:46:05.284 24290 24345 D RegistrationHandler: FULL_LEDGER 155771901
03-31 12:46:05.291 24290 24345 D RegistrationHandler: ACCEPTED_LEDGER 155771901 4
03-31 12:46:05.294 24290 24345 D RegistrationHandler: 155771901 The accepted ledger contains: [2@test.com, 4@test.com, 5@test.com, 6@test.com]
03-31 12:46:05.294 24290 24345 D MulticastServer: Registration process finished: 155771901
03-31 12:46:08.146 24290 24363 D MulticastServer: Broadcast block received {"ip":"192.168.1.97","cert":"MIIBGzCBwqADAgECAgYBf994BZcwCgYIKoZIzj0EAwIwFTETMBEGA1UEAwwKVFRNNDkwNSBDQTAeFw0yMjAzMzAxMDE0MTlaFw0yMjA0MzAxMDE0MTlaMBUxEzARBgNVBAMMCjFAdGVzdC5jb20wWTATBgcqhkjOPQIBBggqhkjOPQMBBwNCAARWqe9zQZRD8c/IJTwlqcBP3wxNnfnskSHFN0SfukuFElFHa1WRgMC9pldvLvFQJjmHIsbfcfCnJ/3odCWEsES2MAoGCCqGSM49BAMCA0gAMEUCIQD+uRDurwdItFUVVn2KMsGSnE/Xjlxq7IxcC/elzuS+CgIgGfru1MXmAHBBehcDSGWfWWS85xWG153fQT3F2ASLxs0="}
03-31 12:46:08.454 24290 24363 D MulticastServer: Broadcast block received {"ip":"192.168.1.97","cert":"MIIBGzCBwqADAgECAgYBf994BZcwCgYIKoZIzj0EAwIwFTETMBEGA1UEAwwKVFRNNDkwNSBDQTAeFw0yMjAzMzAxMDE0MTlaFw0yMjA0MzAxMDE0MTlaMBUxEzARBgNVBAMMCjFAdGVzdC5jb20wWTATBgcqhkjOPQIBBggqhkjOPQMBBwNCAARWqe9zQZRD8c/IJTwlqcBP3wxNnfnskSHFN0SfukuFElFHa1WRgMC9pldvLvFQJjmHIsbfcfCnJ/3odCWEsES2MAoGCCqGSM49BAMCA0gAMEUCIQD+uRDurwdItFUVVn2KMsGSnE/Xjlxq7IxcC/elzuS+CgIgGfru1MXmAHBBehcDSGWfWWS85xWG153fQT3F2ASLxs0="}
03-31 12:46:08.760 24290 24363 D MulticastServer: Broadcast block received {"ip":"192.168.1.97","cert":"MIIBGzCBwqADAgECAgYBf994BZcwCgYIKoZIzj0EAwIwFTETMBEGA1UEAwwKVFRNNDkwNSBDQTAeFw0yMjAzMzAxMDE0MTlaFw0yMjA0MzAxMDE0MTlaMBUxEzARBgNVBAMMCjFAdGVzdC5jb20wWTATBgcqhkjOPQIBBggqhkjOPQMBBwNCAARWqe9zQZRD8c/IJTwlqcBP3wxNnfnskSHFN0SfukuFElFHa1WRgMC9pldvLvFQJjmHIsbfcfCnJ/3odCWEsES2MAoGCCqGSM49BAMCA0gAMEUCIQD+uRDurwdItFUVVn2KMsGSnE/Xjlxq7IxcC/elzuS+CgIgGfru1MXmAHBBehcDSGWfWWS85xWG153fQT3F2ASLxs0="}
03-31 12:46:09.061 24290 24363 D MulticastServer: Broadcast block received {"ip":"192.168.1.97","cert":"MIIBGzCBwqADAgECAgYBf994BZcwCgYIKoZIzj0EAwIwFTETMBEGA1UEAwwKVFRNNDkwNSBDQTAeFw0yMjAzMzAxMDE0MTlaFw0yMjA0MzAxMDE0MTlaMBUxEzARBgNVBAMMCjFAdGVzdC5jb20wWTATBgcqhkjOPQIBBggqhkjOPQMBBwNCAARWqe9zQZRD8c/IJTwlqcBP3wxNnfnskSHFN0SfukuFElFHa1WRgMC9pldvLvFQJjmHIsbfcfCnJ/3odCWEsES2MAoGCCqGSM49BAMCA0gAMEUCIQD+uRDurwdItFUVVn2KMsGSnE/Xjlxq7IxcC/elzuS+CgIgGfru1MXmAHBBehcDSGWfWWS85xWG153fQT3F2ASLxs0="}
round 20 of 100
03-31 12:46:58.352 24422 24473 D MulticastServer: MULTICAST_SERVER_LISTENING
