03-31 12:35:41.622 25475 25852 D MulticastServer: Broadcast block received {"ip":"192.168.1.126","cert":"MIIBGzCBwqADAgECAgYBf994jVgwCgYIKoZIzj0EAwIwFTETMBEGA1UEAwwKVFRNNDkwNSBDQTAeFw0yMjAzMzAxMDE0NTRaFw0yMjA0MzAxMDE0NTRaMBUxEzARBgNVBAMMCjJAdGVzdC5jb20wWTATBgcqhkjOPQIBBggqhkjOPQMBBwNCAASfp8DfpDI4F1LcnhLU9XVqVlPfMKymZ5CCGjJ1fzUl10nP2pVehNZnWeRb8D6HrQrSylv6yjeqJ4LaLL5rYv5DMAoGCCqGSM49BAMCA0gAMEUCIQDKIT1zYbOHoSvwm5UEfwU7wX76J0DjD3DEsyMrIRz2mQIgB0NHKAft76MW8NEEL9Ferq4SmTyDVdc/57LP58HFs2Q="}
03-31 12:35:41.666 25475 25842 D MulticastClient: Sent messages with 3 resends: [{"sender":"{\"ip\":\"192.168.1.96\",\"cert\":\"MIIBGzCBwqADAgECAgYBf995t9QwCgYIKoZIzj0EAwIwFTETMBEGA1UEAwwKVFRNNDkwNSBDQTAeFw0yMjAzMzAxMDE2MTBaFw0yMjA0MzAxMDE2MTBaMBUxEzARBgNVBAMMCjNAdGVzdC5jb20wWTATBgcqhkjOPQIBBggqhkjOPQMBBwNCAATY3kLH7Qz4fsUds8uo3PhKft0NLt+5z469gIE3lhucqzAWwwAn06WxsTJLB7jIbr+w\/jyxRPTQe4bioM6AtaLIMAoGCCqGSM49BAMCA0gAMEUCIA0ppl8ei8h1m3prdyupn0WZC6qRuZWM4R6\/rV6AVrcSAiEAwWLG\/rR3rVnUo0t0BriCXqWS+yMclkr+vppWHQ0bfZU=\"}","payload":"{\"ip\":\"192.168.1.126\",\"cert\":\"MIIBGzCBwqADAgECAgYBf994jVgwCgYIKoZIzj0EAwIwFTETMBEGA1UEAwwKVFRNNDkwNSBDQTAeFw0yMjAzMzAxMDE0NTRaFw0yMjA0MzAxMDE0NTRaMBUxEzARBgNVBAMMCjJAdGVzdC5jb20wWTATBgcqhkjOPQIBBggqhkjOPQMBBwNCAASfp8DfpDI4F1LcnhLU9XVqVlPfMKymZ5CCGjJ1fzUl10nP2pVehNZnWeRb8D6HrQrSylv6yjeqJ4LaLL5rYv5DMAoGCCqGSM49BAMCA0gAMEUCIQDKIT1zYbOHoSvwm5UEfwU7wX76J0DjD3DEsyMrIRz2mQIgB0NHKAft76MW8NEEL9Ferq4SmTyDVdc\/57LP58HFs2Q=\"}","mt":"FULL_LEDGER","sig":"MEYCIQD62nfOva6YYijKHiHWgubyzt7d0EWlHuzJTpugZLZZrwIhAP1Nhpnb+MUHBe5osRCWTafUNyYM5D9p7mmDcNUN84sP","nonce":1217447391,"seq":0,"tot":4}, {"sender":"3@test.com","payload":"{\"ip\":\"192.168.1.96\",\"cert\":\"MIIBGzCBwqADAgECAgYBf995t9QwCgYIKoZIzj0EAwIwFTETMBEGA1UEAwwKVFRNNDkwNSBDQTAeFw0yMjAzMzAxMDE2MTBaFw0yMjA0MzAxMDE2MTBaMBUxEzARBgNVBAMMCjNAdGVzdC5jb20wWTATBgcqhkjOPQIBBggqhkjOPQMBBwNCAATY3kLH7Qz4fsUds8uo3PhKft0NLt+5z469gIE3lhucqzAWwwAn06WxsTJLB7jIbr+w\/jyxRPTQe4bioM6AtaLIMAoGCCqGSM49BAMCA0gAMEUCIA0ppl8ei8h1m3prdyupn0WZC6qRuZWM4R6\/rV6AVrcSAiEAwWLG\/rR3rVnUo0t0BriCXqWS+yMclkr+vppWHQ0bfZU=\"}","mt":"FULL_LEDGER","sig":"MEYCIQDT43CSg1Dr3arwn9XYsIFLcgYDqw5PHS4s6Y5u3\/bETwIhAKSAY7kcmYelIfdfT9sSKrqBOofCFBY8MbL\/w9NGTz5u","nonce":1217447391,"seq":1,"tot":4}, {"sender":"3@test.com","payload":"{\"ip\":\"192.168.1.96\",\"cert\":\"MIIBGzCBwqADAgECAgYBf995t9QwCgYIKoZIzj0EAwIwFTETMBEGA1UEAwwKVFRNNDkwNSBDQTAeFw0yMjAzMzAxMDE2MTBaFw0yMjA0MzAxMDE2MTBaMBUxEzARBgNVBAMMCjNAdGVzdC5jb20wWTATBgcqhkjOPQIBBggqhkjOPQMBBwNCAATY3kLH7Qz4fsUds8uo3PhKft0NLt+5z469gIE3lhucqzAWwwAn06WxsTJLB7jIbr+w\/jyxRPTQe4bioM6AtaLIMAoGCCqGSM49BAMCA0gAMEUCIA0ppl8ei8h1m3prdyupn0WZC6qRuZWM4R6\/rV6AVrcSAiEAwWLG\/rR3rVnUo0t0BriCXqWS+yMclkr+vppWHQ0bfZU=\"}","mt":"FULL_LEDGER","sig":"MEQCIGKFQ0CuyNmY3xTD9ZuCWxh+8OsGHSr30t2WPiXUGlzeAiA4SNACZHNr0\/FWmmu9MM8Z4TfdA0giac\/Me68lMZViJw==","nonce":1217447391,"seq":2,"tot":4}, {"sender":"3@test.com","payload":"{\"ip\":\"192.168.1.150\",\"cert\":\"MIIBGzCBwqADAgECAgYBf997PJswCgYIKoZIzj0EAwIwFTETMBEGA1UEAwwKVFRNNDkwNSBDQTAeFw0yMjAzMzAxMDE3NDlaFw0yMjA0MzAxMDE3NDlaMBUxEzARBgNVBAMMCjVAdGVzdC5jb20wWTATBgcqhkjOPQIBBggqhkjOPQMBBwNCAAROvaNvOT4AGhhvTyHMfAI8rekQ9vgXT\/ZoCCprPu+nFMq3WXi5HPwWCjCdSA87NPTTVsGcASY84ds1ium9WW3eMAoGCCqGSM49BAMCA0gAMEUCIC4adZSGhLmS+R39IKtPGA2OJL5\/TL7qKX\/g6XEubekJAiEA+M64QXk1QULCk75WGnKhA87gmCmk1KN6B5aCHoZ0YC0=\"}","mt":"FULL_LEDGER","sig":"MEYCIQCSlu455oOf\/\/TDQjvb6Eo3xRxGRWfk0kn0bGpvfETNPwIhAKEnSFyhZC+WZ3UhA2B19wIZj++h9+RMlRblvf2JcUcp","nonce":1217447391,"seq":3,"tot":4}, {"sender":"3@test.com","payload":"{\"ip\":\"192.168.1.102\",\"cert\":\"MIIBGzCBwqADAgECAgYBf9976i8wCgYIKoZIzj0EAwIwFTETMBEGA1UEAwwKVFRNNDkwNSBDQTAeFw0yMjAzMzAxMDE4MzRaFw0yMjA0MzAxMDE4MzRaMBUxEzARBgNVBAMMCjZAdGVzdC5jb20wWTATBgcqhkjOPQIBBggqhkjOPQMBBwNCAARtWdNCXnVnpPPX5doEISLnqfb81rMAJkcGJbabiyyk5lOQ89V2rqGWw\/OJOG\/jqCLdqyP0HBb2vJ\/tp98MlEJwMAoGCCqGSM49BAMCA0gAMEUCICkaq7C6XPoAuLVoDBYR\/X2z6vun5ZbG9UATMeja3udtAiEArla1kz\/G1LtvKms+fm27pzRbtV7RjriFmFQMDxzHyqM=\"}","mt":"FULL_LEDGER","sig":"MEQCIGBrO5sGsW56zQZRzUZexJ68eYliU6kjpETCksGEVii4AiB5\/mTmQtdP9\/a4zXbuhkHiHN8vc2qWicSwtBP113QXKw==","nonce":1217447391,"seq":4,"tot":4}]
03-31 12:35:42.237 25475 25852 D MulticastServer: Received request for 3@test.com to send ledger with hash ba90f7c8a1339859f6b59030dd8fa7d1e6510db5f84ac8a1cfb7e3b684d6babe
03-31 12:35:42.557 25475 25836 D MulticastServer: Broadcast block received {"ip":"192.168.1.126","cert":"MIIBGzCBwqADAgECAgYBf994jVgwCgYIKoZIzj0EAwIwFTETMBEGA1UEAwwKVFRNNDkwNSBDQTAeFw0yMjAzMzAxMDE0NTRaFw0yMjA0MzAxMDE0NTRaMBUxEzARBgNVBAMMCjJAdGVzdC5jb20wWTATBgcqhkjOPQIBBggqhkjOPQMBBwNCAASfp8DfpDI4F1LcnhLU9XVqVlPfMKymZ5CCGjJ1fzUl10nP2pVehNZnWeRb8D6HrQrSylv6yjeqJ4LaLL5rYv5DMAoGCCqGSM49BAMCA0gAMEUCIQDKIT1zYbOHoSvwm5UEfwU7wX76J0DjD3DEsyMrIRz2mQIgB0NHKAft76MW8NEEL9Ferq4SmTyDVdc/57LP58HFs2Q="}
03-31 12:35:52.887 25475 25842 D MulticastServer: Registration process started with nonce 931834031
03-31 12:35:52.892 25475 25842 D MulticastServer: Received request for ledger with nonce: 931834031.
03-31 12:35:52.944 25475 25836 D RegistrationHandler: 931834031 Received hash from 3@test.com: 892e3566cac056c7446618b4b1a500666277939ee3bc7baf3e9f1832f47f06af
03-31 12:35:52.964 25475 25836 D MulticastClient: Sent messages with 3 resends: [{"sender":"{\"ip\":\"192.168.1.96\",\"cert\":\"MIIBGzCBwqADAgECAgYBf995t9QwCgYIKoZIzj0EAwIwFTETMBEGA1UEAwwKVFRNNDkwNSBDQTAeFw0yMjAzMzAxMDE2MTBaFw0yMjA0MzAxMDE2MTBaMBUxEzARBgNVBAMMCjNAdGVzdC5jb20wWTATBgcqhkjOPQIBBggqhkjOPQMBBwNCAATY3kLH7Qz4fsUds8uo3PhKft0NLt+5z469gIE3lhucqzAWwwAn06WxsTJLB7jIbr+w\/jyxRPTQe4bioM6AtaLIMAoGCCqGSM49BAMCA0gAMEUCIA0ppl8ei8h1m3prdyupn0WZC6qRuZWM4R6\/rV6AVrcSAiEAwWLG\/rR3rVnUo0t0BriCXqWS+yMclkr+vppWHQ0bfZU=\"}","payload":"892e3566cac056c7446618b4b1a500666277939ee3bc7baf3e9f1832f47f06af","mt":"LEDGER_HASH","sig":"MEUCIQDRm6V75W23M0SdudUFp8bcXSpQMPFI5CbAfCSsgDt1VAIgIINOSb9dnDQoee54etMI5zdkIfVG4oxrcAW45K2a07g=","nonce":931834031,"seq":0,"tot":0}]
03-31 12:35:52.979 25475 25854 D RegistrationHandler: Has received 1 of 4 fragments from 6@test.com
03-31 12:35:53.087 25475 25854 D RegistrationHandler: Has received 2 of 4 from 6@test.com
03-31 12:35:53.111 25475 25854 D RegistrationHandler: Has received 3 of 4 from 6@test.com
03-31 12:35:53.122 25475 25854 D RegistrationHandler: Has received 4 of 4 from 6@test.com
03-31 12:35:53.147 25475 25854 D RegistrationHandler: Received full ledger from 6@test.com with nonce 931834031
03-31 12:35:53.147 25475 25854 D RegistrationHandler: FULL_LEDGER 931834031
03-31 12:35:53.154 25475 25842 D RegistrationHandler: 931834031 Received hash from 2@test.com: f835c5ca0c47878ea990e2267afaa94dfcd7989b8df91afd355a2946088d400b
03-31 12:35:56.558 25475 25842 D MulticastServer: Received request for 2@test.com to send ledger with hash f835c5ca0c47878ea990e2267afaa94dfcd7989b8df91afd355a2946088d400b
03-31 12:35:56.926 25475 25898 D RegistrationHandler: ACCEPTED_LEDGER 931834031 4
03-31 12:35:56.933 25475 25898 D RegistrationHandler: 931834031 The accepted ledger contains: [2@test.com, 3@test.com, 5@test.com, 6@test.com]
03-31 12:35:56.933 25475 25898 D MulticastServer: Registration process finished: 931834031
03-31 12:35:56.966 25475 25842 D MulticastServer: Received request for 2@test.com to send ledger with hash f835c5ca0c47878ea990e2267afaa94dfcd7989b8df91afd355a2946088d400b
03-31 12:35:57.087 25475 25842 D MulticastServer: Received request for 2@test.com to send ledger with hash f835c5ca0c47878ea990e2267afaa94dfcd7989b8df91afd355a2946088d400b
03-31 12:35:57.396 25475 25842 D MulticastServer: Received request for 2@test.com to send ledger with hash f835c5ca0c47878ea990e2267afaa94dfcd7989b8df91afd355a2946088d400b
03-31 12:35:57.738 25475 25852 D MulticastServer: Received request for 2@test.com to send ledger with hash f835c5ca0c47878ea990e2267afaa94dfcd7989b8df91afd355a2946088d400b
03-31 12:35:58.017 25475 25852 D MulticastServer: Received request for 2@test.com to send ledger with hash f835c5ca0c47878ea990e2267afaa94dfcd7989b8df91afd355a2946088d400b
03-31 12:35:58.029 25475 25852 D MulticastServer: Broadcast block received {"ip":"192.168.1.90","cert":"MIIBGjCBwqADAgECAgYBf996WTQwCgYIKoZIzj0EAwIwFTETMBEGA1UEAwwKVFRNNDkwNSBDQTAeFw0yMjAzMzAxMDE2NTFaFw0yMjA0MzAxMDE2NTFaMBUxEzARBgNVBAMMCjRAdGVzdC5jb20wWTATBgcqhkjOPQIBBggqhkjOPQMBBwNCAAR9ADphQpker5Vlux1TGrY243xUduQc15bIXysV2NxiGJkeD5VM9tRM0LC9OtaczjftmguVO1X6py8Cw58m4CqfMAoGCCqGSM49BAMCA0cAMEQCIHsw/XWk02FcpPISkSvlA7qK2USSlgqOOom9Sg9AUrBUAiB6UZsa+fgTtWznrsteVlekFkQ/GbMN2tUh4ZJjX/PbOQ=="}
03-31 12:36:07.822 25475 25852 D MulticastServer: Registration process started with nonce 1086301803
03-31 12:36:07.833 25475 25852 D MulticastServer: Received request for ledger with nonce: 1086301803.
03-31 12:36:07.883 25475 25852 D RegistrationHandler: 1086301803 Received hash from 3@test.com: 407f6102777c0588ce77c5d2eb2a91987ab579ef12a058f64323250977a99731
03-31 12:36:07.897 25475 25852 D MulticastClient: Sent messages with 3 resends: [{"sender":"{\"ip\":\"192.168.1.96\",\"cert\":\"MIIBGzCBwqADAgECAgYBf995t9QwCgYIKoZIzj0EAwIwFTETMBEGA1UEAwwKVFRNNDkwNSBDQTAeFw0yMjAzMzAxMDE2MTBaFw0yMjA0MzAxMDE2MTBaMBUxEzARBgNVBAMMCjNAdGVzdC5jb20wWTATBgcqhkjOPQIBBggqhkjOPQMBBwNCAATY3kLH7Qz4fsUds8uo3PhKft0NLt+5z469gIE3lhucqzAWwwAn06WxsTJLB7jIbr+w\/jyxRPTQe4bioM6AtaLIMAoGCCqGSM49BAMCA0gAMEUCIA0ppl8ei8h1m3prdyupn0WZC6qRuZWM4R6\/rV6AVrcSAiEAwWLG\/rR3rVnUo0t0BriCXqWS+yMclkr+vppWHQ0bfZU=\"}","payload":"407f6102777c0588ce77c5d2eb2a91987ab579ef12a058f64323250977a99731","mt":"LEDGER_HASH","sig":"MEQCIDZfm1rlvPHfgGn6dKPKw1oinA42dJ2JlFmrtQuFQ+k\/AiAJGgNnm3CioBf0dbg0o2lEniORabc3SOfwIroniKF2LQ==","nonce":1086301803,"seq":0,"tot":0}]
03-31 12:36:07.928 25475 25836 D RegistrationHandler: 1086301803 Received hash from 2@test.com: 426b24282b49eccdfc717fe9a809b5b9f62ff656dba03539479b139f75cf3837
03-31 12:36:07.937 25475 25842 D RegistrationHandler: 1086301803 Received hash from 4@test.com: 426b24282b49eccdfc717fe9a809b5b9f62ff656dba03539479b139f75cf3837
03-31 12:36:07.950 25475 25842 D RegistrationHandler: Has received 1 of 5 fragments from 6@test.com
03-31 12:36:07.956 25475 25842 D RegistrationHandler: Has received 2 of 5 from 6@test.com
03-31 12:36:08.348 25475 25836 D RegistrationHandler: Has received 2 of 5 fragments from 6@test.com
03-31 12:36:08.352 25475 25842 D RegistrationHandler: Has received 2 of 5 from 6@test.com
03-31 12:36:08.358 25475 25836 D RegistrationHandler: Has received 3 of 5 from 6@test.com
03-31 12:36:08.672 25475 25836 D RegistrationHandler: Has received 3 of 5 from 6@test.com
03-31 12:36:08.673 25475 25842 D RegistrationHandler: Has received 3 of 5 fragments from 6@test.com
03-31 12:36:08.675 25475 25851 D RegistrationHandler: Has received 3 of 5 from 6@test.com
03-31 12:36:08.676 25475 25854 D RegistrationHandler: Has received 4 of 5 from 6@test.com
03-31 12:36:11.824 25475 25854 D MulticastServer: Broadcast block received {"ip":"192.168.1.97","cert":"MIIBGzCBwqADAgECAgYBf994BZcwCgYIKoZIzj0EAwIwFTETMBEGA1UEAwwKVFRNNDkwNSBDQTAeFw0yMjAzMzAxMDE0MTlaFw0yMjA0MzAxMDE0MTlaMBUxEzARBgNVBAMMCjFAdGVzdC5jb20wWTATBgcqhkjOPQIBBggqhkjOPQMBBwNCAARWqe9zQZRD8c/IJTwlqcBP3wxNnfnskSHFN0SfukuFElFHa1WRgMC9pldvLvFQJjmHIsbfcfCnJ/3odCWEsES2MAoGCCqGSM49BAMCA0gAMEUCIQD+uRDurwdItFUVVn2KMsGSnE/Xjlxq7IxcC/elzuS+CgIgGfru1MXmAHBBehcDSGWfWWS85xWG153fQT3F2ASLxs0="}
03-31 12:36:12.130 25475 25854 D MulticastServer: Broadcast block received {"ip":"192.168.1.97","cert":"MIIBGzCBwqADAgECAgYBf994BZcwCgYIKoZIzj0EAwIwFTETMBEGA1UEAwwKVFRNNDkwNSBDQTAeFw0yMjAzMzAxMDE0MTlaFw0yMjA0MzAxMDE0MTlaMBUxEzARBgNVBAMMCjFAdGVzdC5jb20wWTATBgcqhkjOPQIBBggqhkjOPQMBBwNCAARWqe9zQZRD8c/IJTwlqcBP3wxNnfnskSHFN0SfukuFElFHa1WRgMC9pldvLvFQJjmHIsbfcfCnJ/3odCWEsES2MAoGCCqGSM49BAMCA0gAMEUCIQD+uRDurwdItFUVVn2KMsGSnE/Xjlxq7IxcC/elzuS+CgIgGfru1MXmAHBBehcDSGWfWWS85xWG153fQT3F2ASLxs0="}
03-31 12:36:12.743 25475 25854 D MulticastServer: Broadcast block received {"ip":"192.168.1.97","cert":"MIIBGzCBwqADAgECAgYBf994BZcwCgYIKoZIzj0EAwIwFTETMBEGA1UEAwwKVFRNNDkwNSBDQTAeFw0yMjAzMzAxMDE0MTlaFw0yMjA0MzAxMDE0MTlaMBUxEzARBgNVBAMMCjFAdGVzdC5jb20wWTATBgcqhkjOPQIBBggqhkjOPQMBBwNCAARWqe9zQZRD8c/IJTwlqcBP3wxNnfnskSHFN0SfukuFElFHa1WRgMC9pldvLvFQJjmHIsbfcfCnJ/3odCWEsES2MAoGCCqGSM49BAMCA0gAMEUCIQD+uRDurwdItFUVVn2KMsGSnE/Xjlxq7IxcC/elzuS+CgIgGfru1MXmAHBBehcDSGWfWWS85xWG153fQT3F2ASLxs0="}
03-31 12:36:12.749 25475 25918 D RegistrationHandler: 1086301803 Accepted hash from 4@test.com: 426b24282b49eccdfc717fe9a809b5b9f62ff656dba03539479b139f75cf3837
03-31 12:36:12.755 25475 25852 D MulticastClient: Sent messages with 3 resends: [{"sender":"","payload":"4@test.com:426b24282b49eccdfc717fe9a809b5b9f62ff656dba03539479b139f75cf3837","mt":"REQUEST_SPECIFIC_LEDGER","sig":"","nonce":1086301803,"seq":0,"tot":0}]
03-31 12:36:12.757 25475 25854 D MulticastServer: Received request for 4@test.com to send ledger with hash 426b24282b49eccdfc717fe9a809b5b9f62ff656dba03539479b139f75cf3837
03-31 12:36:13.067 25475 25854 D MulticastServer: Received request for 4@test.com to send ledger with hash 426b24282b49eccdfc717fe9a809b5b9f62ff656dba03539479b139f75cf3837
03-31 12:36:13.250 25475 25918 D RegistrationHandler: 1086301803 Accepted hash from 4@test.com: 426b24282b49eccdfc717fe9a809b5b9f62ff656dba03539479b139f75cf3837
03-31 12:36:13.253 25475 25854 D MulticastClient: Sent messages with 3 resends: [{"sender":"","payload":"4@test.com:426b24282b49eccdfc717fe9a809b5b9f62ff656dba03539479b139f75cf3837","mt":"REQUEST_SPECIFIC_LEDGER","sig":"","nonce":1086301803,"seq":0,"tot":0}]
03-31 12:36:13.258 25475 25851 D MulticastServer: Received request for 4@test.com to send ledger with hash 426b24282b49eccdfc717fe9a809b5b9f62ff656dba03539479b139f75cf3837
03-31 12:36:13.376 25475 25851 D MulticastServer: Received request for 4@test.com to send ledger with hash 426b24282b49eccdfc717fe9a809b5b9f62ff656dba03539479b139f75cf3837
03-31 12:36:13.567 25475 25851 D MulticastServer: Received request for 4@test.com to send ledger with hash 426b24282b49eccdfc717fe9a809b5b9f62ff656dba03539479b139f75cf3837
03-31 12:36:13.683 25475 25851 D MulticastServer: Received request for 4@test.com to send ledger with hash 426b24282b49eccdfc717fe9a809b5b9f62ff656dba03539479b139f75cf3837
03-31 12:36:13.749 25475 25918 D RegistrationHandler: 1086301803 Accepted hash from 2@test.com: 426b24282b49eccdfc717fe9a809b5b9f62ff656dba03539479b139f75cf3837
03-31 12:36:13.753 25475 25852 D MulticastClient: Sent messages with 3 resends: [{"sender":"","payload":"2@test.com:426b24282b49eccdfc717fe9a809b5b9f62ff656dba03539479b139f75cf3837","mt":"REQUEST_SPECIFIC_LEDGER","sig":"","nonce":1086301803,"seq":0,"tot":0}]
03-31 12:36:13.758 25475 25851 D MulticastServer: Received request for 2@test.com to send ledger with hash 426b24282b49eccdfc717fe9a809b5b9f62ff656dba03539479b139f75cf3837
03-31 12:36:13.875 25475 25851 D MulticastServer: Received request for 4@test.com to send ledger with hash 426b24282b49eccdfc717fe9a809b5b9f62ff656dba03539479b139f75cf3837
03-31 12:36:14.069 25475 25851 D MulticastServer: Received request for 2@test.com to send ledger with hash 426b24282b49eccdfc717fe9a809b5b9f62ff656dba03539479b139f75cf3837
03-31 12:36:14.183 25475 25851 D MulticastServer: Received request for 4@test.com to send ledger with hash 426b24282b49eccdfc717fe9a809b5b9f62ff656dba03539479b139f75cf3837
03-31 12:36:14.249 25475 25918 D MulticastServer: Registration process finished: 1086301803
03-31 12:36:14.377 25475 25854 D MulticastServer: Received request for 2@test.com to send ledger with hash 426b24282b49eccdfc717fe9a809b5b9f62ff656dba03539479b139f75cf3837
03-31 12:36:14.684 25475 25854 D MulticastServer: Received request for 2@test.com to send ledger with hash 426b24282b49eccdfc717fe9a809b5b9f62ff656dba03539479b139f75cf3837
round 13 of 100
03-31 12:36:48.588 25666 26025 D MulticastServer: MULTICAST_SERVER_LISTENING
03-31 12:36:48.592 25666 26027 D MulticastServer: Registration process started with nonce 577787100
03-31 12:36:48.599 25666 26026 D MulticastClient: REQUEST_LEDGER 577787100
03-31 12:36:48.602 25666 26026 D MulticastClient: Sent messages with 3 resends: [{"sender":"","payload":"","mt":"REQUEST_LEDGER","sig":"","nonce":577787100,"seq":0,"tot":0}]
03-31 12:36:48.800 25666 26032 D RegistrationHandler: Has received 1 of 2 fragments from 6@test.com
03-31 12:36:48.813 25666 26032 D RegistrationHandler: Received full ledger from 6@test.com with nonce 577787100
03-31 12:36:48.813 25666 26032 D RegistrationHandler: FULL_LEDGER 577787100
03-31 12:36:49.515 25666 26040 D RegistrationHandler: Has received 1 of 2 fragments from 6@test.com
03-31 12:36:49.525 25666 26040 D RegistrationHandler: Received full ledger from 6@test.com with nonce 577787100
03-31 12:36:49.525 25666 26040 D RegistrationHandler: FULL_LEDGER 577787100
03-31 12:36:52.607 25666 26028 D RegistrationHandler: ACCEPTED_LEDGER 577787100 2
03-31 12:36:52.614 25666 26028 D RegistrationHandler: 577787100 The accepted ledger contains: [5@test.com, 6@test.com]
03-31 12:36:52.614 25666 26028 D RegistrationHandler: 577787100 Registration started
03-31 12:36:52.642 25666 26028 D MulticastServer: Registration process finished: 577787100
03-31 12:36:52.649 25666 26040 D MulticastClient: Sent messages with 3 resends: [{"sender":"3@test.com","payload":"{\"ip\":\"192.168.1.96\",\"cert\":\"MIIBGzCBwqADAgECAgYBf995t9QwCgYIKoZIzj0EAwIwFTETMBEGA1UEAwwKVFRNNDkwNSBDQTAeFw0yMjAzMzAxMDE2MTBaFw0yMjA0MzAxMDE2MTBaMBUxEzARBgNVBAMMCjNAdGVzdC5jb20wWTATBgcqhkjOPQIBBggqhkjOPQMBBwNCAATY3kLH7Qz4fsUds8uo3PhKft0NLt+5z469gIE3lhucqzAWwwAn06WxsTJLB7jIbr+w\/jyxRPTQe4bioM6AtaLIMAoGCCqGSM49BAMCA0gAMEUCIA0ppl8ei8h1m3prdyupn0WZC6qRuZWM4R6\/rV6AVrcSAiEAwWLG\/rR3rVnUo0t0BriCXqWS+yMclkr+vppWHQ0bfZU=\"}","mt":"BROADCAST_BLOCK","sig":"MEYCIQCudxk8dZ6vBAeoX4pUgAW\/m5r\/b2p9OhhkBLJQsub4mQIhAKC0yi\/hMg7Cyv4WkWTeOKzfnoChVCOmvyrFI08tVc5z","nonce":577787100,"seq":0,"tot":0}]
03-31 12:37:02.915 25666 26026 D MulticastServer: Registration process started with nonce 1177282333
03-31 12:37:02.920 25666 26026 D MulticastServer: Received request for ledger with nonce: 1177282333.
03-31 12:37:02.967 25666 26040 D RegistrationHandler: 1177282333 Received hash from 3@test.com: 134e2587af527ac5d4ef2d11b6962451dd1e9873c4ff54582a8fa7af1f655cc2
03-31 12:37:02.993 25666 26040 D MulticastClient: Sent messages with 3 resends: [{"sender":"{\"ip\":\"192.168.1.96\",\"cert\":\"MIIBGzCBwqADAgECAgYBf995t9QwCgYIKoZIzj0EAwIwFTETMBEGA1UEAwwKVFRNNDkwNSBDQTAeFw0yMjAzMzAxMDE2MTBaFw0yMjA0MzAxMDE2MTBaMBUxEzARBgNVBAMMCjNAdGVzdC5jb20wWTATBgcqhkjOPQIBBggqhkjOPQMBBwNCAATY3kLH7Qz4fsUds8uo3PhKft0NLt+5z469gIE3lhucqzAWwwAn06WxsTJLB7jIbr+w\/jyxRPTQe4bioM6AtaLIMAoGCCqGSM49BAMCA0gAMEUCIA0ppl8ei8h1m3prdyupn0WZC6qRuZWM4R6\/rV6AVrcSAiEAwWLG\/rR3rVnUo0t0BriCXqWS+yMclkr+vppWHQ0bfZU=\"}","payload":"134e2587af527ac5d4ef2d11b6962451dd1e9873c4ff54582a8fa7af1f655cc2","mt":"LEDGER_HASH","sig":"MEUCIQDkkmeUYMSZta03HzkOW2QYYw3jTDUc3sgJ0hcfpWYNAQIgAKRcB0MBD2XpZK7w6MxHODpTAM910SEhhQr\/eYZ9TR8=","nonce":1177282333,"seq":0,"tot":0}]
03-31 12:37:03.027 25666 26026 D RegistrationHandler: Has received 1 of 3 fragments from 5@test.com
03-31 12:37:03.034 25666 26026 D RegistrationHandler: Has received 2 of 3 from 5@test.com
03-31 12:37:03.129 25666 26026 D RegistrationHandler: Has received 3 of 3 from 5@test.com
03-31 12:37:03.155 25666 26026 D RegistrationHandler: Received full ledger from 5@test.com with nonce 1177282333
03-31 12:37:03.155 25666 26026 D RegistrationHandler: FULL_LEDGER 1177282333
03-31 12:37:03.331 25666 26026 D RegistrationHandler: Has received 1 of 3 fragments from 6@test.com
03-31 12:37:03.338 25666 26026 D RegistrationHandler: Has received 2 of 3 from 6@test.com
03-31 12:37:03.350 25666 26026 D RegistrationHandler: Has received 3 of 3 from 6@test.com
03-31 12:37:03.363 25666 26026 D RegistrationHandler: Received full ledger from 6@test.com with nonce 1177282333
03-31 12:37:03.363 25666 26026 D RegistrationHandler: FULL_LEDGER 1177282333
03-31 12:37:03.381 25666 26026 D RegistrationHandler: ACCEPTED_LEDGER 1177282333 3
03-31 12:37:03.385 25666 26026 D RegistrationHandler: 1177282333 The accepted ledger contains: [3@test.com, 5@test.com, 6@test.com]
03-31 12:37:03.385 25666 26026 D MulticastServer: Registration process finished: 1177282333
03-31 12:37:03.846 25666 26026 D MulticastServer: Broadcast block received {"ip":"192.168.1.126","cert":"MIIBGzCBwqADAgECAgYBf994jVgwCgYIKoZIzj0EAwIwFTETMBEGA1UEAwwKVFRNNDkwNSBDQTAeFw0yMjAzMzAxMDE0NTRaFw0yMjA0MzAxMDE0NTRaMBUxEzARBgNVBAMMCjJAdGVzdC5jb20wWTATBgcqhkjOPQIBBggqhkjOPQMBBwNCAASfp8DfpDI4F1LcnhLU9XVqVlPfMKymZ5CCGjJ1fzUl10nP2pVehNZnWeRb8D6HrQrSylv6yjeqJ4LaLL5rYv5DMAoGCCqGSM49BAMCA0gAMEUCIQDKIT1zYbOHoSvwm5UEfwU7wX76J0DjD3DEsyMrIRz2mQIgB0NHKAft76MW8NEEL9Ferq4SmTyDVdc/57LP58HFs2Q="}
03-31 12:37:04.149 25666 26040 D MulticastServer: Broadcast block received {"ip":"192.168.1.126","cert":"MIIBGzCBwqADAgECAgYBf994jVgwCgYIKoZIzj0EAwIwFTETMBEGA1UEAwwKVFRNNDkwNSBDQTAeFw0yMjAzMzAxMDE0NTRaFw0yMjA0MzAxMDE0NTRaMBUxEzARBgNVBAMMCjJAdGVzdC5jb20wWTATBgcqhkjOPQIBBggqhkjOPQMBBwNCAASfp8DfpDI4F1LcnhLU9XVqVlPfMKymZ5CCGjJ1fzUl10nP2pVehNZnWeRb8D6HrQrSylv6yjeqJ4LaLL5rYv5DMAoGCCqGSM49BAMCA0gAMEUCIQDKIT1zYbOHoSvwm5UEfwU7wX76J0DjD3DEsyMrIRz2mQIgB0NHKAft76MW8NEEL9Ferq4SmTyDVdc/57LP58HFs2Q="}
03-31 12:37:18.171 25666 26040 D MulticastServer: Registration process started with nonce 1327453104
03-31 12:37:18.176 25666 26040 D MulticastServer: Received request for ledger with nonce: 1327453104.
03-31 12:37:18.220 25666 26026 D RegistrationHandler: 1327453104 Received hash from 3@test.com: f835c5ca0c47878ea990e2267afaa94dfcd7989b8df91afd355a2946088d400b
03-31 12:37:18.245 25666 26026 D MulticastClient: Sent messages with 3 resends: [{"sender":"{\"ip\":\"192.168.1.96\",\"cert\":\"MIIBGzCBwqADAgECAgYBf995t9QwCgYIKoZIzj0EAwIwFTETMBEGA1UEAwwKVFRNNDkwNSBDQTAeFw0yMjAzMzAxMDE2MTBaFw0yMjA0MzAxMDE2MTBaMBUxEzARBgNVBAMMCjNAdGVzdC5jb20wWTATBgcqhkjOPQIBBggqhkjOPQMBBwNCAATY3kLH7Qz4fsUds8uo3PhKft0NLt+5z469gIE3lhucqzAWwwAn06WxsTJLB7jIbr+w\/jyxRPTQe4bioM6AtaLIMAoGCCqGSM49BAMCA0gAMEUCIA0ppl8ei8h1m3prdyupn0WZC6qRuZWM4R6\/rV6AVrcSAiEAwWLG\/rR3rVnUo0t0BriCXqWS+yMclkr+vppWHQ0bfZU=\"}","payload":"f835c5ca0c47878ea990e2267afaa94dfcd7989b8df91afd355a2946088d400b","mt":"LEDGER_HASH","sig":"MEUCIDkPNLE+r6EZQTl+1fmIccNM968mxsn1+Xv0ojJoPVvsAiEAvB\/LJYwPnfE\/nRdHBp5VX6VcSISI+Nz2DuxV+IpLATY=","nonce":1327453104,"seq":0,"tot":0}]
03-31 12:37:18.318 25666 26041 D RegistrationHandler: Has received 1 of 4 fragments from 5@test.com
03-31 12:37:18.323 25666 26041 D RegistrationHandler: Has received 2 of 4 from 5@test.com
03-31 12:37:18.329 25666 26041 D RegistrationHandler: Has received 3 of 4 from 5@test.com
03-31 12:37:18.336 25666 26041 D RegistrationHandler: Has received 4 of 4 from 5@test.com
03-31 12:37:18.345 25666 26042 D RegistrationHandler: Has received 1 of 4 fragments from 6@test.com
03-31 12:37:18.350 25666 26041 D RegistrationHandler: Received full ledger from 5@test.com with nonce 1327453104
03-31 12:37:18.350 25666 26041 D RegistrationHandler: FULL_LEDGER 1327453104
03-31 12:37:18.360 25666 26042 D RegistrationHandler: Has received 2 of 4 from 6@test.com
03-31 12:37:18.365 25666 26040 D RegistrationHandler: Has received 3 of 4 from 6@test.com
03-31 12:37:18.417 25666 26040 D RegistrationHandler: Has received 4 of 4 from 6@test.com
03-31 12:37:18.440 25666 26040 D RegistrationHandler: Received full ledger from 6@test.com with nonce 1327453104
03-31 12:37:18.440 25666 26040 D RegistrationHandler: FULL_LEDGER 1327453104
03-31 12:37:18.464 25666 26040 D RegistrationHandler: ACCEPTED_LEDGER 1327453104 4
03-31 12:37:18.470 25666 26040 D RegistrationHandler: 1327453104 The accepted ledger contains: [2@test.com, 3@test.com, 5@test.com, 6@test.com]
03-31 12:37:18.470 25666 26040 D MulticastServer: Registration process finished: 1327453104
03-31 12:37:18.899 25666 26040 D MulticastServer: Broadcast block received {"ip":"192.168.1.90","cert":"MIIBGjCBwqADAgECAgYBf996WTQwCgYIKoZIzj0EAwIwFTETMBEGA1UEAwwKVFRNNDkwNSBDQTAeFw0yMjAzMzAxMDE2NTFaFw0yMjA0MzAxMDE2NTFaMBUxEzARBgNVBAMMCjRAdGVzdC5jb20wWTATBgcqhkjOPQIBBggqhkjOPQMBBwNCAAR9ADphQpker5Vlux1TGrY243xUduQc15bIXysV2NxiGJkeD5VM9tRM0LC9OtaczjftmguVO1X6py8Cw58m4CqfMAoGCCqGSM49BAMCA0cAMEQCIHsw/XWk02FcpPISkSvlA7qK2USSlgqOOom9Sg9AUrBUAiB6UZsa+fgTtWznrsteVlekFkQ/GbMN2tUh4ZJjX/PbOQ=="}
03-31 12:37:33.430 25666 26026 D MulticastServer: Registration process started with nonce 653552133
03-31 12:37:33.435 25666 26026 D MulticastServer: Received request for ledger with nonce: 653552133.
03-31 12:37:33.482 25666 26041 D RegistrationHandler: 653552133 Received hash from 3@test.com: 426b24282b49eccdfc717fe9a809b5b9f62ff656dba03539479b139f75cf3837
03-31 12:37:33.511 25666 26041 D MulticastClient: Sent messages with 3 resends: [{"sender":"{\"ip\":\"192.168.1.96\",\"cert\":\"MIIBGzCBwqADAgECAgYBf995t9QwCgYIKoZIzj0EAwIwFTETMBEGA1UEAwwKVFRNNDkwNSBDQTAeFw0yMjAzMzAxMDE2MTBaFw0yMjA0MzAxMDE2MTBaMBUxEzARBgNVBAMMCjNAdGVzdC5jb20wWTATBgcqhkjOPQIBBggqhkjOPQMBBwNCAATY3kLH7Qz4fsUds8uo3PhKft0NLt+5z469gIE3lhucqzAWwwAn06WxsTJLB7jIbr+w\/jyxRPTQe4bioM6AtaLIMAoGCCqGSM49BAMCA0gAMEUCIA0ppl8ei8h1m3prdyupn0WZC6qRuZWM4R6\/rV6AVrcSAiEAwWLG\/rR3rVnUo0t0BriCXqWS+yMclkr+vppWHQ0bfZU=\"}","payload":"426b24282b49eccdfc717fe9a809b5b9f62ff656dba03539479b139f75cf3837","mt":"LEDGER_HASH","sig":"MEUCIQDdz+6bF8YDirKVpYUsJ4zJw6ZeQjKLTQcDSgVpolAtpAIgWkveksdSvJ5s1nd5\/mJ1nwpxl28OU5u7cHhsZAraQrE=","nonce":653552133,"seq":0,"tot":0}]
03-31 12:37:33.540 25666 26032 D RegistrationHandler: Has received 1 of 5 fragments from 5@test.com
03-31 12:37:33.560 25666 26032 D RegistrationHandler: Has received 2 of 5 from 5@test.com
03-31 12:37:33.578 25666 26032 D RegistrationHandler: Has received 3 of 5 from 5@test.com
03-31 12:37:33.640 25666 26032 D RegistrationHandler: Has received 4 of 5 from 5@test.com
03-31 12:37:33.968 25666 26032 D RegistrationHandler: Has received 4 of 5 fragments from 5@test.com
03-31 12:37:33.970 25666 26040 D RegistrationHandler: Has received 5 of 5 from 5@test.com
03-31 12:37:33.993 25666 26040 D RegistrationHandler: Received full ledger from 5@test.com with nonce 653552133
03-31 12:37:33.993 25666 26040 D RegistrationHandler: FULL_LEDGER 653552133
03-31 12:37:33.995 25666 26032 D RegistrationHandler: Received full ledger from 5@test.com with nonce 653552133
03-31 12:37:33.995 25666 26032 D RegistrationHandler: FULL_LEDGER 653552133
03-31 12:37:34.259 25666 26040 D RegistrationHandler: 653552133 Received hash from 4@test.com: 426b24282b49eccdfc717fe9a809b5b9f62ff656dba03539479b139f75cf3837
03-31 12:37:34.363 25666 26040 D RegistrationHandler: 653552133 Received hash from 2@test.com: 426b24282b49eccdfc717fe9a809b5b9f62ff656dba03539479b139f75cf3837
03-31 12:37:34.370 25666 26042 D MulticastServer: Broadcast block received {"ip":"192.168.1.97","cert":"MIIBGzCBwqADAgECAgYBf994BZcwCgYIKoZIzj0EAwIwFTETMBEGA1UEAwwKVFRNNDkwNSBDQTAeFw0yMjAzMzAxMDE0MTlaFw0yMjA0MzAxMDE0MTlaMBUxEzARBgNVBAMMCjFAdGVzdC5jb20wWTATBgcqhkjOPQIBBggqhkjOPQMBBwNCAARWqe9zQZRD8c/IJTwlqcBP3wxNnfnskSHFN0SfukuFElFHa1WRgMC9pldvLvFQJjmHIsbfcfCnJ/3odCWEsES2MAoGCCqGSM49BAMCA0gAMEUCIQD+uRDurwdItFUVVn2KMsGSnE/Xjlxq7IxcC/elzuS+CgIgGfru1MXmAHBBehcDSGWfWWS85xWG153fQT3F2ASLxs0="}
03-31 12:37:34.571 25666 26041 D RegistrationHandler: Has received 5 of 5 fragments from 5@test.com
03-31 12:37:34.598 25666 26041 D RegistrationHandler: Received full ledger from 5@test.com with nonce 653552133
03-31 12:37:34.598 25666 26041 D RegistrationHandler: FULL_LEDGER 653552133
03-31 12:37:34.623 25666 26041 D RegistrationHandler: ACCEPTED_LEDGER 653552133 5
03-31 12:37:34.630 25666 26041 D RegistrationHandler: 653552133 The accepted ledger contains: [2@test.com, 3@test.com, 4@test.com, 5@test.com, 6@test.com]
03-31 12:37:34.630 25666 26041 D MulticastServer: Registration process finished: 653552133
round 14 of 100
03-31 12:38:13.454 25858 26260 D MulticastServer: MULTICAST_SERVER_LISTENING
03-31 12:38:13.459 25858 26262 D MulticastServer: Registration process started with nonce 21800129
03-31 12:38:13.465 25858 26261 D MulticastClient: REQUEST_LEDGER 21800129
03-31 12:38:13.468 25858 26261 D MulticastClient: Sent messages with 3 resends: [{"sender":"","payload":"","mt":"REQUEST_LEDGER","sig":"","nonce":21800129,"seq":0,"tot":0}]
03-31 12:38:14.316 25858 26280 D RegistrationHandler: Has received 1 of 2 fragments from 5@test.com
03-31 12:38:14.330 25858 26280 D RegistrationHandler: Received full ledger from 5@test.com with nonce 21800129
03-31 12:38:14.331 25858 26280 D RegistrationHandler: FULL_LEDGER 21800129
03-31 12:38:14.726 25858 26280 D RegistrationHandler: Has received 1 of 2 fragments from 6@test.com
03-31 12:38:14.754 25858 26280 D RegistrationHandler: Received full ledger from 6@test.com with nonce 21800129
03-31 12:38:14.754 25858 26280 D RegistrationHandler: FULL_LEDGER 21800129
03-31 12:38:15.014 25858 26280 D RegistrationHandler: Has received 1 of 2 fragments from 5@test.com
03-31 12:38:15.035 25858 26261 D RegistrationHandler: Has received 2 of 2 from 6@test.com
03-31 12:38:15.045 25858 26280 D RegistrationHandler: Received full ledger from 5@test.com with nonce 21800129
03-31 12:38:15.045 25858 26280 D RegistrationHandler: FULL_LEDGER 21800129
03-31 12:38:15.055 25858 26261 D RegistrationHandler: Received full ledger from 6@test.com with nonce 21800129
03-31 12:38:15.055 25858 26261 D RegistrationHandler: FULL_LEDGER 21800129
03-31 12:38:15.061 25858 26280 D RegistrationHandler: ACCEPTED_LEDGER 21800129 2
03-31 12:38:15.064 25858 26261 D RegistrationHandler: ACCEPTED_LEDGER 21800129 2
03-31 12:38:15.067 25858 26261 D RegistrationHandler: 21800129 The accepted ledger contains: [5@test.com, 6@test.com]
03-31 12:38:15.067 25858 26261 D RegistrationHandler: 21800129 Registration started
03-31 12:38:15.091 25858 26285 D MulticastClient: Sent messages with 3 resends: [{"sender":"3@test.com","payload":"{\"ip\":\"192.168.1.96\",\"cert\":\"MIIBGzCBwqADAgECAgYBf995t9QwCgYIKoZIzj0EAwIwFTETMBEGA1UEAwwKVFRNNDkwNSBDQTAeFw0yMjAzMzAxMDE2MTBaFw0yMjA0MzAxMDE2MTBaMBUxEzARBgNVBAMMCjNAdGVzdC5jb20wWTATBgcqhkjOPQIBBggqhkjOPQMBBwNCAATY3kLH7Qz4fsUds8uo3PhKft0NLt+5z469gIE3lhucqzAWwwAn06WxsTJLB7jIbr+w\/jyxRPTQe4bioM6AtaLIMAoGCCqGSM49BAMCA0gAMEUCIA0ppl8ei8h1m3prdyupn0WZC6qRuZWM4R6\/rV6AVrcSAiEAwWLG\/rR3rVnUo0t0BriCXqWS+yMclkr+vppWHQ0bfZU=\"}","mt":"BROADCAST_BLOCK","sig":"MEQCIHOoecBAoenYc2e8dQws3q32Yqu1eTJVqCp04dbd7y6rAiAKvfPBIP\/RUf0r0VTuRL86qPjzzj8wTtYtpnCSBXjYgg==","nonce":21800129,"seq":0,"tot":0}]
03-31 12:38:15.094 25858 26261 D MulticastServer: Registration process finished: 21800129
03-31 12:38:15.100 25858 26280 E AndroidRuntime: FATAL EXCEPTION: DefaultDispatcher-worker-6
03-31 12:38:15.100 25858 26280 E AndroidRuntime: Process: com.example.masterproject, PID: 25858
03-31 12:38:15.100 25858 26280 E AndroidRuntime: java.util.ConcurrentModificationException
03-31 12:38:15.100 25858 26280 E AndroidRuntime: 	at java.util.ArrayList.sort(ArrayList.java:1472)
03-31 12:38:15.100 25858 26280 E AndroidRuntime: 	at java.util.Collections.sort(Collections.java:206)
03-31 12:38:15.100 25858 26280 E AndroidRuntime: 	at kotlin.collections.CollectionsKt__MutableCollectionsJVMKt.sortWith(MutableCollectionsJVM.kt:42)
03-31 12:38:15.100 25858 26280 E AndroidRuntime: 	at com.example.masterproject.ledger.Ledger$Companion.addLedgerEntry(Ledger.kt:229)
03-31 12:38:15.100 25858 26280 E AndroidRuntime: 	at com.example.masterproject.ledger.RegistrationHandler.handleAcceptedLedger(RegistrationHandler.kt:269)
03-31 12:38:15.100 25858 26280 E AndroidRuntime: 	at com.example.masterproject.ledger.RegistrationHandler.setLedgerIfAccepted(RegistrationHandler.kt:242)
03-31 12:38:15.100 25858 26280 E AndroidRuntime: 	at com.example.masterproject.ledger.RegistrationHandler.fullLedgerReceived(RegistrationHandler.kt:109)
03-31 12:38:15.100 25858 26280 E AndroidRuntime: 	at com.example.masterproject.network.MulticastServer.handleFullLedger(MulticastServer.kt:135)
03-31 12:38:15.100 25858 26280 E AndroidRuntime: 	at com.example.masterproject.network.MulticastServer.access$handleFullLedger(MulticastServer.kt:29)
03-31 12:38:15.100 25858 26280 E AndroidRuntime: 	at com.example.masterproject.network.MulticastServer$listenForData$1.invokeSuspend(MulticastServer.kt:61)
03-31 12:38:15.100 25858 26280 E AndroidRuntime: 	at kotlin.coroutines.jvm.internal.BaseContinuationImpl.resumeWith(ContinuationImpl.kt:33)
03-31 12:38:15.100 25858 26280 E AndroidRuntime: 	at kotlinx.coroutines.DispatchedTask.run(DispatchedTask.kt:56)
03-31 12:38:15.100 25858 26280 E AndroidRuntime: 	at kotlinx.coroutines.scheduling.CoroutineScheduler.runSafely(CoroutineScheduler.kt:571)
03-31 12:38:15.100 25858 26280 E AndroidRuntime: 	at kotlinx.coroutines.scheduling.CoroutineScheduler$Worker.executeTask(CoroutineScheduler.kt:738)
03-31 12:38:15.100 25858 26280 E AndroidRuntime: 	at kotlinx.coroutines.scheduling.CoroutineScheduler$Worker.runWorker(CoroutineScheduler.kt:678)
03-31 12:38:15.100 25858 26280 E AndroidRuntime: 	at kotlinx.coroutines.scheduling.CoroutineScheduler$Worker.run(CoroutineScheduler.kt:665)
03-31 12:38:18.016 26309 26344 D MulticastServer: MULTICAST_SERVER_LISTENING
03-31 12:38:18.036 26309 26346 D MulticastServer: Registration process started with nonce 677507440
03-31 12:38:18.045 26309 26345 D MulticastClient: REQUEST_LEDGER 677507440
03-31 12:38:18.057 26309 26345 D MulticastClient: Sent messages with 3 resends: [{"sender":"","payload":"","mt":"REQUEST_LEDGER","sig":"","nonce":677507440,"seq":0,"tot":0}]
03-31 12:38:18.074 26309 26309 E AndroidRuntime: FATAL EXCEPTION: main
03-31 12:38:18.074 26309 26309 E AndroidRuntime: Process: com.example.masterproject, PID: 26309
03-31 12:38:18.074 26309 26309 E AndroidRuntime: kotlin.UninitializedPropertyAccessException: lateinit property myAdapter has not been initialized
03-31 12:38:18.074 26309 26309 E AndroidRuntime: 	at com.example.masterproject.activities.MainActivity$Companion.updateAvailableDevices(MainActivity.kt:211)
03-31 12:38:18.074 26309 26309 E AndroidRuntime: 	at com.example.masterproject.ledger.Ledger$Companion.updateUI$lambda-15(Ledger.kt:195)
03-31 12:38:18.074 26309 26309 E AndroidRuntime: 	at com.example.masterproject.ledger.Ledger$Companion.$r8$lambda$2wK2otj6NG96qKnVO-thoALrjoo(Unknown Source:0)
03-31 12:38:18.074 26309 26309 E AndroidRuntime: 	at com.example.masterproject.ledger.Ledger$Companion$$ExternalSyntheticLambda2.run(Unknown Source:0)
03-31 12:38:18.074 26309 26309 E AndroidRuntime: 	at android.os.Handler.handleCallback(Handler.java:938)
03-31 12:38:18.074 26309 26309 E AndroidRuntime: 	at android.os.Handler.dispatchMessage(Handler.java:99)
03-31 12:38:18.074 26309 26309 E AndroidRuntime: 	at android.os.Looper.loop(Looper.java:246)
03-31 12:38:18.074 26309 26309 E AndroidRuntime: 	at android.app.ActivityThread.main(ActivityThread.java:8506)
03-31 12:38:18.074 26309 26309 E AndroidRuntime: 	at java.lang.reflect.Method.invoke(Native Method)
03-31 12:38:18.074 26309 26309 E AndroidRuntime: 	at com.android.internal.os.RuntimeInit$MethodAndArgsCaller.run(RuntimeInit.java:602)
03-31 12:38:18.074 26309 26309 E AndroidRuntime: 	at com.android.internal.os.ZygoteInit.main(ZygoteInit.java:1130)
03-31 12:38:18.662 26309 26351 D RegistrationHandler: Has received 1 of 3 fragments from 5@test.com
03-31 12:38:19.011 26309 26345 D RegistrationHandler: Has received 1 of 3 fragments from 5@test.com
03-31 12:38:19.020 26309 26351 D RegistrationHandler: Has received 2 of 3 from 5@test.com
03-31 12:38:19.035 26309 26351 D RegistrationHandler: Has received 3 of 3 from 5@test.com
03-31 12:38:19.042 26309 26345 D RegistrationHandler: Has received 1 of 3 fragments from 6@test.com
03-31 12:38:19.050 26309 26352 D RegistrationHandler: Has received 2 of 3 from 6@test.com
03-31 12:38:19.078 26309 26351 D RegistrationHandler: Received full ledger from 5@test.com with nonce 677507440
03-31 12:38:19.078 26309 26345 D RegistrationHandler: Received full ledger from 6@test.com with nonce 677507440
03-31 12:38:19.078 26309 26351 D RegistrationHandler: FULL_LEDGER 677507440
03-31 12:38:19.078 26309 26345 D RegistrationHandler: FULL_LEDGER 677507440
03-31 12:38:19.330 26309 26351 D RegistrationHandler: Has received 3 of 3 fragments from 5@test.com
03-31 12:38:19.365 26309 26351 D RegistrationHandler: Received full ledger from 5@test.com with nonce 677507440
03-31 12:38:19.365 26309 26351 D RegistrationHandler: FULL_LEDGER 677507440
03-31 12:38:22.071 26309 26348 D RegistrationHandler: ACCEPTED_LEDGER 677507440 3
03-31 12:38:22.081 26309 26348 D RegistrationHandler: 677507440 The accepted ledger contains: [3@test.com, 5@test.com, 6@test.com]
03-31 12:38:22.081 26309 26348 D RegistrationHandler: 677507440 Registration started
03-31 12:38:22.086 26309 26348 D MulticastServer: Registration process finished: 677507440
03-31 12:38:27.705 26309 26351 D MulticastServer: Registration process started with nonce 2116822677
03-31 12:38:27.710 26309 26351 D MulticastServer: Received request for ledger with nonce: 2116822677.
03-31 12:38:27.821 26309 26362 D RegistrationHandler: Has received 1 of 3 fragments from 6@test.com
03-31 12:38:27.847 26309 26362 D RegistrationHandler: Has received 2 of 3 from 6@test.com
03-31 12:38:28.548 26309 26362 D RegistrationHandler: Has received 1 of 3 fragments from 5@test.com
03-31 12:38:28.581 26309 26362 D RegistrationHandler: Received full ledger from 5@test.com with nonce 2116822677
03-31 12:38:28.582 26309 26362 D RegistrationHandler: FULL_LEDGER 2116822677
03-31 12:38:28.591 26309 26345 D RegistrationHandler: Has received 2 of 3 from 6@test.com
03-31 12:38:31.730 26309 26375 D RegistrationHandler: ACCEPTED_LEDGER 2116822677 3
03-31 12:38:31.739 26309 26375 D RegistrationHandler: 2116822677 The accepted ledger contains: [3@test.com, 5@test.com, 6@test.com]
03-31 12:38:31.739 26309 26375 D RegistrationHandler: 2116822677 Registration started
03-31 12:38:31.744 26309 26375 D MulticastServer: Registration process finished: 2116822677
03-31 12:38:31.827 26309 26345 D MulticastServer: Broadcast block received {"ip":"192.168.1.126","cert":"MIIBGzCBwqADAgECAgYBf994jVgwCgYIKoZIzj0EAwIwFTETMBEGA1UEAwwKVFRNNDkwNSBDQTAeFw0yMjAzMzAxMDE0NTRaFw0yMjA0MzAxMDE0NTRaMBUxEzARBgNVBAMMCjJAdGVzdC5jb20wWTATBgcqhkjOPQIBBggqhkjOPQMBBwNCAASfp8DfpDI4F1LcnhLU9XVqVlPfMKymZ5CCGjJ1fzUl10nP2pVehNZnWeRb8D6HrQrSylv6yjeqJ4LaLL5rYv5DMAoGCCqGSM49BAMCA0gAMEUCIQDKIT1zYbOHoSvwm5UEfwU7wX76J0DjD3DEsyMrIRz2mQIgB0NHKAft76MW8NEEL9Ferq4SmTyDVdc/57LP58HFs2Q="}
03-31 12:38:32.419 26309 26345 D MulticastServer: Broadcast block received {"ip":"192.168.1.126","cert":"MIIBGzCBwqADAgECAgYBf994jVgwCgYIKoZIzj0EAwIwFTETMBEGA1UEAwwKVFRNNDkwNSBDQTAeFw0yMjAzMzAxMDE0NTRaFw0yMjA0MzAxMDE0NTRaMBUxEzARBgNVBAMMCjJAdGVzdC5jb20wWTATBgcqhkjOPQIBBggqhkjOPQMBBwNCAASfp8DfpDI4F1LcnhLU9XVqVlPfMKymZ5CCGjJ1fzUl10nP2pVehNZnWeRb8D6HrQrSylv6yjeqJ4LaLL5rYv5DMAoGCCqGSM49BAMCA0gAMEUCIQDKIT1zYbOHoSvwm5UEfwU7wX76J0DjD3DEsyMrIRz2mQIgB0NHKAft76MW8NEEL9Ferq4SmTyDVdc/57LP58HFs2Q="}
03-31 12:38:42.958 26309 26345 D MulticastServer: Registration process started with nonce 1755957265
03-31 12:38:42.964 26309 26345 D MulticastServer: Received request for ledger with nonce: 1755957265.
03-31 12:38:43.075 26309 26345 D RegistrationHandler: 1755957265 Received hash from 2@test.com: f835c5ca0c47878ea990e2267afaa94dfcd7989b8df91afd355a2946088d400b
03-31 12:38:43.085 26309 26362 D RegistrationHandler: Has received 1 of 4 fragments from 5@test.com
03-31 12:38:43.103 26309 26362 D RegistrationHandler: Has received 2 of 4 from 5@test.com
03-31 12:38:43.114 26309 26362 D RegistrationHandler: Has received 3 of 4 from 5@test.com
03-31 12:38:43.498 26309 26345 D RegistrationHandler: Has received 1 of 4 fragments from 6@test.com
03-31 12:38:43.541 26309 26345 D RegistrationHandler: Received full ledger from 6@test.com with nonce 1755957265
03-31 12:38:43.541 26309 26345 D RegistrationHandler: FULL_LEDGER 1755957265
03-31 12:38:43.808 26309 26345 D RegistrationHandler: Has received 3 of 4 fragments from 5@test.com
03-31 12:38:43.812 26309 26362 D RegistrationHandler: Has received 4 of 4 from 5@test.com
03-31 12:38:43.818 26309 26351 D RegistrationHandler: Has received 4 of 4 from 5@test.com
03-31 12:38:43.845 26309 26362 D RegistrationHandler: Received full ledger from 5@test.com with nonce 1755957265
03-31 12:38:43.845 26309 26362 D RegistrationHandler: FULL_LEDGER 1755957265
03-31 12:38:43.846 26309 26351 D RegistrationHandler: Received full ledger from 5@test.com with nonce 1755957265
03-31 12:38:43.846 26309 26351 D RegistrationHandler: FULL_LEDGER 1755957265
03-31 12:38:43.846 26309 26345 D RegistrationHandler: Received full ledger from 5@test.com with nonce 1755957265
03-31 12:38:43.847 26309 26345 D RegistrationHandler: FULL_LEDGER 1755957265
03-31 12:38:43.856 26309 26362 D RegistrationHandler: ACCEPTED_LEDGER 1755957265 4
03-31 12:38:43.858 26309 26351 D RegistrationHandler: ACCEPTED_LEDGER 1755957265 4
03-31 12:38:43.859 26309 26345 D RegistrationHandler: ACCEPTED_LEDGER 1755957265 4
03-31 12:38:43.862 26309 26362 D RegistrationHandler: 1755957265 The accepted ledger contains: [2@test.com, 3@test.com, 5@test.com, 6@test.com]
03-31 12:38:43.862 26309 26362 D RegistrationHandler: 1755957265 Registration started
03-31 12:38:43.865 26309 26351 D RegistrationHandler: 1755957265 The accepted ledger contains: [2@test.com, 3@test.com, 5@test.com, 6@test.com]
03-31 12:38:43.865 26309 26345 D RegistrationHandler: 1755957265 The accepted ledger contains: [2@test.com, 3@test.com, 5@test.com, 6@test.com]
03-31 12:38:43.865 26309 26351 D RegistrationHandler: 1755957265 Registration started
03-31 12:38:43.865 26309 26345 D RegistrationHandler: 1755957265 Registration started
03-31 12:38:43.866 26309 26362 D MulticastServer: Registration process finished: 1755957265
03-31 12:38:43.883 26309 26351 D MulticastServer: Broadcast block received {"ip":"192.168.1.90","cert":"MIIBGjCBwqADAgECAgYBf996WTQwCgYIKoZIzj0EAwIwFTETMBEGA1UEAwwKVFRNNDkwNSBDQTAeFw0yMjAzMzAxMDE2NTFaFw0yMjA0MzAxMDE2NTFaMBUxEzARBgNVBAMMCjRAdGVzdC5jb20wWTATBgcqhkjOPQIBBggqhkjOPQMBBwNCAAR9ADphQpker5Vlux1TGrY243xUduQc15bIXysV2NxiGJkeD5VM9tRM0LC9OtaczjftmguVO1X6py8Cw58m4CqfMAoGCCqGSM49BAMCA0cAMEQCIHsw/XWk02FcpPISkSvlA7qK2USSlgqOOom9Sg9AUrBUAiB6UZsa+fgTtWznrsteVlekFkQ/GbMN2tUh4ZJjX/PbOQ=="}
03-31 12:38:44.193 26309 26351 D MulticastServer: Broadcast block received {"ip":"192.168.1.90","cert":"MIIBGjCBwqADAgECAgYBf996WTQwCgYIKoZIzj0EAwIwFTETMBEGA1UEAwwKVFRNNDkwNSBDQTAeFw0yMjAzMzAxMDE2NTFaFw0yMjA0MzAxMDE2NTFaMBUxEzARBgNVBAMMCjRAdGVzdC5jb20wWTATBgcqhkjOPQIBBggqhkjOPQMBBwNCAAR9ADphQpker5Vlux1TGrY243xUduQc15bIXysV2NxiGJkeD5VM9tRM0LC9OtaczjftmguVO1X6py8Cw58m4CqfMAoGCCqGSM49BAMCA0cAMEQCIHsw/XWk02FcpPISkSvlA7qK2USSlgqOOom9Sg9AUrBUAiB6UZsa+fgTtWznrsteVlekFkQ/GbMN2tUh4ZJjX/PbOQ=="}
03-31 12:38:44.501 26309 26351 D MulticastServer: Broadcast block received {"ip":"192.168.1.90","cert":"MIIBGjCBwqADAgECAgYBf996WTQwCgYIKoZIzj0EAwIwFTETMBEGA1UEAwwKVFRNNDkwNSBDQTAeFw0yMjAzMzAxMDE2NTFaFw0yMjA0MzAxMDE2NTFaMBUxEzARBgNVBAMMCjRAdGVzdC5jb20wWTATBgcqhkjOPQIBBggqhkjOPQMBBwNCAAR9ADphQpker5Vlux1TGrY243xUduQc15bIXysV2NxiGJkeD5VM9tRM0LC9OtaczjftmguVO1X6py8Cw58m4CqfMAoGCCqGSM49BAMCA0cAMEQCIHsw/XWk02FcpPISkSvlA7qK2USSlgqOOom9Sg9AUrBUAiB6UZsa+fgTtWznrsteVlekFkQ/GbMN2tUh4ZJjX/PbOQ=="}
03-31 12:38:58.114 26309 26351 D MulticastServer: Registration process started with nonce 1209509313
03-31 12:38:58.120 26309 26351 D MulticastServer: Received request for ledger with nonce: 1209509313.
03-31 12:38:58.255 26309 26351 D RegistrationHandler: 1209509313 Received hash from 2@test.com: 426b24282b49eccdfc717fe9a809b5b9f62ff656dba03539479b139f75cf3837
03-31 12:38:58.549 26309 26351 D RegistrationHandler: 1209509313 Received hash from 4@test.com: 426b24282b49eccdfc717fe9a809b5b9f62ff656dba03539479b139f75cf3837
03-31 12:38:58.733 26309 26351 D MulticastServer: Broadcast block received {"ip":"192.168.1.97","cert":"MIIBGzCBwqADAgECAgYBf994BZcwCgYIKoZIzj0EAwIwFTETMBEGA1UEAwwKVFRNNDkwNSBDQTAeFw0yMjAzMzAxMDE0MTlaFw0yMjA0MzAxMDE0MTlaMBUxEzARBgNVBAMMCjFAdGVzdC5jb20wWTATBgcqhkjOPQIBBggqhkjOPQMBBwNCAARWqe9zQZRD8c/IJTwlqcBP3wxNnfnskSHFN0SfukuFElFHa1WRgMC9pldvLvFQJjmHIsbfcfCnJ/3odCWEsES2MAoGCCqGSM49BAMCA0gAMEUCIQD+uRDurwdItFUVVn2KMsGSnE/Xjlxq7IxcC/elzuS+CgIgGfru1MXmAHBBehcDSGWfWWS85xWG153fQT3F2ASLxs0="}
03-31 12:38:58.979 26309 26362 D RegistrationHandler: Has received 1 of 5 fragments from 6@test.com
03-31 12:38:59.039 26309 26362 D RegistrationHandler: Has received 2 of 5 from 6@test.com
03-31 12:38:59.080 26309 26362 D MulticastServer: Broadcast block received {"ip":"192.168.1.97","cert":"MIIBGzCBwqADAgECAgYBf994BZcwCgYIKoZIzj0EAwIwFTETMBEGA1UEAwwKVFRNNDkwNSBDQTAeFw0yMjAzMzAxMDE0MTlaFw0yMjA0MzAxMDE0MTlaMBUxEzARBgNVBAMMCjFAdGVzdC5jb20wWTATBgcqhkjOPQIBBggqhkjOPQMBBwNCAARWqe9zQZRD8c/IJTwlqcBP3wxNnfnskSHFN0SfukuFElFHa1WRgMC9pldvLvFQJjmHIsbfcfCnJ/3odCWEsES2MAoGCCqGSM49BAMCA0gAMEUCIQD+uRDurwdItFUVVn2KMsGSnE/Xjlxq7IxcC/elzuS+CgIgGfru1MXmAHBBehcDSGWfWWS85xWG153fQT3F2ASLxs0="}
03-31 12:38:59.276 26309 26362 D RegistrationHandler: Has received 3 of 5 from 6@test.com
03-31 12:38:59.359 26309 26362 D RegistrationHandler: Has received 4 of 5 from 6@test.com
03-31 12:38:59.367 26309 26362 D MulticastServer: Broadcast block received {"ip":"192.168.1.97","cert":"MIIBGzCBwqADAgECAgYBf994BZcwCgYIKoZIzj0EAwIwFTETMBEGA1UEAwwKVFRNNDkwNSBDQTAeFw0yMjAzMzAxMDE0MTlaFw0yMjA0MzAxMDE0MTlaMBUxEzARBgNVBAMMCjFAdGVzdC5jb20wWTATBgcqhkjOPQIBBggqhkjOPQMBBwNCAARWqe9zQZRD8c/IJTwlqcBP3wxNnfnskSHFN0SfukuFElFHa1WRgMC9pldvLvFQJjmHIsbfcfCnJ/3odCWEsES2MAoGCCqGSM49BAMCA0gAMEUCIQD+uRDurwdItFUVVn2KMsGSnE/Xjlxq7IxcC/elzuS+CgIgGfru1MXmAHBBehcDSGWfWWS85xWG153fQT3F2ASLxs0="}
03-31 12:38:59.656 26309 26362 D MulticastServer: Broadcast block received {"ip":"192.168.1.97","cert":"MIIBGzCBwqADAgECAgYBf994BZcwCgYIKoZIzj0EAwIwFTETMBEGA1UEAwwKVFRNNDkwNSBDQTAeFw0yMjAzMzAxMDE0MTlaFw0yMjA0MzAxMDE0MTlaMBUxEzARBgNVBAMMCjFAdGVzdC5jb20wWTATBgcqhkjOPQIBBggqhkjOPQMBBwNCAARWqe9zQZRD8c/IJTwlqcBP3wxNnfnskSHFN0SfukuFElFHa1WRgMC9pldvLvFQJjmHIsbfcfCnJ/3odCWEsES2MAoGCCqGSM49BAMCA0gAMEUCIQD+uRDurwdItFUVVn2KMsGSnE/Xjlxq7IxcC/elzuS+CgIgGfru1MXmAHBBehcDSGWfWWS85xWG153fQT3F2ASLxs0="}
03-31 12:39:02.958 26309 26417 D RegistrationHandler: 1209509313 Accepted hash from 4@test.com: 426b24282b49eccdfc717fe9a809b5b9f62ff656dba03539479b139f75cf3837
03-31 12:39:02.966 26309 26362 D MulticastClient: Sent messages with 3 resends: [{"sender":"","payload":"4@test.com:426b24282b49eccdfc717fe9a809b5b9f62ff656dba03539479b139f75cf3837","mt":"REQUEST_SPECIFIC_LEDGER","sig":"","nonce":1209509313,"seq":0,"tot":0}]
03-31 12:39:02.972 26309 26351 D MulticastServer: Received request for 4@test.com to send ledger with hash 426b24282b49eccdfc717fe9a809b5b9f62ff656dba03539479b139f75cf3837
03-31 12:39:03.282 26309 26345 D MulticastServer: Received request for 4@test.com to send ledger with hash 426b24282b49eccdfc717fe9a809b5b9f62ff656dba03539479b139f75cf3837
03-31 12:39:03.458 26309 26417 D RegistrationHandler: 1209509313 Accepted hash from 2@test.com: 426b24282b49eccdfc717fe9a809b5b9f62ff656dba03539479b139f75cf3837
03-31 12:39:03.463 26309 26345 D MulticastClient: Sent messages with 3 resends: [{"sender":"","payload":"2@test.com:426b24282b49eccdfc717fe9a809b5b9f62ff656dba03539479b139f75cf3837","mt":"REQUEST_SPECIFIC_LEDGER","sig":"","nonce":1209509313,"seq":0,"tot":0}]
03-31 12:39:03.468 26309 26351 D MulticastServer: Received request for 2@test.com to send ledger with hash 426b24282b49eccdfc717fe9a809b5b9f62ff656dba03539479b139f75cf3837
03-31 12:39:03.590 26309 26351 D MulticastServer: Received request for 4@test.com to send ledger with hash 426b24282b49eccdfc717fe9a809b5b9f62ff656dba03539479b139f75cf3837
03-31 12:39:03.778 26309 26351 D MulticastServer: Received request for 2@test.com to send ledger with hash 426b24282b49eccdfc717fe9a809b5b9f62ff656dba03539479b139f75cf3837
03-31 12:39:03.898 26309 26351 D MulticastServer: Received request for 4@test.com to send ledger with hash 426b24282b49eccdfc717fe9a809b5b9f62ff656dba03539479b139f75cf3837
03-31 12:39:03.957 26309 26417 D RegistrationHandler: 1209509313 Accepted hash from 2@test.com: 426b24282b49eccdfc717fe9a809b5b9f62ff656dba03539479b139f75cf3837
03-31 12:39:03.961 26309 26362 D MulticastClient: Sent messages with 3 resends: [{"sender":"","payload":"2@test.com:426b24282b49eccdfc717fe9a809b5b9f62ff656dba03539479b139f75cf3837","mt":"REQUEST_SPECIFIC_LEDGER","sig":"","nonce":1209509313,"seq":0,"tot":0}]
03-31 12:39:03.966 26309 26351 D MulticastServer: Received request for 2@test.com to send ledger with hash 426b24282b49eccdfc717fe9a809b5b9f62ff656dba03539479b139f75cf3837
03-31 12:39:04.087 26309 26351 D MulticastServer: Received request for 2@test.com to send ledger with hash 426b24282b49eccdfc717fe9a809b5b9f62ff656dba03539479b139f75cf3837
03-31 12:39:04.277 26309 26351 D MulticastServer: Received request for 2@test.com to send ledger with hash 426b24282b49eccdfc717fe9a809b5b9f62ff656dba03539479b139f75cf3837
03-31 12:39:04.394 26309 26351 D MulticastServer: Received request for 2@test.com to send ledger with hash 426b24282b49eccdfc717fe9a809b5b9f62ff656dba03539479b139f75cf3837
03-31 12:39:04.457 26309 26417 D RegistrationHandler: 1209509313 Registration started
03-31 12:39:04.462 26309 26417 D MulticastServer: Registration process finished: 1209509313
03-31 12:39:04.584 26309 26345 D MulticastServer: Received request for 2@test.com to send ledger with hash 426b24282b49eccdfc717fe9a809b5b9f62ff656dba03539479b139f75cf3837
03-31 12:39:04.892 26309 26345 D MulticastServer: Received request for 2@test.com to send ledger with hash 426b24282b49eccdfc717fe9a809b5b9f62ff656dba03539479b139f75cf3837
round 15 of 100
03-31 12:39:38.578 26046 26519 D MulticastServer: MULTICAST_SERVER_LISTENING
03-31 12:39:38.583 26046 26521 D MulticastServer: Registration process started with nonce 1337856562
03-31 12:39:38.588 26046 26520 D MulticastClient: REQUEST_LEDGER 1337856562
03-31 12:39:38.592 26046 26520 D MulticastClient: Sent messages with 3 resends: [{"sender":"","payload":"","mt":"REQUEST_LEDGER","sig":"","nonce":1337856562,"seq":0,"tot":0}]
03-31 12:39:38.781 26046 26526 D RegistrationHandler: Has received 1 of 2 fragments from 6@test.com
