03-31 12:36:13.050 23267 23318 D MulticastServer: Broadcast block received {"ip":"192.168.1.97","cert":"MIIBGzCBwqADAgECAgYBf994BZcwCgYIKoZIzj0EAwIwFTETMBEGA1UEAwwKVFRNNDkwNSBDQTAeFw0yMjAzMzAxMDE0MTlaFw0yMjA0MzAxMDE0MTlaMBUxEzARBgNVBAMMCjFAdGVzdC5jb20wWTATBgcqhkjOPQIBBggqhkjOPQMBBwNCAARWqe9zQZRD8c/IJTwlqcBP3wxNnfnskSHFN0SfukuFElFHa1WRgMC9pldvLvFQJjmHIsbfcfCnJ/3odCWEsES2MAoGCCqGSM49BAMCA0gAMEUCIQD+uRDurwdItFUVVn2KMsGSnE/Xjlxq7IxcC/elzuS+CgIgGfru1MXmAHBBehcDSGWfWWS85xWG153fQT3F2ASLxs0="}
03-31 12:36:13.300 23267 23318 D MulticastServer: Broadcast block received {"ip":"192.168.1.97","cert":"MIIBGzCBwqADAgECAgYBf994BZcwCgYIKoZIzj0EAwIwFTETMBEGA1UEAwwKVFRNNDkwNSBDQTAeFw0yMjAzMzAxMDE0MTlaFw0yMjA0MzAxMDE0MTlaMBUxEzARBgNVBAMMCjFAdGVzdC5jb20wWTATBgcqhkjOPQIBBggqhkjOPQMBBwNCAARWqe9zQZRD8c/IJTwlqcBP3wxNnfnskSHFN0SfukuFElFHa1WRgMC9pldvLvFQJjmHIsbfcfCnJ/3odCWEsES2MAoGCCqGSM49BAMCA0gAMEUCIQD+uRDurwdItFUVVn2KMsGSnE/Xjlxq7IxcC/elzuS+CgIgGfru1MXmAHBBehcDSGWfWWS85xWG153fQT3F2ASLxs0="}
03-31 12:36:14.009 23267 23318 D MulticastServer: Received request for 4@test.com to send ledger with hash 426b24282b49eccdfc717fe9a809b5b9f62ff656dba03539479b139f75cf3837
03-31 12:36:14.314 23267 23318 D MulticastServer: Received request for 4@test.com to send ledger with hash 426b24282b49eccdfc717fe9a809b5b9f62ff656dba03539479b139f75cf3837
03-31 12:36:14.532 23267 23318 D MulticastServer: Received request for 4@test.com to send ledger with hash 426b24282b49eccdfc717fe9a809b5b9f62ff656dba03539479b139f75cf3837
03-31 12:36:14.828 23267 23353 D MulticastServer: Received request for 4@test.com to send ledger with hash 426b24282b49eccdfc717fe9a809b5b9f62ff656dba03539479b139f75cf3837
03-31 12:36:14.925 23267 23353 D MulticastServer: Received request for 4@test.com to send ledger with hash 426b24282b49eccdfc717fe9a809b5b9f62ff656dba03539479b139f75cf3837
03-31 12:36:15.031 23267 23353 D MulticastServer: Received request for 2@test.com to send ledger with hash 426b24282b49eccdfc717fe9a809b5b9f62ff656dba03539479b139f75cf3837
03-31 12:36:15.130 23267 23353 D MulticastServer: Received request for 4@test.com to send ledger with hash 426b24282b49eccdfc717fe9a809b5b9f62ff656dba03539479b139f75cf3837
03-31 12:36:15.957 23267 23318 D MulticastServer: Received request for 2@test.com to send ledger with hash 426b24282b49eccdfc717fe9a809b5b9f62ff656dba03539479b139f75cf3837
round 13 of 100
03-31 12:37:03.969 23406 23457 D MulticastServer: MULTICAST_SERVER_LISTENING
03-31 12:37:03.973 23406 23459 D MulticastServer: Registration process started with nonce 1177282333
03-31 12:37:03.977 23406 23458 D MulticastClient: REQUEST_LEDGER 1177282333
03-31 12:37:03.982 23406 23458 D MulticastClient: Sent messages with 3 resends: [{"sender":"","payload":"","mt":"REQUEST_LEDGER","sig":"","nonce":1177282333,"seq":0,"tot":0}]
03-31 12:37:04.191 23406 23463 D RegistrationHandler: Has received 1 of 3 fragments from 5@test.com
03-31 12:37:04.194 23406 23463 D RegistrationHandler: Has received 2 of 3 from 5@test.com
03-31 12:37:04.290 23406 23463 D RegistrationHandler: 1177282333 Received hash from 3@test.com: 134e2587af527ac5d4ef2d11b6962451dd1e9873c4ff54582a8fa7af1f655cc2
03-31 12:37:04.494 23406 23463 D RegistrationHandler: Has received 1 of 3 fragments from 6@test.com
03-31 12:37:04.499 23406 23463 D RegistrationHandler: Has received 2 of 3 from 6@test.com
03-31 12:37:04.511 23406 23483 D RegistrationHandler: Has received 3 of 3 from 6@test.com
03-31 12:37:04.518 23406 23483 D RegistrationHandler: Received full ledger from 6@test.com with nonce 1177282333
03-31 12:37:04.518 23406 23483 D RegistrationHandler: FULL_LEDGER 1177282333
03-31 12:37:04.844 23406 23483 D RegistrationHandler: Has received 3 of 3 fragments from 6@test.com
03-31 12:37:04.920 23406 23458 D RegistrationHandler: Has received 2 of 3 fragments from 5@test.com
03-31 12:37:04.928 23406 23458 D RegistrationHandler: Has received 2 of 3 from 5@test.com
03-31 12:37:04.929 23406 23463 D RegistrationHandler: Has received 3 of 3 from 5@test.com
03-31 12:37:04.935 23406 23463 D RegistrationHandler: Received full ledger from 5@test.com with nonce 1177282333
03-31 12:37:04.935 23406 23463 D RegistrationHandler: FULL_LEDGER 1177282333
03-31 12:37:04.940 23406 23463 D RegistrationHandler: ACCEPTED_LEDGER 1177282333 3
03-31 12:37:04.942 23406 23463 D RegistrationHandler: 1177282333 The accepted ledger contains: [3@test.com, 5@test.com, 6@test.com]
03-31 12:37:04.942 23406 23463 D RegistrationHandler: 1177282333 Registration started
03-31 12:37:04.949 23406 23463 D MulticastServer: Registration process finished: 1177282333
03-31 12:37:04.953 23406 23458 D MulticastClient: Sent messages with 3 resends: [{"sender":"2@test.com","payload":"{\"ip\":\"192.168.1.126\",\"cert\":\"MIIBGzCBwqADAgECAgYBf994jVgwCgYIKoZIzj0EAwIwFTETMBEGA1UEAwwKVFRNNDkwNSBDQTAeFw0yMjAzMzAxMDE0NTRaFw0yMjA0MzAxMDE0NTRaMBUxEzARBgNVBAMMCjJAdGVzdC5jb20wWTATBgcqhkjOPQIBBggqhkjOPQMBBwNCAASfp8DfpDI4F1LcnhLU9XVqVlPfMKymZ5CCGjJ1fzUl10nP2pVehNZnWeRb8D6HrQrSylv6yjeqJ4LaLL5rYv5DMAoGCCqGSM49BAMCA0gAMEUCIQDKIT1zYbOHoSvwm5UEfwU7wX76J0DjD3DEsyMrIRz2mQIgB0NHKAft76MW8NEEL9Ferq4SmTyDVdc\/57LP58HFs2Q=\"}","mt":"BROADCAST_BLOCK","sig":"MEYCIQCPbwPrf555LbDHtuYn1z0yjGwEDM5dvUND3gFTR8C5iwIhAN68HMzYg+Z0txfg7pIFlNbC2UEuJseqXAQ5XNNtkvPm","nonce":1177282333,"seq":0,"tot":0}]
03-31 12:37:19.342 23406 23458 D MulticastServer: Registration process started with nonce 1327453104
03-31 12:37:19.345 23406 23458 D MulticastServer: Received request for ledger with nonce: 1327453104.
03-31 12:37:19.353 23406 23482 D RegistrationHandler: 1327453104 Received hash from 2@test.com: f835c5ca0c47878ea990e2267afaa94dfcd7989b8df91afd355a2946088d400b
03-31 12:37:19.361 23406 23482 D MulticastClient: Sent messages with 3 resends: [{"sender":"{\"ip\":\"192.168.1.126\",\"cert\":\"MIIBGzCBwqADAgECAgYBf994jVgwCgYIKoZIzj0EAwIwFTETMBEGA1UEAwwKVFRNNDkwNSBDQTAeFw0yMjAzMzAxMDE0NTRaFw0yMjA0MzAxMDE0NTRaMBUxEzARBgNVBAMMCjJAdGVzdC5jb20wWTATBgcqhkjOPQIBBggqhkjOPQMBBwNCAASfp8DfpDI4F1LcnhLU9XVqVlPfMKymZ5CCGjJ1fzUl10nP2pVehNZnWeRb8D6HrQrSylv6yjeqJ4LaLL5rYv5DMAoGCCqGSM49BAMCA0gAMEUCIQDKIT1zYbOHoSvwm5UEfwU7wX76J0DjD3DEsyMrIRz2mQIgB0NHKAft76MW8NEEL9Ferq4SmTyDVdc\/57LP58HFs2Q=\"}","payload":"f835c5ca0c47878ea990e2267afaa94dfcd7989b8df91afd355a2946088d400b","mt":"LEDGER_HASH","sig":"MEYCIQC8itnafVFaEC4p9dhx6PP75joaZl2obGPz8xUqpH\/wjwIhAMZmpPpYRqLGdascOK16RNXK+abApncHtH\/JnhLelf1x","nonce":1327453104,"seq":0,"tot":0}]
03-31 12:37:19.521 23406 23463 D RegistrationHandler: Has received 1 of 4 fragments from 6@test.com
03-31 12:37:19.524 23406 23458 D RegistrationHandler: 1327453104 Received hash from 3@test.com: f835c5ca0c47878ea990e2267afaa94dfcd7989b8df91afd355a2946088d400b
03-31 12:37:19.527 23406 23463 D RegistrationHandler: Has received 2 of 4 from 6@test.com
03-31 12:37:19.529 23406 23481 D RegistrationHandler: Has received 3 of 4 from 6@test.com
03-31 12:37:19.583 23406 23498 D RegistrationHandler: Has received 4 of 4 from 6@test.com
03-31 12:37:19.587 23406 23498 D RegistrationHandler: Received full ledger from 6@test.com with nonce 1327453104
03-31 12:37:19.587 23406 23498 D RegistrationHandler: FULL_LEDGER 1327453104
03-31 12:37:19.594 23406 23498 D RegistrationHandler: ACCEPTED_LEDGER 1327453104 4
03-31 12:37:19.597 23406 23498 D RegistrationHandler: 1327453104 The accepted ledger contains: [2@test.com, 3@test.com, 5@test.com, 6@test.com]
03-31 12:37:19.597 23406 23498 D MulticastServer: Registration process finished: 1327453104
03-31 12:37:20.070 23406 23498 D MulticastServer: Broadcast block received {"ip":"192.168.1.90","cert":"MIIBGjCBwqADAgECAgYBf996WTQwCgYIKoZIzj0EAwIwFTETMBEGA1UEAwwKVFRNNDkwNSBDQTAeFw0yMjAzMzAxMDE2NTFaFw0yMjA0MzAxMDE2NTFaMBUxEzARBgNVBAMMCjRAdGVzdC5jb20wWTATBgcqhkjOPQIBBggqhkjOPQMBBwNCAAR9ADphQpker5Vlux1TGrY243xUduQc15bIXysV2NxiGJkeD5VM9tRM0LC9OtaczjftmguVO1X6py8Cw58m4CqfMAoGCCqGSM49BAMCA0cAMEQCIHsw/XWk02FcpPISkSvlA7qK2USSlgqOOom9Sg9AUrBUAiB6UZsa+fgTtWznrsteVlekFkQ/GbMN2tUh4ZJjX/PbOQ=="}
03-31 12:37:20.314 23406 23482 D MulticastServer: Broadcast block received {"ip":"192.168.1.90","cert":"MIIBGjCBwqADAgECAgYBf996WTQwCgYIKoZIzj0EAwIwFTETMBEGA1UEAwwKVFRNNDkwNSBDQTAeFw0yMjAzMzAxMDE2NTFaFw0yMjA0MzAxMDE2NTFaMBUxEzARBgNVBAMMCjRAdGVzdC5jb20wWTATBgcqhkjOPQIBBggqhkjOPQMBBwNCAAR9ADphQpker5Vlux1TGrY243xUduQc15bIXysV2NxiGJkeD5VM9tRM0LC9OtaczjftmguVO1X6py8Cw58m4CqfMAoGCCqGSM49BAMCA0cAMEQCIHsw/XWk02FcpPISkSvlA7qK2USSlgqOOom9Sg9AUrBUAiB6UZsa+fgTtWznrsteVlekFkQ/GbMN2tUh4ZJjX/PbOQ=="}
03-31 12:37:34.815 23406 23498 D MulticastServer: Registration process started with nonce 653552133
03-31 12:37:34.817 23406 23498 D MulticastServer: Received request for ledger with nonce: 653552133.
03-31 12:37:34.827 23406 23497 D RegistrationHandler: 653552133 Received hash from 2@test.com: 426b24282b49eccdfc717fe9a809b5b9f62ff656dba03539479b139f75cf3837
03-31 12:37:34.836 23406 23497 D MulticastClient: Sent messages with 3 resends: [{"sender":"{\"ip\":\"192.168.1.126\",\"cert\":\"MIIBGzCBwqADAgECAgYBf994jVgwCgYIKoZIzj0EAwIwFTETMBEGA1UEAwwKVFRNNDkwNSBDQTAeFw0yMjAzMzAxMDE0NTRaFw0yMjA0MzAxMDE0NTRaMBUxEzARBgNVBAMMCjJAdGVzdC5jb20wWTATBgcqhkjOPQIBBggqhkjOPQMBBwNCAASfp8DfpDI4F1LcnhLU9XVqVlPfMKymZ5CCGjJ1fzUl10nP2pVehNZnWeRb8D6HrQrSylv6yjeqJ4LaLL5rYv5DMAoGCCqGSM49BAMCA0gAMEUCIQDKIT1zYbOHoSvwm5UEfwU7wX76J0DjD3DEsyMrIRz2mQIgB0NHKAft76MW8NEEL9Ferq4SmTyDVdc\/57LP58HFs2Q=\"}","payload":"426b24282b49eccdfc717fe9a809b5b9f62ff656dba03539479b139f75cf3837","mt":"LEDGER_HASH","sig":"MEYCIQDbpDu8auPcUC2FiSDhB78hw07zUZTlIeiNeEzsudbi8gIhAMloLoBG7kAPP60+zVSKs5+3sc4FtQ8YhcGkU6yQKyRp","nonce":653552133,"seq":0,"tot":0}]
03-31 12:37:34.919 23406 23498 D RegistrationHandler: 653552133 Received hash from 4@test.com: 426b24282b49eccdfc717fe9a809b5b9f62ff656dba03539479b139f75cf3837
03-31 12:37:35.114 23406 23498 D RegistrationHandler: 653552133 Received hash from 3@test.com: 426b24282b49eccdfc717fe9a809b5b9f62ff656dba03539479b139f75cf3837
03-31 12:37:35.116 23406 23481 D RegistrationHandler: Has received 1 of 5 fragments from 5@test.com
03-31 12:37:35.126 23406 23498 D RegistrationHandler: Has received 2 of 5 from 5@test.com
03-31 12:37:35.130 23406 23498 D RegistrationHandler: Has received 3 of 5 from 5@test.com
03-31 12:37:35.146 23406 23498 D RegistrationHandler: Has received 1 of 5 fragments from 6@test.com
03-31 12:37:35.174 23406 23481 D RegistrationHandler: Has received 2 of 5 from 6@test.com
03-31 12:37:35.188 23406 23481 D RegistrationHandler: Has received 4 of 5 from 5@test.com
03-31 12:37:35.200 23406 23481 D RegistrationHandler: Has received 3 of 5 from 6@test.com
03-31 12:37:35.202 23406 23498 D RegistrationHandler: Has received 4 of 5 from 6@test.com
03-31 12:37:35.210 23406 23498 D RegistrationHandler: Has received 5 of 5 from 5@test.com
03-31 12:37:35.216 23406 23498 D RegistrationHandler: Received full ledger from 5@test.com with nonce 653552133
03-31 12:37:35.216 23406 23498 D RegistrationHandler: FULL_LEDGER 653552133
03-31 12:37:35.225 23406 23498 D RegistrationHandler: ACCEPTED_LEDGER 653552133 5
03-31 12:37:35.228 23406 23498 D RegistrationHandler: 653552133 The accepted ledger contains: [2@test.com, 3@test.com, 4@test.com, 5@test.com, 6@test.com]
03-31 12:37:35.228 23406 23498 D MulticastServer: Registration process finished: 653552133
03-31 12:37:35.534 23406 23482 D MulticastServer: Broadcast block received {"ip":"192.168.1.97","cert":"MIIBGzCBwqADAgECAgYBf994BZcwCgYIKoZIzj0EAwIwFTETMBEGA1UEAwwKVFRNNDkwNSBDQTAeFw0yMjAzMzAxMDE0MTlaFw0yMjA0MzAxMDE0MTlaMBUxEzARBgNVBAMMCjFAdGVzdC5jb20wWTATBgcqhkjOPQIBBggqhkjOPQMBBwNCAARWqe9zQZRD8c/IJTwlqcBP3wxNnfnskSHFN0SfukuFElFHa1WRgMC9pldvLvFQJjmHIsbfcfCnJ/3odCWEsES2MAoGCCqGSM49BAMCA0gAMEUCIQD+uRDurwdItFUVVn2KMsGSnE/Xjlxq7IxcC/elzuS+CgIgGfru1MXmAHBBehcDSGWfWWS85xWG153fQT3F2ASLxs0="}
round 14 of 100
03-31 12:38:28.772 23539 23588 D MulticastServer: MULTICAST_SERVER_LISTENING
03-31 12:38:28.776 23539 23590 D MulticastServer: Registration process started with nonce 2116822677
03-31 12:38:28.778 23539 23589 D MulticastClient: REQUEST_LEDGER 2116822677
03-31 12:38:28.780 23539 23589 D MulticastClient: Sent messages with 3 resends: [{"sender":"","payload":"","mt":"REQUEST_LEDGER","sig":"","nonce":2116822677,"seq":0,"tot":0}]
03-31 12:38:28.979 23539 23594 D RegistrationHandler: Has received 1 of 3 fragments from 6@test.com
03-31 12:38:28.981 23539 23594 D RegistrationHandler: Has received 1 of 3 fragments from 5@test.com
03-31 12:38:28.987 23539 23594 D RegistrationHandler: Has received 2 of 3 from 5@test.com
03-31 12:38:28.994 23539 23594 D RegistrationHandler: Has received 2 of 3 from 6@test.com
03-31 12:38:29.003 23539 23594 D RegistrationHandler: Has received 3 of 3 from 6@test.com
03-31 12:38:29.007 23539 23594 D RegistrationHandler: Received full ledger from 6@test.com with nonce 2116822677
03-31 12:38:29.007 23539 23594 D RegistrationHandler: FULL_LEDGER 2116822677
03-31 12:38:29.083 23539 23594 D RegistrationHandler: Has received 3 of 3 from 5@test.com
03-31 12:38:29.084 23539 23594 D RegistrationHandler: Received full ledger from 5@test.com with nonce 2116822677
03-31 12:38:29.084 23539 23594 D RegistrationHandler: FULL_LEDGER 2116822677
03-31 12:38:29.435 23539 23619 D RegistrationHandler: Has received 3 of 3 from 5@test.com
03-31 12:38:29.435 23539 23612 D RegistrationHandler: Has received 3 of 3 from 5@test.com
03-31 12:38:29.439 23539 23619 D RegistrationHandler: Received full ledger from 5@test.com with nonce 2116822677
03-31 12:38:29.439 23539 23619 D RegistrationHandler: FULL_LEDGER 2116822677
03-31 12:38:29.441 23539 23612 D RegistrationHandler: Received full ledger from 5@test.com with nonce 2116822677
03-31 12:38:29.441 23539 23612 D RegistrationHandler: FULL_LEDGER 2116822677
03-31 12:38:29.697 23539 23612 D RegistrationHandler: Has received 3 of 3 fragments from 5@test.com
03-31 12:38:29.712 23539 23589 D RegistrationHandler: Has received 3 of 3 fragments from 6@test.com
03-31 12:38:32.785 23539 23591 D RegistrationHandler: ACCEPTED_LEDGER 2116822677 3
03-31 12:38:32.790 23539 23591 D RegistrationHandler: 2116822677 The accepted ledger contains: [3@test.com, 5@test.com, 6@test.com]
03-31 12:38:32.790 23539 23591 D RegistrationHandler: 2116822677 Registration started
03-31 12:38:32.802 23539 23591 D MulticastServer: Registration process finished: 2116822677
03-31 12:38:32.852 23539 23589 D MulticastClient: Sent messages with 3 resends: [{"sender":"2@test.com","payload":"{\"ip\":\"192.168.1.126\",\"cert\":\"MIIBGzCBwqADAgECAgYBf994jVgwCgYIKoZIzj0EAwIwFTETMBEGA1UEAwwKVFRNNDkwNSBDQTAeFw0yMjAzMzAxMDE0NTRaFw0yMjA0MzAxMDE0NTRaMBUxEzARBgNVBAMMCjJAdGVzdC5jb20wWTATBgcqhkjOPQIBBggqhkjOPQMBBwNCAASfp8DfpDI4F1LcnhLU9XVqVlPfMKymZ5CCGjJ1fzUl10nP2pVehNZnWeRb8D6HrQrSylv6yjeqJ4LaLL5rYv5DMAoGCCqGSM49BAMCA0gAMEUCIQDKIT1zYbOHoSvwm5UEfwU7wX76J0DjD3DEsyMrIRz2mQIgB0NHKAft76MW8NEEL9Ferq4SmTyDVdc\/57LP58HFs2Q=\"}","mt":"BROADCAST_BLOCK","sig":"MEUCIDqJQWWYU8Ler4KE5viQBXmm7PZYU87IEqsje6RifmPJAiEAiXeXH\/qOkQnOkdHptlR4EpHVGk5gAnIaIiKJsyuai2k=","nonce":2116822677,"seq":0,"tot":0}]
03-31 12:38:44.128 23539 23589 D MulticastServer: Registration process started with nonce 1755957265
03-31 12:38:44.131 23539 23589 D MulticastServer: Received request for ledger with nonce: 1755957265.
03-31 12:38:44.140 23539 23612 D RegistrationHandler: 1755957265 Received hash from 2@test.com: f835c5ca0c47878ea990e2267afaa94dfcd7989b8df91afd355a2946088d400b
03-31 12:38:44.149 23539 23612 D MulticastClient: Sent messages with 3 resends: [{"sender":"{\"ip\":\"192.168.1.126\",\"cert\":\"MIIBGzCBwqADAgECAgYBf994jVgwCgYIKoZIzj0EAwIwFTETMBEGA1UEAwwKVFRNNDkwNSBDQTAeFw0yMjAzMzAxMDE0NTRaFw0yMjA0MzAxMDE0NTRaMBUxEzARBgNVBAMMCjJAdGVzdC5jb20wWTATBgcqhkjOPQIBBggqhkjOPQMBBwNCAASfp8DfpDI4F1LcnhLU9XVqVlPfMKymZ5CCGjJ1fzUl10nP2pVehNZnWeRb8D6HrQrSylv6yjeqJ4LaLL5rYv5DMAoGCCqGSM49BAMCA0gAMEUCIQDKIT1zYbOHoSvwm5UEfwU7wX76J0DjD3DEsyMrIRz2mQIgB0NHKAft76MW8NEEL9Ferq4SmTyDVdc\/57LP58HFs2Q=\"}","payload":"f835c5ca0c47878ea990e2267afaa94dfcd7989b8df91afd355a2946088d400b","mt":"LEDGER_HASH","sig":"MEQCIDpenwOdD2xyIqpAo3W3\/VoTv1ZlJDIfudCmS34GYA05AiBVlRXUSRqlN1DDMRiX+ixL5kOKkt2kuYnOBLFf8jry7Q==","nonce":1755957265,"seq":0,"tot":0}]
03-31 12:38:44.246 23539 23589 D RegistrationHandler: Has received 1 of 4 fragments from 5@test.com
03-31 12:38:44.257 23539 23589 D RegistrationHandler: Has received 1 of 4 fragments from 6@test.com
03-31 12:38:44.263 23539 23589 D RegistrationHandler: Has received 2 of 4 from 5@test.com
03-31 12:38:44.271 23539 23589 D RegistrationHandler: Has received 2 of 4 from 6@test.com
03-31 12:38:44.273 23539 23589 D RegistrationHandler: Has received 3 of 4 from 5@test.com
03-31 12:38:44.282 23539 23589 D RegistrationHandler: Has received 3 of 4 from 6@test.com
03-31 12:38:44.286 23539 23589 D RegistrationHandler: Has received 4 of 4 from 6@test.com
03-31 12:38:44.293 23539 23589 D RegistrationHandler: Received full ledger from 6@test.com with nonce 1755957265
03-31 12:38:44.293 23539 23589 D RegistrationHandler: FULL_LEDGER 1755957265
03-31 12:38:44.560 23539 23622 D RegistrationHandler: Has received 4 of 4 from 5@test.com
03-31 12:38:44.567 23539 23589 D RegistrationHandler: Has received 4 of 4 from 5@test.com
03-31 12:38:44.571 23539 23589 D RegistrationHandler: Received full ledger from 5@test.com with nonce 1755957265
03-31 12:38:44.571 23539 23589 D RegistrationHandler: FULL_LEDGER 1755957265
03-31 12:38:44.574 23539 23622 D RegistrationHandler: Received full ledger from 5@test.com with nonce 1755957265
03-31 12:38:44.574 23539 23622 D RegistrationHandler: FULL_LEDGER 1755957265
03-31 12:38:44.585 23539 23622 D RegistrationHandler: ACCEPTED_LEDGER 1755957265 4
03-31 12:38:44.587 23539 23622 D RegistrationHandler: 1755957265 The accepted ledger contains: [2@test.com, 3@test.com, 5@test.com, 6@test.com]
03-31 12:38:44.587 23539 23622 D MulticastServer: Registration process finished: 1755957265
03-31 12:38:44.587 23539 23589 D RegistrationHandler: ACCEPTED_LEDGER 1755957265 4
03-31 12:38:44.589 23539 23589 D RegistrationHandler: 1755957265 The accepted ledger contains: [2@test.com, 3@test.com, 5@test.com, 6@test.com]
03-31 12:38:44.848 23539 23622 D MulticastServer: Broadcast block received {"ip":"192.168.1.90","cert":"MIIBGjCBwqADAgECAgYBf996WTQwCgYIKoZIzj0EAwIwFTETMBEGA1UEAwwKVFRNNDkwNSBDQTAeFw0yMjAzMzAxMDE2NTFaFw0yMjA0MzAxMDE2NTFaMBUxEzARBgNVBAMMCjRAdGVzdC5jb20wWTATBgcqhkjOPQIBBggqhkjOPQMBBwNCAAR9ADphQpker5Vlux1TGrY243xUduQc15bIXysV2NxiGJkeD5VM9tRM0LC9OtaczjftmguVO1X6py8Cw58m4CqfMAoGCCqGSM49BAMCA0cAMEQCIHsw/XWk02FcpPISkSvlA7qK2USSlgqOOom9Sg9AUrBUAiB6UZsa+fgTtWznrsteVlekFkQ/GbMN2tUh4ZJjX/PbOQ=="}
03-31 12:38:45.051 23539 23622 D MulticastServer: Broadcast block received {"ip":"192.168.1.90","cert":"MIIBGjCBwqADAgECAgYBf996WTQwCgYIKoZIzj0EAwIwFTETMBEGA1UEAwwKVFRNNDkwNSBDQTAeFw0yMjAzMzAxMDE2NTFaFw0yMjA0MzAxMDE2NTFaMBUxEzARBgNVBAMMCjRAdGVzdC5jb20wWTATBgcqhkjOPQIBBggqhkjOPQMBBwNCAAR9ADphQpker5Vlux1TGrY243xUduQc15bIXysV2NxiGJkeD5VM9tRM0LC9OtaczjftmguVO1X6py8Cw58m4CqfMAoGCCqGSM49BAMCA0cAMEQCIHsw/XWk02FcpPISkSvlA7qK2USSlgqOOom9Sg9AUrBUAiB6UZsa+fgTtWznrsteVlekFkQ/GbMN2tUh4ZJjX/PbOQ=="}
03-31 12:38:45.362 23539 23622 D MulticastServer: Broadcast block received {"ip":"192.168.1.90","cert":"MIIBGjCBwqADAgECAgYBf996WTQwCgYIKoZIzj0EAwIwFTETMBEGA1UEAwwKVFRNNDkwNSBDQTAeFw0yMjAzMzAxMDE2NTFaFw0yMjA0MzAxMDE2NTFaMBUxEzARBgNVBAMMCjRAdGVzdC5jb20wWTATBgcqhkjOPQIBBggqhkjOPQMBBwNCAAR9ADphQpker5Vlux1TGrY243xUduQc15bIXysV2NxiGJkeD5VM9tRM0LC9OtaczjftmguVO1X6py8Cw58m4CqfMAoGCCqGSM49BAMCA0cAMEQCIHsw/XWk02FcpPISkSvlA7qK2USSlgqOOom9Sg9AUrBUAiB6UZsa+fgTtWznrsteVlekFkQ/GbMN2tUh4ZJjX/PbOQ=="}
03-31 12:38:45.670 23539 23622 D MulticastServer: Broadcast block received {"ip":"192.168.1.90","cert":"MIIBGjCBwqADAgECAgYBf996WTQwCgYIKoZIzj0EAwIwFTETMBEGA1UEAwwKVFRNNDkwNSBDQTAeFw0yMjAzMzAxMDE2NTFaFw0yMjA0MzAxMDE2NTFaMBUxEzARBgNVBAMMCjRAdGVzdC5jb20wWTATBgcqhkjOPQIBBggqhkjOPQMBBwNCAAR9ADphQpker5Vlux1TGrY243xUduQc15bIXysV2NxiGJkeD5VM9tRM0LC9OtaczjftmguVO1X6py8Cw58m4CqfMAoGCCqGSM49BAMCA0cAMEQCIHsw/XWk02FcpPISkSvlA7qK2USSlgqOOom9Sg9AUrBUAiB6UZsa+fgTtWznrsteVlekFkQ/GbMN2tUh4ZJjX/PbOQ=="}
03-31 12:38:59.338 23539 23622 D MulticastServer: Registration process started with nonce 1209509313
03-31 12:38:59.341 23539 23622 D MulticastServer: Received request for ledger with nonce: 1209509313.
03-31 12:38:59.349 23539 23622 D RegistrationHandler: 1209509313 Received hash from 2@test.com: 426b24282b49eccdfc717fe9a809b5b9f62ff656dba03539479b139f75cf3837
03-31 12:38:59.356 23539 23622 D MulticastClient: Sent messages with 3 resends: [{"sender":"{\"ip\":\"192.168.1.126\",\"cert\":\"MIIBGzCBwqADAgECAgYBf994jVgwCgYIKoZIzj0EAwIwFTETMBEGA1UEAwwKVFRNNDkwNSBDQTAeFw0yMjAzMzAxMDE0NTRaFw0yMjA0MzAxMDE0NTRaMBUxEzARBgNVBAMMCjJAdGVzdC5jb20wWTATBgcqhkjOPQIBBggqhkjOPQMBBwNCAASfp8DfpDI4F1LcnhLU9XVqVlPfMKymZ5CCGjJ1fzUl10nP2pVehNZnWeRb8D6HrQrSylv6yjeqJ4LaLL5rYv5DMAoGCCqGSM49BAMCA0gAMEUCIQDKIT1zYbOHoSvwm5UEfwU7wX76J0DjD3DEsyMrIRz2mQIgB0NHKAft76MW8NEEL9Ferq4SmTyDVdc\/57LP58HFs2Q=\"}","payload":"426b24282b49eccdfc717fe9a809b5b9f62ff656dba03539479b139f75cf3837","mt":"LEDGER_HASH","sig":"MEQCIEiffwwBIeNd8bm9sFzU02YefKFriHbS3IKi5kluyMZCAiA7ds4Ys4N7ifiE8zr3GCmDHvUsNqqK8FrUq2IFo\/Uccg==","nonce":1209509313,"seq":0,"tot":0}]
03-31 12:38:59.393 23539 23612 D RegistrationHandler: Has received 1 of 5 fragments from 6@test.com
03-31 12:38:59.402 23539 23612 D RegistrationHandler: Has received 1 of 5 fragments from 5@test.com
03-31 12:38:59.422 23539 23612 D RegistrationHandler: Has received 2 of 5 from 6@test.com
03-31 12:38:59.427 23539 23612 D RegistrationHandler: Has received 2 of 5 from 5@test.com
03-31 12:38:59.429 23539 23612 D RegistrationHandler: Has received 3 of 5 from 6@test.com
03-31 12:38:59.440 23539 23612 D RegistrationHandler: Has received 3 of 5 from 5@test.com
03-31 12:38:59.490 23539 23612 D RegistrationHandler: Has received 4 of 5 from 6@test.com
03-31 12:38:59.492 23539 23619 D RegistrationHandler: Has received 4 of 5 from 5@test.com
03-31 12:38:59.499 23539 23589 D RegistrationHandler: Has received 5 of 5 from 5@test.com
03-31 12:38:59.505 23539 23619 D RegistrationHandler: Has received 5 of 5 from 6@test.com
03-31 12:38:59.511 23539 23589 D RegistrationHandler: Received full ledger from 5@test.com with nonce 1209509313
03-31 12:38:59.511 23539 23589 D RegistrationHandler: FULL_LEDGER 1209509313
03-31 12:38:59.517 23539 23619 D RegistrationHandler: Received full ledger from 6@test.com with nonce 1209509313
03-31 12:38:59.517 23539 23619 D RegistrationHandler: FULL_LEDGER 1209509313
03-31 12:38:59.703 23539 23589 D RegistrationHandler: 1209509313 Received hash from 4@test.com: 426b24282b49eccdfc717fe9a809b5b9f62ff656dba03539479b139f75cf3837
03-31 12:38:59.807 23539 23589 D RegistrationHandler: Has received 5 of 5 fragments from 5@test.com
03-31 12:38:59.831 23539 23589 D RegistrationHandler: Has received 5 of 5 fragments from 6@test.com
03-31 12:38:59.837 23539 23589 D RegistrationHandler: Has received 5 of 5 from 6@test.com
03-31 12:38:59.843 23539 23589 D RegistrationHandler: Received full ledger from 6@test.com with nonce 1209509313
03-31 12:38:59.843 23539 23589 D RegistrationHandler: FULL_LEDGER 1209509313
03-31 12:38:59.853 23539 23589 D RegistrationHandler: ACCEPTED_LEDGER 1209509313 5
03-31 12:38:59.856 23539 23589 D RegistrationHandler: 1209509313 The accepted ledger contains: [2@test.com, 3@test.com, 4@test.com, 5@test.com, 6@test.com]
03-31 12:38:59.856 23539 23589 D MulticastServer: Registration process finished: 1209509313
03-31 12:39:00.243 23539 23619 D MulticastServer: Broadcast block received {"ip":"192.168.1.97","cert":"MIIBGzCBwqADAgECAgYBf994BZcwCgYIKoZIzj0EAwIwFTETMBEGA1UEAwwKVFRNNDkwNSBDQTAeFw0yMjAzMzAxMDE0MTlaFw0yMjA0MzAxMDE0MTlaMBUxEzARBgNVBAMMCjFAdGVzdC5jb20wWTATBgcqhkjOPQIBBggqhkjOPQMBBwNCAARWqe9zQZRD8c/IJTwlqcBP3wxNnfnskSHFN0SfukuFElFHa1WRgMC9pldvLvFQJjmHIsbfcfCnJ/3odCWEsES2MAoGCCqGSM49BAMCA0gAMEUCIQD+uRDurwdItFUVVn2KMsGSnE/Xjlxq7IxcC/elzuS+CgIgGfru1MXmAHBBehcDSGWfWWS85xWG153fQT3F2ASLxs0="}
03-31 12:39:00.531 23539 23619 D MulticastServer: Broadcast block received {"ip":"192.168.1.97","cert":"MIIBGzCBwqADAgECAgYBf994BZcwCgYIKoZIzj0EAwIwFTETMBEGA1UEAwwKVFRNNDkwNSBDQTAeFw0yMjAzMzAxMDE0MTlaFw0yMjA0MzAxMDE0MTlaMBUxEzARBgNVBAMMCjFAdGVzdC5jb20wWTATBgcqhkjOPQIBBggqhkjOPQMBBwNCAARWqe9zQZRD8c/IJTwlqcBP3wxNnfnskSHFN0SfukuFElFHa1WRgMC9pldvLvFQJjmHIsbfcfCnJ/3odCWEsES2MAoGCCqGSM49BAMCA0gAMEUCIQD+uRDurwdItFUVVn2KMsGSnE/Xjlxq7IxcC/elzuS+CgIgGfru1MXmAHBBehcDSGWfWWS85xWG153fQT3F2ASLxs0="}
03-31 12:39:00.827 23539 23619 D MulticastServer: Broadcast block received {"ip":"192.168.1.97","cert":"MIIBGzCBwqADAgECAgYBf994BZcwCgYIKoZIzj0EAwIwFTETMBEGA1UEAwwKVFRNNDkwNSBDQTAeFw0yMjAzMzAxMDE0MTlaFw0yMjA0MzAxMDE0MTlaMBUxEzARBgNVBAMMCjFAdGVzdC5jb20wWTATBgcqhkjOPQIBBggqhkjOPQMBBwNCAARWqe9zQZRD8c/IJTwlqcBP3wxNnfnskSHFN0SfukuFElFHa1WRgMC9pldvLvFQJjmHIsbfcfCnJ/3odCWEsES2MAoGCCqGSM49BAMCA0gAMEUCIQD+uRDurwdItFUVVn2KMsGSnE/Xjlxq7IxcC/elzuS+CgIgGfru1MXmAHBBehcDSGWfWWS85xWG153fQT3F2ASLxs0="}
03-31 12:39:04.198 23539 23619 D MulticastServer: Received request for 4@test.com to send ledger with hash 426b24282b49eccdfc717fe9a809b5b9f62ff656dba03539479b139f75cf3837
03-31 12:39:04.509 23539 23589 D MulticastServer: Received request for 4@test.com to send ledger with hash 426b24282b49eccdfc717fe9a809b5b9f62ff656dba03539479b139f75cf3837
03-31 12:39:04.707 23539 23589 D MulticastServer: Received request for 2@test.com to send ledger with hash 426b24282b49eccdfc717fe9a809b5b9f62ff656dba03539479b139f75cf3837
03-31 12:39:04.812 23539 23589 D MulticastServer: Received request for 4@test.com to send ledger with hash 426b24282b49eccdfc717fe9a809b5b9f62ff656dba03539479b139f75cf3837
03-31 12:39:05.020 23539 23589 D MulticastServer: Received request for 2@test.com to send ledger with hash 426b24282b49eccdfc717fe9a809b5b9f62ff656dba03539479b139f75cf3837
03-31 12:39:05.119 23539 23589 D MulticastServer: Received request for 4@test.com to send ledger with hash 426b24282b49eccdfc717fe9a809b5b9f62ff656dba03539479b139f75cf3837
03-31 12:39:05.222 23539 23619 D MulticastServer: Received request for 2@test.com to send ledger with hash 426b24282b49eccdfc717fe9a809b5b9f62ff656dba03539479b139f75cf3837
03-31 12:39:05.323 23539 23619 D MulticastServer: Received request for 2@test.com to send ledger with hash 426b24282b49eccdfc717fe9a809b5b9f62ff656dba03539479b139f75cf3837
03-31 12:39:05.527 23539 23619 D MulticastServer: Received request for 2@test.com to send ledger with hash 426b24282b49eccdfc717fe9a809b5b9f62ff656dba03539479b139f75cf3837
03-31 12:39:05.631 23539 23619 D MulticastServer: Received request for 2@test.com to send ledger with hash 426b24282b49eccdfc717fe9a809b5b9f62ff656dba03539479b139f75cf3837
03-31 12:39:05.836 23539 23619 D MulticastServer: Received request for 2@test.com to send ledger with hash 426b24282b49eccdfc717fe9a809b5b9f62ff656dba03539479b139f75cf3837
03-31 12:39:06.146 23539 23619 D MulticastServer: Received request for 2@test.com to send ledger with hash 426b24282b49eccdfc717fe9a809b5b9f62ff656dba03539479b139f75cf3837
round 15 of 100
03-31 12:39:53.909 23669 23718 D MulticastServer: MULTICAST_SERVER_LISTENING
03-31 12:39:53.911 23669 23720 D MulticastServer: Registration process started with nonce 2089073716
03-31 12:39:53.913 23669 23719 D MulticastClient: REQUEST_LEDGER 2089073716
03-31 12:39:53.915 23669 23719 D MulticastClient: Sent messages with 3 resends: [{"sender":"","payload":"","mt":"REQUEST_LEDGER","sig":"","nonce":2089073716,"seq":0,"tot":0}]
03-31 12:39:54.069 23669 23724 D RegistrationHandler: Has received 1 of 3 fragments from 5@test.com
03-31 12:39:54.075 23669 23724 D RegistrationHandler: Has received 1 of 3 fragments from 6@test.com
03-31 12:39:54.083 23669 23724 D RegistrationHandler: Has received 2 of 3 from 6@test.com
03-31 12:39:54.090 23669 23724 D RegistrationHandler: Has received 2 of 3 from 5@test.com
03-31 12:39:54.094 23669 23724 D RegistrationHandler: Has received 3 of 3 from 5@test.com
03-31 12:39:54.098 23669 23724 D RegistrationHandler: Received full ledger from 5@test.com with nonce 2089073716
03-31 12:39:54.098 23669 23724 D RegistrationHandler: FULL_LEDGER 2089073716
03-31 12:39:54.102 23669 23724 D RegistrationHandler: Has received 3 of 3 from 6@test.com
03-31 12:39:54.104 23669 23724 D RegistrationHandler: Received full ledger from 6@test.com with nonce 2089073716
03-31 12:39:54.104 23669 23724 D RegistrationHandler: FULL_LEDGER 2089073716
03-31 12:39:54.164 23669 23724 D RegistrationHandler: 2089073716 Received hash from 3@test.com: 134e2587af527ac5d4ef2d11b6962451dd1e9873c4ff54582a8fa7af1f655cc2
03-31 12:39:54.382 23669 23724 D RegistrationHandler: Has received 3 of 3 fragments from 5@test.com
03-31 12:39:54.394 23669 23737 D RegistrationHandler: Has received 3 of 3 fragments from 6@test.com
03-31 12:39:54.477 23669 23737 D RegistrationHandler: Has received 3 of 3 from 6@test.com
03-31 12:39:54.481 23669 23750 D RegistrationHandler: Has received 3 of 3 from 6@test.com
03-31 12:39:54.481 23669 23737 D RegistrationHandler: Received full ledger from 6@test.com with nonce 2089073716
03-31 12:39:54.481 23669 23737 D RegistrationHandler: FULL_LEDGER 2089073716
03-31 12:39:54.484 23669 23750 D RegistrationHandler: Received full ledger from 6@test.com with nonce 2089073716
03-31 12:39:54.484 23669 23750 D RegistrationHandler: FULL_LEDGER 2089073716
03-31 12:39:54.489 23669 23737 D RegistrationHandler: ACCEPTED_LEDGER 2089073716 3
03-31 12:39:54.489 23669 23750 D RegistrationHandler: ACCEPTED_LEDGER 2089073716 3
03-31 12:39:54.491 23669 23750 D RegistrationHandler: 2089073716 The accepted ledger contains: [3@test.com, 5@test.com, 6@test.com]
03-31 12:39:54.491 23669 23750 D RegistrationHandler: 2089073716 Registration started
--------- beginning of crash
03-31 12:39:54.496 23669 23737 E AndroidRuntime: FATAL EXCEPTION: DefaultDispatcher-worker-6
03-31 12:39:54.496 23669 23737 E AndroidRuntime: Process: com.example.masterproject, PID: 23669
03-31 12:39:54.496 23669 23737 E AndroidRuntime: java.util.ConcurrentModificationException
03-31 12:39:54.496 23669 23737 E AndroidRuntime: 	at java.util.ArrayList.sort(ArrayList.java:1472)
03-31 12:39:54.496 23669 23737 E AndroidRuntime: 	at java.util.Collections.sort(Collections.java:206)
03-31 12:39:54.496 23669 23737 E AndroidRuntime: 	at kotlin.collections.CollectionsKt__MutableCollectionsJVMKt.sortWith(MutableCollectionsJVM.kt:42)
03-31 12:39:54.496 23669 23737 E AndroidRuntime: 	at com.example.masterproject.ledger.Ledger$Companion.addLedgerEntry(Ledger.kt:229)
03-31 12:39:54.496 23669 23737 E AndroidRuntime: 	at com.example.masterproject.ledger.RegistrationHandler.handleAcceptedLedger(RegistrationHandler.kt:269)
03-31 12:39:54.496 23669 23737 E AndroidRuntime: 	at com.example.masterproject.ledger.RegistrationHandler.setLedgerIfAccepted(RegistrationHandler.kt:242)
03-31 12:39:54.496 23669 23737 E AndroidRuntime: 	at com.example.masterproject.ledger.RegistrationHandler.fullLedgerReceived(RegistrationHandler.kt:109)
03-31 12:39:54.496 23669 23737 E AndroidRuntime: 	at com.example.masterproject.network.MulticastServer.handleFullLedger(MulticastServer.kt:135)
03-31 12:39:54.496 23669 23737 E AndroidRuntime: 	at com.example.masterproject.network.MulticastServer.access$handleFullLedger(MulticastServer.kt:29)
03-31 12:39:54.496 23669 23737 E AndroidRuntime: 	at com.example.masterproject.network.MulticastServer$listenForData$1.invokeSuspend(MulticastServer.kt:61)
03-31 12:39:54.496 23669 23737 E AndroidRuntime: 	at kotlin.coroutines.jvm.internal.BaseContinuationImpl.resumeWith(ContinuationImpl.kt:33)
03-31 12:39:54.496 23669 23737 E AndroidRuntime: 	at kotlinx.coroutines.DispatchedTask.run(DispatchedTask.kt:56)
03-31 12:39:54.496 23669 23737 E AndroidRuntime: 	at kotlinx.coroutines.scheduling.CoroutineScheduler.runSafely(CoroutineScheduler.kt:571)
03-31 12:39:54.496 23669 23737 E AndroidRuntime: 	at kotlinx.coroutines.scheduling.CoroutineScheduler$Worker.executeTask(CoroutineScheduler.kt:738)
03-31 12:39:54.496 23669 23737 E AndroidRuntime: 	at kotlinx.coroutines.scheduling.CoroutineScheduler$Worker.runWorker(CoroutineScheduler.kt:678)
03-31 12:39:54.496 23669 23737 E AndroidRuntime: 	at kotlinx.coroutines.scheduling.CoroutineScheduler$Worker.run(CoroutineScheduler.kt:665)
03-31 12:39:54.498 23669 23750 D MulticastServer: Registration process finished: 2089073716
03-31 12:39:54.502 23669 23752 D MulticastClient: Sent messages with 3 resends: [{"sender":"2@test.com","payload":"{\"ip\":\"192.168.1.126\",\"cert\":\"MIIBGzCBwqADAgECAgYBf994jVgwCgYIKoZIzj0EAwIwFTETMBEGA1UEAwwKVFRNNDkwNSBDQTAeFw0yMjAzMzAxMDE0NTRaFw0yMjA0MzAxMDE0NTRaMBUxEzARBgNVBAMMCjJAdGVzdC5jb20wWTATBgcqhkjOPQIBBggqhkjOPQMBBwNCAASfp8DfpDI4F1LcnhLU9XVqVlPfMKymZ5CCGjJ1fzUl10nP2pVehNZnWeRb8D6HrQrSylv6yjeqJ4LaLL5rYv5DMAoGCCqGSM49BAMCA0gAMEUCIQDKIT1zYbOHoSvwm5UEfwU7wX76J0DjD3DEsyMrIRz2mQIgB0NHKAft76MW8NEEL9Ferq4SmTyDVdc\/57LP58HFs2Q=\"}","mt":"BROADCAST_BLOCK","sig":"MEQCIGsNdpFY4dejLwjDpF88gn4gGBBO0HIUUcH+CpaVz\/hDAiBhlVlbJWIXzlvWkL51g4Oucn1VNZc5Iaz1t+6Mct2eiw==","nonce":2089073716,"seq":0,"tot":0}]
03-31 12:39:56.082 23771 23802 D MulticastServer: MULTICAST_SERVER_LISTENING
03-31 12:39:56.103 23771 23804 D MulticastServer: Registration process started with nonce 1716124685
03-31 12:39:56.110 23771 23803 D MulticastClient: REQUEST_LEDGER 1716124685
03-31 12:39:56.119 23771 23803 D MulticastClient: Sent messages with 3 resends: [{"sender":"","payload":"","mt":"REQUEST_LEDGER","sig":"","nonce":1716124685,"seq":0,"tot":0}]
03-31 12:39:56.128 23771 23771 E AndroidRuntime: FATAL EXCEPTION: main
03-31 12:39:56.128 23771 23771 E AndroidRuntime: Process: com.example.masterproject, PID: 23771
03-31 12:39:56.128 23771 23771 E AndroidRuntime: kotlin.UninitializedPropertyAccessException: lateinit property myAdapter has not been initialized
03-31 12:39:56.128 23771 23771 E AndroidRuntime: 	at com.example.masterproject.activities.MainActivity$Companion.updateAvailableDevices(MainActivity.kt:211)
03-31 12:39:56.128 23771 23771 E AndroidRuntime: 	at com.example.masterproject.ledger.Ledger$Companion.updateUI$lambda-15(Ledger.kt:195)
03-31 12:39:56.128 23771 23771 E AndroidRuntime: 	at com.example.masterproject.ledger.Ledger$Companion.$r8$lambda$2wK2otj6NG96qKnVO-thoALrjoo(Unknown Source:0)
03-31 12:39:56.128 23771 23771 E AndroidRuntime: 	at com.example.masterproject.ledger.Ledger$Companion$$ExternalSyntheticLambda2.run(Unknown Source:0)
03-31 12:39:56.128 23771 23771 E AndroidRuntime: 	at android.os.Handler.handleCallback(Handler.java:938)
03-31 12:39:56.128 23771 23771 E AndroidRuntime: 	at android.os.Handler.dispatchMessage(Handler.java:99)
03-31 12:39:56.128 23771 23771 E AndroidRuntime: 	at android.os.Looper.loopOnce(Looper.java:226)
03-31 12:39:56.128 23771 23771 E AndroidRuntime: 	at android.os.Looper.loop(Looper.java:313)
03-31 12:39:56.128 23771 23771 E AndroidRuntime: 	at android.app.ActivityThread.main(ActivityThread.java:8582)
03-31 12:39:56.128 23771 23771 E AndroidRuntime: 	at java.lang.reflect.Method.invoke(Native Method)
03-31 12:39:56.128 23771 23771 E AndroidRuntime: 	at com.android.internal.os.RuntimeInit$MethodAndArgsCaller.run(RuntimeInit.java:563)
03-31 12:39:56.128 23771 23771 E AndroidRuntime: 	at com.android.internal.os.ZygoteInit.main(ZygoteInit.java:1133)
03-31 12:39:56.672 23771 23828 D RegistrationHandler: Has received 1 of 3 fragments from 5@test.com
03-31 12:39:56.695 23771 23828 D RegistrationHandler: Received full ledger from 5@test.com with nonce 1716124685
03-31 12:39:56.695 23771 23828 D RegistrationHandler: FULL_LEDGER 1716124685
03-31 12:39:56.741 23771 23828 D RegistrationHandler: Has received 1 of 4 fragments from 6@test.com
03-31 12:39:56.745 23771 23810 D RegistrationHandler: Has received 2 of 4 from 6@test.com
03-31 12:39:56.755 23771 23828 D RegistrationHandler: Received full ledger from 6@test.com with nonce 1716124685
03-31 12:39:56.755 23771 23828 D RegistrationHandler: FULL_LEDGER 1716124685
03-31 12:39:56.755 23771 23810 D RegistrationHandler: 1716124685 Received hash from 3@test.com: 134e2587af527ac5d4ef2d11b6962451dd1e9873c4ff54582a8fa7af1f655cc2
03-31 12:39:56.758 23771 23830 D RegistrationHandler: Has received 3 of 4 from 6@test.com
03-31 12:39:56.943 23771 23828 D RegistrationHandler: Has received 1 of 3 fragments from 5@test.com
03-31 12:39:56.954 23771 23828 D RegistrationHandler: Received full ledger from 5@test.com with nonce 1716124685
03-31 12:39:56.954 23771 23828 D RegistrationHandler: FULL_LEDGER 1716124685
03-31 12:39:56.966 23771 23828 D RegistrationHandler: ACCEPTED_LEDGER 1716124685 3
03-31 12:39:56.972 23771 23828 D RegistrationHandler: 1716124685 The accepted ledger contains: [3@test.com, 5@test.com, 6@test.com]
03-31 12:39:56.972 23771 23828 D RegistrationHandler: 1716124685 Registration started
03-31 12:39:56.976 23771 23828 D MulticastServer: Registration process finished: 1716124685
03-31 12:40:09.229 23771 23830 D MulticastServer: Registration process started with nonce 252281747
03-31 12:40:09.234 23771 23830 D MulticastServer: Received request for ledger with nonce: 252281747.
03-31 12:40:09.348 23771 23830 D RegistrationHandler: Has received 1 of 4 fragments from 5@test.com
03-31 12:40:09.418 23771 23830 D RegistrationHandler: 252281747 Received hash from 3@test.com: 134e2587af527ac5d4ef2d11b6962451dd1e9873c4ff54582a8fa7af1f655cc2
03-31 12:40:09.758 23771 23803 D RegistrationHandler: Has received 2 of 4 from 5@test.com
03-31 12:40:09.802 23771 23803 D RegistrationHandler: Has received 3 of 4 from 5@test.com
03-31 12:40:09.812 23771 23803 D RegistrationHandler: Has received 4 of 4 from 5@test.com
03-31 12:40:09.825 23771 23803 D RegistrationHandler: Received full ledger from 5@test.com with nonce 252281747
03-31 12:40:09.825 23771 23803 D RegistrationHandler: FULL_LEDGER 252281747
03-31 12:40:10.051 23771 23830 D RegistrationHandler: Has received 4 of 4 fragments from 5@test.com
03-31 12:40:10.076 23771 23830 D RegistrationHandler: Has received 1 of 4 fragments from 6@test.com
03-31 12:40:10.088 23771 23828 D RegistrationHandler: Has received 2 of 4 from 6@test.com
03-31 12:40:10.095 23771 23830 D RegistrationHandler: Received full ledger from 6@test.com with nonce 252281747
03-31 12:40:10.095 23771 23830 D RegistrationHandler: FULL_LEDGER 252281747
03-31 12:40:10.096 23771 23828 D RegistrationHandler: Has received 3 of 4 from 6@test.com
03-31 12:40:10.364 23771 23830 D RegistrationHandler: Has received 4 of 4 fragments from 5@test.com
03-31 12:40:10.394 23771 23830 D RegistrationHandler: Has received 3 of 4 fragments from 6@test.com
03-31 12:40:10.396 23771 23828 D RegistrationHandler: Has received 4 of 4 from 6@test.com
03-31 12:40:10.402 23771 23810 D RegistrationHandler: Has received 4 of 4 from 6@test.com
03-31 12:40:10.405 23771 23803 D RegistrationHandler: Has received 4 of 4 from 6@test.com
03-31 12:40:10.412 23771 23830 D RegistrationHandler: Received full ledger from 6@test.com with nonce 252281747
03-31 12:40:10.412 23771 23830 D RegistrationHandler: FULL_LEDGER 252281747
03-31 12:40:10.419 23771 23803 D RegistrationHandler: Received full ledger from 6@test.com with nonce 252281747
03-31 12:40:10.419 23771 23803 D RegistrationHandler: FULL_LEDGER 252281747
03-31 12:40:10.421 23771 23810 D RegistrationHandler: Received full ledger from 6@test.com with nonce 252281747
03-31 12:40:10.421 23771 23810 D RegistrationHandler: FULL_LEDGER 252281747
03-31 12:40:10.424 23771 23828 D RegistrationHandler: Received full ledger from 6@test.com with nonce 252281747
03-31 12:40:10.424 23771 23828 D RegistrationHandler: FULL_LEDGER 252281747
03-31 12:40:10.869 23771 23828 D MulticastServer: Broadcast block received {"ip":"192.168.1.90","cert":"MIIBGjCBwqADAgECAgYBf996WTQwCgYIKoZIzj0EAwIwFTETMBEGA1UEAwwKVFRNNDkwNSBDQTAeFw0yMjAzMzAxMDE2NTFaFw0yMjA0MzAxMDE2NTFaMBUxEzARBgNVBAMMCjRAdGVzdC5jb20wWTATBgcqhkjOPQIBBggqhkjOPQMBBwNCAAR9ADphQpker5Vlux1TGrY243xUduQc15bIXysV2NxiGJkeD5VM9tRM0LC9OtaczjftmguVO1X6py8Cw58m4CqfMAoGCCqGSM49BAMCA0cAMEQCIHsw/XWk02FcpPISkSvlA7qK2USSlgqOOom9Sg9AUrBUAiB6UZsa+fgTtWznrsteVlekFkQ/GbMN2tUh4ZJjX/PbOQ=="}
03-31 12:40:11.085 23771 23828 D MulticastServer: Broadcast block received {"ip":"192.168.1.90","cert":"MIIBGjCBwqADAgECAgYBf996WTQwCgYIKoZIzj0EAwIwFTETMBEGA1UEAwwKVFRNNDkwNSBDQTAeFw0yMjAzMzAxMDE2NTFaFw0yMjA0MzAxMDE2NTFaMBUxEzARBgNVBAMMCjRAdGVzdC5jb20wWTATBgcqhkjOPQIBBggqhkjOPQMBBwNCAAR9ADphQpker5Vlux1TGrY243xUduQc15bIXysV2NxiGJkeD5VM9tRM0LC9OtaczjftmguVO1X6py8Cw58m4CqfMAoGCCqGSM49BAMCA0cAMEQCIHsw/XWk02FcpPISkSvlA7qK2USSlgqOOom9Sg9AUrBUAiB6UZsa+fgTtWznrsteVlekFkQ/GbMN2tUh4ZJjX/PbOQ=="}
03-31 12:40:11.379 23771 23828 D MulticastServer: Broadcast block received {"ip":"192.168.1.90","cert":"MIIBGjCBwqADAgECAgYBf996WTQwCgYIKoZIzj0EAwIwFTETMBEGA1UEAwwKVFRNNDkwNSBDQTAeFw0yMjAzMzAxMDE2NTFaFw0yMjA0MzAxMDE2NTFaMBUxEzARBgNVBAMMCjRAdGVzdC5jb20wWTATBgcqhkjOPQIBBggqhkjOPQMBBwNCAAR9ADphQpker5Vlux1TGrY243xUduQc15bIXysV2NxiGJkeD5VM9tRM0LC9OtaczjftmguVO1X6py8Cw58m4CqfMAoGCCqGSM49BAMCA0cAMEQCIHsw/XWk02FcpPISkSvlA7qK2USSlgqOOom9Sg9AUrBUAiB6UZsa+fgTtWznrsteVlekFkQ/GbMN2tUh4ZJjX/PbOQ=="}
03-31 12:40:13.258 23771 23832 D RegistrationHandler: ACCEPTED_LEDGER 252281747 4
03-31 12:40:13.266 23771 23832 D RegistrationHandler: 252281747 The accepted ledger contains: [2@test.com, 3@test.com, 5@test.com, 6@test.com]
03-31 12:40:13.266 23771 23832 D RegistrationHandler: 252281747 Registration started
03-31 12:40:13.270 23771 23832 D MulticastServer: Registration process finished: 252281747
03-31 12:40:13.939 23771 23828 D MulticastServer: Received request for 3@test.com to send ledger with hash 134e2587af527ac5d4ef2d11b6962451dd1e9873c4ff54582a8fa7af1f655cc2
03-31 12:40:14.136 23771 23828 D MulticastServer: Received request for 3@test.com to send ledger with hash 134e2587af527ac5d4ef2d11b6962451dd1e9873c4ff54582a8fa7af1f655cc2
03-31 12:40:14.240 23771 23828 D MulticastServer: Received request for 3@test.com to send ledger with hash 134e2587af527ac5d4ef2d11b6962451dd1e9873c4ff54582a8fa7af1f655cc2
03-31 12:40:14.444 23771 23828 D MulticastServer: Received request for 3@test.com to send ledger with hash 134e2587af527ac5d4ef2d11b6962451dd1e9873c4ff54582a8fa7af1f655cc2
03-31 12:40:14.547 23771 23828 D MulticastServer: Received request for 3@test.com to send ledger with hash 134e2587af527ac5d4ef2d11b6962451dd1e9873c4ff54582a8fa7af1f655cc2
03-31 12:40:14.561 23771 23828 D MulticastServer: Received request for 3@test.com to send ledger with hash 134e2587af527ac5d4ef2d11b6962451dd1e9873c4ff54582a8fa7af1f655cc2
03-31 12:40:14.750 23771 23828 D MulticastServer: Received request for 3@test.com to send ledger with hash 134e2587af527ac5d4ef2d11b6962451dd1e9873c4ff54582a8fa7af1f655cc2
03-31 12:40:14.955 23771 23828 D MulticastServer: Received request for 3@test.com to send ledger with hash 134e2587af527ac5d4ef2d11b6962451dd1e9873c4ff54582a8fa7af1f655cc2
03-31 12:40:15.058 23771 23828 D MulticastServer: Received request for 3@test.com to send ledger with hash 134e2587af527ac5d4ef2d11b6962451dd1e9873c4ff54582a8fa7af1f655cc2
03-31 12:40:15.264 23771 23828 D MulticastServer: Received request for 3@test.com to send ledger with hash 134e2587af527ac5d4ef2d11b6962451dd1e9873c4ff54582a8fa7af1f655cc2
03-31 12:40:15.571 23771 23828 D MulticastServer: Received request for 3@test.com to send ledger with hash 134e2587af527ac5d4ef2d11b6962451dd1e9873c4ff54582a8fa7af1f655cc2
03-31 12:40:24.280 23771 23828 D MulticastServer: Registration process started with nonce 1228902271
03-31 12:40:24.287 23771 23828 D MulticastServer: Received request for ledger with nonce: 1228902271.
03-31 12:40:24.407 23771 23828 D RegistrationHandler: 1228902271 Received hash from 4@test.com: 426b24282b49eccdfc717fe9a809b5b9f62ff656dba03539479b139f75cf3837
03-31 12:40:24.407 23771 23810 D RegistrationHandler: Has received 1 of 5 fragments from 6@test.com
03-31 12:40:24.452 23771 23828 D RegistrationHandler: Has received 2 of 5 from 6@test.com
03-31 12:40:24.455 23771 23810 D RegistrationHandler: Has received 1 of 5 fragments from 5@test.com
03-31 12:40:24.458 23771 23828 D RegistrationHandler: 1228902271 Received hash from 3@test.com: 0f3402e13d53df523731313d67cbb5a20ef64baa40fb2227e22b144f739856eb
03-31 12:40:24.464 23771 23828 D RegistrationHandler: Has received 3 of 5 from 6@test.com
03-31 12:40:24.492 23771 23828 D RegistrationHandler: Has received 2 of 5 from 5@test.com
03-31 12:40:24.539 23771 23828 D RegistrationHandler: Has received 4 of 5 from 6@test.com
03-31 12:40:24.813 23771 23828 D RegistrationHandler: Has received 2 of 5 fragments from 5@test.com
03-31 12:40:24.825 23771 23828 D RegistrationHandler: Has received 3 of 5 from 5@test.com
03-31 12:40:24.830 23771 23810 D RegistrationHandler: Has received 3 of 5 from 5@test.com
03-31 12:40:24.840 23771 23810 D RegistrationHandler: Has received 4 of 5 fragments from 6@test.com
03-31 12:40:24.848 23771 23810 D RegistrationHandler: Has received 4 of 5 from 6@test.com
03-31 12:40:24.888 23771 23810 D RegistrationHandler: Has received 4 of 5 from 6@test.com
03-31 12:40:24.895 23771 23810 D RegistrationHandler: Has received 5 of 5 from 6@test.com
03-31 12:40:24.909 23771 23828 D RegistrationHandler: Has received 4 of 5 from 5@test.com
03-31 12:40:24.909 23771 23810 D RegistrationHandler: Received full ledger from 6@test.com with nonce 1228902271
03-31 12:40:24.909 23771 23810 D RegistrationHandler: FULL_LEDGER 1228902271
03-31 12:40:25.108 23771 23810 D RegistrationHandler: Has received 5 of 5 fragments from 6@test.com
03-31 12:40:25.119 23771 23810 D RegistrationHandler: Has received 4 of 5 fragments from 5@test.com
03-31 12:40:25.125 23771 23810 D RegistrationHandler: Has received 4 of 5 from 5@test.com
03-31 12:40:25.132 23771 23810 D RegistrationHandler: Has received 4 of 5 from 5@test.com
03-31 12:40:25.148 23771 23810 D RegistrationHandler: Has received 5 of 5 from 5@test.com
03-31 12:40:25.161 23771 23803 D RegistrationHandler: Has received 5 of 5 from 5@test.com
03-31 12:40:25.165 23771 23810 D RegistrationHandler: Received full ledger from 5@test.com with nonce 1228902271
03-31 12:40:25.166 23771 23810 D RegistrationHandler: FULL_LEDGER 1228902271
03-31 12:40:25.179 23771 23803 D RegistrationHandler: Received full ledger from 5@test.com with nonce 1228902271
03-31 12:40:25.179 23771 23803 D RegistrationHandler: FULL_LEDGER 1228902271
03-31 12:40:25.414 23771 23810 D RegistrationHandler: Has received 5 of 5 fragments from 6@test.com
03-31 12:40:25.430 23771 23803 D RegistrationHandler: Has received 5 of 5 fragments from 5@test.com
03-31 12:40:28.309 23771 23835 D RegistrationHandler: ACCEPTED_LEDGER 1228902271 5
03-31 12:40:28.317 23771 23835 D RegistrationHandler: 1228902271 The accepted ledger contains: [2@test.com, 3@test.com, 4@test.com, 5@test.com, 6@test.com]
03-31 12:40:28.317 23771 23835 D RegistrationHandler: 1228902271 Registration started
03-31 12:40:28.322 23771 23835 D MulticastServer: Registration process finished: 1228902271
03-31 12:40:28.383 23771 23803 D MulticastServer: Broadcast block received {"ip":"192.168.1.97","cert":"MIIBGzCBwqADAgECAgYBf994BZcwCgYIKoZIzj0EAwIwFTETMBEGA1UEAwwKVFRNNDkwNSBDQTAeFw0yMjAzMzAxMDE0MTlaFw0yMjA0MzAxMDE0MTlaMBUxEzARBgNVBAMMCjFAdGVzdC5jb20wWTATBgcqhkjOPQIBBggqhkjOPQMBBwNCAARWqe9zQZRD8c/IJTwlqcBP3wxNnfnskSHFN0SfukuFElFHa1WRgMC9pldvLvFQJjmHIsbfcfCnJ/3odCWEsES2MAoGCCqGSM49BAMCA0gAMEUCIQD+uRDurwdItFUVVn2KMsGSnE/Xjlxq7IxcC/elzuS+CgIgGfru1MXmAHBBehcDSGWfWWS85xWG153fQT3F2ASLxs0="}
03-31 12:40:28.688 23771 23803 D MulticastServer: Broadcast block received {"ip":"192.168.1.97","cert":"MIIBGzCBwqADAgECAgYBf994BZcwCgYIKoZIzj0EAwIwFTETMBEGA1UEAwwKVFRNNDkwNSBDQTAeFw0yMjAzMzAxMDE0MTlaFw0yMjA0MzAxMDE0MTlaMBUxEzARBgNVBAMMCjFAdGVzdC5jb20wWTATBgcqhkjOPQIBBggqhkjOPQMBBwNCAARWqe9zQZRD8c/IJTwlqcBP3wxNnfnskSHFN0SfukuFElFHa1WRgMC9pldvLvFQJjmHIsbfcfCnJ/3odCWEsES2MAoGCCqGSM49BAMCA0gAMEUCIQD+uRDurwdItFUVVn2KMsGSnE/Xjlxq7IxcC/elzuS+CgIgGfru1MXmAHBBehcDSGWfWWS85xWG153fQT3F2ASLxs0="}
03-31 12:40:28.991 23771 23803 D MulticastServer: Broadcast block received {"ip":"192.168.1.97","cert":"MIIBGzCBwqADAgECAgYBf994BZcwCgYIKoZIzj0EAwIwFTETMBEGA1UEAwwKVFRNNDkwNSBDQTAeFw0yMjAzMzAxMDE0MTlaFw0yMjA0MzAxMDE0MTlaMBUxEzARBgNVBAMMCjFAdGVzdC5jb20wWTATBgcqhkjOPQIBBggqhkjOPQMBBwNCAARWqe9zQZRD8c/IJTwlqcBP3wxNnfnskSHFN0SfukuFElFHa1WRgMC9pldvLvFQJjmHIsbfcfCnJ/3odCWEsES2MAoGCCqGSM49BAMCA0gAMEUCIQD+uRDurwdItFUVVn2KMsGSnE/Xjlxq7IxcC/elzuS+CgIgGfru1MXmAHBBehcDSGWfWWS85xWG153fQT3F2ASLxs0="}
03-31 12:40:29.298 23771 23803 D MulticastServer: Broadcast block received {"ip":"192.168.1.97","cert":"MIIBGzCBwqADAgECAgYBf994BZcwCgYIKoZIzj0EAwIwFTETMBEGA1UEAwwKVFRNNDkwNSBDQTAeFw0yMjAzMzAxMDE0MTlaFw0yMjA0MzAxMDE0MTlaMBUxEzARBgNVBAMMCjFAdGVzdC5jb20wWTATBgcqhkjOPQIBBggqhkjOPQMBBwNCAARWqe9zQZRD8c/IJTwlqcBP3wxNnfnskSHFN0SfukuFElFHa1WRgMC9pldvLvFQJjmHIsbfcfCnJ/3odCWEsES2MAoGCCqGSM49BAMCA0gAMEUCIQD+uRDurwdItFUVVn2KMsGSnE/Xjlxq7IxcC/elzuS+CgIgGfru1MXmAHBBehcDSGWfWWS85xWG153fQT3F2ASLxs0="}
round 16 of 100
03-31 12:41:18.482 23891 23941 D MulticastServer: MULTICAST_SERVER_LISTENING
03-31 12:41:18.485 23891 23943 D MulticastServer: Registration process started with nonce 1719150631
03-31 12:41:18.489 23891 23947 D MulticastClient: REQUEST_LEDGER 1719150631
03-31 12:41:18.494 23891 23947 D MulticastClient: Sent messages with 3 resends: [{"sender":"","payload":"","mt":"REQUEST_LEDGER","sig":"","nonce":1719150631,"seq":0,"tot":0}]
03-31 12:41:18.656 23891 23942 D RegistrationHandler: Has received 1 of 3 fragments from 5@test.com
03-31 12:41:18.687 23891 23942 D RegistrationHandler: Has received 2 of 3 from 5@test.com
03-31 12:41:18.695 23891 23942 D RegistrationHandler: Has received 3 of 3 from 5@test.com
03-31 12:41:18.715 23891 23942 D RegistrationHandler: Received full ledger from 5@test.com with nonce 1719150631
03-31 12:41:18.715 23891 23942 D RegistrationHandler: FULL_LEDGER 1719150631
03-31 12:41:18.783 23891 23942 D RegistrationHandler: Has received 1 of 3 fragments from 6@test.com
03-31 12:41:18.802 23891 23942 D RegistrationHandler: 1719150631 Received hash from 3@test.com: 134e2587af527ac5d4ef2d11b6962451dd1e9873c4ff54582a8fa7af1f655cc2
