03-31 12:26:51.905 23892 24488 D RegistrationHandler: Has received 1 of 2 fragments from 6@test.com
03-31 12:26:52.948 23892 24482 D RegistrationHandler: Has received 1 of 2 fragments from 5@test.com
03-31 12:26:52.955 23892 24510 D RegistrationHandler: Has received 1 of 2 fragments from 6@test.com
03-31 12:26:52.996 23892 24482 D RegistrationHandler: Received full ledger from 5@test.com with nonce 1689990463
03-31 12:26:52.997 23892 24482 D RegistrationHandler: FULL_LEDGER 1689990463
03-31 12:26:55.725 23892 24484 D RegistrationHandler: ACCEPTED_LEDGER 1689990463 2
03-31 12:26:55.737 23892 24484 D RegistrationHandler: 1689990463 The accepted ledger contains: [5@test.com, 6@test.com]
03-31 12:26:55.738 23892 24484 D RegistrationHandler: 1689990463 Registration started
03-31 12:26:55.766 23892 24484 D MulticastServer: Registration process finished: 1689990463
03-31 12:26:55.773 23892 24482 D MulticastClient: Sent messages with 3 resends: [{"sender":"3@test.com","payload":"{\"ip\":\"192.168.1.96\",\"cert\":\"MIIBGzCBwqADAgECAgYBf995t9QwCgYIKoZIzj0EAwIwFTETMBEGA1UEAwwKVFRNNDkwNSBDQTAeFw0yMjAzMzAxMDE2MTBaFw0yMjA0MzAxMDE2MTBaMBUxEzARBgNVBAMMCjNAdGVzdC5jb20wWTATBgcqhkjOPQIBBggqhkjOPQMBBwNCAATY3kLH7Qz4fsUds8uo3PhKft0NLt+5z469gIE3lhucqzAWwwAn06WxsTJLB7jIbr+w\/jyxRPTQe4bioM6AtaLIMAoGCCqGSM49BAMCA0gAMEUCIA0ppl8ei8h1m3prdyupn0WZC6qRuZWM4R6\/rV6AVrcSAiEAwWLG\/rR3rVnUo0t0BriCXqWS+yMclkr+vppWHQ0bfZU=\"}","mt":"BROADCAST_BLOCK","sig":"MEUCIQCyqDga\/qHTpeKLO8vOMQtGTRCiRCwcJuJWSh4EGd2gwwIgfpfbXQi1FYMWcvZx2syhPZeNAZ38CX1wMHUELfzo6xA=","nonce":1689990463,"seq":0,"tot":0}]
03-31 12:27:05.919 23892 24482 D MulticastServer: Registration process started with nonce 1109766950
03-31 12:27:05.924 23892 24482 D MulticastServer: Received request for ledger with nonce: 1109766950.
03-31 12:27:05.979 23892 24511 D RegistrationHandler: 1109766950 Received hash from 3@test.com: 134e2587af527ac5d4ef2d11b6962451dd1e9873c4ff54582a8fa7af1f655cc2
03-31 12:27:06.008 23892 24511 D MulticastClient: Sent messages with 3 resends: [{"sender":"{\"ip\":\"192.168.1.96\",\"cert\":\"MIIBGzCBwqADAgECAgYBf995t9QwCgYIKoZIzj0EAwIwFTETMBEGA1UEAwwKVFRNNDkwNSBDQTAeFw0yMjAzMzAxMDE2MTBaFw0yMjA0MzAxMDE2MTBaMBUxEzARBgNVBAMMCjNAdGVzdC5jb20wWTATBgcqhkjOPQIBBggqhkjOPQMBBwNCAATY3kLH7Qz4fsUds8uo3PhKft0NLt+5z469gIE3lhucqzAWwwAn06WxsTJLB7jIbr+w\/jyxRPTQe4bioM6AtaLIMAoGCCqGSM49BAMCA0gAMEUCIA0ppl8ei8h1m3prdyupn0WZC6qRuZWM4R6\/rV6AVrcSAiEAwWLG\/rR3rVnUo0t0BriCXqWS+yMclkr+vppWHQ0bfZU=\"}","payload":"134e2587af527ac5d4ef2d11b6962451dd1e9873c4ff54582a8fa7af1f655cc2","mt":"LEDGER_HASH","sig":"MEUCIQC\/6bdczp65pur6zKQaAUw5yhlD60Br+3Aj1bs3MSgtywIgdAyYWJ+LGMZB5F8hg98+0Tys3JA0l5JWtCvPVyq7JHM=","nonce":1109766950,"seq":0,"tot":0}]
03-31 12:27:06.028 23892 24482 D RegistrationHandler: Has received 1 of 3 fragments from 5@test.com
03-31 12:27:06.066 23892 24482 D RegistrationHandler: Has received 2 of 3 from 5@test.com
03-31 12:27:06.072 23892 24482 D RegistrationHandler: Has received 3 of 3 from 5@test.com
03-31 12:27:06.086 23892 24482 D RegistrationHandler: Received full ledger from 5@test.com with nonce 1109766950
03-31 12:27:06.086 23892 24482 D RegistrationHandler: FULL_LEDGER 1109766950
03-31 12:27:06.181 23892 24482 D RegistrationHandler: Has received 1 of 3 fragments from 6@test.com
03-31 12:27:06.194 23892 24488 D RegistrationHandler: Has received 2 of 3 from 6@test.com
03-31 12:27:06.447 23892 24488 D RegistrationHandler: Has received 2 of 3 fragments from 6@test.com
03-31 12:27:06.456 23892 24482 D RegistrationHandler: Has received 3 of 3 from 6@test.com
03-31 12:27:06.460 23892 24510 D RegistrationHandler: Has received 3 of 3 fragments from 5@test.com
03-31 12:27:06.476 23892 24488 D RegistrationHandler: Received full ledger from 6@test.com with nonce 1109766950
03-31 12:27:06.476 23892 24488 D RegistrationHandler: FULL_LEDGER 1109766950
03-31 12:27:06.476 23892 24482 D RegistrationHandler: Received full ledger from 6@test.com with nonce 1109766950
03-31 12:27:06.476 23892 24482 D RegistrationHandler: FULL_LEDGER 1109766950
03-31 12:27:06.482 23892 24501 D RegistrationHandler: Has received 3 of 3 from 6@test.com
03-31 12:27:06.496 23892 24482 D RegistrationHandler: ACCEPTED_LEDGER 1109766950 3
03-31 12:27:06.497 23892 24501 D RegistrationHandler: Received full ledger from 6@test.com with nonce 1109766950
03-31 12:27:06.497 23892 24488 D RegistrationHandler: ACCEPTED_LEDGER 1109766950 3
03-31 12:27:06.497 23892 24501 D RegistrationHandler: FULL_LEDGER 1109766950
03-31 12:27:06.500 23892 24482 D RegistrationHandler: 1109766950 The accepted ledger contains: [3@test.com, 5@test.com, 6@test.com]
03-31 12:27:06.500 23892 24482 D MulticastServer: Registration process finished: 1109766950
03-31 12:27:06.501 23892 24488 D RegistrationHandler: 1109766950 The accepted ledger contains: [3@test.com, 5@test.com, 6@test.com]
03-31 12:27:06.506 23892 24501 D RegistrationHandler: ACCEPTED_LEDGER 1109766950 3
03-31 12:27:06.508 23892 24501 D RegistrationHandler: 1109766950 The accepted ledger contains: [3@test.com, 5@test.com, 6@test.com]
03-31 12:27:06.533 23892 24501 D MulticastServer: Broadcast block received {"ip":"192.168.1.126","cert":"MIIBGzCBwqADAgECAgYBf994jVgwCgYIKoZIzj0EAwIwFTETMBEGA1UEAwwKVFRNNDkwNSBDQTAeFw0yMjAzMzAxMDE0NTRaFw0yMjA0MzAxMDE0NTRaMBUxEzARBgNVBAMMCjJAdGVzdC5jb20wWTATBgcqhkjOPQIBBggqhkjOPQMBBwNCAASfp8DfpDI4F1LcnhLU9XVqVlPfMKymZ5CCGjJ1fzUl10nP2pVehNZnWeRb8D6HrQrSylv6yjeqJ4LaLL5rYv5DMAoGCCqGSM49BAMCA0gAMEUCIQDKIT1zYbOHoSvwm5UEfwU7wX76J0DjD3DEsyMrIRz2mQIgB0NHKAft76MW8NEEL9Ferq4SmTyDVdc/57LP58HFs2Q="}
03-31 12:27:06.847 23892 24501 D MulticastServer: Broadcast block received {"ip":"192.168.1.126","cert":"MIIBGzCBwqADAgECAgYBf994jVgwCgYIKoZIzj0EAwIwFTETMBEGA1UEAwwKVFRNNDkwNSBDQTAeFw0yMjAzMzAxMDE0NTRaFw0yMjA0MzAxMDE0NTRaMBUxEzARBgNVBAMMCjJAdGVzdC5jb20wWTATBgcqhkjOPQIBBggqhkjOPQMBBwNCAASfp8DfpDI4F1LcnhLU9XVqVlPfMKymZ5CCGjJ1fzUl10nP2pVehNZnWeRb8D6HrQrSylv6yjeqJ4LaLL5rYv5DMAoGCCqGSM49BAMCA0gAMEUCIQDKIT1zYbOHoSvwm5UEfwU7wX76J0DjD3DEsyMrIRz2mQIgB0NHKAft76MW8NEEL9Ferq4SmTyDVdc/57LP58HFs2Q="}
03-31 12:27:07.563 23892 24501 D MulticastServer: Broadcast block received {"ip":"192.168.1.126","cert":"MIIBGzCBwqADAgECAgYBf994jVgwCgYIKoZIzj0EAwIwFTETMBEGA1UEAwwKVFRNNDkwNSBDQTAeFw0yMjAzMzAxMDE0NTRaFw0yMjA0MzAxMDE0NTRaMBUxEzARBgNVBAMMCjJAdGVzdC5jb20wWTATBgcqhkjOPQIBBggqhkjOPQMBBwNCAASfp8DfpDI4F1LcnhLU9XVqVlPfMKymZ5CCGjJ1fzUl10nP2pVehNZnWeRb8D6HrQrSylv6yjeqJ4LaLL5rYv5DMAoGCCqGSM49BAMCA0gAMEUCIQDKIT1zYbOHoSvwm5UEfwU7wX76J0DjD3DEsyMrIRz2mQIgB0NHKAft76MW8NEEL9Ferq4SmTyDVdc/57LP58HFs2Q="}
03-31 12:27:21.184 23892 24501 D MulticastServer: Registration process started with nonce 1013133642
03-31 12:27:21.189 23892 24501 D MulticastServer: Received request for ledger with nonce: 1013133642.
03-31 12:27:21.235 23892 24511 D RegistrationHandler: 1013133642 Received hash from 3@test.com: f835c5ca0c47878ea990e2267afaa94dfcd7989b8df91afd355a2946088d400b
03-31 12:27:21.261 23892 24511 D MulticastClient: Sent messages with 3 resends: [{"sender":"{\"ip\":\"192.168.1.96\",\"cert\":\"MIIBGzCBwqADAgECAgYBf995t9QwCgYIKoZIzj0EAwIwFTETMBEGA1UEAwwKVFRNNDkwNSBDQTAeFw0yMjAzMzAxMDE2MTBaFw0yMjA0MzAxMDE2MTBaMBUxEzARBgNVBAMMCjNAdGVzdC5jb20wWTATBgcqhkjOPQIBBggqhkjOPQMBBwNCAATY3kLH7Qz4fsUds8uo3PhKft0NLt+5z469gIE3lhucqzAWwwAn06WxsTJLB7jIbr+w\/jyxRPTQe4bioM6AtaLIMAoGCCqGSM49BAMCA0gAMEUCIA0ppl8ei8h1m3prdyupn0WZC6qRuZWM4R6\/rV6AVrcSAiEAwWLG\/rR3rVnUo0t0BriCXqWS+yMclkr+vppWHQ0bfZU=\"}","payload":"f835c5ca0c47878ea990e2267afaa94dfcd7989b8df91afd355a2946088d400b","mt":"LEDGER_HASH","sig":"MEUCIBYsZ0R18oPzQfLYQKn2HnA5C3ao+1lzFluVTft63jG+AiEAkqUMjGEmxh8i+gyT0JXxX7\/Ebp4wIPitH1yPJx9MI+Q=","nonce":1013133642,"seq":0,"tot":0}]
03-31 12:27:21.304 23892 24482 D RegistrationHandler: Has received 1 of 4 fragments from 6@test.com
03-31 12:27:21.318 23892 24501 D RegistrationHandler: Has received 1 of 4 fragments from 5@test.com
03-31 12:27:21.391 23892 24501 D RegistrationHandler: Has received 2 of 4 from 6@test.com
03-31 12:27:21.396 23892 24482 D RegistrationHandler: Has received 3 of 4 from 6@test.com
03-31 12:27:21.411 23892 24482 D RegistrationHandler: Has received 2 of 4 from 5@test.com
03-31 12:27:21.416 23892 24501 D RegistrationHandler: Has received 3 of 4 from 5@test.com
03-31 12:27:21.491 23892 24501 D MulticastServer: Broadcast block received {"ip":"192.168.1.90","cert":"MIIBGjCBwqADAgECAgYBf996WTQwCgYIKoZIzj0EAwIwFTETMBEGA1UEAwwKVFRNNDkwNSBDQTAeFw0yMjAzMzAxMDE2NTFaFw0yMjA0MzAxMDE2NTFaMBUxEzARBgNVBAMMCjRAdGVzdC5jb20wWTATBgcqhkjOPQIBBggqhkjOPQMBBwNCAAR9ADphQpker5Vlux1TGrY243xUduQc15bIXysV2NxiGJkeD5VM9tRM0LC9OtaczjftmguVO1X6py8Cw58m4CqfMAoGCCqGSM49BAMCA0cAMEQCIHsw/XWk02FcpPISkSvlA7qK2USSlgqOOom9Sg9AUrBUAiB6UZsa+fgTtWznrsteVlekFkQ/GbMN2tUh4ZJjX/PbOQ=="}
03-31 12:27:21.600 23892 24482 D RegistrationHandler: Has received 3 of 4 fragments from 6@test.com
03-31 12:27:21.614 23892 24482 D RegistrationHandler: Received full ledger from 6@test.com with nonce 1013133642
03-31 12:27:21.615 23892 24482 D RegistrationHandler: FULL_LEDGER 1013133642
03-31 12:27:21.766 23892 24482 D RegistrationHandler: Has received 3 of 4 from 5@test.com
03-31 12:27:21.900 23892 24482 D MulticastServer: Broadcast block received {"ip":"192.168.1.90","cert":"MIIBGjCBwqADAgECAgYBf996WTQwCgYIKoZIzj0EAwIwFTETMBEGA1UEAwwKVFRNNDkwNSBDQTAeFw0yMjAzMzAxMDE2NTFaFw0yMjA0MzAxMDE2NTFaMBUxEzARBgNVBAMMCjRAdGVzdC5jb20wWTATBgcqhkjOPQIBBggqhkjOPQMBBwNCAAR9ADphQpker5Vlux1TGrY243xUduQc15bIXysV2NxiGJkeD5VM9tRM0LC9OtaczjftmguVO1X6py8Cw58m4CqfMAoGCCqGSM49BAMCA0cAMEQCIHsw/XWk02FcpPISkSvlA7qK2USSlgqOOom9Sg9AUrBUAiB6UZsa+fgTtWznrsteVlekFkQ/GbMN2tUh4ZJjX/PbOQ=="}
03-31 12:27:22.009 23892 24482 D RegistrationHandler: Has received 3 of 4 fragments from 6@test.com
03-31 12:27:22.040 23892 24482 D RegistrationHandler: Received full ledger from 6@test.com with nonce 1013133642
03-31 12:27:22.040 23892 24482 D RegistrationHandler: FULL_LEDGER 1013133642
03-31 12:27:22.044 23892 24501 D RegistrationHandler: Has received 3 of 4 fragments from 5@test.com
03-31 12:27:22.063 23892 24501 D RegistrationHandler: Received full ledger from 5@test.com with nonce 1013133642
03-31 12:27:22.063 23892 24501 D RegistrationHandler: FULL_LEDGER 1013133642
03-31 12:27:22.064 23892 24482 D RegistrationHandler: ACCEPTED_LEDGER 1013133642 4
03-31 12:27:22.071 23892 24482 D RegistrationHandler: 1013133642 The accepted ledger contains: [2@test.com, 3@test.com, 5@test.com, 6@test.com]
03-31 12:27:22.071 23892 24482 D MulticastServer: Registration process finished: 1013133642
03-31 12:27:22.082 23892 24501 D RegistrationHandler: ACCEPTED_LEDGER 1013133642 4
03-31 12:27:22.087 23892 24501 D RegistrationHandler: 1013133642 The accepted ledger contains: [2@test.com, 3@test.com, 5@test.com, 6@test.com]
03-31 12:27:22.162 23892 24510 D MulticastServer: Broadcast block received {"ip":"192.168.1.90","cert":"MIIBGjCBwqADAgECAgYBf996WTQwCgYIKoZIzj0EAwIwFTETMBEGA1UEAwwKVFRNNDkwNSBDQTAeFw0yMjAzMzAxMDE2NTFaFw0yMjA0MzAxMDE2NTFaMBUxEzARBgNVBAMMCjRAdGVzdC5jb20wWTATBgcqhkjOPQIBBggqhkjOPQMBBwNCAAR9ADphQpker5Vlux1TGrY243xUduQc15bIXysV2NxiGJkeD5VM9tRM0LC9OtaczjftmguVO1X6py8Cw58m4CqfMAoGCCqGSM49BAMCA0cAMEQCIHsw/XWk02FcpPISkSvlA7qK2USSlgqOOom9Sg9AUrBUAiB6UZsa+fgTtWznrsteVlekFkQ/GbMN2tUh4ZJjX/PbOQ=="}
03-31 12:27:22.622 23892 24511 D MulticastServer: Broadcast block received {"ip":"192.168.1.90","cert":"MIIBGjCBwqADAgECAgYBf996WTQwCgYIKoZIzj0EAwIwFTETMBEGA1UEAwwKVFRNNDkwNSBDQTAeFw0yMjAzMzAxMDE2NTFaFw0yMjA0MzAxMDE2NTFaMBUxEzARBgNVBAMMCjRAdGVzdC5jb20wWTATBgcqhkjOPQIBBggqhkjOPQMBBwNCAAR9ADphQpker5Vlux1TGrY243xUduQc15bIXysV2NxiGJkeD5VM9tRM0LC9OtaczjftmguVO1X6py8Cw58m4CqfMAoGCCqGSM49BAMCA0cAMEQCIHsw/XWk02FcpPISkSvlA7qK2USSlgqOOom9Sg9AUrBUAiB6UZsa+fgTtWznrsteVlekFkQ/GbMN2tUh4ZJjX/PbOQ=="}
03-31 12:27:36.755 23892 24511 D MulticastServer: Registration process started with nonce 1396586421
03-31 12:27:36.760 23892 24511 D MulticastServer: Received request for ledger with nonce: 1396586421.
03-31 12:27:36.803 23892 24510 D RegistrationHandler: 1396586421 Received hash from 3@test.com: 426b24282b49eccdfc717fe9a809b5b9f62ff656dba03539479b139f75cf3837
03-31 12:27:36.831 23892 24510 D MulticastClient: Sent messages with 3 resends: [{"sender":"{\"ip\":\"192.168.1.96\",\"cert\":\"MIIBGzCBwqADAgECAgYBf995t9QwCgYIKoZIzj0EAwIwFTETMBEGA1UEAwwKVFRNNDkwNSBDQTAeFw0yMjAzMzAxMDE2MTBaFw0yMjA0MzAxMDE2MTBaMBUxEzARBgNVBAMMCjNAdGVzdC5jb20wWTATBgcqhkjOPQIBBggqhkjOPQMBBwNCAATY3kLH7Qz4fsUds8uo3PhKft0NLt+5z469gIE3lhucqzAWwwAn06WxsTJLB7jIbr+w\/jyxRPTQe4bioM6AtaLIMAoGCCqGSM49BAMCA0gAMEUCIA0ppl8ei8h1m3prdyupn0WZC6qRuZWM4R6\/rV6AVrcSAiEAwWLG\/rR3rVnUo0t0BriCXqWS+yMclkr+vppWHQ0bfZU=\"}","payload":"426b24282b49eccdfc717fe9a809b5b9f62ff656dba03539479b139f75cf3837","mt":"LEDGER_HASH","sig":"MEUCIFkwjZi6u4XOKhZGPbOxMsnqOxeebE5TC+tw38quP7sjAiEAyLmwPNuR7XsKa3ZKYJyyQHkOUEQMh9Z3+javWX1vmbU=","nonce":1396586421,"seq":0,"tot":0}]
03-31 12:27:36.848 23892 24482 D RegistrationHandler: 1396586421 Received hash from 2@test.com: 426b24282b49eccdfc717fe9a809b5b9f62ff656dba03539479b139f75cf3837
03-31 12:27:36.854 23892 24482 D RegistrationHandler: 1396586421 Received hash from 4@test.com: 426b24282b49eccdfc717fe9a809b5b9f62ff656dba03539479b139f75cf3837
03-31 12:27:36.866 23892 24482 D RegistrationHandler: Has received 1 of 5 fragments from 5@test.com
03-31 12:27:36.874 23892 24482 D RegistrationHandler: Has received 2 of 5 from 5@test.com
03-31 12:27:36.884 23892 24482 D RegistrationHandler: Has received 1 of 5 fragments from 6@test.com
03-31 12:27:36.976 23892 24482 D RegistrationHandler: Has received 2 of 5 from 6@test.com
03-31 12:27:36.985 23892 24482 D RegistrationHandler: Has received 3 of 5 from 5@test.com
03-31 12:27:36.986 23892 24488 D RegistrationHandler: Has received 4 of 5 from 5@test.com
03-31 12:27:36.986 23892 24511 D RegistrationHandler: Has received 3 of 5 from 6@test.com
03-31 12:27:36.988 23892 24585 D RegistrationHandler: Has received 4 of 5 from 6@test.com
03-31 12:27:36.993 23892 24585 D RegistrationHandler: Has received 5 of 5 from 6@test.com
03-31 12:27:37.007 23892 24585 D RegistrationHandler: Received full ledger from 6@test.com with nonce 1396586421
03-31 12:27:37.007 23892 24585 D RegistrationHandler: FULL_LEDGER 1396586421
03-31 12:27:37.020 23892 24585 D RegistrationHandler: ACCEPTED_LEDGER 1396586421 5
03-31 12:27:37.024 23892 24585 D RegistrationHandler: 1396586421 The accepted ledger contains: [2@test.com, 3@test.com, 4@test.com, 5@test.com, 6@test.com]
03-31 12:27:37.024 23892 24585 D MulticastServer: Registration process finished: 1396586421
03-31 12:27:37.048 23892 24585 D MulticastServer: Broadcast block received {"ip":"192.168.1.97","cert":"MIIBGzCBwqADAgECAgYBf994BZcwCgYIKoZIzj0EAwIwFTETMBEGA1UEAwwKVFRNNDkwNSBDQTAeFw0yMjAzMzAxMDE0MTlaFw0yMjA0MzAxMDE0MTlaMBUxEzARBgNVBAMMCjFAdGVzdC5jb20wWTATBgcqhkjOPQIBBggqhkjOPQMBBwNCAARWqe9zQZRD8c/IJTwlqcBP3wxNnfnskSHFN0SfukuFElFHa1WRgMC9pldvLvFQJjmHIsbfcfCnJ/3odCWEsES2MAoGCCqGSM49BAMCA0gAMEUCIQD+uRDurwdItFUVVn2KMsGSnE/Xjlxq7IxcC/elzuS+CgIgGfru1MXmAHBBehcDSGWfWWS85xWG153fQT3F2ASLxs0="}
03-31 12:27:37.057 23892 24585 D MulticastServer: Broadcast block received {"ip":"192.168.1.97","cert":"MIIBGzCBwqADAgECAgYBf994BZcwCgYIKoZIzj0EAwIwFTETMBEGA1UEAwwKVFRNNDkwNSBDQTAeFw0yMjAzMzAxMDE0MTlaFw0yMjA0MzAxMDE0MTlaMBUxEzARBgNVBAMMCjFAdGVzdC5jb20wWTATBgcqhkjOPQIBBggqhkjOPQMBBwNCAARWqe9zQZRD8c/IJTwlqcBP3wxNnfnskSHFN0SfukuFElFHa1WRgMC9pldvLvFQJjmHIsbfcfCnJ/3odCWEsES2MAoGCCqGSM49BAMCA0gAMEUCIQD+uRDurwdItFUVVn2KMsGSnE/Xjlxq7IxcC/elzuS+CgIgGfru1MXmAHBBehcDSGWfWWS85xWG153fQT3F2ASLxs0="}
03-31 12:27:37.358 23892 24511 D MulticastServer: Broadcast block received {"ip":"192.168.1.97","cert":"MIIBGzCBwqADAgECAgYBf994BZcwCgYIKoZIzj0EAwIwFTETMBEGA1UEAwwKVFRNNDkwNSBDQTAeFw0yMjAzMzAxMDE0MTlaFw0yMjA0MzAxMDE0MTlaMBUxEzARBgNVBAMMCjFAdGVzdC5jb20wWTATBgcqhkjOPQIBBggqhkjOPQMBBwNCAARWqe9zQZRD8c/IJTwlqcBP3wxNnfnskSHFN0SfukuFElFHa1WRgMC9pldvLvFQJjmHIsbfcfCnJ/3odCWEsES2MAoGCCqGSM49BAMCA0gAMEUCIQD+uRDurwdItFUVVn2KMsGSnE/Xjlxq7IxcC/elzuS+CgIgGfru1MXmAHBBehcDSGWfWWS85xWG153fQT3F2ASLxs0="}
03-31 12:27:37.364 23892 24585 D MulticastServer: Broadcast block received {"ip":"192.168.1.97","cert":"MIIBGzCBwqADAgECAgYBf994BZcwCgYIKoZIzj0EAwIwFTETMBEGA1UEAwwKVFRNNDkwNSBDQTAeFw0yMjAzMzAxMDE0MTlaFw0yMjA0MzAxMDE0MTlaMBUxEzARBgNVBAMMCjFAdGVzdC5jb20wWTATBgcqhkjOPQIBBggqhkjOPQMBBwNCAARWqe9zQZRD8c/IJTwlqcBP3wxNnfnskSHFN0SfukuFElFHa1WRgMC9pldvLvFQJjmHIsbfcfCnJ/3odCWEsES2MAoGCCqGSM49BAMCA0gAMEUCIQD+uRDurwdItFUVVn2KMsGSnE/Xjlxq7IxcC/elzuS+CgIgGfru1MXmAHBBehcDSGWfWWS85xWG153fQT3F2ASLxs0="}
03-31 12:27:37.781 23892 24510 D MulticastServer: Broadcast block received {"ip":"192.168.1.97","cert":"MIIBGzCBwqADAgECAgYBf994BZcwCgYIKoZIzj0EAwIwFTETMBEGA1UEAwwKVFRNNDkwNSBDQTAeFw0yMjAzMzAxMDE0MTlaFw0yMjA0MzAxMDE0MTlaMBUxEzARBgNVBAMMCjFAdGVzdC5jb20wWTATBgcqhkjOPQIBBggqhkjOPQMBBwNCAARWqe9zQZRD8c/IJTwlqcBP3wxNnfnskSHFN0SfukuFElFHa1WRgMC9pldvLvFQJjmHIsbfcfCnJ/3odCWEsES2MAoGCCqGSM49BAMCA0gAMEUCIQD+uRDurwdItFUVVn2KMsGSnE/Xjlxq7IxcC/elzuS+CgIgGfru1MXmAHBBehcDSGWfWWS85xWG153fQT3F2ASLxs0="}
round 7 of 100
03-31 12:28:16.708 24129 24707 D MulticastServer: MULTICAST_SERVER_LISTENING
03-31 12:28:16.713 24129 24709 D MulticastServer: Registration process started with nonce 1100965958
03-31 12:28:16.718 24129 24708 D MulticastClient: REQUEST_LEDGER 1100965958
03-31 12:28:16.722 24129 24708 D MulticastClient: Sent messages with 3 resends: [{"sender":"","payload":"","mt":"REQUEST_LEDGER","sig":"","nonce":1100965958,"seq":0,"tot":0}]
03-31 12:28:16.912 24129 24725 D RegistrationHandler: Has received 1 of 2 fragments from 5@test.com
03-31 12:28:16.913 24129 24721 D RegistrationHandler: Has received 2 of 2 from 6@test.com
03-31 12:28:16.914 24129 24714 D RegistrationHandler: Has received 1 of 2 fragments from 6@test.com
03-31 12:28:16.923 24129 24721 D RegistrationHandler: Received full ledger from 6@test.com with nonce 1100965958
03-31 12:28:16.923 24129 24721 D RegistrationHandler: FULL_LEDGER 1100965958
03-31 12:28:16.983 24129 24721 D RegistrationHandler: Has received 2 of 2 from 5@test.com
03-31 12:28:16.987 24129 24721 D RegistrationHandler: Received full ledger from 5@test.com with nonce 1100965958
03-31 12:28:16.988 24129 24721 D RegistrationHandler: FULL_LEDGER 1100965958
03-31 12:28:17.296 24129 24714 D RegistrationHandler: Has received 2 of 2 fragments from 5@test.com
03-31 12:28:17.304 24129 24714 D RegistrationHandler: Has received 2 of 2 from 5@test.com
03-31 12:28:17.316 24129 24714 D RegistrationHandler: Received full ledger from 5@test.com with nonce 1100965958
03-31 12:28:17.316 24129 24714 D RegistrationHandler: FULL_LEDGER 1100965958
03-31 12:28:17.621 24129 24714 D RegistrationHandler: Has received 2 of 2 fragments from 6@test.com
03-31 12:28:17.626 24129 24721 D RegistrationHandler: Has received 2 of 2 fragments from 5@test.com
03-31 12:28:20.731 24129 24710 D RegistrationHandler: ACCEPTED_LEDGER 1100965958 2
03-31 12:28:20.738 24129 24710 D RegistrationHandler: 1100965958 The accepted ledger contains: [5@test.com, 6@test.com]
03-31 12:28:20.738 24129 24710 D RegistrationHandler: 1100965958 Registration started
03-31 12:28:20.759 24129 24710 D MulticastServer: Registration process finished: 1100965958
03-31 12:28:20.767 24129 24708 D MulticastClient: Sent messages with 3 resends: [{"sender":"3@test.com","payload":"{\"ip\":\"192.168.1.96\",\"cert\":\"MIIBGzCBwqADAgECAgYBf995t9QwCgYIKoZIzj0EAwIwFTETMBEGA1UEAwwKVFRNNDkwNSBDQTAeFw0yMjAzMzAxMDE2MTBaFw0yMjA0MzAxMDE2MTBaMBUxEzARBgNVBAMMCjNAdGVzdC5jb20wWTATBgcqhkjOPQIBBggqhkjOPQMBBwNCAATY3kLH7Qz4fsUds8uo3PhKft0NLt+5z469gIE3lhucqzAWwwAn06WxsTJLB7jIbr+w\/jyxRPTQe4bioM6AtaLIMAoGCCqGSM49BAMCA0gAMEUCIA0ppl8ei8h1m3prdyupn0WZC6qRuZWM4R6\/rV6AVrcSAiEAwWLG\/rR3rVnUo0t0BriCXqWS+yMclkr+vppWHQ0bfZU=\"}","mt":"BROADCAST_BLOCK","sig":"MEQCIFUEbBWUjnQzEQ7UalYL3Hc+nakmUvM3pbLEVQTsRdQ0AiBwoXkdhbOWSHgOoZie65RIKyEdQt0PltnJS6rIgM8ciA==","nonce":1100965958,"seq":0,"tot":0}]
03-31 12:28:31.115 24129 24721 D MulticastServer: Registration process started with nonce 1039762367
03-31 12:28:31.120 24129 24721 D MulticastServer: Received request for ledger with nonce: 1039762367.
03-31 12:28:31.167 24129 24708 D RegistrationHandler: 1039762367 Received hash from 3@test.com: 134e2587af527ac5d4ef2d11b6962451dd1e9873c4ff54582a8fa7af1f655cc2
03-31 12:28:31.191 24129 24708 D MulticastClient: Sent messages with 3 resends: [{"sender":"{\"ip\":\"192.168.1.96\",\"cert\":\"MIIBGzCBwqADAgECAgYBf995t9QwCgYIKoZIzj0EAwIwFTETMBEGA1UEAwwKVFRNNDkwNSBDQTAeFw0yMjAzMzAxMDE2MTBaFw0yMjA0MzAxMDE2MTBaMBUxEzARBgNVBAMMCjNAdGVzdC5jb20wWTATBgcqhkjOPQIBBggqhkjOPQMBBwNCAATY3kLH7Qz4fsUds8uo3PhKft0NLt+5z469gIE3lhucqzAWwwAn06WxsTJLB7jIbr+w\/jyxRPTQe4bioM6AtaLIMAoGCCqGSM49BAMCA0gAMEUCIA0ppl8ei8h1m3prdyupn0WZC6qRuZWM4R6\/rV6AVrcSAiEAwWLG\/rR3rVnUo0t0BriCXqWS+yMclkr+vppWHQ0bfZU=\"}","payload":"134e2587af527ac5d4ef2d11b6962451dd1e9873c4ff54582a8fa7af1f655cc2","mt":"LEDGER_HASH","sig":"MEQCIBPl4yz6JwdiEb1hmAIP8bVck6p9MVTvjOQKc4hPwogjAiBejt4s9ENtWNFlUqfWe2cJFEaARX3F9HNiVNENaqqp5A==","nonce":1039762367,"seq":0,"tot":0}]
03-31 12:28:31.227 24129 24721 D RegistrationHandler: Has received 1 of 3 fragments from 5@test.com
03-31 12:28:31.232 24129 24721 D RegistrationHandler: Has received 2 of 3 from 5@test.com
03-31 12:28:31.279 24129 24721 D RegistrationHandler: Has received 1 of 3 fragments from 6@test.com
03-31 12:28:31.285 24129 24721 D RegistrationHandler: Has received 3 of 3 from 5@test.com
03-31 12:28:31.291 24129 24731 D RegistrationHandler: Has received 2 of 3 from 6@test.com
03-31 12:28:31.297 24129 24721 D RegistrationHandler: Received full ledger from 5@test.com with nonce 1039762367
03-31 12:28:31.297 24129 24721 D RegistrationHandler: FULL_LEDGER 1039762367
03-31 12:28:31.384 24129 24721 D RegistrationHandler: Has received 3 of 3 from 6@test.com
03-31 12:28:31.397 24129 24721 D RegistrationHandler: Received full ledger from 6@test.com with nonce 1039762367
03-31 12:28:31.397 24129 24721 D RegistrationHandler: FULL_LEDGER 1039762367
03-31 12:28:31.417 24129 24721 D RegistrationHandler: ACCEPTED_LEDGER 1039762367 3
03-31 12:28:31.421 24129 24721 D RegistrationHandler: 1039762367 The accepted ledger contains: [3@test.com, 5@test.com, 6@test.com]
03-31 12:28:31.421 24129 24721 D MulticastServer: Registration process finished: 1039762367
03-31 12:28:31.737 24129 24731 D MulticastServer: Broadcast block received {"ip":"192.168.1.126","cert":"MIIBGzCBwqADAgECAgYBf994jVgwCgYIKoZIzj0EAwIwFTETMBEGA1UEAwwKVFRNNDkwNSBDQTAeFw0yMjAzMzAxMDE0NTRaFw0yMjA0MzAxMDE0NTRaMBUxEzARBgNVBAMMCjJAdGVzdC5jb20wWTATBgcqhkjOPQIBBggqhkjOPQMBBwNCAASfp8DfpDI4F1LcnhLU9XVqVlPfMKymZ5CCGjJ1fzUl10nP2pVehNZnWeRb8D6HrQrSylv6yjeqJ4LaLL5rYv5DMAoGCCqGSM49BAMCA0gAMEUCIQDKIT1zYbOHoSvwm5UEfwU7wX76J0DjD3DEsyMrIRz2mQIgB0NHKAft76MW8NEEL9Ferq4SmTyDVdc/57LP58HFs2Q="}
03-31 12:28:31.743 24129 24721 D MulticastServer: Broadcast block received {"ip":"192.168.1.126","cert":"MIIBGzCBwqADAgECAgYBf994jVgwCgYIKoZIzj0EAwIwFTETMBEGA1UEAwwKVFRNNDkwNSBDQTAeFw0yMjAzMzAxMDE0NTRaFw0yMjA0MzAxMDE0NTRaMBUxEzARBgNVBAMMCjJAdGVzdC5jb20wWTATBgcqhkjOPQIBBggqhkjOPQMBBwNCAASfp8DfpDI4F1LcnhLU9XVqVlPfMKymZ5CCGjJ1fzUl10nP2pVehNZnWeRb8D6HrQrSylv6yjeqJ4LaLL5rYv5DMAoGCCqGSM49BAMCA0gAMEUCIQDKIT1zYbOHoSvwm5UEfwU7wX76J0DjD3DEsyMrIRz2mQIgB0NHKAft76MW8NEEL9Ferq4SmTyDVdc/57LP58HFs2Q="}
03-31 12:28:32.164 24129 24714 D MulticastServer: Broadcast block received {"ip":"192.168.1.126","cert":"MIIBGzCBwqADAgECAgYBf994jVgwCgYIKoZIzj0EAwIwFTETMBEGA1UEAwwKVFRNNDkwNSBDQTAeFw0yMjAzMzAxMDE0NTRaFw0yMjA0MzAxMDE0NTRaMBUxEzARBgNVBAMMCjJAdGVzdC5jb20wWTATBgcqhkjOPQIBBggqhkjOPQMBBwNCAASfp8DfpDI4F1LcnhLU9XVqVlPfMKymZ5CCGjJ1fzUl10nP2pVehNZnWeRb8D6HrQrSylv6yjeqJ4LaLL5rYv5DMAoGCCqGSM49BAMCA0gAMEUCIQDKIT1zYbOHoSvwm5UEfwU7wX76J0DjD3DEsyMrIRz2mQIgB0NHKAft76MW8NEEL9Ferq4SmTyDVdc/57LP58HFs2Q="}
03-31 12:28:32.165 24129 24721 D MulticastServer: Broadcast block received {"ip":"192.168.1.126","cert":"MIIBGzCBwqADAgECAgYBf994jVgwCgYIKoZIzj0EAwIwFTETMBEGA1UEAwwKVFRNNDkwNSBDQTAeFw0yMjAzMzAxMDE0NTRaFw0yMjA0MzAxMDE0NTRaMBUxEzARBgNVBAMMCjJAdGVzdC5jb20wWTATBgcqhkjOPQIBBggqhkjOPQMBBwNCAASfp8DfpDI4F1LcnhLU9XVqVlPfMKymZ5CCGjJ1fzUl10nP2pVehNZnWeRb8D6HrQrSylv6yjeqJ4LaLL5rYv5DMAoGCCqGSM49BAMCA0gAMEUCIQDKIT1zYbOHoSvwm5UEfwU7wX76J0DjD3DEsyMrIRz2mQIgB0NHKAft76MW8NEEL9Ferq4SmTyDVdc/57LP58HFs2Q="}
03-31 12:28:32.168 24129 24708 D MulticastServer: Broadcast block received {"ip":"192.168.1.126","cert":"MIIBGzCBwqADAgECAgYBf994jVgwCgYIKoZIzj0EAwIwFTETMBEGA1UEAwwKVFRNNDkwNSBDQTAeFw0yMjAzMzAxMDE0NTRaFw0yMjA0MzAxMDE0NTRaMBUxEzARBgNVBAMMCjJAdGVzdC5jb20wWTATBgcqhkjOPQIBBggqhkjOPQMBBwNCAASfp8DfpDI4F1LcnhLU9XVqVlPfMKymZ5CCGjJ1fzUl10nP2pVehNZnWeRb8D6HrQrSylv6yjeqJ4LaLL5rYv5DMAoGCCqGSM49BAMCA0gAMEUCIQDKIT1zYbOHoSvwm5UEfwU7wX76J0DjD3DEsyMrIRz2mQIgB0NHKAft76MW8NEEL9Ferq4SmTyDVdc/57LP58HFs2Q="}
03-31 12:28:32.352 24129 24721 D MulticastServer: Broadcast block received {"ip":"192.168.1.126","cert":"MIIBGzCBwqADAgECAgYBf994jVgwCgYIKoZIzj0EAwIwFTETMBEGA1UEAwwKVFRNNDkwNSBDQTAeFw0yMjAzMzAxMDE0NTRaFw0yMjA0MzAxMDE0NTRaMBUxEzARBgNVBAMMCjJAdGVzdC5jb20wWTATBgcqhkjOPQIBBggqhkjOPQMBBwNCAASfp8DfpDI4F1LcnhLU9XVqVlPfMKymZ5CCGjJ1fzUl10nP2pVehNZnWeRb8D6HrQrSylv6yjeqJ4LaLL5rYv5DMAoGCCqGSM49BAMCA0gAMEUCIQDKIT1zYbOHoSvwm5UEfwU7wX76J0DjD3DEsyMrIRz2mQIgB0NHKAft76MW8NEEL9Ferq4SmTyDVdc/57LP58HFs2Q="}
03-31 12:28:32.358 24129 24708 D MulticastServer: Broadcast block received {"ip":"192.168.1.126","cert":"MIIBGzCBwqADAgECAgYBf994jVgwCgYIKoZIzj0EAwIwFTETMBEGA1UEAwwKVFRNNDkwNSBDQTAeFw0yMjAzMzAxMDE0NTRaFw0yMjA0MzAxMDE0NTRaMBUxEzARBgNVBAMMCjJAdGVzdC5jb20wWTATBgcqhkjOPQIBBggqhkjOPQMBBwNCAASfp8DfpDI4F1LcnhLU9XVqVlPfMKymZ5CCGjJ1fzUl10nP2pVehNZnWeRb8D6HrQrSylv6yjeqJ4LaLL5rYv5DMAoGCCqGSM49BAMCA0gAMEUCIQDKIT1zYbOHoSvwm5UEfwU7wX76J0DjD3DEsyMrIRz2mQIgB0NHKAft76MW8NEEL9Ferq4SmTyDVdc/57LP58HFs2Q="}
03-31 12:28:32.364 24129 24714 D MulticastServer: Broadcast block received {"ip":"192.168.1.126","cert":"MIIBGzCBwqADAgECAgYBf994jVgwCgYIKoZIzj0EAwIwFTETMBEGA1UEAwwKVFRNNDkwNSBDQTAeFw0yMjAzMzAxMDE0NTRaFw0yMjA0MzAxMDE0NTRaMBUxEzARBgNVBAMMCjJAdGVzdC5jb20wWTATBgcqhkjOPQIBBggqhkjOPQMBBwNCAASfp8DfpDI4F1LcnhLU9XVqVlPfMKymZ5CCGjJ1fzUl10nP2pVehNZnWeRb8D6HrQrSylv6yjeqJ4LaLL5rYv5DMAoGCCqGSM49BAMCA0gAMEUCIQDKIT1zYbOHoSvwm5UEfwU7wX76J0DjD3DEsyMrIRz2mQIgB0NHKAft76MW8NEEL9Ferq4SmTyDVdc/57LP58HFs2Q="}
03-31 12:28:32.671 24129 24714 D MulticastServer: Broadcast block received {"ip":"192.168.1.126","cert":"MIIBGzCBwqADAgECAgYBf994jVgwCgYIKoZIzj0EAwIwFTETMBEGA1UEAwwKVFRNNDkwNSBDQTAeFw0yMjAzMzAxMDE0NTRaFw0yMjA0MzAxMDE0NTRaMBUxEzARBgNVBAMMCjJAdGVzdC5jb20wWTATBgcqhkjOPQIBBggqhkjOPQMBBwNCAASfp8DfpDI4F1LcnhLU9XVqVlPfMKymZ5CCGjJ1fzUl10nP2pVehNZnWeRb8D6HrQrSylv6yjeqJ4LaLL5rYv5DMAoGCCqGSM49BAMCA0gAMEUCIQDKIT1zYbOHoSvwm5UEfwU7wX76J0DjD3DEsyMrIRz2mQIgB0NHKAft76MW8NEEL9Ferq4SmTyDVdc/57LP58HFs2Q="}
03-31 12:28:32.671 24129 24708 D MulticastServer: Broadcast block received {"ip":"192.168.1.126","cert":"MIIBGzCBwqADAgECAgYBf994jVgwCgYIKoZIzj0EAwIwFTETMBEGA1UEAwwKVFRNNDkwNSBDQTAeFw0yMjAzMzAxMDE0NTRaFw0yMjA0MzAxMDE0NTRaMBUxEzARBgNVBAMMCjJAdGVzdC5jb20wWTATBgcqhkjOPQIBBggqhkjOPQMBBwNCAASfp8DfpDI4F1LcnhLU9XVqVlPfMKymZ5CCGjJ1fzUl10nP2pVehNZnWeRb8D6HrQrSylv6yjeqJ4LaLL5rYv5DMAoGCCqGSM49BAMCA0gAMEUCIQDKIT1zYbOHoSvwm5UEfwU7wX76J0DjD3DEsyMrIRz2mQIgB0NHKAft76MW8NEEL9Ferq4SmTyDVdc/57LP58HFs2Q="}
03-31 12:28:46.169 24129 24714 D MulticastServer: Registration process started with nonce 1277747205
03-31 12:28:46.176 24129 24714 D MulticastServer: Received request for ledger with nonce: 1277747205.
03-31 12:28:46.221 24129 24708 D RegistrationHandler: 1277747205 Received hash from 3@test.com: f835c5ca0c47878ea990e2267afaa94dfcd7989b8df91afd355a2946088d400b
03-31 12:28:46.245 24129 24708 D MulticastClient: Sent messages with 3 resends: [{"sender":"{\"ip\":\"192.168.1.96\",\"cert\":\"MIIBGzCBwqADAgECAgYBf995t9QwCgYIKoZIzj0EAwIwFTETMBEGA1UEAwwKVFRNNDkwNSBDQTAeFw0yMjAzMzAxMDE2MTBaFw0yMjA0MzAxMDE2MTBaMBUxEzARBgNVBAMMCjNAdGVzdC5jb20wWTATBgcqhkjOPQIBBggqhkjOPQMBBwNCAATY3kLH7Qz4fsUds8uo3PhKft0NLt+5z469gIE3lhucqzAWwwAn06WxsTJLB7jIbr+w\/jyxRPTQe4bioM6AtaLIMAoGCCqGSM49BAMCA0gAMEUCIA0ppl8ei8h1m3prdyupn0WZC6qRuZWM4R6\/rV6AVrcSAiEAwWLG\/rR3rVnUo0t0BriCXqWS+yMclkr+vppWHQ0bfZU=\"}","payload":"f835c5ca0c47878ea990e2267afaa94dfcd7989b8df91afd355a2946088d400b","mt":"LEDGER_HASH","sig":"MEUCIQDh5ixNvSUPRuySeiiLJ6AwTcTpSWGci61TS6AraT16ZgIgCcix6D2K1oVCG+hqfipMo66whB4aSqSAQqowxBWcuaM=","nonce":1277747205,"seq":0,"tot":0}]
03-31 12:28:46.273 24129 24731 D RegistrationHandler: 1277747205 Received hash from 2@test.com: 0300b2a069c5e6ea88a08940df59a931c7f346e9ee36b2de310ddeeec7f42ec6
03-31 12:28:46.284 24129 24731 D RegistrationHandler: Has received 1 of 5 fragments from 5@test.com
03-31 12:28:46.304 24129 24731 D RegistrationHandler: Has received 1 of 4 fragments from 6@test.com
03-31 12:28:46.311 24129 24721 D RegistrationHandler: Has received 2 of 5 from 5@test.com
03-31 12:28:46.316 24129 24731 D RegistrationHandler: Has received 2 of 4 from 6@test.com
03-31 12:28:46.320 24129 24721 D RegistrationHandler: Has received 3 of 5 from 5@test.com
03-31 12:28:46.385 24129 24721 D RegistrationHandler: Has received 4 of 5 from 5@test.com
03-31 12:28:46.389 24129 24731 D RegistrationHandler: Has received 3 of 4 from 6@test.com
03-31 12:28:46.395 24129 24721 D RegistrationHandler: Has received 4 of 4 from 6@test.com
03-31 12:28:46.398 24129 24731 D RegistrationHandler: Has received 5 of 5 from 5@test.com
03-31 12:28:46.414 24129 24721 D RegistrationHandler: Received full ledger from 6@test.com with nonce 1277747205
03-31 12:28:46.415 24129 24721 D RegistrationHandler: FULL_LEDGER 1277747205
03-31 12:28:46.417 24129 24731 D RegistrationHandler: Received full ledger from 5@test.com with nonce 1277747205
03-31 12:28:46.417 24129 24731 D RegistrationHandler: FULL_LEDGER 1277747205
03-31 12:28:47.015 24129 24731 D RegistrationHandler: Has received 4 of 4 fragments from 6@test.com
03-31 12:28:47.049 24129 24731 D RegistrationHandler: Has received 5 of 5 from 5@test.com
03-31 12:28:47.055 24129 24721 D RegistrationHandler: Has received 5 of 5 from 5@test.com
03-31 12:28:47.059 24129 24714 D RegistrationHandler: Has received 5 of 5 from 5@test.com
03-31 12:28:47.081 24129 24731 D RegistrationHandler: Received full ledger from 5@test.com with nonce 1277747205
03-31 12:28:47.081 24129 24731 D RegistrationHandler: FULL_LEDGER 1277747205
03-31 12:28:47.082 24129 24721 D RegistrationHandler: Received full ledger from 5@test.com with nonce 1277747205
03-31 12:28:47.082 24129 24721 D RegistrationHandler: FULL_LEDGER 1277747205
03-31 12:28:47.090 24129 24714 D RegistrationHandler: Received full ledger from 5@test.com with nonce 1277747205
03-31 12:28:47.091 24129 24714 D RegistrationHandler: FULL_LEDGER 1277747205
03-31 12:28:47.310 24129 24708 D RegistrationHandler: Has received 4 of 4 fragments from 6@test.com
03-31 12:28:47.338 24129 24708 D RegistrationHandler: Has received 5 of 5 fragments from 5@test.com
03-31 12:28:47.342 24129 24714 D RegistrationHandler: Has received 5 of 5 from 5@test.com
03-31 12:28:47.349 24129 24708 D RegistrationHandler: Has received 5 of 5 from 5@test.com
03-31 12:28:47.354 24129 24731 D RegistrationHandler: Has received 5 of 5 from 5@test.com
03-31 12:28:47.369 24129 24714 D RegistrationHandler: Received full ledger from 5@test.com with nonce 1277747205
03-31 12:28:47.369 24129 24714 D RegistrationHandler: FULL_LEDGER 1277747205
03-31 12:28:47.370 24129 24708 D RegistrationHandler: Received full ledger from 5@test.com with nonce 1277747205
03-31 12:28:47.370 24129 24708 D RegistrationHandler: FULL_LEDGER 1277747205
03-31 12:28:47.377 24129 24731 D RegistrationHandler: Received full ledger from 5@test.com with nonce 1277747205
03-31 12:28:47.378 24129 24731 D RegistrationHandler: FULL_LEDGER 1277747205
03-31 12:28:47.401 24129 24731 D RegistrationHandler: Has received 5 of 5 from 5@test.com
03-31 12:28:47.414 24129 24731 D RegistrationHandler: Received full ledger from 5@test.com with nonce 1277747205
03-31 12:28:47.414 24129 24731 D RegistrationHandler: FULL_LEDGER 1277747205
03-31 12:28:48.013 24129 24731 D MulticastServer: Registration process started with nonce 144650719
03-31 12:28:48.018 24129 24731 D MulticastServer: Received request for ledger with nonce: 144650719.
03-31 12:28:48.057 24129 24708 D RegistrationHandler: 144650719 Received hash from 3@test.com: f835c5ca0c47878ea990e2267afaa94dfcd7989b8df91afd355a2946088d400b
03-31 12:28:48.087 24129 24708 D MulticastClient: Sent messages with 3 resends: [{"sender":"{\"ip\":\"192.168.1.96\",\"cert\":\"MIIBGzCBwqADAgECAgYBf995t9QwCgYIKoZIzj0EAwIwFTETMBEGA1UEAwwKVFRNNDkwNSBDQTAeFw0yMjAzMzAxMDE2MTBaFw0yMjA0MzAxMDE2MTBaMBUxEzARBgNVBAMMCjNAdGVzdC5jb20wWTATBgcqhkjOPQIBBggqhkjOPQMBBwNCAATY3kLH7Qz4fsUds8uo3PhKft0NLt+5z469gIE3lhucqzAWwwAn06WxsTJLB7jIbr+w\/jyxRPTQe4bioM6AtaLIMAoGCCqGSM49BAMCA0gAMEUCIA0ppl8ei8h1m3prdyupn0WZC6qRuZWM4R6\/rV6AVrcSAiEAwWLG\/rR3rVnUo0t0BriCXqWS+yMclkr+vppWHQ0bfZU=\"}","payload":"f835c5ca0c47878ea990e2267afaa94dfcd7989b8df91afd355a2946088d400b","mt":"LEDGER_HASH","sig":"MEUCIQC05csesXoUua1ZpRg0XT2x8Zlmnj2twzQ7vjofOJrBYgIgdLw2nUuB724WbTVG3ar8d1f4J5MInTKoEtZKw2H7FK0=","nonce":144650719,"seq":0,"tot":0}]
03-31 12:28:48.538 24129 24721 D RegistrationHandler: Has received 1 of 4 fragments from 6@test.com
03-31 12:28:48.556 24129 24731 D RegistrationHandler: Has received 2 of 4 from 6@test.com
03-31 12:28:48.742 24129 24731 D RegistrationHandler: 144650719 Received hash from 2@test.com: 0300b2a069c5e6ea88a08940df59a931c7f346e9ee36b2de310ddeeec7f42ec6
03-31 12:28:48.851 24129 24731 D RegistrationHandler: Has received 3 of 4 from 6@test.com
03-31 12:28:48.856 24129 24714 D RegistrationHandler: Has received 3 of 4 from 6@test.com
03-31 12:28:48.857 24129 24721 D RegistrationHandler: Has received 4 of 4 from 6@test.com
03-31 12:28:48.867 24129 24714 D RegistrationHandler: Has received 1 of 5 fragments from 5@test.com
03-31 12:28:48.871 24129 24722 D RegistrationHandler: Has received 2 of 5 from 5@test.com
03-31 12:28:48.875 24129 24721 D RegistrationHandler: Received full ledger from 6@test.com with nonce 144650719
03-31 12:28:48.875 24129 24721 D RegistrationHandler: FULL_LEDGER 144650719
03-31 12:28:48.878 24129 24714 D RegistrationHandler: Has received 3 of 5 from 5@test.com
03-31 12:28:48.883 24129 24714 D RegistrationHandler: Has received 4 of 5 from 5@test.com
03-31 12:28:48.890 24129 24714 D RegistrationHandler: Has received 5 of 5 from 5@test.com
03-31 12:28:48.899 24129 24714 D RegistrationHandler: Received full ledger from 5@test.com with nonce 144650719
03-31 12:28:48.899 24129 24714 D RegistrationHandler: FULL_LEDGER 144650719
03-31 12:28:49.168 24129 24714 D RegistrationHandler: Has received 4 of 4 fragments from 6@test.com
03-31 12:28:49.177 24129 24721 D RegistrationHandler: Has received 5 of 5 fragments from 5@test.com
03-31 12:28:49.180 24129 24708 D RegistrationHandler: Has received 5 of 5 from 5@test.com
03-31 12:28:49.188 24129 24722 D RegistrationHandler: Has received 5 of 5 from 5@test.com
03-31 12:28:49.198 24129 24714 D RegistrationHandler: Received full ledger from 6@test.com with nonce 144650719
03-31 12:28:49.198 24129 24714 D RegistrationHandler: FULL_LEDGER 144650719
03-31 12:28:49.199 24129 24731 D RegistrationHandler: Has received 5 of 5 from 5@test.com
03-31 12:28:49.202 24129 24708 D RegistrationHandler: Received full ledger from 5@test.com with nonce 144650719
03-31 12:28:49.203 24129 24708 D RegistrationHandler: FULL_LEDGER 144650719
03-31 12:28:49.205 24129 24726 D RegistrationHandler: Has received 5 of 5 from 5@test.com
03-31 12:28:49.207 24129 24721 D RegistrationHandler: Received full ledger from 5@test.com with nonce 144650719
03-31 12:28:49.207 24129 24721 D RegistrationHandler: FULL_LEDGER 144650719
03-31 12:28:49.209 24129 24722 D RegistrationHandler: Received full ledger from 5@test.com with nonce 144650719
03-31 12:28:49.209 24129 24722 D RegistrationHandler: FULL_LEDGER 144650719
03-31 12:28:49.213 24129 24726 D RegistrationHandler: Received full ledger from 5@test.com with nonce 144650719
03-31 12:28:49.213 24129 24726 D RegistrationHandler: FULL_LEDGER 144650719
03-31 12:28:49.214 24129 24731 D RegistrationHandler: Received full ledger from 5@test.com with nonce 144650719
03-31 12:28:49.214 24129 24731 D RegistrationHandler: FULL_LEDGER 144650719
03-31 12:28:49.217 24129 24714 D RegistrationHandler: ACCEPTED_LEDGER 144650719 4
03-31 12:28:49.220 24129 24714 D RegistrationHandler: 144650719 The accepted ledger contains: [2@test.com, 3@test.com, 5@test.com, 6@test.com]
03-31 12:28:49.220 24129 24714 D MulticastServer: Registration process finished: 144650719
03-31 12:28:50.207 24129 24780 D RegistrationHandler: ACCEPTED_LEDGER 1277747205 4
03-31 12:28:50.213 24129 24780 D RegistrationHandler: 1277747205 The accepted ledger contains: [2@test.com, 3@test.com, 5@test.com, 6@test.com]
03-31 12:28:50.213 24129 24780 D MulticastServer: Registration process finished: 1277747205
03-31 12:29:01.428 24129 24714 D MulticastServer: Registration process started with nonce 629948643
03-31 12:29:01.432 24129 24714 D MulticastServer: Received request for ledger with nonce: 629948643.
03-31 12:29:01.454 24129 24726 D RegistrationHandler: 629948643 Received hash from 3@test.com: f835c5ca0c47878ea990e2267afaa94dfcd7989b8df91afd355a2946088d400b
03-31 12:29:01.469 24129 24726 D MulticastClient: Sent messages with 3 resends: [{"sender":"{\"ip\":\"192.168.1.96\",\"cert\":\"MIIBGzCBwqADAgECAgYBf995t9QwCgYIKoZIzj0EAwIwFTETMBEGA1UEAwwKVFRNNDkwNSBDQTAeFw0yMjAzMzAxMDE2MTBaFw0yMjA0MzAxMDE2MTBaMBUxEzARBgNVBAMMCjNAdGVzdC5jb20wWTATBgcqhkjOPQIBBggqhkjOPQMBBwNCAATY3kLH7Qz4fsUds8uo3PhKft0NLt+5z469gIE3lhucqzAWwwAn06WxsTJLB7jIbr+w\/jyxRPTQe4bioM6AtaLIMAoGCCqGSM49BAMCA0gAMEUCIA0ppl8ei8h1m3prdyupn0WZC6qRuZWM4R6\/rV6AVrcSAiEAwWLG\/rR3rVnUo0t0BriCXqWS+yMclkr+vppWHQ0bfZU=\"}","payload":"f835c5ca0c47878ea990e2267afaa94dfcd7989b8df91afd355a2946088d400b","mt":"LEDGER_HASH","sig":"MEUCIQDkBJgRAVXhiP8qw2fKFziPhenEvaTL+4F0OmI8XPZ9fQIgbZeJjpaKEuSpAyjHerklbzuDlV1QqGmlftc8nPcUtLc=","nonce":629948643,"seq":0,"tot":0}]
03-31 12:29:01.539 24129 24714 D RegistrationHandler: 629948643 Received hash from 2@test.com: 0300b2a069c5e6ea88a08940df59a931c7f346e9ee36b2de310ddeeec7f42ec6
03-31 12:29:01.549 24129 24714 D RegistrationHandler: Has received 1 of 4 fragments from 6@test.com
03-31 12:29:01.559 24129 24714 D RegistrationHandler: Has received 1 of 5 fragments from 5@test.com
03-31 12:29:01.565 24129 24714 D RegistrationHandler: Has received 2 of 4 from 6@test.com
03-31 12:29:01.573 24129 24714 D RegistrationHandler: Has received 2 of 5 from 5@test.com
03-31 12:29:01.580 24129 24714 D RegistrationHandler: Has received 3 of 4 from 6@test.com
03-31 12:29:01.586 24129 24714 D RegistrationHandler: Has received 3 of 5 from 5@test.com
03-31 12:29:01.592 24129 24714 D RegistrationHandler: Has received 4 of 4 from 6@test.com
03-31 12:29:01.603 24129 24714 D RegistrationHandler: Received full ledger from 6@test.com with nonce 629948643
03-31 12:29:01.603 24129 24714 D RegistrationHandler: FULL_LEDGER 629948643
03-31 12:29:01.611 24129 24722 D RegistrationHandler: Has received 4 of 5 from 5@test.com
03-31 12:29:01.963 24129 24714 D RegistrationHandler: Has received 4 of 5 fragments from 5@test.com
03-31 12:29:01.968 24129 24731 D RegistrationHandler: Has received 4 of 5 from 5@test.com
03-31 12:29:01.968 24129 24722 D RegistrationHandler: Has received 4 of 5 from 5@test.com
03-31 12:29:01.999 24129 24722 D RegistrationHandler: Has received 4 of 5 from 5@test.com
03-31 12:29:02.027 24129 24731 D RegistrationHandler: Has received 5 of 5 from 5@test.com
03-31 12:29:02.038 24129 24731 D RegistrationHandler: Received full ledger from 5@test.com with nonce 629948643
03-31 12:29:02.038 24129 24731 D RegistrationHandler: FULL_LEDGER 629948643
03-31 12:29:02.259 24129 24731 D RegistrationHandler: Has received 4 of 4 fragments from 6@test.com
03-31 12:29:02.313 24129 24731 D RegistrationHandler: Has received 5 of 5 from 5@test.com
03-31 12:29:02.318 24129 24722 D RegistrationHandler: Has received 5 of 5 from 5@test.com
03-31 12:29:02.345 24129 24731 D RegistrationHandler: Received full ledger from 5@test.com with nonce 629948643
03-31 12:29:02.345 24129 24731 D RegistrationHandler: FULL_LEDGER 629948643
03-31 12:29:02.346 24129 24722 D RegistrationHandler: Received full ledger from 5@test.com with nonce 629948643
03-31 12:29:02.346 24129 24722 D RegistrationHandler: FULL_LEDGER 629948643
03-31 12:29:05.428 24129 24726 D MulticastServer: Broadcast block received {"ip":"192.168.1.97","cert":"MIIBGzCBwqADAgECAgYBf994BZcwCgYIKoZIzj0EAwIwFTETMBEGA1UEAwwKVFRNNDkwNSBDQTAeFw0yMjAzMzAxMDE0MTlaFw0yMjA0MzAxMDE0MTlaMBUxEzARBgNVBAMMCjFAdGVzdC5jb20wWTATBgcqhkjOPQIBBggqhkjOPQMBBwNCAARWqe9zQZRD8c/IJTwlqcBP3wxNnfnskSHFN0SfukuFElFHa1WRgMC9pldvLvFQJjmHIsbfcfCnJ/3odCWEsES2MAoGCCqGSM49BAMCA0gAMEUCIQD+uRDurwdItFUVVn2KMsGSnE/Xjlxq7IxcC/elzuS+CgIgGfru1MXmAHBBehcDSGWfWWS85xWG153fQT3F2ASLxs0="}
03-31 12:29:05.465 24129 24802 D RegistrationHandler: ACCEPTED_LEDGER 629948643 4
03-31 12:29:05.473 24129 24802 D RegistrationHandler: 629948643 The accepted ledger contains: [2@test.com, 3@test.com, 5@test.com, 6@test.com]
03-31 12:29:05.473 24129 24802 D MulticastServer: Registration process finished: 629948643
03-31 12:29:05.735 24129 24726 D MulticastServer: Broadcast block received {"ip":"192.168.1.97","cert":"MIIBGzCBwqADAgECAgYBf994BZcwCgYIKoZIzj0EAwIwFTETMBEGA1UEAwwKVFRNNDkwNSBDQTAeFw0yMjAzMzAxMDE0MTlaFw0yMjA0MzAxMDE0MTlaMBUxEzARBgNVBAMMCjFAdGVzdC5jb20wWTATBgcqhkjOPQIBBggqhkjOPQMBBwNCAARWqe9zQZRD8c/IJTwlqcBP3wxNnfnskSHFN0SfukuFElFHa1WRgMC9pldvLvFQJjmHIsbfcfCnJ/3odCWEsES2MAoGCCqGSM49BAMCA0gAMEUCIQD+uRDurwdItFUVVn2KMsGSnE/Xjlxq7IxcC/elzuS+CgIgGfru1MXmAHBBehcDSGWfWWS85xWG153fQT3F2ASLxs0="}
03-31 12:29:06.045 24129 24726 D MulticastServer: Broadcast block received {"ip":"192.168.1.97","cert":"MIIBGzCBwqADAgECAgYBf994BZcwCgYIKoZIzj0EAwIwFTETMBEGA1UEAwwKVFRNNDkwNSBDQTAeFw0yMjAzMzAxMDE0MTlaFw0yMjA0MzAxMDE0MTlaMBUxEzARBgNVBAMMCjFAdGVzdC5jb20wWTATBgcqhkjOPQIBBggqhkjOPQMBBwNCAARWqe9zQZRD8c/IJTwlqcBP3wxNnfnskSHFN0SfukuFElFHa1WRgMC9pldvLvFQJjmHIsbfcfCnJ/3odCWEsES2MAoGCCqGSM49BAMCA0gAMEUCIQD+uRDurwdItFUVVn2KMsGSnE/Xjlxq7IxcC/elzuS+CgIgGfru1MXmAHBBehcDSGWfWWS85xWG153fQT3F2ASLxs0="}
03-31 12:29:06.348 24129 24726 D MulticastServer: Broadcast block received {"ip":"192.168.1.97","cert":"MIIBGzCBwqADAgECAgYBf994BZcwCgYIKoZIzj0EAwIwFTETMBEGA1UEAwwKVFRNNDkwNSBDQTAeFw0yMjAzMzAxMDE0MTlaFw0yMjA0MzAxMDE0MTlaMBUxEzARBgNVBAMMCjFAdGVzdC5jb20wWTATBgcqhkjOPQIBBggqhkjOPQMBBwNCAARWqe9zQZRD8c/IJTwlqcBP3wxNnfnskSHFN0SfukuFElFHa1WRgMC9pldvLvFQJjmHIsbfcfCnJ/3odCWEsES2MAoGCCqGSM49BAMCA0gAMEUCIQD+uRDurwdItFUVVn2KMsGSnE/Xjlxq7IxcC/elzuS+CgIgGfru1MXmAHBBehcDSGWfWWS85xWG153fQT3F2ASLxs0="}
round 8 of 100
03-31 12:29:41.284 24512 24913 D MulticastServer: MULTICAST_SERVER_LISTENING
03-31 12:29:41.288 24512 24915 D MulticastServer: Registration process started with nonce 1672556499
03-31 12:29:41.294 24512 24914 D MulticastClient: REQUEST_LEDGER 1672556499
03-31 12:29:41.297 24512 24914 D MulticastClient: Sent messages with 3 resends: [{"sender":"","payload":"","mt":"REQUEST_LEDGER","sig":"","nonce":1672556499,"seq":0,"tot":0}]
03-31 12:29:41.903 24512 24920 D RegistrationHandler: Has received 1 of 2 fragments from 6@test.com
03-31 12:29:41.915 24512 24920 D RegistrationHandler: Received full ledger from 6@test.com with nonce 1672556499
03-31 12:29:41.915 24512 24920 D RegistrationHandler: FULL_LEDGER 1672556499
03-31 12:29:42.526 24512 24934 D RegistrationHandler: Has received 1 of 2 fragments from 5@test.com
03-31 12:29:42.553 24512 24934 D RegistrationHandler: Received full ledger from 5@test.com with nonce 1672556499
03-31 12:29:42.554 24512 24934 D RegistrationHandler: FULL_LEDGER 1672556499
03-31 12:29:45.302 24512 24916 D RegistrationHandler: ACCEPTED_LEDGER 1672556499 2
03-31 12:29:45.309 24512 24916 D RegistrationHandler: 1672556499 The accepted ledger contains: [5@test.com, 6@test.com]
03-31 12:29:45.309 24512 24916 D RegistrationHandler: 1672556499 Registration started
03-31 12:29:45.352 24512 24934 D MulticastClient: Sent messages with 3 resends: [{"sender":"3@test.com","payload":"{\"ip\":\"192.168.1.96\",\"cert\":\"MIIBGzCBwqADAgECAgYBf995t9QwCgYIKoZIzj0EAwIwFTETMBEGA1UEAwwKVFRNNDkwNSBDQTAeFw0yMjAzMzAxMDE2MTBaFw0yMjA0MzAxMDE2MTBaMBUxEzARBgNVBAMMCjNAdGVzdC5jb20wWTATBgcqhkjOPQIBBggqhkjOPQMBBwNCAATY3kLH7Qz4fsUds8uo3PhKft0NLt+5z469gIE3lhucqzAWwwAn06WxsTJLB7jIbr+w\/jyxRPTQe4bioM6AtaLIMAoGCCqGSM49BAMCA0gAMEUCIA0ppl8ei8h1m3prdyupn0WZC6qRuZWM4R6\/rV6AVrcSAiEAwWLG\/rR3rVnUo0t0BriCXqWS+yMclkr+vppWHQ0bfZU=\"}","mt":"BROADCAST_BLOCK","sig":"MEQCIHZCHjrBMLvAF8ELO0ONi9ibbhpS6L1WoV4wQRaQuc5VAiBP2YHdcud1afS3\/JJ3If0eHqNsYQAvLROoaxKTj1a5xg==","nonce":1672556499,"seq":0,"tot":0}]
03-31 12:29:45.353 24512 24916 D MulticastServer: Registration process finished: 1672556499
03-31 12:29:55.702 24512 24914 D MulticastServer: Registration process started with nonce 1694055430
03-31 12:29:55.707 24512 24914 D MulticastServer: Received request for ledger with nonce: 1694055430.
03-31 12:29:55.750 24512 24934 D RegistrationHandler: 1694055430 Received hash from 3@test.com: 134e2587af527ac5d4ef2d11b6962451dd1e9873c4ff54582a8fa7af1f655cc2
03-31 12:29:55.773 24512 24934 D MulticastClient: Sent messages with 3 resends: [{"sender":"{\"ip\":\"192.168.1.96\",\"cert\":\"MIIBGzCBwqADAgECAgYBf995t9QwCgYIKoZIzj0EAwIwFTETMBEGA1UEAwwKVFRNNDkwNSBDQTAeFw0yMjAzMzAxMDE2MTBaFw0yMjA0MzAxMDE2MTBaMBUxEzARBgNVBAMMCjNAdGVzdC5jb20wWTATBgcqhkjOPQIBBggqhkjOPQMBBwNCAATY3kLH7Qz4fsUds8uo3PhKft0NLt+5z469gIE3lhucqzAWwwAn06WxsTJLB7jIbr+w\/jyxRPTQe4bioM6AtaLIMAoGCCqGSM49BAMCA0gAMEUCIA0ppl8ei8h1m3prdyupn0WZC6qRuZWM4R6\/rV6AVrcSAiEAwWLG\/rR3rVnUo0t0BriCXqWS+yMclkr+vppWHQ0bfZU=\"}","payload":"134e2587af527ac5d4ef2d11b6962451dd1e9873c4ff54582a8fa7af1f655cc2","mt":"LEDGER_HASH","sig":"MEUCIEg66sspjrYMpNwmCTS1idc74d8f4je4QSuc0YKFHLjfAiEA9f\/UALtpbjwieoljaQ+G1+HLlipVay7FmyzoYOQraJQ=","nonce":1694055430,"seq":0,"tot":0}]
03-31 12:29:55.827 24512 24914 D RegistrationHandler: Has received 1 of 3 fragments from 6@test.com
03-31 12:29:55.846 24512 24914 D RegistrationHandler: Has received 2 of 3 from 6@test.com
03-31 12:29:55.852 24512 24914 D RegistrationHandler: Has received 3 of 3 from 6@test.com
03-31 12:29:55.866 24512 24914 D RegistrationHandler: Received full ledger from 6@test.com with nonce 1694055430
03-31 12:29:55.867 24512 24914 D RegistrationHandler: FULL_LEDGER 1694055430
03-31 12:29:56.237 24512 24914 D RegistrationHandler: Has received 3 of 3 fragments from 6@test.com
03-31 12:29:56.551 24512 24914 D RegistrationHandler: Has received 1 of 3 fragments from 5@test.com
03-31 12:29:56.582 24512 24914 D RegistrationHandler: Received full ledger from 5@test.com with nonce 1694055430
03-31 12:29:56.582 24512 24914 D RegistrationHandler: FULL_LEDGER 1694055430
03-31 12:29:56.601 24512 24914 D RegistrationHandler: ACCEPTED_LEDGER 1694055430 3
03-31 12:29:56.605 24512 24914 D RegistrationHandler: 1694055430 The accepted ledger contains: [3@test.com, 5@test.com, 6@test.com]
03-31 12:29:56.605 24512 24914 D MulticastServer: Registration process finished: 1694055430
03-31 12:29:56.620 24512 24914 D MulticastServer: Broadcast block received {"ip":"192.168.1.126","cert":"MIIBGzCBwqADAgECAgYBf994jVgwCgYIKoZIzj0EAwIwFTETMBEGA1UEAwwKVFRNNDkwNSBDQTAeFw0yMjAzMzAxMDE0NTRaFw0yMjA0MzAxMDE0NTRaMBUxEzARBgNVBAMMCjJAdGVzdC5jb20wWTATBgcqhkjOPQIBBggqhkjOPQMBBwNCAASfp8DfpDI4F1LcnhLU9XVqVlPfMKymZ5CCGjJ1fzUl10nP2pVehNZnWeRb8D6HrQrSylv6yjeqJ4LaLL5rYv5DMAoGCCqGSM49BAMCA0gAMEUCIQDKIT1zYbOHoSvwm5UEfwU7wX76J0DjD3DEsyMrIRz2mQIgB0NHKAft76MW8NEEL9Ferq4SmTyDVdc/57LP58HFs2Q="}
03-31 12:29:56.935 24512 24935 D MulticastServer: Broadcast block received {"ip":"192.168.1.126","cert":"MIIBGzCBwqADAgECAgYBf994jVgwCgYIKoZIzj0EAwIwFTETMBEGA1UEAwwKVFRNNDkwNSBDQTAeFw0yMjAzMzAxMDE0NTRaFw0yMjA0MzAxMDE0NTRaMBUxEzARBgNVBAMMCjJAdGVzdC5jb20wWTATBgcqhkjOPQIBBggqhkjOPQMBBwNCAASfp8DfpDI4F1LcnhLU9XVqVlPfMKymZ5CCGjJ1fzUl10nP2pVehNZnWeRb8D6HrQrSylv6yjeqJ4LaLL5rYv5DMAoGCCqGSM49BAMCA0gAMEUCIQDKIT1zYbOHoSvwm5UEfwU7wX76J0DjD3DEsyMrIRz2mQIgB0NHKAft76MW8NEEL9Ferq4SmTyDVdc/57LP58HFs2Q="}
03-31 12:29:57.248 24512 24935 D MulticastServer: Broadcast block received {"ip":"192.168.1.126","cert":"MIIBGzCBwqADAgECAgYBf994jVgwCgYIKoZIzj0EAwIwFTETMBEGA1UEAwwKVFRNNDkwNSBDQTAeFw0yMjAzMzAxMDE0NTRaFw0yMjA0MzAxMDE0NTRaMBUxEzARBgNVBAMMCjJAdGVzdC5jb20wWTATBgcqhkjOPQIBBggqhkjOPQMBBwNCAASfp8DfpDI4F1LcnhLU9XVqVlPfMKymZ5CCGjJ1fzUl10nP2pVehNZnWeRb8D6HrQrSylv6yjeqJ4LaLL5rYv5DMAoGCCqGSM49BAMCA0gAMEUCIQDKIT1zYbOHoSvwm5UEfwU7wX76J0DjD3DEsyMrIRz2mQIgB0NHKAft76MW8NEEL9Ferq4SmTyDVdc/57LP58HFs2Q="}
03-31 12:30:10.953 24512 24935 D MulticastServer: Registration process started with nonce 2020091658
03-31 12:30:10.959 24512 24935 D MulticastServer: Received request for ledger with nonce: 2020091658.
03-31 12:30:11.001 24512 24935 D RegistrationHandler: 2020091658 Received hash from 3@test.com: f835c5ca0c47878ea990e2267afaa94dfcd7989b8df91afd355a2946088d400b
03-31 12:30:11.025 24512 24935 D MulticastClient: Sent messages with 3 resends: [{"sender":"{\"ip\":\"192.168.1.96\",\"cert\":\"MIIBGzCBwqADAgECAgYBf995t9QwCgYIKoZIzj0EAwIwFTETMBEGA1UEAwwKVFRNNDkwNSBDQTAeFw0yMjAzMzAxMDE2MTBaFw0yMjA0MzAxMDE2MTBaMBUxEzARBgNVBAMMCjNAdGVzdC5jb20wWTATBgcqhkjOPQIBBggqhkjOPQMBBwNCAATY3kLH7Qz4fsUds8uo3PhKft0NLt+5z469gIE3lhucqzAWwwAn06WxsTJLB7jIbr+w\/jyxRPTQe4bioM6AtaLIMAoGCCqGSM49BAMCA0gAMEUCIA0ppl8ei8h1m3prdyupn0WZC6qRuZWM4R6\/rV6AVrcSAiEAwWLG\/rR3rVnUo0t0BriCXqWS+yMclkr+vppWHQ0bfZU=\"}","payload":"f835c5ca0c47878ea990e2267afaa94dfcd7989b8df91afd355a2946088d400b","mt":"LEDGER_HASH","sig":"MEUCIGloNiOfh9L9I\/hMrGchiaRT9GmJdA8YKAZNRqwd2LLPAiEA+HbUxNVAYYFP8RDni\/p9jAh3QYDCOAFeuM7gSNvvS3o=","nonce":2020091658,"seq":0,"tot":0}]
03-31 12:30:11.062 24512 24934 D RegistrationHandler: 2020091658 Received hash from 2@test.com: f835c5ca0c47878ea990e2267afaa94dfcd7989b8df91afd355a2946088d400b
03-31 12:30:11.395 24512 24934 D RegistrationHandler: Has received 1 of 4 fragments from 6@test.com
03-31 12:30:11.407 24512 24914 D RegistrationHandler: Has received 2 of 4 from 6@test.com
03-31 12:30:11.433 24512 24934 D RegistrationHandler: Received full ledger from 6@test.com with nonce 2020091658
