03-31 12:43:13.546 26541 26911 D RegistrationHandler: 517744778 The accepted ledger contains: [2@test.com, 3@test.com, 4@test.com, 5@test.com, 6@test.com]
03-31 12:43:13.621 26541 26911 D MulticastServer: Broadcast block received {"ip":"192.168.1.97","cert":"MIIBGzCBwqADAgECAgYBf994BZcwCgYIKoZIzj0EAwIwFTETMBEGA1UEAwwKVFRNNDkwNSBDQTAeFw0yMjAzMzAxMDE0MTlaFw0yMjA0MzAxMDE0MTlaMBUxEzARBgNVBAMMCjFAdGVzdC5jb20wWTATBgcqhkjOPQIBBggqhkjOPQMBBwNCAARWqe9zQZRD8c/IJTwlqcBP3wxNnfnskSHFN0SfukuFElFHa1WRgMC9pldvLvFQJjmHIsbfcfCnJ/3odCWEsES2MAoGCCqGSM49BAMCA0gAMEUCIQD+uRDurwdItFUVVn2KMsGSnE/Xjlxq7IxcC/elzuS+CgIgGfru1MXmAHBBehcDSGWfWWS85xWG153fQT3F2ASLxs0="}
03-31 12:43:13.816 26541 26911 D MulticastServer: Broadcast block received {"ip":"192.168.1.97","cert":"MIIBGzCBwqADAgECAgYBf994BZcwCgYIKoZIzj0EAwIwFTETMBEGA1UEAwwKVFRNNDkwNSBDQTAeFw0yMjAzMzAxMDE0MTlaFw0yMjA0MzAxMDE0MTlaMBUxEzARBgNVBAMMCjFAdGVzdC5jb20wWTATBgcqhkjOPQIBBggqhkjOPQMBBwNCAARWqe9zQZRD8c/IJTwlqcBP3wxNnfnskSHFN0SfukuFElFHa1WRgMC9pldvLvFQJjmHIsbfcfCnJ/3odCWEsES2MAoGCCqGSM49BAMCA0gAMEUCIQD+uRDurwdItFUVVn2KMsGSnE/Xjlxq7IxcC/elzuS+CgIgGfru1MXmAHBBehcDSGWfWWS85xWG153fQT3F2ASLxs0="}
03-31 12:43:14.123 26541 26917 D MulticastServer: Broadcast block received {"ip":"192.168.1.97","cert":"MIIBGzCBwqADAgECAgYBf994BZcwCgYIKoZIzj0EAwIwFTETMBEGA1UEAwwKVFRNNDkwNSBDQTAeFw0yMjAzMzAxMDE0MTlaFw0yMjA0MzAxMDE0MTlaMBUxEzARBgNVBAMMCjFAdGVzdC5jb20wWTATBgcqhkjOPQIBBggqhkjOPQMBBwNCAARWqe9zQZRD8c/IJTwlqcBP3wxNnfnskSHFN0SfukuFElFHa1WRgMC9pldvLvFQJjmHIsbfcfCnJ/3odCWEsES2MAoGCCqGSM49BAMCA0gAMEUCIQD+uRDurwdItFUVVn2KMsGSnE/Xjlxq7IxcC/elzuS+CgIgGfru1MXmAHBBehcDSGWfWWS85xWG153fQT3F2ASLxs0="}
round 18 of 100
03-31 12:43:53.030 26747 27150 D MulticastServer: MULTICAST_SERVER_LISTENING
03-31 12:43:53.036 26747 27151 D MulticastServer: Registration process started with nonce 464491382
03-31 12:43:53.049 26747 27155 D MulticastClient: REQUEST_LEDGER 464491382
03-31 12:43:53.055 26747 27155 D MulticastClient: Sent messages with 3 resends: [{"sender":"","payload":"","mt":"REQUEST_LEDGER","sig":"","nonce":464491382,"seq":0,"tot":0}]
03-31 12:43:53.261 26747 27166 D RegistrationHandler: Has received 1 of 2 fragments from 6@test.com
03-31 12:43:53.261 26747 27157 D RegistrationHandler: Has received 1 of 2 fragments from 5@test.com
03-31 12:43:53.263 26747 27167 D RegistrationHandler: Has received 2 of 2 from 6@test.com
03-31 12:43:53.273 26747 27167 D RegistrationHandler: Received full ledger from 6@test.com with nonce 464491382
03-31 12:43:53.273 26747 27167 D RegistrationHandler: FULL_LEDGER 464491382
03-31 12:43:53.550 26747 27166 D RegistrationHandler: Has received 1 of 2 fragments from 5@test.com
03-31 12:43:53.552 26747 27166 D RegistrationHandler: Has received 2 of 2 from 5@test.com
03-31 12:43:53.557 26747 27166 D RegistrationHandler: Received full ledger from 5@test.com with nonce 464491382
03-31 12:43:53.557 26747 27166 D RegistrationHandler: FULL_LEDGER 464491382
03-31 12:43:53.645 26747 27166 D RegistrationHandler: Has received 2 of 2 fragments from 6@test.com
03-31 12:43:53.969 26747 27166 D RegistrationHandler: Has received 2 of 2 fragments from 5@test.com
03-31 12:43:53.972 26747 27166 D RegistrationHandler: Has received 2 of 2 from 5@test.com
03-31 12:43:53.972 26747 27169 D RegistrationHandler: Has received 2 of 2 fragments from 6@test.com
03-31 12:43:53.980 26747 27166 D RegistrationHandler: Received full ledger from 5@test.com with nonce 464491382
03-31 12:43:53.980 26747 27166 D RegistrationHandler: FULL_LEDGER 464491382
03-31 12:43:57.072 26747 27152 D RegistrationHandler: ACCEPTED_LEDGER 464491382 2
03-31 12:43:57.080 26747 27152 D RegistrationHandler: 464491382 The accepted ledger contains: [5@test.com, 6@test.com]
03-31 12:43:57.080 26747 27152 D RegistrationHandler: 464491382 Registration started
03-31 12:43:57.100 26747 27152 D MulticastServer: Registration process finished: 464491382
03-31 12:43:57.107 26747 27166 D MulticastClient: Sent messages with 3 resends: [{"sender":"3@test.com","payload":"{\"ip\":\"192.168.1.96\",\"cert\":\"MIIBGzCBwqADAgECAgYBf995t9QwCgYIKoZIzj0EAwIwFTETMBEGA1UEAwwKVFRNNDkwNSBDQTAeFw0yMjAzMzAxMDE2MTBaFw0yMjA0MzAxMDE2MTBaMBUxEzARBgNVBAMMCjNAdGVzdC5jb20wWTATBgcqhkjOPQIBBggqhkjOPQMBBwNCAATY3kLH7Qz4fsUds8uo3PhKft0NLt+5z469gIE3lhucqzAWwwAn06WxsTJLB7jIbr+w\/jyxRPTQe4bioM6AtaLIMAoGCCqGSM49BAMCA0gAMEUCIA0ppl8ei8h1m3prdyupn0WZC6qRuZWM4R6\/rV6AVrcSAiEAwWLG\/rR3rVnUo0t0BriCXqWS+yMclkr+vppWHQ0bfZU=\"}","mt":"BROADCAST_BLOCK","sig":"MEYCIQDYbQCSeHPpvzcv3fLjLgpu\/m0PRI\/WaSd99O8ZmWFo+QIhAPG5BiPsFQOcX\/Cysc+cQOXCKzmbwts55\/Liu312d8TR","nonce":464491382,"seq":0,"tot":0}]
03-31 12:44:07.262 26747 27168 D MulticastServer: Registration process started with nonce 1017376486
03-31 12:44:07.267 26747 27168 D MulticastServer: Received request for ledger with nonce: 1017376486.
03-31 12:44:07.319 26747 27166 D RegistrationHandler: 1017376486 Received hash from 3@test.com: 134e2587af527ac5d4ef2d11b6962451dd1e9873c4ff54582a8fa7af1f655cc2
03-31 12:44:07.347 26747 27166 D MulticastClient: Sent messages with 3 resends: [{"sender":"{\"ip\":\"192.168.1.96\",\"cert\":\"MIIBGzCBwqADAgECAgYBf995t9QwCgYIKoZIzj0EAwIwFTETMBEGA1UEAwwKVFRNNDkwNSBDQTAeFw0yMjAzMzAxMDE2MTBaFw0yMjA0MzAxMDE2MTBaMBUxEzARBgNVBAMMCjNAdGVzdC5jb20wWTATBgcqhkjOPQIBBggqhkjOPQMBBwNCAATY3kLH7Qz4fsUds8uo3PhKft0NLt+5z469gIE3lhucqzAWwwAn06WxsTJLB7jIbr+w\/jyxRPTQe4bioM6AtaLIMAoGCCqGSM49BAMCA0gAMEUCIA0ppl8ei8h1m3prdyupn0WZC6qRuZWM4R6\/rV6AVrcSAiEAwWLG\/rR3rVnUo0t0BriCXqWS+yMclkr+vppWHQ0bfZU=\"}","payload":"134e2587af527ac5d4ef2d11b6962451dd1e9873c4ff54582a8fa7af1f655cc2","mt":"LEDGER_HASH","sig":"MEUCIHpW4ld2vhJz4aCA\/v7Us8869LM1l+Nsl2w5YTUKnOILAiEAt8pnDqL9EmSmZvLjNYu+7cFSKdXMz8ES2ciElrSsaDU=","nonce":1017376486,"seq":0,"tot":0}]
03-31 12:44:07.369 26747 27168 D RegistrationHandler: Has received 1 of 3 fragments from 5@test.com
03-31 12:44:07.375 26747 27168 D RegistrationHandler: Has received 2 of 3 from 5@test.com
03-31 12:44:07.385 26747 27168 D RegistrationHandler: Has received 1 of 3 fragments from 6@test.com
03-31 12:44:07.391 26747 27168 D RegistrationHandler: Has received 2 of 3 from 6@test.com
03-31 12:44:07.406 26747 27168 D RegistrationHandler: Has received 3 of 3 from 6@test.com
03-31 12:44:07.420 26747 27168 D RegistrationHandler: Received full ledger from 6@test.com with nonce 1017376486
03-31 12:44:07.420 26747 27168 D RegistrationHandler: FULL_LEDGER 1017376486
03-31 12:44:07.477 26747 27168 D RegistrationHandler: Has received 3 of 3 from 5@test.com
03-31 12:44:07.507 26747 27168 D RegistrationHandler: Received full ledger from 5@test.com with nonce 1017376486
03-31 12:44:07.507 26747 27168 D RegistrationHandler: FULL_LEDGER 1017376486
03-31 12:44:07.532 26747 27168 D RegistrationHandler: ACCEPTED_LEDGER 1017376486 3
03-31 12:44:07.537 26747 27168 D RegistrationHandler: 1017376486 The accepted ledger contains: [3@test.com, 5@test.com, 6@test.com]
03-31 12:44:07.537 26747 27168 D MulticastServer: Registration process finished: 1017376486
03-31 12:44:08.802 26747 27168 D MulticastServer: Broadcast block received {"ip":"192.168.1.126","cert":"MIIBGzCBwqADAgECAgYBf994jVgwCgYIKoZIzj0EAwIwFTETMBEGA1UEAwwKVFRNNDkwNSBDQTAeFw0yMjAzMzAxMDE0NTRaFw0yMjA0MzAxMDE0NTRaMBUxEzARBgNVBAMMCjJAdGVzdC5jb20wWTATBgcqhkjOPQIBBggqhkjOPQMBBwNCAASfp8DfpDI4F1LcnhLU9XVqVlPfMKymZ5CCGjJ1fzUl10nP2pVehNZnWeRb8D6HrQrSylv6yjeqJ4LaLL5rYv5DMAoGCCqGSM49BAMCA0gAMEUCIQDKIT1zYbOHoSvwm5UEfwU7wX76J0DjD3DEsyMrIRz2mQIgB0NHKAft76MW8NEEL9Ferq4SmTyDVdc/57LP58HFs2Q="}
03-31 12:44:22.727 26747 27168 D MulticastServer: Registration process started with nonce 124648068
03-31 12:44:22.733 26747 27168 D MulticastServer: Received request for ledger with nonce: 124648068.
03-31 12:44:22.776 26747 27157 D RegistrationHandler: 124648068 Received hash from 3@test.com: f835c5ca0c47878ea990e2267afaa94dfcd7989b8df91afd355a2946088d400b
03-31 12:44:22.803 26747 27157 D MulticastClient: Sent messages with 3 resends: [{"sender":"{\"ip\":\"192.168.1.96\",\"cert\":\"MIIBGzCBwqADAgECAgYBf995t9QwCgYIKoZIzj0EAwIwFTETMBEGA1UEAwwKVFRNNDkwNSBDQTAeFw0yMjAzMzAxMDE2MTBaFw0yMjA0MzAxMDE2MTBaMBUxEzARBgNVBAMMCjNAdGVzdC5jb20wWTATBgcqhkjOPQIBBggqhkjOPQMBBwNCAATY3kLH7Qz4fsUds8uo3PhKft0NLt+5z469gIE3lhucqzAWwwAn06WxsTJLB7jIbr+w\/jyxRPTQe4bioM6AtaLIMAoGCCqGSM49BAMCA0gAMEUCIA0ppl8ei8h1m3prdyupn0WZC6qRuZWM4R6\/rV6AVrcSAiEAwWLG\/rR3rVnUo0t0BriCXqWS+yMclkr+vppWHQ0bfZU=\"}","payload":"f835c5ca0c47878ea990e2267afaa94dfcd7989b8df91afd355a2946088d400b","mt":"LEDGER_HASH","sig":"MEQCIGoPgwN2jcxsnDtC8kkpJSQOJTWkfvvcoLzD5Fi5kKP1AiAYqEvlm5hg40WbO47Jmm2EoKblATZ4pQh+TlLCRd0smw==","nonce":124648068,"seq":0,"tot":0}]
03-31 12:44:22.831 26747 27166 D RegistrationHandler: Has received 1 of 4 fragments from 6@test.com
03-31 12:44:22.838 26747 27166 D RegistrationHandler: Has received 2 of 4 from 6@test.com
03-31 12:44:22.843 26747 27166 D RegistrationHandler: Has received 3 of 4 from 6@test.com
03-31 12:44:22.850 26747 27166 D RegistrationHandler: Has received 4 of 4 from 6@test.com
03-31 12:44:22.859 26747 27166 D RegistrationHandler: Received full ledger from 6@test.com with nonce 124648068
03-31 12:44:22.859 26747 27166 D RegistrationHandler: FULL_LEDGER 124648068
03-31 12:44:22.862 26747 27168 D RegistrationHandler: 124648068 Received hash from 2@test.com: f835c5ca0c47878ea990e2267afaa94dfcd7989b8df91afd355a2946088d400b
03-31 12:44:22.872 26747 27155 D RegistrationHandler: Has received 1 of 4 fragments from 5@test.com
03-31 12:44:22.880 26747 27166 D RegistrationHandler: Has received 2 of 4 from 5@test.com
03-31 12:44:22.887 26747 27166 D RegistrationHandler: Has received 3 of 4 from 5@test.com
03-31 12:44:23.160 26747 27155 D RegistrationHandler: Has received 4 of 4 fragments from 6@test.com
03-31 12:44:23.248 26747 27155 D RegistrationHandler: Has received 3 of 4 from 5@test.com
03-31 12:44:23.466 26747 27155 D RegistrationHandler: Has received 4 of 4 fragments from 6@test.com
03-31 12:44:24.167 26747 27155 D MulticastServer: Broadcast block received {"ip":"192.168.1.90","cert":"MIIBGjCBwqADAgECAgYBf996WTQwCgYIKoZIzj0EAwIwFTETMBEGA1UEAwwKVFRNNDkwNSBDQTAeFw0yMjAzMzAxMDE2NTFaFw0yMjA0MzAxMDE2NTFaMBUxEzARBgNVBAMMCjRAdGVzdC5jb20wWTATBgcqhkjOPQIBBggqhkjOPQMBBwNCAAR9ADphQpker5Vlux1TGrY243xUduQc15bIXysV2NxiGJkeD5VM9tRM0LC9OtaczjftmguVO1X6py8Cw58m4CqfMAoGCCqGSM49BAMCA0cAMEQCIHsw/XWk02FcpPISkSvlA7qK2USSlgqOOom9Sg9AUrBUAiB6UZsa+fgTtWznrsteVlekFkQ/GbMN2tUh4ZJjX/PbOQ=="}
03-31 12:44:26.768 26747 27212 D RegistrationHandler: ACCEPTED_LEDGER 124648068 4
03-31 12:44:26.775 26747 27212 D RegistrationHandler: 124648068 The accepted ledger contains: [2@test.com, 3@test.com, 5@test.com, 6@test.com]
03-31 12:44:26.775 26747 27212 D MulticastServer: Registration process finished: 124648068
03-31 12:44:37.979 26747 27155 D MulticastServer: Registration process started with nonce 531792721
03-31 12:44:37.984 26747 27155 D MulticastServer: Received request for ledger with nonce: 531792721.
03-31 12:44:38.025 26747 27157 D RegistrationHandler: 531792721 Received hash from 3@test.com: 426b24282b49eccdfc717fe9a809b5b9f62ff656dba03539479b139f75cf3837
03-31 12:44:38.054 26747 27157 D MulticastClient: Sent messages with 3 resends: [{"sender":"{\"ip\":\"192.168.1.96\",\"cert\":\"MIIBGzCBwqADAgECAgYBf995t9QwCgYIKoZIzj0EAwIwFTETMBEGA1UEAwwKVFRNNDkwNSBDQTAeFw0yMjAzMzAxMDE2MTBaFw0yMjA0MzAxMDE2MTBaMBUxEzARBgNVBAMMCjNAdGVzdC5jb20wWTATBgcqhkjOPQIBBggqhkjOPQMBBwNCAATY3kLH7Qz4fsUds8uo3PhKft0NLt+5z469gIE3lhucqzAWwwAn06WxsTJLB7jIbr+w\/jyxRPTQe4bioM6AtaLIMAoGCCqGSM49BAMCA0gAMEUCIA0ppl8ei8h1m3prdyupn0WZC6qRuZWM4R6\/rV6AVrcSAiEAwWLG\/rR3rVnUo0t0BriCXqWS+yMclkr+vppWHQ0bfZU=\"}","payload":"426b24282b49eccdfc717fe9a809b5b9f62ff656dba03539479b139f75cf3837","mt":"LEDGER_HASH","sig":"MEUCIAfrTGfgHf9tIWufku7Ou2j4X98Ac5R6tdyshj6\/xPTJAiEAznEfCqMHDeFPrVybIFw0i+0myR9lruIpRRvFeE1Jdp0=","nonce":531792721,"seq":0,"tot":0}]
03-31 12:44:38.158 26747 27168 D RegistrationHandler: 531792721 Received hash from 4@test.com: 426b24282b49eccdfc717fe9a809b5b9f62ff656dba03539479b139f75cf3837
03-31 12:44:38.403 26747 27168 D RegistrationHandler: 531792721 Received hash from 2@test.com: 426b24282b49eccdfc717fe9a809b5b9f62ff656dba03539479b139f75cf3837
03-31 12:44:38.723 26747 27155 D MulticastServer: Broadcast block received {"ip":"192.168.1.97","cert":"MIIBGzCBwqADAgECAgYBf994BZcwCgYIKoZIzj0EAwIwFTETMBEGA1UEAwwKVFRNNDkwNSBDQTAeFw0yMjAzMzAxMDE0MTlaFw0yMjA0MzAxMDE0MTlaMBUxEzARBgNVBAMMCjFAdGVzdC5jb20wWTATBgcqhkjOPQIBBggqhkjOPQMBBwNCAARWqe9zQZRD8c/IJTwlqcBP3wxNnfnskSHFN0SfukuFElFHa1WRgMC9pldvLvFQJjmHIsbfcfCnJ/3odCWEsES2MAoGCCqGSM49BAMCA0gAMEUCIQD+uRDurwdItFUVVn2KMsGSnE/Xjlxq7IxcC/elzuS+CgIgGfru1MXmAHBBehcDSGWfWWS85xWG153fQT3F2ASLxs0="}
03-31 12:44:38.730 26747 27168 D MulticastServer: Broadcast block received {"ip":"192.168.1.97","cert":"MIIBGzCBwqADAgECAgYBf994BZcwCgYIKoZIzj0EAwIwFTETMBEGA1UEAwwKVFRNNDkwNSBDQTAeFw0yMjAzMzAxMDE0MTlaFw0yMjA0MzAxMDE0MTlaMBUxEzARBgNVBAMMCjFAdGVzdC5jb20wWTATBgcqhkjOPQIBBggqhkjOPQMBBwNCAARWqe9zQZRD8c/IJTwlqcBP3wxNnfnskSHFN0SfukuFElFHa1WRgMC9pldvLvFQJjmHIsbfcfCnJ/3odCWEsES2MAoGCCqGSM49BAMCA0gAMEUCIQD+uRDurwdItFUVVn2KMsGSnE/Xjlxq7IxcC/elzuS+CgIgGfru1MXmAHBBehcDSGWfWWS85xWG153fQT3F2ASLxs0="}
03-31 12:44:38.773 26747 27168 E AndroidRuntime: FATAL EXCEPTION: DefaultDispatcher-worker-8
03-31 12:44:38.773 26747 27168 E AndroidRuntime: Process: com.example.masterproject, PID: 26747
03-31 12:44:38.773 26747 27168 E AndroidRuntime: java.util.ConcurrentModificationException
03-31 12:44:38.773 26747 27168 E AndroidRuntime: 	at java.util.ArrayList$Itr.next(ArrayList.java:860)
03-31 12:44:38.773 26747 27168 E AndroidRuntime: 	at com.example.masterproject.ledger.Ledger$Companion.addLedgerEntry(Ledger.kt:226)
03-31 12:44:38.773 26747 27168 E AndroidRuntime: 	at com.example.masterproject.network.MulticastServer.handleBroadcastBlock(MulticastServer.kt:86)
03-31 12:44:38.773 26747 27168 E AndroidRuntime: 	at com.example.masterproject.network.MulticastServer.access$handleBroadcastBlock(MulticastServer.kt:29)
03-31 12:44:38.773 26747 27168 E AndroidRuntime: 	at com.example.masterproject.network.MulticastServer$listenForData$1.invokeSuspend(MulticastServer.kt:58)
03-31 12:44:38.773 26747 27168 E AndroidRuntime: 	at kotlin.coroutines.jvm.internal.BaseContinuationImpl.resumeWith(ContinuationImpl.kt:33)
03-31 12:44:38.773 26747 27168 E AndroidRuntime: 	at kotlinx.coroutines.DispatchedTask.run(DispatchedTask.kt:56)
03-31 12:44:38.773 26747 27168 E AndroidRuntime: 	at kotlinx.coroutines.scheduling.CoroutineScheduler.runSafely(CoroutineScheduler.kt:571)
03-31 12:44:38.773 26747 27168 E AndroidRuntime: 	at kotlinx.coroutines.scheduling.CoroutineScheduler$Worker.executeTask(CoroutineScheduler.kt:738)
03-31 12:44:38.773 26747 27168 E AndroidRuntime: 	at kotlinx.coroutines.scheduling.CoroutineScheduler$Worker.runWorker(CoroutineScheduler.kt:678)
03-31 12:44:38.773 26747 27168 E AndroidRuntime: 	at kotlinx.coroutines.scheduling.CoroutineScheduler$Worker.run(CoroutineScheduler.kt:665)
03-31 12:44:38.810 26747 27166 D RegistrationHandler: Has received 1 of 5 fragments from 5@test.com
03-31 12:44:38.816 26747 27166 D RegistrationHandler: Has received 2 of 5 from 5@test.com
03-31 12:44:38.827 26747 27166 D RegistrationHandler: Has received 1 of 5 fragments from 6@test.com
03-31 12:44:38.838 26747 27166 D RegistrationHandler: Has received 2 of 5 from 6@test.com
03-31 12:44:38.840 26747 27167 D RegistrationHandler: Has received 3 of 5 from 5@test.com
03-31 12:44:38.849 26747 27167 D RegistrationHandler: Has received 3 of 5 from 6@test.com
03-31 12:44:38.849 26747 27166 D RegistrationHandler: Has received 4 of 5 from 5@test.com
03-31 12:44:38.859 26747 27166 D RegistrationHandler: Has received 5 of 5 from 5@test.com
round 19 of 100
03-31 12:45:18.137 26934 27407 D MulticastServer: MULTICAST_SERVER_LISTENING
03-31 12:45:18.141 26934 27409 D MulticastServer: Registration process started with nonce 1254457853
03-31 12:45:18.146 26934 27413 D MulticastClient: REQUEST_LEDGER 1254457853
03-31 12:45:18.150 26934 27413 D MulticastClient: Sent messages with 3 resends: [{"sender":"","payload":"","mt":"REQUEST_LEDGER","sig":"","nonce":1254457853,"seq":0,"tot":0}]
03-31 12:45:18.769 26934 27425 D RegistrationHandler: Has received 1 of 2 fragments from 6@test.com
03-31 12:45:18.770 26934 27422 D RegistrationHandler: Has received 2 of 2 from 5@test.com
03-31 12:45:18.771 26934 27414 D RegistrationHandler: Has received 2 of 2 fragments from 5@test.com
03-31 12:45:18.781 26934 27422 D RegistrationHandler: Received full ledger from 5@test.com with nonce 1254457853
03-31 12:45:18.781 26934 27425 D RegistrationHandler: Received full ledger from 6@test.com with nonce 1254457853
03-31 12:45:18.781 26934 27422 D RegistrationHandler: FULL_LEDGER 1254457853
03-31 12:45:18.781 26934 27425 D RegistrationHandler: FULL_LEDGER 1254457853
03-31 12:45:18.791 26934 27425 E AndroidRuntime: FATAL EXCEPTION: DefaultDispatcher-worker-7
03-31 12:45:18.791 26934 27425 E AndroidRuntime: Process: com.example.masterproject, PID: 26934
03-31 12:45:18.791 26934 27425 E AndroidRuntime: java.lang.NullPointerException: Attempt to invoke virtual method 'com.example.masterproject.ledger.LedgerEntry com.example.masterproject.ledger.ReceivedLedger.getSenderBlock()' on a null object reference
03-31 12:45:18.791 26934 27425 E AndroidRuntime: 	at com.example.masterproject.ledger.RegistrationHandler.getMostCommonHash(RegistrationHandler.kt:361)
03-31 12:45:18.791 26934 27425 E AndroidRuntime: 	at com.example.masterproject.ledger.RegistrationHandler.getHashOfAcceptedLedger(RegistrationHandler.kt:342)
03-31 12:45:18.791 26934 27425 E AndroidRuntime: 	at com.example.masterproject.ledger.RegistrationHandler.setLedgerIfAccepted(RegistrationHandler.kt:238)
03-31 12:45:18.791 26934 27425 E AndroidRuntime: 	at com.example.masterproject.ledger.RegistrationHandler.fullLedgerReceived(RegistrationHandler.kt:109)
03-31 12:45:18.791 26934 27425 E AndroidRuntime: 	at com.example.masterproject.network.MulticastServer.handleFullLedger(MulticastServer.kt:135)
03-31 12:45:18.791 26934 27425 E AndroidRuntime: 	at com.example.masterproject.network.MulticastServer.access$handleFullLedger(MulticastServer.kt:29)
03-31 12:45:18.791 26934 27425 E AndroidRuntime: 	at com.example.masterproject.network.MulticastServer$listenForData$1.invokeSuspend(MulticastServer.kt:61)
03-31 12:45:18.791 26934 27425 E AndroidRuntime: 	at kotlin.coroutines.jvm.internal.BaseContinuationImpl.resumeWith(ContinuationImpl.kt:33)
03-31 12:45:18.791 26934 27425 E AndroidRuntime: 	at kotlinx.coroutines.DispatchedTask.run(DispatchedTask.kt:56)
03-31 12:45:18.791 26934 27425 E AndroidRuntime: 	at kotlinx.coroutines.scheduling.CoroutineScheduler.runSafely(CoroutineScheduler.kt:571)
03-31 12:45:18.791 26934 27425 E AndroidRuntime: 	at kotlinx.coroutines.scheduling.CoroutineScheduler$Worker.executeTask(CoroutineScheduler.kt:738)
03-31 12:45:18.791 26934 27425 E AndroidRuntime: 	at kotlinx.coroutines.scheduling.CoroutineScheduler$Worker.runWorker(CoroutineScheduler.kt:678)
03-31 12:45:18.791 26934 27425 E AndroidRuntime: 	at kotlinx.coroutines.scheduling.CoroutineScheduler$Worker.run(CoroutineScheduler.kt:665)
round 20 of 100
03-31 12:46:42.928 27439 28404 D MulticastServer: MULTICAST_SERVER_LISTENING
03-31 12:46:42.933 27439 28406 D MulticastServer: Registration process started with nonce 1019254425
03-31 12:46:42.939 27439 28405 D MulticastClient: REQUEST_LEDGER 1019254425
03-31 12:46:42.942 27439 28405 D MulticastClient: Sent messages with 3 resends: [{"sender":"","payload":"","mt":"REQUEST_LEDGER","sig":"","nonce":1019254425,"seq":0,"tot":0}]
03-31 12:46:43.559 27439 28411 D RegistrationHandler: Has received 1 of 2 fragments from 5@test.com
03-31 12:46:43.559 27439 28429 D RegistrationHandler: Has received 1 of 2 fragments from 6@test.com
03-31 12:46:43.573 27439 28411 D RegistrationHandler: Received full ledger from 5@test.com with nonce 1019254425
03-31 12:46:43.573 27439 28411 D RegistrationHandler: FULL_LEDGER 1019254425
03-31 12:46:43.848 27439 28411 D RegistrationHandler: Has received 2 of 2 from 6@test.com
03-31 12:46:43.856 27439 28429 D RegistrationHandler: Has received 1 of 2 fragments from 5@test.com
03-31 12:46:43.863 27439 28429 D RegistrationHandler: Received full ledger from 5@test.com with nonce 1019254425
03-31 12:46:43.863 27439 28429 D RegistrationHandler: FULL_LEDGER 1019254425
03-31 12:46:43.866 27439 28411 D RegistrationHandler: Received full ledger from 6@test.com with nonce 1019254425
03-31 12:46:43.866 27439 28411 D RegistrationHandler: FULL_LEDGER 1019254425
03-31 12:46:43.872 27439 28411 D RegistrationHandler: ACCEPTED_LEDGER 1019254425 2
03-31 12:46:43.875 27439 28411 D RegistrationHandler: 1019254425 The accepted ledger contains: [5@test.com, 6@test.com]
03-31 12:46:43.875 27439 28411 D RegistrationHandler: 1019254425 Registration started
03-31 12:46:43.888 27439 28411 D MulticastServer: Registration process finished: 1019254425
03-31 12:46:43.898 27439 28411 D MulticastClient: Sent messages with 3 resends: [{"sender":"3@test.com","payload":"{\"ip\":\"192.168.1.96\",\"cert\":\"MIIBGzCBwqADAgECAgYBf995t9QwCgYIKoZIzj0EAwIwFTETMBEGA1UEAwwKVFRNNDkwNSBDQTAeFw0yMjAzMzAxMDE2MTBaFw0yMjA0MzAxMDE2MTBaMBUxEzARBgNVBAMMCjNAdGVzdC5jb20wWTATBgcqhkjOPQIBBggqhkjOPQMBBwNCAATY3kLH7Qz4fsUds8uo3PhKft0NLt+5z469gIE3lhucqzAWwwAn06WxsTJLB7jIbr+w\/jyxRPTQe4bioM6AtaLIMAoGCCqGSM49BAMCA0gAMEUCIA0ppl8ei8h1m3prdyupn0WZC6qRuZWM4R6\/rV6AVrcSAiEAwWLG\/rR3rVnUo0t0BriCXqWS+yMclkr+vppWHQ0bfZU=\"}","mt":"BROADCAST_BLOCK","sig":"MEUCIEwkAomDeZOQ56mc1MBXvyTU1Rg6y9t5yK7LxS87N7yoAiEAzDQHYvmHjIbWU4R84R401FHjdCyn+0R+FrBtnnAFuik=","nonce":1019254425,"seq":0,"tot":0}]
03-31 12:46:57.242 27439 28429 D MulticastServer: Registration process started with nonce 1176737912
03-31 12:46:57.247 27439 28429 D MulticastServer: Received request for ledger with nonce: 1176737912.
03-31 12:46:57.302 27439 28411 D RegistrationHandler: 1176737912 Received hash from 3@test.com: 134e2587af527ac5d4ef2d11b6962451dd1e9873c4ff54582a8fa7af1f655cc2
03-31 12:46:57.332 27439 28411 D MulticastClient: Sent messages with 3 resends: [{"sender":"{\"ip\":\"192.168.1.96\",\"cert\":\"MIIBGzCBwqADAgECAgYBf995t9QwCgYIKoZIzj0EAwIwFTETMBEGA1UEAwwKVFRNNDkwNSBDQTAeFw0yMjAzMzAxMDE2MTBaFw0yMjA0MzAxMDE2MTBaMBUxEzARBgNVBAMMCjNAdGVzdC5jb20wWTATBgcqhkjOPQIBBggqhkjOPQMBBwNCAATY3kLH7Qz4fsUds8uo3PhKft0NLt+5z469gIE3lhucqzAWwwAn06WxsTJLB7jIbr+w\/jyxRPTQe4bioM6AtaLIMAoGCCqGSM49BAMCA0gAMEUCIA0ppl8ei8h1m3prdyupn0WZC6qRuZWM4R6\/rV6AVrcSAiEAwWLG\/rR3rVnUo0t0BriCXqWS+yMclkr+vppWHQ0bfZU=\"}","payload":"134e2587af527ac5d4ef2d11b6962451dd1e9873c4ff54582a8fa7af1f655cc2","mt":"LEDGER_HASH","sig":"MEUCIHrOU4RO\/KKLRVMJstHjUS9rJw5fyJ2xLG\/OdLFj6bMHAiEAwwi53w8A7hvZt7cuVzqhT9aNCi6ZP638aupyAfasWdQ=","nonce":1176737912,"seq":0,"tot":0}]
03-31 12:46:57.353 27439 28429 D RegistrationHandler: Has received 1 of 3 fragments from 6@test.com
03-31 12:46:57.361 27439 28429 D RegistrationHandler: Has received 2 of 3 from 6@test.com
03-31 12:46:57.366 27439 28429 D RegistrationHandler: Has received 3 of 3 from 6@test.com
03-31 12:46:57.379 27439 28429 D RegistrationHandler: Received full ledger from 6@test.com with nonce 1176737912
03-31 12:46:57.379 27439 28429 D RegistrationHandler: FULL_LEDGER 1176737912
03-31 12:46:57.380 27439 28405 D RegistrationHandler: Has received 1 of 3 fragments from 5@test.com
03-31 12:46:57.387 27439 28431 D RegistrationHandler: Has received 2 of 3 from 5@test.com
03-31 12:46:57.662 27439 28429 D RegistrationHandler: Has received 3 of 3 fragments from 6@test.com
03-31 12:46:57.685 27439 28429 D RegistrationHandler: Has received 2 of 3 fragments from 5@test.com
03-31 12:46:57.699 27439 28429 D RegistrationHandler: Received full ledger from 5@test.com with nonce 1176737912
03-31 12:46:57.699 27439 28429 D RegistrationHandler: FULL_LEDGER 1176737912
03-31 12:46:57.719 27439 28429 D RegistrationHandler: ACCEPTED_LEDGER 1176737912 3
03-31 12:46:57.723 27439 28429 D RegistrationHandler: 1176737912 The accepted ledger contains: [3@test.com, 5@test.com, 6@test.com]
03-31 12:46:57.723 27439 28429 D MulticastServer: Registration process finished: 1176737912
03-31 12:46:57.772 27439 28429 D MulticastServer: Broadcast block received {"ip":"192.168.1.126","cert":"MIIBGzCBwqADAgECAgYBf994jVgwCgYIKoZIzj0EAwIwFTETMBEGA1UEAwwKVFRNNDkwNSBDQTAeFw0yMjAzMzAxMDE0NTRaFw0yMjA0MzAxMDE0NTRaMBUxEzARBgNVBAMMCjJAdGVzdC5jb20wWTATBgcqhkjOPQIBBggqhkjOPQMBBwNCAASfp8DfpDI4F1LcnhLU9XVqVlPfMKymZ5CCGjJ1fzUl10nP2pVehNZnWeRb8D6HrQrSylv6yjeqJ4LaLL5rYv5DMAoGCCqGSM49BAMCA0gAMEUCIQDKIT1zYbOHoSvwm5UEfwU7wX76J0DjD3DEsyMrIRz2mQIgB0NHKAft76MW8NEEL9Ferq4SmTyDVdc/57LP58HFs2Q="}
03-31 12:46:58.691 27439 28411 D MulticastServer: Broadcast block received {"ip":"192.168.1.126","cert":"MIIBGzCBwqADAgECAgYBf994jVgwCgYIKoZIzj0EAwIwFTETMBEGA1UEAwwKVFRNNDkwNSBDQTAeFw0yMjAzMzAxMDE0NTRaFw0yMjA0MzAxMDE0NTRaMBUxEzARBgNVBAMMCjJAdGVzdC5jb20wWTATBgcqhkjOPQIBBggqhkjOPQMBBwNCAASfp8DfpDI4F1LcnhLU9XVqVlPfMKymZ5CCGjJ1fzUl10nP2pVehNZnWeRb8D6HrQrSylv6yjeqJ4LaLL5rYv5DMAoGCCqGSM49BAMCA0gAMEUCIQDKIT1zYbOHoSvwm5UEfwU7wX76J0DjD3DEsyMrIRz2mQIgB0NHKAft76MW8NEEL9Ferq4SmTyDVdc/57LP58HFs2Q="}
03-31 12:47:12.401 27439 28411 D MulticastServer: Registration process started with nonce 1931063686
03-31 12:47:12.406 27439 28411 D MulticastServer: Received request for ledger with nonce: 1931063686.
03-31 12:47:12.457 27439 28428 D RegistrationHandler: 1931063686 Received hash from 3@test.com: f835c5ca0c47878ea990e2267afaa94dfcd7989b8df91afd355a2946088d400b
03-31 12:47:12.483 27439 28428 D MulticastClient: Sent messages with 3 resends: [{"sender":"{\"ip\":\"192.168.1.96\",\"cert\":\"MIIBGzCBwqADAgECAgYBf995t9QwCgYIKoZIzj0EAwIwFTETMBEGA1UEAwwKVFRNNDkwNSBDQTAeFw0yMjAzMzAxMDE2MTBaFw0yMjA0MzAxMDE2MTBaMBUxEzARBgNVBAMMCjNAdGVzdC5jb20wWTATBgcqhkjOPQIBBggqhkjOPQMBBwNCAATY3kLH7Qz4fsUds8uo3PhKft0NLt+5z469gIE3lhucqzAWwwAn06WxsTJLB7jIbr+w\/jyxRPTQe4bioM6AtaLIMAoGCCqGSM49BAMCA0gAMEUCIA0ppl8ei8h1m3prdyupn0WZC6qRuZWM4R6\/rV6AVrcSAiEAwWLG\/rR3rVnUo0t0BriCXqWS+yMclkr+vppWHQ0bfZU=\"}","payload":"f835c5ca0c47878ea990e2267afaa94dfcd7989b8df91afd355a2946088d400b","mt":"LEDGER_HASH","sig":"MEUCIAoIXY1jDzApaVxu3jgfwbA2NM8CKEAWIbmrxhjAJxtiAiEAqGyUZ1ATxkZgg2aCMcbzFe8ikB5qi2ASCAg\/34AJUa4=","nonce":1931063686,"seq":0,"tot":0}]
03-31 12:47:12.534 27439 28431 D RegistrationHandler: 1931063686 Received hash from 2@test.com: f835c5ca0c47878ea990e2267afaa94dfcd7989b8df91afd355a2946088d400b
03-31 12:47:12.558 27439 28411 D RegistrationHandler: Has received 1 of 4 fragments from 5@test.com
03-31 12:47:12.568 27439 28411 D RegistrationHandler: Has received 2 of 4 from 5@test.com
03-31 12:47:12.588 27439 28411 D RegistrationHandler: Has received 3 of 4 from 5@test.com
03-31 12:47:12.606 27439 28411 D RegistrationHandler: Has received 4 of 4 from 5@test.com
03-31 12:47:12.629 27439 28411 D RegistrationHandler: Received full ledger from 5@test.com with nonce 1931063686
03-31 12:47:12.629 27439 28411 D RegistrationHandler: FULL_LEDGER 1931063686
03-31 12:47:12.653 27439 28411 D RegistrationHandler: ACCEPTED_LEDGER 1931063686 4
03-31 12:47:12.659 27439 28411 D RegistrationHandler: 1931063686 The accepted ledger contains: [2@test.com, 3@test.com, 5@test.com, 6@test.com]
03-31 12:47:12.659 27439 28411 D MulticastServer: Registration process finished: 1931063686
03-31 12:47:12.717 27439 28431 D MulticastServer: Broadcast block received {"ip":"192.168.1.90","cert":"MIIBGjCBwqADAgECAgYBf996WTQwCgYIKoZIzj0EAwIwFTETMBEGA1UEAwwKVFRNNDkwNSBDQTAeFw0yMjAzMzAxMDE2NTFaFw0yMjA0MzAxMDE2NTFaMBUxEzARBgNVBAMMCjRAdGVzdC5jb20wWTATBgcqhkjOPQIBBggqhkjOPQMBBwNCAAR9ADphQpker5Vlux1TGrY243xUduQc15bIXysV2NxiGJkeD5VM9tRM0LC9OtaczjftmguVO1X6py8Cw58m4CqfMAoGCCqGSM49BAMCA0cAMEQCIHsw/XWk02FcpPISkSvlA7qK2USSlgqOOom9Sg9AUrBUAiB6UZsa+fgTtWznrsteVlekFkQ/GbMN2tUh4ZJjX/PbOQ=="}
03-31 12:47:13.446 27439 28428 D MulticastServer: Broadcast block received {"ip":"192.168.1.90","cert":"MIIBGjCBwqADAgECAgYBf996WTQwCgYIKoZIzj0EAwIwFTETMBEGA1UEAwwKVFRNNDkwNSBDQTAeFw0yMjAzMzAxMDE2NTFaFw0yMjA0MzAxMDE2NTFaMBUxEzARBgNVBAMMCjRAdGVzdC5jb20wWTATBgcqhkjOPQIBBggqhkjOPQMBBwNCAAR9ADphQpker5Vlux1TGrY243xUduQc15bIXysV2NxiGJkeD5VM9tRM0LC9OtaczjftmguVO1X6py8Cw58m4CqfMAoGCCqGSM49BAMCA0cAMEQCIHsw/XWk02FcpPISkSvlA7qK2USSlgqOOom9Sg9AUrBUAiB6UZsa+fgTtWznrsteVlekFkQ/GbMN2tUh4ZJjX/PbOQ=="}
03-31 12:47:28.277 27439 28428 D MulticastServer: Registration process started with nonce 145462353
03-31 12:47:28.282 27439 28428 D MulticastServer: Received request for ledger with nonce: 145462353.
03-31 12:47:28.283 27439 28405 D MulticastServer: Broadcast block received {"ip":"192.168.1.97","cert":"MIIBGzCBwqADAgECAgYBf994BZcwCgYIKoZIzj0EAwIwFTETMBEGA1UEAwwKVFRNNDkwNSBDQTAeFw0yMjAzMzAxMDE0MTlaFw0yMjA0MzAxMDE0MTlaMBUxEzARBgNVBAMMCjFAdGVzdC5jb20wWTATBgcqhkjOPQIBBggqhkjOPQMBBwNCAARWqe9zQZRD8c/IJTwlqcBP3wxNnfnskSHFN0SfukuFElFHa1WRgMC9pldvLvFQJjmHIsbfcfCnJ/3odCWEsES2MAoGCCqGSM49BAMCA0gAMEUCIQD+uRDurwdItFUVVn2KMsGSnE/Xjlxq7IxcC/elzuS+CgIgGfru1MXmAHBBehcDSGWfWWS85xWG153fQT3F2ASLxs0="}
03-31 12:47:28.338 27439 28428 E AndroidRuntime: FATAL EXCEPTION: DefaultDispatcher-worker-7
03-31 12:47:28.338 27439 28428 E AndroidRuntime: Process: com.example.masterproject, PID: 27439
03-31 12:47:28.338 27439 28428 E AndroidRuntime: java.util.ConcurrentModificationException
03-31 12:47:28.338 27439 28428 E AndroidRuntime: 	at java.util.ArrayList$Itr.next(ArrayList.java:860)
03-31 12:47:28.338 27439 28428 E AndroidRuntime: 	at com.example.masterproject.ledger.Ledger$Companion.shouldSendFullLedger(Ledger.kt:233)
03-31 12:47:28.338 27439 28428 E AndroidRuntime: 	at com.example.masterproject.network.MulticastServer$handleRequestedLedger$1.invokeSuspend(MulticastServer.kt:100)
03-31 12:47:28.338 27439 28428 E AndroidRuntime: 	at kotlin.coroutines.jvm.internal.BaseContinuationImpl.resumeWith(ContinuationImpl.kt:33)
03-31 12:47:28.338 27439 28428 E AndroidRuntime: 	at kotlinx.coroutines.DispatchedTask.run(DispatchedTask.kt:56)
03-31 12:47:28.338 27439 28428 E AndroidRuntime: 	at kotlinx.coroutines.scheduling.CoroutineScheduler.runSafely(CoroutineScheduler.kt:571)
03-31 12:47:28.338 27439 28428 E AndroidRuntime: 	at kotlinx.coroutines.scheduling.CoroutineScheduler$Worker.executeTask(CoroutineScheduler.kt:738)
03-31 12:47:28.338 27439 28428 E AndroidRuntime: 	at kotlinx.coroutines.scheduling.CoroutineScheduler$Worker.runWorker(CoroutineScheduler.kt:678)
03-31 12:47:28.338 27439 28428 E AndroidRuntime: 	at kotlinx.coroutines.scheduling.CoroutineScheduler$Worker.run(CoroutineScheduler.kt:665)
03-31 12:47:28.375 27439 28405 D RegistrationHandler: 145462353 Received hash from 4@test.com: 426b24282b49eccdfc717fe9a809b5b9f62ff656dba03539479b139f75cf3837
round 21 of 100
03-31 12:48:07.916 27479 28685 D MulticastServer: MULTICAST_SERVER_LISTENING
03-31 12:48:07.921 27479 28687 D MulticastServer: Registration process started with nonce 1771330838
03-31 12:48:07.926 27479 28686 D MulticastClient: REQUEST_LEDGER 1771330838
03-31 12:48:07.930 27479 28686 D MulticastClient: Sent messages with 3 resends: [{"sender":"","payload":"","mt":"REQUEST_LEDGER","sig":"","nonce":1771330838,"seq":0,"tot":0}]
03-31 12:48:08.231 27479 28695 D RegistrationHandler: Has received 1 of 2 fragments from 5@test.com
03-31 12:48:08.528 27479 28695 D RegistrationHandler: Has received 1 of 2 fragments from 5@test.com
03-31 12:48:08.531 27479 28693 D RegistrationHandler: Has received 2 of 2 from 5@test.com
03-31 12:48:08.546 27479 28693 D RegistrationHandler: Received full ledger from 5@test.com with nonce 1771330838
03-31 12:48:08.546 27479 28693 D RegistrationHandler: FULL_LEDGER 1771330838
03-31 12:48:08.830 27479 28693 D RegistrationHandler: Has received 2 of 2 fragments from 5@test.com
03-31 12:48:09.163 27479 28686 D RegistrationHandler: Has received 1 of 2 fragments from 6@test.com
03-31 12:48:09.167 27479 28706 D RegistrationHandler: Has received 2 of 2 fragments from 5@test.com
03-31 12:48:09.193 27479 28686 D RegistrationHandler: Received full ledger from 6@test.com with nonce 1771330838
03-31 12:48:09.194 27479 28686 D RegistrationHandler: FULL_LEDGER 1771330838
03-31 12:48:11.948 27479 28688 D RegistrationHandler: ACCEPTED_LEDGER 1771330838 2
03-31 12:48:11.958 27479 28688 D RegistrationHandler: 1771330838 The accepted ledger contains: [5@test.com, 6@test.com]
03-31 12:48:11.958 27479 28688 D RegistrationHandler: 1771330838 Registration started
03-31 12:48:11.981 27479 28688 D MulticastServer: Registration process finished: 1771330838
03-31 12:48:12.006 27479 28686 D MulticastClient: Sent messages with 3 resends: [{"sender":"3@test.com","payload":"{\"ip\":\"192.168.1.96\",\"cert\":\"MIIBGzCBwqADAgECAgYBf995t9QwCgYIKoZIzj0EAwIwFTETMBEGA1UEAwwKVFRNNDkwNSBDQTAeFw0yMjAzMzAxMDE2MTBaFw0yMjA0MzAxMDE2MTBaMBUxEzARBgNVBAMMCjNAdGVzdC5jb20wWTATBgcqhkjOPQIBBggqhkjOPQMBBwNCAATY3kLH7Qz4fsUds8uo3PhKft0NLt+5z469gIE3lhucqzAWwwAn06WxsTJLB7jIbr+w\/jyxRPTQe4bioM6AtaLIMAoGCCqGSM49BAMCA0gAMEUCIA0ppl8ei8h1m3prdyupn0WZC6qRuZWM4R6\/rV6AVrcSAiEAwWLG\/rR3rVnUo0t0BriCXqWS+yMclkr+vppWHQ0bfZU=\"}","mt":"BROADCAST_BLOCK","sig":"MEQCIApnXWfJNUCaN3CcDSFB4S+NL6plreuRMR37leQCO5S+AiBMyGHduHWZqaxKibJuIXSVY5+F4f5RNqz7\/vE5pVSbJQ==","nonce":1771330838,"seq":0,"tot":0}]
03-31 12:48:22.954 27479 28686 D MulticastServer: Registration process started with nonce 804113064
03-31 12:48:22.959 27479 28686 D MulticastServer: Received request for ledger with nonce: 804113064.
03-31 12:48:23.018 27479 28695 D RegistrationHandler: 804113064 Received hash from 3@test.com: 134e2587af527ac5d4ef2d11b6962451dd1e9873c4ff54582a8fa7af1f655cc2
03-31 12:48:23.048 27479 28695 D MulticastClient: Sent messages with 3 resends: [{"sender":"{\"ip\":\"192.168.1.96\",\"cert\":\"MIIBGzCBwqADAgECAgYBf995t9QwCgYIKoZIzj0EAwIwFTETMBEGA1UEAwwKVFRNNDkwNSBDQTAeFw0yMjAzMzAxMDE2MTBaFw0yMjA0MzAxMDE2MTBaMBUxEzARBgNVBAMMCjNAdGVzdC5jb20wWTATBgcqhkjOPQIBBggqhkjOPQMBBwNCAATY3kLH7Qz4fsUds8uo3PhKft0NLt+5z469gIE3lhucqzAWwwAn06WxsTJLB7jIbr+w\/jyxRPTQe4bioM6AtaLIMAoGCCqGSM49BAMCA0gAMEUCIA0ppl8ei8h1m3prdyupn0WZC6qRuZWM4R6\/rV6AVrcSAiEAwWLG\/rR3rVnUo0t0BriCXqWS+yMclkr+vppWHQ0bfZU=\"}","payload":"134e2587af527ac5d4ef2d11b6962451dd1e9873c4ff54582a8fa7af1f655cc2","mt":"LEDGER_HASH","sig":"MEUCIQC+jd1TyVwN7WXzC8gWCkTmHW7McbrYraEaal0K7AanGAIgZhjylQ1+BgulnJONSh0bTBPVFd8B5V5nfuXKBj1CPqo=","nonce":804113064,"seq":0,"tot":0}]
03-31 12:48:23.377 27479 28686 D RegistrationHandler: Has received 1 of 3 fragments from 6@test.com
03-31 12:48:23.492 27479 28686 D RegistrationHandler: Has received 2 of 3 from 6@test.com
03-31 12:48:23.502 27479 28706 D RegistrationHandler: Has received 1 of 3 fragments from 5@test.com
03-31 12:48:23.588 27479 28706 D MulticastServer: Broadcast block received {"ip":"192.168.1.126","cert":"MIIBGzCBwqADAgECAgYBf994jVgwCgYIKoZIzj0EAwIwFTETMBEGA1UEAwwKVFRNNDkwNSBDQTAeFw0yMjAzMzAxMDE0NTRaFw0yMjA0MzAxMDE0NTRaMBUxEzARBgNVBAMMCjJAdGVzdC5jb20wWTATBgcqhkjOPQIBBggqhkjOPQMBBwNCAASfp8DfpDI4F1LcnhLU9XVqVlPfMKymZ5CCGjJ1fzUl10nP2pVehNZnWeRb8D6HrQrSylv6yjeqJ4LaLL5rYv5DMAoGCCqGSM49BAMCA0gAMEUCIQDKIT1zYbOHoSvwm5UEfwU7wX76J0DjD3DEsyMrIRz2mQIgB0NHKAft76MW8NEEL9Ferq4SmTyDVdc/57LP58HFs2Q="}
03-31 12:48:24.095 27479 28706 D MulticastServer: Broadcast block received {"ip":"192.168.1.126","cert":"MIIBGzCBwqADAgECAgYBf994jVgwCgYIKoZIzj0EAwIwFTETMBEGA1UEAwwKVFRNNDkwNSBDQTAeFw0yMjAzMzAxMDE0NTRaFw0yMjA0MzAxMDE0NTRaMBUxEzARBgNVBAMMCjJAdGVzdC5jb20wWTATBgcqhkjOPQIBBggqhkjOPQMBBwNCAASfp8DfpDI4F1LcnhLU9XVqVlPfMKymZ5CCGjJ1fzUl10nP2pVehNZnWeRb8D6HrQrSylv6yjeqJ4LaLL5rYv5DMAoGCCqGSM49BAMCA0gAMEUCIQDKIT1zYbOHoSvwm5UEfwU7wX76J0DjD3DEsyMrIRz2mQIgB0NHKAft76MW8NEEL9Ferq4SmTyDVdc/57LP58HFs2Q="}
03-31 12:48:24.395 27479 28706 D MulticastServer: Broadcast block received {"ip":"192.168.1.126","cert":"MIIBGzCBwqADAgECAgYBf994jVgwCgYIKoZIzj0EAwIwFTETMBEGA1UEAwwKVFRNNDkwNSBDQTAeFw0yMjAzMzAxMDE0NTRaFw0yMjA0MzAxMDE0NTRaMBUxEzARBgNVBAMMCjJAdGVzdC5jb20wWTATBgcqhkjOPQIBBggqhkjOPQMBBwNCAASfp8DfpDI4F1LcnhLU9XVqVlPfMKymZ5CCGjJ1fzUl10nP2pVehNZnWeRb8D6HrQrSylv6yjeqJ4LaLL5rYv5DMAoGCCqGSM49BAMCA0gAMEUCIQDKIT1zYbOHoSvwm5UEfwU7wX76J0DjD3DEsyMrIRz2mQIgB0NHKAft76MW8NEEL9Ferq4SmTyDVdc/57LP58HFs2Q="}
03-31 12:48:27.212 27479 28732 D RegistrationHandler: 804113064 Accepted hash from 3@test.com: 134e2587af527ac5d4ef2d11b6962451dd1e9873c4ff54582a8fa7af1f655cc2
03-31 12:48:27.219 27479 28706 D MulticastClient: Sent messages with 3 resends: [{"sender":"","payload":"3@test.com:134e2587af527ac5d4ef2d11b6962451dd1e9873c4ff54582a8fa7af1f655cc2","mt":"REQUEST_SPECIFIC_LEDGER","sig":"","nonce":804113064,"seq":0,"tot":0}]
03-31 12:48:27.223 27479 28695 D MulticastServer: Received request for 3@test.com to send ledger with hash 134e2587af527ac5d4ef2d11b6962451dd1e9873c4ff54582a8fa7af1f655cc2
03-31 12:48:27.535 27479 28695 D MulticastServer: Received request for 3@test.com to send ledger with hash 134e2587af527ac5d4ef2d11b6962451dd1e9873c4ff54582a8fa7af1f655cc2
03-31 12:48:27.711 27479 28732 D RegistrationHandler: 804113064 Accepted hash from 3@test.com: 134e2587af527ac5d4ef2d11b6962451dd1e9873c4ff54582a8fa7af1f655cc2
03-31 12:48:27.715 27479 28695 D MulticastClient: Sent messages with 3 resends: [{"sender":"","payload":"3@test.com:134e2587af527ac5d4ef2d11b6962451dd1e9873c4ff54582a8fa7af1f655cc2","mt":"REQUEST_SPECIFIC_LEDGER","sig":"","nonce":804113064,"seq":0,"tot":0}]
03-31 12:48:27.720 27479 28686 D MulticastServer: Received request for 3@test.com to send ledger with hash 134e2587af527ac5d4ef2d11b6962451dd1e9873c4ff54582a8fa7af1f655cc2
03-31 12:48:27.842 27479 28686 D MulticastServer: Received request for 3@test.com to send ledger with hash 134e2587af527ac5d4ef2d11b6962451dd1e9873c4ff54582a8fa7af1f655cc2
03-31 12:48:28.029 27479 28686 D MulticastServer: Received request for 3@test.com to send ledger with hash 134e2587af527ac5d4ef2d11b6962451dd1e9873c4ff54582a8fa7af1f655cc2
03-31 12:48:28.149 27479 28686 D MulticastServer: Received request for 3@test.com to send ledger with hash 134e2587af527ac5d4ef2d11b6962451dd1e9873c4ff54582a8fa7af1f655cc2
03-31 12:48:28.211 27479 28732 D RegistrationHandler: 804113064 Accepted hash from 3@test.com: 134e2587af527ac5d4ef2d11b6962451dd1e9873c4ff54582a8fa7af1f655cc2
03-31 12:48:28.215 27479 28686 D MulticastClient: Sent messages with 3 resends: [{"sender":"","payload":"3@test.com:134e2587af527ac5d4ef2d11b6962451dd1e9873c4ff54582a8fa7af1f655cc2","mt":"REQUEST_SPECIFIC_LEDGER","sig":"","nonce":804113064,"seq":0,"tot":0}]
03-31 12:48:28.219 27479 28706 D MulticastServer: Received request for 3@test.com to send ledger with hash 134e2587af527ac5d4ef2d11b6962451dd1e9873c4ff54582a8fa7af1f655cc2
03-31 12:48:28.336 27479 28706 D MulticastServer: Received request for 3@test.com to send ledger with hash 134e2587af527ac5d4ef2d11b6962451dd1e9873c4ff54582a8fa7af1f655cc2
03-31 12:48:28.529 27479 28706 D MulticastServer: Received request for 3@test.com to send ledger with hash 134e2587af527ac5d4ef2d11b6962451dd1e9873c4ff54582a8fa7af1f655cc2
03-31 12:48:28.643 27479 28706 D MulticastServer: Received request for 3@test.com to send ledger with hash 134e2587af527ac5d4ef2d11b6962451dd1e9873c4ff54582a8fa7af1f655cc2
03-31 12:48:28.711 27479 28732 D MulticastServer: Registration process finished: 804113064
03-31 12:48:28.837 27479 28706 D MulticastServer: Received request for 3@test.com to send ledger with hash 134e2587af527ac5d4ef2d11b6962451dd1e9873c4ff54582a8fa7af1f655cc2
03-31 12:48:29.145 27479 28706 D MulticastServer: Received request for 3@test.com to send ledger with hash 134e2587af527ac5d4ef2d11b6962451dd1e9873c4ff54582a8fa7af1f655cc2
03-31 12:48:37.393 27479 28706 D MulticastServer: Registration process started with nonce 1301735132
03-31 12:48:37.398 27479 28706 D MulticastServer: Received request for ledger with nonce: 1301735132.
03-31 12:48:37.439 27479 28686 D RegistrationHandler: 1301735132 Received hash from 3@test.com: f835c5ca0c47878ea990e2267afaa94dfcd7989b8df91afd355a2946088d400b
03-31 12:48:37.464 27479 28686 D MulticastClient: Sent messages with 3 resends: [{"sender":"{\"ip\":\"192.168.1.96\",\"cert\":\"MIIBGzCBwqADAgECAgYBf995t9QwCgYIKoZIzj0EAwIwFTETMBEGA1UEAwwKVFRNNDkwNSBDQTAeFw0yMjAzMzAxMDE2MTBaFw0yMjA0MzAxMDE2MTBaMBUxEzARBgNVBAMMCjNAdGVzdC5jb20wWTATBgcqhkjOPQIBBggqhkjOPQMBBwNCAATY3kLH7Qz4fsUds8uo3PhKft0NLt+5z469gIE3lhucqzAWwwAn06WxsTJLB7jIbr+w\/jyxRPTQe4bioM6AtaLIMAoGCCqGSM49BAMCA0gAMEUCIA0ppl8ei8h1m3prdyupn0WZC6qRuZWM4R6\/rV6AVrcSAiEAwWLG\/rR3rVnUo0t0BriCXqWS+yMclkr+vppWHQ0bfZU=\"}","payload":"f835c5ca0c47878ea990e2267afaa94dfcd7989b8df91afd355a2946088d400b","mt":"LEDGER_HASH","sig":"MEYCIQCLvgy7qvqaoa43V0a8QFp6+llxmnv+WGi2UgMKB3lA4QIhAMiWsIeX9nW33KwHZ8aGPfAmEiRVXvI5f74OW5SANB3F","nonce":1301735132,"seq":0,"tot":0}]
03-31 12:48:37.518 27479 28693 D RegistrationHandler: Has received 1 of 4 fragments from 5@test.com
03-31 12:48:37.541 27479 28693 D RegistrationHandler: Has received 1 of 4 fragments from 6@test.com
03-31 12:48:37.552 27479 28693 D RegistrationHandler: Has received 2 of 4 from 5@test.com
03-31 12:48:37.556 27479 28695 D RegistrationHandler: Has received 2 of 4 from 6@test.com
03-31 12:48:37.559 27479 28693 D RegistrationHandler: Has received 3 of 4 from 5@test.com
03-31 12:48:37.564 27479 28695 D RegistrationHandler: Has received 3 of 4 from 6@test.com
03-31 12:48:37.807 27479 28695 D RegistrationHandler: 1301735132 Received hash from 2@test.com: f835c5ca0c47878ea990e2267afaa94dfcd7989b8df91afd355a2946088d400b
03-31 12:48:37.823 27479 28695 D RegistrationHandler: Has received 3 of 4 fragments from 6@test.com
03-31 12:48:37.921 27479 28695 D RegistrationHandler: Has received 3 of 4 fragments from 5@test.com
03-31 12:48:37.928 27479 28693 D RegistrationHandler: Has received 4 of 4 from 5@test.com
03-31 12:48:37.932 27479 28706 D RegistrationHandler: Has received 4 of 4 from 6@test.com
03-31 12:48:37.937 27479 28705 D RegistrationHandler: Has received 4 of 4 from 6@test.com
03-31 12:48:37.944 27479 28695 D RegistrationHandler: Has received 4 of 4 from 5@test.com
03-31 12:48:37.951 27479 28706 D RegistrationHandler: Received full ledger from 6@test.com with nonce 1301735132
03-31 12:48:37.951 27479 28706 D RegistrationHandler: FULL_LEDGER 1301735132
03-31 12:48:37.953 27479 28693 D RegistrationHandler: Received full ledger from 5@test.com with nonce 1301735132
03-31 12:48:37.953 27479 28693 D RegistrationHandler: FULL_LEDGER 1301735132
03-31 12:48:37.956 27479 28705 D RegistrationHandler: Received full ledger from 6@test.com with nonce 1301735132
03-31 12:48:37.956 27479 28705 D RegistrationHandler: FULL_LEDGER 1301735132
03-31 12:48:37.959 27479 28752 D RegistrationHandler: Has received 4 of 4 from 5@test.com
03-31 12:48:37.960 27479 28695 D RegistrationHandler: Received full ledger from 5@test.com with nonce 1301735132
03-31 12:48:37.960 27479 28695 D RegistrationHandler: FULL_LEDGER 1301735132
03-31 12:48:37.969 27479 28706 D RegistrationHandler: ACCEPTED_LEDGER 1301735132 4
03-31 12:48:37.973 27479 28693 D RegistrationHandler: ACCEPTED_LEDGER 1301735132 4
03-31 12:48:37.974 27479 28752 D RegistrationHandler: Received full ledger from 5@test.com with nonce 1301735132
03-31 12:48:37.974 27479 28752 D RegistrationHandler: FULL_LEDGER 1301735132
03-31 12:48:37.975 27479 28706 D RegistrationHandler: 1301735132 The accepted ledger contains: [2@test.com, 3@test.com, 5@test.com, 6@test.com]
03-31 12:48:37.975 27479 28706 D MulticastServer: Registration process finished: 1301735132
03-31 12:48:37.978 27479 28693 D RegistrationHandler: 1301735132 The accepted ledger contains: [2@test.com, 3@test.com, 5@test.com, 6@test.com]
03-31 12:48:37.979 27479 28705 D RegistrationHandler: ACCEPTED_LEDGER 1301735132 4
03-31 12:48:37.982 27479 28705 D RegistrationHandler: 1301735132 The accepted ledger contains: [2@test.com, 3@test.com, 5@test.com, 6@test.com]
03-31 12:48:37.985 27479 28752 D RegistrationHandler: ACCEPTED_LEDGER 1301735132 4
03-31 12:48:37.985 27479 28695 D RegistrationHandler: ACCEPTED_LEDGER 1301735132 4
03-31 12:48:37.988 27479 28752 D RegistrationHandler: 1301735132 The accepted ledger contains: [2@test.com, 3@test.com, 5@test.com, 6@test.com]
03-31 12:48:37.988 27479 28695 D RegistrationHandler: 1301735132 The accepted ledger contains: [2@test.com, 3@test.com, 5@test.com, 6@test.com]
03-31 12:48:38.008 27479 28752 D MulticastServer: Broadcast block received {"ip":"192.168.1.90","cert":"MIIBGjCBwqADAgECAgYBf996WTQwCgYIKoZIzj0EAwIwFTETMBEGA1UEAwwKVFRNNDkwNSBDQTAeFw0yMjAzMzAxMDE2NTFaFw0yMjA0MzAxMDE2NTFaMBUxEzARBgNVBAMMCjRAdGVzdC5jb20wWTATBgcqhkjOPQIBBggqhkjOPQMBBwNCAAR9ADphQpker5Vlux1TGrY243xUduQc15bIXysV2NxiGJkeD5VM9tRM0LC9OtaczjftmguVO1X6py8Cw58m4CqfMAoGCCqGSM49BAMCA0cAMEQCIHsw/XWk02FcpPISkSvlA7qK2USSlgqOOom9Sg9AUrBUAiB6UZsa+fgTtWznrsteVlekFkQ/GbMN2tUh4ZJjX/PbOQ=="}
03-31 12:48:39.749 27479 28695 D MulticastServer: Registration process started with nonce 1465984517
03-31 12:48:39.755 27479 28695 D MulticastServer: Received request for ledger with nonce: 1465984517.
03-31 12:48:39.799 27479 28686 D RegistrationHandler: 1465984517 Received hash from 3@test.com: 426b24282b49eccdfc717fe9a809b5b9f62ff656dba03539479b139f75cf3837
03-31 12:48:39.830 27479 28686 D MulticastClient: Sent messages with 3 resends: [{"sender":"{\"ip\":\"192.168.1.96\",\"cert\":\"MIIBGzCBwqADAgECAgYBf995t9QwCgYIKoZIzj0EAwIwFTETMBEGA1UEAwwKVFRNNDkwNSBDQTAeFw0yMjAzMzAxMDE2MTBaFw0yMjA0MzAxMDE2MTBaMBUxEzARBgNVBAMMCjNAdGVzdC5jb20wWTATBgcqhkjOPQIBBggqhkjOPQMBBwNCAATY3kLH7Qz4fsUds8uo3PhKft0NLt+5z469gIE3lhucqzAWwwAn06WxsTJLB7jIbr+w\/jyxRPTQe4bioM6AtaLIMAoGCCqGSM49BAMCA0gAMEUCIA0ppl8ei8h1m3prdyupn0WZC6qRuZWM4R6\/rV6AVrcSAiEAwWLG\/rR3rVnUo0t0BriCXqWS+yMclkr+vppWHQ0bfZU=\"}","payload":"426b24282b49eccdfc717fe9a809b5b9f62ff656dba03539479b139f75cf3837","mt":"LEDGER_HASH","sig":"MEYCIQD9qe0RvyS3na6SzO+ByulCMU2ZukhVSN4+lrMQ4SxrYAIhANhSR2hzMVguqTq7NuMz0YDOwWgwiIYndQE5Aa\/7n01Z","nonce":1465984517,"seq":0,"tot":0}]
03-31 12:48:39.863 27479 28695 D RegistrationHandler: Has received 1 of 5 fragments from 5@test.com
03-31 12:48:39.877 27479 28695 D RegistrationHandler: Has received 1 of 5 fragments from 6@test.com
03-31 12:48:39.880 27479 28705 D RegistrationHandler: Has received 2 of 5 from 5@test.com
03-31 12:48:39.886 27479 28705 D RegistrationHandler: Has received 3 of 5 from 5@test.com
03-31 12:48:39.893 27479 28705 D RegistrationHandler: Has received 4 of 5 from 5@test.com
03-31 12:48:39.899 27479 28705 D RegistrationHandler: Has received 2 of 5 from 6@test.com
03-31 12:48:39.916 27479 28705 D RegistrationHandler: Has received 3 of 5 from 6@test.com
03-31 12:48:39.963 27479 28705 D RegistrationHandler: Has received 4 of 5 from 6@test.com
03-31 12:48:39.967 27479 28695 D RegistrationHandler: Has received 5 of 5 from 6@test.com
03-31 12:48:39.998 27479 28695 D RegistrationHandler: Received full ledger from 6@test.com with nonce 1465984517
03-31 12:48:39.998 27479 28695 D RegistrationHandler: FULL_LEDGER 1465984517
03-31 12:48:40.184 27479 28695 D RegistrationHandler: Has received 4 of 5 fragments from 5@test.com
03-31 12:48:40.193 27479 28705 D RegistrationHandler: Has received 5 of 5 from 5@test.com
03-31 12:48:40.194 27479 28752 D RegistrationHandler: Has received 5 of 5 from 5@test.com
03-31 12:48:40.198 27479 28695 D RegistrationHandler: Received full ledger from 5@test.com with nonce 1465984517
03-31 12:48:40.198 27479 28695 D RegistrationHandler: FULL_LEDGER 1465984517
03-31 12:48:40.211 27479 28705 D RegistrationHandler: Received full ledger from 5@test.com with nonce 1465984517
03-31 12:48:40.211 27479 28752 D RegistrationHandler: Received full ledger from 5@test.com with nonce 1465984517
03-31 12:48:40.212 27479 28705 D RegistrationHandler: FULL_LEDGER 1465984517
03-31 12:48:40.212 27479 28752 D RegistrationHandler: FULL_LEDGER 1465984517
03-31 12:48:40.226 27479 28752 D RegistrationHandler: ACCEPTED_LEDGER 1465984517 5
03-31 12:48:40.230 27479 28752 D RegistrationHandler: 1465984517 The accepted ledger contains: [2@test.com, 3@test.com, 4@test.com, 5@test.com, 6@test.com]
03-31 12:48:40.230 27479 28752 D MulticastServer: Registration process finished: 1465984517
03-31 12:48:52.650 27479 28752 D MulticastServer: Registration process started with nonce 2042930320
03-31 12:48:52.655 27479 28752 D MulticastServer: Received request for ledger with nonce: 2042930320.
03-31 12:48:52.696 27479 28752 D RegistrationHandler: 2042930320 Received hash from 3@test.com: 426b24282b49eccdfc717fe9a809b5b9f62ff656dba03539479b139f75cf3837
03-31 12:48:52.719 27479 28752 D MulticastClient: Sent messages with 3 resends: [{"sender":"{\"ip\":\"192.168.1.96\",\"cert\":\"MIIBGzCBwqADAgECAgYBf995t9QwCgYIKoZIzj0EAwIwFTETMBEGA1UEAwwKVFRNNDkwNSBDQTAeFw0yMjAzMzAxMDE2MTBaFw0yMjA0MzAxMDE2MTBaMBUxEzARBgNVBAMMCjNAdGVzdC5jb20wWTATBgcqhkjOPQIBBggqhkjOPQMBBwNCAATY3kLH7Qz4fsUds8uo3PhKft0NLt+5z469gIE3lhucqzAWwwAn06WxsTJLB7jIbr+w\/jyxRPTQe4bioM6AtaLIMAoGCCqGSM49BAMCA0gAMEUCIA0ppl8ei8h1m3prdyupn0WZC6qRuZWM4R6\/rV6AVrcSAiEAwWLG\/rR3rVnUo0t0BriCXqWS+yMclkr+vppWHQ0bfZU=\"}","payload":"426b24282b49eccdfc717fe9a809b5b9f62ff656dba03539479b139f75cf3837","mt":"LEDGER_HASH","sig":"MEUCICXJGyu8w9ZTHShASJ4B7CWP\/8iCsmfiLopi7cW1YbQxAiEA2ZC2XnjQzMNIlVxoUd81f0CUMNrUmM4v\/775rvIh8BE=","nonce":2042930320,"seq":0,"tot":0}]
03-31 12:48:52.760 27479 28695 D RegistrationHandler: Has received 1 of 5 fragments from 5@test.com
03-31 12:48:52.772 27479 28695 D RegistrationHandler: Has received 2 of 5 from 5@test.com
03-31 12:48:52.784 27479 28695 D RegistrationHandler: Has received 1 of 5 fragments from 6@test.com
03-31 12:48:52.789 27479 28705 D RegistrationHandler: Has received 3 of 5 from 5@test.com
03-31 12:48:52.803 27479 28705 D RegistrationHandler: Has received 2 of 5 from 6@test.com
03-31 12:48:52.809 27479 28686 D RegistrationHandler: Has received 4 of 5 from 5@test.com
03-31 12:48:52.815 27479 28705 D RegistrationHandler: Has received 3 of 5 from 6@test.com
03-31 12:48:52.823 27479 28705 D RegistrationHandler: 2042930320 Received hash from 2@test.com: 426b24282b49eccdfc717fe9a809b5b9f62ff656dba03539479b139f75cf3837
03-31 12:48:52.867 27479 28705 D RegistrationHandler: Has received 4 of 5 from 6@test.com
03-31 12:48:52.876 27479 28705 D RegistrationHandler: Has received 5 of 5 from 5@test.com
