
--------- beginning of main
02-15 10:04:17.268 21159 21159 D MulticastServer: Service started
02-15 10:04:17.338 21159 21197 D MulticastServer: Listening for data.
02-15 10:04:17.351 21159 21199 D MulticastServer: Registration process started with nonce: 1993569374
02-15 10:04:21.121 21255 21255 D MulticastServer: Service started
02-15 10:04:21.129 21255 21316 D MulticastServer: Listening for data.
02-15 10:04:21.131 21255 21318 D MulticastServer: Registration process started with nonce: 956083151
02-15 10:04:21.940 21255 21317 D MulticastClient: Sent message {"sender":"","payload":"","messageType":"REQUEST_LEDGER","signature":"","nonce":956083151}
02-15 10:04:22.144 21255 21319 D MulticastServer: Registration process finished: 956083151
02-15 10:04:22.958 21255 21338 D MulticastClient: Sent message {"sender":"test3@mail.com","payload":"{\"username\":\"test3@mail.com\",\"ipAddress\":\"192.168.1.57\",\"certificate\":\"MIIBHzCBxQIGAX7i2tJEMAoGCCqGSM49BAMCMBkxFzAVBgNVBAMMDnRlc3QzQG1haWwuY29tMB4XDTIyMDIwOTA4NTgxOFoXDTI0MDIxMDA4NTgxOFowGTEXMBUGA1UEAwwOdGVzdDNAbWFpbC5jb20wWTATBgcqhkjOPQIBBggqhkjOPQMBBwNCAAQSlwdsfqwVIDPh77DN9ED5q3AfC06iCyg35M9ErPQiuiuX54dE\/ZCiyf9uaWjQNHwjMonjBEfBwAgi2KGiJ8\/+MAoGCCqGSM49BAMCA0kAMEYCIQCGHB+hmxaBvJ46NqSXIoWgM0lCCOe7Wz3kDvjTar9geAIhAKFG9bgCZBNhWvUVeg\/mbqigKE8EGe13zDlavMYg4oPR\"}","messageType":"BROADCAST_BLOCK","signature":"MEYCIQCIJ\/AoEeoyzWPxHHyoFv304kZwhPnNEoM\/QwjyS21kigIhANFjEp+6ZRmr1VXGWju4WSrI+LYmrj28eFJH1ib6LJJh","nonce":956083151}
02-15 10:05:17.905 21638 21638 D MulticastServer: Service started
02-15 10:05:17.906 21638 21673 D MulticastServer: Listening for data.
02-15 10:05:17.912 21638 21718 D MulticastServer: Registration process started with nonce: 1717786631
02-15 10:05:18.718 21638 21721 D MulticastClient: Sent message {"sender":"","payload":"","messageType":"REQUEST_LEDGER","signature":"","nonce":1717786631}
02-15 10:05:18.929 21638 21719 D MulticastServer: Registration process finished: 1717786631
02-15 10:05:19.745 21638 21735 D MulticastClient: Sent message {"sender":"test3@mail.com","payload":"{\"username\":\"test3@mail.com\",\"ipAddress\":\"192.168.1.57\",\"certificate\":\"MIIBHzCBxQIGAX7i2tJEMAoGCCqGSM49BAMCMBkxFzAVBgNVBAMMDnRlc3QzQG1haWwuY29tMB4XDTIyMDIwOTA4NTgxOFoXDTI0MDIxMDA4NTgxOFowGTEXMBUGA1UEAwwOdGVzdDNAbWFpbC5jb20wWTATBgcqhkjOPQIBBggqhkjOPQMBBwNCAAQSlwdsfqwVIDPh77DN9ED5q3AfC06iCyg35M9ErPQiuiuX54dE\/ZCiyf9uaWjQNHwjMonjBEfBwAgi2KGiJ8\/+MAoGCCqGSM49BAMCA0kAMEYCIQCGHB+hmxaBvJ46NqSXIoWgM0lCCOe7Wz3kDvjTar9geAIhAKFG9bgCZBNhWvUVeg\/mbqigKE8EGe13zDlavMYg4oPR\"}","messageType":"BROADCAST_BLOCK","signature":"MEUCIQDgPfIqG5\/jxkMK+5ARO1TMG2n6xsBNhIJTJQZwu0oY0wIgEsJmZ8lGZkLzPme\/OboucMJTWNYFm1wWkanNKpQTjqw=","nonce":1717786631}
02-15 10:05:58.393 21774 21774 D MulticastServer: Service started
02-15 10:05:58.393 21774 21809 D MulticastServer: Listening for data.
02-15 10:05:58.398 21774 21856 D MulticastServer: Registration process started with nonce: 753367003
02-15 10:05:59.209 21774 21808 D MulticastClient: Sent message {"sender":"","payload":"","messageType":"REQUEST_LEDGER","signature":"","nonce":753367003}
02-15 10:05:59.410 21774 21857 D MulticastServer: Registration process finished: 753367003
02-15 10:06:00.224 21774 21808 D MulticastClient: Sent message {"sender":"test3@mail.com","payload":"{\"username\":\"test3@mail.com\",\"ipAddress\":\"192.168.1.57\",\"certificate\":\"MIIBHzCBxQIGAX7i2tJEMAoGCCqGSM49BAMCMBkxFzAVBgNVBAMMDnRlc3QzQG1haWwuY29tMB4XDTIyMDIwOTA4NTgxOFoXDTI0MDIxMDA4NTgxOFowGTEXMBUGA1UEAwwOdGVzdDNAbWFpbC5jb20wWTATBgcqhkjOPQIBBggqhkjOPQMBBwNCAAQSlwdsfqwVIDPh77DN9ED5q3AfC06iCyg35M9ErPQiuiuX54dE\/ZCiyf9uaWjQNHwjMonjBEfBwAgi2KGiJ8\/+MAoGCCqGSM49BAMCA0kAMEYCIQCGHB+hmxaBvJ46NqSXIoWgM0lCCOe7Wz3kDvjTar9geAIhAKFG9bgCZBNhWvUVeg\/mbqigKE8EGe13zDlavMYg4oPR\"}","messageType":"BROADCAST_BLOCK","signature":"MEQCIE76V2rIYyQ2FWgWOhpYnqAiEUketjy09eB9fPUkw7AuAiAVRpLGisRurHSKnFiXsFpWeZ4tPcMrSLxtQypAtGz2Iw==","nonce":753367003}
02-15 10:06:37.170 21925 21925 D MulticastServer: Service started
02-15 10:06:37.178 21925 21974 D MulticastServer: Listening for data.
02-15 10:06:37.180 21925 21976 D MulticastServer: Registration process started with nonce: 1677648602
02-15 10:06:37.988 21925 21975 D MulticastClient: Sent message {"sender":"","payload":"","messageType":"REQUEST_LEDGER","signature":"","nonce":1677648602}
02-15 10:06:38.195 21925 21977 D MulticastServer: Registration process finished: 1677648602
02-15 10:06:39.010 21925 21994 D MulticastClient: Sent message {"sender":"test3@mail.com","payload":"{\"username\":\"test3@mail.com\",\"ipAddress\":\"192.168.1.57\",\"certificate\":\"MIIBHzCBxQIGAX7i2tJEMAoGCCqGSM49BAMCMBkxFzAVBgNVBAMMDnRlc3QzQG1haWwuY29tMB4XDTIyMDIwOTA4NTgxOFoXDTI0MDIxMDA4NTgxOFowGTEXMBUGA1UEAwwOdGVzdDNAbWFpbC5jb20wWTATBgcqhkjOPQIBBggqhkjOPQMBBwNCAAQSlwdsfqwVIDPh77DN9ED5q3AfC06iCyg35M9ErPQiuiuX54dE\/ZCiyf9uaWjQNHwjMonjBEfBwAgi2KGiJ8\/+MAoGCCqGSM49BAMCA0kAMEYCIQCGHB+hmxaBvJ46NqSXIoWgM0lCCOe7Wz3kDvjTar9geAIhAKFG9bgCZBNhWvUVeg\/mbqigKE8EGe13zDlavMYg4oPR\"}","messageType":"BROADCAST_BLOCK","signature":"MEUCIGN9KHY6Wv\/juTKNpruU65pLrSRaRfYpgWYRHBmWbDnNAiEA3m7KZ6feMIViysPgDye6FFA+Qm5MOKiAnmA4ESVV4Xs=","nonce":1677648602}
02-15 10:08:16.382 21925 21975 D MulticastServer: Registration process started with nonce: 98383565
02-15 10:08:16.385 21925 21975 D MulticastServer: Received request for ledger with nonce: 98383565.
02-15 10:08:17.142 21925 21975 D MulticastServer: Received request for ledger with nonce: 98383565.
02-15 10:08:17.210 21925 21994 D MulticastClient: Sent message {"sender":"test3@mail.com","payload":"[{\"username\":\"test3@mail.com\",\"ipAddress\":\"192.168.1.57\",\"certificate\":\"MIIBHzCBxQIGAX7i2tJEMAoGCCqGSM49BAMCMBkxFzAVBgNVBAMMDnRlc3QzQG1haWwuY29tMB4XDTIyMDIwOTA4NTgxOFoXDTI0MDIxMDA4NTgxOFowGTEXMBUGA1UEAwwOdGVzdDNAbWFpbC5jb20wWTATBgcqhkjOPQIBBggqhkjOPQMBBwNCAAQSlwdsfqwVIDPh77DN9ED5q3AfC06iCyg35M9ErPQiuiuX54dE\/ZCiyf9uaWjQNHwjMonjBEfBwAgi2KGiJ8\/+MAoGCCqGSM49BAMCA0kAMEYCIQCGHB+hmxaBvJ46NqSXIoWgM0lCCOe7Wz3kDvjTar9geAIhAKFG9bgCZBNhWvUVeg\/mbqigKE8EGe13zDlavMYg4oPR\"}]","messageType":"FULL_LEDGER","signature":"MEYCIQCcF5uthwDUxPmxKhPUGSOmeOxOF+7ce8okI83Ss3YTFgIhAKIHMgZ1A9pJGJwSMmj3IWAq+jgVEmwK4BcoHQQ55YIv","nonce":98383565}
02-15 10:08:17.297 21925 22033 D MulticastServer: Broadcast block received {"username":"test@bdj.com","ipAddress":"192.168.1.43","certificate":"MIIBGTCBwQIGAX73hbs4MAoGCCqGSM49BAMCMBcxFTATBgNVBAMMDHRlc3RAYmRqLmNvbTAeFw0yMjAyMTMwOTE3MjNaFw0yNDAyMTQwOTE3MjNaMBcxFTATBgNVBAMMDHRlc3RAYmRqLmNvbTBZMBMGByqGSM49AgEGCCqGSM49AwEHA0IABP/41t+wYTnBX3qRYx41RH4IBCcobCmg0i04cZgwu08rd2x5EhryCH8bZFDDMeNwQ2j77jLyvHIjBz0zHjC3l/UwCgYIKoZIzj0EAwIDRwAwRAIgH7Y/UV1OAevxrADvnE9p8hCeQ+GzcLFSzrKlTOl2PYQCIF8A+9ak/AbTuBXMdeABh1kAqBgRhPYIqWoZORgX8nWG"}
02-15 10:08:17.300 21925 22033 D MulticastServer: Signature is valid: true
02-15 10:08:17.388 21925 22031 D MulticastServer: Registration process finished: 98383565
02-15 10:08:17.967 21925 21979 D MulticastClient: Sent message {"sender":"test3@mail.com","payload":"[{\"username\":\"test3@mail.com\",\"ipAddress\":\"192.168.1.57\",\"certificate\":\"MIIBHzCBxQIGAX7i2tJEMAoGCCqGSM49BAMCMBkxFzAVBgNVBAMMDnRlc3QzQG1haWwuY29tMB4XDTIyMDIwOTA4NTgxOFoXDTI0MDIxMDA4NTgxOFowGTEXMBUGA1UEAwwOdGVzdDNAbWFpbC5jb20wWTATBgcqhkjOPQIBBggqhkjOPQMBBwNCAAQSlwdsfqwVIDPh77DN9ED5q3AfC06iCyg35M9ErPQiuiuX54dE\/ZCiyf9uaWjQNHwjMonjBEfBwAgi2KGiJ8\/+MAoGCCqGSM49BAMCA0kAMEYCIQCGHB+hmxaBvJ46NqSXIoWgM0lCCOe7Wz3kDvjTar9geAIhAKFG9bgCZBNhWvUVeg\/mbqigKE8EGe13zDlavMYg4oPR\"}]","messageType":"FULL_LEDGER","signature":"MEQCIC0xpc8oZ6WSBqlzXzF2o24jyL0lmhN13dyyGapoZ7hfAiB3G91LtZcIg5pj2Rknr4ZLsPyRyd\/A7O4TAaLBfy5IoQ==","nonce":98383565}
02-15 10:08:18.095 21925 22033 D MulticastServer: Broadcast block received {"username":"test@bdj.com","ipAddress":"192.168.1.43","certificate":"MIIBGTCBwQIGAX73hbs4MAoGCCqGSM49BAMCMBcxFTATBgNVBAMMDHRlc3RAYmRqLmNvbTAeFw0yMjAyMTMwOTE3MjNaFw0yNDAyMTQwOTE3MjNaMBcxFTATBgNVBAMMDHRlc3RAYmRqLmNvbTBZMBMGByqGSM49AgEGCCqGSM49AwEHA0IABP/41t+wYTnBX3qRYx41RH4IBCcobCmg0i04cZgwu08rd2x5EhryCH8bZFDDMeNwQ2j77jLyvHIjBz0zHjC3l/UwCgYIKoZIzj0EAwIDRwAwRAIgH7Y/UV1OAevxrADvnE9p8hCeQ+GzcLFSzrKlTOl2PYQCIF8A+9ak/AbTuBXMdeABh1kAqBgRhPYIqWoZORgX8nWG"}
02-15 10:08:18.098 21925 22033 D MulticastServer: Signature is valid: true
02-15 10:21:59.339 22399 22399 D MulticastServer: Service started
02-15 10:21:59.340 22399 22435 D MulticastServer: Listening for data.
02-15 10:21:59.347 22399 22554 D MulticastServer: Registration process started with nonce: 1738656480
02-15 10:21:59.542 22399 22559 D MulticastServer: Received full ledger from test@bdj.com: [{"username":"test@bdj.com","ipAddress":"192.168.1.43","certificate":"MIIBGTCBwQIGAX73hbs4MAoGCCqGSM49BAMCMBcxFTATBgNVBAMMDHRlc3RAYmRqLmNvbTAeFw0yMjAyMTMwOTE3MjNaFw0yNDAyMTQwOTE3MjNaMBcxFTATBgNVBAMMDHRlc3RAYmRqLmNvbTBZMBMGByqGSM49AgEGCCqGSM49AwEHA0IABP/41t+wYTnBX3qRYx41RH4IBCcobCmg0i04cZgwu08rd2x5EhryCH8bZFDDMeNwQ2j77jLyvHIjBz0zHjC3l/UwCgYIKoZIzj0EAwIDRwAwRAIgH7Y/UV1OAevxrADvnE9p8hCeQ+GzcLFSzrKlTOl2PYQCIF8A+9ak/AbTuBXMdeABh1kAqBgRhPYIqWoZORgX8nWG"}]
02-15 10:22:00.154 22399 22558 D MulticastClient: Sent message {"sender":"","payload":"","messageType":"REQUEST_LEDGER","signature":"","nonce":1738656480}
02-15 10:22:00.272 22399 22559 D MulticastServer: Received full ledger from test@bdj.com: [{"username":"test@bdj.com","ipAddress":"192.168.1.43","certificate":"MIIBGTCBwQIGAX73hbs4MAoGCCqGSM49BAMCMBcxFTATBgNVBAMMDHRlc3RAYmRqLmNvbTAeFw0yMjAyMTMwOTE3MjNaFw0yNDAyMTQwOTE3MjNaMBcxFTATBgNVBAMMDHRlc3RAYmRqLmNvbTBZMBMGByqGSM49AgEGCCqGSM49AwEHA0IABP/41t+wYTnBX3qRYx41RH4IBCcobCmg0i04cZgwu08rd2x5EhryCH8bZFDDMeNwQ2j77jLyvHIjBz0zHjC3l/UwCgYIKoZIzj0EAwIDRwAwRAIgH7Y/UV1OAevxrADvnE9p8hCeQ+GzcLFSzrKlTOl2PYQCIF8A+9ak/AbTuBXMdeABh1kAqBgRhPYIqWoZORgX8nWG"}]
02-15 10:22:00.281 22399 22558 D MulticastServer: Received full ledger from test@bdj.com: [{"username":"test@bdj.com","ipAddress":"192.168.1.43","certificate":"MIIBGTCBwQIGAX73hbs4MAoGCCqGSM49BAMCMBcxFTATBgNVBAMMDHRlc3RAYmRqLmNvbTAeFw0yMjAyMTMwOTE3MjNaFw0yNDAyMTQwOTE3MjNaMBcxFTATBgNVBAMMDHRlc3RAYmRqLmNvbTBZMBMGByqGSM49AgEGCCqGSM49AwEHA0IABP/41t+wYTnBX3qRYx41RH4IBCcobCmg0i04cZgwu08rd2x5EhryCH8bZFDDMeNwQ2j77jLyvHIjBz0zHjC3l/UwCgYIKoZIzj0EAwIDRwAwRAIgH7Y/UV1OAevxrADvnE9p8hCeQ+GzcLFSzrKlTOl2PYQCIF8A+9ak/AbTuBXMdeABh1kAqBgRhPYIqWoZORgX8nWG"}]
02-15 10:22:00.362 22399 22556 D MulticastServer: Registration process finished: 1738656480
02-15 10:22:01.175 22399 22558 D MulticastClient: Sent message {"sender":"test3@mail.com","payload":"{\"username\":\"test3@mail.com\",\"ipAddress\":\"192.168.1.57\",\"certificate\":\"MIIBHzCBxQIGAX7i2tJEMAoGCCqGSM49BAMCMBkxFzAVBgNVBAMMDnRlc3QzQG1haWwuY29tMB4XDTIyMDIwOTA4NTgxOFoXDTI0MDIxMDA4NTgxOFowGTEXMBUGA1UEAwwOdGVzdDNAbWFpbC5jb20wWTATBgcqhkjOPQIBBggqhkjOPQMBBwNCAAQSlwdsfqwVIDPh77DN9ED5q3AfC06iCyg35M9ErPQiuiuX54dE\/ZCiyf9uaWjQNHwjMonjBEfBwAgi2KGiJ8\/+MAoGCCqGSM49BAMCA0kAMEYCIQCGHB+hmxaBvJ46NqSXIoWgM0lCCOe7Wz3kDvjTar9geAIhAKFG9bgCZBNhWvUVeg\/mbqigKE8EGe13zDlavMYg4oPR\"}","messageType":"BROADCAST_BLOCK","signature":"MEUCIC4iXqzG\/lhtjg5sVtuRd6ZpjEDaza\/Za4RxPXZLox+VAiEAopnzgilOwxRqopDqVsIF7dMSAw3Fpku4IVjnYATZyEM=","nonce":1738656480}
02-15 10:23:42.972 22640 22640 D MulticastServer: Service started
02-15 10:23:42.973 22640 22674 D MulticastServer: Listening for data.
02-15 10:23:42.976 22640 22710 D MulticastServer: Registration process started with nonce: 1406782827
02-15 10:23:43.035 22640 22716 D MulticastServer: Broadcast block received {"username":"test@bdj.com","ipAddress":"192.168.1.43","certificate":"MIIBGTCBwQIGAX73hbs4MAoGCCqGSM49BAMCMBcxFTATBgNVBAMMDHRlc3RAYmRqLmNvbTAeFw0yMjAyMTMwOTE3MjNaFw0yNDAyMTQwOTE3MjNaMBcxFTATBgNVBAMMDHRlc3RAYmRqLmNvbTBZMBMGByqGSM49AgEGCCqGSM49AwEHA0IABP/41t+wYTnBX3qRYx41RH4IBCcobCmg0i04cZgwu08rd2x5EhryCH8bZFDDMeNwQ2j77jLyvHIjBz0zHjC3l/UwCgYIKoZIzj0EAwIDRwAwRAIgH7Y/UV1OAevxrADvnE9p8hCeQ+GzcLFSzrKlTOl2PYQCIF8A+9ak/AbTuBXMdeABh1kAqBgRhPYIqWoZORgX8nWG"}
02-15 10:23:43.037 22640 22716 D MulticastServer: Signature is valid: true
02-15 10:23:43.076 22640 22716 D MulticastServer: Received full ledger from test@bdj.com: [{"username":"test@bdj.com","ipAddress":"192.168.1.43","certificate":"MIIBGTCBwQIGAX73hbs4MAoGCCqGSM49BAMCMBcxFTATBgNVBAMMDHRlc3RAYmRqLmNvbTAeFw0yMjAyMTMwOTE3MjNaFw0yNDAyMTQwOTE3MjNaMBcxFTATBgNVBAMMDHRlc3RAYmRqLmNvbTBZMBMGByqGSM49AgEGCCqGSM49AwEHA0IABP/41t+wYTnBX3qRYx41RH4IBCcobCmg0i04cZgwu08rd2x5EhryCH8bZFDDMeNwQ2j77jLyvHIjBz0zHjC3l/UwCgYIKoZIzj0EAwIDRwAwRAIgH7Y/UV1OAevxrADvnE9p8hCeQ+GzcLFSzrKlTOl2PYQCIF8A+9ak/AbTuBXMdeABh1kAqBgRhPYIqWoZORgX8nWG"}]
02-15 10:23:43.788 22640 22713 D MulticastClient: Sent message {"sender":"","payload":"","messageType":"REQUEST_LEDGER","signature":"","nonce":1406782827}
02-15 10:23:43.880 22640 22713 D MulticastServer: Received full ledger from test@bdj.com: [{"username":"test@bdj.com","ipAddress":"192.168.1.43","certificate":"MIIBGTCBwQIGAX73hbs4MAoGCCqGSM49BAMCMBcxFTATBgNVBAMMDHRlc3RAYmRqLmNvbTAeFw0yMjAyMTMwOTE3MjNaFw0yNDAyMTQwOTE3MjNaMBcxFTATBgNVBAMMDHRlc3RAYmRqLmNvbTBZMBMGByqGSM49AgEGCCqGSM49AwEHA0IABP/41t+wYTnBX3qRYx41RH4IBCcobCmg0i04cZgwu08rd2x5EhryCH8bZFDDMeNwQ2j77jLyvHIjBz0zHjC3l/UwCgYIKoZIzj0EAwIDRwAwRAIgH7Y/UV1OAevxrADvnE9p8hCeQ+GzcLFSzrKlTOl2PYQCIF8A+9ak/AbTuBXMdeABh1kAqBgRhPYIqWoZORgX8nWG"}]
02-15 10:23:43.905 22640 22714 D MulticastServer: Received full ledger from test@bdj.com: [{"username":"test@bdj.com","ipAddress":"192.168.1.43","certificate":"MIIBGTCBwQIGAX73hbs4MAoGCCqGSM49BAMCMBcxFTATBgNVBAMMDHRlc3RAYmRqLmNvbTAeFw0yMjAyMTMwOTE3MjNaFw0yNDAyMTQwOTE3MjNaMBcxFTATBgNVBAMMDHRlc3RAYmRqLmNvbTBZMBMGByqGSM49AgEGCCqGSM49AwEHA0IABP/41t+wYTnBX3qRYx41RH4IBCcobCmg0i04cZgwu08rd2x5EhryCH8bZFDDMeNwQ2j77jLyvHIjBz0zHjC3l/UwCgYIKoZIzj0EAwIDRwAwRAIgH7Y/UV1OAevxrADvnE9p8hCeQ+GzcLFSzrKlTOl2PYQCIF8A+9ak/AbTuBXMdeABh1kAqBgRhPYIqWoZORgX8nWG"}]
02-15 10:23:43.994 22640 22711 D MulticastServer: Registration process finished: 1406782827
02-15 10:23:44.806 22640 22714 D MulticastClient: Sent message {"sender":"test3@mail.com","payload":"{\"username\":\"test3@mail.com\",\"ipAddress\":\"192.168.1.57\",\"certificate\":\"MIIBHzCBxQIGAX7i2tJEMAoGCCqGSM49BAMCMBkxFzAVBgNVBAMMDnRlc3QzQG1haWwuY29tMB4XDTIyMDIwOTA4NTgxOFoXDTI0MDIxMDA4NTgxOFowGTEXMBUGA1UEAwwOdGVzdDNAbWFpbC5jb20wWTATBgcqhkjOPQIBBggqhkjOPQMBBwNCAAQSlwdsfqwVIDPh77DN9ED5q3AfC06iCyg35M9ErPQiuiuX54dE\/ZCiyf9uaWjQNHwjMonjBEfBwAgi2KGiJ8\/+MAoGCCqGSM49BAMCA0kAMEYCIQCGHB+hmxaBvJ46NqSXIoWgM0lCCOe7Wz3kDvjTar9geAIhAKFG9bgCZBNhWvUVeg\/mbqigKE8EGe13zDlavMYg4oPR\"}","messageType":"BROADCAST_BLOCK","signature":"MEUCICHSW35maB6Eh1l1RKPSqcV+5UnKyUy6bkVYVflM5KTLAiEArJUHIJhfY+kpGupnei7i3tDq5sY8ktRDOc2QLIoOCIA=","nonce":1406782827}
02-15 10:25:52.286 22787 22787 D MulticastServer: Service started
02-15 10:25:52.357 22787 22821 D MulticastServer: Listening for data.
02-15 10:25:52.379 22787 22823 D MulticastServer: Registration process started with nonce: 1740465735
02-15 10:25:57.866 22854 22854 D MulticastServer: Service started
02-15 10:25:57.874 22854 22904 D MulticastServer: Listening for data.
02-15 10:25:57.877 22854 22906 D MulticastServer: Registration process started with nonce: 1378454964
02-15 10:25:58.042 22854 22909 D MulticastServer: Received full ledger from test@bdj.com: [{"username":"test@bdj.com","ipAddress":"192.168.1.43","certificate":"MIIBGTCBwQIGAX73hbs4MAoGCCqGSM49BAMCMBcxFTATBgNVBAMMDHRlc3RAYmRqLmNvbTAeFw0yMjAyMTMwOTE3MjNaFw0yNDAyMTQwOTE3MjNaMBcxFTATBgNVBAMMDHRlc3RAYmRqLmNvbTBZMBMGByqGSM49AgEGCCqGSM49AwEHA0IABP/41t+wYTnBX3qRYx41RH4IBCcobCmg0i04cZgwu08rd2x5EhryCH8bZFDDMeNwQ2j77jLyvHIjBz0zHjC3l/UwCgYIKoZIzj0EAwIDRwAwRAIgH7Y/UV1OAevxrADvnE9p8hCeQ+GzcLFSzrKlTOl2PYQCIF8A+9ak/AbTuBXMdeABh1kAqBgRhPYIqWoZORgX8nWG"}]
02-15 10:28:54.684 22975 22975 D MulticastServer: Service started
02-15 10:28:54.693 22975 23027 D MulticastServer: Listening for data.
02-15 10:28:54.695 22975 23029 D MulticastServer: Registration process started with nonce: 2012140562
02-15 10:28:54.990 22975 23035 D MulticastServer: Received full ledger from test@bdj.com: [{"username":"test@bdj.com","ipAddress":"192.168.1.43","certificate":"MIIBGTCBwQIGAX73hbs4MAoGCCqGSM49BAMCMBcxFTATBgNVBAMMDHRlc3RAYmRqLmNvbTAeFw0yMjAyMTMwOTE3MjNaFw0yNDAyMTQwOTE3MjNaMBcxFTATBgNVBAMMDHRlc3RAYmRqLmNvbTBZMBMGByqGSM49AgEGCCqGSM49AwEHA0IABP/41t+wYTnBX3qRYx41RH4IBCcobCmg0i04cZgwu08rd2x5EhryCH8bZFDDMeNwQ2j77jLyvHIjBz0zHjC3l/UwCgYIKoZIzj0EAwIDRwAwRAIgH7Y/UV1OAevxrADvnE9p8hCeQ+GzcLFSzrKlTOl2PYQCIF8A+9ak/AbTuBXMdeABh1kAqBgRhPYIqWoZORgX8nWG"}]
02-15 10:29:28.336 23081 23081 D MulticastServer: Service started
02-15 10:29:28.345 23081 23127 D MulticastServer: Listening for data.
02-15 10:29:28.349 23081 23129 D MulticastServer: Registration process started with nonce: 963276586
02-15 10:29:28.606 23081 23133 D MulticastServer: Received full ledger from test@bdj.com: [{"username":"test@bdj.com","ipAddress":"192.168.1.43","certificate":"MIIBGTCBwQIGAX73hbs4MAoGCCqGSM49BAMCMBcxFTATBgNVBAMMDHRlc3RAYmRqLmNvbTAeFw0yMjAyMTMwOTE3MjNaFw0yNDAyMTQwOTE3MjNaMBcxFTATBgNVBAMMDHRlc3RAYmRqLmNvbTBZMBMGByqGSM49AgEGCCqGSM49AwEHA0IABP/41t+wYTnBX3qRYx41RH4IBCcobCmg0i04cZgwu08rd2x5EhryCH8bZFDDMeNwQ2j77jLyvHIjBz0zHjC3l/UwCgYIKoZIzj0EAwIDRwAwRAIgH7Y/UV1OAevxrADvnE9p8hCeQ+GzcLFSzrKlTOl2PYQCIF8A+9ak/AbTuBXMdeABh1kAqBgRhPYIqWoZORgX8nWG"}]
02-15 10:29:30.643 23184 23184 D MulticastServer: Service started
02-15 10:29:30.651 23184 23239 D MulticastServer: Listening for data.
02-15 10:29:30.659 23184 23241 D MulticastServer: Registration process started with nonce: 1062758225
02-15 10:29:30.798 23184 23247 D MulticastServer: Received full ledger from test@bdj.com: [{"username":"test@bdj.com","ipAddress":"192.168.1.43","certificate":"MIIBGTCBwQIGAX73hbs4MAoGCCqGSM49BAMCMBcxFTATBgNVBAMMDHRlc3RAYmRqLmNvbTAeFw0yMjAyMTMwOTE3MjNaFw0yNDAyMTQwOTE3MjNaMBcxFTATBgNVBAMMDHRlc3RAYmRqLmNvbTBZMBMGByqGSM49AgEGCCqGSM49AwEHA0IABP/41t+wYTnBX3qRYx41RH4IBCcobCmg0i04cZgwu08rd2x5EhryCH8bZFDDMeNwQ2j77jLyvHIjBz0zHjC3l/UwCgYIKoZIzj0EAwIDRwAwRAIgH7Y/UV1OAevxrADvnE9p8hCeQ+GzcLFSzrKlTOl2PYQCIF8A+9ak/AbTuBXMdeABh1kAqBgRhPYIqWoZORgX8nWG"}]
02-15 10:29:33.030 23293 23293 D MulticastServer: Service started
02-15 10:29:33.038 23293 23341 D MulticastServer: Listening for data.
02-15 10:29:33.040 23293 23343 D MulticastServer: Registration process started with nonce: 1059123463
02-15 10:29:33.178 23293 23357 D MulticastServer: Received full ledger from test@bdj.com: [{"username":"test@bdj.com","ipAddress":"192.168.1.43","certificate":"MIIBGTCBwQIGAX73hbs4MAoGCCqGSM49BAMCMBcxFTATBgNVBAMMDHRlc3RAYmRqLmNvbTAeFw0yMjAyMTMwOTE3MjNaFw0yNDAyMTQwOTE3MjNaMBcxFTATBgNVBAMMDHRlc3RAYmRqLmNvbTBZMBMGByqGSM49AgEGCCqGSM49AwEHA0IABP/41t+wYTnBX3qRYx41RH4IBCcobCmg0i04cZgwu08rd2x5EhryCH8bZFDDMeNwQ2j77jLyvHIjBz0zHjC3l/UwCgYIKoZIzj0EAwIDRwAwRAIgH7Y/UV1OAevxrADvnE9p8hCeQ+GzcLFSzrKlTOl2PYQCIF8A+9ak/AbTuBXMdeABh1kAqBgRhPYIqWoZORgX8nWG"}]
02-15 10:29:35.415 23411 23411 D MulticastServer: Service started
02-15 10:29:35.424 23411 23459 D MulticastServer: Listening for data.
02-15 10:29:35.426 23411 23461 D MulticastServer: Registration process started with nonce: 173188327
02-15 10:29:35.526 23411 23476 D MulticastServer: Received full ledger from test@bdj.com: [{"username":"test@bdj.com","ipAddress":"192.168.1.43","certificate":"MIIBGTCBwQIGAX73hbs4MAoGCCqGSM49BAMCMBcxFTATBgNVBAMMDHRlc3RAYmRqLmNvbTAeFw0yMjAyMTMwOTE3MjNaFw0yNDAyMTQwOTE3MjNaMBcxFTATBgNVBAMMDHRlc3RAYmRqLmNvbTBZMBMGByqGSM49AgEGCCqGSM49AwEHA0IABP/41t+wYTnBX3qRYx41RH4IBCcobCmg0i04cZgwu08rd2x5EhryCH8bZFDDMeNwQ2j77jLyvHIjBz0zHjC3l/UwCgYIKoZIzj0EAwIDRwAwRAIgH7Y/UV1OAevxrADvnE9p8hCeQ+GzcLFSzrKlTOl2PYQCIF8A+9ak/AbTuBXMdeABh1kAqBgRhPYIqWoZORgX8nWG"}]
02-15 10:29:37.805 23516 23516 D MulticastServer: Service started
02-15 10:29:37.814 23516 23569 D MulticastServer: Listening for data.
02-15 10:29:37.821 23516 23571 D MulticastServer: Registration process started with nonce: 1395077026
02-15 10:29:40.188 23625 23625 D MulticastServer: Service started
02-15 10:29:40.199 23625 23672 D MulticastServer: Listening for data.
02-15 10:29:40.203 23625 23674 D MulticastServer: Registration process started with nonce: 1505972180
02-15 10:29:40.279 23625 23678 D MulticastServer: Received full ledger from test@bdj.com: [{"username":"test@bdj.com","ipAddress":"192.168.1.43","certificate":"MIIBGTCBwQIGAX73hbs4MAoGCCqGSM49BAMCMBcxFTATBgNVBAMMDHRlc3RAYmRqLmNvbTAeFw0yMjAyMTMwOTE3MjNaFw0yNDAyMTQwOTE3MjNaMBcxFTATBgNVBAMMDHRlc3RAYmRqLmNvbTBZMBMGByqGSM49AgEGCCqGSM49AwEHA0IABP/41t+wYTnBX3qRYx41RH4IBCcobCmg0i04cZgwu08rd2x5EhryCH8bZFDDMeNwQ2j77jLyvHIjBz0zHjC3l/UwCgYIKoZIzj0EAwIDRwAwRAIgH7Y/UV1OAevxrADvnE9p8hCeQ+GzcLFSzrKlTOl2PYQCIF8A+9ak/AbTuBXMdeABh1kAqBgRhPYIqWoZORgX8nWG"}]
02-15 10:29:42.575 23731 23731 D MulticastServer: Service started
02-15 10:29:42.584 23731 23779 D MulticastServer: Listening for data.
02-15 10:29:42.586 23731 23781 D MulticastServer: Registration process started with nonce: 504729421
02-15 10:29:42.650 23731 23786 D MulticastServer: Broadcast block received {"username":"test@bdj.com","ipAddress":"192.168.1.43","certificate":"MIIBGTCBwQIGAX73hbs4MAoGCCqGSM49BAMCMBcxFTATBgNVBAMMDHRlc3RAYmRqLmNvbTAeFw0yMjAyMTMwOTE3MjNaFw0yNDAyMTQwOTE3MjNaMBcxFTATBgNVBAMMDHRlc3RAYmRqLmNvbTBZMBMGByqGSM49AgEGCCqGSM49AwEHA0IABP/41t+wYTnBX3qRYx41RH4IBCcobCmg0i04cZgwu08rd2x5EhryCH8bZFDDMeNwQ2j77jLyvHIjBz0zHjC3l/UwCgYIKoZIzj0EAwIDRwAwRAIgH7Y/UV1OAevxrADvnE9p8hCeQ+GzcLFSzrKlTOl2PYQCIF8A+9ak/AbTuBXMdeABh1kAqBgRhPYIqWoZORgX8nWG"}
02-15 10:29:42.651 23731 23786 D MulticastServer: Signature is valid: true
02-15 10:29:42.716 23731 23786 D MulticastServer: Received full ledger from test@bdj.com: [{"username":"test@bdj.com","ipAddress":"192.168.1.43","certificate":"MIIBGTCBwQIGAX73hbs4MAoGCCqGSM49BAMCMBcxFTATBgNVBAMMDHRlc3RAYmRqLmNvbTAeFw0yMjAyMTMwOTE3MjNaFw0yNDAyMTQwOTE3MjNaMBcxFTATBgNVBAMMDHRlc3RAYmRqLmNvbTBZMBMGByqGSM49AgEGCCqGSM49AwEHA0IABP/41t+wYTnBX3qRYx41RH4IBCcobCmg0i04cZgwu08rd2x5EhryCH8bZFDDMeNwQ2j77jLyvHIjBz0zHjC3l/UwCgYIKoZIzj0EAwIDRwAwRAIgH7Y/UV1OAevxrADvnE9p8hCeQ+GzcLFSzrKlTOl2PYQCIF8A+9ak/AbTuBXMdeABh1kAqBgRhPYIqWoZORgX8nWG"}]
02-15 10:29:44.957 23833 23833 D MulticastServer: Service started
02-15 10:29:44.966 23833 23882 D MulticastServer: Listening for data.
02-15 10:29:44.974 23833 23884 D MulticastServer: Registration process started with nonce: 1577140234
02-15 10:29:45.074 23833 23890 D MulticastServer: Received full ledger from test@bdj.com: [{"username":"test@bdj.com","ipAddress":"192.168.1.43","certificate":"MIIBGTCBwQIGAX73hbs4MAoGCCqGSM49BAMCMBcxFTATBgNVBAMMDHRlc3RAYmRqLmNvbTAeFw0yMjAyMTMwOTE3MjNaFw0yNDAyMTQwOTE3MjNaMBcxFTATBgNVBAMMDHRlc3RAYmRqLmNvbTBZMBMGByqGSM49AgEGCCqGSM49AwEHA0IABP/41t+wYTnBX3qRYx41RH4IBCcobCmg0i04cZgwu08rd2x5EhryCH8bZFDDMeNwQ2j77jLyvHIjBz0zHjC3l/UwCgYIKoZIzj0EAwIDRwAwRAIgH7Y/UV1OAevxrADvnE9p8hCeQ+GzcLFSzrKlTOl2PYQCIF8A+9ak/AbTuBXMdeABh1kAqBgRhPYIqWoZORgX8nWG"}]
02-15 10:29:47.361 23936 23936 D MulticastServer: Service started
02-15 10:29:47.369 23936 23989 D MulticastServer: Listening for data.
02-15 10:29:47.371 23936 23991 D MulticastServer: Registration process started with nonce: 1771098341
02-15 10:29:47.466 23936 23994 D MulticastServer: Received full ledger from test@bdj.com: [{"username":"test@bdj.com","ipAddress":"192.168.1.43","certificate":"MIIBGTCBwQIGAX73hbs4MAoGCCqGSM49BAMCMBcxFTATBgNVBAMMDHRlc3RAYmRqLmNvbTAeFw0yMjAyMTMwOTE3MjNaFw0yNDAyMTQwOTE3MjNaMBcxFTATBgNVBAMMDHRlc3RAYmRqLmNvbTBZMBMGByqGSM49AgEGCCqGSM49AwEHA0IABP/41t+wYTnBX3qRYx41RH4IBCcobCmg0i04cZgwu08rd2x5EhryCH8bZFDDMeNwQ2j77jLyvHIjBz0zHjC3l/UwCgYIKoZIzj0EAwIDRwAwRAIgH7Y/UV1OAevxrADvnE9p8hCeQ+GzcLFSzrKlTOl2PYQCIF8A+9ak/AbTuBXMdeABh1kAqBgRhPYIqWoZORgX8nWG"}]
02-15 10:29:49.723 24052 24052 D MulticastServer: Service started
02-15 10:29:49.732 24052 24099 D MulticastServer: Listening for data.
02-15 10:29:49.735 24052 24101 D MulticastServer: Registration process started with nonce: 1488313464
02-15 10:29:49.797 24052 24107 D MulticastServer: Received full ledger from test@bdj.com: [{"username":"test@bdj.com","ipAddress":"192.168.1.43","certificate":"MIIBGTCBwQIGAX73hbs4MAoGCCqGSM49BAMCMBcxFTATBgNVBAMMDHRlc3RAYmRqLmNvbTAeFw0yMjAyMTMwOTE3MjNaFw0yNDAyMTQwOTE3MjNaMBcxFTATBgNVBAMMDHRlc3RAYmRqLmNvbTBZMBMGByqGSM49AgEGCCqGSM49AwEHA0IABP/41t+wYTnBX3qRYx41RH4IBCcobCmg0i04cZgwu08rd2x5EhryCH8bZFDDMeNwQ2j77jLyvHIjBz0zHjC3l/UwCgYIKoZIzj0EAwIDRwAwRAIgH7Y/UV1OAevxrADvnE9p8hCeQ+GzcLFSzrKlTOl2PYQCIF8A+9ak/AbTuBXMdeABh1kAqBgRhPYIqWoZORgX8nWG"}]
02-15 10:31:23.782 24213 24213 D MulticastServer: Service started
02-15 10:31:23.791 24213 24260 D MulticastServer: Listening for data.
02-15 10:31:23.793 24213 24262 D MulticastServer: Registration process started with nonce: 1683555133
02-15 10:31:24.098 24213 24265 D MulticastServer: Received full ledger from test@bdj.com: [{"username":"test@bdj.com","ipAddress":"192.168.1.43","certificate":"MIIBGTCBwQIGAX73hbs4MAoGCCqGSM49BAMCMBcxFTATBgNVBAMMDHRlc3RAYmRqLmNvbTAeFw0yMjAyMTMwOTE3MjNaFw0yNDAyMTQwOTE3MjNaMBcxFTATBgNVBAMMDHRlc3RAYmRqLmNvbTBZMBMGByqGSM49AgEGCCqGSM49AwEHA0IABP/41t+wYTnBX3qRYx41RH4IBCcobCmg0i04cZgwu08rd2x5EhryCH8bZFDDMeNwQ2j77jLyvHIjBz0zHjC3l/UwCgYIKoZIzj0EAwIDRwAwRAIgH7Y/UV1OAevxrADvnE9p8hCeQ+GzcLFSzrKlTOl2PYQCIF8A+9ak/AbTuBXMdeABh1kAqBgRhPYIqWoZORgX8nWG"}]
02-15 10:31:24.605 24213 24261 D MulticastClient: Sent message {"sender":"","payload":"","messageType":"REQUEST_LEDGER","signature":"","nonce":1683555133}
02-15 10:31:24.810 24213 24263 D MulticastServer: Registration process finished: 1683555133
02-15 10:31:28.215 24322 24322 D MulticastServer: Service started
02-15 10:31:28.223 24322 24372 D MulticastServer: Listening for data.
02-15 10:31:28.225 24322 24374 D MulticastServer: Registration process started with nonce: 1137086479
02-15 10:31:28.458 24322 24389 D MulticastServer: Received full ledger from test@bdj.com: [{"username":"test@bdj.com","ipAddress":"192.168.1.43","certificate":"MIIBGTCBwQIGAX73hbs4MAoGCCqGSM49BAMCMBcxFTATBgNVBAMMDHRlc3RAYmRqLmNvbTAeFw0yMjAyMTMwOTE3MjNaFw0yNDAyMTQwOTE3MjNaMBcxFTATBgNVBAMMDHRlc3RAYmRqLmNvbTBZMBMGByqGSM49AgEGCCqGSM49AwEHA0IABP/41t+wYTnBX3qRYx41RH4IBCcobCmg0i04cZgwu08rd2x5EhryCH8bZFDDMeNwQ2j77jLyvHIjBz0zHjC3l/UwCgYIKoZIzj0EAwIDRwAwRAIgH7Y/UV1OAevxrADvnE9p8hCeQ+GzcLFSzrKlTOl2PYQCIF8A+9ak/AbTuBXMdeABh1kAqBgRhPYIqWoZORgX8nWG"}]
02-15 10:31:29.033 24322 24377 D MulticastClient: Sent message {"sender":"","payload":"","messageType":"REQUEST_LEDGER","signature":"","nonce":1137086479}
02-15 10:31:29.205 24322 24390 D MulticastServer: Received full ledger from test@bdj.com: [{"username":"test@bdj.com","ipAddress":"192.168.1.43","certificate":"MIIBGTCBwQIGAX73hbs4MAoGCCqGSM49BAMCMBcxFTATBgNVBAMMDHRlc3RAYmRqLmNvbTAeFw0yMjAyMTMwOTE3MjNaFw0yNDAyMTQwOTE3MjNaMBcxFTATBgNVBAMMDHRlc3RAYmRqLmNvbTBZMBMGByqGSM49AgEGCCqGSM49AwEHA0IABP/41t+wYTnBX3qRYx41RH4IBCcobCmg0i04cZgwu08rd2x5EhryCH8bZFDDMeNwQ2j77jLyvHIjBz0zHjC3l/UwCgYIKoZIzj0EAwIDRwAwRAIgH7Y/UV1OAevxrADvnE9p8hCeQ+GzcLFSzrKlTOl2PYQCIF8A+9ak/AbTuBXMdeABh1kAqBgRhPYIqWoZORgX8nWG"}]
02-15 10:31:29.232 24322 24375 D MulticastServer: Registration process finished: 1137086479
02-15 10:31:32.603 24420 24420 D MulticastServer: Service started
02-15 10:31:32.611 24420 24470 D MulticastServer: Listening for data.
02-15 10:31:32.615 24420 24472 D MulticastServer: Registration process started with nonce: 719360770
02-15 10:31:33.064 24420 24475 D MulticastServer: Received full ledger from test@bdj.com: [{"username":"test@bdj.com","ipAddress":"192.168.1.43","certificate":"MIIBGTCBwQIGAX73hbs4MAoGCCqGSM49BAMCMBcxFTATBgNVBAMMDHRlc3RAYmRqLmNvbTAeFw0yMjAyMTMwOTE3MjNaFw0yNDAyMTQwOTE3MjNaMBcxFTATBgNVBAMMDHRlc3RAYmRqLmNvbTBZMBMGByqGSM49AgEGCCqGSM49AwEHA0IABP/41t+wYTnBX3qRYx41RH4IBCcobCmg0i04cZgwu08rd2x5EhryCH8bZFDDMeNwQ2j77jLyvHIjBz0zHjC3l/UwCgYIKoZIzj0EAwIDRwAwRAIgH7Y/UV1OAevxrADvnE9p8hCeQ+GzcLFSzrKlTOl2PYQCIF8A+9ak/AbTuBXMdeABh1kAqBgRhPYIqWoZORgX8nWG"}]
02-15 10:31:33.425 24420 24471 D MulticastClient: Sent message {"sender":"","payload":"","messageType":"REQUEST_LEDGER","signature":"","nonce":719360770}
02-15 10:31:33.517 24420 24471 D MulticastServer: Received full ledger from test@bdj.com: [{"username":"test@bdj.com","ipAddress":"192.168.1.43","certificate":"MIIBGTCBwQIGAX73hbs4MAoGCCqGSM49BAMCMBcxFTATBgNVBAMMDHRlc3RAYmRqLmNvbTAeFw0yMjAyMTMwOTE3MjNaFw0yNDAyMTQwOTE3MjNaMBcxFTATBgNVBAMMDHRlc3RAYmRqLmNvbTBZMBMGByqGSM49AgEGCCqGSM49AwEHA0IABP/41t+wYTnBX3qRYx41RH4IBCcobCmg0i04cZgwu08rd2x5EhryCH8bZFDDMeNwQ2j77jLyvHIjBz0zHjC3l/UwCgYIKoZIzj0EAwIDRwAwRAIgH7Y/UV1OAevxrADvnE9p8hCeQ+GzcLFSzrKlTOl2PYQCIF8A+9ak/AbTuBXMdeABh1kAqBgRhPYIqWoZORgX8nWG"}]
02-15 10:31:33.629 24420 24473 D MulticastServer: Registration process finished: 719360770
02-15 10:31:37.066 24526 24526 D MulticastServer: Service started
02-15 10:31:37.076 24526 24577 D MulticastServer: Listening for data.
02-15 10:31:37.079 24526 24579 D MulticastServer: Registration process started with nonce: 725553082
02-15 10:31:37.265 24526 24582 D MulticastServer: Received full ledger from test@bdj.com: [{"username":"test@bdj.com","ipAddress":"192.168.1.43","certificate":"MIIBGTCBwQIGAX73hbs4MAoGCCqGSM49BAMCMBcxFTATBgNVBAMMDHRlc3RAYmRqLmNvbTAeFw0yMjAyMTMwOTE3MjNaFw0yNDAyMTQwOTE3MjNaMBcxFTATBgNVBAMMDHRlc3RAYmRqLmNvbTBZMBMGByqGSM49AgEGCCqGSM49AwEHA0IABP/41t+wYTnBX3qRYx41RH4IBCcobCmg0i04cZgwu08rd2x5EhryCH8bZFDDMeNwQ2j77jLyvHIjBz0zHjC3l/UwCgYIKoZIzj0EAwIDRwAwRAIgH7Y/UV1OAevxrADvnE9p8hCeQ+GzcLFSzrKlTOl2PYQCIF8A+9ak/AbTuBXMdeABh1kAqBgRhPYIqWoZORgX8nWG"}]
02-15 10:31:37.889 24526 24578 D MulticastClient: Sent message {"sender":"","payload":"","messageType":"REQUEST_LEDGER","signature":"","nonce":725553082}
02-15 10:31:38.013 24526 24601 D MulticastServer: Received full ledger from test@bdj.com: [{"username":"test@bdj.com","ipAddress":"192.168.1.43","certificate":"MIIBGTCBwQIGAX73hbs4MAoGCCqGSM49BAMCMBcxFTATBgNVBAMMDHRlc3RAYmRqLmNvbTAeFw0yMjAyMTMwOTE3MjNaFw0yNDAyMTQwOTE3MjNaMBcxFTATBgNVBAMMDHRlc3RAYmRqLmNvbTBZMBMGByqGSM49AgEGCCqGSM49AwEHA0IABP/41t+wYTnBX3qRYx41RH4IBCcobCmg0i04cZgwu08rd2x5EhryCH8bZFDDMeNwQ2j77jLyvHIjBz0zHjC3l/UwCgYIKoZIzj0EAwIDRwAwRAIgH7Y/UV1OAevxrADvnE9p8hCeQ+GzcLFSzrKlTOl2PYQCIF8A+9ak/AbTuBXMdeABh1kAqBgRhPYIqWoZORgX8nWG"}]
02-15 10:31:38.090 24526 24601 D MulticastServer: Received full ledger from test@bdj.com: [{"username":"test@bdj.com","ipAddress":"192.168.1.43","certificate":"MIIBGTCBwQIGAX73hbs4MAoGCCqGSM49BAMCMBcxFTATBgNVBAMMDHRlc3RAYmRqLmNvbTAeFw0yMjAyMTMwOTE3MjNaFw0yNDAyMTQwOTE3MjNaMBcxFTATBgNVBAMMDHRlc3RAYmRqLmNvbTBZMBMGByqGSM49AgEGCCqGSM49AwEHA0IABP/41t+wYTnBX3qRYx41RH4IBCcobCmg0i04cZgwu08rd2x5EhryCH8bZFDDMeNwQ2j77jLyvHIjBz0zHjC3l/UwCgYIKoZIzj0EAwIDRwAwRAIgH7Y/UV1OAevxrADvnE9p8hCeQ+GzcLFSzrKlTOl2PYQCIF8A+9ak/AbTuBXMdeABh1kAqBgRhPYIqWoZORgX8nWG"}]
02-15 10:31:38.094 24526 24580 D MulticastServer: Registration process finished: 725553082
02-15 10:31:41.503 24637 24637 D MulticastServer: Service started
02-15 10:31:41.511 24637 24686 D MulticastServer: Listening for data.
02-15 10:31:41.514 24637 24688 D MulticastServer: Registration process started with nonce: 1143620066
02-15 10:31:41.724 24637 24691 D MulticastServer: Received full ledger from test@bdj.com: [{"username":"test@bdj.com","ipAddress":"192.168.1.43","certificate":"MIIBGTCBwQIGAX73hbs4MAoGCCqGSM49BAMCMBcxFTATBgNVBAMMDHRlc3RAYmRqLmNvbTAeFw0yMjAyMTMwOTE3MjNaFw0yNDAyMTQwOTE3MjNaMBcxFTATBgNVBAMMDHRlc3RAYmRqLmNvbTBZMBMGByqGSM49AgEGCCqGSM49AwEHA0IABP/41t+wYTnBX3qRYx41RH4IBCcobCmg0i04cZgwu08rd2x5EhryCH8bZFDDMeNwQ2j77jLyvHIjBz0zHjC3l/UwCgYIKoZIzj0EAwIDRwAwRAIgH7Y/UV1OAevxrADvnE9p8hCeQ+GzcLFSzrKlTOl2PYQCIF8A+9ak/AbTuBXMdeABh1kAqBgRhPYIqWoZORgX8nWG"}]
02-15 10:31:42.322 24637 24687 D MulticastClient: Sent message {"sender":"","payload":"","messageType":"REQUEST_LEDGER","signature":"","nonce":1143620066}
02-15 10:31:42.422 24637 24711 D MulticastServer: Received full ledger from test@bdj.com: [{"username":"test@bdj.com","ipAddress":"192.168.1.43","certificate":"MIIBGTCBwQIGAX73hbs4MAoGCCqGSM49BAMCMBcxFTATBgNVBAMMDHRlc3RAYmRqLmNvbTAeFw0yMjAyMTMwOTE3MjNaFw0yNDAyMTQwOTE3MjNaMBcxFTATBgNVBAMMDHRlc3RAYmRqLmNvbTBZMBMGByqGSM49AgEGCCqGSM49AwEHA0IABP/41t+wYTnBX3qRYx41RH4IBCcobCmg0i04cZgwu08rd2x5EhryCH8bZFDDMeNwQ2j77jLyvHIjBz0zHjC3l/UwCgYIKoZIzj0EAwIDRwAwRAIgH7Y/UV1OAevxrADvnE9p8hCeQ+GzcLFSzrKlTOl2PYQCIF8A+9ak/AbTuBXMdeABh1kAqBgRhPYIqWoZORgX8nWG"}]
02-15 10:31:42.538 24637 24689 D MulticastServer: Registration process finished: 1143620066
02-15 10:31:45.997 24746 24746 D MulticastServer: Service started
02-15 10:31:46.007 24746 24796 D MulticastServer: Registration process started with nonce: 1036386282
02-15 10:31:46.008 24746 24794 D MulticastServer: Listening for data.
02-15 10:31:46.816 24746 24795 D MulticastClient: Sent message {"sender":"","payload":"","messageType":"REQUEST_LEDGER","signature":"","nonce":1036386282}
02-15 10:31:47.026 24746 24797 D MulticastServer: Registration process finished: 1036386282
02-15 10:31:50.390 24853 24853 D MulticastServer: Service started
02-15 10:31:50.399 24853 24901 D MulticastServer: Listening for data.
02-15 10:31:50.407 24853 24903 D MulticastServer: Registration process started with nonce: 1924236202
02-15 10:31:50.662 24853 24909 D MulticastServer: Received full ledger from test@bdj.com: [{"username":"test@bdj.com","ipAddress":"192.168.1.43","certificate":"MIIBGTCBwQIGAX73hbs4MAoGCCqGSM49BAMCMBcxFTATBgNVBAMMDHRlc3RAYmRqLmNvbTAeFw0yMjAyMTMwOTE3MjNaFw0yNDAyMTQwOTE3MjNaMBcxFTATBgNVBAMMDHRlc3RAYmRqLmNvbTBZMBMGByqGSM49AgEGCCqGSM49AwEHA0IABP/41t+wYTnBX3qRYx41RH4IBCcobCmg0i04cZgwu08rd2x5EhryCH8bZFDDMeNwQ2j77jLyvHIjBz0zHjC3l/UwCgYIKoZIzj0EAwIDRwAwRAIgH7Y/UV1OAevxrADvnE9p8hCeQ+GzcLFSzrKlTOl2PYQCIF8A+9ak/AbTuBXMdeABh1kAqBgRhPYIqWoZORgX8nWG"}]
02-15 10:31:51.217 24853 24906 D MulticastClient: Sent message {"sender":"","payload":"","messageType":"REQUEST_LEDGER","signature":"","nonce":1924236202}
02-15 10:31:51.424 24853 24904 D MulticastServer: Registration process finished: 1924236202
02-15 10:31:54.819 24961 24961 D MulticastServer: Service started
02-15 10:31:54.827 24961 25009 D MulticastServer: Listening for data.
02-15 10:31:54.830 24961 25011 D MulticastServer: Registration process started with nonce: 1310088399
02-15 10:31:55.640 24961 25010 D MulticastClient: Sent message {"sender":"","payload":"","messageType":"REQUEST_LEDGER","signature":"","nonce":1310088399}
02-15 10:31:55.851 24961 25012 D MulticastServer: Registration process finished: 1310088399
02-15 10:31:59.239 25057 25057 D MulticastServer: Service started
02-15 10:31:59.247 25057 25104 D MulticastServer: Listening for data.
02-15 10:31:59.256 25057 25106 D MulticastServer: Registration process started with nonce: 13549260
02-15 10:31:59.687 25057 25112 D MulticastServer: Received full ledger from test@bdj.com: [{"username":"test@bdj.com","ipAddress":"192.168.1.43","certificate":"MIIBGTCBwQIGAX73hbs4MAoGCCqGSM49BAMCMBcxFTATBgNVBAMMDHRlc3RAYmRqLmNvbTAeFw0yMjAyMTMwOTE3MjNaFw0yNDAyMTQwOTE3MjNaMBcxFTATBgNVBAMMDHRlc3RAYmRqLmNvbTBZMBMGByqGSM49AgEGCCqGSM49AwEHA0IABP/41t+wYTnBX3qRYx41RH4IBCcobCmg0i04cZgwu08rd2x5EhryCH8bZFDDMeNwQ2j77jLyvHIjBz0zHjC3l/UwCgYIKoZIzj0EAwIDRwAwRAIgH7Y/UV1OAevxrADvnE9p8hCeQ+GzcLFSzrKlTOl2PYQCIF8A+9ak/AbTuBXMdeABh1kAqBgRhPYIqWoZORgX8nWG"}]
02-15 10:32:00.064 25057 25105 D MulticastClient: Sent message {"sender":"","payload":"","messageType":"REQUEST_LEDGER","signature":"","nonce":13549260}
02-15 10:32:00.184 25057 25112 D MulticastServer: Received full ledger from test@bdj.com: [{"username":"test@bdj.com","ipAddress":"192.168.1.43","certificate":"MIIBGTCBwQIGAX73hbs4MAoGCCqGSM49BAMCMBcxFTATBgNVBAMMDHRlc3RAYmRqLmNvbTAeFw0yMjAyMTMwOTE3MjNaFw0yNDAyMTQwOTE3MjNaMBcxFTATBgNVBAMMDHRlc3RAYmRqLmNvbTBZMBMGByqGSM49AgEGCCqGSM49AwEHA0IABP/41t+wYTnBX3qRYx41RH4IBCcobCmg0i04cZgwu08rd2x5EhryCH8bZFDDMeNwQ2j77jLyvHIjBz0zHjC3l/UwCgYIKoZIzj0EAwIDRwAwRAIgH7Y/UV1OAevxrADvnE9p8hCeQ+GzcLFSzrKlTOl2PYQCIF8A+9ak/AbTuBXMdeABh1kAqBgRhPYIqWoZORgX8nWG"}]
02-15 10:32:00.273 25057 25107 D MulticastServer: Registration process finished: 13549260
02-15 10:32:03.767 25162 25162 D MulticastServer: Service started
02-15 10:32:03.777 25162 25211 D MulticastServer: Listening for data.
02-15 10:32:03.778 25162 25213 D MulticastServer: Registration process started with nonce: 355922559
02-15 10:32:03.893 25162 25227 D MulticastServer: Received full ledger from test@bdj.com: [{"username":"test@bdj.com","ipAddress":"192.168.1.43","certificate":"MIIBGTCBwQIGAX73hbs4MAoGCCqGSM49BAMCMBcxFTATBgNVBAMMDHRlc3RAYmRqLmNvbTAeFw0yMjAyMTMwOTE3MjNaFw0yNDAyMTQwOTE3MjNaMBcxFTATBgNVBAMMDHRlc3RAYmRqLmNvbTBZMBMGByqGSM49AgEGCCqGSM49AwEHA0IABP/41t+wYTnBX3qRYx41RH4IBCcobCmg0i04cZgwu08rd2x5EhryCH8bZFDDMeNwQ2j77jLyvHIjBz0zHjC3l/UwCgYIKoZIzj0EAwIDRwAwRAIgH7Y/UV1OAevxrADvnE9p8hCeQ+GzcLFSzrKlTOl2PYQCIF8A+9ak/AbTuBXMdeABh1kAqBgRhPYIqWoZORgX8nWG"}]
02-15 10:32:04.587 25162 25212 D MulticastClient: Sent message {"sender":"","payload":"","messageType":"REQUEST_LEDGER","signature":"","nonce":355922559}
02-15 10:32:04.768 25162 25212 D MulticastServer: Received full ledger from test@bdj.com: [{"username":"test@bdj.com","ipAddress":"192.168.1.43","certificate":"MIIBGTCBwQIGAX73hbs4MAoGCCqGSM49BAMCMBcxFTATBgNVBAMMDHRlc3RAYmRqLmNvbTAeFw0yMjAyMTMwOTE3MjNaFw0yNDAyMTQwOTE3MjNaMBcxFTATBgNVBAMMDHRlc3RAYmRqLmNvbTBZMBMGByqGSM49AgEGCCqGSM49AwEHA0IABP/41t+wYTnBX3qRYx41RH4IBCcobCmg0i04cZgwu08rd2x5EhryCH8bZFDDMeNwQ2j77jLyvHIjBz0zHjC3l/UwCgYIKoZIzj0EAwIDRwAwRAIgH7Y/UV1OAevxrADvnE9p8hCeQ+GzcLFSzrKlTOl2PYQCIF8A+9ak/AbTuBXMdeABh1kAqBgRhPYIqWoZORgX8nWG"}]
02-15 10:32:04.775 25162 25228 D MulticastServer: Received full ledger from test@bdj.com: [{"username":"test@bdj.com","ipAddress":"192.168.1.43","certificate":"MIIBGTCBwQIGAX73hbs4MAoGCCqGSM49BAMCMBcxFTATBgNVBAMMDHRlc3RAYmRqLmNvbTAeFw0yMjAyMTMwOTE3MjNaFw0yNDAyMTQwOTE3MjNaMBcxFTATBgNVBAMMDHRlc3RAYmRqLmNvbTBZMBMGByqGSM49AgEGCCqGSM49AwEHA0IABP/41t+wYTnBX3qRYx41RH4IBCcobCmg0i04cZgwu08rd2x5EhryCH8bZFDDMeNwQ2j77jLyvHIjBz0zHjC3l/UwCgYIKoZIzj0EAwIDRwAwRAIgH7Y/UV1OAevxrADvnE9p8hCeQ+GzcLFSzrKlTOl2PYQCIF8A+9ak/AbTuBXMdeABh1kAqBgRhPYIqWoZORgX8nWG"}]
02-15 10:32:04.792 25162 25214 D MulticastServer: Registration process finished: 355922559
02-15 10:33:33.074 25470 25470 D MulticastServer: Service started
02-15 10:33:33.086 25470 25519 D MulticastServer: Listening for data.
02-15 10:33:33.088 25470 25521 D MulticastServer: Registration process started with nonce: 2045732785
02-15 10:33:33.902 25470 25520 D MulticastClient: Sent message {"sender":"","payload":"","messageType":"REQUEST_LEDGER","signature":"","nonce":2045732785}
02-15 10:33:34.109 25470 25522 D MulticastServer: Registration process finished: 2045732785
02-15 10:33:37.565 25582 25582 D MulticastServer: Service started
02-15 10:33:37.574 25582 25630 D MulticastServer: Listening for data.
02-15 10:33:37.582 25582 25632 D MulticastServer: Registration process started with nonce: 1140003656
02-15 10:33:37.829 25582 25638 D MulticastServer: Received full ledger from test@bdj.com: [{"username":"test@bdj.com","ipAddress":"192.168.1.43","certificate":"MIIBGTCBwQIGAX73hbs4MAoGCCqGSM49BAMCMBcxFTATBgNVBAMMDHRlc3RAYmRqLmNvbTAeFw0yMjAyMTMwOTE3MjNaFw0yNDAyMTQwOTE3MjNaMBcxFTATBgNVBAMMDHRlc3RAYmRqLmNvbTBZMBMGByqGSM49AgEGCCqGSM49AwEHA0IABP/41t+wYTnBX3qRYx41RH4IBCcobCmg0i04cZgwu08rd2x5EhryCH8bZFDDMeNwQ2j77jLyvHIjBz0zHjC3l/UwCgYIKoZIzj0EAwIDRwAwRAIgH7Y/UV1OAevxrADvnE9p8hCeQ+GzcLFSzrKlTOl2PYQCIF8A+9ak/AbTuBXMdeABh1kAqBgRhPYIqWoZORgX8nWG"}]
02-15 10:33:38.395 25582 25636 D MulticastClient: Sent message {"sender":"","payload":"","messageType":"REQUEST_LEDGER","signature":"","nonce":1140003656}
02-15 10:33:38.608 25582 25634 D MulticastServer: Registration process finished: 1140003656
02-15 10:33:42.006 25692 25692 D MulticastServer: Service started
02-15 10:33:42.017 25692 25741 D MulticastServer: Listening for data.
02-15 10:33:42.018 25692 25742 D MulticastServer: Registration process started with nonce: 1921087112
02-15 10:33:42.170 25692 25745 D MulticastServer: Received full ledger from test@bdj.com: [{"username":"test@bdj.com","ipAddress":"192.168.1.43","certificate":"MIIBGTCBwQIGAX73hbs4MAoGCCqGSM49BAMCMBcxFTATBgNVBAMMDHRlc3RAYmRqLmNvbTAeFw0yMjAyMTMwOTE3MjNaFw0yNDAyMTQwOTE3MjNaMBcxFTATBgNVBAMMDHRlc3RAYmRqLmNvbTBZMBMGByqGSM49AgEGCCqGSM49AwEHA0IABP/41t+wYTnBX3qRYx41RH4IBCcobCmg0i04cZgwu08rd2x5EhryCH8bZFDDMeNwQ2j77jLyvHIjBz0zHjC3l/UwCgYIKoZIzj0EAwIDRwAwRAIgH7Y/UV1OAevxrADvnE9p8hCeQ+GzcLFSzrKlTOl2PYQCIF8A+9ak/AbTuBXMdeABh1kAqBgRhPYIqWoZORgX8nWG"}]
02-15 10:33:42.827 25692 25740 D MulticastClient: Sent message {"sender":"","payload":"","messageType":"REQUEST_LEDGER","signature":"","nonce":1921087112}
02-15 10:33:42.941 25692 25745 D MulticastServer: Received full ledger from test@bdj.com: [{"username":"test@bdj.com","ipAddress":"192.168.1.43","certificate":"MIIBGTCBwQIGAX73hbs4MAoGCCqGSM49BAMCMBcxFTATBgNVBAMMDHRlc3RAYmRqLmNvbTAeFw0yMjAyMTMwOTE3MjNaFw0yNDAyMTQwOTE3MjNaMBcxFTATBgNVBAMMDHRlc3RAYmRqLmNvbTBZMBMGByqGSM49AgEGCCqGSM49AwEHA0IABP/41t+wYTnBX3qRYx41RH4IBCcobCmg0i04cZgwu08rd2x5EhryCH8bZFDDMeNwQ2j77jLyvHIjBz0zHjC3l/UwCgYIKoZIzj0EAwIDRwAwRAIgH7Y/UV1OAevxrADvnE9p8hCeQ+GzcLFSzrKlTOl2PYQCIF8A+9ak/AbTuBXMdeABh1kAqBgRhPYIqWoZORgX8nWG"}]
02-15 10:33:42.947 25692 25763 D MulticastServer: Received full ledger from test@bdj.com: [{"username":"test@bdj.com","ipAddress":"192.168.1.43","certificate":"MIIBGTCBwQIGAX73hbs4MAoGCCqGSM49BAMCMBcxFTATBgNVBAMMDHRlc3RAYmRqLmNvbTAeFw0yMjAyMTMwOTE3MjNaFw0yNDAyMTQwOTE3MjNaMBcxFTATBgNVBAMMDHRlc3RAYmRqLmNvbTBZMBMGByqGSM49AgEGCCqGSM49AwEHA0IABP/41t+wYTnBX3qRYx41RH4IBCcobCmg0i04cZgwu08rd2x5EhryCH8bZFDDMeNwQ2j77jLyvHIjBz0zHjC3l/UwCgYIKoZIzj0EAwIDRwAwRAIgH7Y/UV1OAevxrADvnE9p8hCeQ+GzcLFSzrKlTOl2PYQCIF8A+9ak/AbTuBXMdeABh1kAqBgRhPYIqWoZORgX8nWG"}]
02-15 10:33:43.034 25692 25743 D MulticastServer: Registration process finished: 1921087112
02-15 10:33:46.417 25798 25798 D MulticastServer: Service started
02-15 10:33:46.425 25798 25847 D MulticastServer: Listening for data.
02-15 10:33:46.428 25798 25849 D MulticastServer: Registration process started with nonce: 2093396153
02-15 10:33:46.637 25798 25863 D MulticastServer: Received full ledger from test@bdj.com: [{"username":"test@bdj.com","ipAddress":"192.168.1.43","certificate":"MIIBGTCBwQIGAX73hbs4MAoGCCqGSM49BAMCMBcxFTATBgNVBAMMDHRlc3RAYmRqLmNvbTAeFw0yMjAyMTMwOTE3MjNaFw0yNDAyMTQwOTE3MjNaMBcxFTATBgNVBAMMDHRlc3RAYmRqLmNvbTBZMBMGByqGSM49AgEGCCqGSM49AwEHA0IABP/41t+wYTnBX3qRYx41RH4IBCcobCmg0i04cZgwu08rd2x5EhryCH8bZFDDMeNwQ2j77jLyvHIjBz0zHjC3l/UwCgYIKoZIzj0EAwIDRwAwRAIgH7Y/UV1OAevxrADvnE9p8hCeQ+GzcLFSzrKlTOl2PYQCIF8A+9ak/AbTuBXMdeABh1kAqBgRhPYIqWoZORgX8nWG"}]
02-15 10:33:47.236 25798 25848 D MulticastClient: Sent message {"sender":"","payload":"","messageType":"REQUEST_LEDGER","signature":"","nonce":2093396153}
02-15 10:33:47.443 25798 25850 D MulticastServer: Registration process finished: 2093396153
02-15 10:33:50.849 25894 25894 D MulticastServer: Service started
02-15 10:33:50.858 25894 25942 D MulticastServer: Listening for data.
02-15 10:33:50.865 25894 25944 D MulticastServer: Registration process started with nonce: 189449436
02-15 10:33:51.308 25894 25949 D MulticastServer: Received full ledger from test@bdj.com: [{"username":"test@bdj.com","ipAddress":"192.168.1.43","certificate":"MIIBGTCBwQIGAX73hbs4MAoGCCqGSM49BAMCMBcxFTATBgNVBAMMDHRlc3RAYmRqLmNvbTAeFw0yMjAyMTMwOTE3MjNaFw0yNDAyMTQwOTE3MjNaMBcxFTATBgNVBAMMDHRlc3RAYmRqLmNvbTBZMBMGByqGSM49AgEGCCqGSM49AwEHA0IABP/41t+wYTnBX3qRYx41RH4IBCcobCmg0i04cZgwu08rd2x5EhryCH8bZFDDMeNwQ2j77jLyvHIjBz0zHjC3l/UwCgYIKoZIzj0EAwIDRwAwRAIgH7Y/UV1OAevxrADvnE9p8hCeQ+GzcLFSzrKlTOl2PYQCIF8A+9ak/AbTuBXMdeABh1kAqBgRhPYIqWoZORgX8nWG"}]
02-15 10:33:51.673 25894 25947 D MulticastClient: Sent message {"sender":"","payload":"","messageType":"REQUEST_LEDGER","signature":"","nonce":189449436}
02-15 10:33:51.741 25894 25947 D MulticastServer: Received full ledger from test@bdj.com: [{"username":"test@bdj.com","ipAddress":"192.168.1.43","certificate":"MIIBGTCBwQIGAX73hbs4MAoGCCqGSM49BAMCMBcxFTATBgNVBAMMDHRlc3RAYmRqLmNvbTAeFw0yMjAyMTMwOTE3MjNaFw0yNDAyMTQwOTE3MjNaMBcxFTATBgNVBAMMDHRlc3RAYmRqLmNvbTBZMBMGByqGSM49AgEGCCqGSM49AwEHA0IABP/41t+wYTnBX3qRYx41RH4IBCcobCmg0i04cZgwu08rd2x5EhryCH8bZFDDMeNwQ2j77jLyvHIjBz0zHjC3l/UwCgYIKoZIzj0EAwIDRwAwRAIgH7Y/UV1OAevxrADvnE9p8hCeQ+GzcLFSzrKlTOl2PYQCIF8A+9ak/AbTuBXMdeABh1kAqBgRhPYIqWoZORgX8nWG"}]
02-15 10:33:51.882 25894 25945 D MulticastServer: Registration process finished: 189449436
02-15 10:33:55.227 25988 25988 D MulticastServer: Service started
02-15 10:33:55.236 25988 26046 D MulticastServer: Listening for data.
02-15 10:33:55.238 25988 26048 D MulticastServer: Registration process started with nonce: 1121995999
02-15 10:33:55.450 25988 26051 D MulticastServer: Received full ledger from test@bdj.com: [{"username":"test@bdj.com","ipAddress":"192.168.1.43","certificate":"MIIBGTCBwQIGAX73hbs4MAoGCCqGSM49BAMCMBcxFTATBgNVBAMMDHRlc3RAYmRqLmNvbTAeFw0yMjAyMTMwOTE3MjNaFw0yNDAyMTQwOTE3MjNaMBcxFTATBgNVBAMMDHRlc3RAYmRqLmNvbTBZMBMGByqGSM49AgEGCCqGSM49AwEHA0IABP/41t+wYTnBX3qRYx41RH4IBCcobCmg0i04cZgwu08rd2x5EhryCH8bZFDDMeNwQ2j77jLyvHIjBz0zHjC3l/UwCgYIKoZIzj0EAwIDRwAwRAIgH7Y/UV1OAevxrADvnE9p8hCeQ+GzcLFSzrKlTOl2PYQCIF8A+9ak/AbTuBXMdeABh1kAqBgRhPYIqWoZORgX8nWG"}]
02-15 10:33:56.049 25988 26047 D MulticastClient: Sent message {"sender":"","payload":"","messageType":"REQUEST_LEDGER","signature":"","nonce":1121995999}
02-15 10:33:56.257 25988 26049 D MulticastServer: Registration process finished: 1121995999
02-15 10:33:59.696 26092 26092 D MulticastServer: Service started
02-15 10:33:59.706 26092 26148 D MulticastServer: Listening for data.
02-15 10:33:59.713 26092 26150 D MulticastServer: Registration process started with nonce: 443463292
02-15 10:34:00.108 26092 26155 D MulticastServer: Received full ledger from test@bdj.com: [{"username":"test@bdj.com","ipAddress":"192.168.1.43","certificate":"MIIBGTCBwQIGAX73hbs4MAoGCCqGSM49BAMCMBcxFTATBgNVBAMMDHRlc3RAYmRqLmNvbTAeFw0yMjAyMTMwOTE3MjNaFw0yNDAyMTQwOTE3MjNaMBcxFTATBgNVBAMMDHRlc3RAYmRqLmNvbTBZMBMGByqGSM49AgEGCCqGSM49AwEHA0IABP/41t+wYTnBX3qRYx41RH4IBCcobCmg0i04cZgwu08rd2x5EhryCH8bZFDDMeNwQ2j77jLyvHIjBz0zHjC3l/UwCgYIKoZIzj0EAwIDRwAwRAIgH7Y/UV1OAevxrADvnE9p8hCeQ+GzcLFSzrKlTOl2PYQCIF8A+9ak/AbTuBXMdeABh1kAqBgRhPYIqWoZORgX8nWG"}]
02-15 10:34:00.525 26092 26153 D MulticastClient: Sent message {"sender":"","payload":"","messageType":"REQUEST_LEDGER","signature":"","nonce":443463292}
02-15 10:34:00.738 26092 26151 D MulticastServer: Registration process finished: 443463292
02-15 10:34:04.129 26226 26226 D MulticastServer: Service started
02-15 10:34:04.140 26226 26279 D MulticastServer: Listening for data.
02-15 10:34:04.143 26226 26281 D MulticastServer: Registration process started with nonce: 973516149
02-15 10:34:04.285 26226 26280 D MulticastServer: Received full ledger from test@bdj.com: [{"username":"test@bdj.com","ipAddress":"192.168.1.43","certificate":"MIIBGTCBwQIGAX73hbs4MAoGCCqGSM49BAMCMBcxFTATBgNVBAMMDHRlc3RAYmRqLmNvbTAeFw0yMjAyMTMwOTE3MjNaFw0yNDAyMTQwOTE3MjNaMBcxFTATBgNVBAMMDHRlc3RAYmRqLmNvbTBZMBMGByqGSM49AgEGCCqGSM49AwEHA0IABP/41t+wYTnBX3qRYx41RH4IBCcobCmg0i04cZgwu08rd2x5EhryCH8bZFDDMeNwQ2j77jLyvHIjBz0zHjC3l/UwCgYIKoZIzj0EAwIDRwAwRAIgH7Y/UV1OAevxrADvnE9p8hCeQ+GzcLFSzrKlTOl2PYQCIF8A+9ak/AbTuBXMdeABh1kAqBgRhPYIqWoZORgX8nWG"}]
02-15 10:34:04.951 26226 26284 D MulticastClient: Sent message {"sender":"","payload":"","messageType":"REQUEST_LEDGER","signature":"","nonce":973516149}
02-15 10:34:05.097 26226 26297 D MulticastServer: Received full ledger from test@bdj.com: [{"username":"test@bdj.com","ipAddress":"192.168.1.43","certificate":"MIIBGTCBwQIGAX73hbs4MAoGCCqGSM49BAMCMBcxFTATBgNVBAMMDHRlc3RAYmRqLmNvbTAeFw0yMjAyMTMwOTE3MjNaFw0yNDAyMTQwOTE3MjNaMBcxFTATBgNVBAMMDHRlc3RAYmRqLmNvbTBZMBMGByqGSM49AgEGCCqGSM49AwEHA0IABP/41t+wYTnBX3qRYx41RH4IBCcobCmg0i04cZgwu08rd2x5EhryCH8bZFDDMeNwQ2j77jLyvHIjBz0zHjC3l/UwCgYIKoZIzj0EAwIDRwAwRAIgH7Y/UV1OAevxrADvnE9p8hCeQ+GzcLFSzrKlTOl2PYQCIF8A+9ak/AbTuBXMdeABh1kAqBgRhPYIqWoZORgX8nWG"}]
02-15 10:34:05.121 26226 26297 D MulticastServer: Received full ledger from test@bdj.com: [{"username":"test@bdj.com","ipAddress":"192.168.1.43","certificate":"MIIBGTCBwQIGAX73hbs4MAoGCCqGSM49BAMCMBcxFTATBgNVBAMMDHRlc3RAYmRqLmNvbTAeFw0yMjAyMTMwOTE3MjNaFw0yNDAyMTQwOTE3MjNaMBcxFTATBgNVBAMMDHRlc3RAYmRqLmNvbTBZMBMGByqGSM49AgEGCCqGSM49AwEHA0IABP/41t+wYTnBX3qRYx41RH4IBCcobCmg0i04cZgwu08rd2x5EhryCH8bZFDDMeNwQ2j77jLyvHIjBz0zHjC3l/UwCgYIKoZIzj0EAwIDRwAwRAIgH7Y/UV1OAevxrADvnE9p8hCeQ+GzcLFSzrKlTOl2PYQCIF8A+9ak/AbTuBXMdeABh1kAqBgRhPYIqWoZORgX8nWG"}]
02-15 10:34:05.153 26226 26282 D MulticastServer: Registration process finished: 973516149
02-15 10:34:08.621 26341 26341 D MulticastServer: Service started
02-15 10:34:08.630 26341 26392 D MulticastServer: Listening for data.
02-15 10:34:08.632 26341 26395 D MulticastServer: Registration process started with nonce: 1161217253
02-15 10:34:08.848 26341 26398 D MulticastServer: Received full ledger from test@bdj.com: [{"username":"test@bdj.com","ipAddress":"192.168.1.43","certificate":"MIIBGTCBwQIGAX73hbs4MAoGCCqGSM49BAMCMBcxFTATBgNVBAMMDHRlc3RAYmRqLmNvbTAeFw0yMjAyMTMwOTE3MjNaFw0yNDAyMTQwOTE3MjNaMBcxFTATBgNVBAMMDHRlc3RAYmRqLmNvbTBZMBMGByqGSM49AgEGCCqGSM49AwEHA0IABP/41t+wYTnBX3qRYx41RH4IBCcobCmg0i04cZgwu08rd2x5EhryCH8bZFDDMeNwQ2j77jLyvHIjBz0zHjC3l/UwCgYIKoZIzj0EAwIDRwAwRAIgH7Y/UV1OAevxrADvnE9p8hCeQ+GzcLFSzrKlTOl2PYQCIF8A+9ak/AbTuBXMdeABh1kAqBgRhPYIqWoZORgX8nWG"}]
02-15 10:34:09.439 26341 26393 D MulticastClient: Sent message {"sender":"","payload":"","messageType":"REQUEST_LEDGER","signature":"","nonce":1161217253}
02-15 10:34:09.650 26341 26396 D MulticastServer: Registration process finished: 1161217253
02-15 10:34:13.193 26469 26469 D MulticastServer: Service started
02-15 10:34:13.202 26469 26580 D MulticastServer: Listening for data.
02-15 10:34:13.204 26469 26582 D MulticastServer: Registration process started with nonce: 808792500
02-15 10:34:13.630 26469 26586 D MulticastServer: Received full ledger from test@bdj.com: [{"username":"test@bdj.com","ipAddress":"192.168.1.43","certificate":"MIIBGTCBwQIGAX73hbs4MAoGCCqGSM49BAMCMBcxFTATBgNVBAMMDHRlc3RAYmRqLmNvbTAeFw0yMjAyMTMwOTE3MjNaFw0yNDAyMTQwOTE3MjNaMBcxFTATBgNVBAMMDHRlc3RAYmRqLmNvbTBZMBMGByqGSM49AgEGCCqGSM49AwEHA0IABP/41t+wYTnBX3qRYx41RH4IBCcobCmg0i04cZgwu08rd2x5EhryCH8bZFDDMeNwQ2j77jLyvHIjBz0zHjC3l/UwCgYIKoZIzj0EAwIDRwAwRAIgH7Y/UV1OAevxrADvnE9p8hCeQ+GzcLFSzrKlTOl2PYQCIF8A+9ak/AbTuBXMdeABh1kAqBgRhPYIqWoZORgX8nWG"}]
