
--------- beginning of main
02-15 10:08:17.471 16648 16648 D MulticastServer: Service started
02-15 10:08:17.478 16648 16714 D MulticastServer: Listening for data.
02-15 10:08:17.481 16648 16716 D MulticastServer: Registration process started with nonce: 98383565
02-15 10:08:17.724 16648 16720 D MulticastServer: Received full ledger from test3@mail.com: [{"username":"test3@mail.com","ipAddress":"192.168.1.57","certificate":"MIIBHzCBxQIGAX7i2tJEMAoGCCqGSM49BAMCMBkxFzAVBgNVBAMMDnRlc3QzQG1haWwuY29tMB4XDTIyMDIwOTA4NTgxOFoXDTI0MDIxMDA4NTgxOFowGTEXMBUGA1UEAwwOdGVzdDNAbWFpbC5jb20wWTATBgcqhkjOPQIBBggqhkjOPQMBBwNCAAQSlwdsfqwVIDPh77DN9ED5q3AfC06iCyg35M9ErPQiuiuX54dE/ZCiyf9uaWjQNHwjMonjBEfBwAgi2KGiJ8/+MAoGCCqGSM49BAMCA0kAMEYCIQCGHB+hmxaBvJ46NqSXIoWgM0lCCOe7Wz3kDvjTar9geAIhAKFG9bgCZBNhWvUVeg/mbqigKE8EGe13zDlavMYg4oPR"}]
02-15 10:08:18.287 16648 16719 D MulticastClient: Sent message {"sender":"","payload":"","messageType":"REQUEST_LEDGER","signature":"","nonce":98383565}
02-15 10:08:18.442 16648 16719 D MulticastServer: Received full ledger from test3@mail.com: [{"username":"test3@mail.com","ipAddress":"192.168.1.57","certificate":"MIIBHzCBxQIGAX7i2tJEMAoGCCqGSM49BAMCMBkxFzAVBgNVBAMMDnRlc3QzQG1haWwuY29tMB4XDTIyMDIwOTA4NTgxOFoXDTI0MDIxMDA4NTgxOFowGTEXMBUGA1UEAwwOdGVzdDNAbWFpbC5jb20wWTATBgcqhkjOPQIBBggqhkjOPQMBBwNCAAQSlwdsfqwVIDPh77DN9ED5q3AfC06iCyg35M9ErPQiuiuX54dE/ZCiyf9uaWjQNHwjMonjBEfBwAgi2KGiJ8/+MAoGCCqGSM49BAMCA0kAMEYCIQCGHB+hmxaBvJ46NqSXIoWgM0lCCOe7Wz3kDvjTar9geAIhAKFG9bgCZBNhWvUVeg/mbqigKE8EGe13zDlavMYg4oPR"}]
02-15 10:08:18.491 16648 16717 D MulticastServer: Registration process finished: 98383565
02-15 10:08:19.297 16648 16719 D MulticastClient: Sent message {"sender":"test@bdj.com","payload":"{\"username\":\"test@bdj.com\",\"ipAddress\":\"192.168.1.43\",\"certificate\":\"MIIBGTCBwQIGAX73hbs4MAoGCCqGSM49BAMCMBcxFTATBgNVBAMMDHRlc3RAYmRqLmNvbTAeFw0yMjAyMTMwOTE3MjNaFw0yNDAyMTQwOTE3MjNaMBcxFTATBgNVBAMMDHRlc3RAYmRqLmNvbTBZMBMGByqGSM49AgEGCCqGSM49AwEHA0IABP\/41t+wYTnBX3qRYx41RH4IBCcobCmg0i04cZgwu08rd2x5EhryCH8bZFDDMeNwQ2j77jLyvHIjBz0zHjC3l\/UwCgYIKoZIzj0EAwIDRwAwRAIgH7Y\/UV1OAevxrADvnE9p8hCeQ+GzcLFSzrKlTOl2PYQCIF8A+9ak\/AbTuBXMdeABh1kAqBgRhPYIqWoZORgX8nWG\"}","messageType":"BROADCAST_BLOCK","signature":"MEYCIQC1KkwSIc4wAaoAMs6fXZZoIXdode0f5rH3TYMZlfP\/wgIhAJpDU28IoeHwc0nRA8TOQ4yMq26bKI0jkVRwKzK1OZa\/","nonce":98383565}
02-15 10:19:29.248 16891 16891 D MulticastServer: Service started
02-15 10:19:29.249 16891 16927 D MulticastServer: Listening for data.
02-15 10:19:29.252 16891 16970 D MulticastServer: Registration process started with nonce: 476352717
02-15 10:19:30.058 16891 16926 D MulticastClient: Sent message {"sender":"","payload":"","messageType":"REQUEST_LEDGER","signature":"","nonce":476352717}
02-15 10:19:30.262 16891 16971 D MulticastServer: Registration process finished: 476352717
02-15 10:19:31.078 16891 16926 D MulticastClient: Sent message {"sender":"test@bdj.com","payload":"{\"username\":\"test@bdj.com\",\"ipAddress\":\"192.168.1.43\",\"certificate\":\"MIIBGTCBwQIGAX73hbs4MAoGCCqGSM49BAMCMBcxFTATBgNVBAMMDHRlc3RAYmRqLmNvbTAeFw0yMjAyMTMwOTE3MjNaFw0yNDAyMTQwOTE3MjNaMBcxFTATBgNVBAMMDHRlc3RAYmRqLmNvbTBZMBMGByqGSM49AgEGCCqGSM49AwEHA0IABP\/41t+wYTnBX3qRYx41RH4IBCcobCmg0i04cZgwu08rd2x5EhryCH8bZFDDMeNwQ2j77jLyvHIjBz0zHjC3l\/UwCgYIKoZIzj0EAwIDRwAwRAIgH7Y\/UV1OAevxrADvnE9p8hCeQ+GzcLFSzrKlTOl2PYQCIF8A+9ak\/AbTuBXMdeABh1kAqBgRhPYIqWoZORgX8nWG\"}","messageType":"BROADCAST_BLOCK","signature":"MEUCIA0QzOtFRapemgBmg9qjs5WMdBjoYrIOA5ZdTG71DEbBAiEAuHf4gn9Y2RXZLtTVl4KycQ\/IrWDnyfxnDhv6FYYu184=","nonce":476352717}
02-15 10:22:00.714 16891 16926 D MulticastServer: Registration process started with nonce: 1738656480
02-15 10:22:00.714 16891 16926 D MulticastServer: Received request for ledger with nonce: 1738656480.
02-15 10:22:01.491 16891 16973 D MulticastServer: Received request for ledger with nonce: 1738656480.
02-15 10:22:01.526 16891 16926 D MulticastClient: Sent message {"sender":"test@bdj.com","payload":"[{\"username\":\"test@bdj.com\",\"ipAddress\":\"192.168.1.43\",\"certificate\":\"MIIBGTCBwQIGAX73hbs4MAoGCCqGSM49BAMCMBcxFTATBgNVBAMMDHRlc3RAYmRqLmNvbTAeFw0yMjAyMTMwOTE3MjNaFw0yNDAyMTQwOTE3MjNaMBcxFTATBgNVBAMMDHRlc3RAYmRqLmNvbTBZMBMGByqGSM49AgEGCCqGSM49AwEHA0IABP\/41t+wYTnBX3qRYx41RH4IBCcobCmg0i04cZgwu08rd2x5EhryCH8bZFDDMeNwQ2j77jLyvHIjBz0zHjC3l\/UwCgYIKoZIzj0EAwIDRwAwRAIgH7Y\/UV1OAevxrADvnE9p8hCeQ+GzcLFSzrKlTOl2PYQCIF8A+9ak\/AbTuBXMdeABh1kAqBgRhPYIqWoZORgX8nWG\"}]","messageType":"FULL_LEDGER","signature":"MEYCIQC11ey3s2OBsa6k9lZwW25TrQbzSYF\/wNndmXY6+IKZEwIhAN2d6XUIv176M6FfQ2+zPYeW5MXfkGeE4wmK1FurY2sV","nonce":1738656480}
02-15 10:22:01.646 16891 16926 D MulticastServer: Broadcast block received {"username":"test3@mail.com","ipAddress":"192.168.1.57","certificate":"MIIBHzCBxQIGAX7i2tJEMAoGCCqGSM49BAMCMBkxFzAVBgNVBAMMDnRlc3QzQG1haWwuY29tMB4XDTIyMDIwOTA4NTgxOFoXDTI0MDIxMDA4NTgxOFowGTEXMBUGA1UEAwwOdGVzdDNAbWFpbC5jb20wWTATBgcqhkjOPQIBBggqhkjOPQMBBwNCAAQSlwdsfqwVIDPh77DN9ED5q3AfC06iCyg35M9ErPQiuiuX54dE/ZCiyf9uaWjQNHwjMonjBEfBwAgi2KGiJ8/+MAoGCCqGSM49BAMCA0kAMEYCIQCGHB+hmxaBvJ46NqSXIoWgM0lCCOe7Wz3kDvjTar9geAIhAKFG9bgCZBNhWvUVeg/mbqigKE8EGe13zDlavMYg4oPR"}
02-15 10:22:01.649 16891 16926 D MulticastServer: Signature is valid: true
02-15 10:22:01.715 16891 17093 D MulticastServer: Registration process finished: 1738656480
02-15 10:22:02.308 16891 16973 D MulticastClient: Sent message {"sender":"test@bdj.com","payload":"[{\"username\":\"test@bdj.com\",\"ipAddress\":\"192.168.1.43\",\"certificate\":\"MIIBGTCBwQIGAX73hbs4MAoGCCqGSM49BAMCMBcxFTATBgNVBAMMDHRlc3RAYmRqLmNvbTAeFw0yMjAyMTMwOTE3MjNaFw0yNDAyMTQwOTE3MjNaMBcxFTATBgNVBAMMDHRlc3RAYmRqLmNvbTBZMBMGByqGSM49AgEGCCqGSM49AwEHA0IABP\/41t+wYTnBX3qRYx41RH4IBCcobCmg0i04cZgwu08rd2x5EhryCH8bZFDDMeNwQ2j77jLyvHIjBz0zHjC3l\/UwCgYIKoZIzj0EAwIDRwAwRAIgH7Y\/UV1OAevxrADvnE9p8hCeQ+GzcLFSzrKlTOl2PYQCIF8A+9ak\/AbTuBXMdeABh1kAqBgRhPYIqWoZORgX8nWG\"}]","messageType":"FULL_LEDGER","signature":"MEYCIQCfp5xwSjoqABLWvlKm6pdgKgRtTWs0h8jZUtdEx5KVpAIhAKxP8N10fRQ4ZdN+qHdiGOn9JfncSvytHgo\/b4EqkLuL","nonce":1738656480}
02-15 10:22:02.460 16891 16926 D MulticastServer: Broadcast block received {"username":"test3@mail.com","ipAddress":"192.168.1.57","certificate":"MIIBHzCBxQIGAX7i2tJEMAoGCCqGSM49BAMCMBkxFzAVBgNVBAMMDnRlc3QzQG1haWwuY29tMB4XDTIyMDIwOTA4NTgxOFoXDTI0MDIxMDA4NTgxOFowGTEXMBUGA1UEAwwOdGVzdDNAbWFpbC5jb20wWTATBgcqhkjOPQIBBggqhkjOPQMBBwNCAAQSlwdsfqwVIDPh77DN9ED5q3AfC06iCyg35M9ErPQiuiuX54dE/ZCiyf9uaWjQNHwjMonjBEfBwAgi2KGiJ8/+MAoGCCqGSM49BAMCA0kAMEYCIQCGHB+hmxaBvJ46NqSXIoWgM0lCCOe7Wz3kDvjTar9geAIhAKFG9bgCZBNhWvUVeg/mbqigKE8EGe13zDlavMYg4oPR"}
02-15 10:22:02.462 16891 16926 D MulticastServer: Signature is valid: true
02-15 10:23:43.102 17432 17432 D MulticastServer: Service started
02-15 10:23:43.103 17432 17468 D MulticastServer: Listening for data.
02-15 10:23:43.110 17432 17513 D MulticastServer: Registration process started with nonce: 721556399
02-15 10:23:43.918 17432 17517 D MulticastClient: Sent message {"sender":"","payload":"","messageType":"REQUEST_LEDGER","signature":"","nonce":721556399}
02-15 10:23:44.121 17432 17515 D MulticastServer: Registration process finished: 721556399
02-15 10:23:44.300 17432 17517 D MulticastServer: Registration process started with nonce: 1406782827
02-15 10:23:44.301 17432 17517 D MulticastServer: Received request for ledger with nonce: 1406782827.
02-15 10:23:44.931 17432 17519 D MulticastClient: Sent message {"sender":"test@bdj.com","payload":"{\"username\":\"test@bdj.com\",\"ipAddress\":\"192.168.1.43\",\"certificate\":\"MIIBGTCBwQIGAX73hbs4MAoGCCqGSM49BAMCMBcxFTATBgNVBAMMDHRlc3RAYmRqLmNvbTAeFw0yMjAyMTMwOTE3MjNaFw0yNDAyMTQwOTE3MjNaMBcxFTATBgNVBAMMDHRlc3RAYmRqLmNvbTBZMBMGByqGSM49AgEGCCqGSM49AwEHA0IABP\/41t+wYTnBX3qRYx41RH4IBCcobCmg0i04cZgwu08rd2x5EhryCH8bZFDDMeNwQ2j77jLyvHIjBz0zHjC3l\/UwCgYIKoZIzj0EAwIDRwAwRAIgH7Y\/UV1OAevxrADvnE9p8hCeQ+GzcLFSzrKlTOl2PYQCIF8A+9ak\/AbTuBXMdeABh1kAqBgRhPYIqWoZORgX8nWG\"}","messageType":"BROADCAST_BLOCK","signature":"MEQCIArx\/fJy4ujXWpW9xYJm5Ck+4FxXSbuW88QjfW1AJ1CXAiBh8qru18XizuA05fDKyXI2j32vLFIH29qfwMj4QkwQmQ==","nonce":721556399}
02-15 10:23:45.119 17432 17517 D MulticastClient: Sent message {"sender":"test@bdj.com","payload":"[{\"username\":\"test@bdj.com\",\"ipAddress\":\"192.168.1.43\",\"certificate\":\"MIIBGTCBwQIGAX73hbs4MAoGCCqGSM49BAMCMBcxFTATBgNVBAMMDHRlc3RAYmRqLmNvbTAeFw0yMjAyMTMwOTE3MjNaFw0yNDAyMTQwOTE3MjNaMBcxFTATBgNVBAMMDHRlc3RAYmRqLmNvbTBZMBMGByqGSM49AgEGCCqGSM49AwEHA0IABP\/41t+wYTnBX3qRYx41RH4IBCcobCmg0i04cZgwu08rd2x5EhryCH8bZFDDMeNwQ2j77jLyvHIjBz0zHjC3l\/UwCgYIKoZIzj0EAwIDRwAwRAIgH7Y\/UV1OAevxrADvnE9p8hCeQ+GzcLFSzrKlTOl2PYQCIF8A+9ak\/AbTuBXMdeABh1kAqBgRhPYIqWoZORgX8nWG\"}]","messageType":"FULL_LEDGER","signature":"MEUCIDXCm8d2RzdC8xVFGl\/P32gBEAGj0dM1MV16PeMyVwdNAiEA6KRVmca8MgEGOlKxuCUV5OCZ+GI5b7tFKJZv8AIHlfc=","nonce":1406782827}
02-15 10:23:45.127 17432 17517 D MulticastServer: Received request for ledger with nonce: 1406782827.
02-15 10:23:45.277 17432 17517 D MulticastServer: Broadcast block received {"username":"test3@mail.com","ipAddress":"192.168.1.57","certificate":"MIIBHzCBxQIGAX7i2tJEMAoGCCqGSM49BAMCMBkxFzAVBgNVBAMMDnRlc3QzQG1haWwuY29tMB4XDTIyMDIwOTA4NTgxOFoXDTI0MDIxMDA4NTgxOFowGTEXMBUGA1UEAwwOdGVzdDNAbWFpbC5jb20wWTATBgcqhkjOPQIBBggqhkjOPQMBBwNCAAQSlwdsfqwVIDPh77DN9ED5q3AfC06iCyg35M9ErPQiuiuX54dE/ZCiyf9uaWjQNHwjMonjBEfBwAgi2KGiJ8/+MAoGCCqGSM49BAMCA0kAMEYCIQCGHB+hmxaBvJ46NqSXIoWgM0lCCOe7Wz3kDvjTar9geAIhAKFG9bgCZBNhWvUVeg/mbqigKE8EGe13zDlavMYg4oPR"}
02-15 10:23:45.280 17432 17517 D MulticastServer: Signature is valid: true
02-15 10:23:45.303 17432 17538 D MulticastServer: Registration process finished: 1406782827
02-15 10:23:45.950 17432 17518 D MulticastClient: Sent message {"sender":"test@bdj.com","payload":"[{\"username\":\"test@bdj.com\",\"ipAddress\":\"192.168.1.43\",\"certificate\":\"MIIBGTCBwQIGAX73hbs4MAoGCCqGSM49BAMCMBcxFTATBgNVBAMMDHRlc3RAYmRqLmNvbTAeFw0yMjAyMTMwOTE3MjNaFw0yNDAyMTQwOTE3MjNaMBcxFTATBgNVBAMMDHRlc3RAYmRqLmNvbTBZMBMGByqGSM49AgEGCCqGSM49AwEHA0IABP\/41t+wYTnBX3qRYx41RH4IBCcobCmg0i04cZgwu08rd2x5EhryCH8bZFDDMeNwQ2j77jLyvHIjBz0zHjC3l\/UwCgYIKoZIzj0EAwIDRwAwRAIgH7Y\/UV1OAevxrADvnE9p8hCeQ+GzcLFSzrKlTOl2PYQCIF8A+9ak\/AbTuBXMdeABh1kAqBgRhPYIqWoZORgX8nWG\"}]","messageType":"FULL_LEDGER","signature":"MEUCIDOqH3QYvunud\/DSyMs5eAEZVbNR3OuTB+qudH87LrqeAiEA\/jSJoRaFZUBXSs6kxeE5ugk8dPfunu5dB3uiG6fNH+k=","nonce":1406782827}
02-15 10:23:46.091 17432 17519 D MulticastServer: Broadcast block received {"username":"test3@mail.com","ipAddress":"192.168.1.57","certificate":"MIIBHzCBxQIGAX7i2tJEMAoGCCqGSM49BAMCMBkxFzAVBgNVBAMMDnRlc3QzQG1haWwuY29tMB4XDTIyMDIwOTA4NTgxOFoXDTI0MDIxMDA4NTgxOFowGTEXMBUGA1UEAwwOdGVzdDNAbWFpbC5jb20wWTATBgcqhkjOPQIBBggqhkjOPQMBBwNCAAQSlwdsfqwVIDPh77DN9ED5q3AfC06iCyg35M9ErPQiuiuX54dE/ZCiyf9uaWjQNHwjMonjBEfBwAgi2KGiJ8/+MAoGCCqGSM49BAMCA0kAMEYCIQCGHB+hmxaBvJ46NqSXIoWgM0lCCOe7Wz3kDvjTar9geAIhAKFG9bgCZBNhWvUVeg/mbqigKE8EGe13zDlavMYg4oPR"}
02-15 10:23:46.095 17432 17519 D MulticastServer: Signature is valid: true
02-15 10:25:54.825 17582 17582 D MulticastServer: Service started
02-15 10:25:54.882 17582 17617 D MulticastServer: Listening for data.
02-15 10:25:54.909 17582 17620 D MulticastServer: Registration process started with nonce: 226186331
02-15 10:25:57.944 17652 17652 D MulticastServer: Service started
02-15 10:25:57.951 17652 17709 D MulticastServer: Listening for data.
02-15 10:25:57.953 17652 17711 D MulticastServer: Registration process started with nonce: 240403122
02-15 10:25:58.763 17652 17710 D MulticastClient: Sent message {"sender":"","payload":"","messageType":"REQUEST_LEDGER","signature":"","nonce":240403122}
02-15 10:25:58.970 17652 17712 D MulticastServer: Registration process finished: 240403122
02-15 10:25:59.261 17652 17716 D MulticastServer: Registration process started with nonce: 1378454964
02-15 10:25:59.263 17652 17716 D MulticastServer: Received request for ledger with nonce: 1378454964.
02-15 10:28:54.759 17915 17915 D MulticastServer: Service started
02-15 10:28:54.766 17915 17971 D MulticastServer: Listening for data.
02-15 10:28:54.769 17915 17973 D MulticastServer: Registration process started with nonce: 548242875
02-15 10:28:55.575 17915 17972 D MulticastClient: Sent message {"sender":"","payload":"","messageType":"REQUEST_LEDGER","signature":"","nonce":548242875}
02-15 10:28:55.778 17915 17974 D MulticastServer: Registration process finished: 548242875
02-15 10:28:56.209 17915 17978 D MulticastServer: Registration process started with nonce: 2012140562
02-15 10:28:56.210 17915 17978 D MulticastServer: Received request for ledger with nonce: 2012140562.
02-15 10:29:28.398 18026 18026 D MulticastServer: Service started
02-15 10:29:28.405 18026 18082 D MulticastServer: Listening for data.
02-15 10:29:28.408 18026 18084 D MulticastServer: Registration process started with nonce: 445982307
02-15 10:29:29.213 18026 18083 D MulticastClient: Sent message {"sender":"","payload":"","messageType":"REQUEST_LEDGER","signature":"","nonce":445982307}
02-15 10:29:29.415 18026 18085 D MulticastServer: Registration process finished: 445982307
02-15 10:29:29.800 18026 18089 D MulticastServer: Registration process started with nonce: 963276586
02-15 10:29:29.802 18026 18089 D MulticastServer: Received request for ledger with nonce: 963276586.
02-15 10:29:30.763 18145 18145 D MulticastServer: Service started
02-15 10:29:30.771 18145 18202 D MulticastServer: Listening for data.
02-15 10:29:30.773 18145 18204 D MulticastServer: Registration process started with nonce: 1713585421
02-15 10:29:31.580 18145 18203 D MulticastClient: Sent message {"sender":"","payload":"","messageType":"REQUEST_LEDGER","signature":"","nonce":1713585421}
02-15 10:29:31.780 18145 18205 D MulticastServer: Registration process finished: 1713585421
02-15 10:29:31.981 18145 18203 D MulticastServer: Registration process started with nonce: 1062758225
02-15 10:29:31.983 18145 18203 D MulticastServer: Received request for ledger with nonce: 1062758225.
02-15 10:29:33.098 18256 18256 D MulticastServer: Service started
02-15 10:29:33.105 18256 18313 D MulticastServer: Listening for data.
02-15 10:29:33.108 18256 18315 D MulticastServer: Registration process started with nonce: 1352717971
02-15 10:29:33.915 18256 18314 D MulticastClient: Sent message {"sender":"","payload":"","messageType":"REQUEST_LEDGER","signature":"","nonce":1352717971}
02-15 10:29:34.119 18256 18316 D MulticastServer: Registration process finished: 1352717971
02-15 10:29:34.357 18256 18320 D MulticastServer: Registration process started with nonce: 1059123463
02-15 10:29:34.358 18256 18320 D MulticastServer: Received request for ledger with nonce: 1059123463.
02-15 10:29:35.503 18366 18366 D MulticastServer: Service started
02-15 10:29:35.510 18366 18423 D MulticastServer: Listening for data.
02-15 10:29:35.513 18366 18425 D MulticastServer: Registration process started with nonce: 1941799920
02-15 10:29:36.319 18366 18424 D MulticastClient: Sent message {"sender":"","payload":"","messageType":"REQUEST_LEDGER","signature":"","nonce":1941799920}
02-15 10:29:36.521 18366 18426 D MulticastServer: Registration process finished: 1941799920
02-15 10:29:36.743 18366 18454 D MulticastServer: Registration process started with nonce: 173188327
02-15 10:29:36.744 18366 18454 D MulticastServer: Received request for ledger with nonce: 173188327.
02-15 10:29:37.906 18477 18477 D MulticastServer: Service started
02-15 10:29:37.914 18477 18534 D MulticastServer: Listening for data.
02-15 10:29:37.917 18477 18536 D MulticastServer: Registration process started with nonce: 1425375387
02-15 10:29:38.728 18477 18535 D MulticastClient: Sent message {"sender":"","payload":"","messageType":"REQUEST_LEDGER","signature":"","nonce":1425375387}
02-15 10:29:38.925 18477 18537 D MulticastServer: Registration process finished: 1425375387
02-15 10:29:39.170 18477 18541 D MulticastServer: Registration process started with nonce: 1395077026
02-15 10:29:39.172 18477 18541 D MulticastServer: Received request for ledger with nonce: 1395077026.
02-15 10:29:40.273 18594 18594 D MulticastServer: Service started
02-15 10:29:40.280 18594 18651 D MulticastServer: Listening for data.
02-15 10:29:40.283 18594 18653 D MulticastServer: Registration process started with nonce: 1486005176
02-15 10:29:41.089 18594 18652 D MulticastClient: Sent message {"sender":"","payload":"","messageType":"REQUEST_LEDGER","signature":"","nonce":1486005176}
02-15 10:29:41.297 18594 18654 D MulticastServer: Registration process finished: 1486005176
02-15 10:29:41.499 18594 18657 D MulticastServer: Registration process started with nonce: 1505972180
02-15 10:29:41.501 18594 18657 D MulticastServer: Received request for ledger with nonce: 1505972180.
02-15 10:29:42.651 18693 18693 D MulticastServer: Service started
02-15 10:29:42.658 18693 18750 D MulticastServer: Listening for data.
02-15 10:29:42.660 18693 18752 D MulticastServer: Registration process started with nonce: 1359109760
02-15 10:29:43.466 18693 18751 D MulticastClient: Sent message {"sender":"","payload":"","messageType":"REQUEST_LEDGER","signature":"","nonce":1359109760}
02-15 10:29:43.670 18693 18753 D MulticastServer: Registration process finished: 1359109760
02-15 10:29:43.932 18693 18758 D MulticastServer: Registration process started with nonce: 504729421
02-15 10:29:43.934 18693 18758 D MulticastServer: Received request for ledger with nonce: 504729421.
02-15 10:29:45.041 18804 18804 D MulticastServer: Service started
02-15 10:29:45.048 18804 18861 D MulticastServer: Listening for data.
02-15 10:29:45.050 18804 18863 D MulticastServer: Registration process started with nonce: 1077037749
02-15 10:29:45.856 18804 18862 D MulticastClient: Sent message {"sender":"","payload":"","messageType":"REQUEST_LEDGER","signature":"","nonce":1077037749}
02-15 10:29:46.070 18804 18864 D MulticastServer: Registration process finished: 1077037749
02-15 10:29:46.286 18804 18866 D MulticastServer: Registration process started with nonce: 1577140234
02-15 10:29:46.288 18804 18866 D MulticastServer: Received request for ledger with nonce: 1577140234.
02-15 10:29:47.451 18914 18914 D MulticastServer: Service started
02-15 10:29:47.458 18914 18974 D MulticastServer: Listening for data.
02-15 10:29:47.461 18914 18976 D MulticastServer: Registration process started with nonce: 1976827013
02-15 10:29:48.267 18914 18975 D MulticastClient: Sent message {"sender":"","payload":"","messageType":"REQUEST_LEDGER","signature":"","nonce":1976827013}
02-15 10:29:48.478 18914 18977 D MulticastServer: Registration process finished: 1976827013
02-15 10:29:48.677 18914 18981 D MulticastServer: Registration process started with nonce: 1771098341
02-15 10:29:48.679 18914 18981 D MulticastServer: Received request for ledger with nonce: 1771098341.
02-15 10:29:49.827 19021 19021 D MulticastServer: Service started
02-15 10:29:49.835 19021 19077 D MulticastServer: Listening for data.
02-15 10:29:49.837 19021 19079 D MulticastServer: Registration process started with nonce: 1559260783
02-15 10:29:50.647 19021 19078 D MulticastClient: Sent message {"sender":"","payload":"","messageType":"REQUEST_LEDGER","signature":"","nonce":1559260783}
02-15 10:29:50.855 19021 19080 D MulticastServer: Registration process finished: 1559260783
02-15 10:29:51.022 19021 19078 D MulticastServer: Registration process started with nonce: 1488313464
02-15 10:29:51.023 19021 19078 D MulticastServer: Received request for ledger with nonce: 1488313464.
02-15 10:31:22.863 19183 19183 D MulticastServer: Service started
02-15 10:31:22.870 19183 19237 D MulticastServer: Listening for data.
02-15 10:31:22.879 19183 19239 D MulticastServer: Registration process started with nonce: 1765982317
02-15 10:31:23.685 19183 19243 D MulticastClient: Sent message {"sender":"","payload":"","messageType":"REQUEST_LEDGER","signature":"","nonce":1765982317}
02-15 10:31:23.892 19183 19241 D MulticastServer: Registration process finished: 1765982317
02-15 10:31:24.708 19183 19243 D MulticastClient: Sent message {"sender":"test@bdj.com","payload":"{\"username\":\"test@bdj.com\",\"ipAddress\":\"192.168.1.43\",\"certificate\":\"MIIBGTCBwQIGAX73hbs4MAoGCCqGSM49BAMCMBcxFTATBgNVBAMMDHRlc3RAYmRqLmNvbTAeFw0yMjAyMTMwOTE3MjNaFw0yNDAyMTQwOTE3MjNaMBcxFTATBgNVBAMMDHRlc3RAYmRqLmNvbTBZMBMGByqGSM49AgEGCCqGSM49AwEHA0IABP\/41t+wYTnBX3qRYx41RH4IBCcobCmg0i04cZgwu08rd2x5EhryCH8bZFDDMeNwQ2j77jLyvHIjBz0zHjC3l\/UwCgYIKoZIzj0EAwIDRwAwRAIgH7Y\/UV1OAevxrADvnE9p8hCeQ+GzcLFSzrKlTOl2PYQCIF8A+9ak\/AbTuBXMdeABh1kAqBgRhPYIqWoZORgX8nWG\"}","messageType":"BROADCAST_BLOCK","signature":"MEYCIQDpikujqZA8ZHauSALu4FEKoT64E2zMH7FY8teQ0egvfAIhALeJndwHEu\/iCjeTFnVUQsrAVRLf09r2sTXRonAGSQk+","nonce":1765982317}
02-15 10:31:25.307 19183 19243 D MulticastServer: Registration process started with nonce: 1683555133
02-15 10:31:25.309 19183 19243 D MulticastServer: Received request for ledger with nonce: 1683555133.
02-15 10:31:26.131 19183 19243 D MulticastServer: Broadcast block received {"username":"test3@mail.com","ipAddress":"192.168.1.57","certificate":"MIIBHzCBxQIGAX7i2tJEMAoGCCqGSM49BAMCMBkxFzAVBgNVBAMMDnRlc3QzQG1haWwuY29tMB4XDTIyMDIwOTA4NTgxOFoXDTI0MDIxMDA4NTgxOFowGTEXMBUGA1UEAwwOdGVzdDNAbWFpbC5jb20wWTATBgcqhkjOPQIBBggqhkjOPQMBBwNCAAQSlwdsfqwVIDPh77DN9ED5q3AfC06iCyg35M9ErPQiuiuX54dE/ZCiyf9uaWjQNHwjMonjBEfBwAgi2KGiJ8/+MAoGCCqGSM49BAMCA0kAMEYCIQCGHB+hmxaBvJ46NqSXIoWgM0lCCOe7Wz3kDvjTar9geAIhAKFG9bgCZBNhWvUVeg/mbqigKE8EGe13zDlavMYg4oPR"}
02-15 10:31:26.131 19183 19245 D MulticastClient: Sent message {"sender":"test@bdj.com","payload":"[{\"username\":\"test@bdj.com\",\"ipAddress\":\"192.168.1.43\",\"certificate\":\"MIIBGTCBwQIGAX73hbs4MAoGCCqGSM49BAMCMBcxFTATBgNVBAMMDHRlc3RAYmRqLmNvbTAeFw0yMjAyMTMwOTE3MjNaFw0yNDAyMTQwOTE3MjNaMBcxFTATBgNVBAMMDHRlc3RAYmRqLmNvbTBZMBMGByqGSM49AgEGCCqGSM49AwEHA0IABP\/41t+wYTnBX3qRYx41RH4IBCcobCmg0i04cZgwu08rd2x5EhryCH8bZFDDMeNwQ2j77jLyvHIjBz0zHjC3l\/UwCgYIKoZIzj0EAwIDRwAwRAIgH7Y\/UV1OAevxrADvnE9p8hCeQ+GzcLFSzrKlTOl2PYQCIF8A+9ak\/AbTuBXMdeABh1kAqBgRhPYIqWoZORgX8nWG\"}]","messageType":"FULL_LEDGER","signature":"MEQCICXjPd+b9xrVcl5u4cDaN9J+AUH8SuSVZaVI5I3KgT+KAiBGxMfmp974DlWvXfkJjlI4sOrcLTrR2wPXim2kknNQXA==","nonce":1683555133}
02-15 10:31:26.136 19183 19243 D MulticastServer: Signature is valid: true
02-15 10:31:26.312 19183 19274 D MulticastServer: Registration process finished: 1683555133
02-15 10:31:27.336 19296 19296 D MulticastServer: Service started
02-15 10:31:27.343 19296 19353 D MulticastServer: Listening for data.
02-15 10:31:27.346 19296 19355 D MulticastServer: Registration process started with nonce: 596656710
02-15 10:31:28.153 19296 19358 D MulticastClient: Sent message {"sender":"","payload":"","messageType":"REQUEST_LEDGER","signature":"","nonce":596656710}
02-15 10:31:28.360 19296 19356 D MulticastServer: Registration process finished: 596656710
02-15 10:31:29.171 19296 19358 D MulticastClient: Sent message {"sender":"test@bdj.com","payload":"{\"username\":\"test@bdj.com\",\"ipAddress\":\"192.168.1.43\",\"certificate\":\"MIIBGTCBwQIGAX73hbs4MAoGCCqGSM49BAMCMBcxFTATBgNVBAMMDHRlc3RAYmRqLmNvbTAeFw0yMjAyMTMwOTE3MjNaFw0yNDAyMTQwOTE3MjNaMBcxFTATBgNVBAMMDHRlc3RAYmRqLmNvbTBZMBMGByqGSM49AgEGCCqGSM49AwEHA0IABP\/41t+wYTnBX3qRYx41RH4IBCcobCmg0i04cZgwu08rd2x5EhryCH8bZFDDMeNwQ2j77jLyvHIjBz0zHjC3l\/UwCgYIKoZIzj0EAwIDRwAwRAIgH7Y\/UV1OAevxrADvnE9p8hCeQ+GzcLFSzrKlTOl2PYQCIF8A+9ak\/AbTuBXMdeABh1kAqBgRhPYIqWoZORgX8nWG\"}","messageType":"BROADCAST_BLOCK","signature":"MEUCIBwyPAuuoVt7i+3dA0KEAZlpibZ3rg8\/kIBf1LggGBXsAiEAjtE3fLUrXHV+qo\/I\/TLkXdKRbkIZoBOeuyti+BCHtxs=","nonce":596656710}
02-15 10:31:29.609 19296 19354 D MulticastServer: Registration process started with nonce: 1137086479
02-15 10:31:29.611 19296 19354 D MulticastServer: Received request for ledger with nonce: 1137086479.
02-15 10:31:30.436 19296 19358 D MulticastClient: Sent message {"sender":"test@bdj.com","payload":"[{\"username\":\"test@bdj.com\",\"ipAddress\":\"192.168.1.43\",\"certificate\":\"MIIBGTCBwQIGAX73hbs4MAoGCCqGSM49BAMCMBcxFTATBgNVBAMMDHRlc3RAYmRqLmNvbTAeFw0yMjAyMTMwOTE3MjNaFw0yNDAyMTQwOTE3MjNaMBcxFTATBgNVBAMMDHRlc3RAYmRqLmNvbTBZMBMGByqGSM49AgEGCCqGSM49AwEHA0IABP\/41t+wYTnBX3qRYx41RH4IBCcobCmg0i04cZgwu08rd2x5EhryCH8bZFDDMeNwQ2j77jLyvHIjBz0zHjC3l\/UwCgYIKoZIzj0EAwIDRwAwRAIgH7Y\/UV1OAevxrADvnE9p8hCeQ+GzcLFSzrKlTOl2PYQCIF8A+9ak\/AbTuBXMdeABh1kAqBgRhPYIqWoZORgX8nWG\"}]","messageType":"FULL_LEDGER","signature":"MEYCIQDr11CshuPUy8bdy67xAUEvBR25RHERHpVjM4BibQsaYwIhAIPPhwGEJ4zdPooNOj9DuX54lSElkIlEFsi+wo5e4sb7","nonce":1137086479}
02-15 10:31:30.451 19296 19358 D MulticastServer: Received request for ledger with nonce: 1137086479.
02-15 10:31:30.534 19296 19354 D MulticastServer: Broadcast block received {"username":"test3@mail.com","ipAddress":"192.168.1.57","certificate":"MIIBHzCBxQIGAX7i2tJEMAoGCCqGSM49BAMCMBkxFzAVBgNVBAMMDnRlc3QzQG1haWwuY29tMB4XDTIyMDIwOTA4NTgxOFoXDTI0MDIxMDA4NTgxOFowGTEXMBUGA1UEAwwOdGVzdDNAbWFpbC5jb20wWTATBgcqhkjOPQIBBggqhkjOPQMBBwNCAAQSlwdsfqwVIDPh77DN9ED5q3AfC06iCyg35M9ErPQiuiuX54dE/ZCiyf9uaWjQNHwjMonjBEfBwAgi2KGiJ8/+MAoGCCqGSM49BAMCA0kAMEYCIQCGHB+hmxaBvJ46NqSXIoWgM0lCCOe7Wz3kDvjTar9geAIhAKFG9bgCZBNhWvUVeg/mbqigKE8EGe13zDlavMYg4oPR"}
02-15 10:31:30.537 19296 19354 D MulticastServer: Signature is valid: true
02-15 10:31:30.613 19296 19386 D MulticastServer: Registration process finished: 1137086479
02-15 10:31:31.689 19410 19410 D MulticastServer: Service started
02-15 10:31:31.696 19410 19468 D MulticastServer: Listening for data.
02-15 10:31:31.699 19410 19470 D MulticastServer: Registration process started with nonce: 371471715
02-15 10:31:32.504 19410 19469 D MulticastClient: Sent message {"sender":"","payload":"","messageType":"REQUEST_LEDGER","signature":"","nonce":371471715}
02-15 10:31:32.715 19410 19471 D MulticastServer: Registration process finished: 371471715
02-15 10:31:33.517 19410 19473 D MulticastClient: Sent message {"sender":"test@bdj.com","payload":"{\"username\":\"test@bdj.com\",\"ipAddress\":\"192.168.1.43\",\"certificate\":\"MIIBGTCBwQIGAX73hbs4MAoGCCqGSM49BAMCMBcxFTATBgNVBAMMDHRlc3RAYmRqLmNvbTAeFw0yMjAyMTMwOTE3MjNaFw0yNDAyMTQwOTE3MjNaMBcxFTATBgNVBAMMDHRlc3RAYmRqLmNvbTBZMBMGByqGSM49AgEGCCqGSM49AwEHA0IABP\/41t+wYTnBX3qRYx41RH4IBCcobCmg0i04cZgwu08rd2x5EhryCH8bZFDDMeNwQ2j77jLyvHIjBz0zHjC3l\/UwCgYIKoZIzj0EAwIDRwAwRAIgH7Y\/UV1OAevxrADvnE9p8hCeQ+GzcLFSzrKlTOl2PYQCIF8A+9ak\/AbTuBXMdeABh1kAqBgRhPYIqWoZORgX8nWG\"}","messageType":"BROADCAST_BLOCK","signature":"MEUCIQDbGZ9zOIWd9QciKvhKrwt5oP\/rAD71FpkY6eVRp8cO9QIgGivxet1Qp\/q2IleGLNjG\/1KwRJs2cYyd8DqY0bpHKKw=","nonce":371471715}
02-15 10:31:34.113 19410 19499 D MulticastServer: Registration process started with nonce: 719360770
02-15 10:31:34.115 19410 19499 D MulticastServer: Received request for ledger with nonce: 719360770.
02-15 10:31:34.729 19410 19469 D MulticastServer: Received request for ledger with nonce: 719360770.
02-15 10:31:34.911 19410 19469 D MulticastServer: Broadcast block received {"username":"test3@mail.com","ipAddress":"192.168.1.57","certificate":"MIIBHzCBxQIGAX7i2tJEMAoGCCqGSM49BAMCMBkxFzAVBgNVBAMMDnRlc3QzQG1haWwuY29tMB4XDTIyMDIwOTA4NTgxOFoXDTI0MDIxMDA4NTgxOFowGTEXMBUGA1UEAwwOdGVzdDNAbWFpbC5jb20wWTATBgcqhkjOPQIBBggqhkjOPQMBBwNCAAQSlwdsfqwVIDPh77DN9ED5q3AfC06iCyg35M9ErPQiuiuX54dE/ZCiyf9uaWjQNHwjMonjBEfBwAgi2KGiJ8/+MAoGCCqGSM49BAMCA0kAMEYCIQCGHB+hmxaBvJ46NqSXIoWgM0lCCOe7Wz3kDvjTar9geAIhAKFG9bgCZBNhWvUVeg/mbqigKE8EGe13zDlavMYg4oPR"}
02-15 10:31:34.914 19410 19469 D MulticastServer: Signature is valid: true
02-15 10:31:34.933 19410 19473 D MulticastClient: Sent message {"sender":"test@bdj.com","payload":"[{\"username\":\"test@bdj.com\",\"ipAddress\":\"192.168.1.43\",\"certificate\":\"MIIBGTCBwQIGAX73hbs4MAoGCCqGSM49BAMCMBcxFTATBgNVBAMMDHRlc3RAYmRqLmNvbTAeFw0yMjAyMTMwOTE3MjNaFw0yNDAyMTQwOTE3MjNaMBcxFTATBgNVBAMMDHRlc3RAYmRqLmNvbTBZMBMGByqGSM49AgEGCCqGSM49AwEHA0IABP\/41t+wYTnBX3qRYx41RH4IBCcobCmg0i04cZgwu08rd2x5EhryCH8bZFDDMeNwQ2j77jLyvHIjBz0zHjC3l\/UwCgYIKoZIzj0EAwIDRwAwRAIgH7Y\/UV1OAevxrADvnE9p8hCeQ+GzcLFSzrKlTOl2PYQCIF8A+9ak\/AbTuBXMdeABh1kAqBgRhPYIqWoZORgX8nWG\"}]","messageType":"FULL_LEDGER","signature":"MEQCIBANxrv+MgjVJUgqy8kYHnCnZiJKsWLIWO07XloSi0luAiANstD8P0nyOmlJMiDONS8yH7wN2UdfEhv0knfthSNwqQ==","nonce":719360770}
02-15 10:31:35.119 19410 19503 D MulticastServer: Registration process finished: 719360770
02-15 10:31:36.106 19526 19526 D MulticastServer: Service started
02-15 10:31:36.113 19526 19581 D MulticastServer: Listening for data.
02-15 10:31:36.115 19526 19583 D MulticastServer: Registration process started with nonce: 1361935254
02-15 10:31:36.921 19526 19582 D MulticastClient: Sent message {"sender":"","payload":"","messageType":"REQUEST_LEDGER","signature":"","nonce":1361935254}
02-15 10:31:37.125 19526 19584 D MulticastServer: Registration process finished: 1361935254
02-15 10:31:37.945 19526 19582 D MulticastClient: Sent message {"sender":"test@bdj.com","payload":"{\"username\":\"test@bdj.com\",\"ipAddress\":\"192.168.1.43\",\"certificate\":\"MIIBGTCBwQIGAX73hbs4MAoGCCqGSM49BAMCMBcxFTATBgNVBAMMDHRlc3RAYmRqLmNvbTAeFw0yMjAyMTMwOTE3MjNaFw0yNDAyMTQwOTE3MjNaMBcxFTATBgNVBAMMDHRlc3RAYmRqLmNvbTBZMBMGByqGSM49AgEGCCqGSM49AwEHA0IABP\/41t+wYTnBX3qRYx41RH4IBCcobCmg0i04cZgwu08rd2x5EhryCH8bZFDDMeNwQ2j77jLyvHIjBz0zHjC3l\/UwCgYIKoZIzj0EAwIDRwAwRAIgH7Y\/UV1OAevxrADvnE9p8hCeQ+GzcLFSzrKlTOl2PYQCIF8A+9ak\/AbTuBXMdeABh1kAqBgRhPYIqWoZORgX8nWG\"}","messageType":"BROADCAST_BLOCK","signature":"MEQCIC4uG50L\/7ftBeEOGJs0YsdFQHwrS9G1HAk\/5AwicC2QAiAfTxVYdFf3SyVQfe4I18xARCGnOtd6TOBaj295fZcUAA==","nonce":1361935254}
02-15 10:31:38.417 19526 19582 D MulticastServer: Registration process started with nonce: 725553082
02-15 10:31:38.420 19526 19582 D MulticastServer: Received request for ledger with nonce: 725553082.
02-15 10:31:39.243 19526 19614 D MulticastClient: Sent message {"sender":"test@bdj.com","payload":"[{\"username\":\"test@bdj.com\",\"ipAddress\":\"192.168.1.43\",\"certificate\":\"MIIBGTCBwQIGAX73hbs4MAoGCCqGSM49BAMCMBcxFTATBgNVBAMMDHRlc3RAYmRqLmNvbTAeFw0yMjAyMTMwOTE3MjNaFw0yNDAyMTQwOTE3MjNaMBcxFTATBgNVBAMMDHRlc3RAYmRqLmNvbTBZMBMGByqGSM49AgEGCCqGSM49AwEHA0IABP\/41t+wYTnBX3qRYx41RH4IBCcobCmg0i04cZgwu08rd2x5EhryCH8bZFDDMeNwQ2j77jLyvHIjBz0zHjC3l\/UwCgYIKoZIzj0EAwIDRwAwRAIgH7Y\/UV1OAevxrADvnE9p8hCeQ+GzcLFSzrKlTOl2PYQCIF8A+9ak\/AbTuBXMdeABh1kAqBgRhPYIqWoZORgX8nWG\"}]","messageType":"FULL_LEDGER","signature":"MEQCIC6WjQUNIGHrOzsg4ViQ9j6\/IhF1vsh2\/Y3GTkz1Mk07AiAvIw\/IoTF3c69u0wsfam2n37NYU4JQFUS9FM\/8geLfMQ==","nonce":725553082}
02-15 10:31:39.256 19526 19582 D MulticastServer: Received request for ledger with nonce: 725553082.
02-15 10:31:39.392 19526 19582 D MulticastServer: Broadcast block received {"username":"test3@mail.com","ipAddress":"192.168.1.57","certificate":"MIIBHzCBxQIGAX7i2tJEMAoGCCqGSM49BAMCMBkxFzAVBgNVBAMMDnRlc3QzQG1haWwuY29tMB4XDTIyMDIwOTA4NTgxOFoXDTI0MDIxMDA4NTgxOFowGTEXMBUGA1UEAwwOdGVzdDNAbWFpbC5jb20wWTATBgcqhkjOPQIBBggqhkjOPQMBBwNCAAQSlwdsfqwVIDPh77DN9ED5q3AfC06iCyg35M9ErPQiuiuX54dE/ZCiyf9uaWjQNHwjMonjBEfBwAgi2KGiJ8/+MAoGCCqGSM49BAMCA0kAMEYCIQCGHB+hmxaBvJ46NqSXIoWgM0lCCOe7Wz3kDvjTar9geAIhAKFG9bgCZBNhWvUVeg/mbqigKE8EGe13zDlavMYg4oPR"}
02-15 10:31:39.396 19526 19582 D MulticastServer: Signature is valid: true
02-15 10:31:39.423 19526 19615 D MulticastServer: Registration process finished: 725553082
02-15 10:31:40.567 19637 19637 D MulticastServer: Service started
02-15 10:31:40.574 19637 19695 D MulticastServer: Listening for data.
02-15 10:31:40.576 19637 19697 D MulticastServer: Registration process started with nonce: 490273731
02-15 10:31:41.390 19637 19696 D MulticastClient: Sent message {"sender":"","payload":"","messageType":"REQUEST_LEDGER","signature":"","nonce":490273731}
02-15 10:31:41.585 19637 19698 D MulticastServer: Registration process finished: 490273731
02-15 10:31:42.403 19637 19703 D MulticastClient: Sent message {"sender":"test@bdj.com","payload":"{\"username\":\"test@bdj.com\",\"ipAddress\":\"192.168.1.43\",\"certificate\":\"MIIBGTCBwQIGAX73hbs4MAoGCCqGSM49BAMCMBcxFTATBgNVBAMMDHRlc3RAYmRqLmNvbTAeFw0yMjAyMTMwOTE3MjNaFw0yNDAyMTQwOTE3MjNaMBcxFTATBgNVBAMMDHRlc3RAYmRqLmNvbTBZMBMGByqGSM49AgEGCCqGSM49AwEHA0IABP\/41t+wYTnBX3qRYx41RH4IBCcobCmg0i04cZgwu08rd2x5EhryCH8bZFDDMeNwQ2j77jLyvHIjBz0zHjC3l\/UwCgYIKoZIzj0EAwIDRwAwRAIgH7Y\/UV1OAevxrADvnE9p8hCeQ+GzcLFSzrKlTOl2PYQCIF8A+9ak\/AbTuBXMdeABh1kAqBgRhPYIqWoZORgX8nWG\"}","messageType":"BROADCAST_BLOCK","signature":"MEUCIG9Isz75AUe3P51FxMwEx3z9Mg5FPleN7V7OEPz41AiHAiEAyNuZsHmcapbpkeoTOiRcA7UbnelcDrr6TD4Fj\/h+RFc=","nonce":490273731}
02-15 10:31:42.917 19637 19702 D MulticastServer: Registration process started with nonce: 1143620066
02-15 10:31:42.919 19637 19702 D MulticastServer: Received request for ledger with nonce: 1143620066.
02-15 10:31:43.643 19637 19702 D MulticastServer: Received request for ledger with nonce: 1143620066.
02-15 10:31:43.764 19637 19703 D MulticastClient: Sent message {"sender":"test@bdj.com","payload":"[{\"username\":\"test@bdj.com\",\"ipAddress\":\"192.168.1.43\",\"certificate\":\"MIIBGTCBwQIGAX73hbs4MAoGCCqGSM49BAMCMBcxFTATBgNVBAMMDHRlc3RAYmRqLmNvbTAeFw0yMjAyMTMwOTE3MjNaFw0yNDAyMTQwOTE3MjNaMBcxFTATBgNVBAMMDHRlc3RAYmRqLmNvbTBZMBMGByqGSM49AgEGCCqGSM49AwEHA0IABP\/41t+wYTnBX3qRYx41RH4IBCcobCmg0i04cZgwu08rd2x5EhryCH8bZFDDMeNwQ2j77jLyvHIjBz0zHjC3l\/UwCgYIKoZIzj0EAwIDRwAwRAIgH7Y\/UV1OAevxrADvnE9p8hCeQ+GzcLFSzrKlTOl2PYQCIF8A+9ak\/AbTuBXMdeABh1kAqBgRhPYIqWoZORgX8nWG\"}]","messageType":"FULL_LEDGER","signature":"MEUCIFdXlG7wHIEwX9XB9kYLNX1qjA6DmQYWuiJNZOWf0\/22AiEAn8aDVoQ4WwNoD3KRGGxHInYBbxhWTFeU4WEBtObUYKE=","nonce":1143620066}
02-15 10:31:43.846 19637 19703 D MulticastServer: Broadcast block received {"username":"test3@mail.com","ipAddress":"192.168.1.57","certificate":"MIIBHzCBxQIGAX7i2tJEMAoGCCqGSM49BAMCMBkxFzAVBgNVBAMMDnRlc3QzQG1haWwuY29tMB4XDTIyMDIwOTA4NTgxOFoXDTI0MDIxMDA4NTgxOFowGTEXMBUGA1UEAwwOdGVzdDNAbWFpbC5jb20wWTATBgcqhkjOPQIBBggqhkjOPQMBBwNCAAQSlwdsfqwVIDPh77DN9ED5q3AfC06iCyg35M9ErPQiuiuX54dE/ZCiyf9uaWjQNHwjMonjBEfBwAgi2KGiJ8/+MAoGCCqGSM49BAMCA0kAMEYCIQCGHB+hmxaBvJ46NqSXIoWgM0lCCOe7Wz3kDvjTar9geAIhAKFG9bgCZBNhWvUVeg/mbqigKE8EGe13zDlavMYg4oPR"}
02-15 10:31:43.849 19637 19703 D MulticastServer: Signature is valid: true
02-15 10:31:43.921 19637 19731 D MulticastServer: Registration process finished: 1143620066
02-15 10:31:44.971 19756 19756 D MulticastServer: Service started
02-15 10:31:44.978 19756 19814 D MulticastServer: Listening for data.
02-15 10:31:44.981 19756 19816 D MulticastServer: Registration process started with nonce: 1830842069
02-15 10:31:45.789 19756 19815 D MulticastClient: Sent message {"sender":"","payload":"","messageType":"REQUEST_LEDGER","signature":"","nonce":1830842069}
02-15 10:31:45.998 19756 19817 D MulticastServer: Registration process finished: 1830842069
02-15 10:31:46.800 19756 19821 D MulticastClient: Sent message {"sender":"test@bdj.com","payload":"{\"username\":\"test@bdj.com\",\"ipAddress\":\"192.168.1.43\",\"certificate\":\"MIIBGTCBwQIGAX73hbs4MAoGCCqGSM49BAMCMBcxFTATBgNVBAMMDHRlc3RAYmRqLmNvbTAeFw0yMjAyMTMwOTE3MjNaFw0yNDAyMTQwOTE3MjNaMBcxFTATBgNVBAMMDHRlc3RAYmRqLmNvbTBZMBMGByqGSM49AgEGCCqGSM49AwEHA0IABP\/41t+wYTnBX3qRYx41RH4IBCcobCmg0i04cZgwu08rd2x5EhryCH8bZFDDMeNwQ2j77jLyvHIjBz0zHjC3l\/UwCgYIKoZIzj0EAwIDRwAwRAIgH7Y\/UV1OAevxrADvnE9p8hCeQ+GzcLFSzrKlTOl2PYQCIF8A+9ak\/AbTuBXMdeABh1kAqBgRhPYIqWoZORgX8nWG\"}","messageType":"BROADCAST_BLOCK","signature":"MEQCIClKLNd33YBPrEdiV\/Trbcsc58yYR2bgVywnGqLA0Hl3AiAWibAESFtRS1f8hVefb95LPoPcBWG72C3UV\/FDPQ0\/kA==","nonce":1830842069}
02-15 10:31:48.299 19756 19821 D MulticastServer: Registration process started with nonce: 1036386282
02-15 10:31:48.302 19756 19821 D MulticastServer: Received request for ledger with nonce: 1036386282.
02-15 10:31:48.393 19756 19821 D MulticastServer: Broadcast block received {"username":"test3@mail.com","ipAddress":"192.168.1.57","certificate":"MIIBHzCBxQIGAX7i2tJEMAoGCCqGSM49BAMCMBkxFzAVBgNVBAMMDnRlc3QzQG1haWwuY29tMB4XDTIyMDIwOTA4NTgxOFoXDTI0MDIxMDA4NTgxOFowGTEXMBUGA1UEAwwOdGVzdDNAbWFpbC5jb20wWTATBgcqhkjOPQIBBggqhkjOPQMBBwNCAAQSlwdsfqwVIDPh77DN9ED5q3AfC06iCyg35M9ErPQiuiuX54dE/ZCiyf9uaWjQNHwjMonjBEfBwAgi2KGiJ8/+MAoGCCqGSM49BAMCA0kAMEYCIQCGHB+hmxaBvJ46NqSXIoWgM0lCCOe7Wz3kDvjTar9geAIhAKFG9bgCZBNhWvUVeg/mbqigKE8EGe13zDlavMYg4oPR"}
02-15 10:31:48.396 19756 19821 D MulticastServer: Signature is valid: true
02-15 10:31:49.441 19868 19868 D MulticastServer: Service started
02-15 10:31:49.448 19868 19927 D MulticastServer: Listening for data.
02-15 10:31:49.452 19868 19928 D MulticastServer: Registration process started with nonce: 1268969931
02-15 10:31:50.260 19868 19926 D MulticastClient: Sent message {"sender":"","payload":"","messageType":"REQUEST_LEDGER","signature":"","nonce":1268969931}
02-15 10:31:50.460 19868 19929 D MulticastServer: Registration process finished: 1268969931
02-15 10:31:51.272 19868 19926 D MulticastClient: Sent message {"sender":"test@bdj.com","payload":"{\"username\":\"test@bdj.com\",\"ipAddress\":\"192.168.1.43\",\"certificate\":\"MIIBGTCBwQIGAX73hbs4MAoGCCqGSM49BAMCMBcxFTATBgNVBAMMDHRlc3RAYmRqLmNvbTAeFw0yMjAyMTMwOTE3MjNaFw0yNDAyMTQwOTE3MjNaMBcxFTATBgNVBAMMDHRlc3RAYmRqLmNvbTBZMBMGByqGSM49AgEGCCqGSM49AwEHA0IABP\/41t+wYTnBX3qRYx41RH4IBCcobCmg0i04cZgwu08rd2x5EhryCH8bZFDDMeNwQ2j77jLyvHIjBz0zHjC3l\/UwCgYIKoZIzj0EAwIDRwAwRAIgH7Y\/UV1OAevxrADvnE9p8hCeQ+GzcLFSzrKlTOl2PYQCIF8A+9ak\/AbTuBXMdeABh1kAqBgRhPYIqWoZORgX8nWG\"}","messageType":"BROADCAST_BLOCK","signature":"MEUCIQCSHGw3zUIciMIAlQugg+tGYcq0eIjzObr1RcYANdkJLQIgbPuPF9k29BnxJ12sSW9jfven7mpOqbfkNk4R1B7QxUU=","nonce":1268969931}
02-15 10:31:51.810 19868 19926 D MulticastServer: Registration process started with nonce: 1924236202
02-15 10:31:51.812 19868 19926 D MulticastServer: Received request for ledger with nonce: 1924236202.
02-15 10:31:52.638 19868 19945 D MulticastClient: Sent message {"sender":"test@bdj.com","payload":"[{\"username\":\"test@bdj.com\",\"ipAddress\":\"192.168.1.43\",\"certificate\":\"MIIBGTCBwQIGAX73hbs4MAoGCCqGSM49BAMCMBcxFTATBgNVBAMMDHRlc3RAYmRqLmNvbTAeFw0yMjAyMTMwOTE3MjNaFw0yNDAyMTQwOTE3MjNaMBcxFTATBgNVBAMMDHRlc3RAYmRqLmNvbTBZMBMGByqGSM49AgEGCCqGSM49AwEHA0IABP\/41t+wYTnBX3qRYx41RH4IBCcobCmg0i04cZgwu08rd2x5EhryCH8bZFDDMeNwQ2j77jLyvHIjBz0zHjC3l\/UwCgYIKoZIzj0EAwIDRwAwRAIgH7Y\/UV1OAevxrADvnE9p8hCeQ+GzcLFSzrKlTOl2PYQCIF8A+9ak\/AbTuBXMdeABh1kAqBgRhPYIqWoZORgX8nWG\"}]","messageType":"FULL_LEDGER","signature":"MEQCICsPHJefhmaitGlPwfRCjS4fdxOw46H6m5CB14BkMXX4AiAOtJvSHK8GoBIVnHltX+aXeNyxEupK32WUnFRsmZLsBQ==","nonce":1924236202}
02-15 10:31:52.741 19868 19945 D MulticastServer: Received request for ledger with nonce: 1924236202.
02-15 10:31:52.746 19868 19926 D MulticastServer: Broadcast block received {"username":"test3@mail.com","ipAddress":"192.168.1.57","certificate":"MIIBHzCBxQIGAX7i2tJEMAoGCCqGSM49BAMCMBkxFzAVBgNVBAMMDnRlc3QzQG1haWwuY29tMB4XDTIyMDIwOTA4NTgxOFoXDTI0MDIxMDA4NTgxOFowGTEXMBUGA1UEAwwOdGVzdDNAbWFpbC5jb20wWTATBgcqhkjOPQIBBggqhkjOPQMBBwNCAAQSlwdsfqwVIDPh77DN9ED5q3AfC06iCyg35M9ErPQiuiuX54dE/ZCiyf9uaWjQNHwjMonjBEfBwAgi2KGiJ8/+MAoGCCqGSM49BAMCA0kAMEYCIQCGHB+hmxaBvJ46NqSXIoWgM0lCCOe7Wz3kDvjTar9geAIhAKFG9bgCZBNhWvUVeg/mbqigKE8EGe13zDlavMYg4oPR"}
02-15 10:31:52.749 19868 19926 D MulticastServer: Signature is valid: true
02-15 10:31:52.814 19868 19946 D MulticastServer: Registration process finished: 1924236202
02-15 10:31:53.886 19967 19967 D MulticastServer: Service started
02-15 10:31:53.893 19967 20027 D MulticastServer: Listening for data.
02-15 10:31:53.896 19967 20029 D MulticastServer: Registration process started with nonce: 2134201364
02-15 10:31:54.706 19967 20028 D MulticastClient: Sent message {"sender":"","payload":"","messageType":"REQUEST_LEDGER","signature":"","nonce":2134201364}
02-15 10:31:54.906 19967 20030 D MulticastServer: Registration process finished: 2134201364
02-15 10:31:55.717 19967 20028 D MulticastClient: Sent message {"sender":"test@bdj.com","payload":"{\"username\":\"test@bdj.com\",\"ipAddress\":\"192.168.1.43\",\"certificate\":\"MIIBGTCBwQIGAX73hbs4MAoGCCqGSM49BAMCMBcxFTATBgNVBAMMDHRlc3RAYmRqLmNvbTAeFw0yMjAyMTMwOTE3MjNaFw0yNDAyMTQwOTE3MjNaMBcxFTATBgNVBAMMDHRlc3RAYmRqLmNvbTBZMBMGByqGSM49AgEGCCqGSM49AwEHA0IABP\/41t+wYTnBX3qRYx41RH4IBCcobCmg0i04cZgwu08rd2x5EhryCH8bZFDDMeNwQ2j77jLyvHIjBz0zHjC3l\/UwCgYIKoZIzj0EAwIDRwAwRAIgH7Y\/UV1OAevxrADvnE9p8hCeQ+GzcLFSzrKlTOl2PYQCIF8A+9ak\/AbTuBXMdeABh1kAqBgRhPYIqWoZORgX8nWG\"}","messageType":"BROADCAST_BLOCK","signature":"MEYCIQCNRZHWpdfEgwDdSgv8VAbryVNYj0rqtIWcZ6xI\/h0kcQIhANi1qxOBbrXvzL7z7QfTkBnR0U25Qkww2uLgk+Y0EUK+","nonce":2134201364}
02-15 10:31:57.108 19967 20033 D MulticastServer: Registration process started with nonce: 1310088399
02-15 10:31:57.110 19967 20033 D MulticastServer: Received request for ledger with nonce: 1310088399.
02-15 10:31:57.220 19967 20033 D MulticastServer: Broadcast block received {"username":"test3@mail.com","ipAddress":"192.168.1.57","certificate":"MIIBHzCBxQIGAX7i2tJEMAoGCCqGSM49BAMCMBkxFzAVBgNVBAMMDnRlc3QzQG1haWwuY29tMB4XDTIyMDIwOTA4NTgxOFoXDTI0MDIxMDA4NTgxOFowGTEXMBUGA1UEAwwOdGVzdDNAbWFpbC5jb20wWTATBgcqhkjOPQIBBggqhkjOPQMBBwNCAAQSlwdsfqwVIDPh77DN9ED5q3AfC06iCyg35M9ErPQiuiuX54dE/ZCiyf9uaWjQNHwjMonjBEfBwAgi2KGiJ8/+MAoGCCqGSM49BAMCA0kAMEYCIQCGHB+hmxaBvJ46NqSXIoWgM0lCCOe7Wz3kDvjTar9geAIhAKFG9bgCZBNhWvUVeg/mbqigKE8EGe13zDlavMYg4oPR"}
02-15 10:31:57.224 19967 20033 D MulticastServer: Signature is valid: true
02-15 10:31:58.301 20084 20084 D MulticastServer: Service started
02-15 10:31:58.308 20084 20143 D MulticastServer: Listening for data.
02-15 10:31:58.311 20084 20145 D MulticastServer: Registration process started with nonce: 1489044286
02-15 10:31:59.123 20084 20148 D MulticastClient: Sent message {"sender":"","payload":"","messageType":"REQUEST_LEDGER","signature":"","nonce":1489044286}
02-15 10:31:59.324 20084 20146 D MulticastServer: Registration process finished: 1489044286
02-15 10:32:00.134 20084 20148 D MulticastClient: Sent message {"sender":"test@bdj.com","payload":"{\"username\":\"test@bdj.com\",\"ipAddress\":\"192.168.1.43\",\"certificate\":\"MIIBGTCBwQIGAX73hbs4MAoGCCqGSM49BAMCMBcxFTATBgNVBAMMDHRlc3RAYmRqLmNvbTAeFw0yMjAyMTMwOTE3MjNaFw0yNDAyMTQwOTE3MjNaMBcxFTATBgNVBAMMDHRlc3RAYmRqLmNvbTBZMBMGByqGSM49AgEGCCqGSM49AwEHA0IABP\/41t+wYTnBX3qRYx41RH4IBCcobCmg0i04cZgwu08rd2x5EhryCH8bZFDDMeNwQ2j77jLyvHIjBz0zHjC3l\/UwCgYIKoZIzj0EAwIDRwAwRAIgH7Y\/UV1OAevxrADvnE9p8hCeQ+GzcLFSzrKlTOl2PYQCIF8A+9ak\/AbTuBXMdeABh1kAqBgRhPYIqWoZORgX8nWG\"}","messageType":"BROADCAST_BLOCK","signature":"MEUCIALPJiBBc+8z3UMGlW9AwwLGWh2KprrAR7LM3RrsCEgAAiEApNejOhVJTXXbs3ClTOv6TIIYT605cW2unNzgohfaay8=","nonce":1489044286}
02-15 10:32:00.734 20084 20149 D MulticastServer: Registration process started with nonce: 13549260
02-15 10:32:00.737 20084 20149 D MulticastServer: Received request for ledger with nonce: 13549260.
02-15 10:32:01.349 20084 20149 D MulticastServer: Received request for ledger with nonce: 13549260.
02-15 10:32:01.557 20084 20148 D MulticastClient: Sent message {"sender":"test@bdj.com","payload":"[{\"username\":\"test@bdj.com\",\"ipAddress\":\"192.168.1.43\",\"certificate\":\"MIIBGTCBwQIGAX73hbs4MAoGCCqGSM49BAMCMBcxFTATBgNVBAMMDHRlc3RAYmRqLmNvbTAeFw0yMjAyMTMwOTE3MjNaFw0yNDAyMTQwOTE3MjNaMBcxFTATBgNVBAMMDHRlc3RAYmRqLmNvbTBZMBMGByqGSM49AgEGCCqGSM49AwEHA0IABP\/41t+wYTnBX3qRYx41RH4IBCcobCmg0i04cZgwu08rd2x5EhryCH8bZFDDMeNwQ2j77jLyvHIjBz0zHjC3l\/UwCgYIKoZIzj0EAwIDRwAwRAIgH7Y\/UV1OAevxrADvnE9p8hCeQ+GzcLFSzrKlTOl2PYQCIF8A+9ak\/AbTuBXMdeABh1kAqBgRhPYIqWoZORgX8nWG\"}]","messageType":"FULL_LEDGER","signature":"MEUCIQDPx2f\/zX\/USphFwXnJ1dav52uJU0\/UN7cOeav7GA1OmwIgBv4HnRmtVUKxTj0YtOTAV+RklsFJLop8Hj293Gqur9E=","nonce":13549260}
02-15 10:32:01.575 20084 20148 D MulticastServer: Broadcast block received {"username":"test3@mail.com","ipAddress":"192.168.1.57","certificate":"MIIBHzCBxQIGAX7i2tJEMAoGCCqGSM49BAMCMBkxFzAVBgNVBAMMDnRlc3QzQG1haWwuY29tMB4XDTIyMDIwOTA4NTgxOFoXDTI0MDIxMDA4NTgxOFowGTEXMBUGA1UEAwwOdGVzdDNAbWFpbC5jb20wWTATBgcqhkjOPQIBBggqhkjOPQMBBwNCAAQSlwdsfqwVIDPh77DN9ED5q3AfC06iCyg35M9ErPQiuiuX54dE/ZCiyf9uaWjQNHwjMonjBEfBwAgi2KGiJ8/+MAoGCCqGSM49BAMCA0kAMEYCIQCGHB+hmxaBvJ46NqSXIoWgM0lCCOe7Wz3kDvjTar9geAIhAKFG9bgCZBNhWvUVeg/mbqigKE8EGe13zDlavMYg4oPR"}
02-15 10:32:01.577 20084 20148 D MulticastServer: Signature is valid: true
02-15 10:32:01.740 20084 20166 D MulticastServer: Registration process finished: 13549260
02-15 10:32:02.787 20190 20190 D MulticastServer: Service started
02-15 10:32:02.794 20190 20246 D MulticastServer: Listening for data.
02-15 10:32:02.797 20190 20248 D MulticastServer: Registration process started with nonce: 67536516
02-15 10:32:03.602 20190 20251 D MulticastClient: Sent message {"sender":"","payload":"","messageType":"REQUEST_LEDGER","signature":"","nonce":67536516}
02-15 10:32:03.811 20190 20249 D MulticastServer: Registration process finished: 67536516
02-15 10:32:04.614 20190 20253 D MulticastClient: Sent message {"sender":"test@bdj.com","payload":"{\"username\":\"test@bdj.com\",\"ipAddress\":\"192.168.1.43\",\"certificate\":\"MIIBGTCBwQIGAX73hbs4MAoGCCqGSM49BAMCMBcxFTATBgNVBAMMDHRlc3RAYmRqLmNvbTAeFw0yMjAyMTMwOTE3MjNaFw0yNDAyMTQwOTE3MjNaMBcxFTATBgNVBAMMDHRlc3RAYmRqLmNvbTBZMBMGByqGSM49AgEGCCqGSM49AwEHA0IABP\/41t+wYTnBX3qRYx41RH4IBCcobCmg0i04cZgwu08rd2x5EhryCH8bZFDDMeNwQ2j77jLyvHIjBz0zHjC3l\/UwCgYIKoZIzj0EAwIDRwAwRAIgH7Y\/UV1OAevxrADvnE9p8hCeQ+GzcLFSzrKlTOl2PYQCIF8A+9ak\/AbTuBXMdeABh1kAqBgRhPYIqWoZORgX8nWG\"}","messageType":"BROADCAST_BLOCK","signature":"MEQCIE8wTdicDsfNUEjt\/De8+xDsDX71Xc9j0A3tgsr7X8\/AAiAUShqMNakG+SIXZG1zYJP73br\/fnGkqU6cdyzHhKFvxQ==","nonce":67536516}
02-15 10:32:05.097 20190 20270 D MulticastServer: Registration process started with nonce: 355922559
02-15 10:32:05.099 20190 20270 D MulticastServer: Received request for ledger with nonce: 355922559.
02-15 10:32:05.930 20190 20253 D MulticastClient: Sent message {"sender":"test@bdj.com","payload":"[{\"username\":\"test@bdj.com\",\"ipAddress\":\"192.168.1.43\",\"certificate\":\"MIIBGTCBwQIGAX73hbs4MAoGCCqGSM49BAMCMBcxFTATBgNVBAMMDHRlc3RAYmRqLmNvbTAeFw0yMjAyMTMwOTE3MjNaFw0yNDAyMTQwOTE3MjNaMBcxFTATBgNVBAMMDHRlc3RAYmRqLmNvbTBZMBMGByqGSM49AgEGCCqGSM49AwEHA0IABP\/41t+wYTnBX3qRYx41RH4IBCcobCmg0i04cZgwu08rd2x5EhryCH8bZFDDMeNwQ2j77jLyvHIjBz0zHjC3l\/UwCgYIKoZIzj0EAwIDRwAwRAIgH7Y\/UV1OAevxrADvnE9p8hCeQ+GzcLFSzrKlTOl2PYQCIF8A+9ak\/AbTuBXMdeABh1kAqBgRhPYIqWoZORgX8nWG\"}]","messageType":"FULL_LEDGER","signature":"MEYCIQCWTenY3UuZJxZHXKu8m0MlvwAqCvKmzUnhsFLZAfrsOgIhAOvmLZBxluoJxvButO9MkjaLeB2V2DeSV+dIxMopSznC","nonce":355922559}
02-15 10:32:05.960 20190 20270 D MulticastServer: Received request for ledger with nonce: 355922559.
02-15 10:32:06.102 20190 20284 D MulticastServer: Registration process finished: 355922559
02-15 10:32:06.144 20190 20251 D MulticastServer: Broadcast block received {"username":"test3@mail.com","ipAddress":"192.168.1.57","certificate":"MIIBHzCBxQIGAX7i2tJEMAoGCCqGSM49BAMCMBkxFzAVBgNVBAMMDnRlc3QzQG1haWwuY29tMB4XDTIyMDIwOTA4NTgxOFoXDTI0MDIxMDA4NTgxOFowGTEXMBUGA1UEAwwOdGVzdDNAbWFpbC5jb20wWTATBgcqhkjOPQIBBggqhkjOPQMBBwNCAAQSlwdsfqwVIDPh77DN9ED5q3AfC06iCyg35M9ErPQiuiuX54dE/ZCiyf9uaWjQNHwjMonjBEfBwAgi2KGiJ8/+MAoGCCqGSM49BAMCA0kAMEYCIQCGHB+hmxaBvJ46NqSXIoWgM0lCCOe7Wz3kDvjTar9geAIhAKFG9bgCZBNhWvUVeg/mbqigKE8EGe13zDlavMYg4oPR"}
02-15 10:32:06.147 20190 20251 D MulticastServer: Signature is valid: true
02-15 10:33:32.139 20713 20713 D MulticastServer: Service started
02-15 10:33:32.146 20713 20767 D MulticastServer: Listening for data.
02-15 10:33:32.149 20713 20769 D MulticastServer: Registration process started with nonce: 400179694
02-15 10:33:32.959 20713 20772 D MulticastClient: Sent message {"sender":"","payload":"","messageType":"REQUEST_LEDGER","signature":"","nonce":400179694}
02-15 10:33:33.161 20713 20770 D MulticastServer: Registration process finished: 400179694
02-15 10:33:33.981 20713 20773 D MulticastClient: Sent message {"sender":"test@bdj.com","payload":"{\"username\":\"test@bdj.com\",\"ipAddress\":\"192.168.1.43\",\"certificate\":\"MIIBGTCBwQIGAX73hbs4MAoGCCqGSM49BAMCMBcxFTATBgNVBAMMDHRlc3RAYmRqLmNvbTAeFw0yMjAyMTMwOTE3MjNaFw0yNDAyMTQwOTE3MjNaMBcxFTATBgNVBAMMDHRlc3RAYmRqLmNvbTBZMBMGByqGSM49AgEGCCqGSM49AwEHA0IABP\/41t+wYTnBX3qRYx41RH4IBCcobCmg0i04cZgwu08rd2x5EhryCH8bZFDDMeNwQ2j77jLyvHIjBz0zHjC3l\/UwCgYIKoZIzj0EAwIDRwAwRAIgH7Y\/UV1OAevxrADvnE9p8hCeQ+GzcLFSzrKlTOl2PYQCIF8A+9ak\/AbTuBXMdeABh1kAqBgRhPYIqWoZORgX8nWG\"}","messageType":"BROADCAST_BLOCK","signature":"MEQCIATZOmrlBj8CXNtSk6oGQnKlLTDGychLxb\/To\/pK9afLAiAHgFtrs7TStScxK\/TlxyhBPBGdCW+vW+YALHhvNCSH6Q==","nonce":400179694}
02-15 10:33:35.355 20713 20773 D MulticastServer: Registration process started with nonce: 2045732785
02-15 10:33:35.357 20713 20773 D MulticastServer: Received request for ledger with nonce: 2045732785.
02-15 10:33:35.400 20713 20773 D MulticastServer: Broadcast block received {"username":"test3@mail.com","ipAddress":"192.168.1.57","certificate":"MIIBHzCBxQIGAX7i2tJEMAoGCCqGSM49BAMCMBkxFzAVBgNVBAMMDnRlc3QzQG1haWwuY29tMB4XDTIyMDIwOTA4NTgxOFoXDTI0MDIxMDA4NTgxOFowGTEXMBUGA1UEAwwOdGVzdDNAbWFpbC5jb20wWTATBgcqhkjOPQIBBggqhkjOPQMBBwNCAAQSlwdsfqwVIDPh77DN9ED5q3AfC06iCyg35M9ErPQiuiuX54dE/ZCiyf9uaWjQNHwjMonjBEfBwAgi2KGiJ8/+MAoGCCqGSM49BAMCA0kAMEYCIQCGHB+hmxaBvJ46NqSXIoWgM0lCCOe7Wz3kDvjTar9geAIhAKFG9bgCZBNhWvUVeg/mbqigKE8EGe13zDlavMYg4oPR"}
02-15 10:33:35.405 20713 20773 D MulticastServer: Signature is valid: true
02-15 10:33:36.624 20826 20826 D MulticastServer: Service started
02-15 10:33:36.631 20826 20883 D MulticastServer: Listening for data.
02-15 10:33:36.634 20826 20885 D MulticastServer: Registration process started with nonce: 2014239235
02-15 10:33:37.442 20826 20884 D MulticastClient: Sent message {"sender":"","payload":"","messageType":"REQUEST_LEDGER","signature":"","nonce":2014239235}
02-15 10:33:37.646 20826 20886 D MulticastServer: Registration process finished: 2014239235
