03-30 15:55:49.082  5438  5498 D RegistrationHandler: Has received 199 of 200 from 1@test.com
03-30 15:55:49.088  5438  5498 D RegistrationHandler: Has received 199 of 200 from 1@test.com
03-30 15:55:49.092  5438  5498 D RegistrationHandler: Has received 199 of 200 from 1@test.com
03-30 15:55:49.102  5438  5498 D RegistrationHandler: Has received 199 of 200 from 1@test.com
03-30 15:55:49.104  5438  5498 D RegistrationHandler: Has received 199 of 200 from 1@test.com
03-30 15:55:49.113  5438  5498 D RegistrationHandler: Has received 199 of 200 from 1@test.com
03-30 15:55:49.116  5438  5498 D RegistrationHandler: Has received 199 of 200 from 1@test.com
03-30 15:55:49.129  5438  5498 D RegistrationHandler: Has received 199 of 200 from 1@test.com
03-30 15:55:49.134  5438  5498 D RegistrationHandler: Has received 199 of 200 from 1@test.com
03-30 15:55:49.142  5438  5498 D RegistrationHandler: Has received 199 of 200 from 1@test.com
03-30 15:55:49.177  5438  5498 D RegistrationHandler: Has received 199 of 200 from 1@test.com
03-30 15:55:49.179  5438  5526 D RegistrationHandler: Has received 199 of 200 from 1@test.com
03-30 15:55:49.185  5438  5526 D RegistrationHandler: Has received 199 of 200 from 1@test.com
03-30 15:55:49.192  5438  5526 D RegistrationHandler: Has received 199 of 200 from 1@test.com
03-30 15:55:49.199  5438  5526 D RegistrationHandler: Has received 199 of 200 from 1@test.com
03-30 15:55:49.200  5438  5498 D RegistrationHandler: Has received 199 of 200 from 1@test.com
03-30 15:55:49.210  5438  5498 D RegistrationHandler: Has received 199 of 200 from 1@test.com
03-30 15:55:49.213  5438  5498 D RegistrationHandler: Has received 199 of 200 from 1@test.com
03-30 15:55:49.221  5438  5498 D RegistrationHandler: Has received 199 of 200 from 1@test.com
03-30 15:55:49.230  5438  5498 D RegistrationHandler: Has received 199 of 200 from 1@test.com
03-30 15:55:49.232  5438  5498 D RegistrationHandler: Has received 199 of 200 from 1@test.com
03-30 15:55:49.242  5438  5498 D RegistrationHandler: Has received 199 of 200 from 1@test.com
03-30 15:55:49.244  5438  5498 D RegistrationHandler: Has received 199 of 200 from 1@test.com
03-30 15:55:49.253  5438  5498 D RegistrationHandler: Has received 199 of 200 from 1@test.com
03-30 15:55:49.257  5438  5498 D RegistrationHandler: Has received 199 of 200 from 1@test.com
03-30 15:55:49.264  5438  5498 D RegistrationHandler: Has received 199 of 200 from 1@test.com
03-30 15:55:49.268  5438  5498 D RegistrationHandler: Has received 199 of 200 from 1@test.com
03-30 15:55:49.279  5438  5498 D RegistrationHandler: Has received 199 of 200 from 1@test.com
03-30 15:55:49.285  5438  5498 D RegistrationHandler: Has received 199 of 200 from 1@test.com
03-30 15:55:49.286  5438  5526 D RegistrationHandler: Has received 199 of 200 from 1@test.com
03-30 15:55:49.297  5438  5526 D RegistrationHandler: Has received 199 of 200 from 1@test.com
03-30 15:55:49.302  5438  5526 D RegistrationHandler: Has received 199 of 200 from 1@test.com
03-30 15:55:49.308  5438  5526 D RegistrationHandler: Has received 199 of 200 from 1@test.com
03-30 15:55:49.312  5438  5526 D RegistrationHandler: Has received 199 of 200 from 1@test.com
03-30 15:55:49.322  5438  5526 D RegistrationHandler: Has received 199 of 200 from 1@test.com
03-30 15:55:49.331  5438  5526 D RegistrationHandler: Has received 199 of 200 from 1@test.com
03-30 15:55:49.337  5438  5526 D RegistrationHandler: Has received 199 of 200 from 1@test.com
03-30 15:55:49.349  5438  5526 D RegistrationHandler: Has received 199 of 200 from 1@test.com
03-30 15:55:49.350  5438  5498 D RegistrationHandler: Has received 199 of 200 from 1@test.com
03-30 15:55:49.355  5438  5498 D RegistrationHandler: Has received 199 of 200 from 1@test.com
03-30 15:55:49.359  5438  5498 D RegistrationHandler: Has received 199 of 200 from 1@test.com
03-30 15:55:49.368  5438  5526 D RegistrationHandler: Has received 199 of 200 from 1@test.com
03-30 15:55:49.375  5438  5526 D RegistrationHandler: Has received 199 of 200 from 1@test.com
03-30 15:55:49.380  5438  5526 D RegistrationHandler: Has received 199 of 200 from 1@test.com
03-30 15:55:49.384  5438  5526 D RegistrationHandler: Has received 199 of 200 from 1@test.com
03-30 15:55:49.391  5438  5526 D RegistrationHandler: Has received 199 of 200 from 1@test.com
03-30 15:55:49.396  5438  5526 D RegistrationHandler: Has received 199 of 200 from 1@test.com
03-30 15:55:49.407  5438  5526 D RegistrationHandler: Has received 199 of 200 from 1@test.com
03-30 15:55:49.408  5438  5498 D RegistrationHandler: Has received 199 of 200 from 1@test.com
03-30 15:55:49.418  5438  5499 D RegistrationHandler: Has received 199 of 200 from 1@test.com
03-30 15:55:49.422  5438  5499 D RegistrationHandler: Has received 199 of 200 from 1@test.com
03-30 15:55:49.427  5438  5499 D RegistrationHandler: Has received 199 of 200 from 1@test.com
03-30 15:55:49.438  5438  5499 D RegistrationHandler: Has received 199 of 200 from 1@test.com
03-30 15:55:49.441  5438  5499 D RegistrationHandler: Has received 199 of 200 from 1@test.com
03-30 15:55:49.449  5438  5499 D RegistrationHandler: Has received 199 of 200 from 1@test.com
03-30 15:55:49.454  5438  5499 D RegistrationHandler: Has received 199 of 200 from 1@test.com
03-30 15:55:49.459  5438  5499 D RegistrationHandler: Has received 199 of 200 from 1@test.com
03-30 15:55:49.466  5438  5499 D RegistrationHandler: Has received 199 of 200 from 1@test.com
03-30 15:55:49.501  5438  5499 D RegistrationHandler: Has received 199 of 200 from 1@test.com
03-30 15:55:49.503  5438  5498 D RegistrationHandler: Has received 199 of 200 from 1@test.com
03-30 15:55:49.510  5438  5526 D RegistrationHandler: Has received 199 of 200 from 1@test.com
03-30 15:55:49.512  5438  5526 D RegistrationHandler: Has received 199 of 200 from 1@test.com
03-30 15:55:49.524  5438  5526 D RegistrationHandler: Has received 199 of 200 from 1@test.com
03-30 15:55:49.845  5438  5526 D RegistrationHandler: Has received 199 of 200 from 1@test.com
03-30 15:55:49.846  5438  5498 D RegistrationHandler: Has received 199 of 200 from 1@test.com
03-30 15:55:49.852  5438  5499 D RegistrationHandler: Has received 199 of 200 from 1@test.com
03-30 15:55:49.856  5438  5499 D RegistrationHandler: Has received 199 of 200 from 1@test.com
03-30 15:55:49.866  5438  5499 D RegistrationHandler: Has received 199 of 200 from 1@test.com
03-30 15:55:49.868  5438  5498 D RegistrationHandler: Has received 199 of 200 from 1@test.com
03-30 15:55:49.877  5438  5498 D RegistrationHandler: Has received 199 of 200 from 1@test.com
03-30 15:55:49.881  5438  5498 D RegistrationHandler: Has received 199 of 200 from 1@test.com
03-30 15:55:49.886  5438  5498 D RegistrationHandler: Has received 199 of 200 from 1@test.com
03-30 15:55:49.897  5438  5498 D RegistrationHandler: Has received 199 of 200 from 1@test.com
03-30 15:55:49.900  5438  5498 D RegistrationHandler: Has received 199 of 200 from 1@test.com
03-30 15:55:49.910  5438  5498 D RegistrationHandler: Has received 199 of 200 from 1@test.com
03-30 15:55:49.911  5438  5498 D RegistrationHandler: Has received 199 of 200 from 1@test.com
03-30 15:55:49.952  5438  5498 D RegistrationHandler: Has received 199 of 200 from 1@test.com
03-30 15:55:49.967  5438  5498 D RegistrationHandler: Has received 199 of 200 from 1@test.com
03-30 15:55:49.991  5438  5498 D RegistrationHandler: Has received 199 of 200 from 1@test.com
03-30 15:55:50.001  5438  5498 D RegistrationHandler: Has received 199 of 200 from 1@test.com
03-30 15:55:50.003  5438  5499 D RegistrationHandler: Has received 199 of 200 from 1@test.com
03-30 15:55:50.014  5438  5499 D RegistrationHandler: Has received 199 of 200 from 1@test.com
03-30 15:55:50.017  5438  5526 D RegistrationHandler: Has received 199 of 200 from 1@test.com
03-30 15:55:50.023  5438  5498 D RegistrationHandler: Has received 199 of 200 from 1@test.com
03-30 15:55:50.028  5438  5498 D RegistrationHandler: Has received 199 of 200 from 1@test.com
03-30 15:55:50.038  5438  5498 D RegistrationHandler: Has received 199 of 200 from 1@test.com
03-30 15:55:50.056  5438  5498 D RegistrationHandler: Has received 199 of 200 from 1@test.com
03-30 15:55:50.063  5438  5498 D RegistrationHandler: Has received 199 of 200 from 1@test.com
03-30 15:55:50.077  5438  5498 D RegistrationHandler: Has received 199 of 200 from 1@test.com
03-30 15:55:50.083  5438  5526 D RegistrationHandler: Has received 199 of 200 from 1@test.com
03-30 15:55:50.089  5438  5526 D RegistrationHandler: Has received 199 of 200 from 1@test.com
03-30 15:55:50.093  5438  5526 D RegistrationHandler: Has received 199 of 200 from 1@test.com
03-30 15:55:50.096  5438  5526 D RegistrationHandler: Has received 199 of 200 from 1@test.com
03-30 15:55:50.105  5438  5526 D RegistrationHandler: Has received 199 of 200 from 1@test.com
03-30 15:55:50.109  5438  5526 D RegistrationHandler: Has received 199 of 200 from 1@test.com
03-30 15:55:50.115  5438  5526 D RegistrationHandler: Has received 199 of 200 from 1@test.com
03-30 15:55:50.121  5438  5526 D RegistrationHandler: Has received 199 of 200 from 1@test.com
03-30 15:55:50.131  5438  5526 D RegistrationHandler: Has received 199 of 200 from 1@test.com
03-30 15:55:54.261  5438  5492 D RegistrationHandler: 1695660389 Registration started
03-30 15:55:54.265  5438  5492 D MulticastServer: Registration process finished: 1695660389
03-30 15:55:54.270  5438  5526 D MulticastClient: Sent messages with 3 resends: [{"sender":"5@test.com","payload":"{\"ip\":\"192.168.1.97\",\"cert\":\"MIIBHDCBwqADAgECAgYBf5Ll+aQwCgYIKoZIzj0EAwIwFTETMBEGA1UEAwwKNUB0ZXN0LmNvbTAeFw0yMjAzMTUxMzIzMzlaFw0yNDAzMTYxMzIzMzlaMBUxEzARBgNVBAMMCjVAdGVzdC5jb20wWTATBgcqhkjOPQIBBggqhkjOPQMBBwNCAAS9OhThI4D6g\/iEXxfGklrIeXd9Z0M+diiJ9ljAgsIg42aeRti+qPdLXU1\/D9cRSqQkfwr3bPWV3oF684Iqni4MMAoGCCqGSM49BAMCA0kAMEYCIQDvSgAgKBB22Z\/ooyqUg64EcQUigPLpb+EEue5bwGydWgIhAKus7fYnj5hLAUwnPrCw9vZZ\/j2+Hst7+b4ASLL75Nl9\"}","mt":"BROADCAST_BLOCK","sig":"MEUCIQC6hvPZpZ\/W6EIp02A1RADmAefCVF2wVLdwaCRuigKhCQIgH9HNpghHa9anhLzec5UPK9xwe\/1laU0cPjPKlYnQ7ro=","nonce":1695660389,"seq":0,"tot":0}]
round 2 of 5
03-30 15:56:04.193  5557  5606 D MulticastServer: MULTICAST_SERVER_LISTENING
03-30 15:56:04.196  5557  5608 D MulticastServer: Registration process started with nonce 1003242038
03-30 15:56:04.200  5557  5612 D MulticastClient: REQUEST_LEDGER 1003242038
03-30 15:56:04.205  5557  5612 D MulticastClient: Sent messages with 3 resends: [{"sender":"","payload":"","mt":"REQUEST_LEDGER","sig":"","nonce":1003242038,"seq":0,"tot":0}]
03-30 15:56:04.486  5557  5615 D RegistrationHandler: Has received 1 of 200 fragments from 1@test.com
03-30 15:56:04.489  5557  5615 D RegistrationHandler: Has received 2 of 200 from 1@test.com
03-30 15:56:04.495  5557  5615 D RegistrationHandler: Has received 3 of 200 from 1@test.com
03-30 15:56:04.500  5557  5615 D RegistrationHandler: Has received 4 of 200 from 1@test.com
03-30 15:56:04.506  5557  5615 D RegistrationHandler: Has received 5 of 200 from 1@test.com
03-30 15:56:04.514  5557  5615 D RegistrationHandler: Has received 6 of 200 from 1@test.com
03-30 15:56:04.520  5557  5615 D RegistrationHandler: Has received 7 of 200 from 1@test.com
03-30 15:56:04.526  5557  5615 D RegistrationHandler: Has received 8 of 200 from 1@test.com
03-30 15:56:04.533  5557  5615 D RegistrationHandler: Has received 9 of 200 from 1@test.com
03-30 15:56:04.538  5557  5615 D RegistrationHandler: Has received 10 of 200 from 1@test.com
03-30 15:56:04.546  5557  5615 D RegistrationHandler: Has received 11 of 200 from 1@test.com
03-30 15:56:04.590  5557  5615 D RegistrationHandler: Has received 12 of 200 from 1@test.com
03-30 15:56:04.593  5557  5615 D RegistrationHandler: Has received 13 of 200 from 1@test.com
03-30 15:56:04.601  5557  5615 D RegistrationHandler: Has received 14 of 200 from 1@test.com
03-30 15:56:04.604  5557  5615 D RegistrationHandler: Has received 15 of 200 from 1@test.com
03-30 15:56:04.613  5557  5615 D RegistrationHandler: Has received 16 of 200 from 1@test.com
03-30 15:56:04.621  5557  5615 D RegistrationHandler: Has received 17 of 200 from 1@test.com
03-30 15:56:04.624  5557  5615 D RegistrationHandler: Has received 18 of 200 from 1@test.com
03-30 15:56:04.634  5557  5615 D RegistrationHandler: Has received 19 of 200 from 1@test.com
03-30 15:56:04.638  5557  5615 D RegistrationHandler: Has received 20 of 200 from 1@test.com
03-30 15:56:04.645  5557  5615 D RegistrationHandler: Has received 21 of 200 from 1@test.com
03-30 15:56:04.652  5557  5615 D RegistrationHandler: Has received 22 of 200 from 1@test.com
03-30 15:56:04.657  5557  5615 D RegistrationHandler: Has received 23 of 200 from 1@test.com
03-30 15:56:04.667  5557  5615 D RegistrationHandler: Has received 24 of 200 from 1@test.com
03-30 15:56:04.669  5557  5615 D RegistrationHandler: Has received 25 of 200 from 1@test.com
03-30 15:56:04.672  5557  5615 D RegistrationHandler: Has received 26 of 200 from 1@test.com
03-30 15:56:04.680  5557  5615 D RegistrationHandler: Has received 27 of 200 from 1@test.com
03-30 15:56:04.691  5557  5615 D RegistrationHandler: Has received 28 of 200 from 1@test.com
03-30 15:56:04.695  5557  5615 D RegistrationHandler: Has received 29 of 200 from 1@test.com
03-30 15:56:04.703  5557  5615 D RegistrationHandler: Has received 30 of 200 from 1@test.com
03-30 15:56:04.707  5557  5615 D RegistrationHandler: Has received 31 of 200 from 1@test.com
03-30 15:56:04.716  5557  5615 D RegistrationHandler: Has received 32 of 200 from 1@test.com
03-30 15:56:04.723  5557  5615 D RegistrationHandler: Has received 33 of 200 from 1@test.com
03-30 15:56:04.729  5557  5615 D RegistrationHandler: Has received 34 of 200 from 1@test.com
03-30 15:56:04.732  5557  5615 D RegistrationHandler: Has received 35 of 200 from 1@test.com
03-30 15:56:04.741  5557  5615 D RegistrationHandler: Has received 36 of 200 from 1@test.com
03-30 15:56:04.749  5557  5615 D RegistrationHandler: Has received 37 of 200 from 1@test.com
03-30 15:56:04.752  5557  5615 D RegistrationHandler: Has received 38 of 200 from 1@test.com
03-30 15:56:04.760  5557  5615 D RegistrationHandler: Has received 39 of 200 from 1@test.com
03-30 15:56:04.766  5557  5615 D RegistrationHandler: Has received 40 of 200 from 1@test.com
03-30 15:56:04.771  5557  5615 D RegistrationHandler: Has received 41 of 200 from 1@test.com
03-30 15:56:04.777  5557  5615 D RegistrationHandler: Has received 42 of 200 from 1@test.com
03-30 15:56:04.785  5557  5615 D RegistrationHandler: Has received 43 of 200 from 1@test.com
03-30 15:56:04.793  5557  5615 D RegistrationHandler: Has received 44 of 200 from 1@test.com
03-30 15:56:04.796  5557  5615 D RegistrationHandler: Has received 45 of 200 from 1@test.com
03-30 15:56:04.805  5557  5615 D RegistrationHandler: Has received 46 of 200 from 1@test.com
03-30 15:56:04.808  5557  5615 D RegistrationHandler: Has received 47 of 200 from 1@test.com
03-30 15:56:04.828  5557  5615 D RegistrationHandler: Has received 48 of 200 from 1@test.com
03-30 15:56:04.856  5557  5615 D RegistrationHandler: Has received 49 of 200 from 1@test.com
03-30 15:56:04.858  5557  5627 D RegistrationHandler: Has received 50 of 200 from 1@test.com
03-30 15:56:04.866  5557  5627 D RegistrationHandler: Has received 51 of 200 from 1@test.com
03-30 15:56:04.877  5557  5627 D RegistrationHandler: Has received 52 of 200 from 1@test.com
03-30 15:56:04.878  5557  5615 D RegistrationHandler: Has received 53 of 200 from 1@test.com
03-30 15:56:04.885  5557  5615 D RegistrationHandler: Has received 54 of 200 from 1@test.com
03-30 15:56:04.891  5557  5615 D RegistrationHandler: Has received 55 of 200 from 1@test.com
03-30 15:56:04.900  5557  5615 D RegistrationHandler: Has received 56 of 200 from 1@test.com
03-30 15:56:04.906  5557  5615 D RegistrationHandler: Has received 57 of 200 from 1@test.com
03-30 15:56:04.908  5557  5627 D RegistrationHandler: Has received 58 of 200 from 1@test.com
03-30 15:56:04.919  5557  5614 D RegistrationHandler: Has received 59 of 200 from 1@test.com
03-30 15:56:04.923  5557  5614 D RegistrationHandler: Has received 60 of 200 from 1@test.com
03-30 15:56:04.926  5557  5627 D RegistrationHandler: Has received 61 of 200 from 1@test.com
03-30 15:56:04.935  5557  5627 D RegistrationHandler: Has received 62 of 200 from 1@test.com
03-30 15:56:04.943  5557  5627 D RegistrationHandler: Has received 63 of 200 from 1@test.com
03-30 15:56:04.947  5557  5627 D RegistrationHandler: Has received 64 of 200 from 1@test.com
03-30 15:56:04.955  5557  5627 D RegistrationHandler: Has received 65 of 200 from 1@test.com
03-30 15:56:04.961  5557  5627 D RegistrationHandler: Has received 66 of 200 from 1@test.com
03-30 15:56:04.971  5557  5627 D RegistrationHandler: Has received 67 of 200 from 1@test.com
03-30 15:56:04.973  5557  5615 D RegistrationHandler: Has received 68 of 200 from 1@test.com
03-30 15:56:04.985  5557  5614 D RegistrationHandler: Has received 69 of 200 from 1@test.com
03-30 15:56:04.986  5557  5627 D RegistrationHandler: Has received 70 of 200 from 1@test.com
03-30 15:56:04.991  5557  5627 D RegistrationHandler: Has received 71 of 200 from 1@test.com
03-30 15:56:05.001  5557  5627 D RegistrationHandler: Has received 72 of 200 from 1@test.com
03-30 15:56:05.006  5557  5627 D RegistrationHandler: Has received 73 of 200 from 1@test.com
03-30 15:56:05.011  5557  5627 D RegistrationHandler: Has received 74 of 200 from 1@test.com
03-30 15:56:05.015  5557  5627 D RegistrationHandler: Has received 75 of 200 from 1@test.com
03-30 15:56:05.024  5557  5627 D RegistrationHandler: Has received 76 of 200 from 1@test.com
03-30 15:56:05.033  5557  5627 D RegistrationHandler: Has received 77 of 200 from 1@test.com
03-30 15:56:05.039  5557  5627 D RegistrationHandler: Has received 78 of 200 from 1@test.com
03-30 15:56:05.046  5557  5627 D RegistrationHandler: Has received 79 of 200 from 1@test.com
03-30 15:56:05.047  5557  5627 D RegistrationHandler: Has received 80 of 200 from 1@test.com
03-30 15:56:05.059  5557  5627 D RegistrationHandler: Has received 81 of 200 from 1@test.com
03-30 15:56:05.062  5557  5627 D RegistrationHandler: Has received 82 of 200 from 1@test.com
03-30 15:56:05.071  5557  5627 D RegistrationHandler: Has received 83 of 200 from 1@test.com
03-30 15:56:05.078  5557  5627 D RegistrationHandler: Has received 84 of 200 from 1@test.com
03-30 15:56:05.085  5557  5627 D RegistrationHandler: Has received 85 of 200 from 1@test.com
03-30 15:56:05.089  5557  5627 D RegistrationHandler: Has received 86 of 200 from 1@test.com
03-30 15:56:05.103  5557  5627 D RegistrationHandler: Has received 87 of 200 from 1@test.com
03-30 15:56:05.110  5557  5627 D RegistrationHandler: Has received 88 of 200 from 1@test.com
03-30 15:56:05.112  5557  5627 D RegistrationHandler: Has received 89 of 200 from 1@test.com
03-30 15:56:05.121  5557  5627 D RegistrationHandler: Has received 90 of 200 from 1@test.com
03-30 15:56:05.125  5557  5627 D RegistrationHandler: Has received 91 of 200 from 1@test.com
03-30 15:56:05.132  5557  5612 D RegistrationHandler: Has received 92 of 200 from 1@test.com
03-30 15:56:05.137  5557  5612 D RegistrationHandler: Has received 93 of 200 from 1@test.com
03-30 15:56:05.146  5557  5612 D RegistrationHandler: Has received 94 of 200 from 1@test.com
03-30 15:56:05.149  5557  5612 D RegistrationHandler: Has received 95 of 200 from 1@test.com
03-30 15:56:05.156  5557  5612 D RegistrationHandler: Has received 96 of 200 from 1@test.com
03-30 15:56:05.162  5557  5612 D RegistrationHandler: Has received 97 of 200 from 1@test.com
03-30 15:56:05.170  5557  5612 D RegistrationHandler: Has received 98 of 200 from 1@test.com
03-30 15:56:05.173  5557  5612 D RegistrationHandler: Has received 99 of 200 from 1@test.com
03-30 15:56:05.182  5557  5612 D RegistrationHandler: Has received 100 of 200 from 1@test.com
03-30 15:56:05.184  5557  5612 D RegistrationHandler: Has received 101 of 200 from 1@test.com
03-30 15:56:05.193  5557  5612 D RegistrationHandler: Has received 102 of 200 from 1@test.com
03-30 15:56:05.201  5557  5612 D RegistrationHandler: Has received 103 of 200 from 1@test.com
03-30 15:56:05.206  5557  5612 D RegistrationHandler: Has received 104 of 200 from 1@test.com
03-30 15:56:05.212  5557  5612 D RegistrationHandler: Has received 105 of 200 from 1@test.com
03-30 15:56:05.217  5557  5612 D RegistrationHandler: Has received 106 of 200 from 1@test.com
03-30 15:56:05.226  5557  5612 D RegistrationHandler: Has received 107 of 200 from 1@test.com
03-30 15:56:05.227  5557  5612 D RegistrationHandler: Has received 108 of 200 from 1@test.com
03-30 15:56:05.237  5557  5612 D RegistrationHandler: Has received 109 of 200 from 1@test.com
03-30 15:56:05.241  5557  5612 D RegistrationHandler: Has received 110 of 200 from 1@test.com
03-30 15:56:05.246  5557  5612 D RegistrationHandler: Has received 111 of 200 from 1@test.com
03-30 15:56:05.252  5557  5612 D RegistrationHandler: Has received 112 of 200 from 1@test.com
03-30 15:56:05.262  5557  5612 D RegistrationHandler: Has received 113 of 200 from 1@test.com
03-30 15:56:05.265  5557  5612 D RegistrationHandler: Has received 114 of 200 from 1@test.com
03-30 15:56:05.274  5557  5612 D RegistrationHandler: Has received 115 of 200 from 1@test.com
03-30 15:56:05.275  5557  5612 D RegistrationHandler: Has received 116 of 200 from 1@test.com
03-30 15:56:05.286  5557  5612 D RegistrationHandler: Has received 117 of 200 from 1@test.com
03-30 15:56:05.288  5557  5630 D RegistrationHandler: Has received 118 of 200 from 1@test.com
03-30 15:56:05.413  5557  5627 D RegistrationHandler: Has received 119 of 200 from 1@test.com
03-30 15:56:05.414  5557  5630 D RegistrationHandler: Has received 120 of 200 from 1@test.com
03-30 15:56:05.428  5557  5612 D RegistrationHandler: Has received 121 of 200 from 1@test.com
03-30 15:56:05.432  5557  5630 D RegistrationHandler: Has received 122 of 200 from 1@test.com
03-30 15:56:05.435  5557  5630 D RegistrationHandler: Has received 123 of 200 from 1@test.com
03-30 15:56:05.442  5557  5630 D RegistrationHandler: Has received 124 of 200 from 1@test.com
03-30 15:56:05.449  5557  5630 D RegistrationHandler: Has received 125 of 200 from 1@test.com
03-30 15:56:05.452  5557  5630 D RegistrationHandler: Has received 126 of 200 from 1@test.com
03-30 15:56:05.462  5557  5630 D RegistrationHandler: Has received 127 of 200 from 1@test.com
03-30 15:56:05.470  5557  5630 D RegistrationHandler: Has received 128 of 200 from 1@test.com
03-30 15:56:05.473  5557  5612 D RegistrationHandler: Has received 129 of 200 from 1@test.com
03-30 15:56:05.477  5557  5612 D RegistrationHandler: Has received 130 of 200 from 1@test.com
03-30 15:56:05.485  5557  5612 D RegistrationHandler: Has received 131 of 200 from 1@test.com
03-30 15:56:05.494  5557  5612 D RegistrationHandler: Has received 132 of 200 from 1@test.com
03-30 15:56:05.497  5557  5612 D RegistrationHandler: Has received 133 of 200 from 1@test.com
03-30 15:56:05.504  5557  5612 D RegistrationHandler: Has received 134 of 200 from 1@test.com
03-30 15:56:05.510  5557  5612 D RegistrationHandler: Has received 135 of 200 from 1@test.com
03-30 15:56:05.517  5557  5612 D RegistrationHandler: Has received 136 of 200 from 1@test.com
03-30 15:56:05.526  5557  5612 D RegistrationHandler: Has received 137 of 200 from 1@test.com
03-30 15:56:05.528  5557  5612 D RegistrationHandler: Has received 138 of 200 from 1@test.com
03-30 15:56:05.541  5557  5612 D RegistrationHandler: Has received 139 of 200 from 1@test.com
03-30 15:56:05.549  5557  5612 D RegistrationHandler: Has received 140 of 200 from 1@test.com
03-30 15:56:05.554  5557  5612 D RegistrationHandler: Has received 141 of 200 from 1@test.com
03-30 15:56:05.557  5557  5612 D RegistrationHandler: Has received 142 of 200 from 1@test.com
03-30 15:56:05.565  5557  5612 D RegistrationHandler: Has received 143 of 200 from 1@test.com
03-30 15:56:05.572  5557  5612 D RegistrationHandler: Has received 144 of 200 from 1@test.com
03-30 15:56:05.574  5557  5612 D RegistrationHandler: Has received 145 of 200 from 1@test.com
03-30 15:56:05.585  5557  5612 D RegistrationHandler: Has received 146 of 200 from 1@test.com
03-30 15:56:05.590  5557  5612 D RegistrationHandler: Has received 147 of 200 from 1@test.com
03-30 15:56:05.597  5557  5612 D RegistrationHandler: Has received 148 of 200 from 1@test.com
03-30 15:56:05.599  5557  5612 D RegistrationHandler: Has received 149 of 200 from 1@test.com
03-30 15:56:05.610  5557  5612 D RegistrationHandler: Has received 150 of 200 from 1@test.com
03-30 15:56:05.617  5557  5612 D RegistrationHandler: Has received 151 of 200 from 1@test.com
03-30 15:56:05.620  5557  5612 D RegistrationHandler: Has received 152 of 200 from 1@test.com
03-30 15:56:05.627  5557  5612 D RegistrationHandler: Has received 153 of 200 from 1@test.com
03-30 15:56:05.636  5557  5612 D RegistrationHandler: Has received 154 of 200 from 1@test.com
03-30 15:56:05.641  5557  5612 D RegistrationHandler: Has received 155 of 200 from 1@test.com
03-30 15:56:05.643  5557  5612 D RegistrationHandler: Has received 156 of 200 from 1@test.com
03-30 15:56:05.652  5557  5612 D RegistrationHandler: Has received 157 of 200 from 1@test.com
03-30 15:56:05.660  5557  5612 D RegistrationHandler: Has received 158 of 200 from 1@test.com
03-30 15:56:05.664  5557  5612 D RegistrationHandler: Has received 159 of 200 from 1@test.com
03-30 15:56:05.672  5557  5612 D RegistrationHandler: Has received 160 of 200 from 1@test.com
03-30 15:56:05.677  5557  5612 D RegistrationHandler: Has received 161 of 200 from 1@test.com
03-30 15:56:05.684  5557  5612 D RegistrationHandler: Has received 162 of 200 from 1@test.com
03-30 15:56:05.693  5557  5612 D RegistrationHandler: Has received 163 of 200 from 1@test.com
03-30 15:56:05.698  5557  5612 D RegistrationHandler: Has received 164 of 200 from 1@test.com
03-30 15:56:05.702  5557  5612 D RegistrationHandler: Has received 165 of 200 from 1@test.com
03-30 15:56:05.713  5557  5612 D RegistrationHandler: Has received 166 of 200 from 1@test.com
03-30 15:56:05.715  5557  5612 D RegistrationHandler: Has received 167 of 200 from 1@test.com
03-30 15:56:05.726  5557  5612 D RegistrationHandler: Has received 168 of 200 from 1@test.com
03-30 15:56:05.730  5557  5612 D RegistrationHandler: Has received 169 of 200 from 1@test.com
03-30 15:56:05.736  5557  5612 D RegistrationHandler: Has received 170 of 200 from 1@test.com
03-30 15:56:05.740  5557  5612 D RegistrationHandler: Has received 171 of 200 from 1@test.com
03-30 15:56:05.751  5557  5612 D RegistrationHandler: Has received 172 of 200 from 1@test.com
03-30 15:56:05.916  5557  5612 D RegistrationHandler: Has received 172 of 200 fragments from 1@test.com
03-30 15:56:05.924  5557  5612 D RegistrationHandler: Has received 172 of 200 from 1@test.com
03-30 15:56:05.933  5557  5612 D RegistrationHandler: Has received 172 of 200 from 1@test.com
03-30 15:56:05.936  5557  5612 D RegistrationHandler: Has received 172 of 200 from 1@test.com
03-30 15:56:05.943  5557  5612 D RegistrationHandler: Has received 172 of 200 from 1@test.com
03-30 15:56:05.949  5557  5612 D RegistrationHandler: Has received 172 of 200 from 1@test.com
03-30 15:56:05.958  5557  5612 D RegistrationHandler: Has received 172 of 200 from 1@test.com
03-30 15:56:05.962  5557  5612 D RegistrationHandler: Has received 172 of 200 from 1@test.com
03-30 15:56:05.965  5557  5612 D RegistrationHandler: Has received 172 of 200 from 1@test.com
03-30 15:56:05.975  5557  5612 D RegistrationHandler: Has received 172 of 200 from 1@test.com
03-30 15:56:05.983  5557  5612 D RegistrationHandler: Has received 172 of 200 from 1@test.com
03-30 15:56:06.023  5557  5612 D RegistrationHandler: Has received 172 of 200 from 1@test.com
03-30 15:56:06.054  5557  5612 D RegistrationHandler: Has received 172 of 200 from 1@test.com
03-30 15:56:06.057  5557  5630 D RegistrationHandler: Has received 172 of 200 from 1@test.com
03-30 15:56:06.060  5557  5630 D RegistrationHandler: Has received 172 of 200 from 1@test.com
03-30 15:56:06.066  5557  5630 D RegistrationHandler: Has received 172 of 200 from 1@test.com
03-30 15:56:06.070  5557  5630 D RegistrationHandler: Has received 172 of 200 from 1@test.com
03-30 15:56:06.076  5557  5630 D RegistrationHandler: Has received 172 of 200 from 1@test.com
03-30 15:56:06.080  5557  5630 D RegistrationHandler: Has received 172 of 200 from 1@test.com
03-30 15:56:06.091  5557  5630 D RegistrationHandler: Has received 172 of 200 from 1@test.com
03-30 15:56:06.097  5557  5630 D RegistrationHandler: Has received 172 of 200 from 1@test.com
03-30 15:56:06.099  5557  5630 D RegistrationHandler: Has received 172 of 200 from 1@test.com
03-30 15:56:06.107  5557  5630 D RegistrationHandler: Has received 172 of 200 from 1@test.com
03-30 15:56:06.135  5557  5630 D RegistrationHandler: Has received 172 of 200 from 1@test.com
03-30 15:56:06.140  5557  5630 D RegistrationHandler: Has received 172 of 200 from 1@test.com
03-30 15:56:06.145  5557  5630 D RegistrationHandler: Has received 172 of 200 from 1@test.com
03-30 15:56:06.153  5557  5630 D RegistrationHandler: Has received 172 of 200 from 1@test.com
03-30 15:56:06.159  5557  5630 D RegistrationHandler: Has received 172 of 200 from 1@test.com
03-30 15:56:06.164  5557  5630 D RegistrationHandler: Has received 172 of 200 from 1@test.com
03-30 15:56:06.175  5557  5630 D RegistrationHandler: Has received 172 of 200 from 1@test.com
03-30 15:56:06.176  5557  5612 D RegistrationHandler: Has received 172 of 200 from 1@test.com
03-30 15:56:06.185  5557  5627 D RegistrationHandler: Has received 172 of 200 from 1@test.com
03-30 15:56:06.191  5557  5627 D RegistrationHandler: Has received 172 of 200 from 1@test.com
03-30 15:56:06.195  5557  5627 D RegistrationHandler: Has received 172 of 200 from 1@test.com
03-30 15:56:06.201  5557  5627 D RegistrationHandler: Has received 172 of 200 from 1@test.com
03-30 15:56:06.209  5557  5627 D RegistrationHandler: Has received 172 of 200 from 1@test.com
03-30 15:56:06.215  5557  5627 D RegistrationHandler: Has received 172 of 200 from 1@test.com
03-30 15:56:06.221  5557  5627 D RegistrationHandler: Has received 172 of 200 from 1@test.com
03-30 15:56:06.231  5557  5627 D RegistrationHandler: Has received 172 of 200 from 1@test.com
03-30 15:56:06.237  5557  5627 D RegistrationHandler: Has received 172 of 200 from 1@test.com
03-30 15:56:06.247  5557  5627 D RegistrationHandler: Has received 172 of 200 from 1@test.com
03-30 15:56:06.250  5557  5627 D RegistrationHandler: Has received 172 of 200 from 1@test.com
03-30 15:56:06.253  5557  5627 D RegistrationHandler: Has received 172 of 200 from 1@test.com
03-30 15:56:06.261  5557  5627 D RegistrationHandler: Has received 172 of 200 from 1@test.com
03-30 15:56:06.269  5557  5627 D RegistrationHandler: Has received 172 of 200 from 1@test.com
03-30 15:56:06.272  5557  5627 D RegistrationHandler: Has received 172 of 200 from 1@test.com
03-30 15:56:06.280  5557  5627 D RegistrationHandler: Has received 172 of 200 from 1@test.com
03-30 15:56:06.284  5557  5627 D RegistrationHandler: Has received 173 of 200 from 1@test.com
03-30 15:56:06.294  5557  5627 D RegistrationHandler: Has received 173 of 200 from 1@test.com
03-30 15:56:06.298  5557  5627 D RegistrationHandler: Has received 173 of 200 from 1@test.com
03-30 15:56:06.305  5557  5627 D RegistrationHandler: Has received 173 of 200 from 1@test.com
03-30 15:56:06.308  5557  5627 D RegistrationHandler: Has received 173 of 200 from 1@test.com
03-30 15:56:06.317  5557  5612 D RegistrationHandler: Has received 173 of 200 from 1@test.com
03-30 15:56:06.320  5557  5612 D RegistrationHandler: Has received 173 of 200 from 1@test.com
03-30 15:56:06.329  5557  5612 D RegistrationHandler: Has received 173 of 200 from 1@test.com
03-30 15:56:06.336  5557  5612 D RegistrationHandler: Has received 173 of 200 from 1@test.com
03-30 15:56:06.341  5557  5612 D RegistrationHandler: Has received 173 of 200 from 1@test.com
03-30 15:56:06.350  5557  5612 D RegistrationHandler: Has received 173 of 200 from 1@test.com
03-30 15:56:06.354  5557  5612 D RegistrationHandler: Has received 173 of 200 from 1@test.com
03-30 15:56:06.360  5557  5612 D RegistrationHandler: Has received 173 of 200 from 1@test.com
03-30 15:56:06.371  5557  5612 D RegistrationHandler: Has received 173 of 200 from 1@test.com
03-30 15:56:06.374  5557  5612 D RegistrationHandler: Has received 173 of 200 from 1@test.com
03-30 15:56:06.383  5557  5612 D RegistrationHandler: Has received 173 of 200 from 1@test.com
03-30 15:56:06.391  5557  5612 D RegistrationHandler: Has received 173 of 200 from 1@test.com
03-30 15:56:06.393  5557  5612 D RegistrationHandler: Has received 173 of 200 from 1@test.com
03-30 15:56:06.401  5557  5612 D RegistrationHandler: Has received 173 of 200 from 1@test.com
03-30 15:56:06.406  5557  5612 D RegistrationHandler: Has received 173 of 200 from 1@test.com
03-30 15:56:06.413  5557  5612 D RegistrationHandler: Has received 173 of 200 from 1@test.com
03-30 15:56:06.420  5557  5612 D RegistrationHandler: Has received 173 of 200 from 1@test.com
03-30 15:56:06.425  5557  5612 D RegistrationHandler: Has received 173 of 200 from 1@test.com
03-30 15:56:06.442  5557  5612 D RegistrationHandler: Has received 173 of 200 from 1@test.com
03-30 15:56:06.445  5557  5612 D RegistrationHandler: Has received 173 of 200 from 1@test.com
03-30 15:56:06.453  5557  5612 D RegistrationHandler: Has received 173 of 200 from 1@test.com
03-30 15:56:06.461  5557  5612 D RegistrationHandler: Has received 173 of 200 from 1@test.com
03-30 15:56:06.470  5557  5612 D RegistrationHandler: Has received 173 of 200 from 1@test.com
03-30 15:56:06.474  5557  5612 D RegistrationHandler: Has received 173 of 200 from 1@test.com
03-30 15:56:06.480  5557  5612 D RegistrationHandler: Has received 173 of 200 from 1@test.com
03-30 15:56:06.484  5557  5612 D RegistrationHandler: Has received 173 of 200 from 1@test.com
03-30 15:56:06.494  5557  5612 D RegistrationHandler: Has received 173 of 200 from 1@test.com
03-30 15:56:06.496  5557  5612 D RegistrationHandler: Has received 173 of 200 from 1@test.com
03-30 15:56:06.505  5557  5612 D RegistrationHandler: Has received 173 of 200 from 1@test.com
03-30 15:56:06.509  5557  5612 D RegistrationHandler: Has received 173 of 200 from 1@test.com
03-30 15:56:06.518  5557  5612 D RegistrationHandler: Has received 173 of 200 from 1@test.com
03-30 15:56:06.522  5557  5612 D RegistrationHandler: Has received 173 of 200 from 1@test.com
03-30 15:56:06.535  5557  5612 D RegistrationHandler: Has received 173 of 200 from 1@test.com
03-30 15:56:06.537  5557  5612 D RegistrationHandler: Has received 173 of 200 from 1@test.com
03-30 15:56:06.546  5557  5612 D RegistrationHandler: Has received 173 of 200 from 1@test.com
03-30 15:56:06.547  5557  5630 D RegistrationHandler: Has received 173 of 200 from 1@test.com
03-30 15:56:06.555  5557  5630 D RegistrationHandler: Has received 173 of 200 from 1@test.com
03-30 15:56:06.561  5557  5630 D RegistrationHandler: Has received 173 of 200 from 1@test.com
03-30 15:56:06.564  5557  5630 D RegistrationHandler: Has received 173 of 200 from 1@test.com
03-30 15:56:06.572  5557  5630 D RegistrationHandler: Has received 173 of 200 from 1@test.com
03-30 15:56:06.577  5557  5630 D RegistrationHandler: Has received 173 of 200 from 1@test.com
03-30 15:56:06.584  5557  5630 D RegistrationHandler: Has received 173 of 200 from 1@test.com
03-30 15:56:06.589  5557  5630 D RegistrationHandler: Has received 173 of 200 from 1@test.com
03-30 15:56:06.599  5557  5630 D RegistrationHandler: Has received 173 of 200 from 1@test.com
03-30 15:56:06.600  5557  5612 D RegistrationHandler: Has received 173 of 200 from 1@test.com
03-30 15:56:06.608  5557  5612 D RegistrationHandler: Has received 173 of 200 from 1@test.com
03-30 15:56:06.613  5557  5612 D RegistrationHandler: Has received 173 of 200 from 1@test.com
03-30 15:56:06.622  5557  5612 D RegistrationHandler: Has received 173 of 200 from 1@test.com
03-30 15:56:06.634  5557  5612 D RegistrationHandler: Has received 173 of 200 from 1@test.com
03-30 15:56:06.638  5557  5612 D RegistrationHandler: Has received 173 of 200 from 1@test.com
03-30 15:56:06.645  5557  5612 D RegistrationHandler: Has received 173 of 200 from 1@test.com
03-30 15:56:06.649  5557  5612 D RegistrationHandler: Has received 173 of 200 from 1@test.com
03-30 15:56:06.657  5557  5612 D RegistrationHandler: Has received 173 of 200 from 1@test.com
03-30 15:56:06.667  5557  5612 D RegistrationHandler: Has received 173 of 200 from 1@test.com
03-30 15:56:06.671  5557  5612 D RegistrationHandler: Has received 173 of 200 from 1@test.com
03-30 15:56:06.674  5557  5612 D RegistrationHandler: Has received 173 of 200 from 1@test.com
03-30 15:56:06.682  5557  5612 D RegistrationHandler: Has received 173 of 200 from 1@test.com
03-30 15:56:06.687  5557  5612 D RegistrationHandler: Has received 173 of 200 from 1@test.com
03-30 15:56:06.693  5557  5612 D RegistrationHandler: Has received 173 of 200 from 1@test.com
03-30 15:56:06.701  5557  5612 D RegistrationHandler: Has received 173 of 200 from 1@test.com
03-30 15:56:06.710  5557  5612 D RegistrationHandler: Has received 173 of 200 from 1@test.com
03-30 15:56:06.712  5557  5612 D RegistrationHandler: Has received 173 of 200 from 1@test.com
03-30 15:56:06.721  5557  5612 D RegistrationHandler: Has received 173 of 200 from 1@test.com
03-30 15:56:06.724  5557  5612 D RegistrationHandler: Has received 173 of 200 from 1@test.com
03-30 15:56:06.733  5557  5612 D RegistrationHandler: Has received 173 of 200 from 1@test.com
03-30 15:56:06.742  5557  5612 D RegistrationHandler: Has received 173 of 200 from 1@test.com
03-30 15:56:06.745  5557  5612 D RegistrationHandler: Has received 173 of 200 from 1@test.com
03-30 15:56:06.750  5557  5612 D RegistrationHandler: Has received 173 of 200 from 1@test.com
03-30 15:56:06.757  5557  5612 D RegistrationHandler: Has received 174 of 200 from 1@test.com
03-30 15:56:06.764  5557  5612 D RegistrationHandler: Has received 174 of 200 from 1@test.com
03-30 15:56:06.772  5557  5612 D RegistrationHandler: Has received 174 of 200 from 1@test.com
03-30 15:56:06.778  5557  5612 D RegistrationHandler: Has received 174 of 200 from 1@test.com
03-30 15:56:06.781  5557  5612 D RegistrationHandler: Has received 174 of 200 from 1@test.com
03-30 15:56:06.789  5557  5612 D RegistrationHandler: Has received 174 of 200 from 1@test.com
03-30 15:56:06.794  5557  5612 D RegistrationHandler: Has received 174 of 200 from 1@test.com
03-30 15:56:06.799  5557  5612 D RegistrationHandler: Has received 174 of 200 from 1@test.com
03-30 15:56:06.805  5557  5612 D RegistrationHandler: Has received 174 of 200 from 1@test.com
03-30 15:56:06.812  5557  5612 D RegistrationHandler: Has received 174 of 200 from 1@test.com
03-30 15:56:06.816  5557  5612 D RegistrationHandler: Has received 174 of 200 from 1@test.com
03-30 15:56:06.826  5557  5612 D RegistrationHandler: Has received 174 of 200 from 1@test.com
03-30 15:56:06.833  5557  5612 D RegistrationHandler: Has received 174 of 200 from 1@test.com
03-30 15:56:06.842  5557  5612 D RegistrationHandler: Has received 174 of 200 from 1@test.com
03-30 15:56:06.844  5557  5612 D RegistrationHandler: Has received 174 of 200 from 1@test.com
03-30 15:56:06.854  5557  5612 D RegistrationHandler: Has received 175 of 200 from 1@test.com
03-30 15:56:06.855  5557  5630 D RegistrationHandler: Has received 175 of 200 from 1@test.com
03-30 15:56:06.866  5557  5627 D RegistrationHandler: Has received 175 of 200 from 1@test.com
03-30 15:56:06.874  5557  5627 D RegistrationHandler: Has received 175 of 200 from 1@test.com
03-30 15:56:06.878  5557  5627 D RegistrationHandler: Has received 175 of 200 from 1@test.com
03-30 15:56:06.884  5557  5627 D RegistrationHandler: Has received 175 of 200 from 1@test.com
03-30 15:56:06.888  5557  5627 D RegistrationHandler: Has received 175 of 200 from 1@test.com
03-30 15:56:06.900  5557  5627 D RegistrationHandler: Has received 175 of 200 from 1@test.com
03-30 15:56:06.905  5557  5627 D RegistrationHandler: Has received 175 of 200 from 1@test.com
03-30 15:56:06.909  5557  5627 D RegistrationHandler: Has received 175 of 200 from 1@test.com
03-30 15:56:06.919  5557  5627 D RegistrationHandler: Has received 176 of 200 from 1@test.com
03-30 15:56:06.925  5557  5627 D RegistrationHandler: Has received 177 of 200 from 1@test.com
03-30 15:56:06.929  5557  5627 D RegistrationHandler: Has received 178 of 200 from 1@test.com
03-30 15:56:06.938  5557  5627 D RegistrationHandler: Has received 179 of 200 from 1@test.com
03-30 15:56:06.946  5557  5627 D RegistrationHandler: Has received 180 of 200 from 1@test.com
03-30 15:56:06.954  5557  5627 D RegistrationHandler: Has received 181 of 200 from 1@test.com
03-30 15:56:06.957  5557  5627 D RegistrationHandler: Has received 182 of 200 from 1@test.com
03-30 15:56:06.965  5557  5627 D RegistrationHandler: Has received 183 of 200 from 1@test.com
03-30 15:56:06.969  5557  5627 D RegistrationHandler: Has received 184 of 200 from 1@test.com
03-30 15:56:06.976  5557  5627 D RegistrationHandler: Has received 185 of 200 from 1@test.com
03-30 15:56:06.980  5557  5627 D RegistrationHandler: Has received 186 of 200 from 1@test.com
03-30 15:56:06.988  5557  5627 D RegistrationHandler: Has received 187 of 200 from 1@test.com
03-30 15:56:06.993  5557  5627 D RegistrationHandler: Has received 188 of 200 from 1@test.com
03-30 15:56:07.001  5557  5627 D RegistrationHandler: Has received 189 of 200 from 1@test.com
03-30 15:56:07.009  5557  5627 D RegistrationHandler: Has received 190 of 200 from 1@test.com
03-30 15:56:07.013  5557  5627 D RegistrationHandler: Has received 191 of 200 from 1@test.com
03-30 15:56:07.016  5557  5627 D RegistrationHandler: Has received 192 of 200 from 1@test.com
03-30 15:56:07.022  5557  5627 D RegistrationHandler: Has received 193 of 200 from 1@test.com
03-30 15:56:07.029  5557  5627 D RegistrationHandler: Has received 194 of 200 from 1@test.com
03-30 15:56:07.037  5557  5627 D RegistrationHandler: Has received 195 of 200 from 1@test.com
03-30 15:56:07.045  5557  5627 D RegistrationHandler: Has received 196 of 200 from 1@test.com
03-30 15:56:07.052  5557  5627 D RegistrationHandler: Has received 197 of 200 from 1@test.com
03-30 15:56:07.062  5557  5627 D RegistrationHandler: Has received 198 of 200 from 1@test.com
03-30 15:56:07.071  5557  5627 D RegistrationHandler: Has received 199 of 200 from 1@test.com
03-30 15:56:07.076  5557  5630 D RegistrationHandler: Has received 200 of 200 from 1@test.com
03-30 15:56:07.081  5557  5627 D RegistrationHandler: Has received 200 of 200 from 1@test.com
03-30 15:56:07.083  5557  5612 D RegistrationHandler: Has received 200 of 200 from 1@test.com
03-30 15:56:07.093  5557  5615 D RegistrationHandler: Has received 200 of 200 from 1@test.com
03-30 15:56:07.094  5557  5614 D RegistrationHandler: Has received 200 of 200 from 1@test.com
03-30 15:56:07.105  5557  5632 D RegistrationHandler: Has received 200 of 200 from 1@test.com
03-30 15:56:07.109  5557  5631 D RegistrationHandler: Has received 200 of 200 from 1@test.com
03-30 15:56:07.117  5557  5634 D RegistrationHandler: Has received 200 of 200 from 1@test.com
03-30 15:56:07.124  5557  5635 D RegistrationHandler: Has received 200 of 200 from 1@test.com
03-30 15:56:07.127  5557  5633 D RegistrationHandler: Has received 200 of 200 from 1@test.com
03-30 15:56:07.134  5557  5636 D RegistrationHandler: Has received 200 of 200 from 1@test.com
03-30 15:56:07.137  5557  5637 D RegistrationHandler: Has received 200 of 200 from 1@test.com
03-30 15:56:07.146  5557  5638 D RegistrationHandler: Has received 200 of 200 from 1@test.com
03-30 15:56:07.152  5557  5639 D RegistrationHandler: Has received 200 of 200 from 1@test.com
03-30 15:56:07.158  5557  5640 D RegistrationHandler: Has received 200 of 200 from 1@test.com
03-30 15:56:07.168  5557  5641 D RegistrationHandler: Has received 200 of 200 from 1@test.com
03-30 15:56:07.175  5557  5642 D RegistrationHandler: Has received 200 of 200 from 1@test.com
03-30 15:56:07.179  5557  5644 D RegistrationHandler: Has received 200 of 200 from 1@test.com
03-30 15:56:07.182  5557  5643 D RegistrationHandler: Has received 200 of 200 from 1@test.com
03-30 15:56:07.187  5557  5612 D RegistrationHandler: Received full ledger from 1@test.com with nonce 1003242038
03-30 15:56:07.187  5557  5612 D RegistrationHandler: FULL_LEDGER 1003242038
03-30 15:56:07.194  5557  5645 D RegistrationHandler: Has received 200 of 200 from 1@test.com
03-30 15:56:07.201  5557  5647 D RegistrationHandler: Has received 200 of 200 from 1@test.com
03-30 15:56:07.204  5557  5649 D RegistrationHandler: Has received 200 of 200 from 1@test.com
03-30 15:56:07.210  5557  5646 D RegistrationHandler: Has received 200 of 200 from 1@test.com
03-30 15:56:07.212  5557  5614 D RegistrationHandler: Received full ledger from 1@test.com with nonce 1003242038
03-30 15:56:07.212  5557  5614 D RegistrationHandler: FULL_LEDGER 1003242038
03-30 15:56:07.213  5557  5627 D RegistrationHandler: Received full ledger from 1@test.com with nonce 1003242038
03-30 15:56:07.213  5557  5627 D RegistrationHandler: FULL_LEDGER 1003242038
03-30 15:56:07.219  5557  5648 D RegistrationHandler: Has received 200 of 200 from 1@test.com
03-30 15:56:07.231  5557  5630 D RegistrationHandler: Received full ledger from 1@test.com with nonce 1003242038
03-30 15:56:07.231  5557  5630 D RegistrationHandler: FULL_LEDGER 1003242038
03-30 15:56:07.242  5557  5631 D RegistrationHandler: Received full ledger from 1@test.com with nonce 1003242038
03-30 15:56:07.242  5557  5631 D RegistrationHandler: FULL_LEDGER 1003242038
03-30 15:56:07.251  5557  5645 D RegistrationHandler: Received full ledger from 1@test.com with nonce 1003242038
03-30 15:56:07.251  5557  5645 D RegistrationHandler: FULL_LEDGER 1003242038
03-30 15:56:07.252  5557  5632 D RegistrationHandler: Received full ledger from 1@test.com with nonce 1003242038
03-30 15:56:07.252  5557  5632 D RegistrationHandler: FULL_LEDGER 1003242038
03-30 15:56:07.266  5557  5615 D RegistrationHandler: Received full ledger from 1@test.com with nonce 1003242038
03-30 15:56:07.266  5557  5615 D RegistrationHandler: FULL_LEDGER 1003242038
03-30 15:56:07.271  5557  5636 D RegistrationHandler: Received full ledger from 1@test.com with nonce 1003242038
03-30 15:56:07.271  5557  5636 D RegistrationHandler: FULL_LEDGER 1003242038
03-30 15:56:07.275  5557  5634 D RegistrationHandler: Received full ledger from 1@test.com with nonce 1003242038
03-30 15:56:07.275  5557  5634 D RegistrationHandler: FULL_LEDGER 1003242038
03-30 15:56:07.277  5557  5637 D RegistrationHandler: Received full ledger from 1@test.com with nonce 1003242038
03-30 15:56:07.277  5557  5637 D RegistrationHandler: FULL_LEDGER 1003242038
03-30 15:56:07.278  5557  5633 D RegistrationHandler: Received full ledger from 1@test.com with nonce 1003242038
03-30 15:56:07.278  5557  5633 D RegistrationHandler: FULL_LEDGER 1003242038
03-30 15:56:07.283  5557  5640 D RegistrationHandler: Received full ledger from 1@test.com with nonce 1003242038
03-30 15:56:07.283  5557  5640 D RegistrationHandler: FULL_LEDGER 1003242038
03-30 15:56:07.287  5557  5635 D RegistrationHandler: Received full ledger from 1@test.com with nonce 1003242038
03-30 15:56:07.287  5557  5635 D RegistrationHandler: FULL_LEDGER 1003242038
03-30 15:56:07.288  5557  5638 D RegistrationHandler: Received full ledger from 1@test.com with nonce 1003242038
03-30 15:56:07.288  5557  5638 D RegistrationHandler: FULL_LEDGER 1003242038
03-30 15:56:07.290  5557  5644 D RegistrationHandler: Received full ledger from 1@test.com with nonce 1003242038
03-30 15:56:07.290  5557  5644 D RegistrationHandler: FULL_LEDGER 1003242038
03-30 15:56:07.297  5557  5641 D RegistrationHandler: Received full ledger from 1@test.com with nonce 1003242038
03-30 15:56:07.297  5557  5641 D RegistrationHandler: FULL_LEDGER 1003242038
03-30 15:56:07.300  5557  5642 D RegistrationHandler: Received full ledger from 1@test.com with nonce 1003242038
03-30 15:56:07.300  5557  5642 D RegistrationHandler: FULL_LEDGER 1003242038
03-30 15:56:07.305  5557  5649 D RegistrationHandler: Received full ledger from 1@test.com with nonce 1003242038
03-30 15:56:07.305  5557  5649 D RegistrationHandler: FULL_LEDGER 1003242038
03-30 15:56:07.308  5557  5648 D RegistrationHandler: Received full ledger from 1@test.com with nonce 1003242038
03-30 15:56:07.308  5557  5648 D RegistrationHandler: FULL_LEDGER 1003242038
03-30 15:56:07.312  5557  5639 D RegistrationHandler: Received full ledger from 1@test.com with nonce 1003242038
03-30 15:56:07.312  5557  5639 D RegistrationHandler: FULL_LEDGER 1003242038
03-30 15:56:07.315  5557  5647 D RegistrationHandler: Received full ledger from 1@test.com with nonce 1003242038
03-30 15:56:07.315  5557  5647 D RegistrationHandler: FULL_LEDGER 1003242038
03-30 15:56:07.326  5557  5646 D RegistrationHandler: Received full ledger from 1@test.com with nonce 1003242038
03-30 15:56:07.326  5557  5646 D RegistrationHandler: FULL_LEDGER 1003242038
03-30 15:56:07.328  5557  5643 D RegistrationHandler: Received full ledger from 1@test.com with nonce 1003242038
03-30 15:56:07.328  5557  5643 D RegistrationHandler: FULL_LEDGER 1003242038
03-30 15:56:07.351  5557  5643 D RegistrationHandler: Has received 200 of 200 fragments from 1@test.com
03-30 15:56:08.793  5557  5643 D RegistrationHandler: Has received 200 of 200 fragments from 1@test.com
03-30 15:56:14.203  5557  5609 D RegistrationHandler: ACCEPTED_LEDGER 1003242038 200
