03-02 10:22:53.292 21559 21927 D MulticastServer: Registration process started with nonce: 1386645873
03-02 10:22:53.297 21559 21927 D MulticastServer: Received request for ledger with nonce: 1386645873.
03-02 10:22:53.365 21559 21915 D MulticastClient: Sent messages: [{"sender":"{\"ip\":\"192.168.1.102\",\"cert\":\"MIIBKjCB0KADAgECAhQ4Y7ju1gF20HgInu21PT9KBF9GTjAKBggqhkjOPQQDAjAVMRMwEQYDVQQDDApUVE00OTA1IENBMB4XDTIyMDMwMjA4MTMwOFoXDTIyMDQwMTA4MTMwOFowFTETMBEGA1UEAwwKMkB0ZXN0LmNvbTBZMBMGByqGSM49AgEGCCqGSM49AwEHA0IABDX5T5uShCqkaYlTAy\/9VnhpRfnnSG2sAgctv3by+PKya\/r2mK8OJaQoxOgtLPG0ySplNzqjftpvpo9Bjvd0g+8wCgYIKoZIzj0EAwIDSQAwRgIhANJZaiGCzyMc0M9Mg6RUCQNvccvHzRriGV1nkrTpgOY1AiEAri0DXI3WN0YunHCU1hOof9OsF4kPTmXqIYrI5CUW3Cw=\"}","payload":"537b0ea31ebf925fa5c6af9ab92c308acf3f1c601d20463bf1d7cd5ee43e5ef4","mt":"LEDGER_HASH","sig":"MEQCIBIPBmU1eUVtdmDjbw4m4ul3XAS1djRsabS8Vp69IDG5AiBfowdZENzYTwuBAHqqJAJJSGQ0cTRRpYRZy8Mx1F\/XIw==","nonce":1386645873,"seq":0,"tot":0}]
03-02 10:22:53.445 21559 21917 D MulticastServer: Received hash from 3@test.com: 537b0ea31ebf925fa5c6af9ab92c308acf3f1c601d20463bf1d7cd5ee43e5ef4
03-02 10:22:53.451 21559 21927 D RegistrationHandler: FULL_LEDGER 1386645873
03-02 10:22:53.498 21559 21927 D MulticastServer: Received hash from 1@test.com: 537b0ea31ebf925fa5c6af9ab92c308acf3f1c601d20463bf1d7cd5ee43e5ef4
03-02 10:22:53.806 21559 21927 D MulticastServer: Received hash from 3@test.com: 537b0ea31ebf925fa5c6af9ab92c308acf3f1c601d20463bf1d7cd5ee43e5ef4
03-02 10:22:53.858 21559 21927 D MulticastServer: Received hash from 1@test.com: 537b0ea31ebf925fa5c6af9ab92c308acf3f1c601d20463bf1d7cd5ee43e5ef4
03-02 10:22:53.970 21559 21917 D RegistrationHandler: FULL_LEDGER 1386645873
03-02 10:22:53.998 21559 21917 D RegistrationHandler: ACCEPTED_LEDGER 1386645873 5
03-02 10:22:54.006 21559 21917 D MulticastServer: Registration process finished: 1386645873
03-02 10:22:54.007 21559 21917 D MulticastServer: Broadcast block received {"ip":"192.168.1.97","cert":"MIIBKTCB0KADAgECAhQa8Bd7lH/BLTyi7ywd3y9YYSzkrDAKBggqhkjOPQQDAjAVMRMwEQYDVQQDDApUVE00OTA1IENBMB4XDTIyMDMwMTE0MDczNloXDTIyMDMzMTE0MDczNlowFTETMBEGA1UEAwwKNEB0ZXN0LmNvbTBZMBMGByqGSM49AgEGCCqGSM49AwEHA0IABFrZCEM2z1G1fZpGXj9xAJVyw+42wNc+1Oh3OKk5VRIc59yR1r148usPgG5mreOanaKvWR1KjIOl3HTLksn8RnowCgYIKoZIzj0EAwIDSAAwRQIhAKAKAwK83UAGas8l7ThnEHKwV0I7DisWJ0yDYNVZVUusAiAzZGLYe63aJer14gingjWvIIMLb+EEx1ysVZJxKqm6iw=="}
03-02 10:22:54.015 21559 21917 D MulticastServer: Broadcast block received {"ip":"192.168.1.97","cert":"MIIBKTCB0KADAgECAhQa8Bd7lH/BLTyi7ywd3y9YYSzkrDAKBggqhkjOPQQDAjAVMRMwEQYDVQQDDApUVE00OTA1IENBMB4XDTIyMDMwMTE0MDczNloXDTIyMDMzMTE0MDczNlowFTETMBEGA1UEAwwKNEB0ZXN0LmNvbTBZMBMGByqGSM49AgEGCCqGSM49AwEHA0IABFrZCEM2z1G1fZpGXj9xAJVyw+42wNc+1Oh3OKk5VRIc59yR1r148usPgG5mreOanaKvWR1KjIOl3HTLksn8RnowCgYIKoZIzj0EAwIDSAAwRQIhAKAKAwK83UAGas8l7ThnEHKwV0I7DisWJ0yDYNVZVUusAiAzZGLYe63aJer14gingjWvIIMLb+EEx1ysVZJxKqm6iw=="}
03-02 10:22:54.462 21559 21917 D MulticastServer: Broadcast block received {"ip":"192.168.1.97","cert":"MIIBKTCB0KADAgECAhQa8Bd7lH/BLTyi7ywd3y9YYSzkrDAKBggqhkjOPQQDAjAVMRMwEQYDVQQDDApUVE00OTA1IENBMB4XDTIyMDMwMTE0MDczNloXDTIyMDMzMTE0MDczNlowFTETMBEGA1UEAwwKNEB0ZXN0LmNvbTBZMBMGByqGSM49AgEGCCqGSM49AwEHA0IABFrZCEM2z1G1fZpGXj9xAJVyw+42wNc+1Oh3OKk5VRIc59yR1r148usPgG5mreOanaKvWR1KjIOl3HTLksn8RnowCgYIKoZIzj0EAwIDSAAwRQIhAKAKAwK83UAGas8l7ThnEHKwV0I7DisWJ0yDYNVZVUusAiAzZGLYe63aJer14gingjWvIIMLb+EEx1ysVZJxKqm6iw=="}
03-02 10:22:54.521 21559 21917 D MulticastServer: Broadcast block received {"ip":"192.168.1.97","cert":"MIIBKTCB0KADAgECAhQa8Bd7lH/BLTyi7ywd3y9YYSzkrDAKBggqhkjOPQQDAjAVMRMwEQYDVQQDDApUVE00OTA1IENBMB4XDTIyMDMwMTE0MDczNloXDTIyMDMzMTE0MDczNlowFTETMBEGA1UEAwwKNEB0ZXN0LmNvbTBZMBMGByqGSM49AgEGCCqGSM49AwEHA0IABFrZCEM2z1G1fZpGXj9xAJVyw+42wNc+1Oh3OKk5VRIc59yR1r148usPgG5mreOanaKvWR1KjIOl3HTLksn8RnowCgYIKoZIzj0EAwIDSAAwRQIhAKAKAwK83UAGas8l7ThnEHKwV0I7DisWJ0yDYNVZVUusAiAzZGLYe63aJer14gingjWvIIMLb+EEx1ysVZJxKqm6iw=="}
03-02 10:22:54.835 21559 21917 D MulticastServer: Broadcast block received {"ip":"192.168.1.97","cert":"MIIBKTCB0KADAgECAhQa8Bd7lH/BLTyi7ywd3y9YYSzkrDAKBggqhkjOPQQDAjAVMRMwEQYDVQQDDApUVE00OTA1IENBMB4XDTIyMDMwMTE0MDczNloXDTIyMDMzMTE0MDczNlowFTETMBEGA1UEAwwKNEB0ZXN0LmNvbTBZMBMGByqGSM49AgEGCCqGSM49AwEHA0IABFrZCEM2z1G1fZpGXj9xAJVyw+42wNc+1Oh3OKk5VRIc59yR1r148usPgG5mreOanaKvWR1KjIOl3HTLksn8RnowCgYIKoZIzj0EAwIDSAAwRQIhAKAKAwK83UAGas8l7ThnEHKwV0I7DisWJ0yDYNVZVUusAiAzZGLYe63aJer14gingjWvIIMLb+EEx1ysVZJxKqm6iw=="}
03-02 10:22:54.837 21559 21915 D MulticastServer: Broadcast block received {"ip":"192.168.1.97","cert":"MIIBKTCB0KADAgECAhQa8Bd7lH/BLTyi7ywd3y9YYSzkrDAKBggqhkjOPQQDAjAVMRMwEQYDVQQDDApUVE00OTA1IENBMB4XDTIyMDMwMTE0MDczNloXDTIyMDMzMTE0MDczNlowFTETMBEGA1UEAwwKNEB0ZXN0LmNvbTBZMBMGByqGSM49AgEGCCqGSM49AwEHA0IABFrZCEM2z1G1fZpGXj9xAJVyw+42wNc+1Oh3OKk5VRIc59yR1r148usPgG5mreOanaKvWR1KjIOl3HTLksn8RnowCgYIKoZIzj0EAwIDSAAwRQIhAKAKAwK83UAGas8l7ThnEHKwV0I7DisWJ0yDYNVZVUusAiAzZGLYe63aJer14gingjWvIIMLb+EEx1ysVZJxKqm6iw=="}
round 3 of 10
03-02 10:23:12.540 21757 22011 D MulticastServer: MULTICAST_SERVER_LISTENING
03-02 10:23:12.545 21757 22013 D MulticastServer: Registration process started with nonce: 1137577180
03-02 10:23:12.553 21757 22017 D MulticastClient: Sent messages: [{"sender":"","payload":"","mt":"REQUEST_LEDGER","sig":"","nonce":1137577180,"seq":0,"tot":0}]
03-02 10:23:13.549 21757 22015 D RegistrationHandler: 1137577180 Registration started
03-02 10:23:13.590 21757 22015 D MulticastServer: Registration process finished: 1137577180
03-02 10:23:13.594 21757 22028 D MulticastClient: Sent messages: [{"sender":"2@test.com","payload":"{\"ip\":\"192.168.1.102\",\"cert\":\"MIIBKjCB0KADAgECAhQ4Y7ju1gF20HgInu21PT9KBF9GTjAKBggqhkjOPQQDAjAVMRMwEQYDVQQDDApUVE00OTA1IENBMB4XDTIyMDMwMjA4MTMwOFoXDTIyMDQwMTA4MTMwOFowFTETMBEGA1UEAwwKMkB0ZXN0LmNvbTBZMBMGByqGSM49AgEGCCqGSM49AwEHA0IABDX5T5uShCqkaYlTAy\/9VnhpRfnnSG2sAgctv3by+PKya\/r2mK8OJaQoxOgtLPG0ySplNzqjftpvpo9Bjvd0g+8wCgYIKoZIzj0EAwIDSQAwRgIhANJZaiGCzyMc0M9Mg6RUCQNvccvHzRriGV1nkrTpgOY1AiEAri0DXI3WN0YunHCU1hOof9OsF4kPTmXqIYrI5CUW3Cw=\"}","mt":"BROADCAST_BLOCK","sig":"MEQCIFRao+tQYkyXakpLhUY6qAoTlhF+JH9NlVPRuSYD8tAlAiBgeBFXuAY4SGIP2CRSjRJzAb+9123EjLjUHLttekUeeQ==","nonce":1137577180,"seq":0,"tot":0}]
03-02 10:23:27.900 21757 22028 D MulticastServer: Registration process started with nonce: 1992641728
03-02 10:23:27.902 21757 22028 D MulticastServer: Received request for ledger with nonce: 1992641728.
03-02 10:23:27.956 21757 22018 D MulticastClient: Sent messages: [{"sender":"{\"ip\":\"192.168.1.102\",\"cert\":\"MIIBKjCB0KADAgECAhQ4Y7ju1gF20HgInu21PT9KBF9GTjAKBggqhkjOPQQDAjAVMRMwEQYDVQQDDApUVE00OTA1IENBMB4XDTIyMDMwMjA4MTMwOFoXDTIyMDQwMTA4MTMwOFowFTETMBEGA1UEAwwKMkB0ZXN0LmNvbTBZMBMGByqGSM49AgEGCCqGSM49AwEHA0IABDX5T5uShCqkaYlTAy\/9VnhpRfnnSG2sAgctv3by+PKya\/r2mK8OJaQoxOgtLPG0ySplNzqjftpvpo9Bjvd0g+8wCgYIKoZIzj0EAwIDSQAwRgIhANJZaiGCzyMc0M9Mg6RUCQNvccvHzRriGV1nkrTpgOY1AiEAri0DXI3WN0YunHCU1hOof9OsF4kPTmXqIYrI5CUW3Cw=\"}","payload":"{\"ip\":\"192.168.1.102\",\"cert\":\"MIIBKjCB0KADAgECAhQ4Y7ju1gF20HgInu21PT9KBF9GTjAKBggqhkjOPQQDAjAVMRMwEQYDVQQDDApUVE00OTA1IENBMB4XDTIyMDMwMjA4MTMwOFoXDTIyMDQwMTA4MTMwOFowFTETMBEGA1UEAwwKMkB0ZXN0LmNvbTBZMBMGByqGSM49AgEGCCqGSM49AwEHA0IABDX5T5uShCqkaYlTAy\/9VnhpRfnnSG2sAgctv3by+PKya\/r2mK8OJaQoxOgtLPG0ySplNzqjftpvpo9Bjvd0g+8wCgYIKoZIzj0EAwIDSQAwRgIhANJZaiGCzyMc0M9Mg6RUCQNvccvHzRriGV1nkrTpgOY1AiEAri0DXI3WN0YunHCU1hOof9OsF4kPTmXqIYrI5CUW3Cw=\"}","mt":"FULL_LEDGER","sig":"MEUCIAPHBuEO1Do0bb5dRaGEIRZELPlssJ3QHSloR9WTqCeqAiEA86vAdY4scsavG9XgqgVOW7BM5s3\/hvie1DqtYQxsBWA=","nonce":1992641728,"seq":0,"tot":0}]
03-02 10:23:37.938 21757 22018 D MulticastServer: Broadcast block received {"ip":"192.168.1.150","cert":"MIIBKTCB0KADAgECAhQx2drGMEbzx2qb3kW8xg1ERD77ejAKBggqhkjOPQQDAjAVMRMwEQYDVQQDDApUVE00OTA1IENBMB4XDTIyMDMwMTE0MDYwNloXDTIyMDMzMTE0MDYwNlowFTETMBEGA1UEAwwKM0B0ZXN0LmNvbTBZMBMGByqGSM49AgEGCCqGSM49AwEHA0IABC+xOTkmX6a0H6eidB85Da0CbmYg10XwNz19SCaEheU1Pnhjz+I+DyVNXvPft4T5YY/Na+qO1xeH4N82RLPGZG4wCgYIKoZIzj0EAwIDSAAwRQIhAKM4Xl1DGHfOv0umGOVlytMmTlJ1lGbeQ1ln5eQsN/WUAiAXF9+WZLpST68j+XxOh/6IwCRmaU38MkDIIKAlomW4dg=="}
03-02 10:23:37.947 21757 22037 D RegistrationHandler: ACCEPTED_LEDGER 1992641728 1
03-02 10:23:37.953 21757 22037 D MulticastServer: Registration process finished: 1992641728
03-02 10:23:38.350 21757 22018 D MulticastServer: Broadcast block received {"ip":"192.168.1.150","cert":"MIIBKTCB0KADAgECAhQx2drGMEbzx2qb3kW8xg1ERD77ejAKBggqhkjOPQQDAjAVMRMwEQYDVQQDDApUVE00OTA1IENBMB4XDTIyMDMwMTE0MDYwNloXDTIyMDMzMTE0MDYwNlowFTETMBEGA1UEAwwKM0B0ZXN0LmNvbTBZMBMGByqGSM49AgEGCCqGSM49AwEHA0IABC+xOTkmX6a0H6eidB85Da0CbmYg10XwNz19SCaEheU1Pnhjz+I+DyVNXvPft4T5YY/Na+qO1xeH4N82RLPGZG4wCgYIKoZIzj0EAwIDSAAwRQIhAKM4Xl1DGHfOv0umGOVlytMmTlJ1lGbeQ1ln5eQsN/WUAiAXF9+WZLpST68j+XxOh/6IwCRmaU38MkDIIKAlomW4dg=="}
03-02 10:23:38.760 21757 22018 D MulticastServer: Broadcast block received {"ip":"192.168.1.150","cert":"MIIBKTCB0KADAgECAhQx2drGMEbzx2qb3kW8xg1ERD77ejAKBggqhkjOPQQDAjAVMRMwEQYDVQQDDApUVE00OTA1IENBMB4XDTIyMDMwMTE0MDYwNloXDTIyMDMzMTE0MDYwNlowFTETMBEGA1UEAwwKM0B0ZXN0LmNvbTBZMBMGByqGSM49AgEGCCqGSM49AwEHA0IABC+xOTkmX6a0H6eidB85Da0CbmYg10XwNz19SCaEheU1Pnhjz+I+DyVNXvPft4T5YY/Na+qO1xeH4N82RLPGZG4wCgYIKoZIzj0EAwIDSAAwRQIhAKM4Xl1DGHfOv0umGOVlytMmTlJ1lGbeQ1ln5eQsN/WUAiAXF9+WZLpST68j+XxOh/6IwCRmaU38MkDIIKAlomW4dg=="}
03-02 10:23:42.966 21757 22018 D MulticastServer: Registration process started with nonce: 1958265411
03-02 10:23:42.971 21757 22018 D MulticastServer: Received request for ledger with nonce: 1958265411.
03-02 10:23:43.031 21757 22028 D MulticastClient: Sent messages: [{"sender":"{\"ip\":\"192.168.1.102\",\"cert\":\"MIIBKjCB0KADAgECAhQ4Y7ju1gF20HgInu21PT9KBF9GTjAKBggqhkjOPQQDAjAVMRMwEQYDVQQDDApUVE00OTA1IENBMB4XDTIyMDMwMjA4MTMwOFoXDTIyMDQwMTA4MTMwOFowFTETMBEGA1UEAwwKMkB0ZXN0LmNvbTBZMBMGByqGSM49AgEGCCqGSM49AwEHA0IABDX5T5uShCqkaYlTAy\/9VnhpRfnnSG2sAgctv3by+PKya\/r2mK8OJaQoxOgtLPG0ySplNzqjftpvpo9Bjvd0g+8wCgYIKoZIzj0EAwIDSQAwRgIhANJZaiGCzyMc0M9Mg6RUCQNvccvHzRriGV1nkrTpgOY1AiEAri0DXI3WN0YunHCU1hOof9OsF4kPTmXqIYrI5CUW3Cw=\"}","payload":"{\"ip\":\"192.168.1.102\",\"cert\":\"MIIBKjCB0KADAgECAhQ4Y7ju1gF20HgInu21PT9KBF9GTjAKBggqhkjOPQQDAjAVMRMwEQYDVQQDDApUVE00OTA1IENBMB4XDTIyMDMwMjA4MTMwOFoXDTIyMDQwMTA4MTMwOFowFTETMBEGA1UEAwwKMkB0ZXN0LmNvbTBZMBMGByqGSM49AgEGCCqGSM49AwEHA0IABDX5T5uShCqkaYlTAy\/9VnhpRfnnSG2sAgctv3by+PKya\/r2mK8OJaQoxOgtLPG0ySplNzqjftpvpo9Bjvd0g+8wCgYIKoZIzj0EAwIDSQAwRgIhANJZaiGCzyMc0M9Mg6RUCQNvccvHzRriGV1nkrTpgOY1AiEAri0DXI3WN0YunHCU1hOof9OsF4kPTmXqIYrI5CUW3Cw=\"}","mt":"FULL_LEDGER","sig":"MEQCIDyUdf2nkmDAwEFI1Tn8AKJh47CU\/Yah4epDKbE2BPbEAiAlzuxObwVYPwVxrkwCPeJECM8Wp4VMo3b1pke43FTPcw==","nonce":1958265411,"seq":0,"tot":1}, {"sender":"2@test.com","payload":"{\"ip\":\"192.168.1.150\",\"cert\":\"MIIBKTCB0KADAgECAhQx2drGMEbzx2qb3kW8xg1ERD77ejAKBggqhkjOPQQDAjAVMRMwEQYDVQQDDApUVE00OTA1IENBMB4XDTIyMDMwMTE0MDYwNloXDTIyMDMzMTE0MDYwNlowFTETMBEGA1UEAwwKM0B0ZXN0LmNvbTBZMBMGByqGSM49AgEGCCqGSM49AwEHA0IABC+xOTkmX6a0H6eidB85Da0CbmYg10XwNz19SCaEheU1Pnhjz+I+DyVNXvPft4T5YY\/Na+qO1xeH4N82RLPGZG4wCgYIKoZIzj0EAwIDSAAwRQIhAKM4Xl1DGHfOv0umGOVlytMmTlJ1lGbeQ1ln5eQsN\/WUAiAXF9+WZLpST68j+XxOh\/6IwCRmaU38MkDIIKAlomW4dg==\"}","mt":"FULL_LEDGER","sig":"MEUCIQCn\/gfG+wDczrgfZdZTwFK3EHRZXRnPF3yanPlSEpkVMAIgeQDcHrsIobfLOkiFNWD\/x9ZnafrKBbsMX+7CO0gGIZI=","nonce":1958265411,"seq":1,"tot":1}]
03-02 10:23:43.616 21757 22045 D RegistrationHandler: FULL_LEDGER 1958265411
03-02 10:23:44.034 21757 22017 D RegistrationHandler: FULL_LEDGER 1958265411
03-02 10:23:44.067 21757 22017 D RegistrationHandler: ACCEPTED_LEDGER 1958265411 2
03-02 10:23:44.076 21757 22017 D MulticastServer: Registration process finished: 1958265411
03-02 10:23:53.096 21757 22017 D MulticastServer: Broadcast block received {"ip":"192.168.1.96","cert":"MIIBKjCB0KADAgECAhQFGtbY2BBfIilHmVHfmz1ibePqCTAKBggqhkjOPQQDAjAVMRMwEQYDVQQDDApUVE00OTA1IENBMB4XDTIyMDMwMTE0MDg1MVoXDTIyMDMzMTE0MDg1MVowFTETMBEGA1UEAwwKNUB0ZXN0LmNvbTBZMBMGByqGSM49AgEGCCqGSM49AwEHA0IABM0SKT7roPGNC1d52qLjFf8A++6+ejGXhEz/RZOJFR1j7rRmQIgaxqH+EAJzNBYhPBDjl1Sf/Lsjr0vAoPml3eUwCgYIKoZIzj0EAwIDSQAwRgIhAPcOKfuB+KByJXxphcvx1eVN2EVlksqOSofHq3BTh+oSAiEA7+Kmz9U75Bg3JXvTLGnz/X5DqCaZD0GxKGePXFq7DUE="}
03-02 10:23:53.506 21757 22017 D MulticastServer: Broadcast block received {"ip":"192.168.1.96","cert":"MIIBKjCB0KADAgECAhQFGtbY2BBfIilHmVHfmz1ibePqCTAKBggqhkjOPQQDAjAVMRMwEQYDVQQDDApUVE00OTA1IENBMB4XDTIyMDMwMTE0MDg1MVoXDTIyMDMzMTE0MDg1MVowFTETMBEGA1UEAwwKNUB0ZXN0LmNvbTBZMBMGByqGSM49AgEGCCqGSM49AwEHA0IABM0SKT7roPGNC1d52qLjFf8A++6+ejGXhEz/RZOJFR1j7rRmQIgaxqH+EAJzNBYhPBDjl1Sf/Lsjr0vAoPml3eUwCgYIKoZIzj0EAwIDSQAwRgIhAPcOKfuB+KByJXxphcvx1eVN2EVlksqOSofHq3BTh+oSAiEA7+Kmz9U75Bg3JXvTLGnz/X5DqCaZD0GxKGePXFq7DUE="}
03-02 10:23:53.914 21757 22017 D MulticastServer: Broadcast block received {"ip":"192.168.1.96","cert":"MIIBKjCB0KADAgECAhQFGtbY2BBfIilHmVHfmz1ibePqCTAKBggqhkjOPQQDAjAVMRMwEQYDVQQDDApUVE00OTA1IENBMB4XDTIyMDMwMTE0MDg1MVoXDTIyMDMzMTE0MDg1MVowFTETMBEGA1UEAwwKNUB0ZXN0LmNvbTBZMBMGByqGSM49AgEGCCqGSM49AwEHA0IABM0SKT7roPGNC1d52qLjFf8A++6+ejGXhEz/RZOJFR1j7rRmQIgaxqH+EAJzNBYhPBDjl1Sf/Lsjr0vAoPml3eUwCgYIKoZIzj0EAwIDSQAwRgIhAPcOKfuB+KByJXxphcvx1eVN2EVlksqOSofHq3BTh+oSAiEA7+Kmz9U75Bg3JXvTLGnz/X5DqCaZD0GxKGePXFq7DUE="}
03-02 10:23:57.700 21757 22017 D MulticastServer: Registration process started with nonce: 1800448494
03-02 10:23:57.705 21757 22017 D MulticastServer: Received request for ledger with nonce: 1800448494.
03-02 10:23:57.767 21757 22045 D MulticastClient: Sent messages: [{"sender":"{\"ip\":\"192.168.1.102\",\"cert\":\"MIIBKjCB0KADAgECAhQ4Y7ju1gF20HgInu21PT9KBF9GTjAKBggqhkjOPQQDAjAVMRMwEQYDVQQDDApUVE00OTA1IENBMB4XDTIyMDMwMjA4MTMwOFoXDTIyMDQwMTA4MTMwOFowFTETMBEGA1UEAwwKMkB0ZXN0LmNvbTBZMBMGByqGSM49AgEGCCqGSM49AwEHA0IABDX5T5uShCqkaYlTAy\/9VnhpRfnnSG2sAgctv3by+PKya\/r2mK8OJaQoxOgtLPG0ySplNzqjftpvpo9Bjvd0g+8wCgYIKoZIzj0EAwIDSQAwRgIhANJZaiGCzyMc0M9Mg6RUCQNvccvHzRriGV1nkrTpgOY1AiEAri0DXI3WN0YunHCU1hOof9OsF4kPTmXqIYrI5CUW3Cw=\"}","payload":"311d1114a8fbdc49f81b8496ad90e469e40617b8bd7639123916618b1a6a1fda","mt":"LEDGER_HASH","sig":"MEUCIQCIwMr3nKedlerap07IXJ73E6r6i4R4DXXeAFhn+YM9VgIgDC+LzioTvH155bFJzLvQrdmek2CDx1rQyr0IGSzQWrk=","nonce":1800448494,"seq":0,"tot":0}]
03-02 10:23:58.262 21757 22028 D RegistrationHandler: FULL_LEDGER 1800448494
03-02 10:23:58.676 21757 22045 D RegistrationHandler: FULL_LEDGER 1800448494
03-02 10:23:58.700 21757 22045 D RegistrationHandler: ACCEPTED_LEDGER 1800448494 3
03-02 10:23:58.705 21757 22045 D MulticastServer: Registration process finished: 1800448494
03-02 10:24:07.329 21757 22045 D MulticastServer: Broadcast block received {"ip":"192.168.1.126","cert":"MIIBKTCB0KADAgECAhRYB2Z/cqTmwQTbrhYf9v5lzVW+YjAKBggqhkjOPQQDAjAVMRMwEQYDVQQDDApUVE00OTA1IENBMB4XDTIyMDMwMTE0MTYzNVoXDTIyMDMzMTE0MTYzNVowFTETMBEGA1UEAwwKNkB0ZXN0LmNvbTBZMBMGByqGSM49AgEGCCqGSM49AwEHA0IABAYvxEyQgnJqCupzRJy6aDpuP4erW5GpSxzJ8zvy/WUXQAxLhv+z1Ufnl8ibD+dvXyRrW5CWmfEfUDbHIrhH0RYwCgYIKoZIzj0EAwIDSAAwRQIgORT+4WycNDSTneeqB9XlWe9PgCi139fukuacTIRzFHMCIQCn0eHVbKOQuveD+6D+8mZsMSWoUK/4EEnmk+W3T8NSXw=="}
03-02 10:24:07.738 21757 22045 D MulticastServer: Broadcast block received {"ip":"192.168.1.126","cert":"MIIBKTCB0KADAgECAhRYB2Z/cqTmwQTbrhYf9v5lzVW+YjAKBggqhkjOPQQDAjAVMRMwEQYDVQQDDApUVE00OTA1IENBMB4XDTIyMDMwMTE0MTYzNVoXDTIyMDMzMTE0MTYzNVowFTETMBEGA1UEAwwKNkB0ZXN0LmNvbTBZMBMGByqGSM49AgEGCCqGSM49AwEHA0IABAYvxEyQgnJqCupzRJy6aDpuP4erW5GpSxzJ8zvy/WUXQAxLhv+z1Ufnl8ibD+dvXyRrW5CWmfEfUDbHIrhH0RYwCgYIKoZIzj0EAwIDSAAwRQIgORT+4WycNDSTneeqB9XlWe9PgCi139fukuacTIRzFHMCIQCn0eHVbKOQuveD+6D+8mZsMSWoUK/4EEnmk+W3T8NSXw=="}
03-02 10:24:08.147 21757 22045 D MulticastServer: Broadcast block received {"ip":"192.168.1.126","cert":"MIIBKTCB0KADAgECAhRYB2Z/cqTmwQTbrhYf9v5lzVW+YjAKBggqhkjOPQQDAjAVMRMwEQYDVQQDDApUVE00OTA1IENBMB4XDTIyMDMwMTE0MTYzNVoXDTIyMDMzMTE0MTYzNVowFTETMBEGA1UEAwwKNkB0ZXN0LmNvbTBZMBMGByqGSM49AgEGCCqGSM49AwEHA0IABAYvxEyQgnJqCupzRJy6aDpuP4erW5GpSxzJ8zvy/WUXQAxLhv+z1Ufnl8ibD+dvXyRrW5CWmfEfUDbHIrhH0RYwCgYIKoZIzj0EAwIDSAAwRQIgORT+4WycNDSTneeqB9XlWe9PgCi139fukuacTIRzFHMCIQCn0eHVbKOQuveD+6D+8mZsMSWoUK/4EEnmk+W3T8NSXw=="}
03-02 10:24:12.455 21757 22045 D MulticastServer: Registration process started with nonce: 2084379811
03-02 10:24:12.458 21757 22045 D MulticastServer: Received request for ledger with nonce: 2084379811.
03-02 10:24:12.525 21757 22028 D MulticastClient: Sent messages: [{"sender":"{\"ip\":\"192.168.1.102\",\"cert\":\"MIIBKjCB0KADAgECAhQ4Y7ju1gF20HgInu21PT9KBF9GTjAKBggqhkjOPQQDAjAVMRMwEQYDVQQDDApUVE00OTA1IENBMB4XDTIyMDMwMjA4MTMwOFoXDTIyMDQwMTA4MTMwOFowFTETMBEGA1UEAwwKMkB0ZXN0LmNvbTBZMBMGByqGSM49AgEGCCqGSM49AwEHA0IABDX5T5uShCqkaYlTAy\/9VnhpRfnnSG2sAgctv3by+PKya\/r2mK8OJaQoxOgtLPG0ySplNzqjftpvpo9Bjvd0g+8wCgYIKoZIzj0EAwIDSQAwRgIhANJZaiGCzyMc0M9Mg6RUCQNvccvHzRriGV1nkrTpgOY1AiEAri0DXI3WN0YunHCU1hOof9OsF4kPTmXqIYrI5CUW3Cw=\"}","payload":"be27adff8a5ed0f040a91db4622ae1174bc3e895da677eb2b413c67351410350","mt":"LEDGER_HASH","sig":"MEUCIQCo\/O4VUW2CUZ9zbEufW7yxTk9ba\/kvkkLXDniXuy\/8OQIgc4BKG6QW5apcPGzDcXgmYe3k9ZJqsls0LPMHn4o7XNA=","nonce":2084379811,"seq":0,"tot":0}]
03-02 10:24:12.580 21757 22045 D MulticastServer: Received hash from 3@test.com: be27adff8a5ed0f040a91db4622ae1174bc3e895da677eb2b413c67351410350
03-02 10:24:12.584 21757 22018 D RegistrationHandler: FULL_LEDGER 2084379811
03-02 10:24:12.595 21757 22018 D RegistrationHandler: ACCEPTED_LEDGER 2084379811 4
03-02 10:24:12.600 21757 22018 D MulticastServer: Registration process finished: 2084379811
03-02 10:24:13.164 21757 22045 D MulticastServer: Broadcast block received {"ip":"192.168.1.90","cert":"MIIBKDCB0KADAgECAhQZbAmWWVr2VWp+hFAg1X7cJgO4sTAKBggqhkjOPQQDAjAVMRMwEQYDVQQDDApUVE00OTA1IENBMB4XDTIyMDMwMjA4MDg0NVoXDTIyMDQwMTA4MDg0NVowFTETMBEGA1UEAwwKMUB0ZXN0LmNvbTBZMBMGByqGSM49AgEGCCqGSM49AwEHA0IABM7xqjGMR7J9YHsC1Nm1FVwXeRWX2YBLnrPvjQWFuNoFCn6ZLLlFcCzFVHJJP3qKi5y+NQjSRLB7AWHDUv+DNT0wCgYIKoZIzj0EAwIDRwAwRAIgJih2I7KaHzCQQafhi8S+ulGfbkwGvOEmNjqTUInGhcUCIBGEnZPXeVvz1i5p7m0Y12Se4ZiumkNaeIWdn7SbRoir"}
03-02 10:24:13.474 21757 22028 D MulticastServer: Broadcast block received {"ip":"192.168.1.90","cert":"MIIBKDCB0KADAgECAhQZbAmWWVr2VWp+hFAg1X7cJgO4sTAKBggqhkjOPQQDAjAVMRMwEQYDVQQDDApUVE00OTA1IENBMB4XDTIyMDMwMjA4MDg0NVoXDTIyMDQwMTA4MDg0NVowFTETMBEGA1UEAwwKMUB0ZXN0LmNvbTBZMBMGByqGSM49AgEGCCqGSM49AwEHA0IABM7xqjGMR7J9YHsC1Nm1FVwXeRWX2YBLnrPvjQWFuNoFCn6ZLLlFcCzFVHJJP3qKi5y+NQjSRLB7AWHDUv+DNT0wCgYIKoZIzj0EAwIDRwAwRAIgJih2I7KaHzCQQafhi8S+ulGfbkwGvOEmNjqTUInGhcUCIBGEnZPXeVvz1i5p7m0Y12Se4ZiumkNaeIWdn7SbRoir"}
03-02 10:24:27.705 21757 22028 D MulticastServer: Registration process started with nonce: 834769229
03-02 10:24:27.710 21757 22028 D MulticastServer: Received request for ledger with nonce: 834769229.
03-02 10:24:27.783 21757 22018 D MulticastClient: Sent messages: [{"sender":"{\"ip\":\"192.168.1.102\",\"cert\":\"MIIBKjCB0KADAgECAhQ4Y7ju1gF20HgInu21PT9KBF9GTjAKBggqhkjOPQQDAjAVMRMwEQYDVQQDDApUVE00OTA1IENBMB4XDTIyMDMwMjA4MTMwOFoXDTIyMDQwMTA4MTMwOFowFTETMBEGA1UEAwwKMkB0ZXN0LmNvbTBZMBMGByqGSM49AgEGCCqGSM49AwEHA0IABDX5T5uShCqkaYlTAy\/9VnhpRfnnSG2sAgctv3by+PKya\/r2mK8OJaQoxOgtLPG0ySplNzqjftpvpo9Bjvd0g+8wCgYIKoZIzj0EAwIDSQAwRgIhANJZaiGCzyMc0M9Mg6RUCQNvccvHzRriGV1nkrTpgOY1AiEAri0DXI3WN0YunHCU1hOof9OsF4kPTmXqIYrI5CUW3Cw=\"}","payload":"537b0ea31ebf925fa5c6af9ab92c308acf3f1c601d20463bf1d7cd5ee43e5ef4","mt":"LEDGER_HASH","sig":"MEUCIQCDNg3Ao7EYaJOZGmOqEqHels6xReKJJv\/IikTJtq15ZQIgUgfG5VFLPQn7SxGypXwPdOzRRNik1nQxJSAvsuypj4I=","nonce":834769229,"seq":0,"tot":0}]
03-02 10:24:27.813 21757 22045 D MulticastServer: Received hash from 1@test.com: 537b0ea31ebf925fa5c6af9ab92c308acf3f1c601d20463bf1d7cd5ee43e5ef4
03-02 10:24:27.910 21757 22045 D MulticastServer: Received hash from 3@test.com: 537b0ea31ebf925fa5c6af9ab92c308acf3f1c601d20463bf1d7cd5ee43e5ef4
03-02 10:24:28.261 21757 22017 D MulticastServer: Received hash from 3@test.com: 537b0ea31ebf925fa5c6af9ab92c308acf3f1c601d20463bf1d7cd5ee43e5ef4
03-02 10:24:28.276 21757 22045 D RegistrationHandler: FULL_LEDGER 834769229
03-02 10:24:28.298 21757 22045 D RegistrationHandler: ACCEPTED_LEDGER 834769229 5
03-02 10:24:28.307 21757 22045 D MulticastServer: Registration process finished: 834769229
03-02 10:24:28.429 21757 22045 D MulticastServer: Broadcast block received {"ip":"192.168.1.97","cert":"MIIBKTCB0KADAgECAhQa8Bd7lH/BLTyi7ywd3y9YYSzkrDAKBggqhkjOPQQDAjAVMRMwEQYDVQQDDApUVE00OTA1IENBMB4XDTIyMDMwMTE0MDczNloXDTIyMDMzMTE0MDczNlowFTETMBEGA1UEAwwKNEB0ZXN0LmNvbTBZMBMGByqGSM49AgEGCCqGSM49AwEHA0IABFrZCEM2z1G1fZpGXj9xAJVyw+42wNc+1Oh3OKk5VRIc59yR1r148usPgG5mreOanaKvWR1KjIOl3HTLksn8RnowCgYIKoZIzj0EAwIDSAAwRQIhAKAKAwK83UAGas8l7ThnEHKwV0I7DisWJ0yDYNVZVUusAiAzZGLYe63aJer14gingjWvIIMLb+EEx1ysVZJxKqm6iw=="}
03-02 10:24:29.139 21757 22059 D MulticastServer: Broadcast block received {"ip":"192.168.1.97","cert":"MIIBKTCB0KADAgECAhQa8Bd7lH/BLTyi7ywd3y9YYSzkrDAKBggqhkjOPQQDAjAVMRMwEQYDVQQDDApUVE00OTA1IENBMB4XDTIyMDMwMTE0MDczNloXDTIyMDMzMTE0MDczNlowFTETMBEGA1UEAwwKNEB0ZXN0LmNvbTBZMBMGByqGSM49AgEGCCqGSM49AwEHA0IABFrZCEM2z1G1fZpGXj9xAJVyw+42wNc+1Oh3OKk5VRIc59yR1r148usPgG5mreOanaKvWR1KjIOl3HTLksn8RnowCgYIKoZIzj0EAwIDSAAwRQIhAKAKAwK83UAGas8l7ThnEHKwV0I7DisWJ0yDYNVZVUusAiAzZGLYe63aJer14gingjWvIIMLb+EEx1ysVZJxKqm6iw=="}
03-02 10:24:37.842 21757 22059 D MulticastServer: Received request for 3@test.com to send ledger with hash 537b0ea31ebf925fa5c6af9ab92c308acf3f1c601d20463bf1d7cd5ee43e5ef4
03-02 10:24:38.253 21757 22059 D MulticastServer: Received request for 3@test.com to send ledger with hash 537b0ea31ebf925fa5c6af9ab92c308acf3f1c601d20463bf1d7cd5ee43e5ef4
03-02 10:24:38.254 21757 22059 D MulticastServer: Received request for 3@test.com to send ledger with hash 537b0ea31ebf925fa5c6af9ab92c308acf3f1c601d20463bf1d7cd5ee43e5ef4
03-02 10:24:38.662 21757 22059 D MulticastServer: Received request for 3@test.com to send ledger with hash 537b0ea31ebf925fa5c6af9ab92c308acf3f1c601d20463bf1d7cd5ee43e5ef4
03-02 10:24:38.664 21757 22059 D MulticastServer: Received request for 3@test.com to send ledger with hash 537b0ea31ebf925fa5c6af9ab92c308acf3f1c601d20463bf1d7cd5ee43e5ef4
03-02 10:24:38.761 21757 22059 D MulticastServer: Received request for 2@test.com to send ledger with hash 537b0ea31ebf925fa5c6af9ab92c308acf3f1c601d20463bf1d7cd5ee43e5ef4
03-02 10:24:39.091 21757 22059 D MulticastServer: Received request for 3@test.com to send ledger with hash 537b0ea31ebf925fa5c6af9ab92c308acf3f1c601d20463bf1d7cd5ee43e5ef4
03-02 10:24:39.169 21757 22059 D MulticastServer: Received request for 2@test.com to send ledger with hash 537b0ea31ebf925fa5c6af9ab92c308acf3f1c601d20463bf1d7cd5ee43e5ef4
03-02 10:24:39.480 21757 22059 D MulticastServer: Received request for 2@test.com to send ledger with hash 537b0ea31ebf925fa5c6af9ab92c308acf3f1c601d20463bf1d7cd5ee43e5ef4
round 4 of 10
03-02 10:24:47.755 21928 22121 D MulticastServer: MULTICAST_SERVER_LISTENING
03-02 10:24:47.759 21928 22123 D MulticastServer: Registration process started with nonce: 1621131102
03-02 10:24:47.767 21928 22127 D MulticastClient: Sent messages: [{"sender":"","payload":"","mt":"REQUEST_LEDGER","sig":"","nonce":1621131102,"seq":0,"tot":0}]
03-02 10:24:48.763 21928 22125 D RegistrationHandler: 1621131102 Registration started
03-02 10:24:48.794 21928 22125 D MulticastServer: Registration process finished: 1621131102
03-02 10:24:48.797 21928 22137 D MulticastClient: Sent messages: [{"sender":"2@test.com","payload":"{\"ip\":\"192.168.1.102\",\"cert\":\"MIIBKjCB0KADAgECAhQ4Y7ju1gF20HgInu21PT9KBF9GTjAKBggqhkjOPQQDAjAVMRMwEQYDVQQDDApUVE00OTA1IENBMB4XDTIyMDMwMjA4MTMwOFoXDTIyMDQwMTA4MTMwOFowFTETMBEGA1UEAwwKMkB0ZXN0LmNvbTBZMBMGByqGSM49AgEGCCqGSM49AwEHA0IABDX5T5uShCqkaYlTAy\/9VnhpRfnnSG2sAgctv3by+PKya\/r2mK8OJaQoxOgtLPG0ySplNzqjftpvpo9Bjvd0g+8wCgYIKoZIzj0EAwIDSQAwRgIhANJZaiGCzyMc0M9Mg6RUCQNvccvHzRriGV1nkrTpgOY1AiEAri0DXI3WN0YunHCU1hOof9OsF4kPTmXqIYrI5CUW3Cw=\"}","mt":"BROADCAST_BLOCK","sig":"MEUCIQDXwkHB+Gk6dE3rXyVf151Q5+6zwkczUFdM9lzn6Wt9sQIgWsW3u\/7k\/OfQVmIWF2GBcOm4AKoTJOZ+aKr6PpJhqhg=","nonce":1621131102,"seq":0,"tot":0}]
03-02 10:25:03.032 21928 22137 D MulticastServer: Registration process started with nonce: 469872982
03-02 10:25:03.035 21928 22137 D MulticastServer: Received request for ledger with nonce: 469872982.
03-02 10:25:03.096 21928 22140 D MulticastClient: Sent messages: [{"sender":"{\"ip\":\"192.168.1.102\",\"cert\":\"MIIBKjCB0KADAgECAhQ4Y7ju1gF20HgInu21PT9KBF9GTjAKBggqhkjOPQQDAjAVMRMwEQYDVQQDDApUVE00OTA1IENBMB4XDTIyMDMwMjA4MTMwOFoXDTIyMDQwMTA4MTMwOFowFTETMBEGA1UEAwwKMkB0ZXN0LmNvbTBZMBMGByqGSM49AgEGCCqGSM49AwEHA0IABDX5T5uShCqkaYlTAy\/9VnhpRfnnSG2sAgctv3by+PKya\/r2mK8OJaQoxOgtLPG0ySplNzqjftpvpo9Bjvd0g+8wCgYIKoZIzj0EAwIDSQAwRgIhANJZaiGCzyMc0M9Mg6RUCQNvccvHzRriGV1nkrTpgOY1AiEAri0DXI3WN0YunHCU1hOof9OsF4kPTmXqIYrI5CUW3Cw=\"}","payload":"{\"ip\":\"192.168.1.102\",\"cert\":\"MIIBKjCB0KADAgECAhQ4Y7ju1gF20HgInu21PT9KBF9GTjAKBggqhkjOPQQDAjAVMRMwEQYDVQQDDApUVE00OTA1IENBMB4XDTIyMDMwMjA4MTMwOFoXDTIyMDQwMTA4MTMwOFowFTETMBEGA1UEAwwKMkB0ZXN0LmNvbTBZMBMGByqGSM49AgEGCCqGSM49AwEHA0IABDX5T5uShCqkaYlTAy\/9VnhpRfnnSG2sAgctv3by+PKya\/r2mK8OJaQoxOgtLPG0ySplNzqjftpvpo9Bjvd0g+8wCgYIKoZIzj0EAwIDSQAwRgIhANJZaiGCzyMc0M9Mg6RUCQNvccvHzRriGV1nkrTpgOY1AiEAri0DXI3WN0YunHCU1hOof9OsF4kPTmXqIYrI5CUW3Cw=\"}","mt":"FULL_LEDGER","sig":"MEUCIHcBoZ+StFRqEM5Q7JVR1DPJrOjxyvl9auvaGtNo\/y1KAiEA4jxXeOOKulviVLPAkLJ33yn2zqrnw+g8M0LqG4\/dC9U=","nonce":469872982,"seq":0,"tot":0}]
03-02 10:25:13.068 21928 22140 D MulticastServer: Broadcast block received {"ip":"192.168.1.150","cert":"MIIBKTCB0KADAgECAhQx2drGMEbzx2qb3kW8xg1ERD77ejAKBggqhkjOPQQDAjAVMRMwEQYDVQQDDApUVE00OTA1IENBMB4XDTIyMDMwMTE0MDYwNloXDTIyMDMzMTE0MDYwNlowFTETMBEGA1UEAwwKM0B0ZXN0LmNvbTBZMBMGByqGSM49AgEGCCqGSM49AwEHA0IABC+xOTkmX6a0H6eidB85Da0CbmYg10XwNz19SCaEheU1Pnhjz+I+DyVNXvPft4T5YY/Na+qO1xeH4N82RLPGZG4wCgYIKoZIzj0EAwIDSAAwRQIhAKM4Xl1DGHfOv0umGOVlytMmTlJ1lGbeQ1ln5eQsN/WUAiAXF9+WZLpST68j+XxOh/6IwCRmaU38MkDIIKAlomW4dg=="}
03-02 10:25:13.088 21928 22148 D RegistrationHandler: ACCEPTED_LEDGER 469872982 1
03-02 10:25:13.096 21928 22148 D MulticastServer: Registration process finished: 469872982
03-02 10:25:13.480 21928 22140 D MulticastServer: Broadcast block received {"ip":"192.168.1.150","cert":"MIIBKTCB0KADAgECAhQx2drGMEbzx2qb3kW8xg1ERD77ejAKBggqhkjOPQQDAjAVMRMwEQYDVQQDDApUVE00OTA1IENBMB4XDTIyMDMwMTE0MDYwNloXDTIyMDMzMTE0MDYwNlowFTETMBEGA1UEAwwKM0B0ZXN0LmNvbTBZMBMGByqGSM49AgEGCCqGSM49AwEHA0IABC+xOTkmX6a0H6eidB85Da0CbmYg10XwNz19SCaEheU1Pnhjz+I+DyVNXvPft4T5YY/Na+qO1xeH4N82RLPGZG4wCgYIKoZIzj0EAwIDSAAwRQIhAKM4Xl1DGHfOv0umGOVlytMmTlJ1lGbeQ1ln5eQsN/WUAiAXF9+WZLpST68j+XxOh/6IwCRmaU38MkDIIKAlomW4dg=="}
03-02 10:25:13.890 21928 22140 D MulticastServer: Broadcast block received {"ip":"192.168.1.150","cert":"MIIBKTCB0KADAgECAhQx2drGMEbzx2qb3kW8xg1ERD77ejAKBggqhkjOPQQDAjAVMRMwEQYDVQQDDApUVE00OTA1IENBMB4XDTIyMDMwMTE0MDYwNloXDTIyMDMzMTE0MDYwNlowFTETMBEGA1UEAwwKM0B0ZXN0LmNvbTBZMBMGByqGSM49AgEGCCqGSM49AwEHA0IABC+xOTkmX6a0H6eidB85Da0CbmYg10XwNz19SCaEheU1Pnhjz+I+DyVNXvPft4T5YY/Na+qO1xeH4N82RLPGZG4wCgYIKoZIzj0EAwIDSAAwRQIhAKM4Xl1DGHfOv0umGOVlytMmTlJ1lGbeQ1ln5eQsN/WUAiAXF9+WZLpST68j+XxOh/6IwCRmaU38MkDIIKAlomW4dg=="}
03-02 10:25:18.412 21928 22140 D MulticastServer: Registration process started with nonce: 805510549
03-02 10:25:18.414 21928 22127 D MulticastServer: Registration process started with nonce: 805510549
03-02 10:25:19.288 21928 22140 D RegistrationHandler: FULL_LEDGER 805510549
03-02 10:25:19.422 21928 22154 D MulticastServer: Registration process finished: 805510549
03-02 10:25:28.329 21928 22140 D MulticastServer: Broadcast block received {"ip":"192.168.1.96","cert":"MIIBKjCB0KADAgECAhQFGtbY2BBfIilHmVHfmz1ibePqCTAKBggqhkjOPQQDAjAVMRMwEQYDVQQDDApUVE00OTA1IENBMB4XDTIyMDMwMTE0MDg1MVoXDTIyMDMzMTE0MDg1MVowFTETMBEGA1UEAwwKNUB0ZXN0LmNvbTBZMBMGByqGSM49AgEGCCqGSM49AwEHA0IABM0SKT7roPGNC1d52qLjFf8A++6+ejGXhEz/RZOJFR1j7rRmQIgaxqH+EAJzNBYhPBDjl1Sf/Lsjr0vAoPml3eUwCgYIKoZIzj0EAwIDSQAwRgIhAPcOKfuB+KByJXxphcvx1eVN2EVlksqOSofHq3BTh+oSAiEA7+Kmz9U75Bg3JXvTLGnz/X5DqCaZD0GxKGePXFq7DUE="}
03-02 10:25:28.424 21928 22155 D RegistrationHandler: ACCEPTED_LEDGER 805510549 2
03-02 10:25:28.739 21928 22140 D MulticastServer: Broadcast block received {"ip":"192.168.1.96","cert":"MIIBKjCB0KADAgECAhQFGtbY2BBfIilHmVHfmz1ibePqCTAKBggqhkjOPQQDAjAVMRMwEQYDVQQDDApUVE00OTA1IENBMB4XDTIyMDMwMTE0MDg1MVoXDTIyMDMzMTE0MDg1MVowFTETMBEGA1UEAwwKNUB0ZXN0LmNvbTBZMBMGByqGSM49AgEGCCqGSM49AwEHA0IABM0SKT7roPGNC1d52qLjFf8A++6+ejGXhEz/RZOJFR1j7rRmQIgaxqH+EAJzNBYhPBDjl1Sf/Lsjr0vAoPml3eUwCgYIKoZIzj0EAwIDSQAwRgIhAPcOKfuB+KByJXxphcvx1eVN2EVlksqOSofHq3BTh+oSAiEA7+Kmz9U75Bg3JXvTLGnz/X5DqCaZD0GxKGePXFq7DUE="}
03-02 10:25:32.526 21928 22140 D MulticastServer: Registration process started with nonce: 858145027
03-02 10:25:32.530 21928 22140 D MulticastServer: Received request for ledger with nonce: 858145027.
03-02 10:25:32.601 21928 22129 D MulticastClient: Sent messages: [{"sender":"{\"ip\":\"192.168.1.102\",\"cert\":\"MIIBKjCB0KADAgECAhQ4Y7ju1gF20HgInu21PT9KBF9GTjAKBggqhkjOPQQDAjAVMRMwEQYDVQQDDApUVE00OTA1IENBMB4XDTIyMDMwMjA4MTMwOFoXDTIyMDQwMTA4MTMwOFowFTETMBEGA1UEAwwKMkB0ZXN0LmNvbTBZMBMGByqGSM49AgEGCCqGSM49AwEHA0IABDX5T5uShCqkaYlTAy\/9VnhpRfnnSG2sAgctv3by+PKya\/r2mK8OJaQoxOgtLPG0ySplNzqjftpvpo9Bjvd0g+8wCgYIKoZIzj0EAwIDSQAwRgIhANJZaiGCzyMc0M9Mg6RUCQNvccvHzRriGV1nkrTpgOY1AiEAri0DXI3WN0YunHCU1hOof9OsF4kPTmXqIYrI5CUW3Cw=\"}","payload":"311d1114a8fbdc49f81b8496ad90e469e40617b8bd7639123916618b1a6a1fda","mt":"LEDGER_HASH","sig":"MEQCIGhsBzwPZHxESDavCRaD81Ht0VEL3kAafbDJIEBa08guAiBYoD4FOj\/tbtwX+HbkPhf4cQnwjE\/btrU5jeAriKg\/CQ==","nonce":858145027,"seq":0,"tot":0}]
03-02 10:25:33.496 21928 22137 D RegistrationHandler: FULL_LEDGER 858145027
03-02 10:25:33.497 21928 22129 D RegistrationHandler: FULL_LEDGER 858145027
03-02 10:25:33.520 21928 22129 D RegistrationHandler: ACCEPTED_LEDGER 858145027 3
03-02 10:25:33.525 21928 22129 D MulticastServer: Registration process finished: 858145027
03-02 10:25:34.063 21928 22129 D MulticastServer: Broadcast block received {"ip":"192.168.1.126","cert":"MIIBKTCB0KADAgECAhRYB2Z/cqTmwQTbrhYf9v5lzVW+YjAKBggqhkjOPQQDAjAVMRMwEQYDVQQDDApUVE00OTA1IENBMB4XDTIyMDMwMTE0MTYzNVoXDTIyMDMzMTE0MTYzNVowFTETMBEGA1UEAwwKNkB0ZXN0LmNvbTBZMBMGByqGSM49AgEGCCqGSM49AwEHA0IABAYvxEyQgnJqCupzRJy6aDpuP4erW5GpSxzJ8zvy/WUXQAxLhv+z1Ufnl8ibD+dvXyRrW5CWmfEfUDbHIrhH0RYwCgYIKoZIzj0EAwIDSAAwRQIgORT+4WycNDSTneeqB9XlWe9PgCi139fukuacTIRzFHMCIQCn0eHVbKOQuveD+6D+8mZsMSWoUK/4EEnmk+W3T8NSXw=="}
03-02 10:25:34.478 21928 22129 D MulticastServer: Broadcast block received {"ip":"192.168.1.126","cert":"MIIBKTCB0KADAgECAhRYB2Z/cqTmwQTbrhYf9v5lzVW+YjAKBggqhkjOPQQDAjAVMRMwEQYDVQQDDApUVE00OTA1IENBMB4XDTIyMDMwMTE0MTYzNVoXDTIyMDMzMTE0MTYzNVowFTETMBEGA1UEAwwKNkB0ZXN0LmNvbTBZMBMGByqGSM49AgEGCCqGSM49AwEHA0IABAYvxEyQgnJqCupzRJy6aDpuP4erW5GpSxzJ8zvy/WUXQAxLhv+z1Ufnl8ibD+dvXyRrW5CWmfEfUDbHIrhH0RYwCgYIKoZIzj0EAwIDSAAwRQIgORT+4WycNDSTneeqB9XlWe9PgCi139fukuacTIRzFHMCIQCn0eHVbKOQuveD+6D+8mZsMSWoUK/4EEnmk+W3T8NSXw=="}
03-02 10:25:47.678 21928 22129 D MulticastServer: Registration process started with nonce: 2079285607
03-02 10:25:47.683 21928 22129 D MulticastServer: Received request for ledger with nonce: 2079285607.
03-02 10:25:47.748 21928 22127 D MulticastClient: Sent messages: [{"sender":"{\"ip\":\"192.168.1.102\",\"cert\":\"MIIBKjCB0KADAgECAhQ4Y7ju1gF20HgInu21PT9KBF9GTjAKBggqhkjOPQQDAjAVMRMwEQYDVQQDDApUVE00OTA1IENBMB4XDTIyMDMwMjA4MTMwOFoXDTIyMDQwMTA4MTMwOFowFTETMBEGA1UEAwwKMkB0ZXN0LmNvbTBZMBMGByqGSM49AgEGCCqGSM49AwEHA0IABDX5T5uShCqkaYlTAy\/9VnhpRfnnSG2sAgctv3by+PKya\/r2mK8OJaQoxOgtLPG0ySplNzqjftpvpo9Bjvd0g+8wCgYIKoZIzj0EAwIDSQAwRgIhANJZaiGCzyMc0M9Mg6RUCQNvccvHzRriGV1nkrTpgOY1AiEAri0DXI3WN0YunHCU1hOof9OsF4kPTmXqIYrI5CUW3Cw=\"}","payload":"be27adff8a5ed0f040a91db4622ae1174bc3e895da677eb2b413c67351410350","mt":"LEDGER_HASH","sig":"MEUCICICn0GwBiqmHuRLlXl07leQwxNfnsArDwPRoR4BTiSAAiEAsXihrfhXhchT+g4oTjCANVGPJhnXnES7yYg\/hQk3cSM=","nonce":2079285607,"seq":0,"tot":0}]
03-02 10:25:47.818 21928 22140 D RegistrationHandler: FULL_LEDGER 2079285607
03-02 10:25:47.854 21928 22140 D MulticastServer: Received hash from 3@test.com: be27adff8a5ed0f040a91db4622ae1174bc3e895da677eb2b413c67351410350
03-02 10:25:48.296 21928 22140 D MulticastServer: Broadcast block received {"ip":"192.168.1.90","cert":"MIIBKDCB0KADAgECAhQZbAmWWVr2VWp+hFAg1X7cJgO4sTAKBggqhkjOPQQDAjAVMRMwEQYDVQQDDApUVE00OTA1IENBMB4XDTIyMDMwMjA4MDg0NVoXDTIyMDQwMTA4MDg0NVowFTETMBEGA1UEAwwKMUB0ZXN0LmNvbTBZMBMGByqGSM49AgEGCCqGSM49AwEHA0IABM7xqjGMR7J9YHsC1Nm1FVwXeRWX2YBLnrPvjQWFuNoFCn6ZLLlFcCzFVHJJP3qKi5y+NQjSRLB7AWHDUv+DNT0wCgYIKoZIzj0EAwIDRwAwRAIgJih2I7KaHzCQQafhi8S+ulGfbkwGvOEmNjqTUInGhcUCIBGEnZPXeVvz1i5p7m0Y12Se4ZiumkNaeIWdn7SbRoir"}
03-02 10:25:48.726 21928 22127 D RegistrationHandler: FULL_LEDGER 2079285607
03-02 10:25:48.752 21928 22127 D RegistrationHandler: ACCEPTED_LEDGER 2079285607 4
03-02 10:25:48.759 21928 22127 D MulticastServer: Registration process finished: 2079285607
03-02 10:25:48.777 21928 22127 D MulticastServer: Broadcast block received {"ip":"192.168.1.90","cert":"MIIBKDCB0KADAgECAhQZbAmWWVr2VWp+hFAg1X7cJgO4sTAKBggqhkjOPQQDAjAVMRMwEQYDVQQDDApUVE00OTA1IENBMB4XDTIyMDMwMjA4MDg0NVoXDTIyMDQwMTA4MDg0NVowFTETMBEGA1UEAwwKMUB0ZXN0LmNvbTBZMBMGByqGSM49AgEGCCqGSM49AwEHA0IABM7xqjGMR7J9YHsC1Nm1FVwXeRWX2YBLnrPvjQWFuNoFCn6ZLLlFcCzFVHJJP3qKi5y+NQjSRLB7AWHDUv+DNT0wCgYIKoZIzj0EAwIDRwAwRAIgJih2I7KaHzCQQafhi8S+ulGfbkwGvOEmNjqTUInGhcUCIBGEnZPXeVvz1i5p7m0Y12Se4ZiumkNaeIWdn7SbRoir"}
03-02 10:26:02.942 21928 22127 D MulticastServer: Registration process started with nonce: 105310725
03-02 10:26:02.947 21928 22127 D MulticastServer: Received request for ledger with nonce: 105310725.
03-02 10:26:03.008 21928 22140 D MulticastClient: Sent messages: [{"sender":"{\"ip\":\"192.168.1.102\",\"cert\":\"MIIBKjCB0KADAgECAhQ4Y7ju1gF20HgInu21PT9KBF9GTjAKBggqhkjOPQQDAjAVMRMwEQYDVQQDDApUVE00OTA1IENBMB4XDTIyMDMwMjA4MTMwOFoXDTIyMDQwMTA4MTMwOFowFTETMBEGA1UEAwwKMkB0ZXN0LmNvbTBZMBMGByqGSM49AgEGCCqGSM49AwEHA0IABDX5T5uShCqkaYlTAy\/9VnhpRfnnSG2sAgctv3by+PKya\/r2mK8OJaQoxOgtLPG0ySplNzqjftpvpo9Bjvd0g+8wCgYIKoZIzj0EAwIDSQAwRgIhANJZaiGCzyMc0M9Mg6RUCQNvccvHzRriGV1nkrTpgOY1AiEAri0DXI3WN0YunHCU1hOof9OsF4kPTmXqIYrI5CUW3Cw=\"}","payload":"537b0ea31ebf925fa5c6af9ab92c308acf3f1c601d20463bf1d7cd5ee43e5ef4","mt":"LEDGER_HASH","sig":"MEUCIBKM5ZJ\/42ihJiJi9udkE2ttWpHDju5b1nF64VtFp2lkAiEA2qEZzMCrGnkyxBcxOnL36EnmoF2qpuwECxC5V4G6U8Y=","nonce":105310725,"seq":0,"tot":0}]
03-02 10:26:03.079 21928 22129 D MulticastServer: Received hash from 1@test.com: 537b0ea31ebf925fa5c6af9ab92c308acf3f1c601d20463bf1d7cd5ee43e5ef4
03-02 10:26:03.086 21928 22127 D RegistrationHandler: FULL_LEDGER 105310725
03-02 10:26:03.131 21928 22127 D MulticastServer: Received hash from 3@test.com: 537b0ea31ebf925fa5c6af9ab92c308acf3f1c601d20463bf1d7cd5ee43e5ef4
03-02 10:26:03.572 21928 22127 D MulticastServer: Received hash from 1@test.com: 537b0ea31ebf925fa5c6af9ab92c308acf3f1c601d20463bf1d7cd5ee43e5ef4
03-02 10:26:03.572 21928 22129 D MulticastServer: Received hash from 3@test.com: 537b0ea31ebf925fa5c6af9ab92c308acf3f1c601d20463bf1d7cd5ee43e5ef4
03-02 10:26:03.931 21928 22140 D MulticastServer: Received hash from 1@test.com: 537b0ea31ebf925fa5c6af9ab92c308acf3f1c601d20463bf1d7cd5ee43e5ef4
03-02 10:26:03.984 21928 22127 D RegistrationHandler: FULL_LEDGER 105310725
03-02 10:26:03.987 21928 22140 D RegistrationHandler: FULL_LEDGER 105310725
03-02 10:26:04.008 21928 22127 D RegistrationHandler: ACCEPTED_LEDGER 105310725 5
03-02 10:26:04.009 21928 22140 D RegistrationHandler: ACCEPTED_LEDGER 105310725 5
03-02 10:26:04.015 21928 22127 D MulticastServer: Registration process finished: 105310725
03-02 10:26:12.974 21928 22140 D MulticastServer: Broadcast block received {"ip":"192.168.1.97","cert":"MIIBKTCB0KADAgECAhQa8Bd7lH/BLTyi7ywd3y9YYSzkrDAKBggqhkjOPQQDAjAVMRMwEQYDVQQDDApUVE00OTA1IENBMB4XDTIyMDMwMTE0MDczNloXDTIyMDMzMTE0MDczNlowFTETMBEGA1UEAwwKNEB0ZXN0LmNvbTBZMBMGByqGSM49AgEGCCqGSM49AwEHA0IABFrZCEM2z1G1fZpGXj9xAJVyw+42wNc+1Oh3OKk5VRIc59yR1r148usPgG5mreOanaKvWR1KjIOl3HTLksn8RnowCgYIKoZIzj0EAwIDSAAwRQIhAKAKAwK83UAGas8l7ThnEHKwV0I7DisWJ0yDYNVZVUusAiAzZGLYe63aJer14gingjWvIIMLb+EEx1ysVZJxKqm6iw=="}
03-02 10:26:13.487 21928 22140 D MulticastServer: Broadcast block received {"ip":"192.168.1.97","cert":"MIIBKTCB0KADAgECAhQa8Bd7lH/BLTyi7ywd3y9YYSzkrDAKBggqhkjOPQQDAjAVMRMwEQYDVQQDDApUVE00OTA1IENBMB4XDTIyMDMwMTE0MDczNloXDTIyMDMzMTE0MDczNlowFTETMBEGA1UEAwwKNEB0ZXN0LmNvbTBZMBMGByqGSM49AgEGCCqGSM49AwEHA0IABFrZCEM2z1G1fZpGXj9xAJVyw+42wNc+1Oh3OKk5VRIc59yR1r148usPgG5mreOanaKvWR1KjIOl3HTLksn8RnowCgYIKoZIzj0EAwIDSAAwRQIhAKAKAwK83UAGas8l7ThnEHKwV0I7DisWJ0yDYNVZVUusAiAzZGLYe63aJer14gingjWvIIMLb+EEx1ysVZJxKqm6iw=="}
03-02 10:26:13.792 21928 22140 D MulticastServer: Broadcast block received {"ip":"192.168.1.97","cert":"MIIBKTCB0KADAgECAhQa8Bd7lH/BLTyi7ywd3y9YYSzkrDAKBggqhkjOPQQDAjAVMRMwEQYDVQQDDApUVE00OTA1IENBMB4XDTIyMDMwMTE0MDczNloXDTIyMDMzMTE0MDczNlowFTETMBEGA1UEAwwKNEB0ZXN0LmNvbTBZMBMGByqGSM49AgEGCCqGSM49AwEHA0IABFrZCEM2z1G1fZpGXj9xAJVyw+42wNc+1Oh3OKk5VRIc59yR1r148usPgG5mreOanaKvWR1KjIOl3HTLksn8RnowCgYIKoZIzj0EAwIDSAAwRQIhAKAKAwK83UAGas8l7ThnEHKwV0I7DisWJ0yDYNVZVUusAiAzZGLYe63aJer14gingjWvIIMLb+EEx1ysVZJxKqm6iw=="}
round 5 of 10
03-02 10:26:22.696 22031 22718 D MulticastServer: MULTICAST_SERVER_LISTENING
03-02 10:26:22.701 22031 22720 D MulticastServer: Registration process started with nonce: 402620055
03-02 10:26:22.708 22031 22719 D MulticastClient: Sent messages: [{"sender":"","payload":"","mt":"REQUEST_LEDGER","sig":"","nonce":402620055,"seq":0,"tot":0}]
03-02 10:26:23.705 22031 22722 D RegistrationHandler: 402620055 Registration started
03-02 10:26:23.735 22031 22722 D MulticastServer: Registration process finished: 402620055
03-02 10:26:23.738 22031 22719 D MulticastClient: Sent messages: [{"sender":"2@test.com","payload":"{\"ip\":\"192.168.1.102\",\"cert\":\"MIIBKjCB0KADAgECAhQ4Y7ju1gF20HgInu21PT9KBF9GTjAKBggqhkjOPQQDAjAVMRMwEQYDVQQDDApUVE00OTA1IENBMB4XDTIyMDMwMjA4MTMwOFoXDTIyMDQwMTA4MTMwOFowFTETMBEGA1UEAwwKMkB0ZXN0LmNvbTBZMBMGByqGSM49AgEGCCqGSM49AwEHA0IABDX5T5uShCqkaYlTAy\/9VnhpRfnnSG2sAgctv3by+PKya\/r2mK8OJaQoxOgtLPG0ySplNzqjftpvpo9Bjvd0g+8wCgYIKoZIzj0EAwIDSQAwRgIhANJZaiGCzyMc0M9Mg6RUCQNvccvHzRriGV1nkrTpgOY1AiEAri0DXI3WN0YunHCU1hOof9OsF4kPTmXqIYrI5CUW3Cw=\"}","mt":"BROADCAST_BLOCK","sig":"MEUCIGUzoQTs\/a\/6YOMQhBNd84oZo9fq3zJD4yp3v4nUKi7rAiEAqZN+7TH67y3KM9Ws3yOUTLbK9bOQCMIfbMKgvfqkVDo=","nonce":402620055,"seq":0,"tot":0}]
03-02 10:26:38.878 22031 22719 D MulticastServer: Registration process started with nonce: 960633948
03-02 10:26:38.883 22031 22719 D MulticastServer: Received request for ledger with nonce: 960633948.
03-02 10:26:38.972 22031 22725 D MulticastClient: Sent messages: [{"sender":"{\"ip\":\"192.168.1.102\",\"cert\":\"MIIBKjCB0KADAgECAhQ4Y7ju1gF20HgInu21PT9KBF9GTjAKBggqhkjOPQQDAjAVMRMwEQYDVQQDDApUVE00OTA1IENBMB4XDTIyMDMwMjA4MTMwOFoXDTIyMDQwMTA4MTMwOFowFTETMBEGA1UEAwwKMkB0ZXN0LmNvbTBZMBMGByqGSM49AgEGCCqGSM49AwEHA0IABDX5T5uShCqkaYlTAy\/9VnhpRfnnSG2sAgctv3by+PKya\/r2mK8OJaQoxOgtLPG0ySplNzqjftpvpo9Bjvd0g+8wCgYIKoZIzj0EAwIDSQAwRgIhANJZaiGCzyMc0M9Mg6RUCQNvccvHzRriGV1nkrTpgOY1AiEAri0DXI3WN0YunHCU1hOof9OsF4kPTmXqIYrI5CUW3Cw=\"}","payload":"{\"ip\":\"192.168.1.102\",\"cert\":\"MIIBKjCB0KADAgECAhQ4Y7ju1gF20HgInu21PT9KBF9GTjAKBggqhkjOPQQDAjAVMRMwEQYDVQQDDApUVE00OTA1IENBMB4XDTIyMDMwMjA4MTMwOFoXDTIyMDQwMTA4MTMwOFowFTETMBEGA1UEAwwKMkB0ZXN0LmNvbTBZMBMGByqGSM49AgEGCCqGSM49AwEHA0IABDX5T5uShCqkaYlTAy\/9VnhpRfnnSG2sAgctv3by+PKya\/r2mK8OJaQoxOgtLPG0ySplNzqjftpvpo9Bjvd0g+8wCgYIKoZIzj0EAwIDSQAwRgIhANJZaiGCzyMc0M9Mg6RUCQNvccvHzRriGV1nkrTpgOY1AiEAri0DXI3WN0YunHCU1hOof9OsF4kPTmXqIYrI5CUW3Cw=\"}","mt":"FULL_LEDGER","sig":"MEQCIEaeYoRqsmeWnL6dp3pOTr\/bFqwnm7kLf2gE3Us6B\/4zAiBqn2YvgL5pRml8P+DWi83so3d8NZC\/t5IXTAhEuM\/2ig==","nonce":960633948,"seq":0,"tot":0}]
03-02 10:26:39.096 22031 22719 D MulticastServer: Broadcast block received {"ip":"192.168.1.150","cert":"MIIBKTCB0KADAgECAhQx2drGMEbzx2qb3kW8xg1ERD77ejAKBggqhkjOPQQDAjAVMRMwEQYDVQQDDApUVE00OTA1IENBMB4XDTIyMDMwMTE0MDYwNloXDTIyMDMzMTE0MDYwNlowFTETMBEGA1UEAwwKM0B0ZXN0LmNvbTBZMBMGByqGSM49AgEGCCqGSM49AwEHA0IABC+xOTkmX6a0H6eidB85Da0CbmYg10XwNz19SCaEheU1Pnhjz+I+DyVNXvPft4T5YY/Na+qO1xeH4N82RLPGZG4wCgYIKoZIzj0EAwIDSAAwRQIhAKM4Xl1DGHfOv0umGOVlytMmTlJ1lGbeQ1ln5eQsN/WUAiAXF9+WZLpST68j+XxOh/6IwCRmaU38MkDIIKAlomW4dg=="}
03-02 10:26:39.516 22031 22719 D MulticastServer: Broadcast block received {"ip":"192.168.1.150","cert":"MIIBKTCB0KADAgECAhQx2drGMEbzx2qb3kW8xg1ERD77ejAKBggqhkjOPQQDAjAVMRMwEQYDVQQDDApUVE00OTA1IENBMB4XDTIyMDMwMTE0MDYwNloXDTIyMDMzMTE0MDYwNlowFTETMBEGA1UEAwwKM0B0ZXN0LmNvbTBZMBMGByqGSM49AgEGCCqGSM49AwEHA0IABC+xOTkmX6a0H6eidB85Da0CbmYg10XwNz19SCaEheU1Pnhjz+I+DyVNXvPft4T5YY/Na+qO1xeH4N82RLPGZG4wCgYIKoZIzj0EAwIDSAAwRQIhAKM4Xl1DGHfOv0umGOVlytMmTlJ1lGbeQ1ln5eQsN/WUAiAXF9+WZLpST68j+XxOh/6IwCRmaU38MkDIIKAlomW4dg=="}
03-02 10:26:48.927 22031 22745 D RegistrationHandler: ACCEPTED_LEDGER 960633948 1
03-02 10:26:48.933 22031 22745 D MulticastServer: Registration process finished: 960633948
03-02 10:26:53.214 22031 22719 D MulticastServer: Registration process started with nonce: 751577034
03-02 10:26:53.219 22031 22719 D MulticastServer: Received request for ledger with nonce: 751577034.
03-02 10:26:53.261 22031 22719 D MulticastClient: Sent messages: [{"sender":"{\"ip\":\"192.168.1.102\",\"cert\":\"MIIBKjCB0KADAgECAhQ4Y7ju1gF20HgInu21PT9KBF9GTjAKBggqhkjOPQQDAjAVMRMwEQYDVQQDDApUVE00OTA1IENBMB4XDTIyMDMwMjA4MTMwOFoXDTIyMDQwMTA4MTMwOFowFTETMBEGA1UEAwwKMkB0ZXN0LmNvbTBZMBMGByqGSM49AgEGCCqGSM49AwEHA0IABDX5T5uShCqkaYlTAy\/9VnhpRfnnSG2sAgctv3by+PKya\/r2mK8OJaQoxOgtLPG0ySplNzqjftpvpo9Bjvd0g+8wCgYIKoZIzj0EAwIDSQAwRgIhANJZaiGCzyMc0M9Mg6RUCQNvccvHzRriGV1nkrTpgOY1AiEAri0DXI3WN0YunHCU1hOof9OsF4kPTmXqIYrI5CUW3Cw=\"}","payload":"{\"ip\":\"192.168.1.102\",\"cert\":\"MIIBKjCB0KADAgECAhQ4Y7ju1gF20HgInu21PT9KBF9GTjAKBggqhkjOPQQDAjAVMRMwEQYDVQQDDApUVE00OTA1IENBMB4XDTIyMDMwMjA4MTMwOFoXDTIyMDQwMTA4MTMwOFowFTETMBEGA1UEAwwKMkB0ZXN0LmNvbTBZMBMGByqGSM49AgEGCCqGSM49AwEHA0IABDX5T5uShCqkaYlTAy\/9VnhpRfnnSG2sAgctv3by+PKya\/r2mK8OJaQoxOgtLPG0ySplNzqjftpvpo9Bjvd0g+8wCgYIKoZIzj0EAwIDSQAwRgIhANJZaiGCzyMc0M9Mg6RUCQNvccvHzRriGV1nkrTpgOY1AiEAri0DXI3WN0YunHCU1hOof9OsF4kPTmXqIYrI5CUW3Cw=\"}","mt":"FULL_LEDGER","sig":"MEUCIQDq+gKdhZUZkHN8Uef4yYwyh29AALVYLRcS7mYnktU7fQIgO9EdAiEOJFNzVaRgeUhmoYvdW5eGxMGfZgwOIP2mFn0=","nonce":751577034,"seq":0,"tot":1}, {"sender":"2@test.com","payload":"{\"ip\":\"192.168.1.150\",\"cert\":\"MIIBKTCB0KADAgECAhQx2drGMEbzx2qb3kW8xg1ERD77ejAKBggqhkjOPQQDAjAVMRMwEQYDVQQDDApUVE00OTA1IENBMB4XDTIyMDMwMTE0MDYwNloXDTIyMDMzMTE0MDYwNlowFTETMBEGA1UEAwwKM0B0ZXN0LmNvbTBZMBMGByqGSM49AgEGCCqGSM49AwEHA0IABC+xOTkmX6a0H6eidB85Da0CbmYg10XwNz19SCaEheU1Pnhjz+I+DyVNXvPft4T5YY\/Na+qO1xeH4N82RLPGZG4wCgYIKoZIzj0EAwIDSAAwRQIhAKM4Xl1DGHfOv0umGOVlytMmTlJ1lGbeQ1ln5eQsN\/WUAiAXF9+WZLpST68j+XxOh\/6IwCRmaU38MkDIIKAlomW4dg==\"}","mt":"FULL_LEDGER","sig":"MEYCIQC3KWPTM8oWHO2Vghx81kqkWEUO4ntygDk2Q2lihr3wIQIhAIeBdF\/p3QSgMu2Vc2VLb3PQX3Jtz4A3bM5kHEs9waE8","nonce":751577034,"seq":1,"tot":1}]
03-02 10:26:53.374 22031 22734 D RegistrationHandler: FULL_LEDGER 751577034
03-02 10:27:03.265 22031 22751 D RegistrationHandler: ACCEPTED_LEDGER 751577034 2
03-02 10:27:03.270 22031 22751 D MulticastServer: Registration process finished: 751577034
03-02 10:27:03.766 22031 22719 D MulticastServer: Broadcast block received {"ip":"192.168.1.96","cert":"MIIBKjCB0KADAgECAhQFGtbY2BBfIilHmVHfmz1ibePqCTAKBggqhkjOPQQDAjAVMRMwEQYDVQQDDApUVE00OTA1IENBMB4XDTIyMDMwMTE0MDg1MVoXDTIyMDMzMTE0MDg1MVowFTETMBEGA1UEAwwKNUB0ZXN0LmNvbTBZMBMGByqGSM49AgEGCCqGSM49AwEHA0IABM0SKT7roPGNC1d52qLjFf8A++6+ejGXhEz/RZOJFR1j7rRmQIgaxqH+EAJzNBYhPBDjl1Sf/Lsjr0vAoPml3eUwCgYIKoZIzj0EAwIDSQAwRgIhAPcOKfuB+KByJXxphcvx1eVN2EVlksqOSofHq3BTh+oSAiEA7+Kmz9U75Bg3JXvTLGnz/X5DqCaZD0GxKGePXFq7DUE="}
03-02 10:27:04.175 22031 22719 D MulticastServer: Broadcast block received {"ip":"192.168.1.96","cert":"MIIBKjCB0KADAgECAhQFGtbY2BBfIilHmVHfmz1ibePqCTAKBggqhkjOPQQDAjAVMRMwEQYDVQQDDApUVE00OTA1IENBMB4XDTIyMDMwMTE0MDg1MVoXDTIyMDMzMTE0MDg1MVowFTETMBEGA1UEAwwKNUB0ZXN0LmNvbTBZMBMGByqGSM49AgEGCCqGSM49AwEHA0IABM0SKT7roPGNC1d52qLjFf8A++6+ejGXhEz/RZOJFR1j7rRmQIgaxqH+EAJzNBYhPBDjl1Sf/Lsjr0vAoPml3eUwCgYIKoZIzj0EAwIDSQAwRgIhAPcOKfuB+KByJXxphcvx1eVN2EVlksqOSofHq3BTh+oSAiEA7+Kmz9U75Bg3JXvTLGnz/X5DqCaZD0GxKGePXFq7DUE="}
03-02 10:27:07.656 22031 22719 D MulticastServer: Registration process started with nonce: 1492941739
03-02 10:27:07.660 22031 22719 D MulticastServer: Received request for ledger with nonce: 1492941739.
03-02 10:27:07.730 22031 22734 D MulticastClient: Sent messages: [{"sender":"{\"ip\":\"192.168.1.102\",\"cert\":\"MIIBKjCB0KADAgECAhQ4Y7ju1gF20HgInu21PT9KBF9GTjAKBggqhkjOPQQDAjAVMRMwEQYDVQQDDApUVE00OTA1IENBMB4XDTIyMDMwMjA4MTMwOFoXDTIyMDQwMTA4MTMwOFowFTETMBEGA1UEAwwKMkB0ZXN0LmNvbTBZMBMGByqGSM49AgEGCCqGSM49AwEHA0IABDX5T5uShCqkaYlTAy\/9VnhpRfnnSG2sAgctv3by+PKya\/r2mK8OJaQoxOgtLPG0ySplNzqjftpvpo9Bjvd0g+8wCgYIKoZIzj0EAwIDSQAwRgIhANJZaiGCzyMc0M9Mg6RUCQNvccvHzRriGV1nkrTpgOY1AiEAri0DXI3WN0YunHCU1hOof9OsF4kPTmXqIYrI5CUW3Cw=\"}","payload":"311d1114a8fbdc49f81b8496ad90e469e40617b8bd7639123916618b1a6a1fda","mt":"LEDGER_HASH","sig":"MEQCIC8IdtS91aPTHODTqbLzDqXe1mwBIZx+HTluSz0EltIiAiArdYl6JoPSEE7mwhWME7dE3+v3N68ga6UfFb0z7LVHDQ==","nonce":1492941739,"seq":0,"tot":0}]
03-02 10:27:08.324 22031 22757 D RegistrationHandler: FULL_LEDGER 1492941739
03-02 10:27:08.620 22031 22734 D RegistrationHandler: FULL_LEDGER 1492941739
03-02 10:27:08.642 22031 22734 D RegistrationHandler: ACCEPTED_LEDGER 1492941739 3
03-02 10:27:08.647 22031 22734 D MulticastServer: Registration process finished: 1492941739
03-02 10:27:17.693 22031 22734 D MulticastServer: Broadcast block received {"ip":"192.168.1.126","cert":"MIIBKTCB0KADAgECAhRYB2Z/cqTmwQTbrhYf9v5lzVW+YjAKBggqhkjOPQQDAjAVMRMwEQYDVQQDDApUVE00OTA1IENBMB4XDTIyMDMwMTE0MTYzNVoXDTIyMDMzMTE0MTYzNVowFTETMBEGA1UEAwwKNkB0ZXN0LmNvbTBZMBMGByqGSM49AgEGCCqGSM49AwEHA0IABAYvxEyQgnJqCupzRJy6aDpuP4erW5GpSxzJ8zvy/WUXQAxLhv+z1Ufnl8ibD+dvXyRrW5CWmfEfUDbHIrhH0RYwCgYIKoZIzj0EAwIDSAAwRQIgORT+4WycNDSTneeqB9XlWe9PgCi139fukuacTIRzFHMCIQCn0eHVbKOQuveD+6D+8mZsMSWoUK/4EEnmk+W3T8NSXw=="}
03-02 10:27:18.511 22031 22734 D MulticastServer: Broadcast block received {"ip":"192.168.1.126","cert":"MIIBKTCB0KADAgECAhRYB2Z/cqTmwQTbrhYf9v5lzVW+YjAKBggqhkjOPQQDAjAVMRMwEQYDVQQDDApUVE00OTA1IENBMB4XDTIyMDMwMTE0MTYzNVoXDTIyMDMzMTE0MTYzNVowFTETMBEGA1UEAwwKNkB0ZXN0LmNvbTBZMBMGByqGSM49AgEGCCqGSM49AwEHA0IABAYvxEyQgnJqCupzRJy6aDpuP4erW5GpSxzJ8zvy/WUXQAxLhv+z1Ufnl8ibD+dvXyRrW5CWmfEfUDbHIrhH0RYwCgYIKoZIzj0EAwIDSAAwRQIgORT+4WycNDSTneeqB9XlWe9PgCi139fukuacTIRzFHMCIQCn0eHVbKOQuveD+6D+8mZsMSWoUK/4EEnmk+W3T8NSXw=="}
03-02 10:27:22.811 22031 22734 D MulticastServer: Registration process started with nonce: 1410500992
03-02 10:27:22.817 22031 22734 D MulticastServer: Received request for ledger with nonce: 1410500992.
03-02 10:27:22.887 22031 22757 D MulticastClient: Sent messages: [{"sender":"{\"ip\":\"192.168.1.102\",\"cert\":\"MIIBKjCB0KADAgECAhQ4Y7ju1gF20HgInu21PT9KBF9GTjAKBggqhkjOPQQDAjAVMRMwEQYDVQQDDApUVE00OTA1IENBMB4XDTIyMDMwMjA4MTMwOFoXDTIyMDQwMTA4MTMwOFowFTETMBEGA1UEAwwKMkB0ZXN0LmNvbTBZMBMGByqGSM49AgEGCCqGSM49AwEHA0IABDX5T5uShCqkaYlTAy\/9VnhpRfnnSG2sAgctv3by+PKya\/r2mK8OJaQoxOgtLPG0ySplNzqjftpvpo9Bjvd0g+8wCgYIKoZIzj0EAwIDSQAwRgIhANJZaiGCzyMc0M9Mg6RUCQNvccvHzRriGV1nkrTpgOY1AiEAri0DXI3WN0YunHCU1hOof9OsF4kPTmXqIYrI5CUW3Cw=\"}","payload":"be27adff8a5ed0f040a91db4622ae1174bc3e895da677eb2b413c67351410350","mt":"LEDGER_HASH","sig":"MEUCIQD514p81AJ9D\/A2xGXEyRWKhTBd7hiWApSA4Afi\/1VS6AIgKf58lHMLxVg+Ovwi3vYzuW\/\/7pDtUH+hrlgAf76VqJM=","nonce":1410500992,"seq":0,"tot":0}]
03-02 10:27:22.949 22031 22734 D RegistrationHandler: FULL_LEDGER 1410500992
03-02 10:27:23.015 22031 22734 D RegistrationHandler: FULL_LEDGER 1410500992
03-02 10:27:23.017 22031 22725 D MulticastServer: Received hash from 3@test.com: be27adff8a5ed0f040a91db4622ae1174bc3e895da677eb2b413c67351410350
03-02 10:27:23.031 22031 22734 D RegistrationHandler: ACCEPTED_LEDGER 1410500992 4
03-02 10:27:23.036 22031 22734 D MulticastServer: Registration process finished: 1410500992
03-02 10:27:32.847 22031 22757 D MulticastServer: Broadcast block received {"ip":"192.168.1.90","cert":"MIIBKDCB0KADAgECAhQZbAmWWVr2VWp+hFAg1X7cJgO4sTAKBggqhkjOPQQDAjAVMRMwEQYDVQQDDApUVE00OTA1IENBMB4XDTIyMDMwMjA4MDg0NVoXDTIyMDQwMTA4MDg0NVowFTETMBEGA1UEAwwKMUB0ZXN0LmNvbTBZMBMGByqGSM49AgEGCCqGSM49AwEHA0IABM7xqjGMR7J9YHsC1Nm1FVwXeRWX2YBLnrPvjQWFuNoFCn6ZLLlFcCzFVHJJP3qKi5y+NQjSRLB7AWHDUv+DNT0wCgYIKoZIzj0EAwIDRwAwRAIgJih2I7KaHzCQQafhi8S+ulGfbkwGvOEmNjqTUInGhcUCIBGEnZPXeVvz1i5p7m0Y12Se4ZiumkNaeIWdn7SbRoir"}
03-02 10:27:33.257 22031 22757 D MulticastServer: Broadcast block received {"ip":"192.168.1.90","cert":"MIIBKDCB0KADAgECAhQZbAmWWVr2VWp+hFAg1X7cJgO4sTAKBggqhkjOPQQDAjAVMRMwEQYDVQQDDApUVE00OTA1IENBMB4XDTIyMDMwMjA4MDg0NVoXDTIyMDQwMTA4MDg0NVowFTETMBEGA1UEAwwKMUB0ZXN0LmNvbTBZMBMGByqGSM49AgEGCCqGSM49AwEHA0IABM7xqjGMR7J9YHsC1Nm1FVwXeRWX2YBLnrPvjQWFuNoFCn6ZLLlFcCzFVHJJP3qKi5y+NQjSRLB7AWHDUv+DNT0wCgYIKoZIzj0EAwIDRwAwRAIgJih2I7KaHzCQQafhi8S+ulGfbkwGvOEmNjqTUInGhcUCIBGEnZPXeVvz1i5p7m0Y12Se4ZiumkNaeIWdn7SbRoir"}
03-02 10:27:38.069 22031 22757 D MulticastServer: Registration process started with nonce: 1496823755
03-02 10:27:38.073 22031 22757 D MulticastServer: Received request for ledger with nonce: 1496823755.
03-02 10:27:38.146 22031 22725 D MulticastClient: Sent messages: [{"sender":"{\"ip\":\"192.168.1.102\",\"cert\":\"MIIBKjCB0KADAgECAhQ4Y7ju1gF20HgInu21PT9KBF9GTjAKBggqhkjOPQQDAjAVMRMwEQYDVQQDDApUVE00OTA1IENBMB4XDTIyMDMwMjA4MTMwOFoXDTIyMDQwMTA4MTMwOFowFTETMBEGA1UEAwwKMkB0ZXN0LmNvbTBZMBMGByqGSM49AgEGCCqGSM49AwEHA0IABDX5T5uShCqkaYlTAy\/9VnhpRfnnSG2sAgctv3by+PKya\/r2mK8OJaQoxOgtLPG0ySplNzqjftpvpo9Bjvd0g+8wCgYIKoZIzj0EAwIDSQAwRgIhANJZaiGCzyMc0M9Mg6RUCQNvccvHzRriGV1nkrTpgOY1AiEAri0DXI3WN0YunHCU1hOof9OsF4kPTmXqIYrI5CUW3Cw=\"}","payload":"537b0ea31ebf925fa5c6af9ab92c308acf3f1c601d20463bf1d7cd5ee43e5ef4","mt":"LEDGER_HASH","sig":"MEUCIQCSyNN410SD0sCN0YEUlMvm9UB4f8d8cDzJ2y7yncIUFAIgKBEP7MBcgHqpT1zYqUoCJN94KQWvdKTgN6bIxYxw2iI=","nonce":1496823755,"seq":0,"tot":0}]
03-02 10:27:38.211 22031 22719 D MulticastServer: Received hash from 1@test.com: 537b0ea31ebf925fa5c6af9ab92c308acf3f1c601d20463bf1d7cd5ee43e5ef4
03-02 10:27:38.219 22031 22719 D MulticastServer: Received hash from 3@test.com: 537b0ea31ebf925fa5c6af9ab92c308acf3f1c601d20463bf1d7cd5ee43e5ef4
03-02 10:27:38.227 22031 22757 D RegistrationHandler: FULL_LEDGER 1496823755
