03-02 10:35:09.351 26358 26943 D MulticastServer: Broadcast block received {"ip":"192.168.1.126","cert":"MIIBKTCB0KADAgECAhRYB2Z/cqTmwQTbrhYf9v5lzVW+YjAKBggqhkjOPQQDAjAVMRMwEQYDVQQDDApUVE00OTA1IENBMB4XDTIyMDMwMTE0MTYzNVoXDTIyMDMzMTE0MTYzNVowFTETMBEGA1UEAwwKNkB0ZXN0LmNvbTBZMBMGByqGSM49AgEGCCqGSM49AwEHA0IABAYvxEyQgnJqCupzRJy6aDpuP4erW5GpSxzJ8zvy/WUXQAxLhv+z1Ufnl8ibD+dvXyRrW5CWmfEfUDbHIrhH0RYwCgYIKoZIzj0EAwIDSAAwRQIgORT+4WycNDSTneeqB9XlWe9PgCi139fukuacTIRzFHMCIQCn0eHVbKOQuveD+6D+8mZsMSWoUK/4EEnmk+W3T8NSXw=="}
03-02 10:35:17.567 26358 26966 D RegistrationHandler: ACCEPTED_LEDGER 1076069221 3
03-02 10:35:17.574 26358 26966 D MulticastServer: Registration process finished: 1076069221
03-02 10:35:22.767 26358 26943 D MulticastServer: Registration process started with nonce: 1186046686
03-02 10:35:22.772 26358 26943 D MulticastServer: Received request for ledger with nonce: 1186046686.
03-02 10:35:22.832 26358 26813 D MulticastClient: Sent messages: [{"sender":"{\"ip\":\"192.168.1.150\",\"cert\":\"MIIBKTCB0KADAgECAhQx2drGMEbzx2qb3kW8xg1ERD77ejAKBggqhkjOPQQDAjAVMRMwEQYDVQQDDApUVE00OTA1IENBMB4XDTIyMDMwMTE0MDYwNloXDTIyMDMzMTE0MDYwNlowFTETMBEGA1UEAwwKM0B0ZXN0LmNvbTBZMBMGByqGSM49AgEGCCqGSM49AwEHA0IABC+xOTkmX6a0H6eidB85Da0CbmYg10XwNz19SCaEheU1Pnhjz+I+DyVNXvPft4T5YY\/Na+qO1xeH4N82RLPGZG4wCgYIKoZIzj0EAwIDSAAwRQIhAKM4Xl1DGHfOv0umGOVlytMmTlJ1lGbeQ1ln5eQsN\/WUAiAXF9+WZLpST68j+XxOh\/6IwCRmaU38MkDIIKAlomW4dg==\"}","payload":"be27adff8a5ed0f040a91db4622ae1174bc3e895da677eb2b413c67351410350","mt":"LEDGER_HASH","sig":"MEYCIQC5LQ2bZCfhLy3dUgClP2vun3e93M7UfHyoHVmjuxxdfQIhAJx\/UKMRy0LB8UknXryHigB5CqocFNL0KGafMVnPwoyT","nonce":1186046686,"seq":0,"tot":0}]
03-02 10:35:23.583 26358 26807 D MulticastServer: Broadcast block received {"ip":"192.168.1.90","cert":"MIIBKDCB0KADAgECAhQZbAmWWVr2VWp+hFAg1X7cJgO4sTAKBggqhkjOPQQDAjAVMRMwEQYDVQQDDApUVE00OTA1IENBMB4XDTIyMDMwMjA4MDg0NVoXDTIyMDQwMTA4MDg0NVowFTETMBEGA1UEAwwKMUB0ZXN0LmNvbTBZMBMGByqGSM49AgEGCCqGSM49AwEHA0IABM7xqjGMR7J9YHsC1Nm1FVwXeRWX2YBLnrPvjQWFuNoFCn6ZLLlFcCzFVHJJP3qKi5y+NQjSRLB7AWHDUv+DNT0wCgYIKoZIzj0EAwIDRwAwRAIgJih2I7KaHzCQQafhi8S+ulGfbkwGvOEmNjqTUInGhcUCIBGEnZPXeVvz1i5p7m0Y12Se4ZiumkNaeIWdn7SbRoir"}
03-02 10:35:32.804 26358 26990 D RegistrationHandler: 1186046686 Accepted hash from 3@test.com: be27adff8a5ed0f040a91db4622ae1174bc3e895da677eb2b413c67351410350
03-02 10:35:32.810 26358 26807 D MulticastClient: Sent messages: [{"sender":"","payload":"3@test.com:be27adff8a5ed0f040a91db4622ae1174bc3e895da677eb2b413c67351410350","mt":"REQUEST_SPECIFIC_LEDGER","sig":"","nonce":1099281372,"seq":0,"tot":0}]
03-02 10:35:32.813 26358 26813 D MulticastServer: Received request for 3@test.com to send ledger with hash be27adff8a5ed0f040a91db4622ae1174bc3e895da677eb2b413c67351410350
03-02 10:35:33.218 26358 26813 D MulticastServer: Received request for 3@test.com to send ledger with hash be27adff8a5ed0f040a91db4622ae1174bc3e895da677eb2b413c67351410350
03-02 10:35:33.568 26358 26992 D RegistrationHandler: 1186046686 Accepted hash from 3@test.com: be27adff8a5ed0f040a91db4622ae1174bc3e895da677eb2b413c67351410350
03-02 10:35:33.571 26358 26813 D MulticastClient: Sent messages: [{"sender":"","payload":"3@test.com:be27adff8a5ed0f040a91db4622ae1174bc3e895da677eb2b413c67351410350","mt":"REQUEST_SPECIFIC_LEDGER","sig":"","nonce":1758905768,"seq":0,"tot":0}]
03-02 10:35:33.572 26358 26943 D MulticastServer: Received request for 3@test.com to send ledger with hash be27adff8a5ed0f040a91db4622ae1174bc3e895da677eb2b413c67351410350
03-02 10:35:33.618 26358 26807 D MulticastServer: Received request for 3@test.com to send ledger with hash be27adff8a5ed0f040a91db4622ae1174bc3e895da677eb2b413c67351410350
03-02 10:35:33.978 26358 26807 D MulticastServer: Received request for 3@test.com to send ledger with hash be27adff8a5ed0f040a91db4622ae1174bc3e895da677eb2b413c67351410350
03-02 10:35:34.068 26358 26992 D RegistrationHandler: 1186046686 Accepted hash from 3@test.com: be27adff8a5ed0f040a91db4622ae1174bc3e895da677eb2b413c67351410350
03-02 10:35:34.074 26358 26807 D MulticastClient: Sent messages: [{"sender":"","payload":"3@test.com:be27adff8a5ed0f040a91db4622ae1174bc3e895da677eb2b413c67351410350","mt":"REQUEST_SPECIFIC_LEDGER","sig":"","nonce":430901979,"seq":0,"tot":0}]
03-02 10:35:34.078 26358 26823 D MulticastServer: Received request for 3@test.com to send ledger with hash be27adff8a5ed0f040a91db4622ae1174bc3e895da677eb2b413c67351410350
03-02 10:35:34.380 26358 26813 D MulticastServer: Received request for 3@test.com to send ledger with hash be27adff8a5ed0f040a91db4622ae1174bc3e895da677eb2b413c67351410350
03-02 10:35:34.484 26358 26813 D MulticastServer: Received request for 3@test.com to send ledger with hash be27adff8a5ed0f040a91db4622ae1174bc3e895da677eb2b413c67351410350
03-02 10:35:34.569 26358 26992 D RegistrationHandler: 1186046686 Accepted hash from 3@test.com: be27adff8a5ed0f040a91db4622ae1174bc3e895da677eb2b413c67351410350
03-02 10:35:34.573 26358 26813 D MulticastClient: Sent messages: [{"sender":"","payload":"3@test.com:be27adff8a5ed0f040a91db4622ae1174bc3e895da677eb2b413c67351410350","mt":"REQUEST_SPECIFIC_LEDGER","sig":"","nonce":128751784,"seq":0,"tot":0}]
03-02 10:35:34.577 26358 26823 D MulticastServer: Received request for 3@test.com to send ledger with hash be27adff8a5ed0f040a91db4622ae1174bc3e895da677eb2b413c67351410350
03-02 10:35:34.886 26358 26807 D MulticastServer: Received request for 3@test.com to send ledger with hash be27adff8a5ed0f040a91db4622ae1174bc3e895da677eb2b413c67351410350
03-02 10:35:34.983 26358 26807 D MulticastServer: Received request for 3@test.com to send ledger with hash be27adff8a5ed0f040a91db4622ae1174bc3e895da677eb2b413c67351410350
03-02 10:35:35.068 26358 26992 D MulticastServer: Registration process finished: 1186046686
03-02 10:35:35.384 26358 26813 D MulticastServer: Received request for 3@test.com to send ledger with hash be27adff8a5ed0f040a91db4622ae1174bc3e895da677eb2b413c67351410350
03-02 10:35:38.125 26358 26813 D MulticastServer: Registration process started with nonce: 438417217
03-02 10:35:38.132 26358 26813 D MulticastServer: Received request for ledger with nonce: 438417217.
03-02 10:35:38.191 26358 26807 D MulticastClient: Sent messages: [{"sender":"{\"ip\":\"192.168.1.150\",\"cert\":\"MIIBKTCB0KADAgECAhQx2drGMEbzx2qb3kW8xg1ERD77ejAKBggqhkjOPQQDAjAVMRMwEQYDVQQDDApUVE00OTA1IENBMB4XDTIyMDMwMTE0MDYwNloXDTIyMDMzMTE0MDYwNlowFTETMBEGA1UEAwwKM0B0ZXN0LmNvbTBZMBMGByqGSM49AgEGCCqGSM49AwEHA0IABC+xOTkmX6a0H6eidB85Da0CbmYg10XwNz19SCaEheU1Pnhjz+I+DyVNXvPft4T5YY\/Na+qO1xeH4N82RLPGZG4wCgYIKoZIzj0EAwIDSAAwRQIhAKM4Xl1DGHfOv0umGOVlytMmTlJ1lGbeQ1ln5eQsN\/WUAiAXF9+WZLpST68j+XxOh\/6IwCRmaU38MkDIIKAlomW4dg==\"}","payload":"537b0ea31ebf925fa5c6af9ab92c308acf3f1c601d20463bf1d7cd5ee43e5ef4","mt":"LEDGER_HASH","sig":"MEUCIHCq+51zB9pCz4jSk1Hbkd9+xJe+JezitDyvCZH0twUeAiEAiOCTUaEBBKQM6NbgKNvEuxPI0GqqTbpf\/hlnnrxptO0=","nonce":438417217,"seq":0,"tot":0}]
03-02 10:35:38.275 26358 26823 D RegistrationHandler: FULL_LEDGER 438417217
03-02 10:35:38.284 26358 26943 D MulticastServer: Received hash from 2@test.com: 537b0ea31ebf925fa5c6af9ab92c308acf3f1c601d20463bf1d7cd5ee43e5ef4
03-02 10:35:38.312 26358 26823 D RegistrationHandler: FULL_LEDGER 438417217
03-02 10:35:38.327 26358 26823 D RegistrationHandler: ACCEPTED_LEDGER 438417217 5
03-02 10:35:38.333 26358 26823 D MulticastServer: Registration process finished: 438417217
03-02 10:35:38.531 26358 26823 D MulticastServer: Broadcast block received {"ip":"192.168.1.97","cert":"MIIBKTCB0KADAgECAhQa8Bd7lH/BLTyi7ywd3y9YYSzkrDAKBggqhkjOPQQDAjAVMRMwEQYDVQQDDApUVE00OTA1IENBMB4XDTIyMDMwMTE0MDczNloXDTIyMDMzMTE0MDczNlowFTETMBEGA1UEAwwKNEB0ZXN0LmNvbTBZMBMGByqGSM49AgEGCCqGSM49AwEHA0IABFrZCEM2z1G1fZpGXj9xAJVyw+42wNc+1Oh3OKk5VRIc59yR1r148usPgG5mreOanaKvWR1KjIOl3HTLksn8RnowCgYIKoZIzj0EAwIDSAAwRQIhAKAKAwK83UAGas8l7ThnEHKwV0I7DisWJ0yDYNVZVUusAiAzZGLYe63aJer14gingjWvIIMLb+EEx1ysVZJxKqm6iw=="}
