Number of rounds: 10
--------- beginning of system
--------- beginning of main
round 1 of 10
03-02 09:44:10.958 27785 27818 D MulticastServer: MULTICAST_SERVER_LISTENING
03-02 09:44:10.963 27785 27856 D MulticastServer: Registration process started with nonce: 234849953
03-02 09:44:10.974 27785 27819 D MulticastClient: Sent messages: [{"sender":"","payload":"","mt":"REQUEST_LEDGER","sig":"","nonce":234849953,"seq":0,"tot":0}]
03-02 09:44:11.966 27785 27858 D RegistrationHandler: 234849953 Registration started
03-02 09:44:12.010 27785 27858 D MulticastServer: Registration process finished: 234849953
03-02 09:44:12.014 27785 27819 D MulticastClient: Sent messages: [{"sender":"2@test.com","payload":"{\"ip\":\"192.168.1.102\",\"cert\":\"MIIBKjCB0KADAgECAhQ4Y7ju1gF20HgInu21PT9KBF9GTjAKBggqhkjOPQQDAjAVMRMwEQYDVQQDDApUVE00OTA1IENBMB4XDTIyMDMwMjA4MTMwOFoXDTIyMDQwMTA4MTMwOFowFTETMBEGA1UEAwwKMkB0ZXN0LmNvbTBZMBMGByqGSM49AgEGCCqGSM49AwEHA0IABDX5T5uShCqkaYlTAy\/9VnhpRfnnSG2sAgctv3by+PKya\/r2mK8OJaQoxOgtLPG0ySplNzqjftpvpo9Bjvd0g+8wCgYIKoZIzj0EAwIDSQAwRgIhANJZaiGCzyMc0M9Mg6RUCQNvccvHzRriGV1nkrTpgOY1AiEAri0DXI3WN0YunHCU1hOof9OsF4kPTmXqIYrI5CUW3Cw=\"}","mt":"BROADCAST_BLOCK","sig":"MEYCIQDl6UoYZvGOMjO0lAxEiz7sI82HEn\/aQD9WKDt1C8ppsgIhAP533abXM\/9JPrrgtPH9zt4diBViapLqFQp8o99X9QDz","nonce":234849953,"seq":0,"tot":0}]
03-02 09:44:26.263 27785 27819 D MulticastServer: Registration process started with nonce: 1915714680
03-02 09:44:26.266 27785 27819 D MulticastServer: Received request for ledger with nonce: 1915714680.
03-02 09:44:26.311 27785 27863 D MulticastClient: Sent messages: [{"sender":"{\"ip\":\"192.168.1.102\",\"cert\":\"MIIBKjCB0KADAgECAhQ4Y7ju1gF20HgInu21PT9KBF9GTjAKBggqhkjOPQQDAjAVMRMwEQYDVQQDDApUVE00OTA1IENBMB4XDTIyMDMwMjA4MTMwOFoXDTIyMDQwMTA4MTMwOFowFTETMBEGA1UEAwwKMkB0ZXN0LmNvbTBZMBMGByqGSM49AgEGCCqGSM49AwEHA0IABDX5T5uShCqkaYlTAy\/9VnhpRfnnSG2sAgctv3by+PKya\/r2mK8OJaQoxOgtLPG0ySplNzqjftpvpo9Bjvd0g+8wCgYIKoZIzj0EAwIDSQAwRgIhANJZaiGCzyMc0M9Mg6RUCQNvccvHzRriGV1nkrTpgOY1AiEAri0DXI3WN0YunHCU1hOof9OsF4kPTmXqIYrI5CUW3Cw=\"}","payload":"{\"ip\":\"192.168.1.102\",\"cert\":\"MIIBKjCB0KADAgECAhQ4Y7ju1gF20HgInu21PT9KBF9GTjAKBggqhkjOPQQDAjAVMRMwEQYDVQQDDApUVE00OTA1IENBMB4XDTIyMDMwMjA4MTMwOFoXDTIyMDQwMTA4MTMwOFowFTETMBEGA1UEAwwKMkB0ZXN0LmNvbTBZMBMGByqGSM49AgEGCCqGSM49AwEHA0IABDX5T5uShCqkaYlTAy\/9VnhpRfnnSG2sAgctv3by+PKya\/r2mK8OJaQoxOgtLPG0ySplNzqjftpvpo9Bjvd0g+8wCgYIKoZIzj0EAwIDSQAwRgIhANJZaiGCzyMc0M9Mg6RUCQNvccvHzRriGV1nkrTpgOY1AiEAri0DXI3WN0YunHCU1hOof9OsF4kPTmXqIYrI5CUW3Cw=\"}","mt":"FULL_LEDGER","sig":"MEUCIQCbzR5W0j7Gjsp7tUgZE7fGjc68cgfSF4W\/XS1TZvzV8AIgT6wQLMjaC+q0uErf7nWnusgrtoMd8oUPGkJ508mM8Co=","nonce":1915714680,"seq":0,"tot":0}]
03-02 09:44:36.338 27785 27871 D RegistrationHandler: ACCEPTED_LEDGER 1915714680 1
03-02 09:44:36.349 27785 27871 D MulticastServer: Registration process finished: 1915714680
03-02 09:44:36.708 27785 27863 D MulticastServer: Broadcast block received {"ip":"192.168.1.150","cert":"MIIBKTCB0KADAgECAhQx2drGMEbzx2qb3kW8xg1ERD77ejAKBggqhkjOPQQDAjAVMRMwEQYDVQQDDApUVE00OTA1IENBMB4XDTIyMDMwMTE0MDYwNloXDTIyMDMzMTE0MDYwNlowFTETMBEGA1UEAwwKM0B0ZXN0LmNvbTBZMBMGByqGSM49AgEGCCqGSM49AwEHA0IABC+xOTkmX6a0H6eidB85Da0CbmYg10XwNz19SCaEheU1Pnhjz+I+DyVNXvPft4T5YY/Na+qO1xeH4N82RLPGZG4wCgYIKoZIzj0EAwIDSAAwRQIhAKM4Xl1DGHfOv0umGOVlytMmTlJ1lGbeQ1ln5eQsN/WUAiAXF9+WZLpST68j+XxOh/6IwCRmaU38MkDIIKAlomW4dg=="}
03-02 09:44:37.115 27785 27863 D MulticastServer: Broadcast block received {"ip":"192.168.1.150","cert":"MIIBKTCB0KADAgECAhQx2drGMEbzx2qb3kW8xg1ERD77ejAKBggqhkjOPQQDAjAVMRMwEQYDVQQDDApUVE00OTA1IENBMB4XDTIyMDMwMTE0MDYwNloXDTIyMDMzMTE0MDYwNlowFTETMBEGA1UEAwwKM0B0ZXN0LmNvbTBZMBMGByqGSM49AgEGCCqGSM49AwEHA0IABC+xOTkmX6a0H6eidB85Da0CbmYg10XwNz19SCaEheU1Pnhjz+I+DyVNXvPft4T5YY/Na+qO1xeH4N82RLPGZG4wCgYIKoZIzj0EAwIDSAAwRQIhAKM4Xl1DGHfOv0umGOVlytMmTlJ1lGbeQ1ln5eQsN/WUAiAXF9+WZLpST68j+XxOh/6IwCRmaU38MkDIIKAlomW4dg=="}
03-02 09:44:41.417 27785 27863 D MulticastServer: Registration process started with nonce: 1851227051
03-02 09:44:41.422 27785 27863 D MulticastServer: Received request for ledger with nonce: 1851227051.
03-02 09:44:41.488 27785 27861 D MulticastClient: Sent messages: [{"sender":"{\"ip\":\"192.168.1.102\",\"cert\":\"MIIBKjCB0KADAgECAhQ4Y7ju1gF20HgInu21PT9KBF9GTjAKBggqhkjOPQQDAjAVMRMwEQYDVQQDDApUVE00OTA1IENBMB4XDTIyMDMwMjA4MTMwOFoXDTIyMDQwMTA4MTMwOFowFTETMBEGA1UEAwwKMkB0ZXN0LmNvbTBZMBMGByqGSM49AgEGCCqGSM49AwEHA0IABDX5T5uShCqkaYlTAy\/9VnhpRfnnSG2sAgctv3by+PKya\/r2mK8OJaQoxOgtLPG0ySplNzqjftpvpo9Bjvd0g+8wCgYIKoZIzj0EAwIDSQAwRgIhANJZaiGCzyMc0M9Mg6RUCQNvccvHzRriGV1nkrTpgOY1AiEAri0DXI3WN0YunHCU1hOof9OsF4kPTmXqIYrI5CUW3Cw=\"}","payload":"{\"ip\":\"192.168.1.102\",\"cert\":\"MIIBKjCB0KADAgECAhQ4Y7ju1gF20HgInu21PT9KBF9GTjAKBggqhkjOPQQDAjAVMRMwEQYDVQQDDApUVE00OTA1IENBMB4XDTIyMDMwMjA4MTMwOFoXDTIyMDQwMTA4MTMwOFowFTETMBEGA1UEAwwKMkB0ZXN0LmNvbTBZMBMGByqGSM49AgEGCCqGSM49AwEHA0IABDX5T5uShCqkaYlTAy\/9VnhpRfnnSG2sAgctv3by+PKya\/r2mK8OJaQoxOgtLPG0ySplNzqjftpvpo9Bjvd0g+8wCgYIKoZIzj0EAwIDSQAwRgIhANJZaiGCzyMc0M9Mg6RUCQNvccvHzRriGV1nkrTpgOY1AiEAri0DXI3WN0YunHCU1hOof9OsF4kPTmXqIYrI5CUW3Cw=\"}","mt":"FULL_LEDGER","sig":"MEQCIA67YZkxiFFkores8OzPi9Bwvi7HNdGWC5s5A0ThFmqpAiA5MwCNw7IZQw6uNWuB9uwvFT4f3S1KfQdRsRZEyVk0Gg==","nonce":1851227051,"seq":0,"tot":1}, {"sender":"2@test.com","payload":"{\"ip\":\"192.168.1.150\",\"cert\":\"MIIBKTCB0KADAgECAhQx2drGMEbzx2qb3kW8xg1ERD77ejAKBggqhkjOPQQDAjAVMRMwEQYDVQQDDApUVE00OTA1IENBMB4XDTIyMDMwMTE0MDYwNloXDTIyMDMzMTE0MDYwNlowFTETMBEGA1UEAwwKM0B0ZXN0LmNvbTBZMBMGByqGSM49AgEGCCqGSM49AwEHA0IABC+xOTkmX6a0H6eidB85Da0CbmYg10XwNz19SCaEheU1Pnhjz+I+DyVNXvPft4T5YY\/Na+qO1xeH4N82RLPGZG4wCgYIKoZIzj0EAwIDSAAwRQIhAKM4Xl1DGHfOv0umGOVlytMmTlJ1lGbeQ1ln5eQsN\/WUAiAXF9+WZLpST68j+XxOh\/6IwCRmaU38MkDIIKAlomW4dg==\"}","mt":"FULL_LEDGER","sig":"MEUCIFFkbVgKoTQ+ot5TGTn39T6j+DwRiZu5Gse+j+a9fkbqAiEAl5mLHavclwUgttxYXvdEFA+M4TUqzmOgMd42nB1\/NYw=","nonce":1851227051,"seq":1,"tot":1}]
03-02 09:44:41.563 27785 27863 D RegistrationHandler: FULL_LEDGER 1851227051
03-02 09:44:42.851 27785 27863 D MulticastServer: Broadcast block received {"ip":"192.168.1.96","cert":"MIIBKjCB0KADAgECAhQFGtbY2BBfIilHmVHfmz1ibePqCTAKBggqhkjOPQQDAjAVMRMwEQYDVQQDDApUVE00OTA1IENBMB4XDTIyMDMwMTE0MDg1MVoXDTIyMDMzMTE0MDg1MVowFTETMBEGA1UEAwwKNUB0ZXN0LmNvbTBZMBMGByqGSM49AgEGCCqGSM49AwEHA0IABM0SKT7roPGNC1d52qLjFf8A++6+ejGXhEz/RZOJFR1j7rRmQIgaxqH+EAJzNBYhPBDjl1Sf/Lsjr0vAoPml3eUwCgYIKoZIzj0EAwIDSQAwRgIhAPcOKfuB+KByJXxphcvx1eVN2EVlksqOSofHq3BTh+oSAiEA7+Kmz9U75Bg3JXvTLGnz/X5DqCaZD0GxKGePXFq7DUE="}
03-02 09:44:51.464 27785 27876 D RegistrationHandler: ACCEPTED_LEDGER 1851227051 2
03-02 09:44:51.469 27785 27876 D MulticastServer: Registration process finished: 1851227051
03-02 09:44:56.057 27785 27863 D MulticastServer: Registration process started with nonce: 2103499160
03-02 09:44:56.062 27785 27863 D MulticastServer: Received request for ledger with nonce: 2103499160.
03-02 09:44:56.127 27785 27861 D MulticastClient: Sent messages: [{"sender":"{\"ip\":\"192.168.1.102\",\"cert\":\"MIIBKjCB0KADAgECAhQ4Y7ju1gF20HgInu21PT9KBF9GTjAKBggqhkjOPQQDAjAVMRMwEQYDVQQDDApUVE00OTA1IENBMB4XDTIyMDMwMjA4MTMwOFoXDTIyMDQwMTA4MTMwOFowFTETMBEGA1UEAwwKMkB0ZXN0LmNvbTBZMBMGByqGSM49AgEGCCqGSM49AwEHA0IABDX5T5uShCqkaYlTAy\/9VnhpRfnnSG2sAgctv3by+PKya\/r2mK8OJaQoxOgtLPG0ySplNzqjftpvpo9Bjvd0g+8wCgYIKoZIzj0EAwIDSQAwRgIhANJZaiGCzyMc0M9Mg6RUCQNvccvHzRriGV1nkrTpgOY1AiEAri0DXI3WN0YunHCU1hOof9OsF4kPTmXqIYrI5CUW3Cw=\"}","payload":"311d1114a8fbdc49f81b8496ad90e469e40617b8bd7639123916618b1a6a1fda","mt":"LEDGER_HASH","sig":"MEYCIQD4rS4i1g7Kkl6cFp4cbmHq6h76X0dsZ6fu0NTmEEHKIwIhAJmPaFMNl4YPtBXowQW7aTPpIl3z\/rEzCJfDYFVdiIJk","nonce":2103499160,"seq":0,"tot":0}]
03-02 09:44:56.367 27785 27863 D MulticastServer: Broadcast block received {"ip":"192.168.1.126","cert":"MIIBKTCB0KADAgECAhRYB2Z/cqTmwQTbrhYf9v5lzVW+YjAKBggqhkjOPQQDAjAVMRMwEQYDVQQDDApUVE00OTA1IENBMB4XDTIyMDMwMTE0MTYzNVoXDTIyMDMzMTE0MTYzNVowFTETMBEGA1UEAwwKNkB0ZXN0LmNvbTBZMBMGByqGSM49AgEGCCqGSM49AwEHA0IABAYvxEyQgnJqCupzRJy6aDpuP4erW5GpSxzJ8zvy/WUXQAxLhv+z1Ufnl8ibD+dvXyRrW5CWmfEfUDbHIrhH0RYwCgYIKoZIzj0EAwIDSAAwRQIgORT+4WycNDSTneeqB9XlWe9PgCi139fukuacTIRzFHMCIQCn0eHVbKOQuveD+6D+8mZsMSWoUK/4EEnmk+W3T8NSXw=="}
03-02 09:44:56.604 27785 27879 D RegistrationHandler: FULL_LEDGER 2103499160
03-02 09:44:56.698 27785 27879 D RegistrationHandler: FULL_LEDGER 2103499160
03-02 09:44:56.706 27785 27819 D RegistrationHandler: FULL_LEDGER 2103499160
03-02 09:44:56.712 27785 27879 D RegistrationHandler: ACCEPTED_LEDGER 2103499160 3
03-02 09:44:56.713 27785 27863 D RegistrationHandler: FULL_LEDGER 2103499160
03-02 09:44:56.716 27785 27879 D MulticastServer: Registration process finished: 2103499160
03-02 09:44:56.725 27785 27819 D RegistrationHandler: ACCEPTED_LEDGER 2103499160 3
03-02 09:44:56.727 27785 27863 D RegistrationHandler: ACCEPTED_LEDGER 2103499160 3
03-02 09:44:56.775 27785 27863 D MulticastServer: Broadcast block received {"ip":"192.168.1.126","cert":"MIIBKTCB0KADAgECAhRYB2Z/cqTmwQTbrhYf9v5lzVW+YjAKBggqhkjOPQQDAjAVMRMwEQYDVQQDDApUVE00OTA1IENBMB4XDTIyMDMwMTE0MTYzNVoXDTIyMDMzMTE0MTYzNVowFTETMBEGA1UEAwwKNkB0ZXN0LmNvbTBZMBMGByqGSM49AgEGCCqGSM49AwEHA0IABAYvxEyQgnJqCupzRJy6aDpuP4erW5GpSxzJ8zvy/WUXQAxLhv+z1Ufnl8ibD+dvXyRrW5CWmfEfUDbHIrhH0RYwCgYIKoZIzj0EAwIDSAAwRQIgORT+4WycNDSTneeqB9XlWe9PgCi139fukuacTIRzFHMCIQCn0eHVbKOQuveD+6D+8mZsMSWoUK/4EEnmk+W3T8NSXw=="}
03-02 09:44:57.080 27785 27861 D MulticastServer: Broadcast block received {"ip":"192.168.1.126","cert":"MIIBKTCB0KADAgECAhRYB2Z/cqTmwQTbrhYf9v5lzVW+YjAKBggqhkjOPQQDAjAVMRMwEQYDVQQDDApUVE00OTA1IENBMB4XDTIyMDMwMTE0MTYzNVoXDTIyMDMzMTE0MTYzNVowFTETMBEGA1UEAwwKNkB0ZXN0LmNvbTBZMBMGByqGSM49AgEGCCqGSM49AwEHA0IABAYvxEyQgnJqCupzRJy6aDpuP4erW5GpSxzJ8zvy/WUXQAxLhv+z1Ufnl8ibD+dvXyRrW5CWmfEfUDbHIrhH0RYwCgYIKoZIzj0EAwIDSAAwRQIgORT+4WycNDSTneeqB9XlWe9PgCi139fukuacTIRzFHMCIQCn0eHVbKOQuveD+6D+8mZsMSWoUK/4EEnmk+W3T8NSXw=="}
03-02 09:45:11.627 27785 27861 D MulticastServer: Registration process started with nonce: 1765937029
03-02 09:45:11.634 27785 27861 D MulticastServer: Received request for ledger with nonce: 1765937029.
03-02 09:45:11.688 27785 27863 D MulticastClient: Sent messages: [{"sender":"{\"ip\":\"192.168.1.102\",\"cert\":\"MIIBKjCB0KADAgECAhQ4Y7ju1gF20HgInu21PT9KBF9GTjAKBggqhkjOPQQDAjAVMRMwEQYDVQQDDApUVE00OTA1IENBMB4XDTIyMDMwMjA4MTMwOFoXDTIyMDQwMTA4MTMwOFowFTETMBEGA1UEAwwKMkB0ZXN0LmNvbTBZMBMGByqGSM49AgEGCCqGSM49AwEHA0IABDX5T5uShCqkaYlTAy\/9VnhpRfnnSG2sAgctv3by+PKya\/r2mK8OJaQoxOgtLPG0ySplNzqjftpvpo9Bjvd0g+8wCgYIKoZIzj0EAwIDSQAwRgIhANJZaiGCzyMc0M9Mg6RUCQNvccvHzRriGV1nkrTpgOY1AiEAri0DXI3WN0YunHCU1hOof9OsF4kPTmXqIYrI5CUW3Cw=\"}","payload":"be27adff8a5ed0f040a91db4622ae1174bc3e895da677eb2b413c67351410350","mt":"LEDGER_HASH","sig":"MEUCIQCMnv9\/OjPQVwEu0bPkoS7slaJWMVhZ5ZaNOUpBXwXSnAIgPejELnzm7h0wTAMAKxjUdauUhSoUpLTf66g+JUPgiTA=","nonce":1765937029,"seq":0,"tot":0}]
03-02 09:45:11.844 27785 27861 D MulticastServer: Received hash from 3@test.com: be27adff8a5ed0f040a91db4622ae1174bc3e895da677eb2b413c67351410350
03-02 09:45:11.974 27785 27861 D RegistrationHandler: FULL_LEDGER 1765937029
03-02 09:45:11.996 27785 27861 D RegistrationHandler: ACCEPTED_LEDGER 1765937029 4
03-02 09:45:12.003 27785 27861 D MulticastServer: Registration process finished: 1765937029
03-02 09:45:12.135 27785 27819 D MulticastServer: Broadcast block received {"ip":"192.168.1.90","cert":"MIIBKDCB0KADAgECAhQZbAmWWVr2VWp+hFAg1X7cJgO4sTAKBggqhkjOPQQDAjAVMRMwEQYDVQQDDApUVE00OTA1IENBMB4XDTIyMDMwMjA4MDg0NVoXDTIyMDQwMTA4MDg0NVowFTETMBEGA1UEAwwKMUB0ZXN0LmNvbTBZMBMGByqGSM49AgEGCCqGSM49AwEHA0IABM7xqjGMR7J9YHsC1Nm1FVwXeRWX2YBLnrPvjQWFuNoFCn6ZLLlFcCzFVHJJP3qKi5y+NQjSRLB7AWHDUv+DNT0wCgYIKoZIzj0EAwIDRwAwRAIgJih2I7KaHzCQQafhi8S+ulGfbkwGvOEmNjqTUInGhcUCIBGEnZPXeVvz1i5p7m0Y12Se4ZiumkNaeIWdn7SbRoir"}
03-02 09:45:12.444 27785 27819 D MulticastServer: Broadcast block received {"ip":"192.168.1.90","cert":"MIIBKDCB0KADAgECAhQZbAmWWVr2VWp+hFAg1X7cJgO4sTAKBggqhkjOPQQDAjAVMRMwEQYDVQQDDApUVE00OTA1IENBMB4XDTIyMDMwMjA4MDg0NVoXDTIyMDQwMTA4MDg0NVowFTETMBEGA1UEAwwKMUB0ZXN0LmNvbTBZMBMGByqGSM49AgEGCCqGSM49AwEHA0IABM7xqjGMR7J9YHsC1Nm1FVwXeRWX2YBLnrPvjQWFuNoFCn6ZLLlFcCzFVHJJP3qKi5y+NQjSRLB7AWHDUv+DNT0wCgYIKoZIzj0EAwIDRwAwRAIgJih2I7KaHzCQQafhi8S+ulGfbkwGvOEmNjqTUInGhcUCIBGEnZPXeVvz1i5p7m0Y12Se4ZiumkNaeIWdn7SbRoir"}
03-02 09:45:12.854 27785 27863 D MulticastServer: Broadcast block received {"ip":"192.168.1.90","cert":"MIIBKDCB0KADAgECAhQZbAmWWVr2VWp+hFAg1X7cJgO4sTAKBggqhkjOPQQDAjAVMRMwEQYDVQQDDApUVE00OTA1IENBMB4XDTIyMDMwMjA4MDg0NVoXDTIyMDQwMTA4MDg0NVowFTETMBEGA1UEAwwKMUB0ZXN0LmNvbTBZMBMGByqGSM49AgEGCCqGSM49AwEHA0IABM7xqjGMR7J9YHsC1Nm1FVwXeRWX2YBLnrPvjQWFuNoFCn6ZLLlFcCzFVHJJP3qKi5y+NQjSRLB7AWHDUv+DNT0wCgYIKoZIzj0EAwIDRwAwRAIgJih2I7KaHzCQQafhi8S+ulGfbkwGvOEmNjqTUInGhcUCIBGEnZPXeVvz1i5p7m0Y12Se4ZiumkNaeIWdn7SbRoir"}
03-02 09:45:26.680 27785 27863 D MulticastServer: Registration process started with nonce: 1793107288
03-02 09:45:26.686 27785 27863 D MulticastServer: Received request for ledger with nonce: 1793107288.
03-02 09:45:26.746 27785 27819 D MulticastClient: Sent messages: [{"sender":"{\"ip\":\"192.168.1.102\",\"cert\":\"MIIBKjCB0KADAgECAhQ4Y7ju1gF20HgInu21PT9KBF9GTjAKBggqhkjOPQQDAjAVMRMwEQYDVQQDDApUVE00OTA1IENBMB4XDTIyMDMwMjA4MTMwOFoXDTIyMDQwMTA4MTMwOFowFTETMBEGA1UEAwwKMkB0ZXN0LmNvbTBZMBMGByqGSM49AgEGCCqGSM49AwEHA0IABDX5T5uShCqkaYlTAy\/9VnhpRfnnSG2sAgctv3by+PKya\/r2mK8OJaQoxOgtLPG0ySplNzqjftpvpo9Bjvd0g+8wCgYIKoZIzj0EAwIDSQAwRgIhANJZaiGCzyMc0M9Mg6RUCQNvccvHzRriGV1nkrTpgOY1AiEAri0DXI3WN0YunHCU1hOof9OsF4kPTmXqIYrI5CUW3Cw=\"}","payload":"537b0ea31ebf925fa5c6af9ab92c308acf3f1c601d20463bf1d7cd5ee43e5ef4","mt":"LEDGER_HASH","sig":"MEUCIQCNdWQPN3CwYfsLhrgybbOOhTQ+IeApvWAXeIo2mZk9cQIgcnm1JQqfnFjQ9rcguq8B4FCE39DaRW8LVyDv4Qt\/2xI=","nonce":1793107288,"seq":0,"tot":0}]
03-02 09:45:26.780 27785 27863 D MulticastServer: Received hash from 1@test.com: 537b0ea31ebf925fa5c6af9ab92c308acf3f1c601d20463bf1d7cd5ee43e5ef4
03-02 09:45:26.788 27785 27879 D MulticastServer: Received hash from 3@test.com: 537b0ea31ebf925fa5c6af9ab92c308acf3f1c601d20463bf1d7cd5ee43e5ef4
03-02 09:45:27.273 27785 27863 D MulticastServer: Received hash from 3@test.com: 537b0ea31ebf925fa5c6af9ab92c308acf3f1c601d20463bf1d7cd5ee43e5ef4
03-02 09:45:27.277 27785 27879 D RegistrationHandler: FULL_LEDGER 1793107288
03-02 09:45:27.292 27785 27879 D RegistrationHandler: ACCEPTED_LEDGER 1793107288 5
03-02 09:45:27.298 27785 27879 D MulticastServer: Registration process finished: 1793107288
03-02 09:45:36.713 27785 27879 D MulticastServer: Broadcast block received {"ip":"192.168.1.97","cert":"MIIBKTCB0KADAgECAhQa8Bd7lH/BLTyi7ywd3y9YYSzkrDAKBggqhkjOPQQDAjAVMRMwEQYDVQQDDApUVE00OTA1IENBMB4XDTIyMDMwMTE0MDczNloXDTIyMDMzMTE0MDczNlowFTETMBEGA1UEAwwKNEB0ZXN0LmNvbTBZMBMGByqGSM49AgEGCCqGSM49AwEHA0IABFrZCEM2z1G1fZpGXj9xAJVyw+42wNc+1Oh3OKk5VRIc59yR1r148usPgG5mreOanaKvWR1KjIOl3HTLksn8RnowCgYIKoZIzj0EAwIDSAAwRQIhAKAKAwK83UAGas8l7ThnEHKwV0I7DisWJ0yDYNVZVUusAiAzZGLYe63aJer14gingjWvIIMLb+EEx1ysVZJxKqm6iw=="}
03-02 09:45:37.531 27785 27879 D MulticastServer: Broadcast block received {"ip":"192.168.1.97","cert":"MIIBKTCB0KADAgECAhQa8Bd7lH/BLTyi7ywd3y9YYSzkrDAKBggqhkjOPQQDAjAVMRMwEQYDVQQDDApUVE00OTA1IENBMB4XDTIyMDMwMTE0MDczNloXDTIyMDMzMTE0MDczNlowFTETMBEGA1UEAwwKNEB0ZXN0LmNvbTBZMBMGByqGSM49AgEGCCqGSM49AwEHA0IABFrZCEM2z1G1fZpGXj9xAJVyw+42wNc+1Oh3OKk5VRIc59yR1r148usPgG5mreOanaKvWR1KjIOl3HTLksn8RnowCgYIKoZIzj0EAwIDSAAwRQIhAKAKAwK83UAGas8l7ThnEHKwV0I7DisWJ0yDYNVZVUusAiAzZGLYe63aJer14gingjWvIIMLb+EEx1ysVZJxKqm6iw=="}
round 2 of 10
03-02 09:45:47.062 27523 27978 D MulticastServer: MULTICAST_SERVER_LISTENING
03-02 09:45:47.067 27523 27980 D MulticastServer: Registration process started with nonce: 1105110306
03-02 09:45:47.075 27523 27979 D MulticastClient: Sent messages: [{"sender":"","payload":"","mt":"REQUEST_LEDGER","sig":"","nonce":1105110306,"seq":0,"tot":0}]
03-02 09:45:48.070 27523 27982 D RegistrationHandler: 1105110306 Registration started
03-02 09:45:48.112 27523 27982 D MulticastServer: Registration process finished: 1105110306
03-02 09:45:48.127 27523 27995 D MulticastClient: Sent messages: [{"sender":"2@test.com","payload":"{\"ip\":\"192.168.1.102\",\"cert\":\"MIIBKjCB0KADAgECAhQ4Y7ju1gF20HgInu21PT9KBF9GTjAKBggqhkjOPQQDAjAVMRMwEQYDVQQDDApUVE00OTA1IENBMB4XDTIyMDMwMjA4MTMwOFoXDTIyMDQwMTA4MTMwOFowFTETMBEGA1UEAwwKMkB0ZXN0LmNvbTBZMBMGByqGSM49AgEGCCqGSM49AwEHA0IABDX5T5uShCqkaYlTAy\/9VnhpRfnnSG2sAgctv3by+PKya\/r2mK8OJaQoxOgtLPG0ySplNzqjftpvpo9Bjvd0g+8wCgYIKoZIzj0EAwIDSQAwRgIhANJZaiGCzyMc0M9Mg6RUCQNvccvHzRriGV1nkrTpgOY1AiEAri0DXI3WN0YunHCU1hOof9OsF4kPTmXqIYrI5CUW3Cw=\"}","mt":"BROADCAST_BLOCK","sig":"MEYCIQCuLt3gb0tnH9N3ltZ12L4A002Z8ULpKipPpwJZo3v5agIhAMWb+GkUwqhQP130xzgIxfMG1Li7ELejlUWLLxETjqr+","nonce":1105110306,"seq":0,"tot":0}]
03-02 09:46:02.318 27523 27995 D MulticastServer: Registration process started with nonce: 1021536779
03-02 09:46:02.324 27523 27995 D MulticastServer: Received request for ledger with nonce: 1021536779.
03-02 09:46:02.401 27523 27979 D MulticastClient: Sent messages: [{"sender":"{\"ip\":\"192.168.1.102\",\"cert\":\"MIIBKjCB0KADAgECAhQ4Y7ju1gF20HgInu21PT9KBF9GTjAKBggqhkjOPQQDAjAVMRMwEQYDVQQDDApUVE00OTA1IENBMB4XDTIyMDMwMjA4MTMwOFoXDTIyMDQwMTA4MTMwOFowFTETMBEGA1UEAwwKMkB0ZXN0LmNvbTBZMBMGByqGSM49AgEGCCqGSM49AwEHA0IABDX5T5uShCqkaYlTAy\/9VnhpRfnnSG2sAgctv3by+PKya\/r2mK8OJaQoxOgtLPG0ySplNzqjftpvpo9Bjvd0g+8wCgYIKoZIzj0EAwIDSQAwRgIhANJZaiGCzyMc0M9Mg6RUCQNvccvHzRriGV1nkrTpgOY1AiEAri0DXI3WN0YunHCU1hOof9OsF4kPTmXqIYrI5CUW3Cw=\"}","payload":"{\"ip\":\"192.168.1.102\",\"cert\":\"MIIBKjCB0KADAgECAhQ4Y7ju1gF20HgInu21PT9KBF9GTjAKBggqhkjOPQQDAjAVMRMwEQYDVQQDDApUVE00OTA1IENBMB4XDTIyMDMwMjA4MTMwOFoXDTIyMDQwMTA4MTMwOFowFTETMBEGA1UEAwwKMkB0ZXN0LmNvbTBZMBMGByqGSM49AgEGCCqGSM49AwEHA0IABDX5T5uShCqkaYlTAy\/9VnhpRfnnSG2sAgctv3by+PKya\/r2mK8OJaQoxOgtLPG0ySplNzqjftpvpo9Bjvd0g+8wCgYIKoZIzj0EAwIDSQAwRgIhANJZaiGCzyMc0M9Mg6RUCQNvccvHzRriGV1nkrTpgOY1AiEAri0DXI3WN0YunHCU1hOof9OsF4kPTmXqIYrI5CUW3Cw=\"}","mt":"FULL_LEDGER","sig":"MEUCIQCk6j598BDKOHUpvZx6EHeDRADrPB2nKE0TSwOikEDJFgIgKCV6c6\/KXlJ8z214PciUWX8cMIDs9OapkJycbfqY7P0=","nonce":1021536779,"seq":0,"tot":0}]
03-02 09:46:12.386 27523 28008 D RegistrationHandler: ACCEPTED_LEDGER 1021536779 1
03-02 09:46:12.394 27523 28008 D MulticastServer: Registration process finished: 1021536779
03-02 09:46:12.809 27523 27979 D MulticastServer: Broadcast block received {"ip":"192.168.1.150","cert":"MIIBKTCB0KADAgECAhQx2drGMEbzx2qb3kW8xg1ERD77ejAKBggqhkjOPQQDAjAVMRMwEQYDVQQDDApUVE00OTA1IENBMB4XDTIyMDMwMTE0MDYwNloXDTIyMDMzMTE0MDYwNlowFTETMBEGA1UEAwwKM0B0ZXN0LmNvbTBZMBMGByqGSM49AgEGCCqGSM49AwEHA0IABC+xOTkmX6a0H6eidB85Da0CbmYg10XwNz19SCaEheU1Pnhjz+I+DyVNXvPft4T5YY/Na+qO1xeH4N82RLPGZG4wCgYIKoZIzj0EAwIDSAAwRQIhAKM4Xl1DGHfOv0umGOVlytMmTlJ1lGbeQ1ln5eQsN/WUAiAXF9+WZLpST68j+XxOh/6IwCRmaU38MkDIIKAlomW4dg=="}
03-02 09:46:13.171 27523 27979 D MulticastServer: Broadcast block received {"ip":"192.168.1.150","cert":"MIIBKTCB0KADAgECAhQx2drGMEbzx2qb3kW8xg1ERD77ejAKBggqhkjOPQQDAjAVMRMwEQYDVQQDDApUVE00OTA1IENBMB4XDTIyMDMwMTE0MDYwNloXDTIyMDMzMTE0MDYwNlowFTETMBEGA1UEAwwKM0B0ZXN0LmNvbTBZMBMGByqGSM49AgEGCCqGSM49AwEHA0IABC+xOTkmX6a0H6eidB85Da0CbmYg10XwNz19SCaEheU1Pnhjz+I+DyVNXvPft4T5YY/Na+qO1xeH4N82RLPGZG4wCgYIKoZIzj0EAwIDSAAwRQIhAKM4Xl1DGHfOv0umGOVlytMmTlJ1lGbeQ1ln5eQsN/WUAiAXF9+WZLpST68j+XxOh/6IwCRmaU38MkDIIKAlomW4dg=="}
03-02 09:46:17.671 27523 27979 D MulticastServer: Registration process started with nonce: 967052798
03-02 09:46:17.677 27523 27979 D MulticastServer: Received request for ledger with nonce: 967052798.
03-02 09:46:17.747 27523 27985 D MulticastClient: Sent messages: [{"sender":"{\"ip\":\"192.168.1.102\",\"cert\":\"MIIBKjCB0KADAgECAhQ4Y7ju1gF20HgInu21PT9KBF9GTjAKBggqhkjOPQQDAjAVMRMwEQYDVQQDDApUVE00OTA1IENBMB4XDTIyMDMwMjA4MTMwOFoXDTIyMDQwMTA4MTMwOFowFTETMBEGA1UEAwwKMkB0ZXN0LmNvbTBZMBMGByqGSM49AgEGCCqGSM49AwEHA0IABDX5T5uShCqkaYlTAy\/9VnhpRfnnSG2sAgctv3by+PKya\/r2mK8OJaQoxOgtLPG0ySplNzqjftpvpo9Bjvd0g+8wCgYIKoZIzj0EAwIDSQAwRgIhANJZaiGCzyMc0M9Mg6RUCQNvccvHzRriGV1nkrTpgOY1AiEAri0DXI3WN0YunHCU1hOof9OsF4kPTmXqIYrI5CUW3Cw=\"}","payload":"{\"ip\":\"192.168.1.102\",\"cert\":\"MIIBKjCB0KADAgECAhQ4Y7ju1gF20HgInu21PT9KBF9GTjAKBggqhkjOPQQDAjAVMRMwEQYDVQQDDApUVE00OTA1IENBMB4XDTIyMDMwMjA4MTMwOFoXDTIyMDQwMTA4MTMwOFowFTETMBEGA1UEAwwKMkB0ZXN0LmNvbTBZMBMGByqGSM49AgEGCCqGSM49AwEHA0IABDX5T5uShCqkaYlTAy\/9VnhpRfnnSG2sAgctv3by+PKya\/r2mK8OJaQoxOgtLPG0ySplNzqjftpvpo9Bjvd0g+8wCgYIKoZIzj0EAwIDSQAwRgIhANJZaiGCzyMc0M9Mg6RUCQNvccvHzRriGV1nkrTpgOY1AiEAri0DXI3WN0YunHCU1hOof9OsF4kPTmXqIYrI5CUW3Cw=\"}","mt":"FULL_LEDGER","sig":"MEUCIQCyRFEvdmbFpPDgyCFlILR\/i+dBOwAu1O1tyK6Ft4VqDwIgZMUJ+RM+JZsGk11rMfaFGZkvIeyvwSxya4qVYZtLVrc=","nonce":967052798,"seq":0,"tot":1}, {"sender":"2@test.com","payload":"{\"ip\":\"192.168.1.150\",\"cert\":\"MIIBKTCB0KADAgECAhQx2drGMEbzx2qb3kW8xg1ERD77ejAKBggqhkjOPQQDAjAVMRMwEQYDVQQDDApUVE00OTA1IENBMB4XDTIyMDMwMTE0MDYwNloXDTIyMDMzMTE0MDYwNlowFTETMBEGA1UEAwwKM0B0ZXN0LmNvbTBZMBMGByqGSM49AgEGCCqGSM49AwEHA0IABC+xOTkmX6a0H6eidB85Da0CbmYg10XwNz19SCaEheU1Pnhjz+I+DyVNXvPft4T5YY\/Na+qO1xeH4N82RLPGZG4wCgYIKoZIzj0EAwIDSAAwRQIhAKM4Xl1DGHfOv0umGOVlytMmTlJ1lGbeQ1ln5eQsN\/WUAiAXF9+WZLpST68j+XxOh\/6IwCRmaU38MkDIIKAlomW4dg==\"}","mt":"FULL_LEDGER","sig":"MEYCIQDNedL9+Hb05J+F7\/XUlJP947qqXZ3QDiQgaqi9TkxkhgIhAJImnI4zhrM8OfsAQNGdrBQIFWGu+9UVg1AtMK7tqI5O","nonce":967052798,"seq":1,"tot":1}]
03-02 09:46:18.657 27523 27985 D RegistrationHandler: FULL_LEDGER 967052798
03-02 09:46:18.799 27523 27985 D MulticastServer: Broadcast block received {"ip":"192.168.1.96","cert":"MIIBKjCB0KADAgECAhQFGtbY2BBfIilHmVHfmz1ibePqCTAKBggqhkjOPQQDAjAVMRMwEQYDVQQDDApUVE00OTA1IENBMB4XDTIyMDMwMTE0MDg1MVoXDTIyMDMzMTE0MDg1MVowFTETMBEGA1UEAwwKNUB0ZXN0LmNvbTBZMBMGByqGSM49AgEGCCqGSM49AwEHA0IABM0SKT7roPGNC1d52qLjFf8A++6+ejGXhEz/RZOJFR1j7rRmQIgaxqH+EAJzNBYhPBDjl1Sf/Lsjr0vAoPml3eUwCgYIKoZIzj0EAwIDSQAwRgIhAPcOKfuB+KByJXxphcvx1eVN2EVlksqOSofHq3BTh+oSAiEA7+Kmz9U75Bg3JXvTLGnz/X5DqCaZD0GxKGePXFq7DUE="}
03-02 09:46:19.213 27523 27985 D MulticastServer: Broadcast block received {"ip":"192.168.1.96","cert":"MIIBKjCB0KADAgECAhQFGtbY2BBfIilHmVHfmz1ibePqCTAKBggqhkjOPQQDAjAVMRMwEQYDVQQDDApUVE00OTA1IENBMB4XDTIyMDMwMTE0MDg1MVoXDTIyMDMzMTE0MDg1MVowFTETMBEGA1UEAwwKNUB0ZXN0LmNvbTBZMBMGByqGSM49AgEGCCqGSM49AwEHA0IABM0SKT7roPGNC1d52qLjFf8A++6+ejGXhEz/RZOJFR1j7rRmQIgaxqH+EAJzNBYhPBDjl1Sf/Lsjr0vAoPml3eUwCgYIKoZIzj0EAwIDSQAwRgIhAPcOKfuB+KByJXxphcvx1eVN2EVlksqOSofHq3BTh+oSAiEA7+Kmz9U75Bg3JXvTLGnz/X5DqCaZD0GxKGePXFq7DUE="}
03-02 09:46:19.619 27523 27985 D MulticastServer: Broadcast block received {"ip":"192.168.1.96","cert":"MIIBKjCB0KADAgECAhQFGtbY2BBfIilHmVHfmz1ibePqCTAKBggqhkjOPQQDAjAVMRMwEQYDVQQDDApUVE00OTA1IENBMB4XDTIyMDMwMTE0MDg1MVoXDTIyMDMzMTE0MDg1MVowFTETMBEGA1UEAwwKNUB0ZXN0LmNvbTBZMBMGByqGSM49AgEGCCqGSM49AwEHA0IABM0SKT7roPGNC1d52qLjFf8A++6+ejGXhEz/RZOJFR1j7rRmQIgaxqH+EAJzNBYhPBDjl1Sf/Lsjr0vAoPml3eUwCgYIKoZIzj0EAwIDSQAwRgIhAPcOKfuB+KByJXxphcvx1eVN2EVlksqOSofHq3BTh+oSAiEA7+Kmz9U75Bg3JXvTLGnz/X5DqCaZD0GxKGePXFq7DUE="}
03-02 09:46:27.724 27523 28015 D RegistrationHandler: ACCEPTED_LEDGER 967052798 2
03-02 09:46:27.729 27523 28015 D MulticastServer: Registration process finished: 967052798
03-02 09:46:32.315 27523 27985 D MulticastServer: Registration process started with nonce: 1137017828
03-02 09:46:32.320 27523 27985 D MulticastServer: Received request for ledger with nonce: 1137017828.
03-02 09:46:32.389 27523 27979 D MulticastClient: Sent messages: [{"sender":"{\"ip\":\"192.168.1.102\",\"cert\":\"MIIBKjCB0KADAgECAhQ4Y7ju1gF20HgInu21PT9KBF9GTjAKBggqhkjOPQQDAjAVMRMwEQYDVQQDDApUVE00OTA1IENBMB4XDTIyMDMwMjA4MTMwOFoXDTIyMDQwMTA4MTMwOFowFTETMBEGA1UEAwwKMkB0ZXN0LmNvbTBZMBMGByqGSM49AgEGCCqGSM49AwEHA0IABDX5T5uShCqkaYlTAy\/9VnhpRfnnSG2sAgctv3by+PKya\/r2mK8OJaQoxOgtLPG0ySplNzqjftpvpo9Bjvd0g+8wCgYIKoZIzj0EAwIDSQAwRgIhANJZaiGCzyMc0M9Mg6RUCQNvccvHzRriGV1nkrTpgOY1AiEAri0DXI3WN0YunHCU1hOof9OsF4kPTmXqIYrI5CUW3Cw=\"}","payload":"311d1114a8fbdc49f81b8496ad90e469e40617b8bd7639123916618b1a6a1fda","mt":"LEDGER_HASH","sig":"MEYCIQCntVGahVLFjGcB5hqNtyvyqbK9nBGa93y+xy7C5MH0BwIhAP\/mNC\/gF\/dv+yEnebzMVFPf+LJIseceSbmyGFZ2PJSa","nonce":1137017828,"seq":0,"tot":0}]
03-02 09:46:32.548 27523 27985 D RegistrationHandler: FULL_LEDGER 1137017828
03-02 09:46:32.852 27523 27985 D RegistrationHandler: FULL_LEDGER 1137017828
03-02 09:46:32.869 27523 27985 D RegistrationHandler: ACCEPTED_LEDGER 1137017828 3
03-02 09:46:32.872 27523 27985 D MulticastServer: Registration process finished: 1137017828
03-02 09:46:33.337 27523 27985 D MulticastServer: Broadcast block received {"ip":"192.168.1.126","cert":"MIIBKTCB0KADAgECAhRYB2Z/cqTmwQTbrhYf9v5lzVW+YjAKBggqhkjOPQQDAjAVMRMwEQYDVQQDDApUVE00OTA1IENBMB4XDTIyMDMwMTE0MTYzNVoXDTIyMDMzMTE0MTYzNVowFTETMBEGA1UEAwwKNkB0ZXN0LmNvbTBZMBMGByqGSM49AgEGCCqGSM49AwEHA0IABAYvxEyQgnJqCupzRJy6aDpuP4erW5GpSxzJ8zvy/WUXQAxLhv+z1Ufnl8ibD+dvXyRrW5CWmfEfUDbHIrhH0RYwCgYIKoZIzj0EAwIDSAAwRQIgORT+4WycNDSTneeqB9XlWe9PgCi139fukuacTIRzFHMCIQCn0eHVbKOQuveD+6D+8mZsMSWoUK/4EEnmk+W3T8NSXw=="}
03-02 09:46:47.062 27523 27985 D MulticastServer: Registration process started with nonce: 1351729121
03-02 09:46:47.069 27523 27985 D MulticastServer: Received request for ledger with nonce: 1351729121.
03-02 09:46:47.145 27523 27979 D MulticastClient: Sent messages: [{"sender":"{\"ip\":\"192.168.1.102\",\"cert\":\"MIIBKjCB0KADAgECAhQ4Y7ju1gF20HgInu21PT9KBF9GTjAKBggqhkjOPQQDAjAVMRMwEQYDVQQDDApUVE00OTA1IENBMB4XDTIyMDMwMjA4MTMwOFoXDTIyMDQwMTA4MTMwOFowFTETMBEGA1UEAwwKMkB0ZXN0LmNvbTBZMBMGByqGSM49AgEGCCqGSM49AwEHA0IABDX5T5uShCqkaYlTAy\/9VnhpRfnnSG2sAgctv3by+PKya\/r2mK8OJaQoxOgtLPG0ySplNzqjftpvpo9Bjvd0g+8wCgYIKoZIzj0EAwIDSQAwRgIhANJZaiGCzyMc0M9Mg6RUCQNvccvHzRriGV1nkrTpgOY1AiEAri0DXI3WN0YunHCU1hOof9OsF4kPTmXqIYrI5CUW3Cw=\"}","payload":"be27adff8a5ed0f040a91db4622ae1174bc3e895da677eb2b413c67351410350","mt":"LEDGER_HASH","sig":"MEYCIQDrTu5KwOjb8dMMZbl6AWd2rQKzbR7sQgzuUAF2RDqytAIhAILxvvx27I+PJ+oSnMenG1NNFx8Ir6G3tI7GLFXIioGa","nonce":1351729121,"seq":0,"tot":0}]
03-02 09:46:47.178 27523 28021 D MulticastServer: Received hash from 3@test.com: be27adff8a5ed0f040a91db4622ae1174bc3e895da677eb2b413c67351410350
03-02 09:46:47.282 27523 28021 D RegistrationHandler: FULL_LEDGER 1351729121
03-02 09:46:47.616 27523 27995 D MulticastServer: Received hash from 3@test.com: be27adff8a5ed0f040a91db4622ae1174bc3e895da677eb2b413c67351410350
03-02 09:46:47.619 27523 28025 D RegistrationHandler: FULL_LEDGER 1351729121
03-02 09:46:47.630 27523 28025 D RegistrationHandler: ACCEPTED_LEDGER 1351729121 4
03-02 09:46:47.633 27523 28025 D MulticastServer: Registration process finished: 1351729121
03-02 09:46:48.095 27523 27979 D MulticastServer: Broadcast block received {"ip":"192.168.1.90","cert":"MIIBKDCB0KADAgECAhQZbAmWWVr2VWp+hFAg1X7cJgO4sTAKBggqhkjOPQQDAjAVMRMwEQYDVQQDDApUVE00OTA1IENBMB4XDTIyMDMwMjA4MDg0NVoXDTIyMDQwMTA4MDg0NVowFTETMBEGA1UEAwwKMUB0ZXN0LmNvbTBZMBMGByqGSM49AgEGCCqGSM49AwEHA0IABM7xqjGMR7J9YHsC1Nm1FVwXeRWX2YBLnrPvjQWFuNoFCn6ZLLlFcCzFVHJJP3qKi5y+NQjSRLB7AWHDUv+DNT0wCgYIKoZIzj0EAwIDRwAwRAIgJih2I7KaHzCQQafhi8S+ulGfbkwGvOEmNjqTUInGhcUCIBGEnZPXeVvz1i5p7m0Y12Se4ZiumkNaeIWdn7SbRoir"}
03-02 09:46:48.507 27523 27979 D MulticastServer: Broadcast block received {"ip":"192.168.1.90","cert":"MIIBKDCB0KADAgECAhQZbAmWWVr2VWp+hFAg1X7cJgO4sTAKBggqhkjOPQQDAjAVMRMwEQYDVQQDDApUVE00OTA1IENBMB4XDTIyMDMwMjA4MDg0NVoXDTIyMDQwMTA4MDg0NVowFTETMBEGA1UEAwwKMUB0ZXN0LmNvbTBZMBMGByqGSM49AgEGCCqGSM49AwEHA0IABM7xqjGMR7J9YHsC1Nm1FVwXeRWX2YBLnrPvjQWFuNoFCn6ZLLlFcCzFVHJJP3qKi5y+NQjSRLB7AWHDUv+DNT0wCgYIKoZIzj0EAwIDRwAwRAIgJih2I7KaHzCQQafhi8S+ulGfbkwGvOEmNjqTUInGhcUCIBGEnZPXeVvz1i5p7m0Y12Se4ZiumkNaeIWdn7SbRoir"}
03-02 09:46:48.911 27523 27979 D MulticastServer: Broadcast block received {"ip":"192.168.1.90","cert":"MIIBKDCB0KADAgECAhQZbAmWWVr2VWp+hFAg1X7cJgO4sTAKBggqhkjOPQQDAjAVMRMwEQYDVQQDDApUVE00OTA1IENBMB4XDTIyMDMwMjA4MDg0NVoXDTIyMDQwMTA4MDg0NVowFTETMBEGA1UEAwwKMUB0ZXN0LmNvbTBZMBMGByqGSM49AgEGCCqGSM49AwEHA0IABM7xqjGMR7J9YHsC1Nm1FVwXeRWX2YBLnrPvjQWFuNoFCn6ZLLlFcCzFVHJJP3qKi5y+NQjSRLB7AWHDUv+DNT0wCgYIKoZIzj0EAwIDRwAwRAIgJih2I7KaHzCQQafhi8S+ulGfbkwGvOEmNjqTUInGhcUCIBGEnZPXeVvz1i5p7m0Y12Se4ZiumkNaeIWdn7SbRoir"}
03-02 09:47:02.114 27523 27979 D MulticastServer: Registration process started with nonce: 358203411
03-02 09:47:02.119 27523 27979 D MulticastServer: Received request for ledger with nonce: 358203411.
03-02 09:47:02.170 27523 27995 D MulticastClient: Sent messages: [{"sender":"{\"ip\":\"192.168.1.102\",\"cert\":\"MIIBKjCB0KADAgECAhQ4Y7ju1gF20HgInu21PT9KBF9GTjAKBggqhkjOPQQDAjAVMRMwEQYDVQQDDApUVE00OTA1IENBMB4XDTIyMDMwMjA4MTMwOFoXDTIyMDQwMTA4MTMwOFowFTETMBEGA1UEAwwKMkB0ZXN0LmNvbTBZMBMGByqGSM49AgEGCCqGSM49AwEHA0IABDX5T5uShCqkaYlTAy\/9VnhpRfnnSG2sAgctv3by+PKya\/r2mK8OJaQoxOgtLPG0ySplNzqjftpvpo9Bjvd0g+8wCgYIKoZIzj0EAwIDSQAwRgIhANJZaiGCzyMc0M9Mg6RUCQNvccvHzRriGV1nkrTpgOY1AiEAri0DXI3WN0YunHCU1hOof9OsF4kPTmXqIYrI5CUW3Cw=\"}","payload":"537b0ea31ebf925fa5c6af9ab92c308acf3f1c601d20463bf1d7cd5ee43e5ef4","mt":"LEDGER_HASH","sig":"MEUCIEgSE0b+eVgRLo4W7+HUfJmRzO5ENhvAUiBTPzJFL4QOAiEA1UACuEBtUQRut9WsqZiw90S94kgk8\/mh7ujpSUm7CHI=","nonce":358203411,"seq":0,"tot":0}]
03-02 09:47:02.217 27523 28025 D MulticastServer: Received hash from 1@test.com: 537b0ea31ebf925fa5c6af9ab92c308acf3f1c601d20463bf1d7cd5ee43e5ef4
03-02 09:47:02.266 27523 28025 D MulticastServer: Received hash from 3@test.com: 537b0ea31ebf925fa5c6af9ab92c308acf3f1c601d20463bf1d7cd5ee43e5ef4
03-02 09:47:02.630 27523 28025 D MulticastServer: Received hash from 1@test.com: 537b0ea31ebf925fa5c6af9ab92c308acf3f1c601d20463bf1d7cd5ee43e5ef4
03-02 09:47:02.668 27523 28025 D RegistrationHandler: FULL_LEDGER 358203411
03-02 09:47:02.671 27523 27979 D RegistrationHandler: FULL_LEDGER 358203411
03-02 09:47:02.676 27523 28021 D RegistrationHandler: FULL_LEDGER 358203411
03-02 09:47:02.679 27523 27985 D MulticastServer: Received hash from 3@test.com: 537b0ea31ebf925fa5c6af9ab92c308acf3f1c601d20463bf1d7cd5ee43e5ef4
03-02 09:47:02.695 27523 28021 D RegistrationHandler: ACCEPTED_LEDGER 358203411 5
03-02 09:47:02.696 27523 27979 D RegistrationHandler: ACCEPTED_LEDGER 358203411 5
03-02 09:47:02.696 27523 28025 D RegistrationHandler: ACCEPTED_LEDGER 358203411 5
03-02 09:47:02.703 27523 28025 D MulticastServer: Registration process finished: 358203411
03-02 09:47:03.246 27523 27995 D MulticastServer: Broadcast block received {"ip":"192.168.1.97","cert":"MIIBKTCB0KADAgECAhQa8Bd7lH/BLTyi7ywd3y9YYSzkrDAKBggqhkjOPQQDAjAVMRMwEQYDVQQDDApUVE00OTA1IENBMB4XDTIyMDMwMTE0MDczNloXDTIyMDMzMTE0MDczNlowFTETMBEGA1UEAwwKNEB0ZXN0LmNvbTBZMBMGByqGSM49AgEGCCqGSM49AwEHA0IABFrZCEM2z1G1fZpGXj9xAJVyw+42wNc+1Oh3OKk5VRIc59yR1r148usPgG5mreOanaKvWR1KjIOl3HTLksn8RnowCgYIKoZIzj0EAwIDSAAwRQIhAKAKAwK83UAGas8l7ThnEHKwV0I7DisWJ0yDYNVZVUusAiAzZGLYe63aJer14gingjWvIIMLb+EEx1ysVZJxKqm6iw=="}
03-02 09:47:03.548 27523 27995 D MulticastServer: Broadcast block received {"ip":"192.168.1.97","cert":"MIIBKTCB0KADAgECAhQa8Bd7lH/BLTyi7ywd3y9YYSzkrDAKBggqhkjOPQQDAjAVMRMwEQYDVQQDDApUVE00OTA1IENBMB4XDTIyMDMwMTE0MDczNloXDTIyMDMzMTE0MDczNlowFTETMBEGA1UEAwwKNEB0ZXN0LmNvbTBZMBMGByqGSM49AgEGCCqGSM49AwEHA0IABFrZCEM2z1G1fZpGXj9xAJVyw+42wNc+1Oh3OKk5VRIc59yR1r148usPgG5mreOanaKvWR1KjIOl3HTLksn8RnowCgYIKoZIzj0EAwIDSAAwRQIhAKAKAwK83UAGas8l7ThnEHKwV0I7DisWJ0yDYNVZVUusAiAzZGLYe63aJer14gingjWvIIMLb+EEx1ysVZJxKqm6iw=="}
round 3 of 10
03-02 09:47:22.109 27720 28089 D MulticastServer: MULTICAST_SERVER_LISTENING
03-02 09:47:22.113 27720 28091 D MulticastServer: Registration process started with nonce: 2042044289
03-02 09:47:22.122 27720 28090 D MulticastClient: Sent messages: [{"sender":"","payload":"","mt":"REQUEST_LEDGER","sig":"","nonce":2042044289,"seq":0,"tot":0}]
03-02 09:47:23.117 27720 28093 D RegistrationHandler: 2042044289 Registration started
03-02 09:47:23.177 27720 28093 D MulticastServer: Registration process finished: 2042044289
03-02 09:47:23.198 27720 28105 D MulticastClient: Sent messages: [{"sender":"2@test.com","payload":"{\"ip\":\"192.168.1.102\",\"cert\":\"MIIBKjCB0KADAgECAhQ4Y7ju1gF20HgInu21PT9KBF9GTjAKBggqhkjOPQQDAjAVMRMwEQYDVQQDDApUVE00OTA1IENBMB4XDTIyMDMwMjA4MTMwOFoXDTIyMDQwMTA4MTMwOFowFTETMBEGA1UEAwwKMkB0ZXN0LmNvbTBZMBMGByqGSM49AgEGCCqGSM49AwEHA0IABDX5T5uShCqkaYlTAy\/9VnhpRfnnSG2sAgctv3by+PKya\/r2mK8OJaQoxOgtLPG0ySplNzqjftpvpo9Bjvd0g+8wCgYIKoZIzj0EAwIDSQAwRgIhANJZaiGCzyMc0M9Mg6RUCQNvccvHzRriGV1nkrTpgOY1AiEAri0DXI3WN0YunHCU1hOof9OsF4kPTmXqIYrI5CUW3Cw=\"}","mt":"BROADCAST_BLOCK","sig":"MEYCIQCix9c8am1CiSI6T1dgOJEUr8ap\/hnf+\/GHCk3qNSSaHQIhALRtv763Bh8L28HSkBX\/\/Bt6nfuW70sCDk4ueplox7cF","nonce":2042044289,"seq":0,"tot":0}]
03-02 09:47:37.236 27720 28105 D MulticastServer: Registration process started with nonce: 452004526
03-02 09:47:37.241 27720 28105 D MulticastServer: Received request for ledger with nonce: 452004526.
03-02 09:47:37.331 27720 28096 D MulticastClient: Sent messages: [{"sender":"{\"ip\":\"192.168.1.102\",\"cert\":\"MIIBKjCB0KADAgECAhQ4Y7ju1gF20HgInu21PT9KBF9GTjAKBggqhkjOPQQDAjAVMRMwEQYDVQQDDApUVE00OTA1IENBMB4XDTIyMDMwMjA4MTMwOFoXDTIyMDQwMTA4MTMwOFowFTETMBEGA1UEAwwKMkB0ZXN0LmNvbTBZMBMGByqGSM49AgEGCCqGSM49AwEHA0IABDX5T5uShCqkaYlTAy\/9VnhpRfnnSG2sAgctv3by+PKya\/r2mK8OJaQoxOgtLPG0ySplNzqjftpvpo9Bjvd0g+8wCgYIKoZIzj0EAwIDSQAwRgIhANJZaiGCzyMc0M9Mg6RUCQNvccvHzRriGV1nkrTpgOY1AiEAri0DXI3WN0YunHCU1hOof9OsF4kPTmXqIYrI5CUW3Cw=\"}","payload":"{\"ip\":\"192.168.1.102\",\"cert\":\"MIIBKjCB0KADAgECAhQ4Y7ju1gF20HgInu21PT9KBF9GTjAKBggqhkjOPQQDAjAVMRMwEQYDVQQDDApUVE00OTA1IENBMB4XDTIyMDMwMjA4MTMwOFoXDTIyMDQwMTA4MTMwOFowFTETMBEGA1UEAwwKMkB0ZXN0LmNvbTBZMBMGByqGSM49AgEGCCqGSM49AwEHA0IABDX5T5uShCqkaYlTAy\/9VnhpRfnnSG2sAgctv3by+PKya\/r2mK8OJaQoxOgtLPG0ySplNzqjftpvpo9Bjvd0g+8wCgYIKoZIzj0EAwIDSQAwRgIhANJZaiGCzyMc0M9Mg6RUCQNvccvHzRriGV1nkrTpgOY1AiEAri0DXI3WN0YunHCU1hOof9OsF4kPTmXqIYrI5CUW3Cw=\"}","mt":"FULL_LEDGER","sig":"MEUCIQDomwFDYNBaRK4MMMUfBG+uzlHCf3v+7ezhYxjRvOfYWQIgHFJJwt3Ftzw3VTsHXFGHKAMinuE8+4J2eX75JlxYKrU=","nonce":452004526,"seq":0,"tot":0}]
03-02 09:47:47.286 27720 28116 D RegistrationHandler: ACCEPTED_LEDGER 452004526 1
03-02 09:47:47.292 27720 28116 D MulticastServer: Registration process finished: 452004526
03-02 09:47:47.788 27720 28096 D MulticastServer: Broadcast block received {"ip":"192.168.1.150","cert":"MIIBKTCB0KADAgECAhQx2drGMEbzx2qb3kW8xg1ERD77ejAKBggqhkjOPQQDAjAVMRMwEQYDVQQDDApUVE00OTA1IENBMB4XDTIyMDMwMTE0MDYwNloXDTIyMDMzMTE0MDYwNlowFTETMBEGA1UEAwwKM0B0ZXN0LmNvbTBZMBMGByqGSM49AgEGCCqGSM49AwEHA0IABC+xOTkmX6a0H6eidB85Da0CbmYg10XwNz19SCaEheU1Pnhjz+I+DyVNXvPft4T5YY/Na+qO1xeH4N82RLPGZG4wCgYIKoZIzj0EAwIDSAAwRQIhAKM4Xl1DGHfOv0umGOVlytMmTlJ1lGbeQ1ln5eQsN/WUAiAXF9+WZLpST68j+XxOh/6IwCRmaU38MkDIIKAlomW4dg=="}
03-02 09:47:48.203 27720 28096 D MulticastServer: Broadcast block received {"ip":"192.168.1.150","cert":"MIIBKTCB0KADAgECAhQx2drGMEbzx2qb3kW8xg1ERD77ejAKBggqhkjOPQQDAjAVMRMwEQYDVQQDDApUVE00OTA1IENBMB4XDTIyMDMwMTE0MDYwNloXDTIyMDMzMTE0MDYwNlowFTETMBEGA1UEAwwKM0B0ZXN0LmNvbTBZMBMGByqGSM49AgEGCCqGSM49AwEHA0IABC+xOTkmX6a0H6eidB85Da0CbmYg10XwNz19SCaEheU1Pnhjz+I+DyVNXvPft4T5YY/Na+qO1xeH4N82RLPGZG4wCgYIKoZIzj0EAwIDSAAwRQIhAKM4Xl1DGHfOv0umGOVlytMmTlJ1lGbeQ1ln5eQsN/WUAiAXF9+WZLpST68j+XxOh/6IwCRmaU38MkDIIKAlomW4dg=="}
03-02 09:47:52.599 27720 28096 D MulticastServer: Registration process started with nonce: 1366739034
03-02 09:47:52.604 27720 28096 D MulticastServer: Received request for ledger with nonce: 1366739034.
03-02 09:47:52.669 27720 28105 D MulticastClient: Sent messages: [{"sender":"{\"ip\":\"192.168.1.102\",\"cert\":\"MIIBKjCB0KADAgECAhQ4Y7ju1gF20HgInu21PT9KBF9GTjAKBggqhkjOPQQDAjAVMRMwEQYDVQQDDApUVE00OTA1IENBMB4XDTIyMDMwMjA4MTMwOFoXDTIyMDQwMTA4MTMwOFowFTETMBEGA1UEAwwKMkB0ZXN0LmNvbTBZMBMGByqGSM49AgEGCCqGSM49AwEHA0IABDX5T5uShCqkaYlTAy\/9VnhpRfnnSG2sAgctv3by+PKya\/r2mK8OJaQoxOgtLPG0ySplNzqjftpvpo9Bjvd0g+8wCgYIKoZIzj0EAwIDSQAwRgIhANJZaiGCzyMc0M9Mg6RUCQNvccvHzRriGV1nkrTpgOY1AiEAri0DXI3WN0YunHCU1hOof9OsF4kPTmXqIYrI5CUW3Cw=\"}","payload":"{\"ip\":\"192.168.1.102\",\"cert\":\"MIIBKjCB0KADAgECAhQ4Y7ju1gF20HgInu21PT9KBF9GTjAKBggqhkjOPQQDAjAVMRMwEQYDVQQDDApUVE00OTA1IENBMB4XDTIyMDMwMjA4MTMwOFoXDTIyMDQwMTA4MTMwOFowFTETMBEGA1UEAwwKMkB0ZXN0LmNvbTBZMBMGByqGSM49AgEGCCqGSM49AwEHA0IABDX5T5uShCqkaYlTAy\/9VnhpRfnnSG2sAgctv3by+PKya\/r2mK8OJaQoxOgtLPG0ySplNzqjftpvpo9Bjvd0g+8wCgYIKoZIzj0EAwIDSQAwRgIhANJZaiGCzyMc0M9Mg6RUCQNvccvHzRriGV1nkrTpgOY1AiEAri0DXI3WN0YunHCU1hOof9OsF4kPTmXqIYrI5CUW3Cw=\"}","mt":"FULL_LEDGER","sig":"MEYCIQDinaiCr8oIB8rxP3ybG9PcToSGKnCheZj1IWHHN\/RjggIhAKji\/OCECsfMi39FZMxo\/9IPJYCwwW8NGArQ7g1vaNNk","nonce":1366739034,"seq":0,"tot":1}, {"sender":"2@test.com","payload":"{\"ip\":\"192.168.1.150\",\"cert\":\"MIIBKTCB0KADAgECAhQx2drGMEbzx2qb3kW8xg1ERD77ejAKBggqhkjOPQQDAjAVMRMwEQYDVQQDDApUVE00OTA1IENBMB4XDTIyMDMwMTE0MDYwNloXDTIyMDMzMTE0MDYwNlowFTETMBEGA1UEAwwKM0B0ZXN0LmNvbTBZMBMGByqGSM49AgEGCCqGSM49AwEHA0IABC+xOTkmX6a0H6eidB85Da0CbmYg10XwNz19SCaEheU1Pnhjz+I+DyVNXvPft4T5YY\/Na+qO1xeH4N82RLPGZG4wCgYIKoZIzj0EAwIDSAAwRQIhAKM4Xl1DGHfOv0umGOVlytMmTlJ1lGbeQ1ln5eQsN\/WUAiAXF9+WZLpST68j+XxOh\/6IwCRmaU38MkDIIKAlomW4dg==\"}","mt":"FULL_LEDGER","sig":"MEUCIQCtrQ1J86iKF\/aadzWIo5aH2qJKV7U8s9v1FAX6U03V5AIgVW+hh4aCc1AP1CvaU\/DOfVpn9UmJWwhG\/yeTo8+zlEA=","nonce":1366739034,"seq":1,"tot":1}]
03-02 09:47:52.742 27720 28090 D RegistrationHandler: FULL_LEDGER 1366739034
03-02 09:47:53.262 27720 28127 D RegistrationHandler: FULL_LEDGER 1366739034
03-02 09:47:53.290 27720 28127 D RegistrationHandler: ACCEPTED_LEDGER 1366739034 2
03-02 09:47:53.298 27720 28127 D MulticastServer: Registration process finished: 1366739034
03-02 09:48:02.635 27720 28105 D MulticastServer: Broadcast block received {"ip":"192.168.1.96","cert":"MIIBKjCB0KADAgECAhQFGtbY2BBfIilHmVHfmz1ibePqCTAKBggqhkjOPQQDAjAVMRMwEQYDVQQDDApUVE00OTA1IENBMB4XDTIyMDMwMTE0MDg1MVoXDTIyMDMzMTE0MDg1MVowFTETMBEGA1UEAwwKNUB0ZXN0LmNvbTBZMBMGByqGSM49AgEGCCqGSM49AwEHA0IABM0SKT7roPGNC1d52qLjFf8A++6+ejGXhEz/RZOJFR1j7rRmQIgaxqH+EAJzNBYhPBDjl1Sf/Lsjr0vAoPml3eUwCgYIKoZIzj0EAwIDSQAwRgIhAPcOKfuB+KByJXxphcvx1eVN2EVlksqOSofHq3BTh+oSAiEA7+Kmz9U75Bg3JXvTLGnz/X5DqCaZD0GxKGePXFq7DUE="}
03-02 09:48:03.044 27720 28105 D MulticastServer: Broadcast block received {"ip":"192.168.1.96","cert":"MIIBKjCB0KADAgECAhQFGtbY2BBfIilHmVHfmz1ibePqCTAKBggqhkjOPQQDAjAVMRMwEQYDVQQDDApUVE00OTA1IENBMB4XDTIyMDMwMTE0MDg1MVoXDTIyMDMzMTE0MDg1MVowFTETMBEGA1UEAwwKNUB0ZXN0LmNvbTBZMBMGByqGSM49AgEGCCqGSM49AwEHA0IABM0SKT7roPGNC1d52qLjFf8A++6+ejGXhEz/RZOJFR1j7rRmQIgaxqH+EAJzNBYhPBDjl1Sf/Lsjr0vAoPml3eUwCgYIKoZIzj0EAwIDSQAwRgIhAPcOKfuB+KByJXxphcvx1eVN2EVlksqOSofHq3BTh+oSAiEA7+Kmz9U75Bg3JXvTLGnz/X5DqCaZD0GxKGePXFq7DUE="}
03-02 09:48:03.455 27720 28105 D MulticastServer: Broadcast block received {"ip":"192.168.1.96","cert":"MIIBKjCB0KADAgECAhQFGtbY2BBfIilHmVHfmz1ibePqCTAKBggqhkjOPQQDAjAVMRMwEQYDVQQDDApUVE00OTA1IENBMB4XDTIyMDMwMTE0MDg1MVoXDTIyMDMzMTE0MDg1MVowFTETMBEGA1UEAwwKNUB0ZXN0LmNvbTBZMBMGByqGSM49AgEGCCqGSM49AwEHA0IABM0SKT7roPGNC1d52qLjFf8A++6+ejGXhEz/RZOJFR1j7rRmQIgaxqH+EAJzNBYhPBDjl1Sf/Lsjr0vAoPml3eUwCgYIKoZIzj0EAwIDSQAwRgIhAPcOKfuB+KByJXxphcvx1eVN2EVlksqOSofHq3BTh+oSAiEA7+Kmz9U75Bg3JXvTLGnz/X5DqCaZD0GxKGePXFq7DUE="}
03-02 09:48:06.836 27720 28105 D MulticastServer: Registration process started with nonce: 1779765433
03-02 09:48:06.840 27720 28105 D MulticastServer: Received request for ledger with nonce: 1779765433.
03-02 09:48:06.896 27720 28127 D MulticastClient: Sent messages: [{"sender":"{\"ip\":\"192.168.1.102\",\"cert\":\"MIIBKjCB0KADAgECAhQ4Y7ju1gF20HgInu21PT9KBF9GTjAKBggqhkjOPQQDAjAVMRMwEQYDVQQDDApUVE00OTA1IENBMB4XDTIyMDMwMjA4MTMwOFoXDTIyMDQwMTA4MTMwOFowFTETMBEGA1UEAwwKMkB0ZXN0LmNvbTBZMBMGByqGSM49AgEGCCqGSM49AwEHA0IABDX5T5uShCqkaYlTAy\/9VnhpRfnnSG2sAgctv3by+PKya\/r2mK8OJaQoxOgtLPG0ySplNzqjftpvpo9Bjvd0g+8wCgYIKoZIzj0EAwIDSQAwRgIhANJZaiGCzyMc0M9Mg6RUCQNvccvHzRriGV1nkrTpgOY1AiEAri0DXI3WN0YunHCU1hOof9OsF4kPTmXqIYrI5CUW3Cw=\"}","payload":"311d1114a8fbdc49f81b8496ad90e469e40617b8bd7639123916618b1a6a1fda","mt":"LEDGER_HASH","sig":"MEUCIQDqvRjT6bRvm6ky+4L0jUWEuZXqdHRgEW3WeJjHeCA6IgIgdCNQCNtK8Qc5d9JBrgGtDKXFJ8d44a1J9vJXUDati+o=","nonce":1779765433,"seq":0,"tot":0}]
03-02 09:48:07.410 27720 28105 D RegistrationHandler: FULL_LEDGER 1779765433
03-02 09:48:07.476 27720 28105 D MulticastServer: Broadcast block received {"ip":"192.168.1.126","cert":"MIIBKTCB0KADAgECAhRYB2Z/cqTmwQTbrhYf9v5lzVW+YjAKBggqhkjOPQQDAjAVMRMwEQYDVQQDDApUVE00OTA1IENBMB4XDTIyMDMwMTE0MTYzNVoXDTIyMDMzMTE0MTYzNVowFTETMBEGA1UEAwwKNkB0ZXN0LmNvbTBZMBMGByqGSM49AgEGCCqGSM49AwEHA0IABAYvxEyQgnJqCupzRJy6aDpuP4erW5GpSxzJ8zvy/WUXQAxLhv+z1Ufnl8ibD+dvXyRrW5CWmfEfUDbHIrhH0RYwCgYIKoZIzj0EAwIDSAAwRQIgORT+4WycNDSTneeqB9XlWe9PgCi139fukuacTIRzFHMCIQCn0eHVbKOQuveD+6D+8mZsMSWoUK/4EEnmk+W3T8NSXw=="}
03-02 09:48:07.485 27720 28090 D MulticastServer: Broadcast block received {"ip":"192.168.1.126","cert":"MIIBKTCB0KADAgECAhRYB2Z/cqTmwQTbrhYf9v5lzVW+YjAKBggqhkjOPQQDAjAVMRMwEQYDVQQDDApUVE00OTA1IENBMB4XDTIyMDMwMTE0MTYzNVoXDTIyMDMzMTE0MTYzNVowFTETMBEGA1UEAwwKNkB0ZXN0LmNvbTBZMBMGByqGSM49AgEGCCqGSM49AwEHA0IABAYvxEyQgnJqCupzRJy6aDpuP4erW5GpSxzJ8zvy/WUXQAxLhv+z1Ufnl8ibD+dvXyRrW5CWmfEfUDbHIrhH0RYwCgYIKoZIzj0EAwIDSAAwRQIgORT+4WycNDSTneeqB9XlWe9PgCi139fukuacTIRzFHMCIQCn0eHVbKOQuveD+6D+8mZsMSWoUK/4EEnmk+W3T8NSXw=="}
03-02 09:48:08.272 27720 28127 D MulticastServer: Broadcast block received {"ip":"192.168.1.126","cert":"MIIBKTCB0KADAgECAhRYB2Z/cqTmwQTbrhYf9v5lzVW+YjAKBggqhkjOPQQDAjAVMRMwEQYDVQQDDApUVE00OTA1IENBMB4XDTIyMDMwMTE0MTYzNVoXDTIyMDMzMTE0MTYzNVowFTETMBEGA1UEAwwKNkB0ZXN0LmNvbTBZMBMGByqGSM49AgEGCCqGSM49AwEHA0IABAYvxEyQgnJqCupzRJy6aDpuP4erW5GpSxzJ8zvy/WUXQAxLhv+z1Ufnl8ibD+dvXyRrW5CWmfEfUDbHIrhH0RYwCgYIKoZIzj0EAwIDSAAwRQIgORT+4WycNDSTneeqB9XlWe9PgCi139fukuacTIRzFHMCIQCn0eHVbKOQuveD+6D+8mZsMSWoUK/4EEnmk+W3T8NSXw=="}
03-02 09:48:08.274 27720 28090 D MulticastServer: Broadcast block received {"ip":"192.168.1.126","cert":"MIIBKTCB0KADAgECAhRYB2Z/cqTmwQTbrhYf9v5lzVW+YjAKBggqhkjOPQQDAjAVMRMwEQYDVQQDDApUVE00OTA1IENBMB4XDTIyMDMwMTE0MTYzNVoXDTIyMDMzMTE0MTYzNVowFTETMBEGA1UEAwwKNkB0ZXN0LmNvbTBZMBMGByqGSM49AgEGCCqGSM49AwEHA0IABAYvxEyQgnJqCupzRJy6aDpuP4erW5GpSxzJ8zvy/WUXQAxLhv+z1Ufnl8ibD+dvXyRrW5CWmfEfUDbHIrhH0RYwCgYIKoZIzj0EAwIDSAAwRQIgORT+4WycNDSTneeqB9XlWe9PgCi139fukuacTIRzFHMCIQCn0eHVbKOQuveD+6D+8mZsMSWoUK/4EEnmk+W3T8NSXw=="}
03-02 09:48:16.872 27720 28132 D RegistrationHandler: ACCEPTED_LEDGER 1779765433 3
03-02 09:48:16.877 27720 28132 D MulticastServer: Registration process finished: 1779765433
03-02 09:48:22.802 27720 28090 D MulticastServer: Registration process started with nonce: 69840997
03-02 09:48:22.807 27720 28090 D MulticastServer: Received request for ledger with nonce: 69840997.
03-02 09:48:22.883 27720 28127 D MulticastClient: Sent messages: [{"sender":"{\"ip\":\"192.168.1.102\",\"cert\":\"MIIBKjCB0KADAgECAhQ4Y7ju1gF20HgInu21PT9KBF9GTjAKBggqhkjOPQQDAjAVMRMwEQYDVQQDDApUVE00OTA1IENBMB4XDTIyMDMwMjA4MTMwOFoXDTIyMDQwMTA4MTMwOFowFTETMBEGA1UEAwwKMkB0ZXN0LmNvbTBZMBMGByqGSM49AgEGCCqGSM49AwEHA0IABDX5T5uShCqkaYlTAy\/9VnhpRfnnSG2sAgctv3by+PKya\/r2mK8OJaQoxOgtLPG0ySplNzqjftpvpo9Bjvd0g+8wCgYIKoZIzj0EAwIDSQAwRgIhANJZaiGCzyMc0M9Mg6RUCQNvccvHzRriGV1nkrTpgOY1AiEAri0DXI3WN0YunHCU1hOof9OsF4kPTmXqIYrI5CUW3Cw=\"}","payload":"be27adff8a5ed0f040a91db4622ae1174bc3e895da677eb2b413c67351410350","mt":"LEDGER_HASH","sig":"MEQCIGUvnmvqC3LG3qN7SwqWYsdydwpI\/njrTTxIxZkvzuuBAiB6g\/OtxWB1vr1B1uj1uvLBLEAUrt0HZYsByjbqq+HQGg==","nonce":69840997,"seq":0,"tot":0}]
03-02 09:48:23.071 27720 28090 D MulticastServer: Received hash from 3@test.com: 842047dd0695e4a45225f2ee4f86855deaec89d203855adc66ba7ef24b8395ab
03-02 09:48:23.396 27720 28090 D RegistrationHandler: FULL_LEDGER 69840997
03-02 09:48:23.423 27720 28090 D MulticastServer: Received hash from 3@test.com: 842047dd0695e4a45225f2ee4f86855deaec89d203855adc66ba7ef24b8395ab
03-02 09:48:23.775 27720 28090 D RegistrationHandler: FULL_LEDGER 69840997
03-02 09:48:23.777 27720 28127 D RegistrationHandler: FULL_LEDGER 69840997
03-02 09:48:23.785 27720 28139 D MulticastServer: Received hash from 3@test.com: 842047dd0695e4a45225f2ee4f86855deaec89d203855adc66ba7ef24b8395ab
03-02 09:48:23.786 27720 28105 D RegistrationHandler: FULL_LEDGER 69840997
03-02 09:48:23.790 27720 28096 D RegistrationHandler: FULL_LEDGER 69840997
03-02 09:48:23.810 27720 28096 D MulticastServer: Broadcast block received {"ip":"192.168.1.90","cert":"MIIBKDCB0KADAgECAhQZbAmWWVr2VWp+hFAg1X7cJgO4sTAKBggqhkjOPQQDAjAVMRMwEQYDVQQDDApUVE00OTA1IENBMB4XDTIyMDMwMjA4MDg0NVoXDTIyMDQwMTA4MDg0NVowFTETMBEGA1UEAwwKMUB0ZXN0LmNvbTBZMBMGByqGSM49AgEGCCqGSM49AwEHA0IABM7xqjGMR7J9YHsC1Nm1FVwXeRWX2YBLnrPvjQWFuNoFCn6ZLLlFcCzFVHJJP3qKi5y+NQjSRLB7AWHDUv+DNT0wCgYIKoZIzj0EAwIDRwAwRAIgJih2I7KaHzCQQafhi8S+ulGfbkwGvOEmNjqTUInGhcUCIBGEnZPXeVvz1i5p7m0Y12Se4ZiumkNaeIWdn7SbRoir"}
03-02 09:48:24.138 27720 28096 D MulticastServer: Broadcast block received {"ip":"192.168.1.90","cert":"MIIBKDCB0KADAgECAhQZbAmWWVr2VWp+hFAg1X7cJgO4sTAKBggqhkjOPQQDAjAVMRMwEQYDVQQDDApUVE00OTA1IENBMB4XDTIyMDMwMjA4MDg0NVoXDTIyMDQwMTA4MDg0NVowFTETMBEGA1UEAwwKMUB0ZXN0LmNvbTBZMBMGByqGSM49AgEGCCqGSM49AwEHA0IABM7xqjGMR7J9YHsC1Nm1FVwXeRWX2YBLnrPvjQWFuNoFCn6ZLLlFcCzFVHJJP3qKi5y+NQjSRLB7AWHDUv+DNT0wCgYIKoZIzj0EAwIDRwAwRAIgJih2I7KaHzCQQafhi8S+ulGfbkwGvOEmNjqTUInGhcUCIBGEnZPXeVvz1i5p7m0Y12Se4ZiumkNaeIWdn7SbRoir"}
03-02 09:48:32.844 27720 28135 D RegistrationHandler: 69840997 Accepted hash from 2@test.com: be27adff8a5ed0f040a91db4622ae1174bc3e895da677eb2b413c67351410350
03-02 09:48:32.847 27720 28096 D MulticastClient: Sent messages: [{"sender":"","payload":"2@test.com:be27adff8a5ed0f040a91db4622ae1174bc3e895da677eb2b413c67351410350","mt":"REQUEST_SPECIFIC_LEDGER","sig":"","nonce":1534015256,"seq":0,"tot":0}]
03-02 09:48:32.851 27720 28139 D MulticastServer: Received request for 2@test.com to send ledger with hash be27adff8a5ed0f040a91db4622ae1174bc3e895da677eb2b413c67351410350
03-02 09:48:33.256 27720 28139 D MulticastServer: Received request for 2@test.com to send ledger with hash be27adff8a5ed0f040a91db4622ae1174bc3e895da677eb2b413c67351410350
03-02 09:48:33.661 27720 28096 D MulticastServer: Received request for 2@test.com to send ledger with hash be27adff8a5ed0f040a91db4622ae1174bc3e895da677eb2b413c67351410350
03-02 09:48:33.766 27720 28137 D RegistrationHandler: 69840997 Accepted hash from 2@test.com: be27adff8a5ed0f040a91db4622ae1174bc3e895da677eb2b413c67351410350
03-02 09:48:33.771 27720 28096 D MulticastClient: Sent messages: [{"sender":"","payload":"2@test.com:be27adff8a5ed0f040a91db4622ae1174bc3e895da677eb2b413c67351410350","mt":"REQUEST_SPECIFIC_LEDGER","sig":"","nonce":1153721254,"seq":0,"tot":0}]
03-02 09:48:33.775 27720 28139 D MulticastServer: Received request for 2@test.com to send ledger with hash be27adff8a5ed0f040a91db4622ae1174bc3e895da677eb2b413c67351410350
03-02 09:48:34.181 27720 28139 D MulticastServer: Received request for 2@test.com to send ledger with hash be27adff8a5ed0f040a91db4622ae1174bc3e895da677eb2b413c67351410350
03-02 09:48:34.266 27720 28137 D RegistrationHandler: 69840997 Accepted hash from 2@test.com: be27adff8a5ed0f040a91db4622ae1174bc3e895da677eb2b413c67351410350
03-02 09:48:34.270 27720 28139 D MulticastClient: Sent messages: [{"sender":"","payload":"2@test.com:be27adff8a5ed0f040a91db4622ae1174bc3e895da677eb2b413c67351410350","mt":"REQUEST_SPECIFIC_LEDGER","sig":"","nonce":1403102477,"seq":0,"tot":0}]
03-02 09:48:34.275 27720 28105 D MulticastServer: Received request for 2@test.com to send ledger with hash be27adff8a5ed0f040a91db4622ae1174bc3e895da677eb2b413c67351410350
03-02 09:48:34.584 27720 28096 D MulticastServer: Received request for 2@test.com to send ledger with hash be27adff8a5ed0f040a91db4622ae1174bc3e895da677eb2b413c67351410350
03-02 09:48:34.678 27720 28096 D MulticastServer: Received request for 2@test.com to send ledger with hash be27adff8a5ed0f040a91db4622ae1174bc3e895da677eb2b413c67351410350
03-02 09:48:34.766 27720 28137 D RegistrationHandler: 69840997 Accepted hash from 2@test.com: be27adff8a5ed0f040a91db4622ae1174bc3e895da677eb2b413c67351410350
03-02 09:48:34.771 27720 28096 D MulticastClient: Sent messages: [{"sender":"","payload":"2@test.com:be27adff8a5ed0f040a91db4622ae1174bc3e895da677eb2b413c67351410350","mt":"REQUEST_SPECIFIC_LEDGER","sig":"","nonce":724158570,"seq":0,"tot":0}]
03-02 09:48:34.775 27720 28105 D MulticastServer: Received request for 2@test.com to send ledger with hash be27adff8a5ed0f040a91db4622ae1174bc3e895da677eb2b413c67351410350
03-02 09:48:35.081 27720 28139 D MulticastServer: Received request for 2@test.com to send ledger with hash be27adff8a5ed0f040a91db4622ae1174bc3e895da677eb2b413c67351410350
03-02 09:48:35.178 27720 28139 D MulticastServer: Received request for 2@test.com to send ledger with hash be27adff8a5ed0f040a91db4622ae1174bc3e895da677eb2b413c67351410350
03-02 09:48:35.267 27720 28137 D MulticastServer: Registration process finished: 69840997
03-02 09:48:35.580 27720 28096 D MulticastServer: Received request for 2@test.com to send ledger with hash be27adff8a5ed0f040a91db4622ae1174bc3e895da677eb2b413c67351410350
03-02 09:48:37.653 27720 28096 D MulticastServer: Registration process started with nonce: 10446269
03-02 09:48:37.658 27720 28096 D MulticastServer: Received request for ledger with nonce: 10446269.
03-02 09:48:37.725 27720 28139 D MulticastClient: Sent messages: [{"sender":"{\"ip\":\"192.168.1.102\",\"cert\":\"MIIBKjCB0KADAgECAhQ4Y7ju1gF20HgInu21PT9KBF9GTjAKBggqhkjOPQQDAjAVMRMwEQYDVQQDDApUVE00OTA1IENBMB4XDTIyMDMwMjA4MTMwOFoXDTIyMDQwMTA4MTMwOFowFTETMBEGA1UEAwwKMkB0ZXN0LmNvbTBZMBMGByqGSM49AgEGCCqGSM49AwEHA0IABDX5T5uShCqkaYlTAy\/9VnhpRfnnSG2sAgctv3by+PKya\/r2mK8OJaQoxOgtLPG0ySplNzqjftpvpo9Bjvd0g+8wCgYIKoZIzj0EAwIDSQAwRgIhANJZaiGCzyMc0M9Mg6RUCQNvccvHzRriGV1nkrTpgOY1AiEAri0DXI3WN0YunHCU1hOof9OsF4kPTmXqIYrI5CUW3Cw=\"}","payload":"537b0ea31ebf925fa5c6af9ab92c308acf3f1c601d20463bf1d7cd5ee43e5ef4","mt":"LEDGER_HASH","sig":"MEQCIHQZrocTgPkjt\/SEzcb3RksI1hs\/vcwnAawErEUSUupYAiBkuUqNgnCaF1eSAWNApKO+3AAYAj+K9MdeJxdgG1fklw==","nonce":10446269,"seq":0,"tot":0}]
03-02 09:48:37.807 27720 28138 D RegistrationHandler: FULL_LEDGER 10446269
03-02 09:48:37.890 27720 28138 D RegistrationHandler: FULL_LEDGER 10446269
03-02 09:48:37.894 27720 28127 D MulticastServer: Received hash from 3@test.com: 5e474f0105e7f1f592066cf3001ca590e6a7f132bb8914d8ffdc7dbe5851cfe1
03-02 09:48:38.208 27720 28138 D RegistrationHandler: FULL_LEDGER 10446269
03-02 09:48:38.231 27720 28138 D RegistrationHandler: FULL_LEDGER 10446269
03-02 09:48:38.239 27720 28127 D RegistrationHandler: FULL_LEDGER 10446269
