03-31 13:18:47.757 18800 18849 D MulticastServer: Received request for 4@test.com to send ledger with hash 426b24282b49eccdfc717fe9a809b5b9f62ff656dba03539479b139f75cf3837
03-31 13:18:47.830 18800 18925 D MulticastServer: Registration process finished: 2107480530
03-31 13:18:47.951 18800 18849 D MulticastServer: Received request for 4@test.com to send ledger with hash 426b24282b49eccdfc717fe9a809b5b9f62ff656dba03539479b139f75cf3837
03-31 13:18:48.260 18800 18849 D MulticastServer: Received request for 4@test.com to send ledger with hash 426b24282b49eccdfc717fe9a809b5b9f62ff656dba03539479b139f75cf3837
round 43 of 100
03-31 13:19:50.366 18966 19015 D MulticastServer: MULTICAST_SERVER_LISTENING
03-31 13:19:50.368 18966 19017 D MulticastServer: Registration process started with nonce 472218049
03-31 13:19:50.371 18966 19016 D MulticastClient: REQUEST_LEDGER 472218049
03-31 13:19:50.372 18966 19016 D MulticastClient: Sent messages with 3 resends: [{"sender":"","payload":"","mt":"REQUEST_LEDGER","sig":"","nonce":472218049,"seq":0,"tot":0}]
03-31 13:19:50.615 18966 19021 D RegistrationHandler: Has received 1 of 4 fragments from 5@test.com
03-31 13:19:50.679 18966 19021 D RegistrationHandler: Has received 2 of 4 from 5@test.com
03-31 13:19:50.699 18966 19021 D RegistrationHandler: Has received 3 of 4 from 5@test.com
03-31 13:19:50.702 18966 19021 D RegistrationHandler: Has received 4 of 4 from 5@test.com
03-31 13:19:50.711 18966 19035 D RegistrationHandler: 472218049 Received hash from 2@test.com: f835c5ca0c47878ea990e2267afaa94dfcd7989b8df91afd355a2946088d400b
03-31 13:19:50.712 18966 19021 D RegistrationHandler: Received full ledger from 5@test.com with nonce 472218049
03-31 13:19:50.712 18966 19021 D RegistrationHandler: FULL_LEDGER 472218049
03-31 13:19:50.960 18966 19021 D RegistrationHandler: 472218049 Received hash from 3@test.com: f835c5ca0c47878ea990e2267afaa94dfcd7989b8df91afd355a2946088d400b
03-31 13:19:50.967 18966 19021 D RegistrationHandler: Has received 1 of 4 fragments from 6@test.com
03-31 13:19:50.973 18966 19035 D RegistrationHandler: Has received 2 of 4 from 6@test.com
03-31 13:19:50.983 18966 19021 D RegistrationHandler: Received full ledger from 6@test.com with nonce 472218049
03-31 13:19:50.983 18966 19021 D RegistrationHandler: FULL_LEDGER 472218049
03-31 13:19:50.986 18966 19035 D RegistrationHandler: Has received 3 of 4 from 6@test.com
03-31 13:19:50.988 18966 19021 D RegistrationHandler: ACCEPTED_LEDGER 472218049 4
03-31 13:19:50.990 18966 19021 D RegistrationHandler: 472218049 The accepted ledger contains: [2@test.com, 3@test.com, 5@test.com, 6@test.com]
03-31 13:19:50.990 18966 19021 D RegistrationHandler: 472218049 Registration started
03-31 13:19:50.996 18966 19021 D MulticastServer: Registration process finished: 472218049
03-31 13:19:51.000 18966 19021 D MulticastClient: Sent messages with 3 resends: [{"sender":"4@test.com","payload":"{\"ip\":\"192.168.1.90\",\"cert\":\"MIIBGjCBwqADAgECAgYBf996WTQwCgYIKoZIzj0EAwIwFTETMBEGA1UEAwwKVFRNNDkwNSBDQTAeFw0yMjAzMzAxMDE2NTFaFw0yMjA0MzAxMDE2NTFaMBUxEzARBgNVBAMMCjRAdGVzdC5jb20wWTATBgcqhkjOPQIBBggqhkjOPQMBBwNCAAR9ADphQpker5Vlux1TGrY243xUduQc15bIXysV2NxiGJkeD5VM9tRM0LC9OtaczjftmguVO1X6py8Cw58m4CqfMAoGCCqGSM49BAMCA0cAMEQCIHsw\/XWk02FcpPISkSvlA7qK2USSlgqOOom9Sg9AUrBUAiB6UZsa+fgTtWznrsteVlekFkQ\/GbMN2tUh4ZJjX\/PbOQ==\"}","mt":"BROADCAST_BLOCK","sig":"MEYCIQC6MN4XhXwvC+H3ugVxuuh2AVtPXJaBEVRg30SN79oDlwIhAL4oZU+Yzk5wimqMomQzM0FGhcwuFBjS7P6DVmLaX0r3","nonce":472218049,"seq":0,"tot":0}]
03-31 13:20:05.703 18966 19021 D MulticastServer: Registration process started with nonce 767441274
03-31 13:20:05.709 18966 19021 D MulticastServer: Received request for ledger with nonce: 767441274.
03-31 13:20:05.723 18966 19016 D RegistrationHandler: 767441274 Received hash from 4@test.com: 426b24282b49eccdfc717fe9a809b5b9f62ff656dba03539479b139f75cf3837
03-31 13:20:05.736 18966 19016 D MulticastClient: Sent messages with 3 resends: [{"sender":"{\"ip\":\"192.168.1.90\",\"cert\":\"MIIBGjCBwqADAgECAgYBf996WTQwCgYIKoZIzj0EAwIwFTETMBEGA1UEAwwKVFRNNDkwNSBDQTAeFw0yMjAzMzAxMDE2NTFaFw0yMjA0MzAxMDE2NTFaMBUxEzARBgNVBAMMCjRAdGVzdC5jb20wWTATBgcqhkjOPQIBBggqhkjOPQMBBwNCAAR9ADphQpker5Vlux1TGrY243xUduQc15bIXysV2NxiGJkeD5VM9tRM0LC9OtaczjftmguVO1X6py8Cw58m4CqfMAoGCCqGSM49BAMCA0cAMEQCIHsw\/XWk02FcpPISkSvlA7qK2USSlgqOOom9Sg9AUrBUAiB6UZsa+fgTtWznrsteVlekFkQ\/GbMN2tUh4ZJjX\/PbOQ==\"}","payload":"426b24282b49eccdfc717fe9a809b5b9f62ff656dba03539479b139f75cf3837","mt":"LEDGER_HASH","sig":"MEYCIQDwB2Vj\/YD4UcGhWWiFUsPeYe91Z6dCAowCF8SfOqRHtwIhAKYBFQRT6AEGx7OiRgDqkJ3OAjTzHbXtrCrWCZbHBi1o","nonce":767441274,"seq":0,"tot":0}]
03-31 13:20:05.824 18966 19021 D RegistrationHandler: Has received 1 of 5 fragments from 5@test.com
03-31 13:20:05.825 18966 19034 D RegistrationHandler: Has received 1 of 5 fragments from 6@test.com
03-31 13:20:05.836 18966 19040 D RegistrationHandler: Has received 2 of 5 from 5@test.com
03-31 13:20:05.848 18966 19040 D RegistrationHandler: Has received 3 of 5 from 5@test.com
03-31 13:20:05.854 18966 19040 D RegistrationHandler: Has received 2 of 5 from 6@test.com
03-31 13:20:05.862 18966 19040 D RegistrationHandler: Has received 4 of 5 from 5@test.com
03-31 13:20:05.865 18966 19040 D RegistrationHandler: Has received 3 of 5 from 6@test.com
03-31 13:20:05.915 18966 19040 D RegistrationHandler: 767441274 Received hash from 3@test.com: 426b24282b49eccdfc717fe9a809b5b9f62ff656dba03539479b139f75cf3837
03-31 13:20:05.920 18966 19040 D RegistrationHandler: Has received 4 of 5 from 6@test.com
03-31 13:20:05.921 18966 19034 D RegistrationHandler: Has received 5 of 5 from 5@test.com
03-31 13:20:05.937 18966 19034 D RegistrationHandler: Received full ledger from 5@test.com with nonce 767441274
03-31 13:20:05.937 18966 19034 D RegistrationHandler: FULL_LEDGER 767441274
03-31 13:20:06.221 18966 19021 D RegistrationHandler: Has received 5 of 5 fragments from 5@test.com
03-31 13:20:06.251 18966 19034 D RegistrationHandler: Has received 4 of 5 fragments from 6@test.com
03-31 13:20:06.256 18966 19034 D RegistrationHandler: Has received 5 of 5 from 6@test.com
03-31 13:20:06.257 18966 19040 D RegistrationHandler: Has received 5 of 5 from 6@test.com
03-31 13:20:06.266 18966 19021 D RegistrationHandler: Has received 5 of 5 from 6@test.com
03-31 13:20:06.273 18966 19040 D RegistrationHandler: Received full ledger from 6@test.com with nonce 767441274
03-31 13:20:06.273 18966 19040 D RegistrationHandler: FULL_LEDGER 767441274
03-31 13:20:06.275 18966 19035 D RegistrationHandler: Has received 5 of 5 from 6@test.com
03-31 13:20:06.278 18966 19034 D RegistrationHandler: Received full ledger from 6@test.com with nonce 767441274
03-31 13:20:06.278 18966 19034 D RegistrationHandler: FULL_LEDGER 767441274
03-31 13:20:06.279 18966 19040 D RegistrationHandler: ACCEPTED_LEDGER 767441274 5
03-31 13:20:06.285 18966 19040 D RegistrationHandler: 767441274 The accepted ledger contains: [2@test.com, 3@test.com, 4@test.com, 5@test.com, 6@test.com]
03-31 13:20:06.285 18966 19035 D RegistrationHandler: Received full ledger from 6@test.com with nonce 767441274
03-31 13:20:06.285 18966 19021 D RegistrationHandler: Received full ledger from 6@test.com with nonce 767441274
03-31 13:20:06.285 18966 19040 D MulticastServer: Registration process finished: 767441274
03-31 13:20:06.285 18966 19021 D RegistrationHandler: FULL_LEDGER 767441274
03-31 13:20:06.286 18966 19034 D RegistrationHandler: ACCEPTED_LEDGER 767441274 5
03-31 13:20:06.288 18966 19034 D RegistrationHandler: 767441274 The accepted ledger contains: [2@test.com, 3@test.com, 4@test.com, 5@test.com, 6@test.com]
03-31 13:20:06.291 18966 19021 D RegistrationHandler: ACCEPTED_LEDGER 767441274 5
03-31 13:20:06.293 18966 19035 D RegistrationHandler: FULL_LEDGER 767441274
03-31 13:20:06.300 18966 19035 D RegistrationHandler: ACCEPTED_LEDGER 767441274 5
03-31 13:20:06.301 18966 19021 D RegistrationHandler: 767441274 The accepted ledger contains: [2@test.com, 3@test.com, 4@test.com, 5@test.com, 6@test.com]
03-31 13:20:06.302 18966 19035 D RegistrationHandler: 767441274 The accepted ledger contains: [2@test.com, 3@test.com, 4@test.com, 5@test.com, 6@test.com]
03-31 13:20:07.043 18966 19035 D MulticastServer: Broadcast block received {"ip":"192.168.1.97","cert":"MIIBGzCBwqADAgECAgYBf994BZcwCgYIKoZIzj0EAwIwFTETMBEGA1UEAwwKVFRNNDkwNSBDQTAeFw0yMjAzMzAxMDE0MTlaFw0yMjA0MzAxMDE0MTlaMBUxEzARBgNVBAMMCjFAdGVzdC5jb20wWTATBgcqhkjOPQIBBggqhkjOPQMBBwNCAARWqe9zQZRD8c/IJTwlqcBP3wxNnfnskSHFN0SfukuFElFHa1WRgMC9pldvLvFQJjmHIsbfcfCnJ/3odCWEsES2MAoGCCqGSM49BAMCA0gAMEUCIQD+uRDurwdItFUVVn2KMsGSnE/Xjlxq7IxcC/elzuS+CgIgGfru1MXmAHBBehcDSGWfWWS85xWG153fQT3F2ASLxs0="}
03-31 13:20:07.351 18966 19035 D MulticastServer: Broadcast block received {"ip":"192.168.1.97","cert":"MIIBGzCBwqADAgECAgYBf994BZcwCgYIKoZIzj0EAwIwFTETMBEGA1UEAwwKVFRNNDkwNSBDQTAeFw0yMjAzMzAxMDE0MTlaFw0yMjA0MzAxMDE0MTlaMBUxEzARBgNVBAMMCjFAdGVzdC5jb20wWTATBgcqhkjOPQIBBggqhkjOPQMBBwNCAARWqe9zQZRD8c/IJTwlqcBP3wxNnfnskSHFN0SfukuFElFHa1WRgMC9pldvLvFQJjmHIsbfcfCnJ/3odCWEsES2MAoGCCqGSM49BAMCA0gAMEUCIQD+uRDurwdItFUVVn2KMsGSnE/Xjlxq7IxcC/elzuS+CgIgGfru1MXmAHBBehcDSGWfWWS85xWG153fQT3F2ASLxs0="}
03-31 13:20:07.655 18966 19035 D MulticastServer: Broadcast block received {"ip":"192.168.1.97","cert":"MIIBGzCBwqADAgECAgYBf994BZcwCgYIKoZIzj0EAwIwFTETMBEGA1UEAwwKVFRNNDkwNSBDQTAeFw0yMjAzMzAxMDE0MTlaFw0yMjA0MzAxMDE0MTlaMBUxEzARBgNVBAMMCjFAdGVzdC5jb20wWTATBgcqhkjOPQIBBggqhkjOPQMBBwNCAARWqe9zQZRD8c/IJTwlqcBP3wxNnfnskSHFN0SfukuFElFHa1WRgMC9pldvLvFQJjmHIsbfcfCnJ/3odCWEsES2MAoGCCqGSM49BAMCA0gAMEUCIQD+uRDurwdItFUVVn2KMsGSnE/Xjlxq7IxcC/elzuS+CgIgGfru1MXmAHBBehcDSGWfWWS85xWG153fQT3F2ASLxs0="}
round 44 of 100
03-31 13:21:15.191 19084 19131 D MulticastServer: MULTICAST_SERVER_LISTENING
03-31 13:21:15.194 19084 19133 D MulticastServer: Registration process started with nonce 1026762015
03-31 13:21:15.196 19084 19132 D MulticastClient: REQUEST_LEDGER 1026762015
03-31 13:21:15.198 19084 19132 D MulticastClient: Sent messages with 3 resends: [{"sender":"","payload":"","mt":"REQUEST_LEDGER","sig":"","nonce":1026762015,"seq":0,"tot":0}]
03-31 13:21:15.341 19084 19139 D RegistrationHandler: 1026762015 Received hash from 2@test.com: f835c5ca0c47878ea990e2267afaa94dfcd7989b8df91afd355a2946088d400b
03-31 13:21:15.368 19084 19139 D RegistrationHandler: Has received 1 of 4 fragments from 5@test.com
03-31 13:21:15.379 19084 19151 D RegistrationHandler: Has received 2 of 4 from 5@test.com
03-31 13:21:15.387 19084 19151 D RegistrationHandler: 1026762015 Received hash from 3@test.com: f835c5ca0c47878ea990e2267afaa94dfcd7989b8df91afd355a2946088d400b
03-31 13:21:15.390 19084 19151 D RegistrationHandler: Has received 3 of 4 from 5@test.com
03-31 13:21:15.435 19084 19151 D RegistrationHandler: Has received 4 of 4 from 5@test.com
03-31 13:21:15.444 19084 19151 D RegistrationHandler: Received full ledger from 5@test.com with nonce 1026762015
03-31 13:21:15.444 19084 19151 D RegistrationHandler: FULL_LEDGER 1026762015
03-31 13:21:15.446 19084 19151 D RegistrationHandler: ACCEPTED_LEDGER 1026762015 4
03-31 13:21:15.448 19084 19151 D RegistrationHandler: 1026762015 The accepted ledger contains: [2@test.com, 3@test.com, 5@test.com, 6@test.com]
03-31 13:21:15.448 19084 19151 D RegistrationHandler: 1026762015 Registration started
03-31 13:21:15.454 19084 19151 D MulticastServer: Registration process finished: 1026762015
03-31 13:21:15.477 19084 19151 D MulticastClient: Sent messages with 3 resends: [{"sender":"4@test.com","payload":"{\"ip\":\"192.168.1.90\",\"cert\":\"MIIBGjCBwqADAgECAgYBf996WTQwCgYIKoZIzj0EAwIwFTETMBEGA1UEAwwKVFRNNDkwNSBDQTAeFw0yMjAzMzAxMDE2NTFaFw0yMjA0MzAxMDE2NTFaMBUxEzARBgNVBAMMCjRAdGVzdC5jb20wWTATBgcqhkjOPQIBBggqhkjOPQMBBwNCAAR9ADphQpker5Vlux1TGrY243xUduQc15bIXysV2NxiGJkeD5VM9tRM0LC9OtaczjftmguVO1X6py8Cw58m4CqfMAoGCCqGSM49BAMCA0cAMEQCIHsw\/XWk02FcpPISkSvlA7qK2USSlgqOOom9Sg9AUrBUAiB6UZsa+fgTtWznrsteVlekFkQ\/GbMN2tUh4ZJjX\/PbOQ==\"}","mt":"BROADCAST_BLOCK","sig":"MEUCIB7i\/qQbuqvyfvgtqKHAzE4kEl6vlpt1BC2CDgrpAn02AiEA4ar0SvQs4DHBKwk9qeqIniX4QuwSBfbwyN4hDVfRu8o=","nonce":1026762015,"seq":0,"tot":0}]
03-31 13:21:30.387 19084 19151 D MulticastServer: Registration process started with nonce 1165759261
03-31 13:21:30.390 19084 19151 D MulticastServer: Received request for ledger with nonce: 1165759261.
03-31 13:21:30.408 19084 19151 D RegistrationHandler: 1165759261 Received hash from 4@test.com: 426b24282b49eccdfc717fe9a809b5b9f62ff656dba03539479b139f75cf3837
03-31 13:21:30.423 19084 19151 D MulticastClient: Sent messages with 3 resends: [{"sender":"{\"ip\":\"192.168.1.90\",\"cert\":\"MIIBGjCBwqADAgECAgYBf996WTQwCgYIKoZIzj0EAwIwFTETMBEGA1UEAwwKVFRNNDkwNSBDQTAeFw0yMjAzMzAxMDE2NTFaFw0yMjA0MzAxMDE2NTFaMBUxEzARBgNVBAMMCjRAdGVzdC5jb20wWTATBgcqhkjOPQIBBggqhkjOPQMBBwNCAAR9ADphQpker5Vlux1TGrY243xUduQc15bIXysV2NxiGJkeD5VM9tRM0LC9OtaczjftmguVO1X6py8Cw58m4CqfMAoGCCqGSM49BAMCA0cAMEQCIHsw\/XWk02FcpPISkSvlA7qK2USSlgqOOom9Sg9AUrBUAiB6UZsa+fgTtWznrsteVlekFkQ\/GbMN2tUh4ZJjX\/PbOQ==\"}","payload":"426b24282b49eccdfc717fe9a809b5b9f62ff656dba03539479b139f75cf3837","mt":"LEDGER_HASH","sig":"MEUCIQD6DUh5ZgmIyp3a9TndcNRiDwny7mQz3fh2CSRcI5wQWQIgDW1duK2wvL2R3CkxPWO6VtJ0KQxlT1T4g\/Fix7lDAtY=","nonce":1165759261,"seq":0,"tot":0}]
03-31 13:21:30.506 19084 19132 D RegistrationHandler: 1165759261 Received hash from 2@test.com: 426b24282b49eccdfc717fe9a809b5b9f62ff656dba03539479b139f75cf3837
03-31 13:21:30.506 19084 19156 D RegistrationHandler: 1165759261 Received hash from 3@test.com: 426b24282b49eccdfc717fe9a809b5b9f62ff656dba03539479b139f75cf3837
03-31 13:21:30.519 19084 19156 D RegistrationHandler: Has received 1 of 5 fragments from 5@test.com
03-31 13:21:30.564 19084 19156 D RegistrationHandler: Has received 1 of 5 fragments from 6@test.com
03-31 13:21:30.573 19084 19156 D RegistrationHandler: Has received 2 of 5 from 6@test.com
03-31 13:21:30.578 19084 19156 D RegistrationHandler: Has received 2 of 5 from 5@test.com
03-31 13:21:30.594 19084 19156 D RegistrationHandler: Has received 3 of 5 from 5@test.com
03-31 13:21:30.606 19084 19156 D RegistrationHandler: Has received 4 of 5 from 5@test.com
03-31 13:21:30.699 19084 19132 D MulticastServer: Broadcast block received {"ip":"192.168.1.97","cert":"MIIBGzCBwqADAgECAgYBf994BZcwCgYIKoZIzj0EAwIwFTETMBEGA1UEAwwKVFRNNDkwNSBDQTAeFw0yMjAzMzAxMDE0MTlaFw0yMjA0MzAxMDE0MTlaMBUxEzARBgNVBAMMCjFAdGVzdC5jb20wWTATBgcqhkjOPQIBBggqhkjOPQMBBwNCAARWqe9zQZRD8c/IJTwlqcBP3wxNnfnskSHFN0SfukuFElFHa1WRgMC9pldvLvFQJjmHIsbfcfCnJ/3odCWEsES2MAoGCCqGSM49BAMCA0gAMEUCIQD+uRDurwdItFUVVn2KMsGSnE/Xjlxq7IxcC/elzuS+CgIgGfru1MXmAHBBehcDSGWfWWS85xWG153fQT3F2ASLxs0="}
03-31 13:21:30.856 19084 19132 D RegistrationHandler: Has received 2 of 5 fragments from 6@test.com
03-31 13:21:30.867 19084 19153 D RegistrationHandler: Has received 4 of 5 fragments from 5@test.com
03-31 13:21:30.868 19084 19132 D RegistrationHandler: Has received 4 of 5 from 5@test.com
03-31 13:21:30.874 19084 19132 D RegistrationHandler: Has received 4 of 5 from 5@test.com
03-31 13:21:30.883 19084 19132 D RegistrationHandler: Has received 4 of 5 from 5@test.com
03-31 13:21:30.931 19084 19132 D RegistrationHandler: Has received 5 of 5 from 5@test.com
03-31 13:21:30.937 19084 19153 D RegistrationHandler: Has received 3 of 5 from 6@test.com
03-31 13:21:30.944 19084 19139 D RegistrationHandler: Has received 4 of 5 from 6@test.com
03-31 13:21:30.946 19084 19153 D RegistrationHandler: Has received 4 of 5 from 6@test.com
03-31 13:21:30.948 19084 19153 D RegistrationHandler: Has received 5 of 5 from 6@test.com
03-31 13:21:30.948 19084 19132 D RegistrationHandler: Received full ledger from 5@test.com with nonce 1165759261
03-31 13:21:30.948 19084 19132 D RegistrationHandler: FULL_LEDGER 1165759261
03-31 13:21:30.955 19084 19132 D RegistrationHandler: ACCEPTED_LEDGER 1165759261 5
03-31 13:21:30.956 19084 19153 D RegistrationHandler: Received full ledger from 6@test.com with nonce 1165759261
03-31 13:21:30.956 19084 19153 D RegistrationHandler: FULL_LEDGER 1165759261
03-31 13:21:30.957 19084 19132 D RegistrationHandler: 1165759261 The accepted ledger contains: [2@test.com, 3@test.com, 4@test.com, 5@test.com, 6@test.com]
03-31 13:21:30.957 19084 19132 D MulticastServer: Registration process finished: 1165759261
03-31 13:21:30.967 19084 19153 D RegistrationHandler: ACCEPTED_LEDGER 1165759261 5
03-31 13:21:30.969 19084 19153 D RegistrationHandler: 1165759261 The accepted ledger contains: [2@test.com, 3@test.com, 4@test.com, 5@test.com, 6@test.com]
03-31 13:21:31.285 19084 19132 D MulticastServer: Broadcast block received {"ip":"192.168.1.97","cert":"MIIBGzCBwqADAgECAgYBf994BZcwCgYIKoZIzj0EAwIwFTETMBEGA1UEAwwKVFRNNDkwNSBDQTAeFw0yMjAzMzAxMDE0MTlaFw0yMjA0MzAxMDE0MTlaMBUxEzARBgNVBAMMCjFAdGVzdC5jb20wWTATBgcqhkjOPQIBBggqhkjOPQMBBwNCAARWqe9zQZRD8c/IJTwlqcBP3wxNnfnskSHFN0SfukuFElFHa1WRgMC9pldvLvFQJjmHIsbfcfCnJ/3odCWEsES2MAoGCCqGSM49BAMCA0gAMEUCIQD+uRDurwdItFUVVn2KMsGSnE/Xjlxq7IxcC/elzuS+CgIgGfru1MXmAHBBehcDSGWfWWS85xWG153fQT3F2ASLxs0="}
03-31 13:21:31.600 19084 19151 D MulticastServer: Broadcast block received {"ip":"192.168.1.97","cert":"MIIBGzCBwqADAgECAgYBf994BZcwCgYIKoZIzj0EAwIwFTETMBEGA1UEAwwKVFRNNDkwNSBDQTAeFw0yMjAzMzAxMDE0MTlaFw0yMjA0MzAxMDE0MTlaMBUxEzARBgNVBAMMCjFAdGVzdC5jb20wWTATBgcqhkjOPQIBBggqhkjOPQMBBwNCAARWqe9zQZRD8c/IJTwlqcBP3wxNnfnskSHFN0SfukuFElFHa1WRgMC9pldvLvFQJjmHIsbfcfCnJ/3odCWEsES2MAoGCCqGSM49BAMCA0gAMEUCIQD+uRDurwdItFUVVn2KMsGSnE/Xjlxq7IxcC/elzuS+CgIgGfru1MXmAHBBehcDSGWfWWS85xWG153fQT3F2ASLxs0="}
round 45 of 100
03-31 13:22:39.900 19222 19269 D MulticastServer: MULTICAST_SERVER_LISTENING
03-31 13:22:39.902 19222 19271 D MulticastServer: Registration process started with nonce 2063006333
03-31 13:22:39.905 19222 19270 D MulticastClient: REQUEST_LEDGER 2063006333
03-31 13:22:39.907 19222 19270 D MulticastClient: Sent messages with 3 resends: [{"sender":"","payload":"","mt":"REQUEST_LEDGER","sig":"","nonce":2063006333,"seq":0,"tot":0}]
03-31 13:22:40.125 19222 19275 D RegistrationHandler: 2063006333 Received hash from 2@test.com: f835c5ca0c47878ea990e2267afaa94dfcd7989b8df91afd355a2946088d400b
03-31 13:22:40.478 19222 19275 D RegistrationHandler: 2063006333 Received hash from 3@test.com: f835c5ca0c47878ea990e2267afaa94dfcd7989b8df91afd355a2946088d400b
03-31 13:22:40.488 19222 19275 D RegistrationHandler: Has received 1 of 4 fragments from 5@test.com
03-31 13:22:40.492 19222 19275 D RegistrationHandler: Has received 1 of 4 fragments from 6@test.com
03-31 13:22:40.499 19222 19275 D RegistrationHandler: Has received 2 of 4 from 5@test.com
03-31 13:22:40.514 19222 19275 D RegistrationHandler: Has received 2 of 4 from 6@test.com
03-31 13:22:40.566 19222 19275 D RegistrationHandler: Has received 3 of 4 from 5@test.com
03-31 13:22:40.576 19222 19275 D RegistrationHandler: Has received 3 of 4 from 6@test.com
03-31 13:22:40.579 19222 19294 D RegistrationHandler: Has received 4 of 4 from 5@test.com
03-31 13:22:40.583 19222 19303 D RegistrationHandler: Has received 4 of 4 from 6@test.com
03-31 13:22:40.600 19222 19303 D RegistrationHandler: Received full ledger from 6@test.com with nonce 2063006333
03-31 13:22:40.600 19222 19303 D RegistrationHandler: FULL_LEDGER 2063006333
03-31 13:22:40.600 19222 19294 D RegistrationHandler: Received full ledger from 5@test.com with nonce 2063006333
03-31 13:22:40.600 19222 19294 D RegistrationHandler: FULL_LEDGER 2063006333
03-31 13:22:40.604 19222 19303 D RegistrationHandler: ACCEPTED_LEDGER 2063006333 4
03-31 13:22:40.604 19222 19294 D RegistrationHandler: ACCEPTED_LEDGER 2063006333 4
03-31 13:22:40.606 19222 19303 D RegistrationHandler: 2063006333 The accepted ledger contains: [2@test.com, 3@test.com, 5@test.com, 6@test.com]
03-31 13:22:40.606 19222 19294 D RegistrationHandler: 2063006333 The accepted ledger contains: [2@test.com, 3@test.com, 5@test.com, 6@test.com]
03-31 13:22:40.606 19222 19303 D RegistrationHandler: 2063006333 Registration started
03-31 13:22:40.606 19222 19294 D RegistrationHandler: 2063006333 Registration started
03-31 13:22:40.614 19222 19294 D MulticastServer: Registration process finished: 2063006333
03-31 13:22:40.619 19222 19275 D MulticastClient: Sent messages with 3 resends: [{"sender":"4@test.com","payload":"{\"ip\":\"192.168.1.90\",\"cert\":\"MIIBGjCBwqADAgECAgYBf996WTQwCgYIKoZIzj0EAwIwFTETMBEGA1UEAwwKVFRNNDkwNSBDQTAeFw0yMjAzMzAxMDE2NTFaFw0yMjA0MzAxMDE2NTFaMBUxEzARBgNVBAMMCjRAdGVzdC5jb20wWTATBgcqhkjOPQIBBggqhkjOPQMBBwNCAAR9ADphQpker5Vlux1TGrY243xUduQc15bIXysV2NxiGJkeD5VM9tRM0LC9OtaczjftmguVO1X6py8Cw58m4CqfMAoGCCqGSM49BAMCA0cAMEQCIHsw\/XWk02FcpPISkSvlA7qK2USSlgqOOom9Sg9AUrBUAiB6UZsa+fgTtWznrsteVlekFkQ\/GbMN2tUh4ZJjX\/PbOQ==\"}","mt":"BROADCAST_BLOCK","sig":"MEQCIGVSRkV4MAKzUoMduqwRX\/CMb5wAlhbb+GB0SmU5Za+4AiAyg\/ZAeyE\/7ipGNPl0UEiTssSPa9co2ANTq3FDDsdSNg==","nonce":2063006333,"seq":0,"tot":0}]
03-31 13:22:40.620 19222 19303 E AndroidRuntime: FATAL EXCEPTION: DefaultDispatcher-worker-7
03-31 13:22:40.620 19222 19303 E AndroidRuntime: Process: com.example.masterproject, PID: 19222
03-31 13:22:40.620 19222 19303 E AndroidRuntime: java.util.ConcurrentModificationException
03-31 13:22:40.620 19222 19303 E AndroidRuntime: 	at java.util.ArrayList.sort(ArrayList.java:1472)
03-31 13:22:40.620 19222 19303 E AndroidRuntime: 	at java.util.Collections.sort(Collections.java:206)
03-31 13:22:40.620 19222 19303 E AndroidRuntime: 	at kotlin.collections.CollectionsKt__MutableCollectionsJVMKt.sortWith(MutableCollectionsJVM.kt:42)
03-31 13:22:40.620 19222 19303 E AndroidRuntime: 	at com.example.masterproject.ledger.Ledger$Companion.createNewBlockFromStoredCertificate(Ledger.kt:223)
03-31 13:22:40.620 19222 19303 E AndroidRuntime: 	at com.example.masterproject.ledger.RegistrationHandler.startRegistration(RegistrationHandler.kt:317)
03-31 13:22:40.620 19222 19303 E AndroidRuntime: 	at com.example.masterproject.ledger.RegistrationHandler.handleAcceptedLedger(RegistrationHandler.kt:271)
03-31 13:22:40.620 19222 19303 E AndroidRuntime: 	at com.example.masterproject.ledger.RegistrationHandler.setLedgerIfAccepted(RegistrationHandler.kt:242)
03-31 13:22:40.620 19222 19303 E AndroidRuntime: 	at com.example.masterproject.ledger.RegistrationHandler.fullLedgerReceived(RegistrationHandler.kt:109)
03-31 13:22:40.620 19222 19303 E AndroidRuntime: 	at com.example.masterproject.network.MulticastServer.handleFullLedger(MulticastServer.kt:135)
03-31 13:22:40.620 19222 19303 E AndroidRuntime: 	at com.example.masterproject.network.MulticastServer.access$handleFullLedger(MulticastServer.kt:29)
03-31 13:22:40.620 19222 19303 E AndroidRuntime: 	at com.example.masterproject.network.MulticastServer$listenForData$1.invokeSuspend(MulticastServer.kt:61)
03-31 13:22:40.620 19222 19303 E AndroidRuntime: 	at kotlin.coroutines.jvm.internal.BaseContinuationImpl.resumeWith(ContinuationImpl.kt:33)
03-31 13:22:40.620 19222 19303 E AndroidRuntime: 	at kotlinx.coroutines.DispatchedTask.run(DispatchedTask.kt:56)
03-31 13:22:40.620 19222 19303 E AndroidRuntime: 	at kotlinx.coroutines.scheduling.CoroutineScheduler.runSafely(CoroutineScheduler.kt:571)
03-31 13:22:40.620 19222 19303 E AndroidRuntime: 	at kotlinx.coroutines.scheduling.CoroutineScheduler$Worker.executeTask(CoroutineScheduler.kt:738)
03-31 13:22:40.620 19222 19303 E AndroidRuntime: 	at kotlinx.coroutines.scheduling.CoroutineScheduler$Worker.runWorker(CoroutineScheduler.kt:678)
03-31 13:22:40.620 19222 19303 E AndroidRuntime: 	at kotlinx.coroutines.scheduling.CoroutineScheduler$Worker.run(CoroutineScheduler.kt:665)
round 46 of 100
03-31 13:24:04.832 19401 19448 D MulticastServer: MULTICAST_SERVER_LISTENING
03-31 13:24:04.833 19401 19449 D MulticastServer: Registration process started with nonce 1586609721
03-31 13:24:04.836 19401 19447 D MulticastClient: REQUEST_LEDGER 1586609721
03-31 13:24:04.837 19401 19447 D MulticastClient: Sent messages with 3 resends: [{"sender":"","payload":"","mt":"REQUEST_LEDGER","sig":"","nonce":1586609721,"seq":0,"tot":0}]
03-31 13:24:05.273 19401 19466 D RegistrationHandler: 1586609721 Received hash from 2@test.com: f835c5ca0c47878ea990e2267afaa94dfcd7989b8df91afd355a2946088d400b
03-31 13:24:05.305 19401 19466 D RegistrationHandler: 1586609721 Received hash from 3@test.com: f835c5ca0c47878ea990e2267afaa94dfcd7989b8df91afd355a2946088d400b
03-31 13:24:05.331 19401 19466 D RegistrationHandler: Has received 1 of 4 fragments from 6@test.com
03-31 13:24:05.364 19401 19454 D RegistrationHandler: Has received 1 of 4 fragments from 5@test.com
03-31 13:24:05.374 19401 19466 D RegistrationHandler: Has received 2 of 4 from 5@test.com
03-31 13:24:05.379 19401 19466 D RegistrationHandler: Has received 3 of 4 from 5@test.com
03-31 13:24:05.388 19401 19466 D RegistrationHandler: Has received 4 of 4 from 5@test.com
03-31 13:24:05.402 19401 19466 D RegistrationHandler: Received full ledger from 5@test.com with nonce 1586609721
03-31 13:24:05.402 19401 19466 D RegistrationHandler: FULL_LEDGER 1586609721
03-31 13:24:05.406 19401 19466 D RegistrationHandler: ACCEPTED_LEDGER 1586609721 4
03-31 13:24:05.409 19401 19466 D RegistrationHandler: 1586609721 The accepted ledger contains: [2@test.com, 3@test.com, 5@test.com, 6@test.com]
03-31 13:24:05.409 19401 19466 D RegistrationHandler: 1586609721 Registration started
03-31 13:24:05.416 19401 19466 D MulticastServer: Registration process finished: 1586609721
03-31 13:24:05.420 19401 19454 D MulticastClient: Sent messages with 3 resends: [{"sender":"4@test.com","payload":"{\"ip\":\"192.168.1.90\",\"cert\":\"MIIBGjCBwqADAgECAgYBf996WTQwCgYIKoZIzj0EAwIwFTETMBEGA1UEAwwKVFRNNDkwNSBDQTAeFw0yMjAzMzAxMDE2NTFaFw0yMjA0MzAxMDE2NTFaMBUxEzARBgNVBAMMCjRAdGVzdC5jb20wWTATBgcqhkjOPQIBBggqhkjOPQMBBwNCAAR9ADphQpker5Vlux1TGrY243xUduQc15bIXysV2NxiGJkeD5VM9tRM0LC9OtaczjftmguVO1X6py8Cw58m4CqfMAoGCCqGSM49BAMCA0cAMEQCIHsw\/XWk02FcpPISkSvlA7qK2USSlgqOOom9Sg9AUrBUAiB6UZsa+fgTtWznrsteVlekFkQ\/GbMN2tUh4ZJjX\/PbOQ==\"}","mt":"BROADCAST_BLOCK","sig":"MEUCIQDlSe+kUuQKXm9Cb3DTpDrEk1u4jzaLp\/g+tMxWSAEiFQIgOODDEqN+vqMqr5XcoF+9r7ug52ej0QuppmmnmL6w+Sc=","nonce":1586609721,"seq":0,"tot":0}]
03-31 13:24:20.063 19401 19454 D MulticastServer: Registration process started with nonce 139233072
03-31 13:24:20.066 19401 19454 D MulticastServer: Received request for ledger with nonce: 139233072.
03-31 13:24:20.084 19401 19454 D RegistrationHandler: 139233072 Received hash from 4@test.com: 426b24282b49eccdfc717fe9a809b5b9f62ff656dba03539479b139f75cf3837
03-31 13:24:20.097 19401 19454 D MulticastClient: Sent messages with 3 resends: [{"sender":"{\"ip\":\"192.168.1.90\",\"cert\":\"MIIBGjCBwqADAgECAgYBf996WTQwCgYIKoZIzj0EAwIwFTETMBEGA1UEAwwKVFRNNDkwNSBDQTAeFw0yMjAzMzAxMDE2NTFaFw0yMjA0MzAxMDE2NTFaMBUxEzARBgNVBAMMCjRAdGVzdC5jb20wWTATBgcqhkjOPQIBBggqhkjOPQMBBwNCAAR9ADphQpker5Vlux1TGrY243xUduQc15bIXysV2NxiGJkeD5VM9tRM0LC9OtaczjftmguVO1X6py8Cw58m4CqfMAoGCCqGSM49BAMCA0cAMEQCIHsw\/XWk02FcpPISkSvlA7qK2USSlgqOOom9Sg9AUrBUAiB6UZsa+fgTtWznrsteVlekFkQ\/GbMN2tUh4ZJjX\/PbOQ==\"}","payload":"426b24282b49eccdfc717fe9a809b5b9f62ff656dba03539479b139f75cf3837","mt":"LEDGER_HASH","sig":"MEUCIQDZ9mssMjWUEwhryhsI0D9rL6oPy+FLhCiM\/zSDfixvIwIgf+bIwMMIqFoMFGZLTCfNBZo70AWDz0+zsOKI+ZibvmE=","nonce":139233072,"seq":0,"tot":0}]
03-31 13:24:20.483 19401 19475 D RegistrationHandler: 139233072 Received hash from 2@test.com: 426b24282b49eccdfc717fe9a809b5b9f62ff656dba03539479b139f75cf3837
03-31 13:24:20.591 19401 19475 D RegistrationHandler: Has received 1 of 5 fragments from 5@test.com
03-31 13:24:20.640 19401 19466 D RegistrationHandler: Has received 2 of 5 from 5@test.com
03-31 13:24:20.653 19401 19475 D RegistrationHandler: Has received 3 of 5 from 5@test.com
03-31 13:24:20.688 19401 19466 D MulticastServer: Broadcast block received {"ip":"192.168.1.97","cert":"MIIBGzCBwqADAgECAgYBf994BZcwCgYIKoZIzj0EAwIwFTETMBEGA1UEAwwKVFRNNDkwNSBDQTAeFw0yMjAzMzAxMDE0MTlaFw0yMjA0MzAxMDE0MTlaMBUxEzARBgNVBAMMCjFAdGVzdC5jb20wWTATBgcqhkjOPQIBBggqhkjOPQMBBwNCAARWqe9zQZRD8c/IJTwlqcBP3wxNnfnskSHFN0SfukuFElFHa1WRgMC9pldvLvFQJjmHIsbfcfCnJ/3odCWEsES2MAoGCCqGSM49BAMCA0gAMEUCIQD+uRDurwdItFUVVn2KMsGSnE/Xjlxq7IxcC/elzuS+CgIgGfru1MXmAHBBehcDSGWfWWS85xWG153fQT3F2ASLxs0="}
03-31 13:24:20.929 19401 19466 D RegistrationHandler: Has received 4 of 5 from 5@test.com
03-31 13:24:20.936 19401 19466 D RegistrationHandler: Has received 5 of 5 from 5@test.com
03-31 13:24:20.947 19401 19447 D RegistrationHandler: Has received 5 of 5 from 5@test.com
03-31 13:24:20.953 19401 19466 D RegistrationHandler: Received full ledger from 5@test.com with nonce 139233072
03-31 13:24:20.953 19401 19466 D RegistrationHandler: FULL_LEDGER 139233072
03-31 13:24:20.961 19401 19447 D RegistrationHandler: Received full ledger from 5@test.com with nonce 139233072
03-31 13:24:20.961 19401 19447 D RegistrationHandler: FULL_LEDGER 139233072
03-31 13:24:20.966 19401 19447 D RegistrationHandler: ACCEPTED_LEDGER 139233072 5
03-31 13:24:20.969 19401 19447 D RegistrationHandler: 139233072 The accepted ledger contains: [2@test.com, 3@test.com, 4@test.com, 5@test.com, 6@test.com]
03-31 13:24:20.969 19401 19447 D MulticastServer: Registration process finished: 139233072
03-31 13:24:20.995 19401 19477 D MulticastServer: Broadcast block received {"ip":"192.168.1.97","cert":"MIIBGzCBwqADAgECAgYBf994BZcwCgYIKoZIzj0EAwIwFTETMBEGA1UEAwwKVFRNNDkwNSBDQTAeFw0yMjAzMzAxMDE0MTlaFw0yMjA0MzAxMDE0MTlaMBUxEzARBgNVBAMMCjFAdGVzdC5jb20wWTATBgcqhkjOPQIBBggqhkjOPQMBBwNCAARWqe9zQZRD8c/IJTwlqcBP3wxNnfnskSHFN0SfukuFElFHa1WRgMC9pldvLvFQJjmHIsbfcfCnJ/3odCWEsES2MAoGCCqGSM49BAMCA0gAMEUCIQD+uRDurwdItFUVVn2KMsGSnE/Xjlxq7IxcC/elzuS+CgIgGfru1MXmAHBBehcDSGWfWWS85xWG153fQT3F2ASLxs0="}
03-31 13:24:21.321 19401 19454 D MulticastServer: Broadcast block received {"ip":"192.168.1.97","cert":"MIIBGzCBwqADAgECAgYBf994BZcwCgYIKoZIzj0EAwIwFTETMBEGA1UEAwwKVFRNNDkwNSBDQTAeFw0yMjAzMzAxMDE0MTlaFw0yMjA0MzAxMDE0MTlaMBUxEzARBgNVBAMMCjFAdGVzdC5jb20wWTATBgcqhkjOPQIBBggqhkjOPQMBBwNCAARWqe9zQZRD8c/IJTwlqcBP3wxNnfnskSHFN0SfukuFElFHa1WRgMC9pldvLvFQJjmHIsbfcfCnJ/3odCWEsES2MAoGCCqGSM49BAMCA0gAMEUCIQD+uRDurwdItFUVVn2KMsGSnE/Xjlxq7IxcC/elzuS+CgIgGfru1MXmAHBBehcDSGWfWWS85xWG153fQT3F2ASLxs0="}
round 47 of 100
03-31 13:25:29.790 19512 19561 D MulticastServer: MULTICAST_SERVER_LISTENING
03-31 13:25:29.792 19512 19563 D MulticastServer: Registration process started with nonce 1810011917
03-31 13:25:29.794 19512 19562 D MulticastClient: REQUEST_LEDGER 1810011917
03-31 13:25:29.796 19512 19562 D MulticastClient: Sent messages with 3 resends: [{"sender":"","payload":"","mt":"REQUEST_LEDGER","sig":"","nonce":1810011917,"seq":0,"tot":0}]
03-31 13:25:30.024 19512 19567 D RegistrationHandler: 1810011917 Received hash from 3@test.com: f835c5ca0c47878ea990e2267afaa94dfcd7989b8df91afd355a2946088d400b
03-31 13:25:30.031 19512 19567 D RegistrationHandler: Has received 1 of 4 fragments from 5@test.com
03-31 13:25:30.043 19512 19567 D RegistrationHandler: Has received 2 of 4 from 5@test.com
03-31 13:25:30.109 19512 19567 D RegistrationHandler: Has received 3 of 4 from 5@test.com
03-31 13:25:30.119 19512 19567 D RegistrationHandler: Has received 4 of 4 from 5@test.com
03-31 13:25:30.127 19512 19567 D RegistrationHandler: Received full ledger from 5@test.com with nonce 1810011917
03-31 13:25:30.127 19512 19567 D RegistrationHandler: FULL_LEDGER 1810011917
03-31 13:25:30.625 19512 19567 D RegistrationHandler: 1810011917 Received hash from 2@test.com: f835c5ca0c47878ea990e2267afaa94dfcd7989b8df91afd355a2946088d400b
03-31 13:25:30.741 19512 19562 D RegistrationHandler: Has received 1 of 4 fragments from 6@test.com
03-31 13:25:30.741 19512 19586 D RegistrationHandler: Has received 4 of 4 fragments from 5@test.com
03-31 13:25:30.759 19512 19562 D RegistrationHandler: Received full ledger from 6@test.com with nonce 1810011917
03-31 13:25:30.759 19512 19562 D RegistrationHandler: FULL_LEDGER 1810011917
03-31 13:25:30.762 19512 19562 D RegistrationHandler: ACCEPTED_LEDGER 1810011917 4
03-31 13:25:30.765 19512 19562 D RegistrationHandler: 1810011917 The accepted ledger contains: [2@test.com, 3@test.com, 5@test.com, 6@test.com]
03-31 13:25:30.765 19512 19562 D RegistrationHandler: 1810011917 Registration started
03-31 13:25:30.771 19512 19562 D MulticastServer: Registration process finished: 1810011917
03-31 13:25:30.775 19512 19596 D MulticastClient: Sent messages with 3 resends: [{"sender":"4@test.com","payload":"{\"ip\":\"192.168.1.90\",\"cert\":\"MIIBGjCBwqADAgECAgYBf996WTQwCgYIKoZIzj0EAwIwFTETMBEGA1UEAwwKVFRNNDkwNSBDQTAeFw0yMjAzMzAxMDE2NTFaFw0yMjA0MzAxMDE2NTFaMBUxEzARBgNVBAMMCjRAdGVzdC5jb20wWTATBgcqhkjOPQIBBggqhkjOPQMBBwNCAAR9ADphQpker5Vlux1TGrY243xUduQc15bIXysV2NxiGJkeD5VM9tRM0LC9OtaczjftmguVO1X6py8Cw58m4CqfMAoGCCqGSM49BAMCA0cAMEQCIHsw\/XWk02FcpPISkSvlA7qK2USSlgqOOom9Sg9AUrBUAiB6UZsa+fgTtWznrsteVlekFkQ\/GbMN2tUh4ZJjX\/PbOQ==\"}","mt":"BROADCAST_BLOCK","sig":"MEMCHym+BMaCMKgVHt5wZV3RZ86JOA9WLmVZxNCB3T6JgXECIByq3eR99rIP+CZ4fiZUJX7\/PkEG5QTVQ2TleLxtISTe","nonce":1810011917,"seq":0,"tot":0}]
03-31 13:25:44.954 19512 19596 D MulticastServer: Registration process started with nonce 2136538397
03-31 13:25:44.959 19512 19596 D MulticastServer: Received request for ledger with nonce: 2136538397.
03-31 13:25:44.974 19512 19598 D RegistrationHandler: 2136538397 Received hash from 4@test.com: 426b24282b49eccdfc717fe9a809b5b9f62ff656dba03539479b139f75cf3837
03-31 13:25:44.987 19512 19598 D MulticastClient: Sent messages with 3 resends: [{"sender":"{\"ip\":\"192.168.1.90\",\"cert\":\"MIIBGjCBwqADAgECAgYBf996WTQwCgYIKoZIzj0EAwIwFTETMBEGA1UEAwwKVFRNNDkwNSBDQTAeFw0yMjAzMzAxMDE2NTFaFw0yMjA0MzAxMDE2NTFaMBUxEzARBgNVBAMMCjRAdGVzdC5jb20wWTATBgcqhkjOPQIBBggqhkjOPQMBBwNCAAR9ADphQpker5Vlux1TGrY243xUduQc15bIXysV2NxiGJkeD5VM9tRM0LC9OtaczjftmguVO1X6py8Cw58m4CqfMAoGCCqGSM49BAMCA0cAMEQCIHsw\/XWk02FcpPISkSvlA7qK2USSlgqOOom9Sg9AUrBUAiB6UZsa+fgTtWznrsteVlekFkQ\/GbMN2tUh4ZJjX\/PbOQ==\"}","payload":"426b24282b49eccdfc717fe9a809b5b9f62ff656dba03539479b139f75cf3837","mt":"LEDGER_HASH","sig":"MEUCIQDxjEtZpyKGV2qO3k2SfQzaLoIYl31CLq8Jny1gFr3l2AIgfdFMlSrSvDo1CIGEb7q3mq6YDGdP9WJ05aYCFEjIV2w=","nonce":2136538397,"seq":0,"tot":0}]
03-31 13:25:45.080 19512 19597 D RegistrationHandler: Has received 1 of 5 fragments from 5@test.com
03-31 13:25:45.082 19512 19597 D RegistrationHandler: Has received 2 of 5 from 5@test.com
03-31 13:25:45.151 19512 19596 D RegistrationHandler: 2136538397 Received hash from 3@test.com: 426b24282b49eccdfc717fe9a809b5b9f62ff656dba03539479b139f75cf3837
03-31 13:25:45.161 19512 19597 D RegistrationHandler: Has received 3 of 5 from 5@test.com
03-31 13:25:45.371 19512 19597 D RegistrationHandler: 2136538397 Received hash from 2@test.com: 426b24282b49eccdfc717fe9a809b5b9f62ff656dba03539479b139f75cf3837
03-31 13:25:45.675 19512 19596 D MulticastServer: Broadcast block received {"ip":"192.168.1.97","cert":"MIIBGzCBwqADAgECAgYBf994BZcwCgYIKoZIzj0EAwIwFTETMBEGA1UEAwwKVFRNNDkwNSBDQTAeFw0yMjAzMzAxMDE0MTlaFw0yMjA0MzAxMDE0MTlaMBUxEzARBgNVBAMMCjFAdGVzdC5jb20wWTATBgcqhkjOPQIBBggqhkjOPQMBBwNCAARWqe9zQZRD8c/IJTwlqcBP3wxNnfnskSHFN0SfukuFElFHa1WRgMC9pldvLvFQJjmHIsbfcfCnJ/3odCWEsES2MAoGCCqGSM49BAMCA0gAMEUCIQD+uRDurwdItFUVVn2KMsGSnE/Xjlxq7IxcC/elzuS+CgIgGfru1MXmAHBBehcDSGWfWWS85xWG153fQT3F2ASLxs0="}
03-31 13:25:45.788 19512 19596 D RegistrationHandler: Has received 3 of 5 fragments from 5@test.com
03-31 13:25:45.789 19512 19597 D RegistrationHandler: Has received 3 of 5 from 5@test.com
03-31 13:25:45.800 19512 19597 D RegistrationHandler: Has received 4 of 5 from 5@test.com
03-31 13:25:45.808 19512 19597 D RegistrationHandler: Has received 1 of 5 fragments from 6@test.com
03-31 13:25:45.814 19512 19597 D RegistrationHandler: Has received 2 of 5 from 6@test.com
03-31 13:25:45.824 19512 19596 D RegistrationHandler: Has received 3 of 5 from 6@test.com
03-31 13:25:45.825 19512 19597 D RegistrationHandler: Has received 4 of 5 from 6@test.com
03-31 13:25:45.834 19512 19597 D RegistrationHandler: Has received 5 of 5 from 6@test.com
03-31 13:25:45.841 19512 19562 D RegistrationHandler: Has received 5 of 5 from 5@test.com
03-31 13:25:45.848 19512 19596 D RegistrationHandler: Has received 5 of 5 from 5@test.com
03-31 13:25:45.848 19512 19597 D RegistrationHandler: Received full ledger from 6@test.com with nonce 2136538397
03-31 13:25:45.848 19512 19597 D RegistrationHandler: FULL_LEDGER 2136538397
03-31 13:25:45.856 19512 19562 D RegistrationHandler: Received full ledger from 5@test.com with nonce 2136538397
03-31 13:25:45.856 19512 19562 D RegistrationHandler: FULL_LEDGER 2136538397
03-31 13:25:45.861 19512 19597 D RegistrationHandler: ACCEPTED_LEDGER 2136538397 5
03-31 13:25:45.862 19512 19596 D RegistrationHandler: Received full ledger from 5@test.com with nonce 2136538397
03-31 13:25:45.862 19512 19596 D RegistrationHandler: FULL_LEDGER 2136538397
03-31 13:25:45.863 19512 19597 D RegistrationHandler: 2136538397 The accepted ledger contains: [2@test.com, 3@test.com, 4@test.com, 5@test.com, 6@test.com]
03-31 13:25:45.864 19512 19597 D MulticastServer: Registration process finished: 2136538397
03-31 13:25:45.868 19512 19596 D RegistrationHandler: ACCEPTED_LEDGER 2136538397 5
03-31 13:25:45.869 19512 19562 D RegistrationHandler: ACCEPTED_LEDGER 2136538397 5
03-31 13:25:45.871 19512 19562 D RegistrationHandler: 2136538397 The accepted ledger contains: [2@test.com, 3@test.com, 4@test.com, 5@test.com, 6@test.com]
03-31 13:25:45.871 19512 19596 D RegistrationHandler: 2136538397 The accepted ledger contains: [2@test.com, 3@test.com, 4@test.com, 5@test.com, 6@test.com]
03-31 13:25:45.983 19512 19598 D MulticastServer: Broadcast block received {"ip":"192.168.1.97","cert":"MIIBGzCBwqADAgECAgYBf994BZcwCgYIKoZIzj0EAwIwFTETMBEGA1UEAwwKVFRNNDkwNSBDQTAeFw0yMjAzMzAxMDE0MTlaFw0yMjA0MzAxMDE0MTlaMBUxEzARBgNVBAMMCjFAdGVzdC5jb20wWTATBgcqhkjOPQIBBggqhkjOPQMBBwNCAARWqe9zQZRD8c/IJTwlqcBP3wxNnfnskSHFN0SfukuFElFHa1WRgMC9pldvLvFQJjmHIsbfcfCnJ/3odCWEsES2MAoGCCqGSM49BAMCA0gAMEUCIQD+uRDurwdItFUVVn2KMsGSnE/Xjlxq7IxcC/elzuS+CgIgGfru1MXmAHBBehcDSGWfWWS85xWG153fQT3F2ASLxs0="}
03-31 13:25:46.291 19512 19562 D MulticastServer: Broadcast block received {"ip":"192.168.1.97","cert":"MIIBGzCBwqADAgECAgYBf994BZcwCgYIKoZIzj0EAwIwFTETMBEGA1UEAwwKVFRNNDkwNSBDQTAeFw0yMjAzMzAxMDE0MTlaFw0yMjA0MzAxMDE0MTlaMBUxEzARBgNVBAMMCjFAdGVzdC5jb20wWTATBgcqhkjOPQIBBggqhkjOPQMBBwNCAARWqe9zQZRD8c/IJTwlqcBP3wxNnfnskSHFN0SfukuFElFHa1WRgMC9pldvLvFQJjmHIsbfcfCnJ/3odCWEsES2MAoGCCqGSM49BAMCA0gAMEUCIQD+uRDurwdItFUVVn2KMsGSnE/Xjlxq7IxcC/elzuS+CgIgGfru1MXmAHBBehcDSGWfWWS85xWG153fQT3F2ASLxs0="}
03-31 13:25:46.605 19512 19562 D MulticastServer: Broadcast block received {"ip":"192.168.1.97","cert":"MIIBGzCBwqADAgECAgYBf994BZcwCgYIKoZIzj0EAwIwFTETMBEGA1UEAwwKVFRNNDkwNSBDQTAeFw0yMjAzMzAxMDE0MTlaFw0yMjA0MzAxMDE0MTlaMBUxEzARBgNVBAMMCjFAdGVzdC5jb20wWTATBgcqhkjOPQIBBggqhkjOPQMBBwNCAARWqe9zQZRD8c/IJTwlqcBP3wxNnfnskSHFN0SfukuFElFHa1WRgMC9pldvLvFQJjmHIsbfcfCnJ/3odCWEsES2MAoGCCqGSM49BAMCA0gAMEUCIQD+uRDurwdItFUVVn2KMsGSnE/Xjlxq7IxcC/elzuS+CgIgGfru1MXmAHBBehcDSGWfWWS85xWG153fQT3F2ASLxs0="}
round 48 of 100
03-31 13:26:54.744 19637 19686 D MulticastServer: MULTICAST_SERVER_LISTENING
03-31 13:26:54.746 19637 19688 D MulticastServer: Registration process started with nonce 922245248
03-31 13:26:54.751 19637 19692 D MulticastClient: REQUEST_LEDGER 922245248
03-31 13:26:54.757 19637 19692 D MulticastClient: Sent messages with 3 resends: [{"sender":"","payload":"","mt":"REQUEST_LEDGER","sig":"","nonce":922245248,"seq":0,"tot":0}]
03-31 13:26:55.220 19637 19707 D RegistrationHandler: Has received 1 of 4 fragments from 5@test.com
03-31 13:26:55.221 19637 19687 D RegistrationHandler: 922245248 Received hash from 2@test.com: f835c5ca0c47878ea990e2267afaa94dfcd7989b8df91afd355a2946088d400b
03-31 13:26:55.221 19637 19708 D RegistrationHandler: Has received 2 of 4 from 5@test.com
03-31 13:26:55.223 19637 19687 D RegistrationHandler: Has received 3 of 4 from 5@test.com
03-31 13:26:55.231 19637 19708 D RegistrationHandler: Has received 4 of 4 from 5@test.com
03-31 13:26:55.236 19637 19687 D RegistrationHandler: 922245248 Received hash from 3@test.com: f835c5ca0c47878ea990e2267afaa94dfcd7989b8df91afd355a2946088d400b
03-31 13:26:55.246 19637 19708 D RegistrationHandler: Received full ledger from 5@test.com with nonce 922245248
03-31 13:26:55.246 19637 19708 D RegistrationHandler: FULL_LEDGER 922245248
03-31 13:26:55.248 19637 19687 D RegistrationHandler: Has received 1 of 4 fragments from 6@test.com
03-31 13:26:55.249 19637 19708 D RegistrationHandler: ACCEPTED_LEDGER 922245248 4
03-31 13:26:55.252 19637 19708 D RegistrationHandler: 922245248 The accepted ledger contains: [2@test.com, 3@test.com, 5@test.com, 6@test.com]
03-31 13:26:55.252 19637 19708 D RegistrationHandler: 922245248 Registration started
03-31 13:26:55.257 19637 19687 D RegistrationHandler: Has received 2 of 4 from 6@test.com
03-31 13:26:55.259 19637 19708 D MulticastServer: Registration process finished: 922245248
03-31 13:26:55.260 19637 19687 D RegistrationHandler: Has received 3 of 4 from 6@test.com
03-31 13:26:55.269 19637 19708 D MulticastClient: Sent messages with 3 resends: [{"sender":"4@test.com","payload":"{\"ip\":\"192.168.1.90\",\"cert\":\"MIIBGjCBwqADAgECAgYBf996WTQwCgYIKoZIzj0EAwIwFTETMBEGA1UEAwwKVFRNNDkwNSBDQTAeFw0yMjAzMzAxMDE2NTFaFw0yMjA0MzAxMDE2NTFaMBUxEzARBgNVBAMMCjRAdGVzdC5jb20wWTATBgcqhkjOPQIBBggqhkjOPQMBBwNCAAR9ADphQpker5Vlux1TGrY243xUduQc15bIXysV2NxiGJkeD5VM9tRM0LC9OtaczjftmguVO1X6py8Cw58m4CqfMAoGCCqGSM49BAMCA0cAMEQCIHsw\/XWk02FcpPISkSvlA7qK2USSlgqOOom9Sg9AUrBUAiB6UZsa+fgTtWznrsteVlekFkQ\/GbMN2tUh4ZJjX\/PbOQ==\"}","mt":"BROADCAST_BLOCK","sig":"MEUCIB4fsX6QMSDRuD+e69yjfAl\/Yx\/QcZZU5gCJIYaz3kKDAiEAl28UBjhUkLUrwWzWPmYP4Pl1wY6Daz8p1SJMLE9fTjI=","nonce":922245248,"seq":0,"tot":0}]
03-31 13:27:09.947 19637 19708 D MulticastServer: Registration process started with nonce 1438356326
03-31 13:27:09.952 19637 19708 D MulticastServer: Received request for ledger with nonce: 1438356326.
03-31 13:27:09.968 19637 19710 D RegistrationHandler: 1438356326 Received hash from 4@test.com: 426b24282b49eccdfc717fe9a809b5b9f62ff656dba03539479b139f75cf3837
03-31 13:27:09.983 19637 19710 D MulticastClient: Sent messages with 3 resends: [{"sender":"{\"ip\":\"192.168.1.90\",\"cert\":\"MIIBGjCBwqADAgECAgYBf996WTQwCgYIKoZIzj0EAwIwFTETMBEGA1UEAwwKVFRNNDkwNSBDQTAeFw0yMjAzMzAxMDE2NTFaFw0yMjA0MzAxMDE2NTFaMBUxEzARBgNVBAMMCjRAdGVzdC5jb20wWTATBgcqhkjOPQIBBggqhkjOPQMBBwNCAAR9ADphQpker5Vlux1TGrY243xUduQc15bIXysV2NxiGJkeD5VM9tRM0LC9OtaczjftmguVO1X6py8Cw58m4CqfMAoGCCqGSM49BAMCA0cAMEQCIHsw\/XWk02FcpPISkSvlA7qK2USSlgqOOom9Sg9AUrBUAiB6UZsa+fgTtWznrsteVlekFkQ\/GbMN2tUh4ZJjX\/PbOQ==\"}","payload":"426b24282b49eccdfc717fe9a809b5b9f62ff656dba03539479b139f75cf3837","mt":"LEDGER_HASH","sig":"MEUCIQD3+TfjylkIB8+TIWO1kvQWLxIJIlTAcNSisokWX+S3XQIgY39Y6V3egRUi5D9R6PgcaxsMcNVZbl9L5J+EQEvPFIU=","nonce":1438356326,"seq":0,"tot":0}]
03-31 13:27:10.071 19637 19707 D RegistrationHandler: Has received 1 of 5 fragments from 6@test.com
03-31 13:27:10.079 19637 19707 D RegistrationHandler: 1438356326 Received hash from 3@test.com: 426b24282b49eccdfc717fe9a809b5b9f62ff656dba03539479b139f75cf3837
03-31 13:27:10.083 19637 19708 D RegistrationHandler: Has received 2 of 5 from 6@test.com
03-31 13:27:10.095 19637 19708 D RegistrationHandler: Has received 1 of 5 fragments from 5@test.com
03-31 13:27:10.099 19637 19707 D RegistrationHandler: Has received 2 of 5 from 5@test.com
03-31 13:27:10.106 19637 19707 D RegistrationHandler: Has received 3 of 5 from 5@test.com
03-31 13:27:10.115 19637 19707 D RegistrationHandler: Has received 3 of 5 from 6@test.com
03-31 13:27:10.163 19637 19708 D RegistrationHandler: Has received 4 of 5 from 6@test.com
03-31 13:27:10.164 19637 19707 D RegistrationHandler: Has received 4 of 5 from 5@test.com
03-31 13:27:10.171 19637 19707 D RegistrationHandler: Has received 5 of 5 from 5@test.com
03-31 13:27:10.189 19637 19707 D RegistrationHandler: Received full ledger from 5@test.com with nonce 1438356326
03-31 13:27:10.189 19637 19707 D RegistrationHandler: FULL_LEDGER 1438356326
03-31 13:27:10.260 19637 19708 D RegistrationHandler: 1438356326 Received hash from 2@test.com: 426b24282b49eccdfc717fe9a809b5b9f62ff656dba03539479b139f75cf3837
03-31 13:27:10.372 19637 19708 D RegistrationHandler: Has received 4 of 5 fragments from 6@test.com
03-31 13:27:10.393 19637 19708 D RegistrationHandler: Has received 5 of 5 fragments from 5@test.com
03-31 13:27:10.401 19637 19707 D RegistrationHandler: Has received 5 of 5 from 6@test.com
03-31 13:27:10.416 19637 19707 D RegistrationHandler: Received full ledger from 6@test.com with nonce 1438356326
03-31 13:27:10.416 19637 19707 D RegistrationHandler: FULL_LEDGER 1438356326
03-31 13:27:10.423 19637 19708 D RegistrationHandler: Has received 5 of 5 from 6@test.com
03-31 13:27:10.424 19637 19707 D RegistrationHandler: ACCEPTED_LEDGER 1438356326 5
03-31 13:27:10.426 19637 19707 D RegistrationHandler: 1438356326 The accepted ledger contains: [2@test.com, 3@test.com, 4@test.com, 5@test.com, 6@test.com]
03-31 13:27:10.426 19637 19707 D MulticastServer: Registration process finished: 1438356326
03-31 13:27:10.432 19637 19708 D RegistrationHandler: Received full ledger from 6@test.com with nonce 1438356326
03-31 13:27:10.432 19637 19708 D RegistrationHandler: FULL_LEDGER 1438356326
03-31 13:27:10.446 19637 19708 D RegistrationHandler: ACCEPTED_LEDGER 1438356326 5
03-31 13:27:10.449 19637 19708 D RegistrationHandler: 1438356326 The accepted ledger contains: [2@test.com, 3@test.com, 4@test.com, 5@test.com, 6@test.com]
03-31 13:27:10.776 19637 19707 D MulticastServer: Broadcast block received {"ip":"192.168.1.97","cert":"MIIBGzCBwqADAgECAgYBf994BZcwCgYIKoZIzj0EAwIwFTETMBEGA1UEAwwKVFRNNDkwNSBDQTAeFw0yMjAzMzAxMDE0MTlaFw0yMjA0MzAxMDE0MTlaMBUxEzARBgNVBAMMCjFAdGVzdC5jb20wWTATBgcqhkjOPQIBBggqhkjOPQMBBwNCAARWqe9zQZRD8c/IJTwlqcBP3wxNnfnskSHFN0SfukuFElFHa1WRgMC9pldvLvFQJjmHIsbfcfCnJ/3odCWEsES2MAoGCCqGSM49BAMCA0gAMEUCIQD+uRDurwdItFUVVn2KMsGSnE/Xjlxq7IxcC/elzuS+CgIgGfru1MXmAHBBehcDSGWfWWS85xWG153fQT3F2ASLxs0="}
03-31 13:27:10.778 19637 19708 D MulticastServer: Broadcast block received {"ip":"192.168.1.97","cert":"MIIBGzCBwqADAgECAgYBf994BZcwCgYIKoZIzj0EAwIwFTETMBEGA1UEAwwKVFRNNDkwNSBDQTAeFw0yMjAzMzAxMDE0MTlaFw0yMjA0MzAxMDE0MTlaMBUxEzARBgNVBAMMCjFAdGVzdC5jb20wWTATBgcqhkjOPQIBBggqhkjOPQMBBwNCAARWqe9zQZRD8c/IJTwlqcBP3wxNnfnskSHFN0SfukuFElFHa1WRgMC9pldvLvFQJjmHIsbfcfCnJ/3odCWEsES2MAoGCCqGSM49BAMCA0gAMEUCIQD+uRDurwdItFUVVn2KMsGSnE/Xjlxq7IxcC/elzuS+CgIgGfru1MXmAHBBehcDSGWfWWS85xWG153fQT3F2ASLxs0="}
03-31 13:27:11.111 19637 19710 D MulticastServer: Broadcast block received {"ip":"192.168.1.97","cert":"MIIBGzCBwqADAgECAgYBf994BZcwCgYIKoZIzj0EAwIwFTETMBEGA1UEAwwKVFRNNDkwNSBDQTAeFw0yMjAzMzAxMDE0MTlaFw0yMjA0MzAxMDE0MTlaMBUxEzARBgNVBAMMCjFAdGVzdC5jb20wWTATBgcqhkjOPQIBBggqhkjOPQMBBwNCAARWqe9zQZRD8c/IJTwlqcBP3wxNnfnskSHFN0SfukuFElFHa1WRgMC9pldvLvFQJjmHIsbfcfCnJ/3odCWEsES2MAoGCCqGSM49BAMCA0gAMEUCIQD+uRDurwdItFUVVn2KMsGSnE/Xjlxq7IxcC/elzuS+CgIgGfru1MXmAHBBehcDSGWfWWS85xWG153fQT3F2ASLxs0="}
03-31 13:27:11.118 19637 19710 D MulticastServer: Broadcast block received {"ip":"192.168.1.97","cert":"MIIBGzCBwqADAgECAgYBf994BZcwCgYIKoZIzj0EAwIwFTETMBEGA1UEAwwKVFRNNDkwNSBDQTAeFw0yMjAzMzAxMDE0MTlaFw0yMjA0MzAxMDE0MTlaMBUxEzARBgNVBAMMCjFAdGVzdC5jb20wWTATBgcqhkjOPQIBBggqhkjOPQMBBwNCAARWqe9zQZRD8c/IJTwlqcBP3wxNnfnskSHFN0SfukuFElFHa1WRgMC9pldvLvFQJjmHIsbfcfCnJ/3odCWEsES2MAoGCCqGSM49BAMCA0gAMEUCIQD+uRDurwdItFUVVn2KMsGSnE/Xjlxq7IxcC/elzuS+CgIgGfru1MXmAHBBehcDSGWfWWS85xWG153fQT3F2ASLxs0="}
03-31 13:27:11.390 19637 19710 D MulticastServer: Broadcast block received {"ip":"192.168.1.97","cert":"MIIBGzCBwqADAgECAgYBf994BZcwCgYIKoZIzj0EAwIwFTETMBEGA1UEAwwKVFRNNDkwNSBDQTAeFw0yMjAzMzAxMDE0MTlaFw0yMjA0MzAxMDE0MTlaMBUxEzARBgNVBAMMCjFAdGVzdC5jb20wWTATBgcqhkjOPQIBBggqhkjOPQMBBwNCAARWqe9zQZRD8c/IJTwlqcBP3wxNnfnskSHFN0SfukuFElFHa1WRgMC9pldvLvFQJjmHIsbfcfCnJ/3odCWEsES2MAoGCCqGSM49BAMCA0gAMEUCIQD+uRDurwdItFUVVn2KMsGSnE/Xjlxq7IxcC/elzuS+CgIgGfru1MXmAHBBehcDSGWfWWS85xWG153fQT3F2ASLxs0="}
03-31 13:27:11.400 19637 19710 D MulticastServer: Broadcast block received {"ip":"192.168.1.97","cert":"MIIBGzCBwqADAgECAgYBf994BZcwCgYIKoZIzj0EAwIwFTETMBEGA1UEAwwKVFRNNDkwNSBDQTAeFw0yMjAzMzAxMDE0MTlaFw0yMjA0MzAxMDE0MTlaMBUxEzARBgNVBAMMCjFAdGVzdC5jb20wWTATBgcqhkjOPQIBBggqhkjOPQMBBwNCAARWqe9zQZRD8c/IJTwlqcBP3wxNnfnskSHFN0SfukuFElFHa1WRgMC9pldvLvFQJjmHIsbfcfCnJ/3odCWEsES2MAoGCCqGSM49BAMCA0gAMEUCIQD+uRDurwdItFUVVn2KMsGSnE/Xjlxq7IxcC/elzuS+CgIgGfru1MXmAHBBehcDSGWfWWS85xWG153fQT3F2ASLxs0="}
round 49 of 100
03-31 13:28:19.544 19747 19795 D MulticastServer: MULTICAST_SERVER_LISTENING
03-31 13:28:19.546 19747 19797 D MulticastServer: Registration process started with nonce 1423985458
03-31 13:28:19.549 19747 19796 D MulticastClient: REQUEST_LEDGER 1423985458
03-31 13:28:19.550 19747 19796 D MulticastClient: Sent messages with 3 resends: [{"sender":"","payload":"","mt":"REQUEST_LEDGER","sig":"","nonce":1423985458,"seq":0,"tot":0}]
03-31 13:28:19.716 19747 19804 D RegistrationHandler: 1423985458 Received hash from 2@test.com: f835c5ca0c47878ea990e2267afaa94dfcd7989b8df91afd355a2946088d400b
03-31 13:28:19.723 19747 19804 D RegistrationHandler: Has received 1 of 4 fragments from 6@test.com
03-31 13:28:19.727 19747 19804 D RegistrationHandler: Has received 2 of 4 from 6@test.com
03-31 13:28:19.735 19747 19804 D RegistrationHandler: Has received 3 of 4 from 6@test.com
03-31 13:28:19.739 19747 19804 D RegistrationHandler: 1423985458 Received hash from 3@test.com: f835c5ca0c47878ea990e2267afaa94dfcd7989b8df91afd355a2946088d400b
03-31 13:28:19.819 19747 19804 D RegistrationHandler: Has received 4 of 4 from 6@test.com
03-31 13:28:19.828 19747 19804 D RegistrationHandler: Received full ledger from 6@test.com with nonce 1423985458
03-31 13:28:19.828 19747 19804 D RegistrationHandler: FULL_LEDGER 1423985458
03-31 13:28:19.830 19747 19804 D RegistrationHandler: ACCEPTED_LEDGER 1423985458 4
03-31 13:28:19.832 19747 19804 D RegistrationHandler: 1423985458 The accepted ledger contains: [2@test.com, 3@test.com, 5@test.com, 6@test.com]
03-31 13:28:19.832 19747 19804 D RegistrationHandler: 1423985458 Registration started
03-31 13:28:19.837 19747 19804 D MulticastServer: Registration process finished: 1423985458
