03-02 10:31:52.640 22845 23152 D MulticastServer: Broadcast block received {"ip":"192.168.1.96","cert":"MIIBKjCB0KADAgECAhQFGtbY2BBfIilHmVHfmz1ibePqCTAKBggqhkjOPQQDAjAVMRMwEQYDVQQDDApUVE00OTA1IENBMB4XDTIyMDMwMTE0MDg1MVoXDTIyMDMzMTE0MDg1MVowFTETMBEGA1UEAwwKNUB0ZXN0LmNvbTBZMBMGByqGSM49AgEGCCqGSM49AwEHA0IABM0SKT7roPGNC1d52qLjFf8A++6+ejGXhEz/RZOJFR1j7rRmQIgaxqH+EAJzNBYhPBDjl1Sf/Lsjr0vAoPml3eUwCgYIKoZIzj0EAwIDSQAwRgIhAPcOKfuB+KByJXxphcvx1eVN2EVlksqOSofHq3BTh+oSAiEA7+Kmz9U75Bg3JXvTLGnz/X5DqCaZD0GxKGePXFq7DUE="}
03-02 10:31:53.048 22845 23152 D MulticastServer: Broadcast block received {"ip":"192.168.1.96","cert":"MIIBKjCB0KADAgECAhQFGtbY2BBfIilHmVHfmz1ibePqCTAKBggqhkjOPQQDAjAVMRMwEQYDVQQDDApUVE00OTA1IENBMB4XDTIyMDMwMTE0MDg1MVoXDTIyMDMzMTE0MDg1MVowFTETMBEGA1UEAwwKNUB0ZXN0LmNvbTBZMBMGByqGSM49AgEGCCqGSM49AwEHA0IABM0SKT7roPGNC1d52qLjFf8A++6+ejGXhEz/RZOJFR1j7rRmQIgaxqH+EAJzNBYhPBDjl1Sf/Lsjr0vAoPml3eUwCgYIKoZIzj0EAwIDSQAwRgIhAPcOKfuB+KByJXxphcvx1eVN2EVlksqOSofHq3BTh+oSAiEA7+Kmz9U75Bg3JXvTLGnz/X5DqCaZD0GxKGePXFq7DUE="}
03-02 10:31:56.430 22845 23152 D MulticastServer: Registration process started with nonce: 1248251516
03-02 10:31:56.435 22845 23152 D MulticastServer: Received request for ledger with nonce: 1248251516.
03-02 10:31:56.510 22845 23151 D MulticastClient: Sent messages: [{"sender":"{\"ip\":\"192.168.1.102\",\"cert\":\"MIIBKjCB0KADAgECAhQ4Y7ju1gF20HgInu21PT9KBF9GTjAKBggqhkjOPQQDAjAVMRMwEQYDVQQDDApUVE00OTA1IENBMB4XDTIyMDMwMjA4MTMwOFoXDTIyMDQwMTA4MTMwOFowFTETMBEGA1UEAwwKMkB0ZXN0LmNvbTBZMBMGByqGSM49AgEGCCqGSM49AwEHA0IABDX5T5uShCqkaYlTAy\/9VnhpRfnnSG2sAgctv3by+PKya\/r2mK8OJaQoxOgtLPG0ySplNzqjftpvpo9Bjvd0g+8wCgYIKoZIzj0EAwIDSQAwRgIhANJZaiGCzyMc0M9Mg6RUCQNvccvHzRriGV1nkrTpgOY1AiEAri0DXI3WN0YunHCU1hOof9OsF4kPTmXqIYrI5CUW3Cw=\"}","payload":"311d1114a8fbdc49f81b8496ad90e469e40617b8bd7639123916618b1a6a1fda","mt":"LEDGER_HASH","sig":"MEUCICmZnWJ+iIwInU36Qdm\/YvV38fvk+7II27zURD7bV1eqAiEAjLphXMhOXZf8oR1pzY0+lU\/DoTCwoOlIbCwPU5vND\/A=","nonce":1248251516,"seq":0,"tot":0}]
03-02 10:31:56.560 22845 23150 D RegistrationHandler: FULL_LEDGER 1248251516
03-02 10:31:56.597 22845 23181 D RegistrationHandler: FULL_LEDGER 1248251516
03-02 10:31:56.609 22845 23181 D RegistrationHandler: ACCEPTED_LEDGER 1248251516 3
03-02 10:31:56.611 22845 23181 D MulticastServer: Registration process finished: 1248251516
03-02 10:31:57.477 22845 23151 D MulticastServer: Broadcast block received {"ip":"192.168.1.126","cert":"MIIBKTCB0KADAgECAhRYB2Z/cqTmwQTbrhYf9v5lzVW+YjAKBggqhkjOPQQDAjAVMRMwEQYDVQQDDApUVE00OTA1IENBMB4XDTIyMDMwMTE0MTYzNVoXDTIyMDMzMTE0MTYzNVowFTETMBEGA1UEAwwKNkB0ZXN0LmNvbTBZMBMGByqGSM49AgEGCCqGSM49AwEHA0IABAYvxEyQgnJqCupzRJy6aDpuP4erW5GpSxzJ8zvy/WUXQAxLhv+z1Ufnl8ibD+dvXyRrW5CWmfEfUDbHIrhH0RYwCgYIKoZIzj0EAwIDSAAwRQIgORT+4WycNDSTneeqB9XlWe9PgCi139fukuacTIRzFHMCIQCn0eHVbKOQuveD+6D+8mZsMSWoUK/4EEnmk+W3T8NSXw=="}
03-02 10:31:57.860 22845 23151 D MulticastServer: Broadcast block received {"ip":"192.168.1.126","cert":"MIIBKTCB0KADAgECAhRYB2Z/cqTmwQTbrhYf9v5lzVW+YjAKBggqhkjOPQQDAjAVMRMwEQYDVQQDDApUVE00OTA1IENBMB4XDTIyMDMwMTE0MTYzNVoXDTIyMDMzMTE0MTYzNVowFTETMBEGA1UEAwwKNkB0ZXN0LmNvbTBZMBMGByqGSM49AgEGCCqGSM49AwEHA0IABAYvxEyQgnJqCupzRJy6aDpuP4erW5GpSxzJ8zvy/WUXQAxLhv+z1Ufnl8ibD+dvXyRrW5CWmfEfUDbHIrhH0RYwCgYIKoZIzj0EAwIDSAAwRQIgORT+4WycNDSTneeqB9XlWe9PgCi139fukuacTIRzFHMCIQCn0eHVbKOQuveD+6D+8mZsMSWoUK/4EEnmk+W3T8NSXw=="}
03-02 10:31:58.270 22845 23151 D MulticastServer: Broadcast block received {"ip":"192.168.1.126","cert":"MIIBKTCB0KADAgECAhRYB2Z/cqTmwQTbrhYf9v5lzVW+YjAKBggqhkjOPQQDAjAVMRMwEQYDVQQDDApUVE00OTA1IENBMB4XDTIyMDMwMTE0MTYzNVoXDTIyMDMzMTE0MTYzNVowFTETMBEGA1UEAwwKNkB0ZXN0LmNvbTBZMBMGByqGSM49AgEGCCqGSM49AwEHA0IABAYvxEyQgnJqCupzRJy6aDpuP4erW5GpSxzJ8zvy/WUXQAxLhv+z1Ufnl8ibD+dvXyRrW5CWmfEfUDbHIrhH0RYwCgYIKoZIzj0EAwIDSAAwRQIgORT+4WycNDSTneeqB9XlWe9PgCi139fukuacTIRzFHMCIQCn0eHVbKOQuveD+6D+8mZsMSWoUK/4EEnmk+W3T8NSXw=="}
03-02 10:32:11.885 22845 23151 D MulticastServer: Registration process started with nonce: 171026667
03-02 10:32:11.888 22845 23151 D MulticastServer: Received request for ledger with nonce: 171026667.
03-02 10:32:11.932 22845 23150 D MulticastClient: Sent messages: [{"sender":"{\"ip\":\"192.168.1.102\",\"cert\":\"MIIBKjCB0KADAgECAhQ4Y7ju1gF20HgInu21PT9KBF9GTjAKBggqhkjOPQQDAjAVMRMwEQYDVQQDDApUVE00OTA1IENBMB4XDTIyMDMwMjA4MTMwOFoXDTIyMDQwMTA4MTMwOFowFTETMBEGA1UEAwwKMkB0ZXN0LmNvbTBZMBMGByqGSM49AgEGCCqGSM49AwEHA0IABDX5T5uShCqkaYlTAy\/9VnhpRfnnSG2sAgctv3by+PKya\/r2mK8OJaQoxOgtLPG0ySplNzqjftpvpo9Bjvd0g+8wCgYIKoZIzj0EAwIDSQAwRgIhANJZaiGCzyMc0M9Mg6RUCQNvccvHzRriGV1nkrTpgOY1AiEAri0DXI3WN0YunHCU1hOof9OsF4kPTmXqIYrI5CUW3Cw=\"}","payload":"be27adff8a5ed0f040a91db4622ae1174bc3e895da677eb2b413c67351410350","mt":"LEDGER_HASH","sig":"MEYCIQDi2YvLsIa0zXWxuHjQxMgaZPZJm76pfcMoHIzc7cwjlgIhAP1Ghk95GTYycBaHtOSs0By3lNhGRlRX+iUT5Y\/z5iWm","nonce":171026667,"seq":0,"tot":0}]
03-02 10:32:12.026 22845 23181 D RegistrationHandler: FULL_LEDGER 171026667
03-02 10:32:12.085 22845 23143 D MulticastServer: Received hash from 3@test.com: be27adff8a5ed0f040a91db4622ae1174bc3e895da677eb2b413c67351410350
03-02 10:32:12.091 22845 23181 D RegistrationHandler: FULL_LEDGER 171026667
03-02 10:32:12.109 22845 23181 D RegistrationHandler: ACCEPTED_LEDGER 171026667 4
03-02 10:32:12.114 22845 23181 D MulticastServer: Registration process finished: 171026667
03-02 10:32:12.195 22845 23181 D MulticastServer: Broadcast block received {"ip":"192.168.1.90","cert":"MIIBKDCB0KADAgECAhQZbAmWWVr2VWp+hFAg1X7cJgO4sTAKBggqhkjOPQQDAjAVMRMwEQYDVQQDDApUVE00OTA1IENBMB4XDTIyMDMwMjA4MDg0NVoXDTIyMDQwMTA4MDg0NVowFTETMBEGA1UEAwwKMUB0ZXN0LmNvbTBZMBMGByqGSM49AgEGCCqGSM49AwEHA0IABM7xqjGMR7J9YHsC1Nm1FVwXeRWX2YBLnrPvjQWFuNoFCn6ZLLlFcCzFVHJJP3qKi5y+NQjSRLB7AWHDUv+DNT0wCgYIKoZIzj0EAwIDRwAwRAIgJih2I7KaHzCQQafhi8S+ulGfbkwGvOEmNjqTUInGhcUCIBGEnZPXeVvz1i5p7m0Y12Se4ZiumkNaeIWdn7SbRoir"}
03-02 10:32:12.606 22845 23181 D MulticastServer: Broadcast block received {"ip":"192.168.1.90","cert":"MIIBKDCB0KADAgECAhQZbAmWWVr2VWp+hFAg1X7cJgO4sTAKBggqhkjOPQQDAjAVMRMwEQYDVQQDDApUVE00OTA1IENBMB4XDTIyMDMwMjA4MDg0NVoXDTIyMDQwMTA4MDg0NVowFTETMBEGA1UEAwwKMUB0ZXN0LmNvbTBZMBMGByqGSM49AgEGCCqGSM49AwEHA0IABM7xqjGMR7J9YHsC1Nm1FVwXeRWX2YBLnrPvjQWFuNoFCn6ZLLlFcCzFVHJJP3qKi5y+NQjSRLB7AWHDUv+DNT0wCgYIKoZIzj0EAwIDRwAwRAIgJih2I7KaHzCQQafhi8S+ulGfbkwGvOEmNjqTUInGhcUCIBGEnZPXeVvz1i5p7m0Y12Se4ZiumkNaeIWdn7SbRoir"}
03-02 10:32:13.016 22845 23150 D MulticastServer: Broadcast block received {"ip":"192.168.1.90","cert":"MIIBKDCB0KADAgECAhQZbAmWWVr2VWp+hFAg1X7cJgO4sTAKBggqhkjOPQQDAjAVMRMwEQYDVQQDDApUVE00OTA1IENBMB4XDTIyMDMwMjA4MDg0NVoXDTIyMDQwMTA4MDg0NVowFTETMBEGA1UEAwwKMUB0ZXN0LmNvbTBZMBMGByqGSM49AgEGCCqGSM49AwEHA0IABM7xqjGMR7J9YHsC1Nm1FVwXeRWX2YBLnrPvjQWFuNoFCn6ZLLlFcCzFVHJJP3qKi5y+NQjSRLB7AWHDUv+DNT0wCgYIKoZIzj0EAwIDRwAwRAIgJih2I7KaHzCQQafhi8S+ulGfbkwGvOEmNjqTUInGhcUCIBGEnZPXeVvz1i5p7m0Y12Se4ZiumkNaeIWdn7SbRoir"}
03-02 10:32:26.945 22845 23150 D MulticastServer: Registration process started with nonce: 1161772477
03-02 10:32:26.950 22845 23150 D MulticastServer: Received request for ledger with nonce: 1161772477.
03-02 10:32:27.024 22845 23181 D MulticastClient: Sent messages: [{"sender":"{\"ip\":\"192.168.1.102\",\"cert\":\"MIIBKjCB0KADAgECAhQ4Y7ju1gF20HgInu21PT9KBF9GTjAKBggqhkjOPQQDAjAVMRMwEQYDVQQDDApUVE00OTA1IENBMB4XDTIyMDMwMjA4MTMwOFoXDTIyMDQwMTA4MTMwOFowFTETMBEGA1UEAwwKMkB0ZXN0LmNvbTBZMBMGByqGSM49AgEGCCqGSM49AwEHA0IABDX5T5uShCqkaYlTAy\/9VnhpRfnnSG2sAgctv3by+PKya\/r2mK8OJaQoxOgtLPG0ySplNzqjftpvpo9Bjvd0g+8wCgYIKoZIzj0EAwIDSQAwRgIhANJZaiGCzyMc0M9Mg6RUCQNvccvHzRriGV1nkrTpgOY1AiEAri0DXI3WN0YunHCU1hOof9OsF4kPTmXqIYrI5CUW3Cw=\"}","payload":"537b0ea31ebf925fa5c6af9ab92c308acf3f1c601d20463bf1d7cd5ee43e5ef4","mt":"LEDGER_HASH","sig":"MEYCIQCkBTP8yewzoWoXUPxUIKSC+1OsY1\/LIjNvY1lfJUU\/sAIhAJgR1WirwOMsTK3CXm02kqzxY5qr5J1ccA9gz5+N8XoW","nonce":1161772477,"seq":0,"tot":0}]
03-02 10:32:27.114 22845 23143 D RegistrationHandler: FULL_LEDGER 1161772477
03-02 10:32:27.154 22845 23143 D MulticastServer: Received hash from 3@test.com: 537b0ea31ebf925fa5c6af9ab92c308acf3f1c601d20463bf1d7cd5ee43e5ef4
03-02 10:32:27.159 22845 23150 D MulticastServer: Received hash from 1@test.com: 537b0ea31ebf925fa5c6af9ab92c308acf3f1c601d20463bf1d7cd5ee43e5ef4
03-02 10:32:27.926 22845 23181 D MulticastServer: Received hash from 3@test.com: 537b0ea31ebf925fa5c6af9ab92c308acf3f1c601d20463bf1d7cd5ee43e5ef4
03-02 10:32:28.016 22845 23150 D RegistrationHandler: FULL_LEDGER 1161772477
03-02 10:32:28.016 22845 23181 D RegistrationHandler: FULL_LEDGER 1161772477
03-02 10:32:28.020 22845 23143 D RegistrationHandler: FULL_LEDGER 1161772477
03-02 10:32:28.042 22845 23181 D RegistrationHandler: ACCEPTED_LEDGER 1161772477 5
03-02 10:32:28.042 22845 23150 D RegistrationHandler: ACCEPTED_LEDGER 1161772477 5
03-02 10:32:28.044 22845 23143 D RegistrationHandler: ACCEPTED_LEDGER 1161772477 5
03-02 10:32:28.046 22845 23181 D MulticastServer: Registration process finished: 1161772477
03-02 10:32:36.978 22845 23150 D MulticastServer: Broadcast block received {"ip":"192.168.1.97","cert":"MIIBKTCB0KADAgECAhQa8Bd7lH/BLTyi7ywd3y9YYSzkrDAKBggqhkjOPQQDAjAVMRMwEQYDVQQDDApUVE00OTA1IENBMB4XDTIyMDMwMTE0MDczNloXDTIyMDMzMTE0MDczNlowFTETMBEGA1UEAwwKNEB0ZXN0LmNvbTBZMBMGByqGSM49AgEGCCqGSM49AwEHA0IABFrZCEM2z1G1fZpGXj9xAJVyw+42wNc+1Oh3OKk5VRIc59yR1r148usPgG5mreOanaKvWR1KjIOl3HTLksn8RnowCgYIKoZIzj0EAwIDSAAwRQIhAKAKAwK83UAGas8l7ThnEHKwV0I7DisWJ0yDYNVZVUusAiAzZGLYe63aJer14gingjWvIIMLb+EEx1ysVZJxKqm6iw=="}
03-02 10:32:37.797 22845 23150 D MulticastServer: Broadcast block received {"ip":"192.168.1.97","cert":"MIIBKTCB0KADAgECAhQa8Bd7lH/BLTyi7ywd3y9YYSzkrDAKBggqhkjOPQQDAjAVMRMwEQYDVQQDDApUVE00OTA1IENBMB4XDTIyMDMwMTE0MDczNloXDTIyMDMzMTE0MDczNlowFTETMBEGA1UEAwwKNEB0ZXN0LmNvbTBZMBMGByqGSM49AgEGCCqGSM49AwEHA0IABFrZCEM2z1G1fZpGXj9xAJVyw+42wNc+1Oh3OKk5VRIc59yR1r148usPgG5mreOanaKvWR1KjIOl3HTLksn8RnowCgYIKoZIzj0EAwIDSAAwRQIhAKAKAwK83UAGas8l7ThnEHKwV0I7DisWJ0yDYNVZVUusAiAzZGLYe63aJer14gingjWvIIMLb+EEx1ysVZJxKqm6iw=="}
round 9 of 10
03-02 10:32:46.696 22986 23250 D MulticastServer: MULTICAST_SERVER_LISTENING
03-02 10:32:46.702 22986 23252 D MulticastServer: Registration process started with nonce: 1798774715
03-02 10:32:46.716 22986 23257 D MulticastClient: Sent messages: [{"sender":"","payload":"","mt":"REQUEST_LEDGER","sig":"","nonce":1798774715,"seq":0,"tot":0}]
03-02 10:32:47.710 22986 23254 D RegistrationHandler: 1798774715 Registration started
03-02 10:32:47.751 22986 23254 D MulticastServer: Registration process finished: 1798774715
03-02 10:32:47.762 22986 23257 D MulticastClient: Sent messages: [{"sender":"2@test.com","payload":"{\"ip\":\"192.168.1.102\",\"cert\":\"MIIBKjCB0KADAgECAhQ4Y7ju1gF20HgInu21PT9KBF9GTjAKBggqhkjOPQQDAjAVMRMwEQYDVQQDDApUVE00OTA1IENBMB4XDTIyMDMwMjA4MTMwOFoXDTIyMDQwMTA4MTMwOFowFTETMBEGA1UEAwwKMkB0ZXN0LmNvbTBZMBMGByqGSM49AgEGCCqGSM49AwEHA0IABDX5T5uShCqkaYlTAy\/9VnhpRfnnSG2sAgctv3by+PKya\/r2mK8OJaQoxOgtLPG0ySplNzqjftpvpo9Bjvd0g+8wCgYIKoZIzj0EAwIDSQAwRgIhANJZaiGCzyMc0M9Mg6RUCQNvccvHzRriGV1nkrTpgOY1AiEAri0DXI3WN0YunHCU1hOof9OsF4kPTmXqIYrI5CUW3Cw=\"}","mt":"BROADCAST_BLOCK","sig":"MEUCID1r\/xF93A9kxUhBWozycyAvrjo+UI+aBPUZaeoNrQRuAiEAxLmx0JaWhW6gLG+ZBHkoLVuCkRIIMFuCZa\/Dk4lc5YQ=","nonce":1798774715,"seq":0,"tot":0}]
03-02 10:33:02.063 22986 23257 D MulticastServer: Registration process started with nonce: 1383407847
03-02 10:33:02.067 22986 23257 D MulticastServer: Received request for ledger with nonce: 1383407847.
03-02 10:33:02.113 22986 23259 D MulticastClient: Sent messages: [{"sender":"{\"ip\":\"192.168.1.102\",\"cert\":\"MIIBKjCB0KADAgECAhQ4Y7ju1gF20HgInu21PT9KBF9GTjAKBggqhkjOPQQDAjAVMRMwEQYDVQQDDApUVE00OTA1IENBMB4XDTIyMDMwMjA4MTMwOFoXDTIyMDQwMTA4MTMwOFowFTETMBEGA1UEAwwKMkB0ZXN0LmNvbTBZMBMGByqGSM49AgEGCCqGSM49AwEHA0IABDX5T5uShCqkaYlTAy\/9VnhpRfnnSG2sAgctv3by+PKya\/r2mK8OJaQoxOgtLPG0ySplNzqjftpvpo9Bjvd0g+8wCgYIKoZIzj0EAwIDSQAwRgIhANJZaiGCzyMc0M9Mg6RUCQNvccvHzRriGV1nkrTpgOY1AiEAri0DXI3WN0YunHCU1hOof9OsF4kPTmXqIYrI5CUW3Cw=\"}","payload":"{\"ip\":\"192.168.1.102\",\"cert\":\"MIIBKjCB0KADAgECAhQ4Y7ju1gF20HgInu21PT9KBF9GTjAKBggqhkjOPQQDAjAVMRMwEQYDVQQDDApUVE00OTA1IENBMB4XDTIyMDMwMjA4MTMwOFoXDTIyMDQwMTA4MTMwOFowFTETMBEGA1UEAwwKMkB0ZXN0LmNvbTBZMBMGByqGSM49AgEGCCqGSM49AwEHA0IABDX5T5uShCqkaYlTAy\/9VnhpRfnnSG2sAgctv3by+PKya\/r2mK8OJaQoxOgtLPG0ySplNzqjftpvpo9Bjvd0g+8wCgYIKoZIzj0EAwIDSQAwRgIhANJZaiGCzyMc0M9Mg6RUCQNvccvHzRriGV1nkrTpgOY1AiEAri0DXI3WN0YunHCU1hOof9OsF4kPTmXqIYrI5CUW3Cw=\"}","mt":"FULL_LEDGER","sig":"MEYCIQC8wu5m9\/m77gWTqM955JTXQT6Ni6k68TgKuGVSWSYZdQIhAIaxA+TRmyZY1QMm+GEs+k1GrOROSn7o0GjFnrtBD8i0","nonce":1383407847,"seq":0,"tot":0}]
03-02 10:33:12.102 22986 23259 D MulticastServer: Broadcast block received {"ip":"192.168.1.150","cert":"MIIBKTCB0KADAgECAhQx2drGMEbzx2qb3kW8xg1ERD77ejAKBggqhkjOPQQDAjAVMRMwEQYDVQQDDApUVE00OTA1IENBMB4XDTIyMDMwMTE0MDYwNloXDTIyMDMzMTE0MDYwNlowFTETMBEGA1UEAwwKM0B0ZXN0LmNvbTBZMBMGByqGSM49AgEGCCqGSM49AwEHA0IABC+xOTkmX6a0H6eidB85Da0CbmYg10XwNz19SCaEheU1Pnhjz+I+DyVNXvPft4T5YY/Na+qO1xeH4N82RLPGZG4wCgYIKoZIzj0EAwIDSAAwRQIhAKM4Xl1DGHfOv0umGOVlytMmTlJ1lGbeQ1ln5eQsN/WUAiAXF9+WZLpST68j+XxOh/6IwCRmaU38MkDIIKAlomW4dg=="}
03-02 10:33:12.128 22986 23275 D RegistrationHandler: ACCEPTED_LEDGER 1383407847 1
03-02 10:33:12.136 22986 23275 D MulticastServer: Registration process finished: 1383407847
03-02 10:33:12.511 22986 23259 D MulticastServer: Broadcast block received {"ip":"192.168.1.150","cert":"MIIBKTCB0KADAgECAhQx2drGMEbzx2qb3kW8xg1ERD77ejAKBggqhkjOPQQDAjAVMRMwEQYDVQQDDApUVE00OTA1IENBMB4XDTIyMDMwMTE0MDYwNloXDTIyMDMzMTE0MDYwNlowFTETMBEGA1UEAwwKM0B0ZXN0LmNvbTBZMBMGByqGSM49AgEGCCqGSM49AwEHA0IABC+xOTkmX6a0H6eidB85Da0CbmYg10XwNz19SCaEheU1Pnhjz+I+DyVNXvPft4T5YY/Na+qO1xeH4N82RLPGZG4wCgYIKoZIzj0EAwIDSAAwRQIhAKM4Xl1DGHfOv0umGOVlytMmTlJ1lGbeQ1ln5eQsN/WUAiAXF9+WZLpST68j+XxOh/6IwCRmaU38MkDIIKAlomW4dg=="}
03-02 10:33:12.922 22986 23259 D MulticastServer: Broadcast block received {"ip":"192.168.1.150","cert":"MIIBKTCB0KADAgECAhQx2drGMEbzx2qb3kW8xg1ERD77ejAKBggqhkjOPQQDAjAVMRMwEQYDVQQDDApUVE00OTA1IENBMB4XDTIyMDMwMTE0MDYwNloXDTIyMDMzMTE0MDYwNlowFTETMBEGA1UEAwwKM0B0ZXN0LmNvbTBZMBMGByqGSM49AgEGCCqGSM49AwEHA0IABC+xOTkmX6a0H6eidB85Da0CbmYg10XwNz19SCaEheU1Pnhjz+I+DyVNXvPft4T5YY/Na+qO1xeH4N82RLPGZG4wCgYIKoZIzj0EAwIDSAAwRQIhAKM4Xl1DGHfOv0umGOVlytMmTlJ1lGbeQ1ln5eQsN/WUAiAXF9+WZLpST68j+XxOh/6IwCRmaU38MkDIIKAlomW4dg=="}
03-02 10:33:17.119 22986 23259 D MulticastServer: Registration process started with nonce: 1987171943
03-02 10:33:17.123 22986 23259 D MulticastServer: Received request for ledger with nonce: 1987171943.
03-02 10:33:17.189 22986 23257 D MulticastClient: Sent messages: [{"sender":"{\"ip\":\"192.168.1.102\",\"cert\":\"MIIBKjCB0KADAgECAhQ4Y7ju1gF20HgInu21PT9KBF9GTjAKBggqhkjOPQQDAjAVMRMwEQYDVQQDDApUVE00OTA1IENBMB4XDTIyMDMwMjA4MTMwOFoXDTIyMDQwMTA4MTMwOFowFTETMBEGA1UEAwwKMkB0ZXN0LmNvbTBZMBMGByqGSM49AgEGCCqGSM49AwEHA0IABDX5T5uShCqkaYlTAy\/9VnhpRfnnSG2sAgctv3by+PKya\/r2mK8OJaQoxOgtLPG0ySplNzqjftpvpo9Bjvd0g+8wCgYIKoZIzj0EAwIDSQAwRgIhANJZaiGCzyMc0M9Mg6RUCQNvccvHzRriGV1nkrTpgOY1AiEAri0DXI3WN0YunHCU1hOof9OsF4kPTmXqIYrI5CUW3Cw=\"}","payload":"{\"ip\":\"192.168.1.102\",\"cert\":\"MIIBKjCB0KADAgECAhQ4Y7ju1gF20HgInu21PT9KBF9GTjAKBggqhkjOPQQDAjAVMRMwEQYDVQQDDApUVE00OTA1IENBMB4XDTIyMDMwMjA4MTMwOFoXDTIyMDQwMTA4MTMwOFowFTETMBEGA1UEAwwKMkB0ZXN0LmNvbTBZMBMGByqGSM49AgEGCCqGSM49AwEHA0IABDX5T5uShCqkaYlTAy\/9VnhpRfnnSG2sAgctv3by+PKya\/r2mK8OJaQoxOgtLPG0ySplNzqjftpvpo9Bjvd0g+8wCgYIKoZIzj0EAwIDSQAwRgIhANJZaiGCzyMc0M9Mg6RUCQNvccvHzRriGV1nkrTpgOY1AiEAri0DXI3WN0YunHCU1hOof9OsF4kPTmXqIYrI5CUW3Cw=\"}","mt":"FULL_LEDGER","sig":"MEUCIEPUkSoiYY6yP+5OgxDzRhVCoxsYeHPMKwEORGeGOLEvAiEAmKToDIyj53FO1yTi\/NDjaw0AOPmBWEOELl1b65puPmI=","nonce":1987171943,"seq":0,"tot":1}, {"sender":"2@test.com","payload":"{\"ip\":\"192.168.1.150\",\"cert\":\"MIIBKTCB0KADAgECAhQx2drGMEbzx2qb3kW8xg1ERD77ejAKBggqhkjOPQQDAjAVMRMwEQYDVQQDDApUVE00OTA1IENBMB4XDTIyMDMwMTE0MDYwNloXDTIyMDMzMTE0MDYwNlowFTETMBEGA1UEAwwKM0B0ZXN0LmNvbTBZMBMGByqGSM49AgEGCCqGSM49AwEHA0IABC+xOTkmX6a0H6eidB85Da0CbmYg10XwNz19SCaEheU1Pnhjz+I+DyVNXvPft4T5YY\/Na+qO1xeH4N82RLPGZG4wCgYIKoZIzj0EAwIDSAAwRQIhAKM4Xl1DGHfOv0umGOVlytMmTlJ1lGbeQ1ln5eQsN\/WUAiAXF9+WZLpST68j+XxOh\/6IwCRmaU38MkDIIKAlomW4dg==\"}","mt":"FULL_LEDGER","sig":"MEUCIQCHSdqzfAR02LAgE0FW\/q65PThx6WlN4Z5XU6oR90FUYQIgZEankeTWaBCBFxxafltPJ\/Q\/S4S7xKDxW\/EimCkvGBE=","nonce":1987171943,"seq":1,"tot":1}]
03-02 10:33:17.280 22986 23256 D RegistrationHandler: FULL_LEDGER 1987171943
03-02 10:33:17.793 22986 23284 D RegistrationHandler: FULL_LEDGER 1987171943
03-02 10:33:17.827 22986 23284 D RegistrationHandler: ACCEPTED_LEDGER 1987171943 2
03-02 10:33:17.835 22986 23284 D MulticastServer: Registration process finished: 1987171943
03-02 10:33:18.553 22986 23259 D MulticastServer: Broadcast block received {"ip":"192.168.1.96","cert":"MIIBKjCB0KADAgECAhQFGtbY2BBfIilHmVHfmz1ibePqCTAKBggqhkjOPQQDAjAVMRMwEQYDVQQDDApUVE00OTA1IENBMB4XDTIyMDMwMTE0MDg1MVoXDTIyMDMzMTE0MDg1MVowFTETMBEGA1UEAwwKNUB0ZXN0LmNvbTBZMBMGByqGSM49AgEGCCqGSM49AwEHA0IABM0SKT7roPGNC1d52qLjFf8A++6+ejGXhEz/RZOJFR1j7rRmQIgaxqH+EAJzNBYhPBDjl1Sf/Lsjr0vAoPml3eUwCgYIKoZIzj0EAwIDSQAwRgIhAPcOKfuB+KByJXxphcvx1eVN2EVlksqOSofHq3BTh+oSAiEA7+Kmz9U75Bg3JXvTLGnz/X5DqCaZD0GxKGePXFq7DUE="}
03-02 10:33:18.961 22986 23259 D MulticastServer: Broadcast block received {"ip":"192.168.1.96","cert":"MIIBKjCB0KADAgECAhQFGtbY2BBfIilHmVHfmz1ibePqCTAKBggqhkjOPQQDAjAVMRMwEQYDVQQDDApUVE00OTA1IENBMB4XDTIyMDMwMTE0MDg1MVoXDTIyMDMzMTE0MDg1MVowFTETMBEGA1UEAwwKNUB0ZXN0LmNvbTBZMBMGByqGSM49AgEGCCqGSM49AwEHA0IABM0SKT7roPGNC1d52qLjFf8A++6+ejGXhEz/RZOJFR1j7rRmQIgaxqH+EAJzNBYhPBDjl1Sf/Lsjr0vAoPml3eUwCgYIKoZIzj0EAwIDSQAwRgIhAPcOKfuB+KByJXxphcvx1eVN2EVlksqOSofHq3BTh+oSAiEA7+Kmz9U75Bg3JXvTLGnz/X5DqCaZD0GxKGePXFq7DUE="}
03-02 10:33:31.557 22986 23259 D MulticastServer: Registration process started with nonce: 967244055
03-02 10:33:31.561 22986 23259 D MulticastServer: Received request for ledger with nonce: 967244055.
03-02 10:33:31.629 22986 23257 D MulticastClient: Sent messages: [{"sender":"{\"ip\":\"192.168.1.102\",\"cert\":\"MIIBKjCB0KADAgECAhQ4Y7ju1gF20HgInu21PT9KBF9GTjAKBggqhkjOPQQDAjAVMRMwEQYDVQQDDApUVE00OTA1IENBMB4XDTIyMDMwMjA4MTMwOFoXDTIyMDQwMTA4MTMwOFowFTETMBEGA1UEAwwKMkB0ZXN0LmNvbTBZMBMGByqGSM49AgEGCCqGSM49AwEHA0IABDX5T5uShCqkaYlTAy\/9VnhpRfnnSG2sAgctv3by+PKya\/r2mK8OJaQoxOgtLPG0ySplNzqjftpvpo9Bjvd0g+8wCgYIKoZIzj0EAwIDSQAwRgIhANJZaiGCzyMc0M9Mg6RUCQNvccvHzRriGV1nkrTpgOY1AiEAri0DXI3WN0YunHCU1hOof9OsF4kPTmXqIYrI5CUW3Cw=\"}","payload":"311d1114a8fbdc49f81b8496ad90e469e40617b8bd7639123916618b1a6a1fda","mt":"LEDGER_HASH","sig":"MEQCIHRSdLuvffE1yH5uq8g4pZ\/UZ+WChGZr76c7GXjkPidbAiAc7jagvT\/6Zo4F2XSSI+QcOqF2x3AWaFtmexazc5T8XQ==","nonce":967244055,"seq":0,"tot":0}]
03-02 10:33:31.697 22986 23284 D RegistrationHandler: FULL_LEDGER 967244055
03-02 10:33:32.585 22986 23257 D MulticastServer: Broadcast block received {"ip":"192.168.1.126","cert":"MIIBKTCB0KADAgECAhRYB2Z/cqTmwQTbrhYf9v5lzVW+YjAKBggqhkjOPQQDAjAVMRMwEQYDVQQDDApUVE00OTA1IENBMB4XDTIyMDMwMTE0MTYzNVoXDTIyMDMzMTE0MTYzNVowFTETMBEGA1UEAwwKNkB0ZXN0LmNvbTBZMBMGByqGSM49AgEGCCqGSM49AwEHA0IABAYvxEyQgnJqCupzRJy6aDpuP4erW5GpSxzJ8zvy/WUXQAxLhv+z1Ufnl8ibD+dvXyRrW5CWmfEfUDbHIrhH0RYwCgYIKoZIzj0EAwIDSAAwRQIgORT+4WycNDSTneeqB9XlWe9PgCi139fukuacTIRzFHMCIQCn0eHVbKOQuveD+6D+8mZsMSWoUK/4EEnmk+W3T8NSXw=="}
03-02 10:33:41.592 22986 23286 D RegistrationHandler: ACCEPTED_LEDGER 967244055 3
03-02 10:33:41.598 22986 23286 D MulticastServer: Registration process finished: 967244055
03-02 10:33:46.711 22986 23257 D MulticastServer: Registration process started with nonce: 1810506714
03-02 10:33:46.716 22986 23257 D MulticastServer: Received request for ledger with nonce: 1810506714.
03-02 10:33:46.787 22986 23284 D MulticastClient: Sent messages: [{"sender":"{\"ip\":\"192.168.1.102\",\"cert\":\"MIIBKjCB0KADAgECAhQ4Y7ju1gF20HgInu21PT9KBF9GTjAKBggqhkjOPQQDAjAVMRMwEQYDVQQDDApUVE00OTA1IENBMB4XDTIyMDMwMjA4MTMwOFoXDTIyMDQwMTA4MTMwOFowFTETMBEGA1UEAwwKMkB0ZXN0LmNvbTBZMBMGByqGSM49AgEGCCqGSM49AwEHA0IABDX5T5uShCqkaYlTAy\/9VnhpRfnnSG2sAgctv3by+PKya\/r2mK8OJaQoxOgtLPG0ySplNzqjftpvpo9Bjvd0g+8wCgYIKoZIzj0EAwIDSQAwRgIhANJZaiGCzyMc0M9Mg6RUCQNvccvHzRriGV1nkrTpgOY1AiEAri0DXI3WN0YunHCU1hOof9OsF4kPTmXqIYrI5CUW3Cw=\"}","payload":"be27adff8a5ed0f040a91db4622ae1174bc3e895da677eb2b413c67351410350","mt":"LEDGER_HASH","sig":"MEUCIFGEDEsy7vX6Gj7CEGAH88+df5ar4OyJy9ZJqwK8a6c1AiEA9mxlv4C6Ft+XZ8WaXEfnNvfAY0q1vmWKwgLfqvxVmvs=","nonce":1810506714,"seq":0,"tot":0}]
03-02 10:33:47.024 22986 23259 D MulticastServer: Broadcast block received {"ip":"192.168.1.90","cert":"MIIBKDCB0KADAgECAhQZbAmWWVr2VWp+hFAg1X7cJgO4sTAKBggqhkjOPQQDAjAVMRMwEQYDVQQDDApUVE00OTA1IENBMB4XDTIyMDMwMjA4MDg0NVoXDTIyMDQwMTA4MDg0NVowFTETMBEGA1UEAwwKMUB0ZXN0LmNvbTBZMBMGByqGSM49AgEGCCqGSM49AwEHA0IABM7xqjGMR7J9YHsC1Nm1FVwXeRWX2YBLnrPvjQWFuNoFCn6ZLLlFcCzFVHJJP3qKi5y+NQjSRLB7AWHDUv+DNT0wCgYIKoZIzj0EAwIDRwAwRAIgJih2I7KaHzCQQafhi8S+ulGfbkwGvOEmNjqTUInGhcUCIBGEnZPXeVvz1i5p7m0Y12Se4ZiumkNaeIWdn7SbRoir"}
03-02 10:33:47.267 22986 23257 D MulticastServer: Received hash from 3@test.com: be27adff8a5ed0f040a91db4622ae1174bc3e895da677eb2b413c67351410350
03-02 10:33:47.280 22986 23259 D RegistrationHandler: FULL_LEDGER 1810506714
03-02 10:33:47.283 22986 23256 D RegistrationHandler: FULL_LEDGER 1810506714
03-02 10:33:47.301 22986 23259 D RegistrationHandler: ACCEPTED_LEDGER 1810506714 4
03-02 10:33:47.306 22986 23256 D RegistrationHandler: ACCEPTED_LEDGER 1810506714 4
03-02 10:33:47.306 22986 23257 D RegistrationHandler: FULL_LEDGER 1810506714
03-02 10:33:47.310 22986 23256 D MulticastServer: Registration process finished: 1810506714
03-02 10:33:47.316 22986 23257 D RegistrationHandler: ACCEPTED_LEDGER 1810506714 4
03-02 10:33:47.838 22986 23284 D MulticastServer: Broadcast block received {"ip":"192.168.1.90","cert":"MIIBKDCB0KADAgECAhQZbAmWWVr2VWp+hFAg1X7cJgO4sTAKBggqhkjOPQQDAjAVMRMwEQYDVQQDDApUVE00OTA1IENBMB4XDTIyMDMwMjA4MDg0NVoXDTIyMDQwMTA4MDg0NVowFTETMBEGA1UEAwwKMUB0ZXN0LmNvbTBZMBMGByqGSM49AgEGCCqGSM49AwEHA0IABM7xqjGMR7J9YHsC1Nm1FVwXeRWX2YBLnrPvjQWFuNoFCn6ZLLlFcCzFVHJJP3qKi5y+NQjSRLB7AWHDUv+DNT0wCgYIKoZIzj0EAwIDRwAwRAIgJih2I7KaHzCQQafhi8S+ulGfbkwGvOEmNjqTUInGhcUCIBGEnZPXeVvz1i5p7m0Y12Se4ZiumkNaeIWdn7SbRoir"}
03-02 10:34:01.764 22986 23284 D MulticastServer: Registration process started with nonce: 1356793558
03-02 10:34:01.770 22986 23284 D MulticastServer: Received request for ledger with nonce: 1356793558.
03-02 10:34:01.845 22986 23257 D MulticastClient: Sent messages: [{"sender":"{\"ip\":\"192.168.1.102\",\"cert\":\"MIIBKjCB0KADAgECAhQ4Y7ju1gF20HgInu21PT9KBF9GTjAKBggqhkjOPQQDAjAVMRMwEQYDVQQDDApUVE00OTA1IENBMB4XDTIyMDMwMjA4MTMwOFoXDTIyMDQwMTA4MTMwOFowFTETMBEGA1UEAwwKMkB0ZXN0LmNvbTBZMBMGByqGSM49AgEGCCqGSM49AwEHA0IABDX5T5uShCqkaYlTAy\/9VnhpRfnnSG2sAgctv3by+PKya\/r2mK8OJaQoxOgtLPG0ySplNzqjftpvpo9Bjvd0g+8wCgYIKoZIzj0EAwIDSQAwRgIhANJZaiGCzyMc0M9Mg6RUCQNvccvHzRriGV1nkrTpgOY1AiEAri0DXI3WN0YunHCU1hOof9OsF4kPTmXqIYrI5CUW3Cw=\"}","payload":"537b0ea31ebf925fa5c6af9ab92c308acf3f1c601d20463bf1d7cd5ee43e5ef4","mt":"LEDGER_HASH","sig":"MEYCIQCR4\/RtbPsw67W8\/AW5k9ky8xAkoHptRJ\/IPaXAQ7DePQIhAIhkOcKt+yQwC5AyJR1OOBlRKq8humycv+TnErBWYcrJ","nonce":1356793558,"seq":0,"tot":0}]
03-02 10:34:01.904 22986 23256 D MulticastServer: Received hash from 3@test.com: 537b0ea31ebf925fa5c6af9ab92c308acf3f1c601d20463bf1d7cd5ee43e5ef4
03-02 10:34:01.912 22986 23284 D RegistrationHandler: FULL_LEDGER 1356793558
03-02 10:34:01.975 22986 23284 D MulticastServer: Received hash from 1@test.com: 537b0ea31ebf925fa5c6af9ab92c308acf3f1c601d20463bf1d7cd5ee43e5ef4
03-02 10:34:02.319 22986 23284 D MulticastServer: Received hash from 3@test.com: 537b0ea31ebf925fa5c6af9ab92c308acf3f1c601d20463bf1d7cd5ee43e5ef4
03-02 10:34:02.380 22986 23284 D MulticastServer: Received hash from 1@test.com: 537b0ea31ebf925fa5c6af9ab92c308acf3f1c601d20463bf1d7cd5ee43e5ef4
03-02 10:34:02.700 22986 23257 D MulticastServer: Received hash from 3@test.com: 537b0ea31ebf925fa5c6af9ab92c308acf3f1c601d20463bf1d7cd5ee43e5ef4
03-02 10:34:02.793 22986 23285 D MulticastServer: Received hash from 1@test.com: 537b0ea31ebf925fa5c6af9ab92c308acf3f1c601d20463bf1d7cd5ee43e5ef4
03-02 10:34:02.796 22986 23257 D MulticastServer: Broadcast block received {"ip":"192.168.1.97","cert":"MIIBKTCB0KADAgECAhQa8Bd7lH/BLTyi7ywd3y9YYSzkrDAKBggqhkjOPQQDAjAVMRMwEQYDVQQDDApUVE00OTA1IENBMB4XDTIyMDMwMTE0MDczNloXDTIyMDMzMTE0MDczNlowFTETMBEGA1UEAwwKNEB0ZXN0LmNvbTBZMBMGByqGSM49AgEGCCqGSM49AwEHA0IABFrZCEM2z1G1fZpGXj9xAJVyw+42wNc+1Oh3OKk5VRIc59yR1r148usPgG5mreOanaKvWR1KjIOl3HTLksn8RnowCgYIKoZIzj0EAwIDSAAwRQIhAKAKAwK83UAGas8l7ThnEHKwV0I7DisWJ0yDYNVZVUusAiAzZGLYe63aJer14gingjWvIIMLb+EEx1ysVZJxKqm6iw=="}
03-02 10:34:11.812 22986 23294 D RegistrationHandler: ACCEPTED_LEDGER 1356793558 5
03-02 10:34:11.820 22986 23294 D MulticastServer: Registration process finished: 1356793558
round 10 of 10
03-02 10:34:22.734 23161 23358 D MulticastServer: MULTICAST_SERVER_LISTENING
03-02 10:34:22.738 23161 23360 D MulticastServer: Registration process started with nonce: 1451806195
03-02 10:34:22.746 23161 23359 D MulticastClient: Sent messages: [{"sender":"","payload":"","mt":"REQUEST_LEDGER","sig":"","nonce":1451806195,"seq":0,"tot":0}]
03-02 10:34:23.742 23161 23362 D RegistrationHandler: 1451806195 Registration started
03-02 10:34:23.775 23161 23362 D MulticastServer: Registration process finished: 1451806195
03-02 10:34:23.777 23161 23373 D MulticastClient: Sent messages: [{"sender":"2@test.com","payload":"{\"ip\":\"192.168.1.102\",\"cert\":\"MIIBKjCB0KADAgECAhQ4Y7ju1gF20HgInu21PT9KBF9GTjAKBggqhkjOPQQDAjAVMRMwEQYDVQQDDApUVE00OTA1IENBMB4XDTIyMDMwMjA4MTMwOFoXDTIyMDQwMTA4MTMwOFowFTETMBEGA1UEAwwKMkB0ZXN0LmNvbTBZMBMGByqGSM49AgEGCCqGSM49AwEHA0IABDX5T5uShCqkaYlTAy\/9VnhpRfnnSG2sAgctv3by+PKya\/r2mK8OJaQoxOgtLPG0ySplNzqjftpvpo9Bjvd0g+8wCgYIKoZIzj0EAwIDSQAwRgIhANJZaiGCzyMc0M9Mg6RUCQNvccvHzRriGV1nkrTpgOY1AiEAri0DXI3WN0YunHCU1hOof9OsF4kPTmXqIYrI5CUW3Cw=\"}","mt":"BROADCAST_BLOCK","sig":"MEUCIFzacUVVUNfAGTVaJqojTpyv8N6Aggjho7rKv25M1FNpAiEA9dVGBezucXpL2a7BCcUnp1ZzRGMg97jMMqvyz2HpSpk=","nonce":1451806195,"seq":0,"tot":0}]
03-02 10:34:38.012 23161 23373 D MulticastServer: Registration process started with nonce: 1481081070
03-02 10:34:38.015 23161 23373 D MulticastServer: Received request for ledger with nonce: 1481081070.
03-02 10:34:38.074 23161 23359 D MulticastClient: Sent messages: [{"sender":"{\"ip\":\"192.168.1.102\",\"cert\":\"MIIBKjCB0KADAgECAhQ4Y7ju1gF20HgInu21PT9KBF9GTjAKBggqhkjOPQQDAjAVMRMwEQYDVQQDDApUVE00OTA1IENBMB4XDTIyMDMwMjA4MTMwOFoXDTIyMDQwMTA4MTMwOFowFTETMBEGA1UEAwwKMkB0ZXN0LmNvbTBZMBMGByqGSM49AgEGCCqGSM49AwEHA0IABDX5T5uShCqkaYlTAy\/9VnhpRfnnSG2sAgctv3by+PKya\/r2mK8OJaQoxOgtLPG0ySplNzqjftpvpo9Bjvd0g+8wCgYIKoZIzj0EAwIDSQAwRgIhANJZaiGCzyMc0M9Mg6RUCQNvccvHzRriGV1nkrTpgOY1AiEAri0DXI3WN0YunHCU1hOof9OsF4kPTmXqIYrI5CUW3Cw=\"}","payload":"{\"ip\":\"192.168.1.102\",\"cert\":\"MIIBKjCB0KADAgECAhQ4Y7ju1gF20HgInu21PT9KBF9GTjAKBggqhkjOPQQDAjAVMRMwEQYDVQQDDApUVE00OTA1IENBMB4XDTIyMDMwMjA4MTMwOFoXDTIyMDQwMTA4MTMwOFowFTETMBEGA1UEAwwKMkB0ZXN0LmNvbTBZMBMGByqGSM49AgEGCCqGSM49AwEHA0IABDX5T5uShCqkaYlTAy\/9VnhpRfnnSG2sAgctv3by+PKya\/r2mK8OJaQoxOgtLPG0ySplNzqjftpvpo9Bjvd0g+8wCgYIKoZIzj0EAwIDSQAwRgIhANJZaiGCzyMc0M9Mg6RUCQNvccvHzRriGV1nkrTpgOY1AiEAri0DXI3WN0YunHCU1hOof9OsF4kPTmXqIYrI5CUW3Cw=\"}","mt":"FULL_LEDGER","sig":"MEUCIQDLTlPxZy1gSOId5l1vVC3TYCoC1auD5daR9jgGovnukQIgKQGbh3BDjcUH5vr240Ra34EiEElvJVCwK4ITTgKbLn4=","nonce":1481081070,"seq":0,"tot":0}]
03-02 10:34:48.055 23161 23359 D MulticastServer: Broadcast block received {"ip":"192.168.1.150","cert":"MIIBKTCB0KADAgECAhQx2drGMEbzx2qb3kW8xg1ERD77ejAKBggqhkjOPQQDAjAVMRMwEQYDVQQDDApUVE00OTA1IENBMB4XDTIyMDMwMTE0MDYwNloXDTIyMDMzMTE0MDYwNlowFTETMBEGA1UEAwwKM0B0ZXN0LmNvbTBZMBMGByqGSM49AgEGCCqGSM49AwEHA0IABC+xOTkmX6a0H6eidB85Da0CbmYg10XwNz19SCaEheU1Pnhjz+I+DyVNXvPft4T5YY/Na+qO1xeH4N82RLPGZG4wCgYIKoZIzj0EAwIDSAAwRQIhAKM4Xl1DGHfOv0umGOVlytMmTlJ1lGbeQ1ln5eQsN/WUAiAXF9+WZLpST68j+XxOh/6IwCRmaU38MkDIIKAlomW4dg=="}
03-02 10:34:48.068 23161 23384 D RegistrationHandler: ACCEPTED_LEDGER 1481081070 1
03-02 10:34:48.076 23161 23384 D MulticastServer: Registration process finished: 1481081070
03-02 10:34:48.461 23161 23359 D MulticastServer: Broadcast block received {"ip":"192.168.1.150","cert":"MIIBKTCB0KADAgECAhQx2drGMEbzx2qb3kW8xg1ERD77ejAKBggqhkjOPQQDAjAVMRMwEQYDVQQDDApUVE00OTA1IENBMB4XDTIyMDMwMTE0MDYwNloXDTIyMDMzMTE0MDYwNlowFTETMBEGA1UEAwwKM0B0ZXN0LmNvbTBZMBMGByqGSM49AgEGCCqGSM49AwEHA0IABC+xOTkmX6a0H6eidB85Da0CbmYg10XwNz19SCaEheU1Pnhjz+I+DyVNXvPft4T5YY/Na+qO1xeH4N82RLPGZG4wCgYIKoZIzj0EAwIDSAAwRQIhAKM4Xl1DGHfOv0umGOVlytMmTlJ1lGbeQ1ln5eQsN/WUAiAXF9+WZLpST68j+XxOh/6IwCRmaU38MkDIIKAlomW4dg=="}
03-02 10:34:48.870 23161 23359 D MulticastServer: Broadcast block received {"ip":"192.168.1.150","cert":"MIIBKTCB0KADAgECAhQx2drGMEbzx2qb3kW8xg1ERD77ejAKBggqhkjOPQQDAjAVMRMwEQYDVQQDDApUVE00OTA1IENBMB4XDTIyMDMwMTE0MDYwNloXDTIyMDMzMTE0MDYwNlowFTETMBEGA1UEAwwKM0B0ZXN0LmNvbTBZMBMGByqGSM49AgEGCCqGSM49AwEHA0IABC+xOTkmX6a0H6eidB85Da0CbmYg10XwNz19SCaEheU1Pnhjz+I+DyVNXvPft4T5YY/Na+qO1xeH4N82RLPGZG4wCgYIKoZIzj0EAwIDSAAwRQIhAKM4Xl1DGHfOv0umGOVlytMmTlJ1lGbeQ1ln5eQsN/WUAiAXF9+WZLpST68j+XxOh/6IwCRmaU38MkDIIKAlomW4dg=="}
03-02 10:34:53.277 23161 23359 D MulticastServer: Registration process started with nonce: 654589545
03-02 10:34:53.282 23161 23359 D MulticastServer: Received request for ledger with nonce: 654589545.
03-02 10:34:53.348 23161 23365 D MulticastClient: Sent messages: [{"sender":"{\"ip\":\"192.168.1.102\",\"cert\":\"MIIBKjCB0KADAgECAhQ4Y7ju1gF20HgInu21PT9KBF9GTjAKBggqhkjOPQQDAjAVMRMwEQYDVQQDDApUVE00OTA1IENBMB4XDTIyMDMwMjA4MTMwOFoXDTIyMDQwMTA4MTMwOFowFTETMBEGA1UEAwwKMkB0ZXN0LmNvbTBZMBMGByqGSM49AgEGCCqGSM49AwEHA0IABDX5T5uShCqkaYlTAy\/9VnhpRfnnSG2sAgctv3by+PKya\/r2mK8OJaQoxOgtLPG0ySplNzqjftpvpo9Bjvd0g+8wCgYIKoZIzj0EAwIDSQAwRgIhANJZaiGCzyMc0M9Mg6RUCQNvccvHzRriGV1nkrTpgOY1AiEAri0DXI3WN0YunHCU1hOof9OsF4kPTmXqIYrI5CUW3Cw=\"}","payload":"{\"ip\":\"192.168.1.102\",\"cert\":\"MIIBKjCB0KADAgECAhQ4Y7ju1gF20HgInu21PT9KBF9GTjAKBggqhkjOPQQDAjAVMRMwEQYDVQQDDApUVE00OTA1IENBMB4XDTIyMDMwMjA4MTMwOFoXDTIyMDQwMTA4MTMwOFowFTETMBEGA1UEAwwKMkB0ZXN0LmNvbTBZMBMGByqGSM49AgEGCCqGSM49AwEHA0IABDX5T5uShCqkaYlTAy\/9VnhpRfnnSG2sAgctv3by+PKya\/r2mK8OJaQoxOgtLPG0ySplNzqjftpvpo9Bjvd0g+8wCgYIKoZIzj0EAwIDSQAwRgIhANJZaiGCzyMc0M9Mg6RUCQNvccvHzRriGV1nkrTpgOY1AiEAri0DXI3WN0YunHCU1hOof9OsF4kPTmXqIYrI5CUW3Cw=\"}","mt":"FULL_LEDGER","sig":"MEUCIAOLwbQG8BTgY95nqlH1oeqrDFXbtF1wnyS2HUltQLzZAiEAwgH684n1LioLhq6WpU8OxRz2LoNNbu8hbXl+hUiy7P8=","nonce":654589545,"seq":0,"tot":1}, {"sender":"2@test.com","payload":"{\"ip\":\"192.168.1.150\",\"cert\":\"MIIBKTCB0KADAgECAhQx2drGMEbzx2qb3kW8xg1ERD77ejAKBggqhkjOPQQDAjAVMRMwEQYDVQQDDApUVE00OTA1IENBMB4XDTIyMDMwMTE0MDYwNloXDTIyMDMzMTE0MDYwNlowFTETMBEGA1UEAwwKM0B0ZXN0LmNvbTBZMBMGByqGSM49AgEGCCqGSM49AwEHA0IABC+xOTkmX6a0H6eidB85Da0CbmYg10XwNz19SCaEheU1Pnhjz+I+DyVNXvPft4T5YY\/Na+qO1xeH4N82RLPGZG4wCgYIKoZIzj0EAwIDSAAwRQIhAKM4Xl1DGHfOv0umGOVlytMmTlJ1lGbeQ1ln5eQsN\/WUAiAXF9+WZLpST68j+XxOh\/6IwCRmaU38MkDIIKAlomW4dg==\"}","mt":"FULL_LEDGER","sig":"MEQCIBNVUIA7qjIH94t44gAGM54xBKfQnGFfgxHcKCNhuf7EAiA0s8WLiivo+7Nu3zKReznV+ilAdtZ3LJocg8H+\/i23Gw==","nonce":654589545,"seq":1,"tot":1}]
03-02 10:34:54.375 23161 23365 D MulticastServer: Broadcast block received {"ip":"192.168.1.96","cert":"MIIBKjCB0KADAgECAhQFGtbY2BBfIilHmVHfmz1ibePqCTAKBggqhkjOPQQDAjAVMRMwEQYDVQQDDApUVE00OTA1IENBMB4XDTIyMDMwMTE0MDg1MVoXDTIyMDMzMTE0MDg1MVowFTETMBEGA1UEAwwKNUB0ZXN0LmNvbTBZMBMGByqGSM49AgEGCCqGSM49AwEHA0IABM0SKT7roPGNC1d52qLjFf8A++6+ejGXhEz/RZOJFR1j7rRmQIgaxqH+EAJzNBYhPBDjl1Sf/Lsjr0vAoPml3eUwCgYIKoZIzj0EAwIDSQAwRgIhAPcOKfuB+KByJXxphcvx1eVN2EVlksqOSofHq3BTh+oSAiEA7+Kmz9U75Bg3JXvTLGnz/X5DqCaZD0GxKGePXFq7DUE="}
03-02 10:34:54.719 23161 23365 D MulticastServer: Broadcast block received {"ip":"192.168.1.96","cert":"MIIBKjCB0KADAgECAhQFGtbY2BBfIilHmVHfmz1ibePqCTAKBggqhkjOPQQDAjAVMRMwEQYDVQQDDApUVE00OTA1IENBMB4XDTIyMDMwMTE0MDg1MVoXDTIyMDMzMTE0MDg1MVowFTETMBEGA1UEAwwKNUB0ZXN0LmNvbTBZMBMGByqGSM49AgEGCCqGSM49AwEHA0IABM0SKT7roPGNC1d52qLjFf8A++6+ejGXhEz/RZOJFR1j7rRmQIgaxqH+EAJzNBYhPBDjl1Sf/Lsjr0vAoPml3eUwCgYIKoZIzj0EAwIDSQAwRgIhAPcOKfuB+KByJXxphcvx1eVN2EVlksqOSofHq3BTh+oSAiEA7+Kmz9U75Bg3JXvTLGnz/X5DqCaZD0GxKGePXFq7DUE="}
03-02 10:34:55.120 23161 23365 D MulticastServer: Broadcast block received {"ip":"192.168.1.96","cert":"MIIBKjCB0KADAgECAhQFGtbY2BBfIilHmVHfmz1ibePqCTAKBggqhkjOPQQDAjAVMRMwEQYDVQQDDApUVE00OTA1IENBMB4XDTIyMDMwMTE0MDg1MVoXDTIyMDMzMTE0MDg1MVowFTETMBEGA1UEAwwKNUB0ZXN0LmNvbTBZMBMGByqGSM49AgEGCCqGSM49AwEHA0IABM0SKT7roPGNC1d52qLjFf8A++6+ejGXhEz/RZOJFR1j7rRmQIgaxqH+EAJzNBYhPBDjl1Sf/Lsjr0vAoPml3eUwCgYIKoZIzj0EAwIDSQAwRgIhAPcOKfuB+KByJXxphcvx1eVN2EVlksqOSofHq3BTh+oSAiEA7+Kmz9U75Bg3JXvTLGnz/X5DqCaZD0GxKGePXFq7DUE="}
03-02 10:35:03.325 23161 23391 D RegistrationHandler: ACCEPTED_LEDGER 654589545 2
03-02 10:35:03.330 23161 23391 D MulticastServer: Registration process finished: 654589545
03-02 10:35:07.509 23161 23365 D MulticastServer: Registration process started with nonce: 1076069221
03-02 10:35:07.514 23161 23365 D MulticastServer: Received request for ledger with nonce: 1076069221.
03-02 10:35:07.590 23161 23394 D MulticastClient: Sent messages: [{"sender":"{\"ip\":\"192.168.1.102\",\"cert\":\"MIIBKjCB0KADAgECAhQ4Y7ju1gF20HgInu21PT9KBF9GTjAKBggqhkjOPQQDAjAVMRMwEQYDVQQDDApUVE00OTA1IENBMB4XDTIyMDMwMjA4MTMwOFoXDTIyMDQwMTA4MTMwOFowFTETMBEGA1UEAwwKMkB0ZXN0LmNvbTBZMBMGByqGSM49AgEGCCqGSM49AwEHA0IABDX5T5uShCqkaYlTAy\/9VnhpRfnnSG2sAgctv3by+PKya\/r2mK8OJaQoxOgtLPG0ySplNzqjftpvpo9Bjvd0g+8wCgYIKoZIzj0EAwIDSQAwRgIhANJZaiGCzyMc0M9Mg6RUCQNvccvHzRriGV1nkrTpgOY1AiEAri0DXI3WN0YunHCU1hOof9OsF4kPTmXqIYrI5CUW3Cw=\"}","payload":"311d1114a8fbdc49f81b8496ad90e469e40617b8bd7639123916618b1a6a1fda","mt":"LEDGER_HASH","sig":"MEYCIQCu6oqJN2\/2lxcuz6329UMsoqGT8BlBXNHc7zo8hYJhqAIhANzIo9d2urUY6Mai7zSXsdFiiDDU6r9j\/qFBrE9Vtpkr","nonce":1076069221,"seq":0,"tot":0}]
03-02 10:35:07.641 23161 23373 D RegistrationHandler: FULL_LEDGER 1076069221
03-02 10:35:07.729 23161 23373 D RegistrationHandler: FULL_LEDGER 1076069221
03-02 10:35:08.531 23161 23365 D MulticastServer: Broadcast block received {"ip":"192.168.1.126","cert":"MIIBKTCB0KADAgECAhRYB2Z/cqTmwQTbrhYf9v5lzVW+YjAKBggqhkjOPQQDAjAVMRMwEQYDVQQDDApUVE00OTA1IENBMB4XDTIyMDMwMTE0MTYzNVoXDTIyMDMzMTE0MTYzNVowFTETMBEGA1UEAwwKNkB0ZXN0LmNvbTBZMBMGByqGSM49AgEGCCqGSM49AwEHA0IABAYvxEyQgnJqCupzRJy6aDpuP4erW5GpSxzJ8zvy/WUXQAxLhv+z1Ufnl8ibD+dvXyRrW5CWmfEfUDbHIrhH0RYwCgYIKoZIzj0EAwIDSAAwRQIgORT+4WycNDSTneeqB9XlWe9PgCi139fukuacTIRzFHMCIQCn0eHVbKOQuveD+6D+8mZsMSWoUK/4EEnmk+W3T8NSXw=="}
03-02 10:35:08.941 23161 23365 D MulticastServer: Broadcast block received {"ip":"192.168.1.126","cert":"MIIBKTCB0KADAgECAhRYB2Z/cqTmwQTbrhYf9v5lzVW+YjAKBggqhkjOPQQDAjAVMRMwEQYDVQQDDApUVE00OTA1IENBMB4XDTIyMDMwMTE0MTYzNVoXDTIyMDMzMTE0MTYzNVowFTETMBEGA1UEAwwKNkB0ZXN0LmNvbTBZMBMGByqGSM49AgEGCCqGSM49AwEHA0IABAYvxEyQgnJqCupzRJy6aDpuP4erW5GpSxzJ8zvy/WUXQAxLhv+z1Ufnl8ibD+dvXyRrW5CWmfEfUDbHIrhH0RYwCgYIKoZIzj0EAwIDSAAwRQIgORT+4WycNDSTneeqB9XlWe9PgCi139fukuacTIRzFHMCIQCn0eHVbKOQuveD+6D+8mZsMSWoUK/4EEnmk+W3T8NSXw=="}
03-02 10:35:09.354 23161 23365 D MulticastServer: Broadcast block received {"ip":"192.168.1.126","cert":"MIIBKTCB0KADAgECAhRYB2Z/cqTmwQTbrhYf9v5lzVW+YjAKBggqhkjOPQQDAjAVMRMwEQYDVQQDDApUVE00OTA1IENBMB4XDTIyMDMwMTE0MTYzNVoXDTIyMDMzMTE0MTYzNVowFTETMBEGA1UEAwwKNkB0ZXN0LmNvbTBZMBMGByqGSM49AgEGCCqGSM49AwEHA0IABAYvxEyQgnJqCupzRJy6aDpuP4erW5GpSxzJ8zvy/WUXQAxLhv+z1Ufnl8ibD+dvXyRrW5CWmfEfUDbHIrhH0RYwCgYIKoZIzj0EAwIDSAAwRQIgORT+4WycNDSTneeqB9XlWe9PgCi139fukuacTIRzFHMCIQCn0eHVbKOQuveD+6D+8mZsMSWoUK/4EEnmk+W3T8NSXw=="}
03-02 10:35:17.551 23161 23395 D RegistrationHandler: ACCEPTED_LEDGER 1076069221 3
03-02 10:35:17.557 23161 23395 D MulticastServer: Registration process finished: 1076069221
03-02 10:35:22.768 23161 23365 D MulticastServer: Registration process started with nonce: 1186046686
03-02 10:35:22.772 23161 23365 D MulticastServer: Received request for ledger with nonce: 1186046686.
03-02 10:35:22.845 23161 23359 D MulticastClient: Sent messages: [{"sender":"{\"ip\":\"192.168.1.102\",\"cert\":\"MIIBKjCB0KADAgECAhQ4Y7ju1gF20HgInu21PT9KBF9GTjAKBggqhkjOPQQDAjAVMRMwEQYDVQQDDApUVE00OTA1IENBMB4XDTIyMDMwMjA4MTMwOFoXDTIyMDQwMTA4MTMwOFowFTETMBEGA1UEAwwKMkB0ZXN0LmNvbTBZMBMGByqGSM49AgEGCCqGSM49AwEHA0IABDX5T5uShCqkaYlTAy\/9VnhpRfnnSG2sAgctv3by+PKya\/r2mK8OJaQoxOgtLPG0ySplNzqjftpvpo9Bjvd0g+8wCgYIKoZIzj0EAwIDSQAwRgIhANJZaiGCzyMc0M9Mg6RUCQNvccvHzRriGV1nkrTpgOY1AiEAri0DXI3WN0YunHCU1hOof9OsF4kPTmXqIYrI5CUW3Cw=\"}","payload":"be27adff8a5ed0f040a91db4622ae1174bc3e895da677eb2b413c67351410350","mt":"LEDGER_HASH","sig":"MEUCIQD0oqsm9D6O0myx8yv1\/tOHPuZ\/2nkfolMCIzIiitcrSAIgaPbDU4cGyB3p+qWikeWhTRquq6A4kbOD5JxDwON6th4=","nonce":1186046686,"seq":0,"tot":0}]
03-02 10:35:23.583 23161 23398 D MulticastServer: Broadcast block received {"ip":"192.168.1.90","cert":"MIIBKDCB0KADAgECAhQZbAmWWVr2VWp+hFAg1X7cJgO4sTAKBggqhkjOPQQDAjAVMRMwEQYDVQQDDApUVE00OTA1IENBMB4XDTIyMDMwMjA4MDg0NVoXDTIyMDQwMTA4MDg0NVowFTETMBEGA1UEAwwKMUB0ZXN0LmNvbTBZMBMGByqGSM49AgEGCCqGSM49AwEHA0IABM7xqjGMR7J9YHsC1Nm1FVwXeRWX2YBLnrPvjQWFuNoFCn6ZLLlFcCzFVHJJP3qKi5y+NQjSRLB7AWHDUv+DNT0wCgYIKoZIzj0EAwIDRwAwRAIgJih2I7KaHzCQQafhi8S+ulGfbkwGvOEmNjqTUInGhcUCIBGEnZPXeVvz1i5p7m0Y12Se4ZiumkNaeIWdn7SbRoir"}
03-02 10:35:23.716 23161 23398 D MulticastServer: Received hash from 3@test.com: be27adff8a5ed0f040a91db4622ae1174bc3e895da677eb2b413c67351410350
03-02 10:35:23.721 23161 23359 D RegistrationHandler: FULL_LEDGER 1186046686
03-02 10:35:23.762 23161 23359 D RegistrationHandler: FULL_LEDGER 1186046686
03-02 10:35:23.779 23161 23359 D RegistrationHandler: ACCEPTED_LEDGER 1186046686 4
03-02 10:35:23.785 23161 23359 D MulticastServer: Registration process finished: 1186046686
03-02 10:35:32.902 23161 23359 D MulticastServer: Received request for 3@test.com to send ledger with hash be27adff8a5ed0f040a91db4622ae1174bc3e895da677eb2b413c67351410350
03-02 10:35:33.310 23161 23359 D MulticastServer: Received request for 3@test.com to send ledger with hash be27adff8a5ed0f040a91db4622ae1174bc3e895da677eb2b413c67351410350
03-02 10:35:33.617 23161 23359 D MulticastServer: Received request for 3@test.com to send ledger with hash be27adff8a5ed0f040a91db4622ae1174bc3e895da677eb2b413c67351410350
03-02 10:35:33.717 23161 23359 D MulticastServer: Received request for 3@test.com to send ledger with hash be27adff8a5ed0f040a91db4622ae1174bc3e895da677eb2b413c67351410350
03-02 10:35:34.027 23161 23359 D MulticastServer: Received request for 3@test.com to send ledger with hash be27adff8a5ed0f040a91db4622ae1174bc3e895da677eb2b413c67351410350
03-02 10:35:34.126 23161 23359 D MulticastServer: Received request for 3@test.com to send ledger with hash be27adff8a5ed0f040a91db4622ae1174bc3e895da677eb2b413c67351410350
03-02 10:35:34.437 23161 23359 D MulticastServer: Received request for 3@test.com to send ledger with hash be27adff8a5ed0f040a91db4622ae1174bc3e895da677eb2b413c67351410350
03-02 10:35:34.749 23161 23359 D MulticastServer: Received request for 3@test.com to send ledger with hash be27adff8a5ed0f040a91db4622ae1174bc3e895da677eb2b413c67351410350
03-02 10:35:34.976 23161 23359 D MulticastServer: Received request for 3@test.com to send ledger with hash be27adff8a5ed0f040a91db4622ae1174bc3e895da677eb2b413c67351410350
03-02 10:35:38.124 23161 23359 D MulticastServer: Registration process started with nonce: 438417217
03-02 10:35:38.129 23161 23359 D MulticastServer: Received request for ledger with nonce: 438417217.
03-02 10:35:38.203 23161 23398 D MulticastClient: Sent messages: [{"sender":"{\"ip\":\"192.168.1.102\",\"cert\":\"MIIBKjCB0KADAgECAhQ4Y7ju1gF20HgInu21PT9KBF9GTjAKBggqhkjOPQQDAjAVMRMwEQYDVQQDDApUVE00OTA1IENBMB4XDTIyMDMwMjA4MTMwOFoXDTIyMDQwMTA4MTMwOFowFTETMBEGA1UEAwwKMkB0ZXN0LmNvbTBZMBMGByqGSM49AgEGCCqGSM49AwEHA0IABDX5T5uShCqkaYlTAy\/9VnhpRfnnSG2sAgctv3by+PKya\/r2mK8OJaQoxOgtLPG0ySplNzqjftpvpo9Bjvd0g+8wCgYIKoZIzj0EAwIDSQAwRgIhANJZaiGCzyMc0M9Mg6RUCQNvccvHzRriGV1nkrTpgOY1AiEAri0DXI3WN0YunHCU1hOof9OsF4kPTmXqIYrI5CUW3Cw=\"}","payload":"537b0ea31ebf925fa5c6af9ab92c308acf3f1c601d20463bf1d7cd5ee43e5ef4","mt":"LEDGER_HASH","sig":"MEQCIG0iOEuZqcr0\/7lQOInKcbAPycMBD\/7N8\/jagJNFyH8SAiBM3RA0K+xxlOiYF09QvL7TEO0kYeTRxEQ1haVj5PnIEQ==","nonce":438417217,"seq":0,"tot":0}]
03-02 10:35:38.265 23161 23359 D MulticastServer: Received hash from 3@test.com: 537b0ea31ebf925fa5c6af9ab92c308acf3f1c601d20463bf1d7cd5ee43e5ef4
03-02 10:35:38.283 23161 23365 D RegistrationHandler: FULL_LEDGER 438417217
03-02 10:35:38.315 23161 23365 D RegistrationHandler: FULL_LEDGER 438417217
03-02 10:35:38.328 23161 23365 D RegistrationHandler: ACCEPTED_LEDGER 438417217 5
03-02 10:35:38.333 23161 23365 D MulticastServer: Registration process finished: 438417217
03-02 10:35:38.533 23161 23365 D MulticastServer: Broadcast block received {"ip":"192.168.1.97","cert":"MIIBKTCB0KADAgECAhQa8Bd7lH/BLTyi7ywd3y9YYSzkrDAKBggqhkjOPQQDAjAVMRMwEQYDVQQDDApUVE00OTA1IENBMB4XDTIyMDMwMTE0MDczNloXDTIyMDMzMTE0MDczNlowFTETMBEGA1UEAwwKNEB0ZXN0LmNvbTBZMBMGByqGSM49AgEGCCqGSM49AwEHA0IABFrZCEM2z1G1fZpGXj9xAJVyw+42wNc+1Oh3OKk5VRIc59yR1r148usPgG5mreOanaKvWR1KjIOl3HTLksn8RnowCgYIKoZIzj0EAwIDSAAwRQIhAKAKAwK83UAGas8l7ThnEHKwV0I7DisWJ0yDYNVZVUusAiAzZGLYe63aJer14gingjWvIIMLb+EEx1ysVZJxKqm6iw=="}
03-02 10:35:38.855 23161 23365 D MulticastServer: Broadcast block received {"ip":"192.168.1.97","cert":"MIIBKTCB0KADAgECAhQa8Bd7lH/BLTyi7ywd3y9YYSzkrDAKBggqhkjOPQQDAjAVMRMwEQYDVQQDDApUVE00OTA1IENBMB4XDTIyMDMwMTE0MDczNloXDTIyMDMzMTE0MDczNlowFTETMBEGA1UEAwwKNEB0ZXN0LmNvbTBZMBMGByqGSM49AgEGCCqGSM49AwEHA0IABFrZCEM2z1G1fZpGXj9xAJVyw+42wNc+1Oh3OKk5VRIc59yR1r148usPgG5mreOanaKvWR1KjIOl3HTLksn8RnowCgYIKoZIzj0EAwIDSAAwRQIhAKAKAwK83UAGas8l7ThnEHKwV0I7DisWJ0yDYNVZVUusAiAzZGLYe63aJer14gingjWvIIMLb+EEx1ysVZJxKqm6iw=="}
