Number of rounds: 1
--------- beginning of main
--------- beginning of system
round 1 of 1
03-02 09:19:22.150 26123 26158 D MulticastServer: MULTICAST_SERVER_LISTENING
03-02 09:19:22.153 26123 26781 D MulticastServer: Registration process started with nonce: 718538361
03-02 09:19:22.174 26123 26786 D MulticastClient: Sent messages: [{"sender":"","payload":"","mt":"REQUEST_LEDGER","sig":"","nonce":718538361,"seq":0,"tot":0}]
03-02 09:19:23.165 26123 26784 D RegistrationHandler: 718538361 Registration started
03-02 09:19:23.212 26123 26784 D MulticastServer: Registration process finished: 718538361
03-02 09:19:23.230 26123 26786 D MulticastClient: Sent messages: [{"sender":"2@test.com","payload":"{\"ip\":\"192.168.1.102\",\"cert\":\"MIIBKjCB0KADAgECAhQ4Y7ju1gF20HgInu21PT9KBF9GTjAKBggqhkjOPQQDAjAVMRMwEQYDVQQDDApUVE00OTA1IENBMB4XDTIyMDMwMjA4MTMwOFoXDTIyMDQwMTA4MTMwOFowFTETMBEGA1UEAwwKMkB0ZXN0LmNvbTBZMBMGByqGSM49AgEGCCqGSM49AwEHA0IABDX5T5uShCqkaYlTAy\/9VnhpRfnnSG2sAgctv3by+PKya\/r2mK8OJaQoxOgtLPG0ySplNzqjftpvpo9Bjvd0g+8wCgYIKoZIzj0EAwIDSQAwRgIhANJZaiGCzyMc0M9Mg6RUCQNvccvHzRriGV1nkrTpgOY1AiEAri0DXI3WN0YunHCU1hOof9OsF4kPTmXqIYrI5CUW3Cw=\"}","mt":"BROADCAST_BLOCK","sig":"MEYCIQCjbPLLLHlzg3Fpk0HB7YW\/mDczuhN8Y96SL2jw6TyTtAIhAJi2EMCaGC26DtxD4nrjtKXKCoolT8Kb7zgXd54UUETn","nonce":718538361,"seq":0,"tot":0}]
03-02 09:19:37.964 26123 26786 D MulticastServer: Registration process started with nonce: 2011841373
03-02 09:19:37.970 26123 26786 D MulticastServer: Received request for ledger with nonce: 2011841373.
03-02 09:19:38.047 26123 26788 D MulticastClient: Sent messages: [{"sender":"{\"ip\":\"192.168.1.102\",\"cert\":\"MIIBKjCB0KADAgECAhQ4Y7ju1gF20HgInu21PT9KBF9GTjAKBggqhkjOPQQDAjAVMRMwEQYDVQQDDApUVE00OTA1IENBMB4XDTIyMDMwMjA4MTMwOFoXDTIyMDQwMTA4MTMwOFowFTETMBEGA1UEAwwKMkB0ZXN0LmNvbTBZMBMGByqGSM49AgEGCCqGSM49AwEHA0IABDX5T5uShCqkaYlTAy\/9VnhpRfnnSG2sAgctv3by+PKya\/r2mK8OJaQoxOgtLPG0ySplNzqjftpvpo9Bjvd0g+8wCgYIKoZIzj0EAwIDSQAwRgIhANJZaiGCzyMc0M9Mg6RUCQNvccvHzRriGV1nkrTpgOY1AiEAri0DXI3WN0YunHCU1hOof9OsF4kPTmXqIYrI5CUW3Cw=\"}","payload":"{\"ip\":\"192.168.1.102\",\"cert\":\"MIIBKjCB0KADAgECAhQ4Y7ju1gF20HgInu21PT9KBF9GTjAKBggqhkjOPQQDAjAVMRMwEQYDVQQDDApUVE00OTA1IENBMB4XDTIyMDMwMjA4MTMwOFoXDTIyMDQwMTA4MTMwOFowFTETMBEGA1UEAwwKMkB0ZXN0LmNvbTBZMBMGByqGSM49AgEGCCqGSM49AwEHA0IABDX5T5uShCqkaYlTAy\/9VnhpRfnnSG2sAgctv3by+PKya\/r2mK8OJaQoxOgtLPG0ySplNzqjftpvpo9Bjvd0g+8wCgYIKoZIzj0EAwIDSQAwRgIhANJZaiGCzyMc0M9Mg6RUCQNvccvHzRriGV1nkrTpgOY1AiEAri0DXI3WN0YunHCU1hOof9OsF4kPTmXqIYrI5CUW3Cw=\"}","mt":"FULL_LEDGER","sig":"MEYCIQCvRBhvcC8xky0biYpmjCduykN1Fpzp42+kRuhHOBH4SgIhAPlSdfy87lSosl+lWk1IbjGbhrvnWORRVhVOVu7qk8\/\/","nonce":2011841373,"seq":0,"tot":0}]
03-02 09:19:48.002 26123 26788 D MulticastServer: Broadcast block received {"ip":"192.168.1.150","cert":"MIIBKTCB0KADAgECAhQx2drGMEbzx2qb3kW8xg1ERD77ejAKBggqhkjOPQQDAjAVMRMwEQYDVQQDDApUVE00OTA1IENBMB4XDTIyMDMwMTE0MDYwNloXDTIyMDMzMTE0MDYwNlowFTETMBEGA1UEAwwKM0B0ZXN0LmNvbTBZMBMGByqGSM49AgEGCCqGSM49AwEHA0IABC+xOTkmX6a0H6eidB85Da0CbmYg10XwNz19SCaEheU1Pnhjz+I+DyVNXvPft4T5YY/Na+qO1xeH4N82RLPGZG4wCgYIKoZIzj0EAwIDSAAwRQIhAKM4Xl1DGHfOv0umGOVlytMmTlJ1lGbeQ1ln5eQsN/WUAiAXF9+WZLpST68j+XxOh/6IwCRmaU38MkDIIKAlomW4dg=="}
03-02 09:19:48.025 26123 26806 D RegistrationHandler: ACCEPTED_LEDGER 2011841373 1
03-02 09:19:48.051 26123 26806 D MulticastServer: Registration process finished: 2011841373
03-02 09:19:48.414 26123 26788 D MulticastServer: Broadcast block received {"ip":"192.168.1.150","cert":"MIIBKTCB0KADAgECAhQx2drGMEbzx2qb3kW8xg1ERD77ejAKBggqhkjOPQQDAjAVMRMwEQYDVQQDDApUVE00OTA1IENBMB4XDTIyMDMwMTE0MDYwNloXDTIyMDMzMTE0MDYwNlowFTETMBEGA1UEAwwKM0B0ZXN0LmNvbTBZMBMGByqGSM49AgEGCCqGSM49AwEHA0IABC+xOTkmX6a0H6eidB85Da0CbmYg10XwNz19SCaEheU1Pnhjz+I+DyVNXvPft4T5YY/Na+qO1xeH4N82RLPGZG4wCgYIKoZIzj0EAwIDSAAwRQIhAKM4Xl1DGHfOv0umGOVlytMmTlJ1lGbeQ1ln5eQsN/WUAiAXF9+WZLpST68j+XxOh/6IwCRmaU38MkDIIKAlomW4dg=="}
03-02 09:19:48.822 26123 26788 D MulticastServer: Broadcast block received {"ip":"192.168.1.150","cert":"MIIBKTCB0KADAgECAhQx2drGMEbzx2qb3kW8xg1ERD77ejAKBggqhkjOPQQDAjAVMRMwEQYDVQQDDApUVE00OTA1IENBMB4XDTIyMDMwMTE0MDYwNloXDTIyMDMzMTE0MDYwNlowFTETMBEGA1UEAwwKM0B0ZXN0LmNvbTBZMBMGByqGSM49AgEGCCqGSM49AwEHA0IABC+xOTkmX6a0H6eidB85Da0CbmYg10XwNz19SCaEheU1Pnhjz+I+DyVNXvPft4T5YY/Na+qO1xeH4N82RLPGZG4wCgYIKoZIzj0EAwIDSAAwRQIhAKM4Xl1DGHfOv0umGOVlytMmTlJ1lGbeQ1ln5eQsN/WUAiAXF9+WZLpST68j+XxOh/6IwCRmaU38MkDIIKAlomW4dg=="}
03-02 09:19:53.328 26123 26788 D MulticastServer: Registration process started with nonce: 1927695420
03-02 09:19:53.334 26123 26788 D MulticastServer: Received request for ledger with nonce: 1927695420.
03-02 09:19:53.406 26123 26786 D MulticastClient: Sent messages: [{"sender":"{\"ip\":\"192.168.1.102\",\"cert\":\"MIIBKjCB0KADAgECAhQ4Y7ju1gF20HgInu21PT9KBF9GTjAKBggqhkjOPQQDAjAVMRMwEQYDVQQDDApUVE00OTA1IENBMB4XDTIyMDMwMjA4MTMwOFoXDTIyMDQwMTA4MTMwOFowFTETMBEGA1UEAwwKMkB0ZXN0LmNvbTBZMBMGByqGSM49AgEGCCqGSM49AwEHA0IABDX5T5uShCqkaYlTAy\/9VnhpRfnnSG2sAgctv3by+PKya\/r2mK8OJaQoxOgtLPG0ySplNzqjftpvpo9Bjvd0g+8wCgYIKoZIzj0EAwIDSQAwRgIhANJZaiGCzyMc0M9Mg6RUCQNvccvHzRriGV1nkrTpgOY1AiEAri0DXI3WN0YunHCU1hOof9OsF4kPTmXqIYrI5CUW3Cw=\"}","payload":"{\"ip\":\"192.168.1.102\",\"cert\":\"MIIBKjCB0KADAgECAhQ4Y7ju1gF20HgInu21PT9KBF9GTjAKBggqhkjOPQQDAjAVMRMwEQYDVQQDDApUVE00OTA1IENBMB4XDTIyMDMwMjA4MTMwOFoXDTIyMDQwMTA4MTMwOFowFTETMBEGA1UEAwwKMkB0ZXN0LmNvbTBZMBMGByqGSM49AgEGCCqGSM49AwEHA0IABDX5T5uShCqkaYlTAy\/9VnhpRfnnSG2sAgctv3by+PKya\/r2mK8OJaQoxOgtLPG0ySplNzqjftpvpo9Bjvd0g+8wCgYIKoZIzj0EAwIDSQAwRgIhANJZaiGCzyMc0M9Mg6RUCQNvccvHzRriGV1nkrTpgOY1AiEAri0DXI3WN0YunHCU1hOof9OsF4kPTmXqIYrI5CUW3Cw=\"}","mt":"FULL_LEDGER","sig":"MEQCICvJmpahk9BSXTru+BmqxDek\/\/bmVOzr3okMR9q6tEVzAiAG2BgYrbLnEnM8\/lcYOV9TKhjxYFDonBPv\/y6786Y3xA==","nonce":1927695420,"seq":0,"tot":1}, {"sender":"2@test.com","payload":"{\"ip\":\"192.168.1.150\",\"cert\":\"MIIBKTCB0KADAgECAhQx2drGMEbzx2qb3kW8xg1ERD77ejAKBggqhkjOPQQDAjAVMRMwEQYDVQQDDApUVE00OTA1IENBMB4XDTIyMDMwMTE0MDYwNloXDTIyMDMzMTE0MDYwNlowFTETMBEGA1UEAwwKM0B0ZXN0LmNvbTBZMBMGByqGSM49AgEGCCqGSM49AwEHA0IABC+xOTkmX6a0H6eidB85Da0CbmYg10XwNz19SCaEheU1Pnhjz+I+DyVNXvPft4T5YY\/Na+qO1xeH4N82RLPGZG4wCgYIKoZIzj0EAwIDSAAwRQIhAKM4Xl1DGHfOv0umGOVlytMmTlJ1lGbeQ1ln5eQsN\/WUAiAXF9+WZLpST68j+XxOh\/6IwCRmaU38MkDIIKAlomW4dg==\"}","mt":"FULL_LEDGER","sig":"MEQCIEAafmDERoVG7TQD76lkSFSbwoP8iYv+wmsYtaqioS5YAiBd9x4hhbnc8\/0rm6tf2jKgbOExlzaydlZkh+U61eC\/Cg==","nonce":1927695420,"seq":1,"tot":1}]
03-02 09:19:53.602 26123 26789 D RegistrationHandler: FULL_LEDGER 1927695420
03-02 09:19:53.975 26123 26815 D RegistrationHandler: FULL_LEDGER 1927695420
03-02 09:19:53.998 26123 26815 D RegistrationHandler: ACCEPTED_LEDGER 1927695420 2
03-02 09:19:54.003 26123 26815 D MulticastServer: Registration process finished: 1927695420
03-02 09:20:03.361 26123 26786 D MulticastServer: Broadcast block received {"ip":"192.168.1.96","cert":"MIIBKjCB0KADAgECAhQFGtbY2BBfIilHmVHfmz1ibePqCTAKBggqhkjOPQQDAjAVMRMwEQYDVQQDDApUVE00OTA1IENBMB4XDTIyMDMwMTE0MDg1MVoXDTIyMDMzMTE0MDg1MVowFTETMBEGA1UEAwwKNUB0ZXN0LmNvbTBZMBMGByqGSM49AgEGCCqGSM49AwEHA0IABM0SKT7roPGNC1d52qLjFf8A++6+ejGXhEz/RZOJFR1j7rRmQIgaxqH+EAJzNBYhPBDjl1Sf/Lsjr0vAoPml3eUwCgYIKoZIzj0EAwIDSQAwRgIhAPcOKfuB+KByJXxphcvx1eVN2EVlksqOSofHq3BTh+oSAiEA7+Kmz9U75Bg3JXvTLGnz/X5DqCaZD0GxKGePXFq7DUE="}
03-02 09:20:03.771 26123 26786 D MulticastServer: Broadcast block received {"ip":"192.168.1.96","cert":"MIIBKjCB0KADAgECAhQFGtbY2BBfIilHmVHfmz1ibePqCTAKBggqhkjOPQQDAjAVMRMwEQYDVQQDDApUVE00OTA1IENBMB4XDTIyMDMwMTE0MDg1MVoXDTIyMDMzMTE0MDg1MVowFTETMBEGA1UEAwwKNUB0ZXN0LmNvbTBZMBMGByqGSM49AgEGCCqGSM49AwEHA0IABM0SKT7roPGNC1d52qLjFf8A++6+ejGXhEz/RZOJFR1j7rRmQIgaxqH+EAJzNBYhPBDjl1Sf/Lsjr0vAoPml3eUwCgYIKoZIzj0EAwIDSQAwRgIhAPcOKfuB+KByJXxphcvx1eVN2EVlksqOSofHq3BTh+oSAiEA7+Kmz9U75Bg3JXvTLGnz/X5DqCaZD0GxKGePXFq7DUE="}
03-02 09:20:04.182 26123 26786 D MulticastServer: Broadcast block received {"ip":"192.168.1.96","cert":"MIIBKjCB0KADAgECAhQFGtbY2BBfIilHmVHfmz1ibePqCTAKBggqhkjOPQQDAjAVMRMwEQYDVQQDDApUVE00OTA1IENBMB4XDTIyMDMwMTE0MDg1MVoXDTIyMDMzMTE0MDg1MVowFTETMBEGA1UEAwwKNUB0ZXN0LmNvbTBZMBMGByqGSM49AgEGCCqGSM49AwEHA0IABM0SKT7roPGNC1d52qLjFf8A++6+ejGXhEz/RZOJFR1j7rRmQIgaxqH+EAJzNBYhPBDjl1Sf/Lsjr0vAoPml3eUwCgYIKoZIzj0EAwIDSQAwRgIhAPcOKfuB+KByJXxphcvx1eVN2EVlksqOSofHq3BTh+oSAiEA7+Kmz9U75Bg3JXvTLGnz/X5DqCaZD0GxKGePXFq7DUE="}
03-02 09:20:07.884 26123 26786 D MulticastServer: Registration process started with nonce: 479388983
03-02 09:20:07.886 26123 26789 D MulticastServer: Registration process started with nonce: 479388983
03-02 09:20:08.790 26123 26786 D MulticastServer: Broadcast block received {"ip":"192.168.1.126","cert":"MIIBKTCB0KADAgECAhRYB2Z/cqTmwQTbrhYf9v5lzVW+YjAKBggqhkjOPQQDAjAVMRMwEQYDVQQDDApUVE00OTA1IENBMB4XDTIyMDMwMTE0MTYzNVoXDTIyMDMzMTE0MTYzNVowFTETMBEGA1UEAwwKNkB0ZXN0LmNvbTBZMBMGByqGSM49AgEGCCqGSM49AwEHA0IABAYvxEyQgnJqCupzRJy6aDpuP4erW5GpSxzJ8zvy/WUXQAxLhv+z1Ufnl8ibD+dvXyRrW5CWmfEfUDbHIrhH0RYwCgYIKoZIzj0EAwIDSAAwRQIgORT+4WycNDSTneeqB9XlWe9PgCi139fukuacTIRzFHMCIQCn0eHVbKOQuveD+6D+8mZsMSWoUK/4EEnmk+W3T8NSXw=="}
03-02 09:20:08.891 26123 26818 D MulticastServer: Registration process finished: 479388983
03-02 09:20:09.199 26123 26786 D MulticastServer: Broadcast block received {"ip":"192.168.1.126","cert":"MIIBKTCB0KADAgECAhRYB2Z/cqTmwQTbrhYf9v5lzVW+YjAKBggqhkjOPQQDAjAVMRMwEQYDVQQDDApUVE00OTA1IENBMB4XDTIyMDMwMTE0MTYzNVoXDTIyMDMzMTE0MTYzNVowFTETMBEGA1UEAwwKNkB0ZXN0LmNvbTBZMBMGByqGSM49AgEGCCqGSM49AwEHA0IABAYvxEyQgnJqCupzRJy6aDpuP4erW5GpSxzJ8zvy/WUXQAxLhv+z1Ufnl8ibD+dvXyRrW5CWmfEfUDbHIrhH0RYwCgYIKoZIzj0EAwIDSAAwRQIgORT+4WycNDSTneeqB9XlWe9PgCi139fukuacTIRzFHMCIQCn0eHVbKOQuveD+6D+8mZsMSWoUK/4EEnmk+W3T8NSXw=="}
03-02 09:20:22.928 26123 26786 D MulticastServer: Registration process started with nonce: 709651061
03-02 09:20:22.934 26123 26786 D MulticastServer: Received request for ledger with nonce: 709651061.
03-02 09:20:22.991 26123 26788 D MulticastClient: Sent messages: [{"sender":"{\"ip\":\"192.168.1.102\",\"cert\":\"MIIBKjCB0KADAgECAhQ4Y7ju1gF20HgInu21PT9KBF9GTjAKBggqhkjOPQQDAjAVMRMwEQYDVQQDDApUVE00OTA1IENBMB4XDTIyMDMwMjA4MTMwOFoXDTIyMDQwMTA4MTMwOFowFTETMBEGA1UEAwwKMkB0ZXN0LmNvbTBZMBMGByqGSM49AgEGCCqGSM49AwEHA0IABDX5T5uShCqkaYlTAy\/9VnhpRfnnSG2sAgctv3by+PKya\/r2mK8OJaQoxOgtLPG0ySplNzqjftpvpo9Bjvd0g+8wCgYIKoZIzj0EAwIDSQAwRgIhANJZaiGCzyMc0M9Mg6RUCQNvccvHzRriGV1nkrTpgOY1AiEAri0DXI3WN0YunHCU1hOof9OsF4kPTmXqIYrI5CUW3Cw=\"}","payload":"be27adff8a5ed0f040a91db4622ae1174bc3e895da677eb2b413c67351410350","mt":"LEDGER_HASH","sig":"MEYCIQC5zLUuGTcXx+0aM561G1Gmsl+8e1uRwmCpWW1nwQcgwgIhAMpmVT1wb2yUv9TnVrYtDFlfMoR2YIyI3uWOiWlXXtoU","nonce":709651061,"seq":0,"tot":0}]
03-02 09:20:23.072 26123 26786 D RegistrationHandler: FULL_LEDGER 709651061
03-02 09:20:23.086 26123 26789 D MulticastServer: Received hash from 3@test.com: be27adff8a5ed0f040a91db4622ae1174bc3e895da677eb2b413c67351410350
03-02 09:20:23.098 26123 26815 D RegistrationHandler: FULL_LEDGER 709651061
03-02 09:20:23.115 26123 26815 D RegistrationHandler: ACCEPTED_LEDGER 709651061 4
03-02 09:20:23.121 26123 26815 D MulticastServer: Registration process finished: 709651061
03-02 09:20:23.227 26123 26815 D MulticastServer: Broadcast block received {"ip":"192.168.1.90","cert":"MIIBKDCB0KADAgECAhQZbAmWWVr2VWp+hFAg1X7cJgO4sTAKBggqhkjOPQQDAjAVMRMwEQYDVQQDDApUVE00OTA1IENBMB4XDTIyMDMwMjA4MDg0NVoXDTIyMDQwMTA4MDg0NVowFTETMBEGA1UEAwwKMUB0ZXN0LmNvbTBZMBMGByqGSM49AgEGCCqGSM49AwEHA0IABM7xqjGMR7J9YHsC1Nm1FVwXeRWX2YBLnrPvjQWFuNoFCn6ZLLlFcCzFVHJJP3qKi5y+NQjSRLB7AWHDUv+DNT0wCgYIKoZIzj0EAwIDRwAwRAIgJih2I7KaHzCQQafhi8S+ulGfbkwGvOEmNjqTUInGhcUCIBGEnZPXeVvz1i5p7m0Y12Se4ZiumkNaeIWdn7SbRoir"}
03-02 09:20:23.636 26123 26815 D MulticastServer: Broadcast block received {"ip":"192.168.1.90","cert":"MIIBKDCB0KADAgECAhQZbAmWWVr2VWp+hFAg1X7cJgO4sTAKBggqhkjOPQQDAjAVMRMwEQYDVQQDDApUVE00OTA1IENBMB4XDTIyMDMwMjA4MDg0NVoXDTIyMDQwMTA4MDg0NVowFTETMBEGA1UEAwwKMUB0ZXN0LmNvbTBZMBMGByqGSM49AgEGCCqGSM49AwEHA0IABM7xqjGMR7J9YHsC1Nm1FVwXeRWX2YBLnrPvjQWFuNoFCn6ZLLlFcCzFVHJJP3qKi5y+NQjSRLB7AWHDUv+DNT0wCgYIKoZIzj0EAwIDRwAwRAIgJih2I7KaHzCQQafhi8S+ulGfbkwGvOEmNjqTUInGhcUCIBGEnZPXeVvz1i5p7m0Y12Se4ZiumkNaeIWdn7SbRoir"}
03-02 09:20:24.055 26123 26815 D MulticastServer: Broadcast block received {"ip":"192.168.1.90","cert":"MIIBKDCB0KADAgECAhQZbAmWWVr2VWp+hFAg1X7cJgO4sTAKBggqhkjOPQQDAjAVMRMwEQYDVQQDDApUVE00OTA1IENBMB4XDTIyMDMwMjA4MDg0NVoXDTIyMDQwMTA4MDg0NVowFTETMBEGA1UEAwwKMUB0ZXN0LmNvbTBZMBMGByqGSM49AgEGCCqGSM49AwEHA0IABM7xqjGMR7J9YHsC1Nm1FVwXeRWX2YBLnrPvjQWFuNoFCn6ZLLlFcCzFVHJJP3qKi5y+NQjSRLB7AWHDUv+DNT0wCgYIKoZIzj0EAwIDRwAwRAIgJih2I7KaHzCQQafhi8S+ulGfbkwGvOEmNjqTUInGhcUCIBGEnZPXeVvz1i5p7m0Y12Se4ZiumkNaeIWdn7SbRoir"}
03-02 09:20:38.086 26123 26815 D MulticastServer: Registration process started with nonce: 380241203
03-02 09:20:38.091 26123 26815 D MulticastServer: Received request for ledger with nonce: 380241203.
03-02 09:20:38.149 26123 26788 D MulticastClient: Sent messages: [{"sender":"{\"ip\":\"192.168.1.102\",\"cert\":\"MIIBKjCB0KADAgECAhQ4Y7ju1gF20HgInu21PT9KBF9GTjAKBggqhkjOPQQDAjAVMRMwEQYDVQQDDApUVE00OTA1IENBMB4XDTIyMDMwMjA4MTMwOFoXDTIyMDQwMTA4MTMwOFowFTETMBEGA1UEAwwKMkB0ZXN0LmNvbTBZMBMGByqGSM49AgEGCCqGSM49AwEHA0IABDX5T5uShCqkaYlTAy\/9VnhpRfnnSG2sAgctv3by+PKya\/r2mK8OJaQoxOgtLPG0ySplNzqjftpvpo9Bjvd0g+8wCgYIKoZIzj0EAwIDSQAwRgIhANJZaiGCzyMc0M9Mg6RUCQNvccvHzRriGV1nkrTpgOY1AiEAri0DXI3WN0YunHCU1hOof9OsF4kPTmXqIYrI5CUW3Cw=\"}","payload":"537b0ea31ebf925fa5c6af9ab92c308acf3f1c601d20463bf1d7cd5ee43e5ef4","mt":"LEDGER_HASH","sig":"MEUCIGv+ZcxvSk87\/FKW5061kCd\/FdRZhM\/+hJqFS46rOvggAiEAmH6\/EYcja1kB4PadVQZwb2lRWBg5MYckhNKKyre5iYA=","nonce":380241203,"seq":0,"tot":0}]
03-02 09:20:38.342 26123 26786 D MulticastServer: Received hash from 1@test.com: 537b0ea31ebf925fa5c6af9ab92c308acf3f1c601d20463bf1d7cd5ee43e5ef4
03-02 09:20:38.804 26123 26786 D MulticastServer: Received hash from 1@test.com: 537b0ea31ebf925fa5c6af9ab92c308acf3f1c601d20463bf1d7cd5ee43e5ef4
03-02 09:20:38.895 26123 26786 D MulticastServer: Broadcast block received {"ip":"192.168.1.97","cert":"MIIBKTCB0KADAgECAhQa8Bd7lH/BLTyi7ywd3y9YYSzkrDAKBggqhkjOPQQDAjAVMRMwEQYDVQQDDApUVE00OTA1IENBMB4XDTIyMDMwMTE0MDczNloXDTIyMDMzMTE0MDczNlowFTETMBEGA1UEAwwKNEB0ZXN0LmNvbTBZMBMGByqGSM49AgEGCCqGSM49AwEHA0IABFrZCEM2z1G1fZpGXj9xAJVyw+42wNc+1Oh3OKk5VRIc59yR1r148usPgG5mreOanaKvWR1KjIOl3HTLksn8RnowCgYIKoZIzj0EAwIDSAAwRQIhAKAKAwK83UAGas8l7ThnEHKwV0I7DisWJ0yDYNVZVUusAiAzZGLYe63aJer14gingjWvIIMLb+EEx1ysVZJxKqm6iw=="}
03-02 09:20:39.049 26123 26786 D RegistrationHandler: FULL_LEDGER 380241203
03-02 09:20:39.304 26123 26786 D MulticastServer: Broadcast block received {"ip":"192.168.1.97","cert":"MIIBKTCB0KADAgECAhQa8Bd7lH/BLTyi7ywd3y9YYSzkrDAKBggqhkjOPQQDAjAVMRMwEQYDVQQDDApUVE00OTA1IENBMB4XDTIyMDMwMTE0MDczNloXDTIyMDMzMTE0MDczNlowFTETMBEGA1UEAwwKNEB0ZXN0LmNvbTBZMBMGByqGSM49AgEGCCqGSM49AwEHA0IABFrZCEM2z1G1fZpGXj9xAJVyw+42wNc+1Oh3OKk5VRIc59yR1r148usPgG5mreOanaKvWR1KjIOl3HTLksn8RnowCgYIKoZIzj0EAwIDSAAwRQIhAKAKAwK83UAGas8l7ThnEHKwV0I7DisWJ0yDYNVZVUusAiAzZGLYe63aJer14gingjWvIIMLb+EEx1ysVZJxKqm6iw=="}
03-02 09:20:39.714 26123 26786 D MulticastServer: Broadcast block received {"ip":"192.168.1.97","cert":"MIIBKTCB0KADAgECAhQa8Bd7lH/BLTyi7ywd3y9YYSzkrDAKBggqhkjOPQQDAjAVMRMwEQYDVQQDDApUVE00OTA1IENBMB4XDTIyMDMwMTE0MDczNloXDTIyMDMzMTE0MDczNlowFTETMBEGA1UEAwwKNEB0ZXN0LmNvbTBZMBMGByqGSM49AgEGCCqGSM49AwEHA0IABFrZCEM2z1G1fZpGXj9xAJVyw+42wNc+1Oh3OKk5VRIc59yR1r148usPgG5mreOanaKvWR1KjIOl3HTLksn8RnowCgYIKoZIzj0EAwIDSAAwRQIhAKAKAwK83UAGas8l7ThnEHKwV0I7DisWJ0yDYNVZVUusAiAzZGLYe63aJer14gingjWvIIMLb+EEx1ysVZJxKqm6iw=="}
03-02 09:20:48.133 26123 26831 D RegistrationHandler: ACCEPTED_LEDGER 380241203 5
03-02 09:20:48.143 26123 26831 D MulticastServer: Registration process finished: 380241203
