03-02 10:30:50.935 17670 17710 D MulticastServer: Received hash from 2@test.com: fb3d2582144791721cb2709eebbe866bbf6521d82b3e217f10e253ef8d37c90d
03-02 10:30:50.942 17670 17710 D MulticastServer: Received hash from 3@test.com: 537b0ea31ebf925fa5c6af9ab92c308acf3f1c601d20463bf1d7cd5ee43e5ef4
03-02 10:30:50.966 17670 17731 D RegistrationHandler: FULL_LEDGER 2026601595
03-02 10:30:51.295 17670 17731 D MulticastServer: Received hash from 1@test.com: fb3d2582144791721cb2709eebbe866bbf6521d82b3e217f10e253ef8d37c90d
03-02 10:30:51.296 17670 17703 D MulticastServer: Received hash from 3@test.com: 537b0ea31ebf925fa5c6af9ab92c308acf3f1c601d20463bf1d7cd5ee43e5ef4
03-02 10:30:51.303 17670 17703 D MulticastServer: Received hash from 2@test.com: fb3d2582144791721cb2709eebbe866bbf6521d82b3e217f10e253ef8d37c90d
03-02 10:30:51.334 17670 17731 D RegistrationHandler: FULL_LEDGER 2026601595
03-02 10:30:51.335 17670 17703 D RegistrationHandler: FULL_LEDGER 2026601595
03-02 10:30:51.355 17670 17710 D RegistrationHandler: FULL_LEDGER 2026601595
03-02 10:30:51.359 17670 17711 D RegistrationHandler: FULL_LEDGER 2026601595
03-02 10:30:51.363 17670 17730 D RegistrationHandler: FULL_LEDGER 2026601595
03-02 10:30:51.364 17670 17703 D RegistrationHandler: FULL_LEDGER 2026601595
03-02 10:30:51.369 17670 17731 D RegistrationHandler: FULL_LEDGER 2026601595
03-02 10:31:00.271 17670 17707 D RegistrationHandler: 2026601595 Accepted hash from 1@test.com: fb3d2582144791721cb2709eebbe866bbf6521d82b3e217f10e253ef8d37c90d
03-02 10:31:00.274 17670 17709 D RegistrationHandler: 2026601595 Accepted hash from 2@test.com: fb3d2582144791721cb2709eebbe866bbf6521d82b3e217f10e253ef8d37c90d
03-02 10:31:00.276 17670 17731 D MulticastClient: Sent messages: [{"sender":"","payload":"1@test.com:fb3d2582144791721cb2709eebbe866bbf6521d82b3e217f10e253ef8d37c90d","mt":"REQUEST_SPECIFIC_LEDGER","sig":"","nonce":870624403,"seq":0,"tot":0}]
03-02 10:31:00.276 17670 17703 D MulticastClient: Sent messages: [{"sender":"","payload":"2@test.com:fb3d2582144791721cb2709eebbe866bbf6521d82b3e217f10e253ef8d37c90d","mt":"REQUEST_SPECIFIC_LEDGER","sig":"","nonce":559457074,"seq":0,"tot":0}]
03-02 10:31:00.279 17670 17730 D MulticastServer: Received request for 2@test.com to send ledger with hash fb3d2582144791721cb2709eebbe866bbf6521d82b3e217f10e253ef8d37c90d
03-02 10:31:00.279 17670 17711 D MulticastServer: Received request for 1@test.com to send ledger with hash fb3d2582144791721cb2709eebbe866bbf6521d82b3e217f10e253ef8d37c90d
03-02 10:31:00.502 17670 17711 D MulticastServer: Received request for 2@test.com to send ledger with hash fb3d2582144791721cb2709eebbe866bbf6521d82b3e217f10e253ef8d37c90d
03-02 10:31:00.533 17670 17711 D MulticastServer: Received request for 2@test.com to send ledger with hash fb3d2582144791721cb2709eebbe866bbf6521d82b3e217f10e253ef8d37c90d
03-02 10:31:00.535 17670 17711 D MulticastServer: Received request for 1@test.com to send ledger with hash fb3d2582144791721cb2709eebbe866bbf6521d82b3e217f10e253ef8d37c90d
03-02 10:31:00.541 17670 17711 D MulticastServer: Registration process started with nonce: 870624403
03-02 10:31:00.585 17670 17710 D MulticastServer: Registration process started with nonce: 559457074
03-02 10:31:00.593 17670 17711 D RegistrationHandler: FULL_LEDGER 870624403
03-02 10:31:00.679 17670 17711 D MulticastServer: Registration process started with nonce: 1607007943
03-02 10:31:00.682 17670 17710 D MulticastServer: Received request for 1@test.com to send ledger with hash fb3d2582144791721cb2709eebbe866bbf6521d82b3e217f10e253ef8d37c90d
03-02 10:31:00.683 17670 17710 D MulticastServer: Received request for 2@test.com to send ledger with hash fb3d2582144791721cb2709eebbe866bbf6521d82b3e217f10e253ef8d37c90d
03-02 10:31:00.761 17670 17729 D RegistrationHandler: FULL_LEDGER 1607007943
03-02 10:31:00.764 17670 17730 D MulticastServer: Received request for 2@test.com to send ledger with hash fb3d2582144791721cb2709eebbe866bbf6521d82b3e217f10e253ef8d37c90d
03-02 10:31:00.772 17670 17729 D MulticastServer: Registration process started with nonce: 1127832094
03-02 10:31:00.773 17670 17709 D RegistrationHandler: 2026601595 Accepted hash from 1@test.com: fb3d2582144791721cb2709eebbe866bbf6521d82b3e217f10e253ef8d37c90d
03-02 10:31:00.776 17670 17730 D MulticastClient: Sent messages: [{"sender":"","payload":"1@test.com:fb3d2582144791721cb2709eebbe866bbf6521d82b3e217f10e253ef8d37c90d","mt":"REQUEST_SPECIFIC_LEDGER","sig":"","nonce":1929053934,"seq":0,"tot":0}]
03-02 10:31:00.777 17670 17711 D MulticastServer: Received request for 1@test.com to send ledger with hash fb3d2582144791721cb2709eebbe866bbf6521d82b3e217f10e253ef8d37c90d
03-02 10:31:01.082 17670 17703 D MulticastServer: Received request for 1@test.com to send ledger with hash fb3d2582144791721cb2709eebbe866bbf6521d82b3e217f10e253ef8d37c90d
03-02 10:31:01.082 17670 17703 D MulticastServer: Received request for 2@test.com to send ledger with hash fb3d2582144791721cb2709eebbe866bbf6521d82b3e217f10e253ef8d37c90d
03-02 10:31:01.098 17670 17729 D MulticastServer: Received request for 2@test.com to send ledger with hash fb3d2582144791721cb2709eebbe866bbf6521d82b3e217f10e253ef8d37c90d
03-02 10:31:01.099 17670 17729 D MulticastServer: Received request for 2@test.com to send ledger with hash fb3d2582144791721cb2709eebbe866bbf6521d82b3e217f10e253ef8d37c90d
03-02 10:31:01.180 17670 17703 D MulticastServer: Received request for 1@test.com to send ledger with hash fb3d2582144791721cb2709eebbe866bbf6521d82b3e217f10e253ef8d37c90d
03-02 10:31:01.235 17670 17703 D RegistrationHandler: FULL_LEDGER 559457074
03-02 10:31:01.274 17670 17709 D RegistrationHandler: 2026601595 Accepted hash from 2@test.com: fb3d2582144791721cb2709eebbe866bbf6521d82b3e217f10e253ef8d37c90d
03-02 10:31:01.277 17670 17729 D MulticastClient: Sent messages: [{"sender":"","payload":"2@test.com:fb3d2582144791721cb2709eebbe866bbf6521d82b3e217f10e253ef8d37c90d","mt":"REQUEST_SPECIFIC_LEDGER","sig":"","nonce":830614596,"seq":0,"tot":0}]
03-02 10:31:01.279 17670 17703 D MulticastServer: Received request for 2@test.com to send ledger with hash fb3d2582144791721cb2709eebbe866bbf6521d82b3e217f10e253ef8d37c90d
03-02 10:31:01.322 17670 17711 D RegistrationHandler: FULL_LEDGER 870624403
03-02 10:31:01.350 17670 17711 D MulticastServer: Received request for 1@test.com to send ledger with hash fb3d2582144791721cb2709eebbe866bbf6521d82b3e217f10e253ef8d37c90d
03-02 10:31:01.404 17670 17731 D MulticastServer: Received request for 2@test.com to send ledger with hash fb3d2582144791721cb2709eebbe866bbf6521d82b3e217f10e253ef8d37c90d
03-02 10:31:01.414 17670 17703 D MulticastServer: Received request for 1@test.com to send ledger with hash fb3d2582144791721cb2709eebbe866bbf6521d82b3e217f10e253ef8d37c90d
03-02 10:31:01.416 17670 17731 D MulticastServer: Received request for 1@test.com to send ledger with hash fb3d2582144791721cb2709eebbe866bbf6521d82b3e217f10e253ef8d37c90d
03-02 10:31:01.420 17670 17754 D MulticastServer: Registration process started with nonce: 2059710894
03-02 10:31:01.421 17670 17711 D RegistrationHandler: FULL_LEDGER 1127832094
03-02 10:31:01.468 17670 17711 D MulticastServer: Received request for 2@test.com to send ledger with hash fb3d2582144791721cb2709eebbe866bbf6521d82b3e217f10e253ef8d37c90d
03-02 10:31:01.476 17670 17711 D MulticastServer: Registration process started with nonce: 1200176754
03-02 10:31:01.479 17670 17754 D RegistrationHandler: FULL_LEDGER 2059710894
03-02 10:31:01.533 17670 17754 D MulticastServer: Registration process started with nonce: 1929053934
03-02 10:31:01.582 17670 17754 D MulticastServer: Received request for 1@test.com to send ledger with hash fb3d2582144791721cb2709eebbe866bbf6521d82b3e217f10e253ef8d37c90d
03-02 10:31:01.592 17670 17703 D RegistrationHandler: FULL_LEDGER 1929053934
03-02 10:31:01.630 17670 17703 D MulticastServer: Registration process started with nonce: 1016842081
03-02 10:31:01.687 17670 17703 D MulticastServer: Received request for 2@test.com to send ledger with hash fb3d2582144791721cb2709eebbe866bbf6521d82b3e217f10e253ef8d37c90d
03-02 10:31:01.696 17670 17703 D MulticastServer: Received request for 2@test.com to send ledger with hash fb3d2582144791721cb2709eebbe866bbf6521d82b3e217f10e253ef8d37c90d
03-02 10:31:01.698 17670 17703 D MulticastServer: Received request for 1@test.com to send ledger with hash fb3d2582144791721cb2709eebbe866bbf6521d82b3e217f10e253ef8d37c90d
03-02 10:31:01.699 17670 17703 D MulticastServer: Received request for 2@test.com to send ledger with hash fb3d2582144791721cb2709eebbe866bbf6521d82b3e217f10e253ef8d37c90d
03-02 10:31:01.774 17670 17709 D RegistrationHandler: 2026601595 Registration started
03-02 10:31:01.783 17670 17709 D MulticastServer: Registration process finished: 2026601595
03-02 10:31:01.875 17670 17703 D MulticastServer: Received request for 1@test.com to send ledger with hash fb3d2582144791721cb2709eebbe866bbf6521d82b3e217f10e253ef8d37c90d
03-02 10:31:01.888 17670 17703 D MulticastServer: Received request for 2@test.com to send ledger with hash fb3d2582144791721cb2709eebbe866bbf6521d82b3e217f10e253ef8d37c90d
03-02 10:31:01.891 17670 17703 D MulticastServer: Received request for 1@test.com to send ledger with hash fb3d2582144791721cb2709eebbe866bbf6521d82b3e217f10e253ef8d37c90d
03-02 10:31:01.942 17670 17754 D MulticastServer: Received request for 1@test.com to send ledger with hash fb3d2582144791721cb2709eebbe866bbf6521d82b3e217f10e253ef8d37c90d
03-02 10:31:01.981 17670 17703 D MulticastServer: Received request for 2@test.com to send ledger with hash fb3d2582144791721cb2709eebbe866bbf6521d82b3e217f10e253ef8d37c90d
03-02 10:31:02.018 17670 17731 D RegistrationHandler: FULL_LEDGER 870624403
03-02 10:31:02.028 17670 17703 D MulticastServer: Received request for 1@test.com to send ledger with hash fb3d2582144791721cb2709eebbe866bbf6521d82b3e217f10e253ef8d37c90d
03-02 10:31:02.090 17670 17729 D MulticastServer: Received request for 2@test.com to send ledger with hash fb3d2582144791721cb2709eebbe866bbf6521d82b3e217f10e253ef8d37c90d
03-02 10:31:02.129 17670 17729 D MulticastServer: Received request for 2@test.com to send ledger with hash fb3d2582144791721cb2709eebbe866bbf6521d82b3e217f10e253ef8d37c90d
03-02 10:31:02.145 17670 17729 D MulticastServer: Registration process started with nonce: 866546228
03-02 10:31:02.201 17670 17729 D MulticastServer: Received request for 1@test.com to send ledger with hash fb3d2582144791721cb2709eebbe866bbf6521d82b3e217f10e253ef8d37c90d
03-02 10:31:02.211 17670 17703 D RegistrationHandler: FULL_LEDGER 866546228
03-02 10:31:02.225 17670 17703 D MulticastServer: Registration process started with nonce: 1959844752
03-02 10:31:02.273 17670 17703 D MulticastServer: Received request for 2@test.com to send ledger with hash fb3d2582144791721cb2709eebbe866bbf6521d82b3e217f10e253ef8d37c90d
03-02 10:31:02.286 17670 17731 D RegistrationHandler: FULL_LEDGER 1959844752
03-02 10:31:02.292 17670 17703 D MulticastServer: Registration process started with nonce: 1207755376
03-02 10:31:02.480 17670 17759 D RegistrationHandler: 1200176754 Registration started
03-02 10:31:02.492 17670 17759 D MulticastServer: Registration process finished: 1200176754
03-02 10:31:02.517 17670 17754 D MulticastServer: Received request for 1@test.com to send ledger with hash fb3d2582144791721cb2709eebbe866bbf6521d82b3e217f10e253ef8d37c90d
03-02 10:31:02.520 17670 17703 D MulticastServer: Received request for 1@test.com to send ledger with hash fb3d2582144791721cb2709eebbe866bbf6521d82b3e217f10e253ef8d37c90d
03-02 10:31:02.521 17670 17703 D MulticastServer: Received request for 2@test.com to send ledger with hash fb3d2582144791721cb2709eebbe866bbf6521d82b3e217f10e253ef8d37c90d
03-02 10:31:02.534 17670 17731 D RegistrationHandler: FULL_LEDGER 1016842081
03-02 10:31:02.637 17670 17703 D MulticastServer: Received request for 2@test.com to send ledger with hash fb3d2582144791721cb2709eebbe866bbf6521d82b3e217f10e253ef8d37c90d
03-02 10:31:02.862 17670 17729 D MulticastServer: Received request for 1@test.com to send ledger with hash fb3d2582144791721cb2709eebbe866bbf6521d82b3e217f10e253ef8d37c90d
03-02 10:31:02.878 17670 17729 D MulticastServer: Registration process started with nonce: 425317307
03-02 10:31:02.884 17670 17754 D MulticastServer: Registration process started with nonce: 425317307
03-02 10:31:03.007 17670 17731 D MulticastServer: Registration process started with nonce: 830614596
03-02 10:31:03.044 17670 17754 D MulticastServer: Received request for 1@test.com to send ledger with hash fb3d2582144791721cb2709eebbe866bbf6521d82b3e217f10e253ef8d37c90d
03-02 10:31:03.056 17670 17754 D MulticastServer: Received request for 1@test.com to send ledger with hash fb3d2582144791721cb2709eebbe866bbf6521d82b3e217f10e253ef8d37c90d
03-02 10:31:03.061 17670 17703 D RegistrationHandler: FULL_LEDGER 830614596
03-02 10:31:03.183 17670 17703 D MulticastServer: Registration process started with nonce: 591168162
03-02 10:31:03.184 17670 17754 D MulticastServer: Registration process started with nonce: 591168162
03-02 10:31:03.233 17670 17729 D MulticastServer: Received request for 1@test.com to send ledger with hash fb3d2582144791721cb2709eebbe866bbf6521d82b3e217f10e253ef8d37c90d
03-02 10:31:03.236 17670 17729 D MulticastServer: Received request for 1@test.com to send ledger with hash fb3d2582144791721cb2709eebbe866bbf6521d82b3e217f10e253ef8d37c90d
03-02 10:31:03.263 17670 17729 D RegistrationHandler: FULL_LEDGER 830614596
03-02 10:31:03.295 17670 17775 D RegistrationHandler: 1207755376 Registration started
03-02 10:31:03.299 17670 17775 D MulticastServer: Registration process finished: 1207755376
03-02 10:31:03.389 17670 17729 D RegistrationHandler: FULL_LEDGER 1016842081
03-02 10:31:03.503 17670 17729 D RegistrationHandler: FULL_LEDGER 830614596
03-02 10:31:03.570 17670 17729 D MulticastServer: Received request for 1@test.com to send ledger with hash fb3d2582144791721cb2709eebbe866bbf6521d82b3e217f10e253ef8d37c90d
03-02 10:31:03.705 17670 17729 D MulticastServer: Received request for 1@test.com to send ledger with hash fb3d2582144791721cb2709eebbe866bbf6521d82b3e217f10e253ef8d37c90d
03-02 10:31:03.738 17670 17703 D RegistrationHandler: FULL_LEDGER 830614596
03-02 10:31:03.751 17670 17703 D RegistrationHandler: ACCEPTED_LEDGER 830614596 6
03-02 10:31:03.762 17670 17703 D RegistrationHandler: 830614596 Registration started
03-02 10:31:03.766 17670 17703 D MulticastServer: Registration process finished: 830614596
03-02 10:31:03.804 17670 17703 D RegistrationHandler: FULL_LEDGER 425317307
03-02 10:31:03.815 17670 17729 D RegistrationHandler: FULL_LEDGER 425317307
03-02 10:31:03.839 17670 17703 D RegistrationHandler: FULL_LEDGER 425317307
03-02 10:31:03.887 17670 17779 D RegistrationHandler: 425317307 Registration started
03-02 10:31:03.891 17670 17779 D MulticastServer: Registration process finished: 425317307
03-02 10:31:03.932 17670 17729 D MulticastServer: Received request for 2@test.com to send ledger with hash fb3d2582144791721cb2709eebbe866bbf6521d82b3e217f10e253ef8d37c90d
03-02 10:31:03.933 17670 17703 D MulticastServer: Registration process started with nonce: 1486962600
03-02 10:31:03.965 17670 17703 D MulticastServer: Registration process started with nonce: 170499256
03-02 10:31:04.176 17670 17703 D MulticastServer: Registration process started with nonce: 1385547556
03-02 10:31:04.178 17670 17729 D MulticastServer: Registration process started with nonce: 1385547556
03-02 10:31:04.186 17670 17789 D RegistrationHandler: 591168162 Registration started
03-02 10:31:04.187 17670 17790 D RegistrationHandler: 591168162 Registration started
03-02 10:31:04.189 17670 17789 D MulticastServer: Registration process finished: 591168162
03-02 10:31:04.348 17670 17711 D RegistrationHandler: FULL_LEDGER 1486962600
03-02 10:31:04.357 17670 17703 D RegistrationHandler: FULL_LEDGER 1486962600
03-02 10:31:04.360 17670 17731 D MulticastServer: Registration process started with nonce: 1611174215
03-02 10:31:04.362 17670 17754 D RegistrationHandler: FULL_LEDGER 1486962600
03-02 10:31:04.367 17670 17730 D RegistrationHandler: FULL_LEDGER 1486962600
03-02 10:31:04.381 17670 17754 D RegistrationHandler: ACCEPTED_LEDGER 1486962600 6
03-02 10:31:04.401 17670 17754 D RegistrationHandler: 1486962600 Registration started
03-02 10:31:04.408 17670 17754 D MulticastServer: Registration process finished: 1486962600
03-02 10:31:04.425 17670 17730 D RegistrationHandler: FULL_LEDGER 1611174215
03-02 10:31:04.477 17670 17730 D RegistrationHandler: FULL_LEDGER 1385547556
03-02 10:31:04.495 17670 17754 D RegistrationHandler: FULL_LEDGER 1385547556
03-02 10:31:04.499 17670 17703 D RegistrationHandler: FULL_LEDGER 1385547556
03-02 10:31:04.545 17670 17703 D MulticastServer: Registration process started with nonce: 1134642341
03-02 10:31:04.572 17670 17754 D MulticastServer: Registration process started with nonce: 473307810
03-02 10:31:04.968 17670 17798 D RegistrationHandler: 170499256 Registration started
03-02 10:31:04.975 17670 17798 D MulticastServer: Registration process finished: 170499256
03-02 10:31:05.109 17670 17703 D MulticastServer: Registration process started with nonce: 1991849518
03-02 10:31:05.181 17670 17801 D RegistrationHandler: 1385547556 Registration started
03-02 10:31:05.188 17670 17801 D MulticastServer: Registration process finished: 1385547556
03-02 10:31:05.260 17670 17703 D MulticastServer: Received request for 2@test.com to send ledger with hash fb3d2582144791721cb2709eebbe866bbf6521d82b3e217f10e253ef8d37c90d
03-02 10:31:05.550 17670 17810 D RegistrationHandler: 1134642341 Registration started
03-02 10:31:05.571 17670 17810 D MulticastServer: Registration process finished: 1134642341
03-02 10:31:05.575 17670 17813 D RegistrationHandler: 473307810 Registration started
03-02 10:31:05.612 17670 17813 D MulticastServer: Registration process finished: 473307810
03-02 10:31:05.760 17670 17703 D RegistrationHandler: FULL_LEDGER 870624403
03-02 10:31:05.772 17670 17703 D RegistrationHandler: ACCEPTED_LEDGER 870624403 6
03-02 10:31:05.780 17670 17703 D RegistrationHandler: 870624403 Registration started
03-02 10:31:05.782 17670 17703 D MulticastServer: Registration process finished: 870624403
03-02 10:31:05.831 17670 17730 D MulticastServer: Received request for 1@test.com to send ledger with hash fb3d2582144791721cb2709eebbe866bbf6521d82b3e217f10e253ef8d37c90d
03-02 10:31:06.089 17670 17703 D MulticastServer: Received request for 1@test.com to send ledger with hash fb3d2582144791721cb2709eebbe866bbf6521d82b3e217f10e253ef8d37c90d
03-02 10:31:06.115 17670 17817 D RegistrationHandler: 1991849518 Registration started
03-02 10:31:06.122 17670 17817 D MulticastServer: Registration process finished: 1991849518
03-02 10:31:06.303 17670 17731 D MulticastServer: Registration process started with nonce: 1739270562
03-02 10:31:06.532 17670 17754 D RegistrationHandler: FULL_LEDGER 1739270562
03-02 10:31:06.533 17670 17731 D RegistrationHandler: FULL_LEDGER 1739270562
03-02 10:31:06.545 17670 17730 D RegistrationHandler: FULL_LEDGER 1739270562
03-02 10:31:06.552 17670 17731 D MulticastServer: Registration process started with nonce: 1357431393
03-02 10:31:06.612 17670 17730 D RegistrationHandler: FULL_LEDGER 1357431393
03-02 10:31:06.632 17670 17731 D RegistrationHandler: FULL_LEDGER 1739270562
03-02 10:31:06.644 17670 17731 D RegistrationHandler: ACCEPTED_LEDGER 1739270562 6
03-02 10:31:06.653 17670 17731 D RegistrationHandler: 1739270562 Registration started
03-02 10:31:06.658 17670 17731 D MulticastServer: Registration process finished: 1739270562
round 8 of 10
03-02 10:32:26.879 17936 17984 D MulticastServer: MULTICAST_SERVER_LISTENING
03-02 10:32:26.884 17936 17986 D MulticastServer: Registration process started with nonce: 1161772477
03-02 10:32:26.887 17936 17985 D MulticastClient: Sent messages: [{"sender":"","payload":"","mt":"REQUEST_LEDGER","sig":"","nonce":1161772477,"seq":0,"tot":0}]
03-02 10:32:27.072 17936 17991 D RegistrationHandler: FULL_LEDGER 1161772477
03-02 10:32:27.106 17936 17991 D RegistrationHandler: FULL_LEDGER 1161772477
03-02 10:32:27.112 17936 17991 D MulticastServer: Received hash from 2@test.com: 537b0ea31ebf925fa5c6af9ab92c308acf3f1c601d20463bf1d7cd5ee43e5ef4
03-02 10:32:27.136 17936 17991 D MulticastServer: Received hash from 3@test.com: 537b0ea31ebf925fa5c6af9ab92c308acf3f1c601d20463bf1d7cd5ee43e5ef4
03-02 10:32:27.144 17936 17991 D MulticastServer: Received hash from 1@test.com: 537b0ea31ebf925fa5c6af9ab92c308acf3f1c601d20463bf1d7cd5ee43e5ef4
03-02 10:32:27.476 17936 17991 D MulticastServer: Received hash from 2@test.com: 537b0ea31ebf925fa5c6af9ab92c308acf3f1c601d20463bf1d7cd5ee43e5ef4
03-02 10:32:27.532 17936 18005 D MulticastServer: Received hash from 1@test.com: 537b0ea31ebf925fa5c6af9ab92c308acf3f1c601d20463bf1d7cd5ee43e5ef4
03-02 10:32:27.537 17936 18005 D MulticastServer: Received hash from 3@test.com: 537b0ea31ebf925fa5c6af9ab92c308acf3f1c601d20463bf1d7cd5ee43e5ef4
03-02 10:32:27.910 17936 17985 D MulticastServer: Received hash from 3@test.com: 537b0ea31ebf925fa5c6af9ab92c308acf3f1c601d20463bf1d7cd5ee43e5ef4
03-02 10:32:27.991 17936 17985 D MulticastServer: Received hash from 1@test.com: 537b0ea31ebf925fa5c6af9ab92c308acf3f1c601d20463bf1d7cd5ee43e5ef4
03-02 10:32:28.001 17936 17985 D MulticastServer: Received hash from 2@test.com: 537b0ea31ebf925fa5c6af9ab92c308acf3f1c601d20463bf1d7cd5ee43e5ef4
03-02 10:32:36.894 17936 17987 D RegistrationHandler: ACCEPTED_LEDGER 1161772477 5
03-02 10:32:36.900 17936 17987 D RegistrationHandler: 1161772477 Registration started
03-02 10:32:36.918 17936 17987 D MulticastServer: Registration process finished: 1161772477
03-02 10:32:36.936 17936 17985 D MulticastClient: Sent messages: [{"sender":"4@test.com","payload":"{\"ip\":\"192.168.1.97\",\"cert\":\"MIIBKTCB0KADAgECAhQa8Bd7lH\/BLTyi7ywd3y9YYSzkrDAKBggqhkjOPQQDAjAVMRMwEQYDVQQDDApUVE00OTA1IENBMB4XDTIyMDMwMTE0MDczNloXDTIyMDMzMTE0MDczNlowFTETMBEGA1UEAwwKNEB0ZXN0LmNvbTBZMBMGByqGSM49AgEGCCqGSM49AwEHA0IABFrZCEM2z1G1fZpGXj9xAJVyw+42wNc+1Oh3OKk5VRIc59yR1r148usPgG5mreOanaKvWR1KjIOl3HTLksn8RnowCgYIKoZIzj0EAwIDSAAwRQIhAKAKAwK83UAGas8l7ThnEHKwV0I7DisWJ0yDYNVZVUusAiAzZGLYe63aJer14gingjWvIIMLb+EEx1ysVZJxKqm6iw==\"}","mt":"BROADCAST_BLOCK","sig":"MEUCIAeOILmLLCBo60BR9gYhDTtRwnMbd2uyhV+uunibHcQEAiEA6nMF0qjKLrl5A7\/RyzidWzGD+fe8BjBNiNopp8NFsfc=","nonce":1161772477,"seq":0,"tot":0}]
round 9 of 10
03-02 10:34:01.695 18175 18223 D MulticastServer: MULTICAST_SERVER_LISTENING
03-02 10:34:01.697 18175 18225 D MulticastServer: Registration process started with nonce: 1356793558
03-02 10:34:01.700 18175 18224 D MulticastClient: Sent messages: [{"sender":"","payload":"","mt":"REQUEST_LEDGER","sig":"","nonce":1356793558,"seq":0,"tot":0}]
03-02 10:34:01.885 18175 18229 D RegistrationHandler: FULL_LEDGER 1356793558
03-02 10:34:01.888 18175 18229 D MulticastServer: Received hash from 3@test.com: 537b0ea31ebf925fa5c6af9ab92c308acf3f1c601d20463bf1d7cd5ee43e5ef4
03-02 10:34:01.896 18175 18229 D MulticastServer: Received hash from 2@test.com: 537b0ea31ebf925fa5c6af9ab92c308acf3f1c601d20463bf1d7cd5ee43e5ef4
03-02 10:34:01.953 18175 18229 D MulticastServer: Received hash from 1@test.com: 537b0ea31ebf925fa5c6af9ab92c308acf3f1c601d20463bf1d7cd5ee43e5ef4
03-02 10:34:02.275 18175 18229 D RegistrationHandler: FULL_LEDGER 1356793558
03-02 10:34:02.281 18175 18229 D RegistrationHandler: ACCEPTED_LEDGER 1356793558 5
03-02 10:34:02.286 18175 18229 D RegistrationHandler: 1356793558 Registration started
03-02 10:34:02.298 18175 18229 D MulticastServer: Registration process finished: 1356793558
03-02 10:34:02.300 18175 18229 D MulticastClient: Sent messages: [{"sender":"4@test.com","payload":"{\"ip\":\"192.168.1.97\",\"cert\":\"MIIBKTCB0KADAgECAhQa8Bd7lH\/BLTyi7ywd3y9YYSzkrDAKBggqhkjOPQQDAjAVMRMwEQYDVQQDDApUVE00OTA1IENBMB4XDTIyMDMwMTE0MDczNloXDTIyMDMzMTE0MDczNlowFTETMBEGA1UEAwwKNEB0ZXN0LmNvbTBZMBMGByqGSM49AgEGCCqGSM49AwEHA0IABFrZCEM2z1G1fZpGXj9xAJVyw+42wNc+1Oh3OKk5VRIc59yR1r148usPgG5mreOanaKvWR1KjIOl3HTLksn8RnowCgYIKoZIzj0EAwIDSAAwRQIhAKAKAwK83UAGas8l7ThnEHKwV0I7DisWJ0yDYNVZVUusAiAzZGLYe63aJer14gingjWvIIMLb+EEx1ysVZJxKqm6iw==\"}","mt":"BROADCAST_BLOCK","sig":"MEUCIBLs3OVvWsV96SkDEdV0Mto1KtNdOhQeWwvxpENYTJ0UAiEAkURuZlALs9scvTRD8iv0wubmWZImyEf+ZKanGRj7aQE=","nonce":1356793558,"seq":0,"tot":0}]
round 10 of 10
03-02 10:35:37.995 18368 18417 D MulticastServer: MULTICAST_SERVER_LISTENING
03-02 10:35:37.997 18368 18419 D MulticastServer: Registration process started with nonce: 438417217
03-02 10:35:38.001 18368 18423 D MulticastClient: Sent messages: [{"sender":"","payload":"","mt":"REQUEST_LEDGER","sig":"","nonce":438417217,"seq":0,"tot":0}]
03-02 10:35:38.244 18368 18426 D RegistrationHandler: FULL_LEDGER 438417217
03-02 10:35:38.248 18368 18426 D MulticastServer: Received hash from 3@test.com: 537b0ea31ebf925fa5c6af9ab92c308acf3f1c601d20463bf1d7cd5ee43e5ef4
03-02 10:35:38.264 18368 18426 D MulticastServer: Received hash from 2@test.com: 537b0ea31ebf925fa5c6af9ab92c308acf3f1c601d20463bf1d7cd5ee43e5ef4
03-02 10:35:38.294 18368 18426 D RegistrationHandler: FULL_LEDGER 438417217
03-02 10:35:38.297 18368 18426 D RegistrationHandler: ACCEPTED_LEDGER 438417217 5
03-02 10:35:38.299 18368 18426 D RegistrationHandler: 438417217 Registration started
03-02 10:35:38.333 18368 18426 D MulticastServer: Registration process finished: 438417217
03-02 10:35:38.335 18368 18424 D MulticastClient: Sent messages: [{"sender":"4@test.com","payload":"{\"ip\":\"192.168.1.97\",\"cert\":\"MIIBKTCB0KADAgECAhQa8Bd7lH\/BLTyi7ywd3y9YYSzkrDAKBggqhkjOPQQDAjAVMRMwEQYDVQQDDApUVE00OTA1IENBMB4XDTIyMDMwMTE0MDczNloXDTIyMDMzMTE0MDczNlowFTETMBEGA1UEAwwKNEB0ZXN0LmNvbTBZMBMGByqGSM49AgEGCCqGSM49AwEHA0IABFrZCEM2z1G1fZpGXj9xAJVyw+42wNc+1Oh3OKk5VRIc59yR1r148usPgG5mreOanaKvWR1KjIOl3HTLksn8RnowCgYIKoZIzj0EAwIDSAAwRQIhAKAKAwK83UAGas8l7ThnEHKwV0I7DisWJ0yDYNVZVUusAiAzZGLYe63aJer14gingjWvIIMLb+EEx1ysVZJxKqm6iw==\"}","mt":"BROADCAST_BLOCK","sig":"MEUCIQCfGQ6u\/DgGtdUSbW4WBB184mVrkaPW1\/KcpAe2UByDdAIgWEykXnpSwhaUGerTKa\/iV1Yj+4KbxNWtZJS7yodSxfk=","nonce":438417217,"seq":0,"tot":0}]
