03-02 10:27:18.509 24779 25474 D MulticastServer: Broadcast block received {"ip":"192.168.1.126","cert":"MIIBKTCB0KADAgECAhRYB2Z/cqTmwQTbrhYf9v5lzVW+YjAKBggqhkjOPQQDAjAVMRMwEQYDVQQDDApUVE00OTA1IENBMB4XDTIyMDMwMTE0MTYzNVoXDTIyMDMzMTE0MTYzNVowFTETMBEGA1UEAwwKNkB0ZXN0LmNvbTBZMBMGByqGSM49AgEGCCqGSM49AwEHA0IABAYvxEyQgnJqCupzRJy6aDpuP4erW5GpSxzJ8zvy/WUXQAxLhv+z1Ufnl8ibD+dvXyRrW5CWmfEfUDbHIrhH0RYwCgYIKoZIzj0EAwIDSAAwRQIgORT+4WycNDSTneeqB9XlWe9PgCi139fukuacTIRzFHMCIQCn0eHVbKOQuveD+6D+8mZsMSWoUK/4EEnmk+W3T8NSXw=="}
03-02 10:27:22.810 24779 25474 D MulticastServer: Registration process started with nonce: 1410500992
03-02 10:27:22.814 24779 25474 D MulticastServer: Received request for ledger with nonce: 1410500992.
03-02 10:27:22.892 24779 25470 D MulticastClient: Sent messages: [{"sender":"{\"ip\":\"192.168.1.150\",\"cert\":\"MIIBKTCB0KADAgECAhQx2drGMEbzx2qb3kW8xg1ERD77ejAKBggqhkjOPQQDAjAVMRMwEQYDVQQDDApUVE00OTA1IENBMB4XDTIyMDMwMTE0MDYwNloXDTIyMDMzMTE0MDYwNlowFTETMBEGA1UEAwwKM0B0ZXN0LmNvbTBZMBMGByqGSM49AgEGCCqGSM49AwEHA0IABC+xOTkmX6a0H6eidB85Da0CbmYg10XwNz19SCaEheU1Pnhjz+I+DyVNXvPft4T5YY\/Na+qO1xeH4N82RLPGZG4wCgYIKoZIzj0EAwIDSAAwRQIhAKM4Xl1DGHfOv0umGOVlytMmTlJ1lGbeQ1ln5eQsN\/WUAiAXF9+WZLpST68j+XxOh\/6IwCRmaU38MkDIIKAlomW4dg==\"}","payload":"be27adff8a5ed0f040a91db4622ae1174bc3e895da677eb2b413c67351410350","mt":"LEDGER_HASH","sig":"MEQCIGPsOogvmZBBp7UJUJhps21uTqvAWSEfH\/DZE1ZiTu3KAiAphHhotgLsDiJI3rPB6GzLuj\/Vm\/VMaxMZgCFb98m0cw==","nonce":1410500992,"seq":0,"tot":0}]
03-02 10:27:22.946 24779 25474 D RegistrationHandler: FULL_LEDGER 1410500992
03-02 10:27:23.009 24779 25473 D MulticastServer: Received hash from 2@test.com: be27adff8a5ed0f040a91db4622ae1174bc3e895da677eb2b413c67351410350
03-02 10:27:23.010 24779 25474 D RegistrationHandler: FULL_LEDGER 1410500992
03-02 10:27:23.024 24779 25474 D RegistrationHandler: ACCEPTED_LEDGER 1410500992 4
03-02 10:27:23.030 24779 25474 D MulticastServer: Registration process finished: 1410500992
03-02 10:27:32.847 24779 25474 D MulticastServer: Broadcast block received {"ip":"192.168.1.90","cert":"MIIBKDCB0KADAgECAhQZbAmWWVr2VWp+hFAg1X7cJgO4sTAKBggqhkjOPQQDAjAVMRMwEQYDVQQDDApUVE00OTA1IENBMB4XDTIyMDMwMjA4MDg0NVoXDTIyMDQwMTA4MDg0NVowFTETMBEGA1UEAwwKMUB0ZXN0LmNvbTBZMBMGByqGSM49AgEGCCqGSM49AwEHA0IABM7xqjGMR7J9YHsC1Nm1FVwXeRWX2YBLnrPvjQWFuNoFCn6ZLLlFcCzFVHJJP3qKi5y+NQjSRLB7AWHDUv+DNT0wCgYIKoZIzj0EAwIDRwAwRAIgJih2I7KaHzCQQafhi8S+ulGfbkwGvOEmNjqTUInGhcUCIBGEnZPXeVvz1i5p7m0Y12Se4ZiumkNaeIWdn7SbRoir"}
03-02 10:27:33.255 24779 25474 D MulticastServer: Broadcast block received {"ip":"192.168.1.90","cert":"MIIBKDCB0KADAgECAhQZbAmWWVr2VWp+hFAg1X7cJgO4sTAKBggqhkjOPQQDAjAVMRMwEQYDVQQDDApUVE00OTA1IENBMB4XDTIyMDMwMjA4MDg0NVoXDTIyMDQwMTA4MDg0NVowFTETMBEGA1UEAwwKMUB0ZXN0LmNvbTBZMBMGByqGSM49AgEGCCqGSM49AwEHA0IABM7xqjGMR7J9YHsC1Nm1FVwXeRWX2YBLnrPvjQWFuNoFCn6ZLLlFcCzFVHJJP3qKi5y+NQjSRLB7AWHDUv+DNT0wCgYIKoZIzj0EAwIDRwAwRAIgJih2I7KaHzCQQafhi8S+ulGfbkwGvOEmNjqTUInGhcUCIBGEnZPXeVvz1i5p7m0Y12Se4ZiumkNaeIWdn7SbRoir"}
03-02 10:27:38.066 24779 25474 D MulticastServer: Registration process started with nonce: 1496823755
03-02 10:27:38.073 24779 25474 D MulticastServer: Received request for ledger with nonce: 1496823755.
03-02 10:27:38.133 24779 25470 D MulticastClient: Sent messages: [{"sender":"{\"ip\":\"192.168.1.150\",\"cert\":\"MIIBKTCB0KADAgECAhQx2drGMEbzx2qb3kW8xg1ERD77ejAKBggqhkjOPQQDAjAVMRMwEQYDVQQDDApUVE00OTA1IENBMB4XDTIyMDMwMTE0MDYwNloXDTIyMDMzMTE0MDYwNlowFTETMBEGA1UEAwwKM0B0ZXN0LmNvbTBZMBMGByqGSM49AgEGCCqGSM49AwEHA0IABC+xOTkmX6a0H6eidB85Da0CbmYg10XwNz19SCaEheU1Pnhjz+I+DyVNXvPft4T5YY\/Na+qO1xeH4N82RLPGZG4wCgYIKoZIzj0EAwIDSAAwRQIhAKM4Xl1DGHfOv0umGOVlytMmTlJ1lGbeQ1ln5eQsN\/WUAiAXF9+WZLpST68j+XxOh\/6IwCRmaU38MkDIIKAlomW4dg==\"}","payload":"537b0ea31ebf925fa5c6af9ab92c308acf3f1c601d20463bf1d7cd5ee43e5ef4","mt":"LEDGER_HASH","sig":"MEQCIA2i10NC1O4ESMXCUXZytz51tV79cPHW7GcdsiRR5ZsoAiBZCNSGRGXbqhsOlB5FSGLGE3HmyBcwvwGSRyU4gl5kIA==","nonce":1496823755,"seq":0,"tot":0}]
03-02 10:27:38.215 24779 25474 D RegistrationHandler: FULL_LEDGER 1496823755
03-02 10:27:38.262 24779 25474 D MulticastServer: Received hash from 2@test.com: 537b0ea31ebf925fa5c6af9ab92c308acf3f1c601d20463bf1d7cd5ee43e5ef4
03-02 10:27:38.575 24779 25474 D MulticastServer: Received hash from 2@test.com: 537b0ea31ebf925fa5c6af9ab92c308acf3f1c601d20463bf1d7cd5ee43e5ef4
03-02 10:27:38.616 24779 25472 D RegistrationHandler: FULL_LEDGER 1496823755
03-02 10:27:38.621 24779 25474 D RegistrationHandler: FULL_LEDGER 1496823755
03-02 10:27:38.628 24779 25601 D RegistrationHandler: FULL_LEDGER 1496823755
03-02 10:27:38.631 24779 25473 D RegistrationHandler: FULL_LEDGER 1496823755
03-02 10:27:38.632 24779 25602 D MulticastServer: Received hash from 1@test.com: 537b0ea31ebf925fa5c6af9ab92c308acf3f1c601d20463bf1d7cd5ee43e5ef4
03-02 10:27:38.646 24779 25472 D RegistrationHandler: ACCEPTED_LEDGER 1496823755 5
03-02 10:27:38.650 24779 25474 D RegistrationHandler: ACCEPTED_LEDGER 1496823755 5
03-02 10:27:38.651 24779 25472 D MulticastServer: Registration process finished: 1496823755
03-02 10:27:38.652 24779 25601 D RegistrationHandler: ACCEPTED_LEDGER 1496823755 5
03-02 10:27:38.656 24779 25473 D RegistrationHandler: ACCEPTED_LEDGER 1496823755 5
03-02 10:27:38.694 24779 25473 D MulticastServer: Broadcast block received {"ip":"192.168.1.97","cert":"MIIBKTCB0KADAgECAhQa8Bd7lH/BLTyi7ywd3y9YYSzkrDAKBggqhkjOPQQDAjAVMRMwEQYDVQQDDApUVE00OTA1IENBMB4XDTIyMDMwMTE0MDczNloXDTIyMDMzMTE0MDczNlowFTETMBEGA1UEAwwKNEB0ZXN0LmNvbTBZMBMGByqGSM49AgEGCCqGSM49AwEHA0IABFrZCEM2z1G1fZpGXj9xAJVyw+42wNc+1Oh3OKk5VRIc59yR1r148usPgG5mreOanaKvWR1KjIOl3HTLksn8RnowCgYIKoZIzj0EAwIDSAAwRQIhAKAKAwK83UAGas8l7ThnEHKwV0I7DisWJ0yDYNVZVUusAiAzZGLYe63aJer14gingjWvIIMLb+EEx1ysVZJxKqm6iw=="}
03-02 10:27:39.121 24779 25470 D MulticastServer: Broadcast block received {"ip":"192.168.1.97","cert":"MIIBKTCB0KADAgECAhQa8Bd7lH/BLTyi7ywd3y9YYSzkrDAKBggqhkjOPQQDAjAVMRMwEQYDVQQDDApUVE00OTA1IENBMB4XDTIyMDMwMTE0MDczNloXDTIyMDMzMTE0MDczNlowFTETMBEGA1UEAwwKNEB0ZXN0LmNvbTBZMBMGByqGSM49AgEGCCqGSM49AwEHA0IABFrZCEM2z1G1fZpGXj9xAJVyw+42wNc+1Oh3OKk5VRIc59yR1r148usPgG5mreOanaKvWR1KjIOl3HTLksn8RnowCgYIKoZIzj0EAwIDSAAwRQIhAKAKAwK83UAGas8l7ThnEHKwV0I7DisWJ0yDYNVZVUusAiAzZGLYe63aJer14gingjWvIIMLb+EEx1ysVZJxKqm6iw=="}
03-02 10:27:39.502 24779 25470 D MulticastServer: Broadcast block received {"ip":"192.168.1.97","cert":"MIIBKTCB0KADAgECAhQa8Bd7lH/BLTyi7ywd3y9YYSzkrDAKBggqhkjOPQQDAjAVMRMwEQYDVQQDDApUVE00OTA1IENBMB4XDTIyMDMwMTE0MDczNloXDTIyMDMzMTE0MDczNlowFTETMBEGA1UEAwwKNEB0ZXN0LmNvbTBZMBMGByqGSM49AgEGCCqGSM49AwEHA0IABFrZCEM2z1G1fZpGXj9xAJVyw+42wNc+1Oh3OKk5VRIc59yR1r148usPgG5mreOanaKvWR1KjIOl3HTLksn8RnowCgYIKoZIzj0EAwIDSAAwRQIhAKAKAwK83UAGas8l7ThnEHKwV0I7DisWJ0yDYNVZVUusAiAzZGLYe63aJer14gingjWvIIMLb+EEx1ysVZJxKqm6iw=="}
round 6 of 10
03-02 10:28:13.025 25096 25714 D MulticastServer: MULTICAST_SERVER_LISTENING
03-02 10:28:13.030 25096 25716 D MulticastServer: Registration process started with nonce: 1958071544
03-02 10:28:13.039 25096 25715 D MulticastClient: Sent messages: [{"sender":"","payload":"","mt":"REQUEST_LEDGER","sig":"","nonce":1958071544,"seq":0,"tot":0}]
03-02 10:28:13.737 25096 25730 D RegistrationHandler: FULL_LEDGER 1958071544
03-02 10:28:23.043 25096 25717 D RegistrationHandler: ACCEPTED_LEDGER 1958071544 1
03-02 10:28:23.052 25096 25717 D RegistrationHandler: 1958071544 Registration started
03-02 10:28:23.099 25096 25717 D MulticastServer: Registration process finished: 1958071544
03-02 10:28:23.101 25096 25715 D MulticastClient: Sent messages: [{"sender":"3@test.com","payload":"{\"ip\":\"192.168.1.150\",\"cert\":\"MIIBKTCB0KADAgECAhQx2drGMEbzx2qb3kW8xg1ERD77ejAKBggqhkjOPQQDAjAVMRMwEQYDVQQDDApUVE00OTA1IENBMB4XDTIyMDMwMTE0MDYwNloXDTIyMDMzMTE0MDYwNlowFTETMBEGA1UEAwwKM0B0ZXN0LmNvbTBZMBMGByqGSM49AgEGCCqGSM49AwEHA0IABC+xOTkmX6a0H6eidB85Da0CbmYg10XwNz19SCaEheU1Pnhjz+I+DyVNXvPft4T5YY\/Na+qO1xeH4N82RLPGZG4wCgYIKoZIzj0EAwIDSAAwRQIhAKM4Xl1DGHfOv0umGOVlytMmTlJ1lGbeQ1ln5eQsN\/WUAiAXF9+WZLpST68j+XxOh\/6IwCRmaU38MkDIIKAlomW4dg==\"}","mt":"BROADCAST_BLOCK","sig":"MEUCIDn0wLMmtLaiA\/Jb2D\/t0236OKnKO9aL2tXMgsJrPOSoAiEAnSihNe4n\/Beh7CqAAyMSVW2xEKj5poiua1xz2SmI5sE=","nonce":1958071544,"seq":0,"tot":0}]
03-02 10:28:28.346 25096 25715 D MulticastServer: Registration process started with nonce: 439946998
03-02 10:28:28.351 25096 25715 D MulticastServer: Received request for ledger with nonce: 439946998.
03-02 10:28:28.424 25096 25721 D MulticastClient: Sent messages: [{"sender":"{\"ip\":\"192.168.1.150\",\"cert\":\"MIIBKTCB0KADAgECAhQx2drGMEbzx2qb3kW8xg1ERD77ejAKBggqhkjOPQQDAjAVMRMwEQYDVQQDDApUVE00OTA1IENBMB4XDTIyMDMwMTE0MDYwNloXDTIyMDMzMTE0MDYwNlowFTETMBEGA1UEAwwKM0B0ZXN0LmNvbTBZMBMGByqGSM49AgEGCCqGSM49AwEHA0IABC+xOTkmX6a0H6eidB85Da0CbmYg10XwNz19SCaEheU1Pnhjz+I+DyVNXvPft4T5YY\/Na+qO1xeH4N82RLPGZG4wCgYIKoZIzj0EAwIDSAAwRQIhAKM4Xl1DGHfOv0umGOVlytMmTlJ1lGbeQ1ln5eQsN\/WUAiAXF9+WZLpST68j+XxOh\/6IwCRmaU38MkDIIKAlomW4dg==\"}","payload":"{\"ip\":\"192.168.1.102\",\"cert\":\"MIIBKjCB0KADAgECAhQ4Y7ju1gF20HgInu21PT9KBF9GTjAKBggqhkjOPQQDAjAVMRMwEQYDVQQDDApUVE00OTA1IENBMB4XDTIyMDMwMjA4MTMwOFoXDTIyMDQwMTA4MTMwOFowFTETMBEGA1UEAwwKMkB0ZXN0LmNvbTBZMBMGByqGSM49AgEGCCqGSM49AwEHA0IABDX5T5uShCqkaYlTAy\/9VnhpRfnnSG2sAgctv3by+PKya\/r2mK8OJaQoxOgtLPG0ySplNzqjftpvpo9Bjvd0g+8wCgYIKoZIzj0EAwIDSQAwRgIhANJZaiGCzyMc0M9Mg6RUCQNvccvHzRriGV1nkrTpgOY1AiEAri0DXI3WN0YunHCU1hOof9OsF4kPTmXqIYrI5CUW3Cw=\"}","mt":"FULL_LEDGER","sig":"MEYCIQDhEMOnQ1G9DKNt5TfYOrBuWTaP7vL2XVVktLegxROm9AIhALyOx2HT4Hw6drPxDKWPeigtYFFx7FKy29OtakBeqqv3","nonce":439946998,"seq":0,"tot":1}, {"sender":"3@test.com","payload":"{\"ip\":\"192.168.1.150\",\"cert\":\"MIIBKTCB0KADAgECAhQx2drGMEbzx2qb3kW8xg1ERD77ejAKBggqhkjOPQQDAjAVMRMwEQYDVQQDDApUVE00OTA1IENBMB4XDTIyMDMwMTE0MDYwNloXDTIyMDMzMTE0MDYwNlowFTETMBEGA1UEAwwKM0B0ZXN0LmNvbTBZMBMGByqGSM49AgEGCCqGSM49AwEHA0IABC+xOTkmX6a0H6eidB85Da0CbmYg10XwNz19SCaEheU1Pnhjz+I+DyVNXvPft4T5YY\/Na+qO1xeH4N82RLPGZG4wCgYIKoZIzj0EAwIDSAAwRQIhAKM4Xl1DGHfOv0umGOVlytMmTlJ1lGbeQ1ln5eQsN\/WUAiAXF9+WZLpST68j+XxOh\/6IwCRmaU38MkDIIKAlomW4dg==\"}","mt":"FULL_LEDGER","sig":"MEYCIQDgzf6cMz3wBuodPht8GawgeTxfmMyWy8aqkb+WLrNSgQIhANb\/kTdYDcysdrwJK9ece6Z8d5PicXWAcgKWnawIzmFk","nonce":439946998,"seq":1,"tot":1}]
03-02 10:28:28.478 25096 25730 D RegistrationHandler: FULL_LEDGER 439946998
03-02 10:28:29.006 25096 25764 D RegistrationHandler: FULL_LEDGER 439946998
03-02 10:28:29.035 25096 25764 D RegistrationHandler: ACCEPTED_LEDGER 439946998 2
03-02 10:28:29.044 25096 25764 D MulticastServer: Registration process finished: 439946998
03-02 10:28:38.382 25096 25721 D MulticastServer: Broadcast block received {"ip":"192.168.1.96","cert":"MIIBKjCB0KADAgECAhQFGtbY2BBfIilHmVHfmz1ibePqCTAKBggqhkjOPQQDAjAVMRMwEQYDVQQDDApUVE00OTA1IENBMB4XDTIyMDMwMTE0MDg1MVoXDTIyMDMzMTE0MDg1MVowFTETMBEGA1UEAwwKNUB0ZXN0LmNvbTBZMBMGByqGSM49AgEGCCqGSM49AwEHA0IABM0SKT7roPGNC1d52qLjFf8A++6+ejGXhEz/RZOJFR1j7rRmQIgaxqH+EAJzNBYhPBDjl1Sf/Lsjr0vAoPml3eUwCgYIKoZIzj0EAwIDSQAwRgIhAPcOKfuB+KByJXxphcvx1eVN2EVlksqOSofHq3BTh+oSAiEA7+Kmz9U75Bg3JXvTLGnz/X5DqCaZD0GxKGePXFq7DUE="}
03-02 10:28:38.793 25096 25721 D MulticastServer: Broadcast block received {"ip":"192.168.1.96","cert":"MIIBKjCB0KADAgECAhQFGtbY2BBfIilHmVHfmz1ibePqCTAKBggqhkjOPQQDAjAVMRMwEQYDVQQDDApUVE00OTA1IENBMB4XDTIyMDMwMTE0MDg1MVoXDTIyMDMzMTE0MDg1MVowFTETMBEGA1UEAwwKNUB0ZXN0LmNvbTBZMBMGByqGSM49AgEGCCqGSM49AwEHA0IABM0SKT7roPGNC1d52qLjFf8A++6+ejGXhEz/RZOJFR1j7rRmQIgaxqH+EAJzNBYhPBDjl1Sf/Lsjr0vAoPml3eUwCgYIKoZIzj0EAwIDSQAwRgIhAPcOKfuB+KByJXxphcvx1eVN2EVlksqOSofHq3BTh+oSAiEA7+Kmz9U75Bg3JXvTLGnz/X5DqCaZD0GxKGePXFq7DUE="}
03-02 10:28:39.201 25096 25721 D MulticastServer: Broadcast block received {"ip":"192.168.1.96","cert":"MIIBKjCB0KADAgECAhQFGtbY2BBfIilHmVHfmz1ibePqCTAKBggqhkjOPQQDAjAVMRMwEQYDVQQDDApUVE00OTA1IENBMB4XDTIyMDMwMTE0MDg1MVoXDTIyMDMzMTE0MDg1MVowFTETMBEGA1UEAwwKNUB0ZXN0LmNvbTBZMBMGByqGSM49AgEGCCqGSM49AwEHA0IABM0SKT7roPGNC1d52qLjFf8A++6+ejGXhEz/RZOJFR1j7rRmQIgaxqH+EAJzNBYhPBDjl1Sf/Lsjr0vAoPml3eUwCgYIKoZIzj0EAwIDSQAwRgIhAPcOKfuB+KByJXxphcvx1eVN2EVlksqOSofHq3BTh+oSAiEA7+Kmz9U75Bg3JXvTLGnz/X5DqCaZD0GxKGePXFq7DUE="}
03-02 10:28:42.985 25096 25721 D MulticastServer: Registration process started with nonce: 1109369541
03-02 10:28:42.989 25096 25721 D MulticastServer: Received request for ledger with nonce: 1109369541.
03-02 10:28:43.041 25096 25764 D MulticastClient: Sent messages: [{"sender":"{\"ip\":\"192.168.1.150\",\"cert\":\"MIIBKTCB0KADAgECAhQx2drGMEbzx2qb3kW8xg1ERD77ejAKBggqhkjOPQQDAjAVMRMwEQYDVQQDDApUVE00OTA1IENBMB4XDTIyMDMwMTE0MDYwNloXDTIyMDMzMTE0MDYwNlowFTETMBEGA1UEAwwKM0B0ZXN0LmNvbTBZMBMGByqGSM49AgEGCCqGSM49AwEHA0IABC+xOTkmX6a0H6eidB85Da0CbmYg10XwNz19SCaEheU1Pnhjz+I+DyVNXvPft4T5YY\/Na+qO1xeH4N82RLPGZG4wCgYIKoZIzj0EAwIDSAAwRQIhAKM4Xl1DGHfOv0umGOVlytMmTlJ1lGbeQ1ln5eQsN\/WUAiAXF9+WZLpST68j+XxOh\/6IwCRmaU38MkDIIKAlomW4dg==\"}","payload":"{\"ip\":\"192.168.1.102\",\"cert\":\"MIIBKjCB0KADAgECAhQ4Y7ju1gF20HgInu21PT9KBF9GTjAKBggqhkjOPQQDAjAVMRMwEQYDVQQDDApUVE00OTA1IENBMB4XDTIyMDMwMjA4MTMwOFoXDTIyMDQwMTA4MTMwOFowFTETMBEGA1UEAwwKMkB0ZXN0LmNvbTBZMBMGByqGSM49AgEGCCqGSM49AwEHA0IABDX5T5uShCqkaYlTAy\/9VnhpRfnnSG2sAgctv3by+PKya\/r2mK8OJaQoxOgtLPG0ySplNzqjftpvpo9Bjvd0g+8wCgYIKoZIzj0EAwIDSQAwRgIhANJZaiGCzyMc0M9Mg6RUCQNvccvHzRriGV1nkrTpgOY1AiEAri0DXI3WN0YunHCU1hOof9OsF4kPTmXqIYrI5CUW3Cw=\"}","mt":"FULL_LEDGER","sig":"MEUCIQDqeCks+BAn7Fokn5pgUcaY8A6w0V+CmiCPFWUpdKgeKwIgazHvexy8XQ7\/cvYRbmgIP+av7ipbTvX8U0p9e1MGz9Q=","nonce":1109369541,"seq":0,"tot":2}, {"sender":"3@test.com","payload":"{\"ip\":\"192.168.1.150\",\"cert\":\"MIIBKTCB0KADAgECAhQx2drGMEbzx2qb3kW8xg1ERD77ejAKBggqhkjOPQQDAjAVMRMwEQYDVQQDDApUVE00OTA1IENBMB4XDTIyMDMwMTE0MDYwNloXDTIyMDMzMTE0MDYwNlowFTETMBEGA1UEAwwKM0B0ZXN0LmNvbTBZMBMGByqGSM49AgEGCCqGSM49AwEHA0IABC+xOTkmX6a0H6eidB85Da0CbmYg10XwNz19SCaEheU1Pnhjz+I+DyVNXvPft4T5YY\/Na+qO1xeH4N82RLPGZG4wCgYIKoZIzj0EAwIDSAAwRQIhAKM4Xl1DGHfOv0umGOVlytMmTlJ1lGbeQ1ln5eQsN\/WUAiAXF9+WZLpST68j+XxOh\/6IwCRmaU38MkDIIKAlomW4dg==\"}","mt":"FULL_LEDGER","sig":"MEUCIQC6sqLW\/8FILxOB9ZMmyrMnq7kiKu40AH4F+66zllJ8KgIgcoKxT4E+xwPzZFhApS7fKP\/+h4f1\/BX4cTkINubc7\/s=","nonce":1109369541,"seq":1,"tot":2}, {"sender":"3@test.com","payload":"{\"ip\":\"192.168.1.96\",\"cert\":\"MIIBKjCB0KADAgECAhQFGtbY2BBfIilHmVHfmz1ibePqCTAKBggqhkjOPQQDAjAVMRMwEQYDVQQDDApUVE00OTA1IENBMB4XDTIyMDMwMTE0MDg1MVoXDTIyMDMzMTE0MDg1MVowFTETMBEGA1UEAwwKNUB0ZXN0LmNvbTBZMBMGByqGSM49AgEGCCqGSM49AwEHA0IABM0SKT7roPGNC1d52qLjFf8A++6+ejGXhEz\/RZOJFR1j7rRmQIgaxqH+EAJzNBYhPBDjl1Sf\/Lsjr0vAoPml3eUwCgYIKoZIzj0EAwIDSQAwRgIhAPcOKfuB+KByJXxphcvx1eVN2EVlksqOSofHq3BTh+oSAiEA7+Kmz9U75Bg3JXvTLGnz\/X5DqCaZD0GxKGePXFq7DUE=\"}","mt":"FULL_LEDGER","sig":"MEYCIQDsMz2MzeQTzhP+KSNDcWUXLlzkBn6ErYV+zWaQAWg13gIhAKQoEmAYPlZB9k1yorV1a4asGmB\/vRMeNlUOd1I1Fq9g","nonce":1109369541,"seq":2,"tot":2}]
03-02 10:28:43.122 25096 25715 D MulticastServer: Received hash from 2@test.com: 311d1114a8fbdc49f81b8496ad90e469e40617b8bd7639123916618b1a6a1fda
03-02 10:28:43.611 25096 25730 D MulticastServer: Broadcast block received {"ip":"192.168.1.126","cert":"MIIBKTCB0KADAgECAhRYB2Z/cqTmwQTbrhYf9v5lzVW+YjAKBggqhkjOPQQDAjAVMRMwEQYDVQQDDApUVE00OTA1IENBMB4XDTIyMDMwMTE0MTYzNVoXDTIyMDMzMTE0MTYzNVowFTETMBEGA1UEAwwKNkB0ZXN0LmNvbTBZMBMGByqGSM49AgEGCCqGSM49AwEHA0IABAYvxEyQgnJqCupzRJy6aDpuP4erW5GpSxzJ8zvy/WUXQAxLhv+z1Ufnl8ibD+dvXyRrW5CWmfEfUDbHIrhH0RYwCgYIKoZIzj0EAwIDSAAwRQIgORT+4WycNDSTneeqB9XlWe9PgCi139fukuacTIRzFHMCIQCn0eHVbKOQuveD+6D+8mZsMSWoUK/4EEnmk+W3T8NSXw=="}
03-02 10:28:43.612 25096 25721 D MulticastServer: Broadcast block received {"ip":"192.168.1.126","cert":"MIIBKTCB0KADAgECAhRYB2Z/cqTmwQTbrhYf9v5lzVW+YjAKBggqhkjOPQQDAjAVMRMwEQYDVQQDDApUVE00OTA1IENBMB4XDTIyMDMwMTE0MTYzNVoXDTIyMDMzMTE0MTYzNVowFTETMBEGA1UEAwwKNkB0ZXN0LmNvbTBZMBMGByqGSM49AgEGCCqGSM49AwEHA0IABAYvxEyQgnJqCupzRJy6aDpuP4erW5GpSxzJ8zvy/WUXQAxLhv+z1Ufnl8ibD+dvXyRrW5CWmfEfUDbHIrhH0RYwCgYIKoZIzj0EAwIDSAAwRQIgORT+4WycNDSTneeqB9XlWe9PgCi139fukuacTIRzFHMCIQCn0eHVbKOQuveD+6D+8mZsMSWoUK/4EEnmk+W3T8NSXw=="}
03-02 10:28:44.020 25096 25721 D MulticastServer: Broadcast block received {"ip":"192.168.1.126","cert":"MIIBKTCB0KADAgECAhRYB2Z/cqTmwQTbrhYf9v5lzVW+YjAKBggqhkjOPQQDAjAVMRMwEQYDVQQDDApUVE00OTA1IENBMB4XDTIyMDMwMTE0MTYzNVoXDTIyMDMzMTE0MTYzNVowFTETMBEGA1UEAwwKNkB0ZXN0LmNvbTBZMBMGByqGSM49AgEGCCqGSM49AwEHA0IABAYvxEyQgnJqCupzRJy6aDpuP4erW5GpSxzJ8zvy/WUXQAxLhv+z1Ufnl8ibD+dvXyRrW5CWmfEfUDbHIrhH0RYwCgYIKoZIzj0EAwIDSAAwRQIgORT+4WycNDSTneeqB9XlWe9PgCi139fukuacTIRzFHMCIQCn0eHVbKOQuveD+6D+8mZsMSWoUK/4EEnmk+W3T8NSXw=="}
03-02 10:28:44.023 25096 25730 D MulticastServer: Broadcast block received {"ip":"192.168.1.126","cert":"MIIBKTCB0KADAgECAhRYB2Z/cqTmwQTbrhYf9v5lzVW+YjAKBggqhkjOPQQDAjAVMRMwEQYDVQQDDApUVE00OTA1IENBMB4XDTIyMDMwMTE0MTYzNVoXDTIyMDMzMTE0MTYzNVowFTETMBEGA1UEAwwKNkB0ZXN0LmNvbTBZMBMGByqGSM49AgEGCCqGSM49AwEHA0IABAYvxEyQgnJqCupzRJy6aDpuP4erW5GpSxzJ8zvy/WUXQAxLhv+z1Ufnl8ibD+dvXyRrW5CWmfEfUDbHIrhH0RYwCgYIKoZIzj0EAwIDSAAwRQIgORT+4WycNDSTneeqB9XlWe9PgCi139fukuacTIRzFHMCIQCn0eHVbKOQuveD+6D+8mZsMSWoUK/4EEnmk+W3T8NSXw=="}
03-02 10:28:53.045 25096 25783 D RegistrationHandler: ACCEPTED_LEDGER 1109369541 3
03-02 10:28:53.061 25096 25783 D MulticastServer: Registration process finished: 1109369541
03-02 10:28:58.047 25096 25721 D MulticastServer: Registration process started with nonce: 1447100513
03-02 10:28:58.051 25096 25721 D MulticastServer: Received request for ledger with nonce: 1447100513.
03-02 10:28:58.114 25096 25764 D MulticastClient: Sent messages: [{"sender":"{\"ip\":\"192.168.1.150\",\"cert\":\"MIIBKTCB0KADAgECAhQx2drGMEbzx2qb3kW8xg1ERD77ejAKBggqhkjOPQQDAjAVMRMwEQYDVQQDDApUVE00OTA1IENBMB4XDTIyMDMwMTE0MDYwNloXDTIyMDMzMTE0MDYwNlowFTETMBEGA1UEAwwKM0B0ZXN0LmNvbTBZMBMGByqGSM49AgEGCCqGSM49AwEHA0IABC+xOTkmX6a0H6eidB85Da0CbmYg10XwNz19SCaEheU1Pnhjz+I+DyVNXvPft4T5YY\/Na+qO1xeH4N82RLPGZG4wCgYIKoZIzj0EAwIDSAAwRQIhAKM4Xl1DGHfOv0umGOVlytMmTlJ1lGbeQ1ln5eQsN\/WUAiAXF9+WZLpST68j+XxOh\/6IwCRmaU38MkDIIKAlomW4dg==\"}","payload":"842047dd0695e4a45225f2ee4f86855deaec89d203855adc66ba7ef24b8395ab","mt":"LEDGER_HASH","sig":"MEUCIDkKq4pv3Nhs1aohmGJJM4VDtNCyGAV0Ou4LLdLq94f0AiEAj07wFEuCyNh5An8mhMm1kIu9xfoU10xLCsIe4dZ9Ys0=","nonce":1447100513,"seq":0,"tot":0}]
03-02 10:28:58.594 25096 25715 D MulticastServer: Received hash from 2@test.com: 842047dd0695e4a45225f2ee4f86855deaec89d203855adc66ba7ef24b8395ab
03-02 10:28:58.607 25096 25721 D RegistrationHandler: FULL_LEDGER 1447100513
03-02 10:28:58.656 25096 25721 D MulticastServer: Broadcast block received {"ip":"192.168.1.90","cert":"MIIBKDCB0KADAgECAhQZbAmWWVr2VWp+hFAg1X7cJgO4sTAKBggqhkjOPQQDAjAVMRMwEQYDVQQDDApUVE00OTA1IENBMB4XDTIyMDMwMjA4MDg0NVoXDTIyMDQwMTA4MDg0NVowFTETMBEGA1UEAwwKMUB0ZXN0LmNvbTBZMBMGByqGSM49AgEGCCqGSM49AwEHA0IABM7xqjGMR7J9YHsC1Nm1FVwXeRWX2YBLnrPvjQWFuNoFCn6ZLLlFcCzFVHJJP3qKi5y+NQjSRLB7AWHDUv+DNT0wCgYIKoZIzj0EAwIDRwAwRAIgJih2I7KaHzCQQafhi8S+ulGfbkwGvOEmNjqTUInGhcUCIBGEnZPXeVvz1i5p7m0Y12Se4ZiumkNaeIWdn7SbRoir"}
03-02 10:28:58.987 25096 25764 D MulticastServer: Received hash from 2@test.com: 842047dd0695e4a45225f2ee4f86855deaec89d203855adc66ba7ef24b8395ab
03-02 10:28:59.476 25096 25764 D MulticastServer: Broadcast block received {"ip":"192.168.1.90","cert":"MIIBKDCB0KADAgECAhQZbAmWWVr2VWp+hFAg1X7cJgO4sTAKBggqhkjOPQQDAjAVMRMwEQYDVQQDDApUVE00OTA1IENBMB4XDTIyMDMwMjA4MDg0NVoXDTIyMDQwMTA4MDg0NVowFTETMBEGA1UEAwwKMUB0ZXN0LmNvbTBZMBMGByqGSM49AgEGCCqGSM49AwEHA0IABM7xqjGMR7J9YHsC1Nm1FVwXeRWX2YBLnrPvjQWFuNoFCn6ZLLlFcCzFVHJJP3qKi5y+NQjSRLB7AWHDUv+DNT0wCgYIKoZIzj0EAwIDRwAwRAIgJih2I7KaHzCQQafhi8S+ulGfbkwGvOEmNjqTUInGhcUCIBGEnZPXeVvz1i5p7m0Y12Se4ZiumkNaeIWdn7SbRoir"}
03-02 10:29:08.095 25096 25803 D RegistrationHandler: 1447100513 Accepted hash from 3@test.com: 842047dd0695e4a45225f2ee4f86855deaec89d203855adc66ba7ef24b8395ab
03-02 10:29:08.099 25096 25764 D MulticastClient: Sent messages: [{"sender":"","payload":"3@test.com:842047dd0695e4a45225f2ee4f86855deaec89d203855adc66ba7ef24b8395ab","mt":"REQUEST_SPECIFIC_LEDGER","sig":"","nonce":287271647,"seq":0,"tot":0}]
03-02 10:29:08.101 25096 25721 D MulticastServer: Received request for 3@test.com to send ledger with hash 842047dd0695e4a45225f2ee4f86855deaec89d203855adc66ba7ef24b8395ab
03-02 10:29:08.182 25096 25721 D MulticastServer: Received request for 3@test.com to send ledger with hash 842047dd0695e4a45225f2ee4f86855deaec89d203855adc66ba7ef24b8395ab
03-02 10:29:08.506 25096 25721 D MulticastServer: Received request for 3@test.com to send ledger with hash 842047dd0695e4a45225f2ee4f86855deaec89d203855adc66ba7ef24b8395ab
03-02 10:29:08.586 25096 25721 D MulticastServer: Received request for 3@test.com to send ledger with hash 842047dd0695e4a45225f2ee4f86855deaec89d203855adc66ba7ef24b8395ab
03-02 10:29:08.908 25096 25764 D MulticastServer: Received request for 3@test.com to send ledger with hash 842047dd0695e4a45225f2ee4f86855deaec89d203855adc66ba7ef24b8395ab
03-02 10:29:08.937 25096 25805 D RegistrationHandler: 1447100513 Accepted hash from 3@test.com: 842047dd0695e4a45225f2ee4f86855deaec89d203855adc66ba7ef24b8395ab
03-02 10:29:08.941 25096 25764 D MulticastClient: Sent messages: [{"sender":"","payload":"3@test.com:842047dd0695e4a45225f2ee4f86855deaec89d203855adc66ba7ef24b8395ab","mt":"REQUEST_SPECIFIC_LEDGER","sig":"","nonce":1598874337,"seq":0,"tot":0}]
03-02 10:29:08.945 25096 25721 D MulticastServer: Received request for 3@test.com to send ledger with hash 842047dd0695e4a45225f2ee4f86855deaec89d203855adc66ba7ef24b8395ab
03-02 10:29:08.997 25096 25721 D MulticastServer: Received request for 3@test.com to send ledger with hash 842047dd0695e4a45225f2ee4f86855deaec89d203855adc66ba7ef24b8395ab
03-02 10:29:08.999 25096 25715 D MulticastServer: Received request for 2@test.com to send ledger with hash 842047dd0695e4a45225f2ee4f86855deaec89d203855adc66ba7ef24b8395ab
03-02 10:29:09.351 25096 25721 D MulticastServer: Received request for 3@test.com to send ledger with hash 842047dd0695e4a45225f2ee4f86855deaec89d203855adc66ba7ef24b8395ab
03-02 10:29:09.405 25096 25721 D MulticastServer: Received request for 2@test.com to send ledger with hash 842047dd0695e4a45225f2ee4f86855deaec89d203855adc66ba7ef24b8395ab
03-02 10:29:09.437 25096 25805 D RegistrationHandler: 1447100513 Accepted hash from 2@test.com: 842047dd0695e4a45225f2ee4f86855deaec89d203855adc66ba7ef24b8395ab
03-02 10:29:09.442 25096 25721 D MulticastClient: Sent messages: [{"sender":"","payload":"2@test.com:842047dd0695e4a45225f2ee4f86855deaec89d203855adc66ba7ef24b8395ab","mt":"REQUEST_SPECIFIC_LEDGER","sig":"","nonce":1352288793,"seq":0,"tot":0}]
03-02 10:29:09.446 25096 25730 D MulticastServer: Received request for 2@test.com to send ledger with hash 842047dd0695e4a45225f2ee4f86855deaec89d203855adc66ba7ef24b8395ab
03-02 10:29:09.506 25096 25715 D MulticastServer: Received request for 2@test.com to send ledger with hash 842047dd0695e4a45225f2ee4f86855deaec89d203855adc66ba7ef24b8395ab
03-02 10:29:09.753 25096 25764 D MulticastServer: Received request for 3@test.com to send ledger with hash 842047dd0695e4a45225f2ee4f86855deaec89d203855adc66ba7ef24b8395ab
03-02 10:29:09.830 25096 25764 D MulticastServer: Received request for 2@test.com to send ledger with hash 842047dd0695e4a45225f2ee4f86855deaec89d203855adc66ba7ef24b8395ab
03-02 10:29:09.851 25096 25764 D MulticastServer: Received request for 2@test.com to send ledger with hash 842047dd0695e4a45225f2ee4f86855deaec89d203855adc66ba7ef24b8395ab
03-02 10:29:09.917 25096 25764 D MulticastServer: Received request for 2@test.com to send ledger with hash 842047dd0695e4a45225f2ee4f86855deaec89d203855adc66ba7ef24b8395ab
03-02 10:29:09.922 25096 25764 D MulticastServer: Received request for 3@test.com to send ledger with hash 842047dd0695e4a45225f2ee4f86855deaec89d203855adc66ba7ef24b8395ab
03-02 10:29:09.937 25096 25805 D RegistrationHandler: 1447100513 Accepted hash from 3@test.com: 842047dd0695e4a45225f2ee4f86855deaec89d203855adc66ba7ef24b8395ab
03-02 10:29:09.941 25096 25764 D MulticastClient: Sent messages: [{"sender":"","payload":"3@test.com:842047dd0695e4a45225f2ee4f86855deaec89d203855adc66ba7ef24b8395ab","mt":"REQUEST_SPECIFIC_LEDGER","sig":"","nonce":1952485408,"seq":0,"tot":0}]
03-02 10:29:09.945 25096 25715 D MulticastServer: Received request for 3@test.com to send ledger with hash 842047dd0695e4a45225f2ee4f86855deaec89d203855adc66ba7ef24b8395ab
03-02 10:29:10.253 25096 25721 D MulticastServer: Received request for 2@test.com to send ledger with hash 842047dd0695e4a45225f2ee4f86855deaec89d203855adc66ba7ef24b8395ab
03-02 10:29:10.327 25096 25721 D MulticastServer: Received request for 2@test.com to send ledger with hash 842047dd0695e4a45225f2ee4f86855deaec89d203855adc66ba7ef24b8395ab
03-02 10:29:10.348 25096 25721 D MulticastServer: Received request for 3@test.com to send ledger with hash 842047dd0695e4a45225f2ee4f86855deaec89d203855adc66ba7ef24b8395ab
03-02 10:29:10.437 25096 25805 D MulticastServer: Registration process finished: 1447100513
03-02 10:29:10.737 25096 25721 D MulticastServer: Received request for 3@test.com to send ledger with hash 842047dd0695e4a45225f2ee4f86855deaec89d203855adc66ba7ef24b8395ab
03-02 10:29:10.751 25096 25721 D MulticastServer: Received request for 3@test.com to send ledger with hash 842047dd0695e4a45225f2ee4f86855deaec89d203855adc66ba7ef24b8395ab
03-02 10:29:13.101 25096 25721 D MulticastServer: Registration process started with nonce: 662310821
03-02 10:29:13.105 25096 25721 D MulticastServer: Received request for ledger with nonce: 662310821.
03-02 10:29:13.171 25096 25764 D MulticastClient: Sent messages: [{"sender":"{\"ip\":\"192.168.1.150\",\"cert\":\"MIIBKTCB0KADAgECAhQx2drGMEbzx2qb3kW8xg1ERD77ejAKBggqhkjOPQQDAjAVMRMwEQYDVQQDDApUVE00OTA1IENBMB4XDTIyMDMwMTE0MDYwNloXDTIyMDMzMTE0MDYwNlowFTETMBEGA1UEAwwKM0B0ZXN0LmNvbTBZMBMGByqGSM49AgEGCCqGSM49AwEHA0IABC+xOTkmX6a0H6eidB85Da0CbmYg10XwNz19SCaEheU1Pnhjz+I+DyVNXvPft4T5YY\/Na+qO1xeH4N82RLPGZG4wCgYIKoZIzj0EAwIDSAAwRQIhAKM4Xl1DGHfOv0umGOVlytMmTlJ1lGbeQ1ln5eQsN\/WUAiAXF9+WZLpST68j+XxOh\/6IwCRmaU38MkDIIKAlomW4dg==\"}","payload":"5e474f0105e7f1f592066cf3001ca590e6a7f132bb8914d8ffdc7dbe5851cfe1","mt":"LEDGER_HASH","sig":"MEUCIGlWSqdREfyaf56f7+VSEzFCmXLDl5\/VY6IQDOuqRRM6AiEAniXhe+AAaEjanpckdeyOZ\/32LNrb90zEcBvttyRB1\/E=","nonce":662310821,"seq":0,"tot":0}]
03-02 10:29:13.389 25096 25721 D MulticastServer: Received hash from 1@test.com: 537b0ea31ebf925fa5c6af9ab92c308acf3f1c601d20463bf1d7cd5ee43e5ef4
03-02 10:29:13.397 25096 25730 D MulticastServer: Received hash from 2@test.com: 5e474f0105e7f1f592066cf3001ca590e6a7f132bb8914d8ffdc7dbe5851cfe1
03-02 10:29:13.403 25096 25715 D RegistrationHandler: FULL_LEDGER 662310821
03-02 10:29:13.757 25096 25823 D RegistrationHandler: FULL_LEDGER 662310821
03-02 10:29:13.757 25096 25730 D RegistrationHandler: FULL_LEDGER 662310821
03-02 10:29:13.757 25096 25715 D RegistrationHandler: FULL_LEDGER 662310821
03-02 10:29:13.834 25096 25730 D RegistrationHandler: FULL_LEDGER 662310821
03-02 10:29:13.835 25096 25715 D RegistrationHandler: FULL_LEDGER 662310821
03-02 10:29:13.854 25096 25721 D RegistrationHandler: FULL_LEDGER 662310821
03-02 10:29:13.855 25096 25823 D RegistrationHandler: FULL_LEDGER 662310821
03-02 10:29:13.875 25096 25823 D RegistrationHandler: ACCEPTED_LEDGER 662310821 5
03-02 10:29:13.875 25096 25721 D RegistrationHandler: ACCEPTED_LEDGER 662310821 5
03-02 10:29:13.880 25096 25823 D MulticastServer: Registration process finished: 662310821
03-02 10:29:23.128 25096 25764 D MulticastServer: Received request for 2@test.com to send ledger with hash 5e474f0105e7f1f592066cf3001ca590e6a7f132bb8914d8ffdc7dbe5851cfe1
03-02 10:29:23.276 25096 25764 D MulticastServer: Registration process started with nonce: 1335786512
03-02 10:29:23.344 25096 25721 D MulticastServer: Registration process started with nonce: 537614176
03-02 10:29:23.544 25096 25764 D MulticastServer: Received request for 2@test.com to send ledger with hash 5e474f0105e7f1f592066cf3001ca590e6a7f132bb8914d8ffdc7dbe5851cfe1
03-02 10:29:23.546 25096 25764 D MulticastServer: Received request for 2@test.com to send ledger with hash 5e474f0105e7f1f592066cf3001ca590e6a7f132bb8914d8ffdc7dbe5851cfe1
03-02 10:29:23.636 25096 25764 D MulticastServer: Received request for 2@test.com to send ledger with hash 5e474f0105e7f1f592066cf3001ca590e6a7f132bb8914d8ffdc7dbe5851cfe1
03-02 10:29:23.698 25096 25764 D RegistrationHandler: FULL_LEDGER 1335786512
03-02 10:29:23.768 25096 25764 D RegistrationHandler: FULL_LEDGER 537614176
03-02 10:29:23.781 25096 25715 D RegistrationHandler: FULL_LEDGER 537614176
03-02 10:29:23.796 25096 25764 D RegistrationHandler: FULL_LEDGER 1335786512
03-02 10:29:23.796 25096 25715 D RegistrationHandler: FULL_LEDGER 1335786512
03-02 10:29:23.809 25096 25715 D RegistrationHandler: FULL_LEDGER 1335786512
03-02 10:29:23.814 25096 25764 D RegistrationHandler: FULL_LEDGER 1335786512
03-02 10:29:23.819 25096 25715 D RegistrationHandler: FULL_LEDGER 1335786512
03-02 10:29:23.824 25096 25715 D MulticastServer: Registration process started with nonce: 77323353
03-02 10:29:23.963 25096 25715 D MulticastServer: Received request for 2@test.com to send ledger with hash 5e474f0105e7f1f592066cf3001ca590e6a7f132bb8914d8ffdc7dbe5851cfe1
03-02 10:29:23.964 25096 25715 D MulticastServer: Received request for 2@test.com to send ledger with hash 5e474f0105e7f1f592066cf3001ca590e6a7f132bb8914d8ffdc7dbe5851cfe1
03-02 10:29:24.048 25096 25715 D MulticastServer: Received request for 2@test.com to send ledger with hash 5e474f0105e7f1f592066cf3001ca590e6a7f132bb8914d8ffdc7dbe5851cfe1
03-02 10:29:24.098 25096 25764 D RegistrationHandler: FULL_LEDGER 1335786512
03-02 10:29:24.101 25096 25715 D RegistrationHandler: FULL_LEDGER 1335786512
03-02 10:29:24.105 25096 25730 D RegistrationHandler: FULL_LEDGER 1335786512
03-02 10:29:24.110 25096 25721 D RegistrationHandler: FULL_LEDGER 1335786512
03-02 10:29:24.115 25096 25823 D RegistrationHandler: FULL_LEDGER 1335786512
03-02 10:29:24.118 25096 25764 D RegistrationHandler: FULL_LEDGER 537614176
03-02 10:29:24.119 25096 25730 D RegistrationHandler: FULL_LEDGER 537614176
03-02 10:29:24.215 25096 25715 D RegistrationHandler: FULL_LEDGER 1335786512
03-02 10:29:24.216 25096 25825 D RegistrationHandler: FULL_LEDGER 1335786512
03-02 10:29:24.221 25096 25823 D RegistrationHandler: FULL_LEDGER 537614176
03-02 10:29:24.224 25096 25825 D RegistrationHandler: FULL_LEDGER 537614176
03-02 10:29:24.228 25096 25721 D RegistrationHandler: FULL_LEDGER 1335786512
03-02 10:29:24.229 25096 25730 D RegistrationHandler: FULL_LEDGER 537614176
03-02 10:29:24.229 25096 25764 D RegistrationHandler: FULL_LEDGER 1335786512
03-02 10:29:24.234 25096 25848 D RegistrationHandler: FULL_LEDGER 1335786512
03-02 10:29:24.239 25096 25851 D RegistrationHandler: FULL_LEDGER 537614176
03-02 10:29:24.243 25096 25849 D RegistrationHandler: FULL_LEDGER 537614176
03-02 10:29:24.246 25096 25715 D RegistrationHandler: FULL_LEDGER 537614176
03-02 10:29:24.253 25096 25715 D RegistrationHandler: FULL_LEDGER 537614176
03-02 10:29:24.283 25096 25838 D MulticastServer: Registration process finished: 1335786512
03-02 10:29:24.344 25096 25715 D RegistrationHandler: FULL_LEDGER 77323353
03-02 10:29:24.350 25096 25841 D MulticastServer: Registration process finished: 537614176
03-02 10:29:24.703 25096 25715 D RegistrationHandler: FULL_LEDGER 77323353
03-02 10:29:24.705 25096 25848 D RegistrationHandler: FULL_LEDGER 77323353
03-02 10:29:24.714 25096 25849 D RegistrationHandler: FULL_LEDGER 77323353
03-02 10:29:24.827 25096 25845 D MulticastServer: Registration process finished: 77323353
03-02 10:29:25.021 25096 25849 D MulticastServer: Received request for 2@test.com to send ledger with hash 5e474f0105e7f1f592066cf3001ca590e6a7f132bb8914d8ffdc7dbe5851cfe1
03-02 10:29:25.182 25096 25849 D MulticastServer: Registration process started with nonce: 148776318
03-02 10:29:25.186 25096 25848 D MulticastServer: Registration process started with nonce: 148776318
03-02 10:29:25.273 25096 25851 D MulticastServer: Broadcast block received {"ip":"192.168.1.97","cert":"MIIBKTCB0KADAgECAhQa8Bd7lH/BLTyi7ywd3y9YYSzkrDAKBggqhkjOPQQDAjAVMRMwEQYDVQQDDApUVE00OTA1IENBMB4XDTIyMDMwMTE0MDczNloXDTIyMDMzMTE0MDczNlowFTETMBEGA1UEAwwKNEB0ZXN0LmNvbTBZMBMGByqGSM49AgEGCCqGSM49AwEHA0IABFrZCEM2z1G1fZpGXj9xAJVyw+42wNc+1Oh3OKk5VRIc59yR1r148usPgG5mreOanaKvWR1KjIOl3HTLksn8RnowCgYIKoZIzj0EAwIDSAAwRQIhAKAKAwK83UAGas8l7ThnEHKwV0I7DisWJ0yDYNVZVUusAiAzZGLYe63aJer14gingjWvIIMLb+EEx1ysVZJxKqm6iw=="}
03-02 10:29:25.285 25096 25849 D MulticastServer: Broadcast block received {"ip":"192.168.1.97","cert":"MIIBKTCB0KADAgECAhQa8Bd7lH/BLTyi7ywd3y9YYSzkrDAKBggqhkjOPQQDAjAVMRMwEQYDVQQDDApUVE00OTA1IENBMB4XDTIyMDMwMTE0MDczNloXDTIyMDMzMTE0MDczNlowFTETMBEGA1UEAwwKNEB0ZXN0LmNvbTBZMBMGByqGSM49AgEGCCqGSM49AwEHA0IABFrZCEM2z1G1fZpGXj9xAJVyw+42wNc+1Oh3OKk5VRIc59yR1r148usPgG5mreOanaKvWR1KjIOl3HTLksn8RnowCgYIKoZIzj0EAwIDSAAwRQIhAKAKAwK83UAGas8l7ThnEHKwV0I7DisWJ0yDYNVZVUusAiAzZGLYe63aJer14gingjWvIIMLb+EEx1ysVZJxKqm6iw=="}
03-02 10:29:25.646 25096 25849 D RegistrationHandler: FULL_LEDGER 148776318
03-02 10:29:26.192 25096 25855 D MulticastServer: Registration process finished: 148776318
round 7 of 10
03-02 10:29:48.049 25486 25950 D MulticastServer: MULTICAST_SERVER_LISTENING
03-02 10:29:48.053 25486 25953 D MulticastServer: Registration process started with nonce: 1370499297
03-02 10:29:48.064 25486 25951 D MulticastClient: Sent messages: [{"sender":"","payload":"","mt":"REQUEST_LEDGER","sig":"","nonce":1370499297,"seq":0,"tot":0}]
03-02 10:29:48.236 25486 25961 D RegistrationHandler: FULL_LEDGER 1370499297
03-02 10:29:58.062 25486 25954 D RegistrationHandler: ACCEPTED_LEDGER 1370499297 1
03-02 10:29:58.066 25486 25954 D RegistrationHandler: 1370499297 Registration started
03-02 10:29:58.102 25486 25954 D MulticastServer: Registration process finished: 1370499297
03-02 10:29:58.111 25486 25961 D MulticastClient: Sent messages: [{"sender":"3@test.com","payload":"{\"ip\":\"192.168.1.150\",\"cert\":\"MIIBKTCB0KADAgECAhQx2drGMEbzx2qb3kW8xg1ERD77ejAKBggqhkjOPQQDAjAVMRMwEQYDVQQDDApUVE00OTA1IENBMB4XDTIyMDMwMTE0MDYwNloXDTIyMDMzMTE0MDYwNlowFTETMBEGA1UEAwwKM0B0ZXN0LmNvbTBZMBMGByqGSM49AgEGCCqGSM49AwEHA0IABC+xOTkmX6a0H6eidB85Da0CbmYg10XwNz19SCaEheU1Pnhjz+I+DyVNXvPft4T5YY\/Na+qO1xeH4N82RLPGZG4wCgYIKoZIzj0EAwIDSAAwRQIhAKM4Xl1DGHfOv0umGOVlytMmTlJ1lGbeQ1ln5eQsN\/WUAiAXF9+WZLpST68j+XxOh\/6IwCRmaU38MkDIIKAlomW4dg==\"}","mt":"BROADCAST_BLOCK","sig":"MEUCIQDOUBlWEOeDJI2LIOC4Qx2bFBsotDWVfcCWCA1QW\/Kv1QIgL5VFyOISSZGQXZNrNnL\/8BC0dVDzAnD4Ohk3boYKpjI=","nonce":1370499297,"seq":0,"tot":0}]
03-02 10:30:03.374 25486 25961 D MulticastServer: Registration process started with nonce: 1811311208
03-02 10:30:03.379 25486 25961 D MulticastServer: Received request for ledger with nonce: 1811311208.
03-02 10:30:03.462 25486 25960 D MulticastClient: Sent messages: [{"sender":"{\"ip\":\"192.168.1.150\",\"cert\":\"MIIBKTCB0KADAgECAhQx2drGMEbzx2qb3kW8xg1ERD77ejAKBggqhkjOPQQDAjAVMRMwEQYDVQQDDApUVE00OTA1IENBMB4XDTIyMDMwMTE0MDYwNloXDTIyMDMzMTE0MDYwNlowFTETMBEGA1UEAwwKM0B0ZXN0LmNvbTBZMBMGByqGSM49AgEGCCqGSM49AwEHA0IABC+xOTkmX6a0H6eidB85Da0CbmYg10XwNz19SCaEheU1Pnhjz+I+DyVNXvPft4T5YY\/Na+qO1xeH4N82RLPGZG4wCgYIKoZIzj0EAwIDSAAwRQIhAKM4Xl1DGHfOv0umGOVlytMmTlJ1lGbeQ1ln5eQsN\/WUAiAXF9+WZLpST68j+XxOh\/6IwCRmaU38MkDIIKAlomW4dg==\"}","payload":"{\"ip\":\"192.168.1.102\",\"cert\":\"MIIBKjCB0KADAgECAhQ4Y7ju1gF20HgInu21PT9KBF9GTjAKBggqhkjOPQQDAjAVMRMwEQYDVQQDDApUVE00OTA1IENBMB4XDTIyMDMwMjA4MTMwOFoXDTIyMDQwMTA4MTMwOFowFTETMBEGA1UEAwwKMkB0ZXN0LmNvbTBZMBMGByqGSM49AgEGCCqGSM49AwEHA0IABDX5T5uShCqkaYlTAy\/9VnhpRfnnSG2sAgctv3by+PKya\/r2mK8OJaQoxOgtLPG0ySplNzqjftpvpo9Bjvd0g+8wCgYIKoZIzj0EAwIDSQAwRgIhANJZaiGCzyMc0M9Mg6RUCQNvccvHzRriGV1nkrTpgOY1AiEAri0DXI3WN0YunHCU1hOof9OsF4kPTmXqIYrI5CUW3Cw=\"}","mt":"FULL_LEDGER","sig":"MEUCIQDNRIHzsMIsk5QLASCuDYMXrM0Jp2QBp\/MbzbBsn4lLqQIgCx2ORydqkxdU0Ld2019sWvqFa3WtipEBVQLdCzh26is=","nonce":1811311208,"seq":0,"tot":1}, {"sender":"3@test.com","payload":"{\"ip\":\"192.168.1.150\",\"cert\":\"MIIBKTCB0KADAgECAhQx2drGMEbzx2qb3kW8xg1ERD77ejAKBggqhkjOPQQDAjAVMRMwEQYDVQQDDApUVE00OTA1IENBMB4XDTIyMDMwMTE0MDYwNloXDTIyMDMzMTE0MDYwNlowFTETMBEGA1UEAwwKM0B0ZXN0LmNvbTBZMBMGByqGSM49AgEGCCqGSM49AwEHA0IABC+xOTkmX6a0H6eidB85Da0CbmYg10XwNz19SCaEheU1Pnhjz+I+DyVNXvPft4T5YY\/Na+qO1xeH4N82RLPGZG4wCgYIKoZIzj0EAwIDSAAwRQIhAKM4Xl1DGHfOv0umGOVlytMmTlJ1lGbeQ1ln5eQsN\/WUAiAXF9+WZLpST68j+XxOh\/6IwCRmaU38MkDIIKAlomW4dg==\"}","mt":"FULL_LEDGER","sig":"MEUCIEUAIhVnoqBIMR1onjFxivJdnkWUqHh5DwktNjcZFNLoAiEA\/8wG1ycPVmEJZw3DLLEMo4ZFr0TCdDu\/4gq\/8UW6qdo=","nonce":1811311208,"seq":1,"tot":1}]
03-02 10:30:13.410 25486 25960 D MulticastServer: Broadcast block received {"ip":"192.168.1.96","cert":"MIIBKjCB0KADAgECAhQFGtbY2BBfIilHmVHfmz1ibePqCTAKBggqhkjOPQQDAjAVMRMwEQYDVQQDDApUVE00OTA1IENBMB4XDTIyMDMwMTE0MDg1MVoXDTIyMDMzMTE0MDg1MVowFTETMBEGA1UEAwwKNUB0ZXN0LmNvbTBZMBMGByqGSM49AgEGCCqGSM49AwEHA0IABM0SKT7roPGNC1d52qLjFf8A++6+ejGXhEz/RZOJFR1j7rRmQIgaxqH+EAJzNBYhPBDjl1Sf/Lsjr0vAoPml3eUwCgYIKoZIzj0EAwIDSQAwRgIhAPcOKfuB+KByJXxphcvx1eVN2EVlksqOSofHq3BTh+oSAiEA7+Kmz9U75Bg3JXvTLGnz/X5DqCaZD0GxKGePXFq7DUE="}
03-02 10:30:13.432 25486 26006 D RegistrationHandler: ACCEPTED_LEDGER 1811311208 2
03-02 10:30:13.439 25486 26006 D MulticastServer: Registration process finished: 1811311208
03-02 10:30:13.821 25486 25960 D MulticastServer: Broadcast block received {"ip":"192.168.1.96","cert":"MIIBKjCB0KADAgECAhQFGtbY2BBfIilHmVHfmz1ibePqCTAKBggqhkjOPQQDAjAVMRMwEQYDVQQDDApUVE00OTA1IENBMB4XDTIyMDMwMTE0MDg1MVoXDTIyMDMzMTE0MDg1MVowFTETMBEGA1UEAwwKNUB0ZXN0LmNvbTBZMBMGByqGSM49AgEGCCqGSM49AwEHA0IABM0SKT7roPGNC1d52qLjFf8A++6+ejGXhEz/RZOJFR1j7rRmQIgaxqH+EAJzNBYhPBDjl1Sf/Lsjr0vAoPml3eUwCgYIKoZIzj0EAwIDSQAwRgIhAPcOKfuB+KByJXxphcvx1eVN2EVlksqOSofHq3BTh+oSAiEA7+Kmz9U75Bg3JXvTLGnz/X5DqCaZD0GxKGePXFq7DUE="}
03-02 10:30:14.228 25486 25960 D MulticastServer: Broadcast block received {"ip":"192.168.1.96","cert":"MIIBKjCB0KADAgECAhQFGtbY2BBfIilHmVHfmz1ibePqCTAKBggqhkjOPQQDAjAVMRMwEQYDVQQDDApUVE00OTA1IENBMB4XDTIyMDMwMTE0MDg1MVoXDTIyMDMzMTE0MDg1MVowFTETMBEGA1UEAwwKNUB0ZXN0LmNvbTBZMBMGByqGSM49AgEGCCqGSM49AwEHA0IABM0SKT7roPGNC1d52qLjFf8A++6+ejGXhEz/RZOJFR1j7rRmQIgaxqH+EAJzNBYhPBDjl1Sf/Lsjr0vAoPml3eUwCgYIKoZIzj0EAwIDSQAwRgIhAPcOKfuB+KByJXxphcvx1eVN2EVlksqOSofHq3BTh+oSAiEA7+Kmz9U75Bg3JXvTLGnz/X5DqCaZD0GxKGePXFq7DUE="}
03-02 10:30:17.714 25486 25960 D MulticastServer: Registration process started with nonce: 1190645618
03-02 10:30:17.720 25486 25960 D MulticastServer: Received request for ledger with nonce: 1190645618.
03-02 10:30:17.773 25486 25951 D MulticastClient: Sent messages: [{"sender":"{\"ip\":\"192.168.1.150\",\"cert\":\"MIIBKTCB0KADAgECAhQx2drGMEbzx2qb3kW8xg1ERD77ejAKBggqhkjOPQQDAjAVMRMwEQYDVQQDDApUVE00OTA1IENBMB4XDTIyMDMwMTE0MDYwNloXDTIyMDMzMTE0MDYwNlowFTETMBEGA1UEAwwKM0B0ZXN0LmNvbTBZMBMGByqGSM49AgEGCCqGSM49AwEHA0IABC+xOTkmX6a0H6eidB85Da0CbmYg10XwNz19SCaEheU1Pnhjz+I+DyVNXvPft4T5YY\/Na+qO1xeH4N82RLPGZG4wCgYIKoZIzj0EAwIDSAAwRQIhAKM4Xl1DGHfOv0umGOVlytMmTlJ1lGbeQ1ln5eQsN\/WUAiAXF9+WZLpST68j+XxOh\/6IwCRmaU38MkDIIKAlomW4dg==\"}","payload":"{\"ip\":\"192.168.1.102\",\"cert\":\"MIIBKjCB0KADAgECAhQ4Y7ju1gF20HgInu21PT9KBF9GTjAKBggqhkjOPQQDAjAVMRMwEQYDVQQDDApUVE00OTA1IENBMB4XDTIyMDMwMjA4MTMwOFoXDTIyMDQwMTA4MTMwOFowFTETMBEGA1UEAwwKMkB0ZXN0LmNvbTBZMBMGByqGSM49AgEGCCqGSM49AwEHA0IABDX5T5uShCqkaYlTAy\/9VnhpRfnnSG2sAgctv3by+PKya\/r2mK8OJaQoxOgtLPG0ySplNzqjftpvpo9Bjvd0g+8wCgYIKoZIzj0EAwIDSQAwRgIhANJZaiGCzyMc0M9Mg6RUCQNvccvHzRriGV1nkrTpgOY1AiEAri0DXI3WN0YunHCU1hOof9OsF4kPTmXqIYrI5CUW3Cw=\"}","mt":"FULL_LEDGER","sig":"MEUCIQCDG92YpA7SmCgTo0TX6muuW6y9+gYG9VGRwOmawJHzVQIgO64Q7ff+aMry80yPzUQHHIAf\/6nnMzGzGXKtpTJfDkY=","nonce":1190645618,"seq":0,"tot":2}, {"sender":"3@test.com","payload":"{\"ip\":\"192.168.1.150\",\"cert\":\"MIIBKTCB0KADAgECAhQx2drGMEbzx2qb3kW8xg1ERD77ejAKBggqhkjOPQQDAjAVMRMwEQYDVQQDDApUVE00OTA1IENBMB4XDTIyMDMwMTE0MDYwNloXDTIyMDMzMTE0MDYwNlowFTETMBEGA1UEAwwKM0B0ZXN0LmNvbTBZMBMGByqGSM49AgEGCCqGSM49AwEHA0IABC+xOTkmX6a0H6eidB85Da0CbmYg10XwNz19SCaEheU1Pnhjz+I+DyVNXvPft4T5YY\/Na+qO1xeH4N82RLPGZG4wCgYIKoZIzj0EAwIDSAAwRQIhAKM4Xl1DGHfOv0umGOVlytMmTlJ1lGbeQ1ln5eQsN\/WUAiAXF9+WZLpST68j+XxOh\/6IwCRmaU38MkDIIKAlomW4dg==\"}","mt":"FULL_LEDGER","sig":"MEUCIE14vlvIKtgKIrQ1j2eWRjGywCfPzoEJdDDDTKtDF6TnAiEA73+o8pfqW\/Iy80x\/bqbtal0fyMYwWATCuAoVlnEXK6Y=","nonce":1190645618,"seq":1,"tot":2}, {"sender":"3@test.com","payload":"{\"ip\":\"192.168.1.96\",\"cert\":\"MIIBKjCB0KADAgECAhQFGtbY2BBfIilHmVHfmz1ibePqCTAKBggqhkjOPQQDAjAVMRMwEQYDVQQDDApUVE00OTA1IENBMB4XDTIyMDMwMTE0MDg1MVoXDTIyMDMzMTE0MDg1MVowFTETMBEGA1UEAwwKNUB0ZXN0LmNvbTBZMBMGByqGSM49AgEGCCqGSM49AwEHA0IABM0SKT7roPGNC1d52qLjFf8A++6+ejGXhEz\/RZOJFR1j7rRmQIgaxqH+EAJzNBYhPBDjl1Sf\/Lsjr0vAoPml3eUwCgYIKoZIzj0EAwIDSQAwRgIhAPcOKfuB+KByJXxphcvx1eVN2EVlksqOSofHq3BTh+oSAiEA7+Kmz9U75Bg3JXvTLGnz\/X5DqCaZD0GxKGePXFq7DUE=\"}","mt":"FULL_LEDGER","sig":"MEUCIHf8nEUJA+HkKushKK60JW\/re7ZjvSAZ0kSLZkcxATMzAiEA08WsT37X9tcVs74VZ3GtE9FKWuvFTa2a5C+l5uyopKE=","nonce":1190645618,"seq":2,"tot":2}]
03-02 10:30:17.852 25486 26060 D MulticastServer: Received hash from 2@test.com: 311d1114a8fbdc49f81b8496ad90e469e40617b8bd7639123916618b1a6a1fda
03-02 10:30:18.248 25486 26060 D MulticastServer: Received hash from 2@test.com: 311d1114a8fbdc49f81b8496ad90e469e40617b8bd7639123916618b1a6a1fda
03-02 10:30:18.430 25486 25960 D MulticastServer: Broadcast block received {"ip":"192.168.1.126","cert":"MIIBKTCB0KADAgECAhRYB2Z/cqTmwQTbrhYf9v5lzVW+YjAKBggqhkjOPQQDAjAVMRMwEQYDVQQDDApUVE00OTA1IENBMB4XDTIyMDMwMTE0MTYzNVoXDTIyMDMzMTE0MTYzNVowFTETMBEGA1UEAwwKNkB0ZXN0LmNvbTBZMBMGByqGSM49AgEGCCqGSM49AwEHA0IABAYvxEyQgnJqCupzRJy6aDpuP4erW5GpSxzJ8zvy/WUXQAxLhv+z1Ufnl8ibD+dvXyRrW5CWmfEfUDbHIrhH0RYwCgYIKoZIzj0EAwIDSAAwRQIgORT+4WycNDSTneeqB9XlWe9PgCi139fukuacTIRzFHMCIQCn0eHVbKOQuveD+6D+8mZsMSWoUK/4EEnmk+W3T8NSXw=="}
03-02 10:30:18.664 25486 25959 D MulticastServer: Received hash from 2@test.com: 311d1114a8fbdc49f81b8496ad90e469e40617b8bd7639123916618b1a6a1fda
03-02 10:30:18.837 25486 25959 D MulticastServer: Broadcast block received {"ip":"192.168.1.126","cert":"MIIBKTCB0KADAgECAhRYB2Z/cqTmwQTbrhYf9v5lzVW+YjAKBggqhkjOPQQDAjAVMRMwEQYDVQQDDApUVE00OTA1IENBMB4XDTIyMDMwMTE0MTYzNVoXDTIyMDMzMTE0MTYzNVowFTETMBEGA1UEAwwKNkB0ZXN0LmNvbTBZMBMGByqGSM49AgEGCCqGSM49AwEHA0IABAYvxEyQgnJqCupzRJy6aDpuP4erW5GpSxzJ8zvy/WUXQAxLhv+z1Ufnl8ibD+dvXyRrW5CWmfEfUDbHIrhH0RYwCgYIKoZIzj0EAwIDSAAwRQIgORT+4WycNDSTneeqB9XlWe9PgCi139fukuacTIRzFHMCIQCn0eHVbKOQuveD+6D+8mZsMSWoUK/4EEnmk+W3T8NSXw=="}
03-02 10:30:19.246 25486 25959 D MulticastServer: Broadcast block received {"ip":"192.168.1.126","cert":"MIIBKTCB0KADAgECAhRYB2Z/cqTmwQTbrhYf9v5lzVW+YjAKBggqhkjOPQQDAjAVMRMwEQYDVQQDDApUVE00OTA1IENBMB4XDTIyMDMwMTE0MTYzNVoXDTIyMDMzMTE0MTYzNVowFTETMBEGA1UEAwwKNkB0ZXN0LmNvbTBZMBMGByqGSM49AgEGCCqGSM49AwEHA0IABAYvxEyQgnJqCupzRJy6aDpuP4erW5GpSxzJ8zvy/WUXQAxLhv+z1Ufnl8ibD+dvXyRrW5CWmfEfUDbHIrhH0RYwCgYIKoZIzj0EAwIDSAAwRQIgORT+4WycNDSTneeqB9XlWe9PgCi139fukuacTIRzFHMCIQCn0eHVbKOQuveD+6D+8mZsMSWoUK/4EEnmk+W3T8NSXw=="}
03-02 10:30:27.771 25486 26057 D RegistrationHandler: ACCEPTED_LEDGER 1190645618 3
03-02 10:30:27.777 25486 26057 D MulticastServer: Registration process finished: 1190645618
03-02 10:30:33.083 25486 25959 D MulticastServer: Registration process started with nonce: 1252355591
03-02 10:30:33.088 25486 25959 D MulticastServer: Received request for ledger with nonce: 1252355591.
03-02 10:30:33.154 25486 25960 D MulticastClient: Sent messages: [{"sender":"{\"ip\":\"192.168.1.150\",\"cert\":\"MIIBKTCB0KADAgECAhQx2drGMEbzx2qb3kW8xg1ERD77ejAKBggqhkjOPQQDAjAVMRMwEQYDVQQDDApUVE00OTA1IENBMB4XDTIyMDMwMTE0MDYwNloXDTIyMDMzMTE0MDYwNlowFTETMBEGA1UEAwwKM0B0ZXN0LmNvbTBZMBMGByqGSM49AgEGCCqGSM49AwEHA0IABC+xOTkmX6a0H6eidB85Da0CbmYg10XwNz19SCaEheU1Pnhjz+I+DyVNXvPft4T5YY\/Na+qO1xeH4N82RLPGZG4wCgYIKoZIzj0EAwIDSAAwRQIhAKM4Xl1DGHfOv0umGOVlytMmTlJ1lGbeQ1ln5eQsN\/WUAiAXF9+WZLpST68j+XxOh\/6IwCRmaU38MkDIIKAlomW4dg==\"}","payload":"be27adff8a5ed0f040a91db4622ae1174bc3e895da677eb2b413c67351410350","mt":"LEDGER_HASH","sig":"MEQCIDc2kfEQAEiQbCBFnaJ3iOzGo7o5B8n\/qTuSIjCAlJoyAiA6lKcBDtYTrn9rmJk\/45RiFvNd6fkLCFNf\/BFovsNDQA==","nonce":1252355591,"seq":0,"tot":0}]
03-02 10:30:33.221 25486 25959 D MulticastServer: Received hash from 2@test.com: be27adff8a5ed0f040a91db4622ae1174bc3e895da677eb2b413c67351410350
03-02 10:30:33.224 25486 25951 D RegistrationHandler: FULL_LEDGER 1252355591
03-02 10:30:33.615 25486 26060 D MulticastServer: Received hash from 2@test.com: be27adff8a5ed0f040a91db4622ae1174bc3e895da677eb2b413c67351410350
03-02 10:30:33.769 25486 25959 D MulticastServer: Broadcast block received {"ip":"192.168.1.90","cert":"MIIBKDCB0KADAgECAhQZbAmWWVr2VWp+hFAg1X7cJgO4sTAKBggqhkjOPQQDAjAVMRMwEQYDVQQDDApUVE00OTA1IENBMB4XDTIyMDMwMjA4MDg0NVoXDTIyMDQwMTA4MDg0NVowFTETMBEGA1UEAwwKMUB0ZXN0LmNvbTBZMBMGByqGSM49AgEGCCqGSM49AwEHA0IABM7xqjGMR7J9YHsC1Nm1FVwXeRWX2YBLnrPvjQWFuNoFCn6ZLLlFcCzFVHJJP3qKi5y+NQjSRLB7AWHDUv+DNT0wCgYIKoZIzj0EAwIDRwAwRAIgJih2I7KaHzCQQafhi8S+ulGfbkwGvOEmNjqTUInGhcUCIBGEnZPXeVvz1i5p7m0Y12Se4ZiumkNaeIWdn7SbRoir"}
03-02 10:30:34.025 25486 26060 D MulticastServer: Received hash from 2@test.com: be27adff8a5ed0f040a91db4622ae1174bc3e895da677eb2b413c67351410350
03-02 10:30:34.099 25486 26060 D MulticastServer: Broadcast block received {"ip":"192.168.1.90","cert":"MIIBKDCB0KADAgECAhQZbAmWWVr2VWp+hFAg1X7cJgO4sTAKBggqhkjOPQQDAjAVMRMwEQYDVQQDDApUVE00OTA1IENBMB4XDTIyMDMwMjA4MDg0NVoXDTIyMDQwMTA4MDg0NVowFTETMBEGA1UEAwwKMUB0ZXN0LmNvbTBZMBMGByqGSM49AgEGCCqGSM49AwEHA0IABM7xqjGMR7J9YHsC1Nm1FVwXeRWX2YBLnrPvjQWFuNoFCn6ZLLlFcCzFVHJJP3qKi5y+NQjSRLB7AWHDUv+DNT0wCgYIKoZIzj0EAwIDRwAwRAIgJih2I7KaHzCQQafhi8S+ulGfbkwGvOEmNjqTUInGhcUCIBGEnZPXeVvz1i5p7m0Y12Se4ZiumkNaeIWdn7SbRoir"}
03-02 10:30:34.506 25486 26060 D MulticastServer: Broadcast block received {"ip":"192.168.1.90","cert":"MIIBKDCB0KADAgECAhQZbAmWWVr2VWp+hFAg1X7cJgO4sTAKBggqhkjOPQQDAjAVMRMwEQYDVQQDDApUVE00OTA1IENBMB4XDTIyMDMwMjA4MDg0NVoXDTIyMDQwMTA4MDg0NVowFTETMBEGA1UEAwwKMUB0ZXN0LmNvbTBZMBMGByqGSM49AgEGCCqGSM49AwEHA0IABM7xqjGMR7J9YHsC1Nm1FVwXeRWX2YBLnrPvjQWFuNoFCn6ZLLlFcCzFVHJJP3qKi5y+NQjSRLB7AWHDUv+DNT0wCgYIKoZIzj0EAwIDRwAwRAIgJih2I7KaHzCQQafhi8S+ulGfbkwGvOEmNjqTUInGhcUCIBGEnZPXeVvz1i5p7m0Y12Se4ZiumkNaeIWdn7SbRoir"}
03-02 10:30:43.121 25486 26081 D RegistrationHandler: ACCEPTED_LEDGER 1252355591 4
03-02 10:30:43.127 25486 26081 D MulticastServer: Registration process finished: 1252355591
03-02 10:30:43.409 25486 26060 D MulticastServer: Received request for 3@test.com to send ledger with hash be27adff8a5ed0f040a91db4622ae1174bc3e895da677eb2b413c67351410350
03-02 10:30:43.728 25486 26060 D MulticastServer: Received request for 3@test.com to send ledger with hash be27adff8a5ed0f040a91db4622ae1174bc3e895da677eb2b413c67351410350
03-02 10:30:43.729 25486 25960 D MulticastServer: Received request for 3@test.com to send ledger with hash be27adff8a5ed0f040a91db4622ae1174bc3e895da677eb2b413c67351410350
03-02 10:30:44.129 25486 25960 D MulticastServer: Received request for 3@test.com to send ledger with hash be27adff8a5ed0f040a91db4622ae1174bc3e895da677eb2b413c67351410350
03-02 10:30:44.130 25486 26060 D MulticastServer: Received request for 3@test.com to send ledger with hash be27adff8a5ed0f040a91db4622ae1174bc3e895da677eb2b413c67351410350
03-02 10:30:44.643 25486 25960 D MulticastServer: Received request for 3@test.com to send ledger with hash be27adff8a5ed0f040a91db4622ae1174bc3e895da677eb2b413c67351410350
03-02 10:30:44.950 25486 25960 D MulticastServer: Received request for 3@test.com to send ledger with hash be27adff8a5ed0f040a91db4622ae1174bc3e895da677eb2b413c67351410350
03-02 10:30:45.046 25486 25960 D MulticastServer: Received request for 3@test.com to send ledger with hash be27adff8a5ed0f040a91db4622ae1174bc3e895da677eb2b413c67351410350
03-02 10:30:48.230 25486 25960 D MulticastServer: Registration process started with nonce: 140057247
03-02 10:30:48.235 25486 25960 D MulticastServer: Received request for ledger with nonce: 140057247.
03-02 10:30:48.294 25486 26060 D MulticastClient: Sent messages: [{"sender":"{\"ip\":\"192.168.1.150\",\"cert\":\"MIIBKTCB0KADAgECAhQx2drGMEbzx2qb3kW8xg1ERD77ejAKBggqhkjOPQQDAjAVMRMwEQYDVQQDDApUVE00OTA1IENBMB4XDTIyMDMwMTE0MDYwNloXDTIyMDMzMTE0MDYwNlowFTETMBEGA1UEAwwKM0B0ZXN0LmNvbTBZMBMGByqGSM49AgEGCCqGSM49AwEHA0IABC+xOTkmX6a0H6eidB85Da0CbmYg10XwNz19SCaEheU1Pnhjz+I+DyVNXvPft4T5YY\/Na+qO1xeH4N82RLPGZG4wCgYIKoZIzj0EAwIDSAAwRQIhAKM4Xl1DGHfOv0umGOVlytMmTlJ1lGbeQ1ln5eQsN\/WUAiAXF9+WZLpST68j+XxOh\/6IwCRmaU38MkDIIKAlomW4dg==\"}","payload":"537b0ea31ebf925fa5c6af9ab92c308acf3f1c601d20463bf1d7cd5ee43e5ef4","mt":"LEDGER_HASH","sig":"MEYCIQD4RppW0eVwtywKGdZ11uco\/GBmLySfWEmn17LgCXSblAIhAL0MwJl+5m\/Dlek4IPbVbGGh+wRZJo2f5MrKrdzv47X9","nonce":140057247,"seq":0,"tot":0}]
03-02 10:30:49.259 25486 25951 D RegistrationHandler: FULL_LEDGER 140057247
03-02 10:30:50.380 25486 25951 D MulticastServer: Registration process started with nonce: 2026601595
03-02 10:30:50.385 25486 25951 D MulticastServer: Received request for ledger with nonce: 2026601595.
03-02 10:30:50.448 25486 25960 D MulticastClient: Sent messages: [{"sender":"{\"ip\":\"192.168.1.150\",\"cert\":\"MIIBKTCB0KADAgECAhQx2drGMEbzx2qb3kW8xg1ERD77ejAKBggqhkjOPQQDAjAVMRMwEQYDVQQDDApUVE00OTA1IENBMB4XDTIyMDMwMTE0MDYwNloXDTIyMDMzMTE0MDYwNlowFTETMBEGA1UEAwwKM0B0ZXN0LmNvbTBZMBMGByqGSM49AgEGCCqGSM49AwEHA0IABC+xOTkmX6a0H6eidB85Da0CbmYg10XwNz19SCaEheU1Pnhjz+I+DyVNXvPft4T5YY\/Na+qO1xeH4N82RLPGZG4wCgYIKoZIzj0EAwIDSAAwRQIhAKM4Xl1DGHfOv0umGOVlytMmTlJ1lGbeQ1ln5eQsN\/WUAiAXF9+WZLpST68j+XxOh\/6IwCRmaU38MkDIIKAlomW4dg==\"}","payload":"537b0ea31ebf925fa5c6af9ab92c308acf3f1c601d20463bf1d7cd5ee43e5ef4","mt":"LEDGER_HASH","sig":"MEUCIB79xedd1PMucelZ+1RxQd5ejaPqsjmGnzQ0UHG+E27gAiEA5TiaAAkSnx8iCU9UUQhrtvtFibyTN4yLxNbAB0YnnYw=","nonce":2026601595,"seq":0,"tot":0}]
03-02 10:30:50.482 25486 25959 D MulticastServer: Received hash from 1@test.com: fb3d2582144791721cb2709eebbe866bbf6521d82b3e217f10e253ef8d37c90d
03-02 10:30:50.892 25486 25951 D MulticastServer: Received hash from 1@test.com: fb3d2582144791721cb2709eebbe866bbf6521d82b3e217f10e253ef8d37c90d
03-02 10:30:50.947 25486 25951 D MulticastServer: Received hash from 2@test.com: fb3d2582144791721cb2709eebbe866bbf6521d82b3e217f10e253ef8d37c90d
03-02 10:30:51.302 25486 25960 D MulticastServer: Received hash from 1@test.com: fb3d2582144791721cb2709eebbe866bbf6521d82b3e217f10e253ef8d37c90d
