03-30 15:42:58.362  2314  2424 D RegistrationHandler: Has received 96 of 100 from 1@test.com
03-30 15:42:58.371  2314  2393 D RegistrationHandler: Has received 96 of 100 from 1@test.com
03-30 15:42:58.373  2314  2393 D RegistrationHandler: Has received 96 of 100 from 1@test.com
03-30 15:42:58.383  2314  2393 D RegistrationHandler: Has received 96 of 100 from 1@test.com
03-30 15:42:58.385  2314  2393 D RegistrationHandler: Has received 96 of 100 from 1@test.com
03-30 15:42:58.392  2314  2393 D RegistrationHandler: Has received 97 of 100 from 1@test.com
03-30 15:42:58.397  2314  2393 D RegistrationHandler: Has received 97 of 100 from 1@test.com
03-30 15:42:58.408  2314  2393 D RegistrationHandler: Has received 97 of 100 from 1@test.com
03-30 15:42:58.409  2314  2424 D RegistrationHandler: Has received 98 of 100 from 1@test.com
03-30 15:42:58.418  2314  2382 D RegistrationHandler: Has received 98 of 100 from 1@test.com
03-30 15:42:58.422  2314  2382 D RegistrationHandler: Has received 98 of 100 from 1@test.com
03-30 15:42:58.428  2314  2382 D RegistrationHandler: Has received 98 of 100 from 1@test.com
03-30 15:42:58.431  2314  2382 D RegistrationHandler: Has received 98 of 100 from 1@test.com
03-30 15:42:58.443  2314  2382 D RegistrationHandler: Has received 98 of 100 from 1@test.com
03-30 15:42:58.445  2314  2382 D RegistrationHandler: Has received 98 of 100 from 1@test.com
03-30 15:42:58.449  2314  2382 D RegistrationHandler: Has received 98 of 100 from 1@test.com
03-30 15:42:58.458  2314  2382 D RegistrationHandler: Has received 99 of 100 from 1@test.com
03-30 15:42:58.465  2314  2382 D RegistrationHandler: Has received 99 of 100 from 1@test.com
03-30 15:42:58.474  2314  2382 D RegistrationHandler: Has received 99 of 100 from 1@test.com
03-30 15:42:58.476  2314  2393 D RegistrationHandler: Has received 99 of 100 from 1@test.com
03-30 15:42:58.488  2314  2393 D RegistrationHandler: Has received 99 of 100 from 1@test.com
03-30 15:42:58.489  2314  2393 D RegistrationHandler: Has received 99 of 100 from 1@test.com
03-30 15:42:58.494  2314  2393 D RegistrationHandler: Has received 99 of 100 from 1@test.com
03-30 15:42:58.500  2314  2393 D RegistrationHandler: Has received 99 of 100 from 1@test.com
03-30 15:42:58.511  2314  2393 D RegistrationHandler: Has received 99 of 100 from 1@test.com
03-30 15:42:58.519  2314  2393 D RegistrationHandler: Has received 100 of 100 from 1@test.com
03-30 15:42:58.522  2314  2382 D RegistrationHandler: Has received 100 of 100 from 1@test.com
03-30 15:42:58.527  2314  2424 D RegistrationHandler: Has received 100 of 100 from 1@test.com
03-30 15:42:58.534  2314  2425 D RegistrationHandler: Has received 100 of 100 from 1@test.com
03-30 15:42:58.536  2314  2431 D RegistrationHandler: Has received 100 of 100 from 1@test.com
03-30 15:42:58.543  2314  2455 D RegistrationHandler: Has received 100 of 100 from 1@test.com
03-30 15:42:58.545  2314  2456 D RegistrationHandler: Has received 100 of 100 from 1@test.com
03-30 15:42:58.556  2314  2457 D RegistrationHandler: Has received 100 of 100 from 1@test.com
03-30 15:42:58.563  2314  2393 D RegistrationHandler: Received full ledger from 1@test.com with nonce 1689195045
03-30 15:42:58.563  2314  2393 D RegistrationHandler: FULL_LEDGER 1689195045
03-30 15:42:58.581  2314  2425 D RegistrationHandler: Received full ledger from 1@test.com with nonce 1689195045
03-30 15:42:58.582  2314  2425 D RegistrationHandler: FULL_LEDGER 1689195045
03-30 15:42:58.584  2314  2424 D RegistrationHandler: Received full ledger from 1@test.com with nonce 1689195045
03-30 15:42:58.584  2314  2424 D RegistrationHandler: FULL_LEDGER 1689195045
03-30 15:42:58.586  2314  2382 D RegistrationHandler: Received full ledger from 1@test.com with nonce 1689195045
03-30 15:42:58.586  2314  2382 D RegistrationHandler: FULL_LEDGER 1689195045
03-30 15:42:58.589  2314  2455 D RegistrationHandler: Received full ledger from 1@test.com with nonce 1689195045
03-30 15:42:58.589  2314  2455 D RegistrationHandler: FULL_LEDGER 1689195045
03-30 15:42:58.589  2314  2456 D RegistrationHandler: Received full ledger from 1@test.com with nonce 1689195045
03-30 15:42:58.589  2314  2456 D RegistrationHandler: FULL_LEDGER 1689195045
03-30 15:42:58.594  2314  2431 D RegistrationHandler: Received full ledger from 1@test.com with nonce 1689195045
03-30 15:42:58.594  2314  2431 D RegistrationHandler: FULL_LEDGER 1689195045
03-30 15:42:58.609  2314  2457 D RegistrationHandler: Received full ledger from 1@test.com with nonce 1689195045
03-30 15:42:58.609  2314  2457 D RegistrationHandler: FULL_LEDGER 1689195045
03-30 15:42:58.775  2314  2457 D RegistrationHandler: Has received 100 of 100 fragments from 1@test.com
03-30 15:43:06.783  2314  2385 D RegistrationHandler: ACCEPTED_LEDGER 1689195045 100
03-30 15:43:06.820  2314  2385 D RegistrationHandler: 1689195045 The accepted ledger contains: [0@test.com, 1@test.com, 2@test.com, 3@test.com, 4@test.com, 5@test.com, 6@test.com, 7@test.com, 8@test.com, 9@test.com, 10@test.com, 11@test.com, 12@test.com, 13@test.com, 14@test.com, 15@test.com, 16@test.com, 17@test.com, 18@test.com, 19@test.com, 20@test.com, 21@test.com, 22@test.com, 23@test.com, 24@test.com, 25@test.com, 26@test.com, 27@test.com, 28@test.com, 29@test.com, 30@test.com, 31@test.com, 32@test.com, 33@test.com, 34@test.com, 35@test.com, 36@test.com, 37@test.com, 38@test.com, 39@test.com, 40@test.com, 41@test.com, 42@test.com, 43@test.com, 44@test.com, 45@test.com, 46@test.com, 47@test.com, 48@test.com, 49@test.com, 50@test.com, 51@test.com, 52@test.com, 53@test.com, 54@test.com, 55@test.com, 56@test.com, 57@test.com, 58@test.com, 59@test.com, 60@test.com, 61@test.com, 62@test.com, 63@test.com, 64@test.com, 65@test.com, 66@test.com, 67@test.com, 68@test.com, 69@test.com, 70@test.com, 71@test.com, 72@test.com, 73@test.com, 74@test.com, 75@test.com, 76@test.com, 77@test.com, 78@test.com, 79@test.com, 80@test.com, 81@test.com, 82@test.com, 83@test.com, 84@test.com, 85@test.com, 86@test.com, 87@test.com, 88@test.com, 89@test.com, 90@test.com, 91@test.com, 92@test.com, 93@test.com, 94@test.com, 95@test.com, 96@test.com, 97@test.com, 98@test.com, 99@test.com]
03-30 15:43:06.820  2314  2385 D RegistrationHandler: 1689195045 Registration started
03-30 15:43:06.823  2314  2385 D MulticastServer: Registration process finished: 1689195045
round 5 of 5
03-30 15:43:16.493  2492  2564 D MulticastServer: Registration process started with nonce 1070067053
03-30 15:43:16.496  2492  2568 D MulticastClient: REQUEST_LEDGER 1070067053
03-30 15:43:16.497  2492  2568 D MulticastClient: Sent messages with 3 resends: [{"sender":"","payload":"","mt":"REQUEST_LEDGER","sig":"","nonce":1070067053,"seq":0,"tot":0}]
03-30 15:43:16.498  2492  2561 D MulticastServer: MULTICAST_SERVER_LISTENING
03-30 15:43:17.624  2492  2568 D RegistrationHandler: Has received 1 of 100 fragments from 1@test.com
03-30 15:43:17.626  2492  2584 D RegistrationHandler: Has received 2 of 100 from 1@test.com
03-30 15:43:17.626  2492  2585 D RegistrationHandler: Has received 3 of 100 from 1@test.com
03-30 15:43:17.628  2492  2585 D RegistrationHandler: Has received 4 of 100 from 1@test.com
03-30 15:43:17.635  2492  2585 D RegistrationHandler: Has received 5 of 100 from 1@test.com
03-30 15:43:17.661  2492  2568 D RegistrationHandler: Has received 6 of 100 from 1@test.com
03-30 15:43:17.815  2492  2568 D RegistrationHandler: Has received 7 of 100 from 1@test.com
03-30 15:43:17.816  2492  2585 D RegistrationHandler: Has received 8 of 100 from 1@test.com
03-30 15:43:17.821  2492  2584 D RegistrationHandler: Has received 9 of 100 from 1@test.com
03-30 15:43:17.831  2492  2584 D RegistrationHandler: Has received 10 of 100 from 1@test.com
03-30 15:43:17.835  2492  2585 D RegistrationHandler: Has received 11 of 100 from 1@test.com
03-30 15:43:17.841  2492  2585 D RegistrationHandler: Has received 12 of 100 from 1@test.com
03-30 15:43:17.850  2492  2585 D RegistrationHandler: Has received 13 of 100 from 1@test.com
03-30 15:43:17.852  2492  2584 D RegistrationHandler: Has received 14 of 100 from 1@test.com
03-30 15:43:17.856  2492  2584 D RegistrationHandler: Has received 15 of 100 from 1@test.com
03-30 15:43:17.865  2492  2584 D RegistrationHandler: Has received 16 of 100 from 1@test.com
03-30 15:43:17.869  2492  2584 D RegistrationHandler: Has received 17 of 100 from 1@test.com
03-30 15:43:17.878  2492  2584 D RegistrationHandler: Has received 18 of 100 from 1@test.com
03-30 15:43:17.881  2492  2584 D RegistrationHandler: Has received 19 of 100 from 1@test.com
03-30 15:43:17.885  2492  2584 D RegistrationHandler: Has received 20 of 100 from 1@test.com
03-30 15:43:17.892  2492  2584 D RegistrationHandler: Has received 21 of 100 from 1@test.com
03-30 15:43:17.900  2492  2584 D RegistrationHandler: Has received 22 of 100 from 1@test.com
03-30 15:43:17.903  2492  2584 D RegistrationHandler: Has received 23 of 100 from 1@test.com
03-30 15:43:17.918  2492  2584 D RegistrationHandler: Has received 24 of 100 from 1@test.com
03-30 15:43:17.924  2492  2584 D RegistrationHandler: Has received 25 of 100 from 1@test.com
03-30 15:43:17.929  2492  2584 D RegistrationHandler: Has received 26 of 100 from 1@test.com
03-30 15:43:17.931  2492  2584 D RegistrationHandler: Has received 27 of 100 from 1@test.com
03-30 15:43:17.941  2492  2584 D RegistrationHandler: Has received 28 of 100 from 1@test.com
03-30 15:43:17.944  2492  2584 D RegistrationHandler: Has received 29 of 100 from 1@test.com
03-30 15:43:17.952  2492  2584 D RegistrationHandler: Has received 30 of 100 from 1@test.com
03-30 15:43:17.956  2492  2584 D RegistrationHandler: Has received 31 of 100 from 1@test.com
03-30 15:43:17.965  2492  2584 D RegistrationHandler: Has received 32 of 100 from 1@test.com
03-30 15:43:17.968  2492  2584 D RegistrationHandler: Has received 33 of 100 from 1@test.com
03-30 15:43:17.977  2492  2584 D RegistrationHandler: Has received 34 of 100 from 1@test.com
03-30 15:43:17.980  2492  2584 D RegistrationHandler: Has received 35 of 100 from 1@test.com
03-30 15:43:17.993  2492  2584 D RegistrationHandler: Has received 36 of 100 from 1@test.com
03-30 15:43:18.000  2492  2584 D RegistrationHandler: Has received 37 of 100 from 1@test.com
03-30 15:43:18.004  2492  2584 D RegistrationHandler: Has received 38 of 100 from 1@test.com
03-30 15:43:18.015  2492  2584 D RegistrationHandler: Has received 39 of 100 from 1@test.com
03-30 15:43:18.018  2492  2584 D RegistrationHandler: Has received 40 of 100 from 1@test.com
03-30 15:43:18.026  2492  2584 D RegistrationHandler: Has received 41 of 100 from 1@test.com
03-30 15:43:18.034  2492  2584 D RegistrationHandler: Has received 42 of 100 from 1@test.com
03-30 15:43:18.036  2492  2584 D RegistrationHandler: Has received 43 of 100 from 1@test.com
03-30 15:43:18.045  2492  2584 D RegistrationHandler: Has received 44 of 100 from 1@test.com
03-30 15:43:18.071  2492  2584 D RegistrationHandler: Has received 45 of 100 from 1@test.com
03-30 15:43:18.079  2492  2584 D RegistrationHandler: Has received 46 of 100 from 1@test.com
03-30 15:43:18.095  2492  2584 D RegistrationHandler: Has received 47 of 100 from 1@test.com
03-30 15:43:18.097  2492  2584 D RegistrationHandler: Has received 48 of 100 from 1@test.com
03-30 15:43:18.114  2492  2584 D RegistrationHandler: Has received 49 of 100 from 1@test.com
03-30 15:43:18.165  2492  2568 D RegistrationHandler: Has received 50 of 100 from 1@test.com
03-30 15:43:18.165  2492  2584 D RegistrationHandler: Has received 51 of 100 from 1@test.com
03-30 15:43:18.178  2492  2568 D RegistrationHandler: Has received 52 of 100 from 1@test.com
03-30 15:43:18.180  2492  2585 D RegistrationHandler: Has received 53 of 100 from 1@test.com
03-30 15:43:18.184  2492  2587 D RegistrationHandler: Has received 54 of 100 from 1@test.com
03-30 15:43:18.191  2492  2587 D RegistrationHandler: Has received 55 of 100 from 1@test.com
03-30 15:43:18.201  2492  2587 D RegistrationHandler: Has received 56 of 100 from 1@test.com
03-30 15:43:18.206  2492  2587 D RegistrationHandler: Has received 57 of 100 from 1@test.com
03-30 15:43:18.214  2492  2587 D RegistrationHandler: Has received 58 of 100 from 1@test.com
03-30 15:43:18.221  2492  2587 D RegistrationHandler: Has received 59 of 100 from 1@test.com
03-30 15:43:18.230  2492  2587 D RegistrationHandler: Has received 60 of 100 from 1@test.com
03-30 15:43:18.242  2492  2587 D RegistrationHandler: Has received 61 of 100 from 1@test.com
03-30 15:43:18.246  2492  2587 D RegistrationHandler: Has received 62 of 100 from 1@test.com
03-30 15:43:18.253  2492  2587 D RegistrationHandler: Has received 63 of 100 from 1@test.com
03-30 15:43:18.259  2492  2587 D RegistrationHandler: Has received 64 of 100 from 1@test.com
03-30 15:43:18.266  2492  2587 D RegistrationHandler: Has received 65 of 100 from 1@test.com
03-30 15:43:18.269  2492  2587 D RegistrationHandler: Has received 66 of 100 from 1@test.com
03-30 15:43:18.277  2492  2587 D RegistrationHandler: Has received 67 of 100 from 1@test.com
03-30 15:43:18.286  2492  2587 D RegistrationHandler: Has received 68 of 100 from 1@test.com
03-30 15:43:18.288  2492  2585 D RegistrationHandler: Has received 69 of 100 from 1@test.com
03-30 15:43:18.297  2492  2584 D RegistrationHandler: Has received 70 of 100 from 1@test.com
03-30 15:43:18.302  2492  2584 D RegistrationHandler: Has received 71 of 100 from 1@test.com
03-30 15:43:18.310  2492  2584 D RegistrationHandler: Has received 72 of 100 from 1@test.com
03-30 15:43:18.311  2492  2584 D RegistrationHandler: Has received 73 of 100 from 1@test.com
03-30 15:43:18.324  2492  2584 D RegistrationHandler: Has received 74 of 100 from 1@test.com
03-30 15:43:18.330  2492  2584 D RegistrationHandler: Has received 75 of 100 from 1@test.com
03-30 15:43:18.332  2492  2587 D RegistrationHandler: Has received 76 of 100 from 1@test.com
03-30 15:43:18.342  2492  2587 D RegistrationHandler: Has received 77 of 100 from 1@test.com
03-30 15:43:18.345  2492  2587 D RegistrationHandler: Has received 78 of 100 from 1@test.com
03-30 15:43:18.353  2492  2587 D RegistrationHandler: Has received 79 of 100 from 1@test.com
03-30 15:43:18.357  2492  2587 D RegistrationHandler: Has received 80 of 100 from 1@test.com
03-30 15:43:18.365  2492  2587 D RegistrationHandler: Has received 81 of 100 from 1@test.com
03-30 15:43:18.368  2492  2587 D RegistrationHandler: Has received 82 of 100 from 1@test.com
03-30 15:43:18.377  2492  2587 D RegistrationHandler: Has received 83 of 100 from 1@test.com
03-30 15:43:18.534  2492  2587 D RegistrationHandler: Has received 83 of 100 from 1@test.com
03-30 15:43:18.535  2492  2585 D RegistrationHandler: Has received 83 of 100 from 1@test.com
03-30 15:43:18.539  2492  2584 D RegistrationHandler: Has received 83 of 100 from 1@test.com
03-30 15:43:18.553  2492  2584 D RegistrationHandler: Has received 84 of 100 from 1@test.com
03-30 15:43:18.556  2492  2584 D RegistrationHandler: Has received 85 of 100 from 1@test.com
03-30 15:43:18.567  2492  2584 D RegistrationHandler: Has received 85 of 100 from 1@test.com
03-30 15:43:18.573  2492  2584 D RegistrationHandler: Has received 85 of 100 from 1@test.com
03-30 15:43:18.577  2492  2584 D RegistrationHandler: Has received 85 of 100 from 1@test.com
03-30 15:43:18.586  2492  2584 D RegistrationHandler: Has received 85 of 100 from 1@test.com
03-30 15:43:18.589  2492  2584 D RegistrationHandler: Has received 85 of 100 from 1@test.com
03-30 15:43:18.596  2492  2584 D RegistrationHandler: Has received 85 of 100 from 1@test.com
03-30 15:43:18.601  2492  2584 D RegistrationHandler: Has received 85 of 100 from 1@test.com
03-30 15:43:18.610  2492  2584 D RegistrationHandler: Has received 85 of 100 from 1@test.com
03-30 15:43:18.612  2492  2585 D RegistrationHandler: Has received 85 of 100 from 1@test.com
03-30 15:43:18.620  2492  2587 D RegistrationHandler: Has received 85 of 100 from 1@test.com
03-30 15:43:18.626  2492  2585 D RegistrationHandler: Has received 85 of 100 from 1@test.com
03-30 15:43:18.634  2492  2585 D RegistrationHandler: Has received 85 of 100 from 1@test.com
03-30 15:43:18.640  2492  2585 D RegistrationHandler: Has received 85 of 100 from 1@test.com
03-30 15:43:18.651  2492  2585 D RegistrationHandler: Has received 85 of 100 from 1@test.com
03-30 15:43:18.655  2492  2585 D RegistrationHandler: Has received 85 of 100 from 1@test.com
03-30 15:43:18.660  2492  2585 D RegistrationHandler: Has received 85 of 100 from 1@test.com
03-30 15:43:18.666  2492  2585 D RegistrationHandler: Has received 85 of 100 from 1@test.com
03-30 15:43:18.673  2492  2585 D RegistrationHandler: Has received 85 of 100 from 1@test.com
03-30 15:43:18.679  2492  2585 D RegistrationHandler: Has received 85 of 100 from 1@test.com
03-30 15:43:18.682  2492  2585 D RegistrationHandler: Has received 85 of 100 from 1@test.com
03-30 15:43:18.689  2492  2585 D RegistrationHandler: Has received 85 of 100 from 1@test.com
03-30 15:43:18.698  2492  2585 D RegistrationHandler: Has received 85 of 100 from 1@test.com
03-30 15:43:18.700  2492  2585 D RegistrationHandler: Has received 85 of 100 from 1@test.com
03-30 15:43:18.711  2492  2585 D RegistrationHandler: Has received 85 of 100 from 1@test.com
03-30 15:43:18.731  2492  2585 D RegistrationHandler: Has received 85 of 100 from 1@test.com
03-30 15:43:18.739  2492  2585 D RegistrationHandler: Has received 85 of 100 from 1@test.com
03-30 15:43:18.746  2492  2585 D RegistrationHandler: Has received 85 of 100 from 1@test.com
03-30 15:43:18.748  2492  2585 D RegistrationHandler: Has received 85 of 100 from 1@test.com
03-30 15:43:18.757  2492  2585 D RegistrationHandler: Has received 85 of 100 from 1@test.com
03-30 15:43:18.762  2492  2585 D RegistrationHandler: Has received 85 of 100 from 1@test.com
03-30 15:43:18.768  2492  2585 D RegistrationHandler: Has received 86 of 100 from 1@test.com
03-30 15:43:18.773  2492  2585 D RegistrationHandler: Has received 86 of 100 from 1@test.com
03-30 15:43:18.777  2492  2585 D RegistrationHandler: Has received 86 of 100 from 1@test.com
03-30 15:43:18.784  2492  2585 D RegistrationHandler: Has received 87 of 100 from 1@test.com
03-30 15:43:18.795  2492  2585 D RegistrationHandler: Has received 88 of 100 from 1@test.com
03-30 15:43:18.801  2492  2585 D RegistrationHandler: Has received 89 of 100 from 1@test.com
03-30 15:43:18.803  2492  2585 D RegistrationHandler: Has received 90 of 100 from 1@test.com
03-30 15:43:18.813  2492  2585 D RegistrationHandler: Has received 91 of 100 from 1@test.com
03-30 15:43:18.817  2492  2585 D RegistrationHandler: Has received 92 of 100 from 1@test.com
03-30 15:43:18.826  2492  2585 D RegistrationHandler: Has received 92 of 100 from 1@test.com
03-30 15:43:18.833  2492  2585 D RegistrationHandler: Has received 92 of 100 from 1@test.com
03-30 15:43:18.841  2492  2585 D RegistrationHandler: Has received 92 of 100 from 1@test.com
03-30 15:43:18.845  2492  2585 D RegistrationHandler: Has received 92 of 100 from 1@test.com
03-30 15:43:18.850  2492  2585 D RegistrationHandler: Has received 92 of 100 from 1@test.com
03-30 15:43:18.856  2492  2585 D RegistrationHandler: Has received 92 of 100 from 1@test.com
03-30 15:43:18.867  2492  2585 D RegistrationHandler: Has received 92 of 100 from 1@test.com
03-30 15:43:18.872  2492  2585 D RegistrationHandler: Has received 92 of 100 from 1@test.com
03-30 15:43:18.878  2492  2585 D RegistrationHandler: Has received 92 of 100 from 1@test.com
03-30 15:43:18.885  2492  2585 D RegistrationHandler: Has received 92 of 100 from 1@test.com
03-30 15:43:18.887  2492  2585 D RegistrationHandler: Has received 92 of 100 from 1@test.com
03-30 15:43:18.896  2492  2585 D RegistrationHandler: Has received 93 of 100 from 1@test.com
03-30 15:43:18.899  2492  2585 D RegistrationHandler: Has received 93 of 100 from 1@test.com
03-30 15:43:18.909  2492  2585 D RegistrationHandler: Has received 94 of 100 from 1@test.com
03-30 15:43:18.913  2492  2585 D RegistrationHandler: Has received 95 of 100 from 1@test.com
03-30 15:43:18.922  2492  2585 D RegistrationHandler: Has received 96 of 100 from 1@test.com
03-30 15:43:18.924  2492  2584 D RegistrationHandler: Has received 96 of 100 from 1@test.com
03-30 15:43:18.938  2492  2584 D RegistrationHandler: Has received 96 of 100 from 1@test.com
03-30 15:43:18.943  2492  2584 D RegistrationHandler: Has received 96 of 100 from 1@test.com
03-30 15:43:18.947  2492  2584 D RegistrationHandler: Has received 96 of 100 from 1@test.com
03-30 15:43:18.953  2492  2584 D RegistrationHandler: Has received 96 of 100 from 1@test.com
03-30 15:43:18.959  2492  2584 D RegistrationHandler: Has received 96 of 100 from 1@test.com
03-30 15:43:18.966  2492  2584 D RegistrationHandler: Has received 97 of 100 from 1@test.com
03-30 15:43:18.973  2492  2584 D RegistrationHandler: Has received 97 of 100 from 1@test.com
03-30 15:43:18.980  2492  2584 D RegistrationHandler: Has received 97 of 100 from 1@test.com
03-30 15:43:18.985  2492  2584 D RegistrationHandler: Has received 97 of 100 from 1@test.com
03-30 15:43:18.993  2492  2584 D RegistrationHandler: Has received 97 of 100 from 1@test.com
03-30 15:43:18.997  2492  2584 D RegistrationHandler: Has received 97 of 100 from 1@test.com
03-30 15:43:19.004  2492  2584 D RegistrationHandler: Has received 98 of 100 from 1@test.com
03-30 15:43:19.008  2492  2584 D RegistrationHandler: Has received 98 of 100 from 1@test.com
03-30 15:43:19.018  2492  2584 D RegistrationHandler: Has received 98 of 100 from 1@test.com
03-30 15:43:19.020  2492  2587 D RegistrationHandler: Has received 98 of 100 from 1@test.com
03-30 15:43:19.031  2492  2585 D RegistrationHandler: Has received 98 of 100 from 1@test.com
03-30 15:43:19.034  2492  2587 D RegistrationHandler: Has received 98 of 100 from 1@test.com
03-30 15:43:19.041  2492  2587 D RegistrationHandler: Has received 98 of 100 from 1@test.com
03-30 15:43:19.048  2492  2587 D RegistrationHandler: Has received 98 of 100 from 1@test.com
03-30 15:43:19.052  2492  2587 D RegistrationHandler: Has received 98 of 100 from 1@test.com
03-30 15:43:19.062  2492  2587 D RegistrationHandler: Has received 98 of 100 from 1@test.com
03-30 15:43:19.066  2492  2587 D RegistrationHandler: Has received 98 of 100 from 1@test.com
03-30 15:43:19.072  2492  2587 D RegistrationHandler: Has received 98 of 100 from 1@test.com
03-30 15:43:19.076  2492  2587 D RegistrationHandler: Has received 98 of 100 from 1@test.com
03-30 15:43:19.085  2492  2587 D RegistrationHandler: Has received 98 of 100 from 1@test.com
03-30 15:43:19.089  2492  2587 D RegistrationHandler: Has received 98 of 100 from 1@test.com
03-30 15:43:19.094  2492  2587 D RegistrationHandler: Has received 98 of 100 from 1@test.com
03-30 15:43:19.100  2492  2587 D RegistrationHandler: Has received 98 of 100 from 1@test.com
03-30 15:43:19.110  2492  2587 D RegistrationHandler: Has received 98 of 100 from 1@test.com
03-30 15:43:19.113  2492  2587 D RegistrationHandler: Has received 98 of 100 from 1@test.com
03-30 15:43:19.120  2492  2587 D RegistrationHandler: Has received 98 of 100 from 1@test.com
03-30 15:43:19.124  2492  2587 D RegistrationHandler: Has received 98 of 100 from 1@test.com
03-30 15:43:19.130  2492  2587 D RegistrationHandler: Has received 98 of 100 from 1@test.com
03-30 15:43:19.137  2492  2587 D RegistrationHandler: Has received 98 of 100 from 1@test.com
03-30 15:43:19.145  2492  2587 D RegistrationHandler: Has received 98 of 100 from 1@test.com
03-30 15:43:19.363  2492  2587 D RegistrationHandler: Has received 98 of 100 fragments from 1@test.com
03-30 15:43:19.364  2492  2585 D RegistrationHandler: Has received 99 of 100 from 1@test.com
03-30 15:43:19.373  2492  2584 D RegistrationHandler: Has received 99 of 100 from 1@test.com
03-30 15:43:19.380  2492  2585 D RegistrationHandler: Has received 99 of 100 from 1@test.com
03-30 15:43:19.383  2492  2584 D RegistrationHandler: Has received 99 of 100 from 1@test.com
03-30 15:43:19.392  2492  2585 D RegistrationHandler: Has received 99 of 100 from 1@test.com
03-30 15:43:19.395  2492  2584 D RegistrationHandler: Has received 100 of 100 from 1@test.com
03-30 15:43:19.422  2492  2584 D RegistrationHandler: Received full ledger from 1@test.com with nonce 1070067053
03-30 15:43:19.422  2492  2584 D RegistrationHandler: FULL_LEDGER 1070067053
03-30 15:43:26.501  2492  2565 D RegistrationHandler: ACCEPTED_LEDGER 1070067053 100
03-30 15:43:26.530  2492  2565 D RegistrationHandler: 1070067053 The accepted ledger contains: [0@test.com, 1@test.com, 2@test.com, 3@test.com, 4@test.com, 5@test.com, 6@test.com, 7@test.com, 8@test.com, 9@test.com, 10@test.com, 11@test.com, 12@test.com, 13@test.com, 14@test.com, 15@test.com, 16@test.com, 17@test.com, 18@test.com, 19@test.com, 20@test.com, 21@test.com, 22@test.com, 23@test.com, 24@test.com, 25@test.com, 26@test.com, 27@test.com, 28@test.com, 29@test.com, 30@test.com, 31@test.com, 32@test.com, 33@test.com, 34@test.com, 35@test.com, 36@test.com, 37@test.com, 38@test.com, 39@test.com, 40@test.com, 41@test.com, 42@test.com, 43@test.com, 44@test.com, 45@test.com, 46@test.com, 47@test.com, 48@test.com, 49@test.com, 50@test.com, 51@test.com, 52@test.com, 53@test.com, 54@test.com, 55@test.com, 56@test.com, 57@test.com, 58@test.com, 59@test.com, 60@test.com, 61@test.com, 62@test.com, 63@test.com, 64@test.com, 65@test.com, 66@test.com, 67@test.com, 68@test.com, 69@test.com, 70@test.com, 71@test.com, 72@test.com, 73@test.com, 74@test.com, 75@test.com, 76@test.com, 77@test.com, 78@test.com, 79@test.com, 80@test.com, 81@test.com, 82@test.com, 83@test.com, 84@test.com, 85@test.com, 86@test.com, 87@test.com, 88@test.com, 89@test.com, 90@test.com, 91@test.com, 92@test.com, 93@test.com, 94@test.com, 95@test.com, 96@test.com, 97@test.com, 98@test.com, 99@test.com]
03-30 15:43:26.530  2492  2565 D RegistrationHandler: 1070067053 Registration started
03-30 15:43:26.532  2492  2565 D MulticastServer: Registration process finished: 1070067053
