03-31 09:48:08.041 27461 27843 D MulticastServer: Broadcast block received {"ip":"192.168.1.97","cert":"MIIBHDCBwqADAgECAgYBf5Ll+aQwCgYIKoZIzj0EAwIwFTETMBEGA1UEAwwKNUB0ZXN0LmNvbTAeFw0yMjAzMTUxMzIzMzlaFw0yNDAzMTYxMzIzMzlaMBUxEzARBgNVBAMMCjVAdGVzdC5jb20wWTATBgcqhkjOPQIBBggqhkjOPQMBBwNCAAS9OhThI4D6g/iEXxfGklrIeXd9Z0M+diiJ9ljAgsIg42aeRti+qPdLXU1/D9cRSqQkfwr3bPWV3oF684Iqni4MMAoGCCqGSM49BAMCA0kAMEYCIQDvSgAgKBB22Z/ooyqUg64EcQUigPLpb+EEue5bwGydWgIhAKus7fYnj5hLAUwnPrCw9vZZ/j2+Hst7+b4ASLL75Nl9"}
03-31 09:48:08.348 27461 27843 D MulticastServer: Broadcast block received {"ip":"192.168.1.97","cert":"MIIBHDCBwqADAgECAgYBf5Ll+aQwCgYIKoZIzj0EAwIwFTETMBEGA1UEAwwKNUB0ZXN0LmNvbTAeFw0yMjAzMTUxMzIzMzlaFw0yNDAzMTYxMzIzMzlaMBUxEzARBgNVBAMMCjVAdGVzdC5jb20wWTATBgcqhkjOPQIBBggqhkjOPQMBBwNCAAS9OhThI4D6g/iEXxfGklrIeXd9Z0M+diiJ9ljAgsIg42aeRti+qPdLXU1/D9cRSqQkfwr3bPWV3oF684Iqni4MMAoGCCqGSM49BAMCA0kAMEYCIQDvSgAgKBB22Z/ooyqUg64EcQUigPLpb+EEue5bwGydWgIhAKus7fYnj5hLAUwnPrCw9vZZ/j2+Hst7+b4ASLL75Nl9"}
03-31 09:48:08.656 27461 27843 D MulticastServer: Broadcast block received {"ip":"192.168.1.97","cert":"MIIBHDCBwqADAgECAgYBf5Ll+aQwCgYIKoZIzj0EAwIwFTETMBEGA1UEAwwKNUB0ZXN0LmNvbTAeFw0yMjAzMTUxMzIzMzlaFw0yNDAzMTYxMzIzMzlaMBUxEzARBgNVBAMMCjVAdGVzdC5jb20wWTATBgcqhkjOPQIBBggqhkjOPQMBBwNCAAS9OhThI4D6g/iEXxfGklrIeXd9Z0M+diiJ9ljAgsIg42aeRti+qPdLXU1/D9cRSqQkfwr3bPWV3oF684Iqni4MMAoGCCqGSM49BAMCA0kAMEYCIQDvSgAgKBB22Z/ooyqUg64EcQUigPLpb+EEue5bwGydWgIhAKus7fYnj5hLAUwnPrCw9vZZ/j2+Hst7+b4ASLL75Nl9"}
round 17 of 100
03-31 09:48:43.996 27657 28011 D MulticastServer: MULTICAST_SERVER_LISTENING
03-31 09:48:44.001 27657 28013 D MulticastServer: Registration process started with nonce 369859188
03-31 09:48:44.006 27657 28012 D MulticastClient: REQUEST_LEDGER 369859188
03-31 09:48:44.010 27657 28012 D MulticastClient: Sent messages with 3 resends: [{"sender":"","payload":"","mt":"REQUEST_LEDGER","sig":"","nonce":369859188,"seq":0,"tot":0}]
03-31 09:48:44.197 27657 28018 D RegistrationHandler: Has received 1 of 2 fragments from 4@test.com
03-31 09:48:44.811 27657 28017 D RegistrationHandler: Has received 2 of 2 from 4@test.com
03-31 09:48:44.825 27657 28017 D RegistrationHandler: Received full ledger from 4@test.com with nonce 369859188
03-31 09:48:44.825 27657 28017 D RegistrationHandler: FULL_LEDGER 369859188
03-31 09:48:45.121 27657 28012 D RegistrationHandler: Has received 2 of 2 fragments from 4@test.com
03-31 09:48:48.008 27657 28014 D RegistrationHandler: ACCEPTED_LEDGER 369859188 2
03-31 09:48:48.011 27657 28014 D RegistrationHandler: 369859188 The accepted ledger contains: [4@test.com, 6@test.com]
03-31 09:48:48.011 27657 28014 D RegistrationHandler: 369859188 Registration started
03-31 09:48:48.019 27657 28014 D MulticastServer: Registration process finished: 369859188
03-31 09:48:48.035 27657 28012 D MulticastClient: Sent messages with 3 resends: [{"sender":"3@test.com","payload":"{\"ip\":\"192.168.1.96\",\"cert\":\"MIIBGzCBwqADAgECAgYBf8\/LxZ4wCgYIKoZIzj0EAwIwFTETMBEGA1UEAwwKM0B0ZXN0LmNvbTAeFw0yMjAzMjcwOTExNTJaFw0yNDAzMjgxMDExNTJaMBUxEzARBgNVBAMMCjNAdGVzdC5jb20wWTATBgcqhkjOPQIBBggqhkjOPQMBBwNCAASU8klxBOreX5W38jpITscN1GZVSJ6ZqHNwmXx4hqGZbbqIdqck8958ao+KXRqyWGgSoeVuKiV3eUMXUa1mSB\/\/MAoGCCqGSM49BAMCA0gAMEUCICgiCb1q9NbSw0eIn\/\/33a9zqgsQUqLLyL2uebDgtmEDAiEAnvvjRAZErEMbuvKsGWN46Nc1bK9cVRIvwO0+Xp03N6A=\"}","mt":"BROADCAST_BLOCK","sig":"MEYCIQCB2Rf1nLSzGWTfLdwn8HJ\/moSWoPYNjd8dMMpwycPgmwIhAKXPywZIFk2Rv0ay\/dkK1Rb25G9EmxAOrliTDjXaKnha","nonce":369859188,"seq":0,"tot":0}]
03-31 09:48:58.322 27657 28017 D MulticastServer: Registration process started with nonce 1426053456
03-31 09:48:58.326 27657 28017 D MulticastServer: Received request for ledger with nonce: 1426053456.
03-31 09:48:58.354 27657 28012 D RegistrationHandler: 1426053456 Received hash from 3@test.com: 9b606d265dd430c4e75c035f54688f0b3d8408d3db265e51aa2fb053cff94a28
03-31 09:48:58.409 27657 28012 D MulticastClient: Sent messages with 3 resends: [{"sender":"{\"ip\":\"192.168.1.96\",\"cert\":\"MIIBGzCBwqADAgECAgYBf8\/LxZ4wCgYIKoZIzj0EAwIwFTETMBEGA1UEAwwKM0B0ZXN0LmNvbTAeFw0yMjAzMjcwOTExNTJaFw0yNDAzMjgxMDExNTJaMBUxEzARBgNVBAMMCjNAdGVzdC5jb20wWTATBgcqhkjOPQIBBggqhkjOPQMBBwNCAASU8klxBOreX5W38jpITscN1GZVSJ6ZqHNwmXx4hqGZbbqIdqck8958ao+KXRqyWGgSoeVuKiV3eUMXUa1mSB\/\/MAoGCCqGSM49BAMCA0gAMEUCICgiCb1q9NbSw0eIn\/\/33a9zqgsQUqLLyL2uebDgtmEDAiEAnvvjRAZErEMbuvKsGWN46Nc1bK9cVRIvwO0+Xp03N6A=\"}","payload":"9b606d265dd430c4e75c035f54688f0b3d8408d3db265e51aa2fb053cff94a28","mt":"LEDGER_HASH","sig":"MEUCIQCFJkQojDJkHGEu52rGabrwJGMKR2mN7pyU\/\/m6HSdRqwIgdwCqfRD+cUfCnoj5aGoqu3ECOinfcgW8fDo5bHozoNg=","nonce":1426053456,"seq":0,"tot":0}]
03-31 09:48:58.431 27657 28017 D RegistrationHandler: Has received 1 of 3 fragments from 6@test.com
03-31 09:48:58.438 27657 28017 D RegistrationHandler: Has received 2 of 3 from 6@test.com
03-31 09:48:58.779 27657 28017 D RegistrationHandler: Has received 2 of 3 from 6@test.com
03-31 09:48:58.791 27657 28017 D RegistrationHandler: Has received 3 of 3 from 6@test.com
03-31 09:48:58.816 27657 28017 D RegistrationHandler: Received full ledger from 6@test.com with nonce 1426053456
03-31 09:48:58.816 27657 28017 D RegistrationHandler: FULL_LEDGER 1426053456
03-31 09:48:59.162 27657 28018 D RegistrationHandler: Has received 1 of 3 fragments from 4@test.com
03-31 09:48:59.198 27657 28018 D RegistrationHandler: Received full ledger from 4@test.com with nonce 1426053456
03-31 09:48:59.198 27657 28018 D RegistrationHandler: FULL_LEDGER 1426053456
03-31 09:48:59.515 27657 28018 D RegistrationHandler: Has received 2 of 3 from 4@test.com
03-31 09:49:02.331 27657 28053 D RegistrationHandler: ACCEPTED_LEDGER 1426053456 3
03-31 09:49:02.339 27657 28053 D RegistrationHandler: 1426053456 The accepted ledger contains: [3@test.com, 4@test.com, 6@test.com]
03-31 09:49:02.339 27657 28053 D MulticastServer: Registration process finished: 1426053456
03-31 09:49:02.453 27657 28018 D MulticastServer: Broadcast block received {"ip":"192.168.1.126","cert":"MIIBHDCBwqADAgECAgYBf5LhKoUwCgYIKoZIzj0EAwIwFTETMBEGA1UEAwwKMUB0ZXN0LmNvbTAeFw0yMjAzMTUxMzE4MjRaFw0yNDAzMTYxMzE4MjRaMBUxEzARBgNVBAMMCjFAdGVzdC5jb20wWTATBgcqhkjOPQIBBggqhkjOPQMBBwNCAARygid4IUjQcO5q061zUYi/H7lvnalm9LjGvCXUiUKNjFkRZCQQHkQr3g5NSREvlv8eDTjoMpzkwAR2X7BGjdlzMAoGCCqGSM49BAMCA0kAMEYCIQCiHMll2QZaqlteytfUXQC9N+f0vW3g05QfhOXX51uZkQIhAOqRAe/npOy8z8s0m0jcslsGFJ4m0z8mdDgpGZNaRRtS"}
03-31 09:49:02.723 27657 28018 D MulticastServer: Broadcast block received {"ip":"192.168.1.126","cert":"MIIBHDCBwqADAgECAgYBf5LhKoUwCgYIKoZIzj0EAwIwFTETMBEGA1UEAwwKMUB0ZXN0LmNvbTAeFw0yMjAzMTUxMzE4MjRaFw0yNDAzMTYxMzE4MjRaMBUxEzARBgNVBAMMCjFAdGVzdC5jb20wWTATBgcqhkjOPQIBBggqhkjOPQMBBwNCAARygid4IUjQcO5q061zUYi/H7lvnalm9LjGvCXUiUKNjFkRZCQQHkQr3g5NSREvlv8eDTjoMpzkwAR2X7BGjdlzMAoGCCqGSM49BAMCA0kAMEYCIQCiHMll2QZaqlteytfUXQC9N+f0vW3g05QfhOXX51uZkQIhAOqRAe/npOy8z8s0m0jcslsGFJ4m0z8mdDgpGZNaRRtS"}
03-31 09:49:03.031 27657 28018 D MulticastServer: Broadcast block received {"ip":"192.168.1.126","cert":"MIIBHDCBwqADAgECAgYBf5LhKoUwCgYIKoZIzj0EAwIwFTETMBEGA1UEAwwKMUB0ZXN0LmNvbTAeFw0yMjAzMTUxMzE4MjRaFw0yNDAzMTYxMzE4MjRaMBUxEzARBgNVBAMMCjFAdGVzdC5jb20wWTATBgcqhkjOPQIBBggqhkjOPQMBBwNCAARygid4IUjQcO5q061zUYi/H7lvnalm9LjGvCXUiUKNjFkRZCQQHkQr3g5NSREvlv8eDTjoMpzkwAR2X7BGjdlzMAoGCCqGSM49BAMCA0kAMEYCIQCiHMll2QZaqlteytfUXQC9N+f0vW3g05QfhOXX51uZkQIhAOqRAe/npOy8z8s0m0jcslsGFJ4m0z8mdDgpGZNaRRtS"}
03-31 09:49:03.338 27657 28018 D MulticastServer: Broadcast block received {"ip":"192.168.1.126","cert":"MIIBHDCBwqADAgECAgYBf5LhKoUwCgYIKoZIzj0EAwIwFTETMBEGA1UEAwwKMUB0ZXN0LmNvbTAeFw0yMjAzMTUxMzE4MjRaFw0yNDAzMTYxMzE4MjRaMBUxEzARBgNVBAMMCjFAdGVzdC5jb20wWTATBgcqhkjOPQIBBggqhkjOPQMBBwNCAARygid4IUjQcO5q061zUYi/H7lvnalm9LjGvCXUiUKNjFkRZCQQHkQr3g5NSREvlv8eDTjoMpzkwAR2X7BGjdlzMAoGCCqGSM49BAMCA0kAMEYCIQCiHMll2QZaqlteytfUXQC9N+f0vW3g05QfhOXX51uZkQIhAOqRAe/npOy8z8s0m0jcslsGFJ4m0z8mdDgpGZNaRRtS"}
03-31 09:49:13.672 27657 28018 D MulticastServer: Registration process started with nonce 1304268690
03-31 09:49:13.677 27657 28018 D MulticastServer: Received request for ledger with nonce: 1304268690.
03-31 09:49:13.699 27657 28012 D RegistrationHandler: 1304268690 Received hash from 3@test.com: b11626c0c0a88185f91f60672285a57b8268073cbbbe90d263affedee4ff522d
03-31 09:49:13.738 27657 28012 D MulticastClient: Sent messages with 3 resends: [{"sender":"{\"ip\":\"192.168.1.96\",\"cert\":\"MIIBGzCBwqADAgECAgYBf8\/LxZ4wCgYIKoZIzj0EAwIwFTETMBEGA1UEAwwKM0B0ZXN0LmNvbTAeFw0yMjAzMjcwOTExNTJaFw0yNDAzMjgxMDExNTJaMBUxEzARBgNVBAMMCjNAdGVzdC5jb20wWTATBgcqhkjOPQIBBggqhkjOPQMBBwNCAASU8klxBOreX5W38jpITscN1GZVSJ6ZqHNwmXx4hqGZbbqIdqck8958ao+KXRqyWGgSoeVuKiV3eUMXUa1mSB\/\/MAoGCCqGSM49BAMCA0gAMEUCICgiCb1q9NbSw0eIn\/\/33a9zqgsQUqLLyL2uebDgtmEDAiEAnvvjRAZErEMbuvKsGWN46Nc1bK9cVRIvwO0+Xp03N6A=\"}","payload":"b11626c0c0a88185f91f60672285a57b8268073cbbbe90d263affedee4ff522d","mt":"LEDGER_HASH","sig":"MEYCIQCNZNqOkIP5axJNpQRIXI9\/ZB9Tqgzqb2sCcCJA\/i0m+gIhAIdv5XQyoDLTc7UWFZjZsAb5pcDMMl\/YoF4xyOeBMQ2i","nonce":1304268690,"seq":0,"tot":0}]
03-31 09:49:13.787 27657 28017 D RegistrationHandler: Has received 1 of 4 fragments from 6@test.com
03-31 09:49:13.795 27657 28017 D RegistrationHandler: Has received 1 of 4 fragments from 4@test.com
03-31 09:49:13.800 27657 28017 D RegistrationHandler: Has received 2 of 4 from 6@test.com
03-31 09:49:13.814 27657 28017 D RegistrationHandler: Has received 3 of 4 from 6@test.com
03-31 09:49:13.821 27657 28017 D RegistrationHandler: Has received 2 of 4 from 4@test.com
03-31 09:49:13.833 27657 28017 D RegistrationHandler: Has received 4 of 4 from 6@test.com
03-31 09:49:13.843 27657 28018 D RegistrationHandler: Has received 3 of 4 from 4@test.com
03-31 09:49:13.847 27657 28017 D RegistrationHandler: Received full ledger from 6@test.com with nonce 1304268690
03-31 09:49:13.847 27657 28017 D RegistrationHandler: FULL_LEDGER 1304268690
03-31 09:49:14.098 27657 28017 D RegistrationHandler: Has received 4 of 4 fragments from 6@test.com
03-31 09:49:14.112 27657 28017 D RegistrationHandler: Has received 3 of 4 fragments from 4@test.com
03-31 09:49:14.120 27657 28017 D RegistrationHandler: Has received 4 of 4 from 4@test.com
03-31 09:49:14.132 27657 28017 D RegistrationHandler: Received full ledger from 4@test.com with nonce 1304268690
03-31 09:49:14.132 27657 28017 D RegistrationHandler: FULL_LEDGER 1304268690
03-31 09:49:14.169 27657 28017 D RegistrationHandler: Has received 4 of 4 from 4@test.com
03-31 09:49:14.196 27657 28018 D RegistrationHandler: Has received 4 of 4 from 4@test.com
03-31 09:49:14.200 27657 28017 D RegistrationHandler: Received full ledger from 4@test.com with nonce 1304268690
03-31 09:49:14.201 27657 28017 D RegistrationHandler: FULL_LEDGER 1304268690
03-31 09:49:14.216 27657 28018 D RegistrationHandler: Received full ledger from 4@test.com with nonce 1304268690
03-31 09:49:14.216 27657 28018 D RegistrationHandler: FULL_LEDGER 1304268690
03-31 09:49:14.830 27657 28012 D RegistrationHandler: Has received 4 of 4 fragments from 4@test.com
03-31 09:49:14.832 27657 28056 D RegistrationHandler: Has received 4 of 4 fragments from 6@test.com
03-31 09:49:17.682 27657 28075 D RegistrationHandler: ACCEPTED_LEDGER 1304268690 4
03-31 09:49:17.690 27657 28075 D RegistrationHandler: 1304268690 The accepted ledger contains: [1@test.com, 3@test.com, 4@test.com, 6@test.com]
03-31 09:49:17.691 27657 28075 D MulticastServer: Registration process finished: 1304268690
03-31 09:49:17.775 27657 28056 D MulticastServer: Broadcast block received {"ip":"192.168.1.90","cert":"MIIBGzCBwqADAgECAgYBf5Lh/YgwCgYIKoZIzj0EAwIwFTETMBEGA1UEAwwKMkB0ZXN0LmNvbTAeFw0yMjAzMTUxMzE5MThaFw0yNDAzMTYxMzE5MThaMBUxEzARBgNVBAMMCjJAdGVzdC5jb20wWTATBgcqhkjOPQIBBggqhkjOPQMBBwNCAAS+Y1FtdGs8Ucfiq/zWhVaVn4ZBowDRf+LHkKkDUQijyqT6F1OlcBHKlpSdutzah71G6VCq62b3AWQkp086ORMGMAoGCCqGSM49BAMCA0gAMEUCIHH+qCw7c9P4WGmGxr+Z6u3tdZRz/XeTlZiocA09UDaoAiEA977yY+pelaDu67wtccznceHBT4wGLWjjfzyxyDdr/lY="}
03-31 09:49:18.083 27657 28056 D MulticastServer: Broadcast block received {"ip":"192.168.1.90","cert":"MIIBGzCBwqADAgECAgYBf5Lh/YgwCgYIKoZIzj0EAwIwFTETMBEGA1UEAwwKMkB0ZXN0LmNvbTAeFw0yMjAzMTUxMzE5MThaFw0yNDAzMTYxMzE5MThaMBUxEzARBgNVBAMMCjJAdGVzdC5jb20wWTATBgcqhkjOPQIBBggqhkjOPQMBBwNCAAS+Y1FtdGs8Ucfiq/zWhVaVn4ZBowDRf+LHkKkDUQijyqT6F1OlcBHKlpSdutzah71G6VCq62b3AWQkp086ORMGMAoGCCqGSM49BAMCA0gAMEUCIHH+qCw7c9P4WGmGxr+Z6u3tdZRz/XeTlZiocA09UDaoAiEA977yY+pelaDu67wtccznceHBT4wGLWjjfzyxyDdr/lY="}
03-31 09:49:18.390 27657 28056 D MulticastServer: Broadcast block received {"ip":"192.168.1.90","cert":"MIIBGzCBwqADAgECAgYBf5Lh/YgwCgYIKoZIzj0EAwIwFTETMBEGA1UEAwwKMkB0ZXN0LmNvbTAeFw0yMjAzMTUxMzE5MThaFw0yNDAzMTYxMzE5MThaMBUxEzARBgNVBAMMCjJAdGVzdC5jb20wWTATBgcqhkjOPQIBBggqhkjOPQMBBwNCAAS+Y1FtdGs8Ucfiq/zWhVaVn4ZBowDRf+LHkKkDUQijyqT6F1OlcBHKlpSdutzah71G6VCq62b3AWQkp086ORMGMAoGCCqGSM49BAMCA0gAMEUCIHH+qCw7c9P4WGmGxr+Z6u3tdZRz/XeTlZiocA09UDaoAiEA977yY+pelaDu67wtccznceHBT4wGLWjjfzyxyDdr/lY="}
03-31 09:49:18.697 27657 28056 D MulticastServer: Broadcast block received {"ip":"192.168.1.90","cert":"MIIBGzCBwqADAgECAgYBf5Lh/YgwCgYIKoZIzj0EAwIwFTETMBEGA1UEAwwKMkB0ZXN0LmNvbTAeFw0yMjAzMTUxMzE5MThaFw0yNDAzMTYxMzE5MThaMBUxEzARBgNVBAMMCjJAdGVzdC5jb20wWTATBgcqhkjOPQIBBggqhkjOPQMBBwNCAAS+Y1FtdGs8Ucfiq/zWhVaVn4ZBowDRf+LHkKkDUQijyqT6F1OlcBHKlpSdutzah71G6VCq62b3AWQkp086ORMGMAoGCCqGSM49BAMCA0gAMEUCIHH+qCw7c9P4WGmGxr+Z6u3tdZRz/XeTlZiocA09UDaoAiEA977yY+pelaDu67wtccznceHBT4wGLWjjfzyxyDdr/lY="}
03-31 09:49:28.939 27657 28056 D MulticastServer: Registration process started with nonce 1056784340
03-31 09:49:28.943 27657 28056 D MulticastServer: Received request for ledger with nonce: 1056784340.
03-31 09:49:28.964 27657 28056 D RegistrationHandler: 1056784340 Received hash from 3@test.com: bc6ad23e3b75c35100b24c83d3021cb38f956996410119dc9922678e25e2fa5a
03-31 09:49:28.995 27657 28056 D MulticastClient: Sent messages with 3 resends: [{"sender":"{\"ip\":\"192.168.1.96\",\"cert\":\"MIIBGzCBwqADAgECAgYBf8\/LxZ4wCgYIKoZIzj0EAwIwFTETMBEGA1UEAwwKM0B0ZXN0LmNvbTAeFw0yMjAzMjcwOTExNTJaFw0yNDAzMjgxMDExNTJaMBUxEzARBgNVBAMMCjNAdGVzdC5jb20wWTATBgcqhkjOPQIBBggqhkjOPQMBBwNCAASU8klxBOreX5W38jpITscN1GZVSJ6ZqHNwmXx4hqGZbbqIdqck8958ao+KXRqyWGgSoeVuKiV3eUMXUa1mSB\/\/MAoGCCqGSM49BAMCA0gAMEUCICgiCb1q9NbSw0eIn\/\/33a9zqgsQUqLLyL2uebDgtmEDAiEAnvvjRAZErEMbuvKsGWN46Nc1bK9cVRIvwO0+Xp03N6A=\"}","payload":"bc6ad23e3b75c35100b24c83d3021cb38f956996410119dc9922678e25e2fa5a","mt":"LEDGER_HASH","sig":"MEUCIDYBvSWmYF2HjCgMY2qGDVh+WwyKRgizXW3BBzddgHkiAiEA86g4akNYj44JRhotYmaahEND65StNNlc5FVhD1jnxJI=","nonce":1056784340,"seq":0,"tot":0}]
03-31 09:49:29.038 27657 28017 D RegistrationHandler: 1056784340 Received hash from 1@test.com: bc6ad23e3b75c35100b24c83d3021cb38f956996410119dc9922678e25e2fa5a
03-31 09:49:29.355 27657 28018 D RegistrationHandler: 1056784340 Received hash from 2@test.com: bc6ad23e3b75c35100b24c83d3021cb38f956996410119dc9922678e25e2fa5a
03-31 09:49:29.372 27657 28018 D RegistrationHandler: Has received 1 of 5 fragments from 6@test.com
03-31 09:49:29.378 27657 28012 D RegistrationHandler: Has received 1 of 5 fragments from 4@test.com
03-31 09:49:29.390 27657 28012 D RegistrationHandler: Has received 2 of 5 from 6@test.com
03-31 09:49:29.455 27657 28012 D RegistrationHandler: Has received 3 of 5 from 6@test.com
03-31 09:49:29.459 27657 28018 D RegistrationHandler: Has received 4 of 5 from 6@test.com
03-31 09:49:29.475 27657 28018 D RegistrationHandler: Has received 5 of 5 from 6@test.com
03-31 09:49:29.479 27657 28012 D RegistrationHandler: Has received 2 of 5 from 4@test.com
03-31 09:49:29.481 27657 28017 D RegistrationHandler: Has received 3 of 5 from 4@test.com
03-31 09:49:29.486 27657 28012 D RegistrationHandler: Has received 4 of 5 from 4@test.com
03-31 09:49:29.498 27657 28018 D RegistrationHandler: Received full ledger from 6@test.com with nonce 1056784340
03-31 09:49:29.499 27657 28018 D RegistrationHandler: FULL_LEDGER 1056784340
03-31 09:49:29.780 27657 28018 D RegistrationHandler: Has received 4 of 5 fragments from 4@test.com
03-31 09:49:29.839 27657 28018 D RegistrationHandler: Has received 4 of 5 from 4@test.com
03-31 09:49:29.853 27657 28012 D RegistrationHandler: Has received 4 of 5 from 4@test.com
03-31 09:49:32.931 27657 28056 D MulticastServer: Broadcast block received {"ip":"192.168.1.97","cert":"MIIBHDCBwqADAgECAgYBf5Ll+aQwCgYIKoZIzj0EAwIwFTETMBEGA1UEAwwKNUB0ZXN0LmNvbTAeFw0yMjAzMTUxMzIzMzlaFw0yNDAzMTYxMzIzMzlaMBUxEzARBgNVBAMMCjVAdGVzdC5jb20wWTATBgcqhkjOPQIBBggqhkjOPQMBBwNCAAS9OhThI4D6g/iEXxfGklrIeXd9Z0M+diiJ9ljAgsIg42aeRti+qPdLXU1/D9cRSqQkfwr3bPWV3oF684Iqni4MMAoGCCqGSM49BAMCA0kAMEYCIQDvSgAgKBB22Z/ooyqUg64EcQUigPLpb+EEue5bwGydWgIhAKus7fYnj5hLAUwnPrCw9vZZ/j2+Hst7+b4ASLL75Nl9"}
03-31 09:49:32.947 27657 28093 D RegistrationHandler: ACCEPTED_LEDGER 1056784340 5
03-31 09:49:32.951 27657 28093 D RegistrationHandler: 1056784340 The accepted ledger contains: [1@test.com, 2@test.com, 3@test.com, 4@test.com, 6@test.com]
03-31 09:49:32.951 27657 28093 D MulticastServer: Registration process finished: 1056784340
03-31 09:49:33.341 27657 28056 D MulticastServer: Broadcast block received {"ip":"192.168.1.97","cert":"MIIBHDCBwqADAgECAgYBf5Ll+aQwCgYIKoZIzj0EAwIwFTETMBEGA1UEAwwKNUB0ZXN0LmNvbTAeFw0yMjAzMTUxMzIzMzlaFw0yNDAzMTYxMzIzMzlaMBUxEzARBgNVBAMMCjVAdGVzdC5jb20wWTATBgcqhkjOPQIBBggqhkjOPQMBBwNCAAS9OhThI4D6g/iEXxfGklrIeXd9Z0M+diiJ9ljAgsIg42aeRti+qPdLXU1/D9cRSqQkfwr3bPWV3oF684Iqni4MMAoGCCqGSM49BAMCA0kAMEYCIQDvSgAgKBB22Z/ooyqUg64EcQUigPLpb+EEue5bwGydWgIhAKus7fYnj5hLAUwnPrCw9vZZ/j2+Hst7+b4ASLL75Nl9"}
03-31 09:49:33.551 27657 28056 D MulticastServer: Broadcast block received {"ip":"192.168.1.97","cert":"MIIBHDCBwqADAgECAgYBf5Ll+aQwCgYIKoZIzj0EAwIwFTETMBEGA1UEAwwKNUB0ZXN0LmNvbTAeFw0yMjAzMTUxMzIzMzlaFw0yNDAzMTYxMzIzMzlaMBUxEzARBgNVBAMMCjVAdGVzdC5jb20wWTATBgcqhkjOPQIBBggqhkjOPQMBBwNCAAS9OhThI4D6g/iEXxfGklrIeXd9Z0M+diiJ9ljAgsIg42aeRti+qPdLXU1/D9cRSqQkfwr3bPWV3oF684Iqni4MMAoGCCqGSM49BAMCA0kAMEYCIQDvSgAgKBB22Z/ooyqUg64EcQUigPLpb+EEue5bwGydWgIhAKus7fYnj5hLAUwnPrCw9vZZ/j2+Hst7+b4ASLL75Nl9"}
03-31 09:49:33.853 27657 28056 D MulticastServer: Broadcast block received {"ip":"192.168.1.97","cert":"MIIBHDCBwqADAgECAgYBf5Ll+aQwCgYIKoZIzj0EAwIwFTETMBEGA1UEAwwKNUB0ZXN0LmNvbTAeFw0yMjAzMTUxMzIzMzlaFw0yNDAzMTYxMzIzMzlaMBUxEzARBgNVBAMMCjVAdGVzdC5jb20wWTATBgcqhkjOPQIBBggqhkjOPQMBBwNCAAS9OhThI4D6g/iEXxfGklrIeXd9Z0M+diiJ9ljAgsIg42aeRti+qPdLXU1/D9cRSqQkfwr3bPWV3oF684Iqni4MMAoGCCqGSM49BAMCA0kAMEYCIQDvSgAgKBB22Z/ooyqUg64EcQUigPLpb+EEue5bwGydWgIhAKus7fYnj5hLAUwnPrCw9vZZ/j2+Hst7+b4ASLL75Nl9"}
round 18 of 100
03-31 09:50:08.990 27850 28201 D MulticastServer: MULTICAST_SERVER_LISTENING
03-31 09:50:08.993 27850 28203 D MulticastServer: Registration process started with nonce 1420265112
03-31 09:50:08.998 27850 28202 D MulticastClient: REQUEST_LEDGER 1420265112
03-31 09:50:09.002 27850 28202 D MulticastClient: Sent messages with 3 resends: [{"sender":"","payload":"","mt":"REQUEST_LEDGER","sig":"","nonce":1420265112,"seq":0,"tot":0}]
03-31 09:50:09.187 27850 28209 D RegistrationHandler: Has received 1 of 2 fragments from 6@test.com
03-31 09:50:09.187 27850 28217 D RegistrationHandler: Has received 2 of 2 from 6@test.com
03-31 09:50:09.201 27850 28217 D RegistrationHandler: Received full ledger from 6@test.com with nonce 1420265112
03-31 09:50:09.201 27850 28217 D RegistrationHandler: FULL_LEDGER 1420265112
03-31 09:50:09.532 27850 28217 D RegistrationHandler: Has received 1 of 2 fragments from 4@test.com
03-31 09:50:09.540 27850 28209 D RegistrationHandler: Has received 2 of 2 from 4@test.com
03-31 09:50:09.544 27850 28209 D RegistrationHandler: Received full ledger from 4@test.com with nonce 1420265112
03-31 09:50:09.545 27850 28209 D RegistrationHandler: FULL_LEDGER 1420265112
03-31 09:50:09.811 27850 28217 D RegistrationHandler: Has received 2 of 2 fragments from 6@test.com
03-31 09:50:09.816 27850 28209 D RegistrationHandler: Has received 2 of 2 fragments from 4@test.com
03-31 09:50:10.120 27850 28202 D RegistrationHandler: Has received 2 of 2 fragments from 6@test.com
03-31 09:50:10.214 27850 28202 D RegistrationHandler: Has received 2 of 2 fragments from 4@test.com
03-31 09:50:10.220 27850 28217 D RegistrationHandler: Has received 2 of 2 from 4@test.com
03-31 09:50:10.250 27850 28217 D RegistrationHandler: Received full ledger from 4@test.com with nonce 1420265112
03-31 09:50:10.250 27850 28217 D RegistrationHandler: FULL_LEDGER 1420265112
03-31 09:50:13.003 27850 28204 D RegistrationHandler: ACCEPTED_LEDGER 1420265112 2
03-31 09:50:13.006 27850 28204 D RegistrationHandler: 1420265112 The accepted ledger contains: [4@test.com, 6@test.com]
03-31 09:50:13.006 27850 28204 D RegistrationHandler: 1420265112 Registration started
03-31 09:50:13.015 27850 28204 D MulticastServer: Registration process finished: 1420265112
03-31 09:50:13.031 27850 28217 D MulticastClient: Sent messages with 3 resends: [{"sender":"3@test.com","payload":"{\"ip\":\"192.168.1.96\",\"cert\":\"MIIBGzCBwqADAgECAgYBf8\/LxZ4wCgYIKoZIzj0EAwIwFTETMBEGA1UEAwwKM0B0ZXN0LmNvbTAeFw0yMjAzMjcwOTExNTJaFw0yNDAzMjgxMDExNTJaMBUxEzARBgNVBAMMCjNAdGVzdC5jb20wWTATBgcqhkjOPQIBBggqhkjOPQMBBwNCAASU8klxBOreX5W38jpITscN1GZVSJ6ZqHNwmXx4hqGZbbqIdqck8958ao+KXRqyWGgSoeVuKiV3eUMXUa1mSB\/\/MAoGCCqGSM49BAMCA0gAMEUCICgiCb1q9NbSw0eIn\/\/33a9zqgsQUqLLyL2uebDgtmEDAiEAnvvjRAZErEMbuvKsGWN46Nc1bK9cVRIvwO0+Xp03N6A=\"}","mt":"BROADCAST_BLOCK","sig":"MEUCIQCUc6T57FnNWXmqGgW+L7f4jk6F0YmFjQZjBLfGBODCOQIgMJtxV34NL+HViplHHCpSNrqUQeO5WjlItTtedsRdpP8=","nonce":1420265112,"seq":0,"tot":0}]
03-31 09:50:23.307 27850 28202 D MulticastServer: Registration process started with nonce 1457270903
03-31 09:50:23.312 27850 28202 D MulticastServer: Received request for ledger with nonce: 1457270903.
03-31 09:50:23.343 27850 28217 D RegistrationHandler: 1457270903 Received hash from 3@test.com: 9b606d265dd430c4e75c035f54688f0b3d8408d3db265e51aa2fb053cff94a28
03-31 09:50:23.403 27850 28217 D MulticastClient: Sent messages with 3 resends: [{"sender":"{\"ip\":\"192.168.1.96\",\"cert\":\"MIIBGzCBwqADAgECAgYBf8\/LxZ4wCgYIKoZIzj0EAwIwFTETMBEGA1UEAwwKM0B0ZXN0LmNvbTAeFw0yMjAzMjcwOTExNTJaFw0yNDAzMjgxMDExNTJaMBUxEzARBgNVBAMMCjNAdGVzdC5jb20wWTATBgcqhkjOPQIBBggqhkjOPQMBBwNCAASU8klxBOreX5W38jpITscN1GZVSJ6ZqHNwmXx4hqGZbbqIdqck8958ao+KXRqyWGgSoeVuKiV3eUMXUa1mSB\/\/MAoGCCqGSM49BAMCA0gAMEUCICgiCb1q9NbSw0eIn\/\/33a9zqgsQUqLLyL2uebDgtmEDAiEAnvvjRAZErEMbuvKsGWN46Nc1bK9cVRIvwO0+Xp03N6A=\"}","payload":"9b606d265dd430c4e75c035f54688f0b3d8408d3db265e51aa2fb053cff94a28","mt":"LEDGER_HASH","sig":"MEUCIB9FtZ1L7RIWV979QC2qnJ8qz+ccNNINdyqz9PCZVwvvAiEAstFmS9DIhEgZpOl+ehLjDbGZfYxUjgs5GpumC381\/nQ=","nonce":1457270903,"seq":0,"tot":0}]
03-31 09:50:23.413 27850 28202 D RegistrationHandler: Has received 1 of 3 fragments from 6@test.com
03-31 09:50:23.452 27850 28202 D RegistrationHandler: Has received 2 of 3 from 6@test.com
03-31 09:50:23.469 27850 28202 D RegistrationHandler: Has received 3 of 3 from 6@test.com
03-31 09:50:23.482 27850 28202 D RegistrationHandler: Received full ledger from 6@test.com with nonce 1457270903
03-31 09:50:23.482 27850 28202 D RegistrationHandler: FULL_LEDGER 1457270903
03-31 09:50:23.726 27850 28202 D RegistrationHandler: Has received 3 of 3 fragments from 6@test.com
03-31 09:50:24.052 27850 28202 D RegistrationHandler: Has received 3 of 3 fragments from 6@test.com
03-31 09:50:24.056 27850 28209 D RegistrationHandler: Has received 1 of 3 fragments from 4@test.com
03-31 09:50:24.089 27850 28209 D RegistrationHandler: Has received 2 of 3 from 4@test.com
03-31 09:50:24.094 27850 28202 D RegistrationHandler: Has received 3 of 3 from 4@test.com
03-31 09:50:24.106 27850 28202 D RegistrationHandler: Received full ledger from 4@test.com with nonce 1457270903
03-31 09:50:24.107 27850 28202 D RegistrationHandler: FULL_LEDGER 1457270903
03-31 09:50:24.353 27850 28217 D RegistrationHandler: Has received 3 of 3 fragments from 6@test.com
03-31 09:50:27.307 27850 28217 D MulticastServer: Broadcast block received {"ip":"192.168.1.126","cert":"MIIBHDCBwqADAgECAgYBf5LhKoUwCgYIKoZIzj0EAwIwFTETMBEGA1UEAwwKMUB0ZXN0LmNvbTAeFw0yMjAzMTUxMzE4MjRaFw0yNDAzMTYxMzE4MjRaMBUxEzARBgNVBAMMCjFAdGVzdC5jb20wWTATBgcqhkjOPQIBBggqhkjOPQMBBwNCAARygid4IUjQcO5q061zUYi/H7lvnalm9LjGvCXUiUKNjFkRZCQQHkQr3g5NSREvlv8eDTjoMpzkwAR2X7BGjdlzMAoGCCqGSM49BAMCA0kAMEYCIQCiHMll2QZaqlteytfUXQC9N+f0vW3g05QfhOXX51uZkQIhAOqRAe/npOy8z8s0m0jcslsGFJ4m0z8mdDgpGZNaRRtS"}
03-31 09:50:27.316 27850 28242 D RegistrationHandler: ACCEPTED_LEDGER 1457270903 3
03-31 09:50:27.323 27850 28242 D RegistrationHandler: 1457270903 The accepted ledger contains: [3@test.com, 4@test.com, 6@test.com]
03-31 09:50:27.323 27850 28242 D MulticastServer: Registration process finished: 1457270903
03-31 09:50:27.718 27850 28217 D MulticastServer: Broadcast block received {"ip":"192.168.1.126","cert":"MIIBHDCBwqADAgECAgYBf5LhKoUwCgYIKoZIzj0EAwIwFTETMBEGA1UEAwwKMUB0ZXN0LmNvbTAeFw0yMjAzMTUxMzE4MjRaFw0yNDAzMTYxMzE4MjRaMBUxEzARBgNVBAMMCjFAdGVzdC5jb20wWTATBgcqhkjOPQIBBggqhkjOPQMBBwNCAARygid4IUjQcO5q061zUYi/H7lvnalm9LjGvCXUiUKNjFkRZCQQHkQr3g5NSREvlv8eDTjoMpzkwAR2X7BGjdlzMAoGCCqGSM49BAMCA0kAMEYCIQCiHMll2QZaqlteytfUXQC9N+f0vW3g05QfhOXX51uZkQIhAOqRAe/npOy8z8s0m0jcslsGFJ4m0z8mdDgpGZNaRRtS"}
03-31 09:50:28.022 27850 28217 D MulticastServer: Broadcast block received {"ip":"192.168.1.126","cert":"MIIBHDCBwqADAgECAgYBf5LhKoUwCgYIKoZIzj0EAwIwFTETMBEGA1UEAwwKMUB0ZXN0LmNvbTAeFw0yMjAzMTUxMzE4MjRaFw0yNDAzMTYxMzE4MjRaMBUxEzARBgNVBAMMCjFAdGVzdC5jb20wWTATBgcqhkjOPQIBBggqhkjOPQMBBwNCAARygid4IUjQcO5q061zUYi/H7lvnalm9LjGvCXUiUKNjFkRZCQQHkQr3g5NSREvlv8eDTjoMpzkwAR2X7BGjdlzMAoGCCqGSM49BAMCA0kAMEYCIQCiHMll2QZaqlteytfUXQC9N+f0vW3g05QfhOXX51uZkQIhAOqRAe/npOy8z8s0m0jcslsGFJ4m0z8mdDgpGZNaRRtS"}
03-31 09:50:38.774 27850 28217 D MulticastServer: Registration process started with nonce 2004392944
03-31 09:50:38.779 27850 28217 D MulticastServer: Received request for ledger with nonce: 2004392944.
03-31 09:50:38.803 27850 28208 D RegistrationHandler: 2004392944 Received hash from 3@test.com: b11626c0c0a88185f91f60672285a57b8268073cbbbe90d263affedee4ff522d
03-31 09:50:38.839 27850 28208 D MulticastClient: Sent messages with 3 resends: [{"sender":"{\"ip\":\"192.168.1.96\",\"cert\":\"MIIBGzCBwqADAgECAgYBf8\/LxZ4wCgYIKoZIzj0EAwIwFTETMBEGA1UEAwwKM0B0ZXN0LmNvbTAeFw0yMjAzMjcwOTExNTJaFw0yNDAzMjgxMDExNTJaMBUxEzARBgNVBAMMCjNAdGVzdC5jb20wWTATBgcqhkjOPQIBBggqhkjOPQMBBwNCAASU8klxBOreX5W38jpITscN1GZVSJ6ZqHNwmXx4hqGZbbqIdqck8958ao+KXRqyWGgSoeVuKiV3eUMXUa1mSB\/\/MAoGCCqGSM49BAMCA0gAMEUCICgiCb1q9NbSw0eIn\/\/33a9zqgsQUqLLyL2uebDgtmEDAiEAnvvjRAZErEMbuvKsGWN46Nc1bK9cVRIvwO0+Xp03N6A=\"}","payload":"b11626c0c0a88185f91f60672285a57b8268073cbbbe90d263affedee4ff522d","mt":"LEDGER_HASH","sig":"MEYCIQCAvSMaIYjPCl0PRqvK5krPnlnUGqxA6kNDjFvl7oTldQIhAPjtYLJSIaqJNbnOjudZPJ7h+hd8x14EHJOFZ3toXTXr","nonce":2004392944,"seq":0,"tot":0}]
03-31 09:50:38.878 27850 28202 D RegistrationHandler: Has received 1 of 4 fragments from 4@test.com
03-31 09:50:38.887 27850 28202 D RegistrationHandler: Has received 2 of 4 from 4@test.com
03-31 09:50:38.896 27850 28202 D RegistrationHandler: Has received 1 of 4 fragments from 6@test.com
03-31 09:50:38.900 27850 28217 D RegistrationHandler: Has received 2 of 4 from 6@test.com
03-31 09:50:38.908 27850 28217 D RegistrationHandler: Has received 3 of 4 from 4@test.com
03-31 09:50:38.914 27850 28217 D RegistrationHandler: Has received 3 of 4 from 6@test.com
03-31 09:50:38.921 27850 28217 D RegistrationHandler: Has received 4 of 4 from 6@test.com
03-31 09:50:38.928 27850 28202 D RegistrationHandler: Has received 4 of 4 from 4@test.com
03-31 09:50:38.940 27850 28217 D RegistrationHandler: Received full ledger from 6@test.com with nonce 2004392944
03-31 09:50:38.940 27850 28217 D RegistrationHandler: FULL_LEDGER 2004392944
03-31 09:50:38.943 27850 28202 D RegistrationHandler: Received full ledger from 4@test.com with nonce 2004392944
03-31 09:50:38.943 27850 28202 D RegistrationHandler: FULL_LEDGER 2004392944
03-31 09:50:38.978 27850 28202 D RegistrationHandler: 2004392944 Received hash from 1@test.com: b11626c0c0a88185f91f60672285a57b8268073cbbbe90d263affedee4ff522d
03-31 09:50:39.198 27850 28202 D RegistrationHandler: Has received 4 of 4 fragments from 6@test.com
03-31 09:50:39.212 27850 28202 D RegistrationHandler: Has received 4 of 4 fragments from 4@test.com
03-31 09:50:39.221 27850 28202 D RegistrationHandler: Has received 4 of 4 from 4@test.com
03-31 09:50:39.233 27850 28202 D RegistrationHandler: Received full ledger from 4@test.com with nonce 2004392944
03-31 09:50:39.233 27850 28202 D RegistrationHandler: FULL_LEDGER 2004392944
03-31 09:50:39.926 27850 28217 D RegistrationHandler: Has received 4 of 4 fragments from 6@test.com
03-31 09:50:42.768 27850 28217 D MulticastServer: Broadcast block received {"ip":"192.168.1.90","cert":"MIIBGzCBwqADAgECAgYBf5Lh/YgwCgYIKoZIzj0EAwIwFTETMBEGA1UEAwwKMkB0ZXN0LmNvbTAeFw0yMjAzMTUxMzE5MThaFw0yNDAzMTYxMzE5MThaMBUxEzARBgNVBAMMCjJAdGVzdC5jb20wWTATBgcqhkjOPQIBBggqhkjOPQMBBwNCAAS+Y1FtdGs8Ucfiq/zWhVaVn4ZBowDRf+LHkKkDUQijyqT6F1OlcBHKlpSdutzah71G6VCq62b3AWQkp086ORMGMAoGCCqGSM49BAMCA0gAMEUCIHH+qCw7c9P4WGmGxr+Z6u3tdZRz/XeTlZiocA09UDaoAiEA977yY+pelaDu67wtccznceHBT4wGLWjjfzyxyDdr/lY="}
03-31 09:50:42.784 27850 28262 D RegistrationHandler: ACCEPTED_LEDGER 2004392944 4
03-31 09:50:42.794 27850 28262 D RegistrationHandler: 2004392944 The accepted ledger contains: [1@test.com, 3@test.com, 4@test.com, 6@test.com]
03-31 09:50:42.794 27850 28262 D MulticastServer: Registration process finished: 2004392944
03-31 09:50:43.178 27850 28217 D MulticastServer: Broadcast block received {"ip":"192.168.1.90","cert":"MIIBGzCBwqADAgECAgYBf5Lh/YgwCgYIKoZIzj0EAwIwFTETMBEGA1UEAwwKMkB0ZXN0LmNvbTAeFw0yMjAzMTUxMzE5MThaFw0yNDAzMTYxMzE5MThaMBUxEzARBgNVBAMMCjJAdGVzdC5jb20wWTATBgcqhkjOPQIBBggqhkjOPQMBBwNCAAS+Y1FtdGs8Ucfiq/zWhVaVn4ZBowDRf+LHkKkDUQijyqT6F1OlcBHKlpSdutzah71G6VCq62b3AWQkp086ORMGMAoGCCqGSM49BAMCA0gAMEUCIHH+qCw7c9P4WGmGxr+Z6u3tdZRz/XeTlZiocA09UDaoAiEA977yY+pelaDu67wtccznceHBT4wGLWjjfzyxyDdr/lY="}
03-31 09:50:43.383 27850 28217 D MulticastServer: Broadcast block received {"ip":"192.168.1.90","cert":"MIIBGzCBwqADAgECAgYBf5Lh/YgwCgYIKoZIzj0EAwIwFTETMBEGA1UEAwwKMkB0ZXN0LmNvbTAeFw0yMjAzMTUxMzE5MThaFw0yNDAzMTYxMzE5MThaMBUxEzARBgNVBAMMCjJAdGVzdC5jb20wWTATBgcqhkjOPQIBBggqhkjOPQMBBwNCAAS+Y1FtdGs8Ucfiq/zWhVaVn4ZBowDRf+LHkKkDUQijyqT6F1OlcBHKlpSdutzah71G6VCq62b3AWQkp086ORMGMAoGCCqGSM49BAMCA0gAMEUCIHH+qCw7c9P4WGmGxr+Z6u3tdZRz/XeTlZiocA09UDaoAiEA977yY+pelaDu67wtccznceHBT4wGLWjjfzyxyDdr/lY="}
03-31 09:50:43.690 27850 28217 D MulticastServer: Broadcast block received {"ip":"192.168.1.90","cert":"MIIBGzCBwqADAgECAgYBf5Lh/YgwCgYIKoZIzj0EAwIwFTETMBEGA1UEAwwKMkB0ZXN0LmNvbTAeFw0yMjAzMTUxMzE5MThaFw0yNDAzMTYxMzE5MThaMBUxEzARBgNVBAMMCjJAdGVzdC5jb20wWTATBgcqhkjOPQIBBggqhkjOPQMBBwNCAAS+Y1FtdGs8Ucfiq/zWhVaVn4ZBowDRf+LHkKkDUQijyqT6F1OlcBHKlpSdutzah71G6VCq62b3AWQkp086ORMGMAoGCCqGSM49BAMCA0gAMEUCIHH+qCw7c9P4WGmGxr+Z6u3tdZRz/XeTlZiocA09UDaoAiEA977yY+pelaDu67wtccznceHBT4wGLWjjfzyxyDdr/lY="}
03-31 09:50:53.923 27850 28217 D MulticastServer: Registration process started with nonce 1099956257
03-31 09:50:53.928 27850 28217 D MulticastServer: Received request for ledger with nonce: 1099956257.
03-31 09:50:53.957 27850 28217 D RegistrationHandler: 1099956257 Received hash from 3@test.com: bc6ad23e3b75c35100b24c83d3021cb38f956996410119dc9922678e25e2fa5a
03-31 09:50:53.992 27850 28217 D MulticastClient: Sent messages with 3 resends: [{"sender":"{\"ip\":\"192.168.1.96\",\"cert\":\"MIIBGzCBwqADAgECAgYBf8\/LxZ4wCgYIKoZIzj0EAwIwFTETMBEGA1UEAwwKM0B0ZXN0LmNvbTAeFw0yMjAzMjcwOTExNTJaFw0yNDAzMjgxMDExNTJaMBUxEzARBgNVBAMMCjNAdGVzdC5jb20wWTATBgcqhkjOPQIBBggqhkjOPQMBBwNCAASU8klxBOreX5W38jpITscN1GZVSJ6ZqHNwmXx4hqGZbbqIdqck8958ao+KXRqyWGgSoeVuKiV3eUMXUa1mSB\/\/MAoGCCqGSM49BAMCA0gAMEUCICgiCb1q9NbSw0eIn\/\/33a9zqgsQUqLLyL2uebDgtmEDAiEAnvvjRAZErEMbuvKsGWN46Nc1bK9cVRIvwO0+Xp03N6A=\"}","payload":"bc6ad23e3b75c35100b24c83d3021cb38f956996410119dc9922678e25e2fa5a","mt":"LEDGER_HASH","sig":"MEUCIEmVrHV6RUpgPehkyaMqL7GSlHx6QtXQtarELezGflIXAiEAt1ItvM6NoJ28pyHAGoW\/NFzO0egg2YqU9\/cVvpYGxnQ=","nonce":1099956257,"seq":0,"tot":0}]
03-31 09:50:54.073 27850 28208 D RegistrationHandler: 1099956257 Received hash from 1@test.com: bc6ad23e3b75c35100b24c83d3021cb38f956996410119dc9922678e25e2fa5a
03-31 09:50:54.091 27850 28208 D RegistrationHandler: Has received 1 of 5 fragments from 6@test.com
03-31 09:50:54.098 27850 28208 D RegistrationHandler: Has received 2 of 5 from 6@test.com
03-31 09:50:54.158 27850 28208 D RegistrationHandler: Has received 3 of 5 from 6@test.com
03-31 09:50:54.181 27850 28208 D RegistrationHandler: Has received 4 of 5 from 6@test.com
03-31 09:50:54.187 27850 28209 D RegistrationHandler: 1099956257 Received hash from 2@test.com: bc6ad23e3b75c35100b24c83d3021cb38f956996410119dc9922678e25e2fa5a
03-31 09:50:54.476 27850 28209 D RegistrationHandler: Has received 4 of 5 fragments from 6@test.com
03-31 09:50:54.480 27850 28208 D RegistrationHandler: Has received 4 of 5 from 6@test.com
03-31 09:50:54.534 27850 28208 D RegistrationHandler: Has received 4 of 5 from 6@test.com
03-31 09:50:54.806 27850 28209 D RegistrationHandler: Has received 5 of 5 from 6@test.com
03-31 09:50:54.831 27850 28209 D RegistrationHandler: Received full ledger from 6@test.com with nonce 1099956257
03-31 09:50:54.831 27850 28209 D RegistrationHandler: FULL_LEDGER 1099956257
03-31 09:50:57.934 27850 28286 D RegistrationHandler: ACCEPTED_LEDGER 1099956257 5
03-31 09:50:57.943 27850 28286 D RegistrationHandler: 1099956257 The accepted ledger contains: [1@test.com, 2@test.com, 3@test.com, 4@test.com, 6@test.com]
03-31 09:50:57.944 27850 28286 D MulticastServer: Registration process finished: 1099956257
03-31 09:50:58.643 27850 28217 D MulticastServer: Broadcast block received {"ip":"192.168.1.97","cert":"MIIBHDCBwqADAgECAgYBf5Ll+aQwCgYIKoZIzj0EAwIwFTETMBEGA1UEAwwKNUB0ZXN0LmNvbTAeFw0yMjAzMTUxMzIzMzlaFw0yNDAzMTYxMzIzMzlaMBUxEzARBgNVBAMMCjVAdGVzdC5jb20wWTATBgcqhkjOPQIBBggqhkjOPQMBBwNCAAS9OhThI4D6g/iEXxfGklrIeXd9Z0M+diiJ9ljAgsIg42aeRti+qPdLXU1/D9cRSqQkfwr3bPWV3oF684Iqni4MMAoGCCqGSM49BAMCA0kAMEYCIQDvSgAgKBB22Z/ooyqUg64EcQUigPLpb+EEue5bwGydWgIhAKus7fYnj5hLAUwnPrCw9vZZ/j2+Hst7+b4ASLL75Nl9"}
03-31 09:50:58.948 27850 28217 D MulticastServer: Broadcast block received {"ip":"192.168.1.97","cert":"MIIBHDCBwqADAgECAgYBf5Ll+aQwCgYIKoZIzj0EAwIwFTETMBEGA1UEAwwKNUB0ZXN0LmNvbTAeFw0yMjAzMTUxMzIzMzlaFw0yNDAzMTYxMzIzMzlaMBUxEzARBgNVBAMMCjVAdGVzdC5jb20wWTATBgcqhkjOPQIBBggqhkjOPQMBBwNCAAS9OhThI4D6g/iEXxfGklrIeXd9Z0M+diiJ9ljAgsIg42aeRti+qPdLXU1/D9cRSqQkfwr3bPWV3oF684Iqni4MMAoGCCqGSM49BAMCA0kAMEYCIQDvSgAgKBB22Z/ooyqUg64EcQUigPLpb+EEue5bwGydWgIhAKus7fYnj5hLAUwnPrCw9vZZ/j2+Hst7+b4ASLL75Nl9"}
round 19 of 100
03-31 09:51:34.477 28032 28396 D MulticastServer: MULTICAST_SERVER_LISTENING
03-31 09:51:34.482 28032 28398 D MulticastServer: Registration process started with nonce 1364362965
03-31 09:51:34.487 28032 28397 D MulticastClient: REQUEST_LEDGER 1364362965
03-31 09:51:34.490 28032 28397 D MulticastClient: Sent messages with 3 resends: [{"sender":"","payload":"","mt":"REQUEST_LEDGER","sig":"","nonce":1364362965,"seq":0,"tot":0}]
03-31 09:51:34.999 28032 28403 D RegistrationHandler: Has received 1 of 2 fragments from 4@test.com
03-31 09:51:35.338 28032 28403 D RegistrationHandler: Has received 2 of 2 from 4@test.com
03-31 09:51:35.353 28032 28403 D RegistrationHandler: Received full ledger from 4@test.com with nonce 1364362965
03-31 09:51:35.353 28032 28403 D RegistrationHandler: FULL_LEDGER 1364362965
03-31 09:51:35.616 28032 28397 D RegistrationHandler: Has received 2 of 2 fragments from 4@test.com
03-31 09:51:35.629 28032 28397 D RegistrationHandler: Has received 1 of 2 fragments from 6@test.com
03-31 09:51:36.042 28032 28397 D RegistrationHandler: Has received 1 of 2 fragments from 6@test.com
03-31 09:51:36.043 28032 28403 D RegistrationHandler: Has received 2 of 2 from 6@test.com
03-31 09:51:36.047 28032 28411 D RegistrationHandler: Has received 2 of 2 fragments from 4@test.com
03-31 09:51:36.072 28032 28403 D RegistrationHandler: Received full ledger from 6@test.com with nonce 1364362965
03-31 09:51:36.072 28032 28403 D RegistrationHandler: FULL_LEDGER 1364362965
03-31 09:51:38.489 28032 28399 D RegistrationHandler: ACCEPTED_LEDGER 1364362965 2
03-31 09:51:38.492 28032 28399 D RegistrationHandler: 1364362965 The accepted ledger contains: [4@test.com, 6@test.com]
03-31 09:51:38.493 28032 28399 D RegistrationHandler: 1364362965 Registration started
03-31 09:51:38.501 28032 28399 D MulticastServer: Registration process finished: 1364362965
03-31 09:51:38.516 28032 28403 D MulticastClient: Sent messages with 3 resends: [{"sender":"3@test.com","payload":"{\"ip\":\"192.168.1.96\",\"cert\":\"MIIBGzCBwqADAgECAgYBf8\/LxZ4wCgYIKoZIzj0EAwIwFTETMBEGA1UEAwwKM0B0ZXN0LmNvbTAeFw0yMjAzMjcwOTExNTJaFw0yNDAzMjgxMDExNTJaMBUxEzARBgNVBAMMCjNAdGVzdC5jb20wWTATBgcqhkjOPQIBBggqhkjOPQMBBwNCAASU8klxBOreX5W38jpITscN1GZVSJ6ZqHNwmXx4hqGZbbqIdqck8958ao+KXRqyWGgSoeVuKiV3eUMXUa1mSB\/\/MAoGCCqGSM49BAMCA0gAMEUCICgiCb1q9NbSw0eIn\/\/33a9zqgsQUqLLyL2uebDgtmEDAiEAnvvjRAZErEMbuvKsGWN46Nc1bK9cVRIvwO0+Xp03N6A=\"}","mt":"BROADCAST_BLOCK","sig":"MEQCIFgYYv4E62tkPte7NK6TeyO7nWDCfPPYP5G6HbpkCvyyAiAUlZHwqkAOB6lBipDX29y+8KseysK2ImeIaj5tKP9q9Q==","nonce":1364362965,"seq":0,"tot":0}]
03-31 09:51:48.708 28032 28411 D MulticastServer: Registration process started with nonce 609353462
03-31 09:51:48.712 28032 28411 D MulticastServer: Received request for ledger with nonce: 609353462.
03-31 09:51:48.746 28032 28403 D RegistrationHandler: 609353462 Received hash from 3@test.com: 9b606d265dd430c4e75c035f54688f0b3d8408d3db265e51aa2fb053cff94a28
03-31 09:51:48.803 28032 28403 D MulticastClient: Sent messages with 3 resends: [{"sender":"{\"ip\":\"192.168.1.96\",\"cert\":\"MIIBGzCBwqADAgECAgYBf8\/LxZ4wCgYIKoZIzj0EAwIwFTETMBEGA1UEAwwKM0B0ZXN0LmNvbTAeFw0yMjAzMjcwOTExNTJaFw0yNDAzMjgxMDExNTJaMBUxEzARBgNVBAMMCjNAdGVzdC5jb20wWTATBgcqhkjOPQIBBggqhkjOPQMBBwNCAASU8klxBOreX5W38jpITscN1GZVSJ6ZqHNwmXx4hqGZbbqIdqck8958ao+KXRqyWGgSoeVuKiV3eUMXUa1mSB\/\/MAoGCCqGSM49BAMCA0gAMEUCICgiCb1q9NbSw0eIn\/\/33a9zqgsQUqLLyL2uebDgtmEDAiEAnvvjRAZErEMbuvKsGWN46Nc1bK9cVRIvwO0+Xp03N6A=\"}","payload":"9b606d265dd430c4e75c035f54688f0b3d8408d3db265e51aa2fb053cff94a28","mt":"LEDGER_HASH","sig":"MEQCICzfnBp+vDYC9WduksQqDqm4CBzbc7XDkOAt8SL3akYiAiA63hgX1GMSRc3X9s0tioyHzWG+ZnFtg5NRggFC6fP1yw==","nonce":609353462,"seq":0,"tot":0}]
03-31 09:51:48.819 28032 28397 D RegistrationHandler: Has received 1 of 3 fragments from 6@test.com
03-31 09:51:48.825 28032 28397 D RegistrationHandler: Has received 1 of 3 fragments from 4@test.com
03-31 09:51:48.851 28032 28397 D RegistrationHandler: Has received 2 of 3 from 4@test.com
03-31 09:51:48.858 28032 28397 D RegistrationHandler: Has received 2 of 3 from 6@test.com
03-31 09:51:48.864 28032 28397 D RegistrationHandler: Has received 3 of 3 from 4@test.com
03-31 09:51:48.876 28032 28397 D RegistrationHandler: Received full ledger from 4@test.com with nonce 609353462
03-31 09:51:48.877 28032 28397 D RegistrationHandler: FULL_LEDGER 609353462
03-31 09:51:49.145 28032 28421 D RegistrationHandler: Has received 2 of 3 fragments from 6@test.com
03-31 09:51:49.146 28032 28411 D RegistrationHandler: Has received 2 of 3 from 6@test.com
03-31 09:51:49.148 28032 28442 D RegistrationHandler: Has received 3 of 3 fragments from 4@test.com
03-31 09:51:49.157 28032 28442 D RegistrationHandler: Has received 3 of 3 from 6@test.com
03-31 09:51:49.170 28032 28442 D RegistrationHandler: Received full ledger from 6@test.com with nonce 609353462
03-31 09:51:49.170 28032 28442 D RegistrationHandler: FULL_LEDGER 609353462
03-31 09:51:49.449 28032 28441 D RegistrationHandler: Has received 3 of 3 fragments from 6@test.com
03-31 09:51:49.450 28032 28442 D RegistrationHandler: Has received 3 of 3 fragments from 4@test.com
03-31 09:51:49.461 28032 28442 D RegistrationHandler: Has received 3 of 3 from 6@test.com
03-31 09:51:49.473 28032 28442 D RegistrationHandler: Received full ledger from 6@test.com with nonce 609353462
03-31 09:51:49.473 28032 28442 D RegistrationHandler: FULL_LEDGER 609353462
03-31 09:51:49.739 28032 28403 D RegistrationHandler: Has received 3 of 3 fragments from 4@test.com
03-31 09:51:49.867 28032 28403 D RegistrationHandler: Has received 3 of 3 fragments from 6@test.com
03-31 09:51:52.719 28032 28436 D RegistrationHandler: ACCEPTED_LEDGER 609353462 3
03-31 09:51:52.726 28032 28436 D RegistrationHandler: 609353462 The accepted ledger contains: [3@test.com, 4@test.com, 6@test.com]
03-31 09:51:52.727 28032 28436 D MulticastServer: Registration process finished: 609353462
03-31 09:51:52.813 28032 28442 D MulticastServer: Broadcast block received {"ip":"192.168.1.126","cert":"MIIBHDCBwqADAgECAgYBf5LhKoUwCgYIKoZIzj0EAwIwFTETMBEGA1UEAwwKMUB0ZXN0LmNvbTAeFw0yMjAzMTUxMzE4MjRaFw0yNDAzMTYxMzE4MjRaMBUxEzARBgNVBAMMCjFAdGVzdC5jb20wWTATBgcqhkjOPQIBBggqhkjOPQMBBwNCAARygid4IUjQcO5q061zUYi/H7lvnalm9LjGvCXUiUKNjFkRZCQQHkQr3g5NSREvlv8eDTjoMpzkwAR2X7BGjdlzMAoGCCqGSM49BAMCA0kAMEYCIQCiHMll2QZaqlteytfUXQC9N+f0vW3g05QfhOXX51uZkQIhAOqRAe/npOy8z8s0m0jcslsGFJ4m0z8mdDgpGZNaRRtS"}
03-31 09:51:53.118 28032 28442 D MulticastServer: Broadcast block received {"ip":"192.168.1.126","cert":"MIIBHDCBwqADAgECAgYBf5LhKoUwCgYIKoZIzj0EAwIwFTETMBEGA1UEAwwKMUB0ZXN0LmNvbTAeFw0yMjAzMTUxMzE4MjRaFw0yNDAzMTYxMzE4MjRaMBUxEzARBgNVBAMMCjFAdGVzdC5jb20wWTATBgcqhkjOPQIBBggqhkjOPQMBBwNCAARygid4IUjQcO5q061zUYi/H7lvnalm9LjGvCXUiUKNjFkRZCQQHkQr3g5NSREvlv8eDTjoMpzkwAR2X7BGjdlzMAoGCCqGSM49BAMCA0kAMEYCIQCiHMll2QZaqlteytfUXQC9N+f0vW3g05QfhOXX51uZkQIhAOqRAe/npOy8z8s0m0jcslsGFJ4m0z8mdDgpGZNaRRtS"}
03-31 09:51:53.422 28032 28442 D MulticastServer: Broadcast block received {"ip":"192.168.1.126","cert":"MIIBHDCBwqADAgECAgYBf5LhKoUwCgYIKoZIzj0EAwIwFTETMBEGA1UEAwwKMUB0ZXN0LmNvbTAeFw0yMjAzMTUxMzE4MjRaFw0yNDAzMTYxMzE4MjRaMBUxEzARBgNVBAMMCjFAdGVzdC5jb20wWTATBgcqhkjOPQIBBggqhkjOPQMBBwNCAARygid4IUjQcO5q061zUYi/H7lvnalm9LjGvCXUiUKNjFkRZCQQHkQr3g5NSREvlv8eDTjoMpzkwAR2X7BGjdlzMAoGCCqGSM49BAMCA0kAMEYCIQCiHMll2QZaqlteytfUXQC9N+f0vW3g05QfhOXX51uZkQIhAOqRAe/npOy8z8s0m0jcslsGFJ4m0z8mdDgpGZNaRRtS"}
03-31 09:51:53.734 28032 28442 D MulticastServer: Broadcast block received {"ip":"192.168.1.126","cert":"MIIBHDCBwqADAgECAgYBf5LhKoUwCgYIKoZIzj0EAwIwFTETMBEGA1UEAwwKMUB0ZXN0LmNvbTAeFw0yMjAzMTUxMzE4MjRaFw0yNDAzMTYxMzE4MjRaMBUxEzARBgNVBAMMCjFAdGVzdC5jb20wWTATBgcqhkjOPQIBBggqhkjOPQMBBwNCAARygid4IUjQcO5q061zUYi/H7lvnalm9LjGvCXUiUKNjFkRZCQQHkQr3g5NSREvlv8eDTjoMpzkwAR2X7BGjdlzMAoGCCqGSM49BAMCA0kAMEYCIQCiHMll2QZaqlteytfUXQC9N+f0vW3g05QfhOXX51uZkQIhAOqRAe/npOy8z8s0m0jcslsGFJ4m0z8mdDgpGZNaRRtS"}
03-31 09:52:03.966 28032 28442 D MulticastServer: Registration process started with nonce 1755854576
03-31 09:52:03.970 28032 28442 D MulticastServer: Received request for ledger with nonce: 1755854576.
03-31 09:52:03.994 28032 28442 D RegistrationHandler: 1755854576 Received hash from 3@test.com: b11626c0c0a88185f91f60672285a57b8268073cbbbe90d263affedee4ff522d
03-31 09:52:04.036 28032 28442 D MulticastClient: Sent messages with 3 resends: [{"sender":"{\"ip\":\"192.168.1.96\",\"cert\":\"MIIBGzCBwqADAgECAgYBf8\/LxZ4wCgYIKoZIzj0EAwIwFTETMBEGA1UEAwwKM0B0ZXN0LmNvbTAeFw0yMjAzMjcwOTExNTJaFw0yNDAzMjgxMDExNTJaMBUxEzARBgNVBAMMCjNAdGVzdC5jb20wWTATBgcqhkjOPQIBBggqhkjOPQMBBwNCAASU8klxBOreX5W38jpITscN1GZVSJ6ZqHNwmXx4hqGZbbqIdqck8958ao+KXRqyWGgSoeVuKiV3eUMXUa1mSB\/\/MAoGCCqGSM49BAMCA0gAMEUCICgiCb1q9NbSw0eIn\/\/33a9zqgsQUqLLyL2uebDgtmEDAiEAnvvjRAZErEMbuvKsGWN46Nc1bK9cVRIvwO0+Xp03N6A=\"}","payload":"b11626c0c0a88185f91f60672285a57b8268073cbbbe90d263affedee4ff522d","mt":"LEDGER_HASH","sig":"MEQCIA2\/u2c5keC166T4Yud6\/UTHXHm73VUyU2eqeU+B3E5yAiBrKfevaTf6VLZPQn0B7vNanKe+vuAlkX8OkDT0J6iq0A==","nonce":1755854576,"seq":0,"tot":0}]
03-31 09:52:04.072 28032 28440 D RegistrationHandler: 1755854576 Received hash from 1@test.com: b11626c0c0a88185f91f60672285a57b8268073cbbbe90d263affedee4ff522d
03-31 09:52:04.122 28032 28440 D RegistrationHandler: Has received 1 of 4 fragments from 6@test.com
03-31 09:52:04.155 28032 28440 D RegistrationHandler: Has received 2 of 4 from 6@test.com
03-31 09:52:04.407 28032 28440 D RegistrationHandler: Has received 3 of 4 from 6@test.com
03-31 09:52:04.429 28032 28440 D RegistrationHandler: Has received 4 of 4 from 6@test.com
03-31 09:52:04.458 28032 28440 D RegistrationHandler: Received full ledger from 6@test.com with nonce 1755854576
03-31 09:52:04.458 28032 28440 D RegistrationHandler: FULL_LEDGER 1755854576
03-31 09:52:04.799 28032 28440 D RegistrationHandler: Has received 4 of 4 fragments from 6@test.com
03-31 09:52:05.106 28032 28440 D RegistrationHandler: Has received 1 of 4 fragments from 4@test.com
03-31 09:52:05.137 28032 28440 D RegistrationHandler: Received full ledger from 4@test.com with nonce 1755854576
03-31 09:52:05.137 28032 28440 D RegistrationHandler: FULL_LEDGER 1755854576
03-31 09:52:05.147 28032 28440 D RegistrationHandler: Has received 2 of 4 from 4@test.com
03-31 09:52:07.965 28032 28440 D MulticastServer: Broadcast block received {"ip":"192.168.1.90","cert":"MIIBGzCBwqADAgECAgYBf5Lh/YgwCgYIKoZIzj0EAwIwFTETMBEGA1UEAwwKMkB0ZXN0LmNvbTAeFw0yMjAzMTUxMzE5MThaFw0yNDAzMTYxMzE5MThaMBUxEzARBgNVBAMMCjJAdGVzdC5jb20wWTATBgcqhkjOPQIBBggqhkjOPQMBBwNCAAS+Y1FtdGs8Ucfiq/zWhVaVn4ZBowDRf+LHkKkDUQijyqT6F1OlcBHKlpSdutzah71G6VCq62b3AWQkp086ORMGMAoGCCqGSM49BAMCA0gAMEUCIHH+qCw7c9P4WGmGxr+Z6u3tdZRz/XeTlZiocA09UDaoAiEA977yY+pelaDu67wtccznceHBT4wGLWjjfzyxyDdr/lY="}
03-31 09:52:07.975 28032 28457 D RegistrationHandler: ACCEPTED_LEDGER 1755854576 4
03-31 09:52:07.979 28032 28457 D RegistrationHandler: 1755854576 The accepted ledger contains: [1@test.com, 3@test.com, 4@test.com, 6@test.com]
03-31 09:52:07.979 28032 28457 D MulticastServer: Registration process finished: 1755854576
03-31 09:52:08.273 28032 28440 D MulticastServer: Broadcast block received {"ip":"192.168.1.90","cert":"MIIBGzCBwqADAgECAgYBf5Lh/YgwCgYIKoZIzj0EAwIwFTETMBEGA1UEAwwKMkB0ZXN0LmNvbTAeFw0yMjAzMTUxMzE5MThaFw0yNDAzMTYxMzE5MThaMBUxEzARBgNVBAMMCjJAdGVzdC5jb20wWTATBgcqhkjOPQIBBggqhkjOPQMBBwNCAAS+Y1FtdGs8Ucfiq/zWhVaVn4ZBowDRf+LHkKkDUQijyqT6F1OlcBHKlpSdutzah71G6VCq62b3AWQkp086ORMGMAoGCCqGSM49BAMCA0gAMEUCIHH+qCw7c9P4WGmGxr+Z6u3tdZRz/XeTlZiocA09UDaoAiEA977yY+pelaDu67wtccznceHBT4wGLWjjfzyxyDdr/lY="}
03-31 09:52:08.580 28032 28440 D MulticastServer: Broadcast block received {"ip":"192.168.1.90","cert":"MIIBGzCBwqADAgECAgYBf5Lh/YgwCgYIKoZIzj0EAwIwFTETMBEGA1UEAwwKMkB0ZXN0LmNvbTAeFw0yMjAzMTUxMzE5MThaFw0yNDAzMTYxMzE5MThaMBUxEzARBgNVBAMMCjJAdGVzdC5jb20wWTATBgcqhkjOPQIBBggqhkjOPQMBBwNCAAS+Y1FtdGs8Ucfiq/zWhVaVn4ZBowDRf+LHkKkDUQijyqT6F1OlcBHKlpSdutzah71G6VCq62b3AWQkp086ORMGMAoGCCqGSM49BAMCA0gAMEUCIHH+qCw7c9P4WGmGxr+Z6u3tdZRz/XeTlZiocA09UDaoAiEA977yY+pelaDu67wtccznceHBT4wGLWjjfzyxyDdr/lY="}
03-31 09:52:08.889 28032 28440 D MulticastServer: Broadcast block received {"ip":"192.168.1.90","cert":"MIIBGzCBwqADAgECAgYBf5Lh/YgwCgYIKoZIzj0EAwIwFTETMBEGA1UEAwwKMkB0ZXN0LmNvbTAeFw0yMjAzMTUxMzE5MThaFw0yNDAzMTYxMzE5MThaMBUxEzARBgNVBAMMCjJAdGVzdC5jb20wWTATBgcqhkjOPQIBBggqhkjOPQMBBwNCAAS+Y1FtdGs8Ucfiq/zWhVaVn4ZBowDRf+LHkKkDUQijyqT6F1OlcBHKlpSdutzah71G6VCq62b3AWQkp086ORMGMAoGCCqGSM49BAMCA0gAMEUCIHH+qCw7c9P4WGmGxr+Z6u3tdZRz/XeTlZiocA09UDaoAiEA977yY+pelaDu67wtccznceHBT4wGLWjjfzyxyDdr/lY="}
03-31 09:52:19.019 28032 28440 D MulticastServer: Registration process started with nonce 427394509
03-31 09:52:19.023 28032 28440 D MulticastServer: Received request for ledger with nonce: 427394509.
03-31 09:52:19.054 28032 28403 D RegistrationHandler: 427394509 Received hash from 3@test.com: bc6ad23e3b75c35100b24c83d3021cb38f956996410119dc9922678e25e2fa5a
03-31 09:52:19.090 28032 28403 D MulticastClient: Sent messages with 3 resends: [{"sender":"{\"ip\":\"192.168.1.96\",\"cert\":\"MIIBGzCBwqADAgECAgYBf8\/LxZ4wCgYIKoZIzj0EAwIwFTETMBEGA1UEAwwKM0B0ZXN0LmNvbTAeFw0yMjAzMjcwOTExNTJaFw0yNDAzMjgxMDExNTJaMBUxEzARBgNVBAMMCjNAdGVzdC5jb20wWTATBgcqhkjOPQIBBggqhkjOPQMBBwNCAASU8klxBOreX5W38jpITscN1GZVSJ6ZqHNwmXx4hqGZbbqIdqck8958ao+KXRqyWGgSoeVuKiV3eUMXUa1mSB\/\/MAoGCCqGSM49BAMCA0gAMEUCICgiCb1q9NbSw0eIn\/\/33a9zqgsQUqLLyL2uebDgtmEDAiEAnvvjRAZErEMbuvKsGWN46Nc1bK9cVRIvwO0+Xp03N6A=\"}","payload":"bc6ad23e3b75c35100b24c83d3021cb38f956996410119dc9922678e25e2fa5a","mt":"LEDGER_HASH","sig":"MEUCIQCEr7yGtc4FeAI41B55J9IZN3v2rBqNx9v\/iuI9PWi4GAIgEwglYtsm+1UJHsL1A3yDCovSG+Nw12NLstB1jzYXOck=","nonce":427394509,"seq":0,"tot":0}]
03-31 09:52:19.129 28032 28421 D RegistrationHandler: 427394509 Received hash from 1@test.com: bc6ad23e3b75c35100b24c83d3021cb38f956996410119dc9922678e25e2fa5a
03-31 09:52:19.137 28032 28442 D RegistrationHandler: 427394509 Received hash from 2@test.com: bc6ad23e3b75c35100b24c83d3021cb38f956996410119dc9922678e25e2fa5a
03-31 09:52:19.142 28032 28440 D RegistrationHandler: Has received 1 of 5 fragments from 6@test.com
03-31 09:52:19.154 28032 28440 D RegistrationHandler: Has received 2 of 5 from 6@test.com
03-31 09:52:19.159 28032 28442 D RegistrationHandler: Has received 3 of 5 from 6@test.com
03-31 09:52:19.199 28032 28442 D RegistrationHandler: Has received 4 of 5 from 6@test.com
03-31 09:52:19.204 28032 28440 D RegistrationHandler: Has received 5 of 5 from 6@test.com
03-31 09:52:19.225 28032 28421 D RegistrationHandler: Has received 1 of 5 fragments from 4@test.com
03-31 09:52:19.231 28032 28442 D RegistrationHandler: Has received 2 of 5 from 4@test.com
03-31 09:52:19.232 28032 28440 D RegistrationHandler: Received full ledger from 6@test.com with nonce 427394509
03-31 09:52:19.232 28032 28440 D RegistrationHandler: FULL_LEDGER 427394509
03-31 09:52:19.236 28032 28442 D RegistrationHandler: Has received 3 of 5 from 4@test.com
03-31 09:52:19.241 28032 28442 D RegistrationHandler: Has received 4 of 5 from 4@test.com
03-31 09:52:19.460 28032 28442 D RegistrationHandler: Has received 5 of 5 from 4@test.com
03-31 09:52:19.489 28032 28442 D RegistrationHandler: Received full ledger from 4@test.com with nonce 427394509
03-31 09:52:19.489 28032 28442 D RegistrationHandler: FULL_LEDGER 427394509
03-31 09:52:19.541 28032 28442 D RegistrationHandler: Has received 5 of 5 from 4@test.com
03-31 09:52:19.546 28032 28440 D RegistrationHandler: Has received 5 of 5 from 4@test.com
03-31 09:52:19.559 28032 28411 D RegistrationHandler: Has received 5 of 5 from 4@test.com
