04-26 03:54:07.770 24392 24452 D MulticastServer: Broadcast block received {"ip":"192.168.1.66","cert":"MIIBGzCBwqADAgECAgYBgEtLsMUwCgYIKoZIzj0EAwIwFTETMBEGA1UEAwwKVFRNNDkwNSBDQTAeFw0yMjA0MjAwODQ0NTNaFw0yMjA1MjEwODQ0NTNaMBUxEzARBgNVBAMMCjFAdGVzdC5jb20wWTATBgcqhkjOPQIBBggqhkjOPQMBBwNCAAQHFNOCHx/BBFYqT41UW1M6slehFXn+9LK4VDhtASjKBd51QxSRtYZAl+/IpTuOnQdMVvlGCMMWkSeEGOgyfwh1MAoGCCqGSM49BAMCA0gAMEUCIQD1OXIEAO1fI6+XpR936a5Ef365WnXPvrbzl8oxr0/Z8QIgV5LWkYufM8V0VqpcYcHXyI2fCScD24nJMtVWnrVtOU8="}
04-26 03:54:09.062 24392 24448 D RegistrationHandler: I am the first in the network
04-26 03:54:09.062 24392 24448 D RegistrationHandler: 1774625507 Registration started
04-26 03:54:09.089 24392 24445 D MulticastClient: Sent messages with 4 resends: [{"sender":"2@test.com","payload":"{\"ip\":\"192.168.1.57\",\"cert\":\"MIIBGjCBwqADAgECAgYBgEtMKvwwCgYIKoZIzj0EAwIwFTETMBEGA1UEAwwKVFRNNDkwNSBDQTAeFw0yMjA0MjAwODQ1MjRaFw0yMjA1MjEwODQ1MjRaMBUxEzARBgNVBAMMCjJAdGVzdC5jb20wWTATBgcqhkjOPQIBBggqhkjOPQMBBwNCAARuziVeqczih9y2IwSJ3AZuLzxwpY2VwkjEcfE8yVLxCF1qtw21\/iMvxrk2q4BpbgHrUX5EWSAEi7qJDXIS4c\/wMAoGCCqGSM49BAMCA0cAMEQCIG3JN+NQlClPB+thJTrGjfia7cfGbMyyWhJH4K0X7YymAiAUuEhh7Ol8fxrjxPTDnAemav8GQj3kHaLUj1oJ3XJ+Tg==\"}","mt":"BROADCAST_BLOCK","sig":"MEQCIC9j9dBFZYYelp2WRLzhEiFuHBbi95gSDQMDAAMWkNXJAiBXRW7lUm92LGnBfIVemxpXPJEyJUilRYE\/7oHXLHspbQ==","nonce":1774625507,"seq":0,"tot":0}]
04-26 03:54:09.090 24392 24448 D MulticastServer: Registration process finished: 1774625507
04-26 03:54:11.577 24392 24466 D RegistrationHandler: I am the first in the network
04-26 03:54:11.577 24392 24466 D MulticastServer: Registration process finished: 1831529692
round 21 of 300
04-26 03:54:19.525 24501 24554 D MulticastServer: MULTICAST_SERVER_LISTENING
04-26 03:54:19.528 24501 24556 D MulticastServer: Registration process started with nonce 1604167509
04-26 03:54:19.532 24501 24561 D MulticastClient: REQUEST_LEDGER 1604167509
04-26 03:54:19.539 24501 24561 D MulticastClient: Sent messages with 4 resends: [{"sender":"","payload":"","mt":"REQUEST_LEDGER","sig":"","nonce":1604167509,"seq":0,"tot":0}]
04-26 03:54:22.699 24501 24562 D MulticastServer: Registration process started with nonce 477608883
04-26 03:54:22.706 24501 24562 D MulticastServer: Received request for ledger with nonce: 477608883.
04-26 03:54:22.736 24501 24562 D MulticastServer: Broadcast block received {"ip":"192.168.1.66","cert":"MIIBGzCBwqADAgECAgYBgEtLsMUwCgYIKoZIzj0EAwIwFTETMBEGA1UEAwwKVFRNNDkwNSBDQTAeFw0yMjA0MjAwODQ0NTNaFw0yMjA1MjEwODQ0NTNaMBUxEzARBgNVBAMMCjFAdGVzdC5jb20wWTATBgcqhkjOPQIBBggqhkjOPQMBBwNCAAQHFNOCHx/BBFYqT41UW1M6slehFXn+9LK4VDhtASjKBd51QxSRtYZAl+/IpTuOnQdMVvlGCMMWkSeEGOgyfwh1MAoGCCqGSM49BAMCA0gAMEUCIQD1OXIEAO1fI6+XpR936a5Ef365WnXPvrbzl8oxr0/Z8QIgV5LWkYufM8V0VqpcYcHXyI2fCScD24nJMtVWnrVtOU8="}
04-26 03:54:22.742 24501 24562 D MulticastServer: Broadcast block received {"ip":"192.168.1.66","cert":"MIIBGzCBwqADAgECAgYBgEtLsMUwCgYIKoZIzj0EAwIwFTETMBEGA1UEAwwKVFRNNDkwNSBDQTAeFw0yMjA0MjAwODQ0NTNaFw0yMjA1MjEwODQ0NTNaMBUxEzARBgNVBAMMCjFAdGVzdC5jb20wWTATBgcqhkjOPQIBBggqhkjOPQMBBwNCAAQHFNOCHx/BBFYqT41UW1M6slehFXn+9LK4VDhtASjKBd51QxSRtYZAl+/IpTuOnQdMVvlGCMMWkSeEGOgyfwh1MAoGCCqGSM49BAMCA0gAMEUCIQD1OXIEAO1fI6+XpR936a5Ef365WnXPvrbzl8oxr0/Z8QIgV5LWkYufM8V0VqpcYcHXyI2fCScD24nJMtVWnrVtOU8="}
04-26 03:54:22.746 24501 24562 D MulticastServer: Broadcast block received {"ip":"192.168.1.66","cert":"MIIBGzCBwqADAgECAgYBgEtLsMUwCgYIKoZIzj0EAwIwFTETMBEGA1UEAwwKVFRNNDkwNSBDQTAeFw0yMjA0MjAwODQ0NTNaFw0yMjA1MjEwODQ0NTNaMBUxEzARBgNVBAMMCjFAdGVzdC5jb20wWTATBgcqhkjOPQIBBggqhkjOPQMBBwNCAAQHFNOCHx/BBFYqT41UW1M6slehFXn+9LK4VDhtASjKBd51QxSRtYZAl+/IpTuOnQdMVvlGCMMWkSeEGOgyfwh1MAoGCCqGSM49BAMCA0gAMEUCIQD1OXIEAO1fI6+XpR936a5Ef365WnXPvrbzl8oxr0/Z8QIgV5LWkYufM8V0VqpcYcHXyI2fCScD24nJMtVWnrVtOU8="}
04-26 03:54:22.749 24501 24562 D MulticastServer: Broadcast block received {"ip":"192.168.1.66","cert":"MIIBGzCBwqADAgECAgYBgEtLsMUwCgYIKoZIzj0EAwIwFTETMBEGA1UEAwwKVFRNNDkwNSBDQTAeFw0yMjA0MjAwODQ0NTNaFw0yMjA1MjEwODQ0NTNaMBUxEzARBgNVBAMMCjFAdGVzdC5jb20wWTATBgcqhkjOPQIBBggqhkjOPQMBBwNCAAQHFNOCHx/BBFYqT41UW1M6slehFXn+9LK4VDhtASjKBd51QxSRtYZAl+/IpTuOnQdMVvlGCMMWkSeEGOgyfwh1MAoGCCqGSM49BAMCA0gAMEUCIQD1OXIEAO1fI6+XpR936a5Ef365WnXPvrbzl8oxr0/Z8QIgV5LWkYufM8V0VqpcYcHXyI2fCScD24nJMtVWnrVtOU8="}
04-26 03:54:26.709 24501 24587 D RegistrationHandler: I am the first in the network
04-26 03:54:26.709 24501 24587 D RegistrationHandler: 477608883 Registration started
04-26 03:54:26.723 24501 24587 D MulticastServer: Registration process finished: 477608883
04-26 03:54:26.732 24501 24561 D MulticastClient: Sent messages with 4 resends: [{"sender":"2@test.com","payload":"{\"ip\":\"192.168.1.57\",\"cert\":\"MIIBGjCBwqADAgECAgYBgEtMKvwwCgYIKoZIzj0EAwIwFTETMBEGA1UEAwwKVFRNNDkwNSBDQTAeFw0yMjA0MjAwODQ1MjRaFw0yMjA1MjEwODQ1MjRaMBUxEzARBgNVBAMMCjJAdGVzdC5jb20wWTATBgcqhkjOPQIBBggqhkjOPQMBBwNCAARuziVeqczih9y2IwSJ3AZuLzxwpY2VwkjEcfE8yVLxCF1qtw21\/iMvxrk2q4BpbgHrUX5EWSAEi7qJDXIS4c\/wMAoGCCqGSM49BAMCA0cAMEQCIG3JN+NQlClPB+thJTrGjfia7cfGbMyyWhJH4K0X7YymAiAUuEhh7Ol8fxrjxPTDnAemav8GQj3kHaLUj1oJ3XJ+Tg==\"}","mt":"BROADCAST_BLOCK","sig":"MEQCIEZWkfOFDAq+y5lMEzC1KZeIrqted0gZWSAbIzmIe7gEAiA9zxW1yOdxT2Xodofi1YVJtf33d3xDhSIy8vKxMegCiA==","nonce":477608883,"seq":0,"tot":0}]
round 22 of 300
04-26 03:54:34.013 24626 24701 D MulticastServer: MULTICAST_SERVER_LISTENING
04-26 03:54:34.015 24626 24704 D MulticastServer: Registration process started with nonce 824054661
04-26 03:54:34.019 24626 24708 D MulticastClient: REQUEST_LEDGER 824054661
04-26 03:54:34.026 24626 24708 D MulticastClient: Sent messages with 4 resends: [{"sender":"","payload":"","mt":"REQUEST_LEDGER","sig":"","nonce":824054661,"seq":0,"tot":0}]
04-26 03:54:35.617 24626 24711 D MulticastServer: Registration process started with nonce 366409619
04-26 03:54:35.619 24626 24711 D MulticastServer: Received request for ledger with nonce: 366409619.
04-26 03:54:35.634 24626 24711 D MulticastServer: Broadcast block received {"ip":"192.168.1.66","cert":"MIIBGzCBwqADAgECAgYBgEtLsMUwCgYIKoZIzj0EAwIwFTETMBEGA1UEAwwKVFRNNDkwNSBDQTAeFw0yMjA0MjAwODQ0NTNaFw0yMjA1MjEwODQ0NTNaMBUxEzARBgNVBAMMCjFAdGVzdC5jb20wWTATBgcqhkjOPQIBBggqhkjOPQMBBwNCAAQHFNOCHx/BBFYqT41UW1M6slehFXn+9LK4VDhtASjKBd51QxSRtYZAl+/IpTuOnQdMVvlGCMMWkSeEGOgyfwh1MAoGCCqGSM49BAMCA0gAMEUCIQD1OXIEAO1fI6+XpR936a5Ef365WnXPvrbzl8oxr0/Z8QIgV5LWkYufM8V0VqpcYcHXyI2fCScD24nJMtVWnrVtOU8="}
04-26 03:54:35.638 24626 24711 D MulticastServer: Broadcast block received {"ip":"192.168.1.66","cert":"MIIBGzCBwqADAgECAgYBgEtLsMUwCgYIKoZIzj0EAwIwFTETMBEGA1UEAwwKVFRNNDkwNSBDQTAeFw0yMjA0MjAwODQ0NTNaFw0yMjA1MjEwODQ0NTNaMBUxEzARBgNVBAMMCjFAdGVzdC5jb20wWTATBgcqhkjOPQIBBggqhkjOPQMBBwNCAAQHFNOCHx/BBFYqT41UW1M6slehFXn+9LK4VDhtASjKBd51QxSRtYZAl+/IpTuOnQdMVvlGCMMWkSeEGOgyfwh1MAoGCCqGSM49BAMCA0gAMEUCIQD1OXIEAO1fI6+XpR936a5Ef365WnXPvrbzl8oxr0/Z8QIgV5LWkYufM8V0VqpcYcHXyI2fCScD24nJMtVWnrVtOU8="}
04-26 03:54:35.641 24626 24711 D MulticastServer: Broadcast block received {"ip":"192.168.1.66","cert":"MIIBGzCBwqADAgECAgYBgEtLsMUwCgYIKoZIzj0EAwIwFTETMBEGA1UEAwwKVFRNNDkwNSBDQTAeFw0yMjA0MjAwODQ0NTNaFw0yMjA1MjEwODQ0NTNaMBUxEzARBgNVBAMMCjFAdGVzdC5jb20wWTATBgcqhkjOPQIBBggqhkjOPQMBBwNCAAQHFNOCHx/BBFYqT41UW1M6slehFXn+9LK4VDhtASjKBd51QxSRtYZAl+/IpTuOnQdMVvlGCMMWkSeEGOgyfwh1MAoGCCqGSM49BAMCA0gAMEUCIQD1OXIEAO1fI6+XpR936a5Ef365WnXPvrbzl8oxr0/Z8QIgV5LWkYufM8V0VqpcYcHXyI2fCScD24nJMtVWnrVtOU8="}
04-26 03:54:35.644 24626 24711 D MulticastServer: Broadcast block received {"ip":"192.168.1.66","cert":"MIIBGzCBwqADAgECAgYBgEtLsMUwCgYIKoZIzj0EAwIwFTETMBEGA1UEAwwKVFRNNDkwNSBDQTAeFw0yMjA0MjAwODQ0NTNaFw0yMjA1MjEwODQ0NTNaMBUxEzARBgNVBAMMCjFAdGVzdC5jb20wWTATBgcqhkjOPQIBBggqhkjOPQMBBwNCAAQHFNOCHx/BBFYqT41UW1M6slehFXn+9LK4VDhtASjKBd51QxSRtYZAl+/IpTuOnQdMVvlGCMMWkSeEGOgyfwh1MAoGCCqGSM49BAMCA0gAMEUCIQD1OXIEAO1fI6+XpR936a5Ef365WnXPvrbzl8oxr0/Z8QIgV5LWkYufM8V0VqpcYcHXyI2fCScD24nJMtVWnrVtOU8="}
04-26 03:54:35.678 24626 24711 D MulticastServer: Broadcast block received {"ip":"192.168.1.66","cert":"MIIBGzCBwqADAgECAgYBgEtLsMUwCgYIKoZIzj0EAwIwFTETMBEGA1UEAwwKVFRNNDkwNSBDQTAeFw0yMjA0MjAwODQ0NTNaFw0yMjA1MjEwODQ0NTNaMBUxEzARBgNVBAMMCjFAdGVzdC5jb20wWTATBgcqhkjOPQIBBggqhkjOPQMBBwNCAAQHFNOCHx/BBFYqT41UW1M6slehFXn+9LK4VDhtASjKBd51QxSRtYZAl+/IpTuOnQdMVvlGCMMWkSeEGOgyfwh1MAoGCCqGSM49BAMCA0gAMEUCIQD1OXIEAO1fI6+XpR936a5Ef365WnXPvrbzl8oxr0/Z8QIgV5LWkYufM8V0VqpcYcHXyI2fCScD24nJMtVWnrVtOU8="}
04-26 03:54:39.620 24626 24741 D RegistrationHandler: I am the first in the network
04-26 03:54:39.620 24626 24741 D RegistrationHandler: 366409619 Registration started
04-26 03:54:39.648 24626 24708 D MulticastClient: Sent messages with 4 resends: [{"sender":"2@test.com","payload":"{\"ip\":\"192.168.1.57\",\"cert\":\"MIIBGjCBwqADAgECAgYBgEtMKvwwCgYIKoZIzj0EAwIwFTETMBEGA1UEAwwKVFRNNDkwNSBDQTAeFw0yMjA0MjAwODQ1MjRaFw0yMjA1MjEwODQ1MjRaMBUxEzARBgNVBAMMCjJAdGVzdC5jb20wWTATBgcqhkjOPQIBBggqhkjOPQMBBwNCAARuziVeqczih9y2IwSJ3AZuLzxwpY2VwkjEcfE8yVLxCF1qtw21\/iMvxrk2q4BpbgHrUX5EWSAEi7qJDXIS4c\/wMAoGCCqGSM49BAMCA0cAMEQCIG3JN+NQlClPB+thJTrGjfia7cfGbMyyWhJH4K0X7YymAiAUuEhh7Ol8fxrjxPTDnAemav8GQj3kHaLUj1oJ3XJ+Tg==\"}","mt":"BROADCAST_BLOCK","sig":"MEUCIQC3thCLvTY\/mwNkBRyYU8ijjv5hVDLajSEd2xgdIb7bEAIgT2SsI0v1Zv\/r5bwi\/43SD2hNeOaSXl+4L438ThR+XHI=","nonce":366409619,"seq":0,"tot":0}]
04-26 03:54:39.652 24626 24741 D MulticastServer: Registration process finished: 366409619
04-26 03:54:40.995 24626 24711 D RegistrationHandler: Received full ledger from 1@test.com with nonce 824054661
04-26 03:54:40.995 24626 24711 D RegistrationHandler: FULL_LEDGER 824054661
round 23 of 300
04-26 03:54:48.510 24787 24841 D MulticastServer: MULTICAST_SERVER_LISTENING
04-26 03:54:48.511 24787 24844 D MulticastServer: Registration process started with nonce 980098128
04-26 03:54:48.514 24787 24842 D MulticastClient: REQUEST_LEDGER 980098128
04-26 03:54:48.515 24787 24842 D MulticastClient: Sent messages with 4 resends: [{"sender":"","payload":"","mt":"REQUEST_LEDGER","sig":"","nonce":980098128,"seq":0,"tot":0}]
04-26 03:54:50.342 24787 24850 D MulticastServer: Registration process started with nonce 351414119
04-26 03:54:50.346 24787 24850 D MulticastServer: Received request for ledger with nonce: 351414119.
04-26 03:54:50.555 24787 24850 D MulticastServer: Broadcast block received {"ip":"192.168.1.66","cert":"MIIBGzCBwqADAgECAgYBgEtLsMUwCgYIKoZIzj0EAwIwFTETMBEGA1UEAwwKVFRNNDkwNSBDQTAeFw0yMjA0MjAwODQ0NTNaFw0yMjA1MjEwODQ0NTNaMBUxEzARBgNVBAMMCjFAdGVzdC5jb20wWTATBgcqhkjOPQIBBggqhkjOPQMBBwNCAAQHFNOCHx/BBFYqT41UW1M6slehFXn+9LK4VDhtASjKBd51QxSRtYZAl+/IpTuOnQdMVvlGCMMWkSeEGOgyfwh1MAoGCCqGSM49BAMCA0gAMEUCIQD1OXIEAO1fI6+XpR936a5Ef365WnXPvrbzl8oxr0/Z8QIgV5LWkYufM8V0VqpcYcHXyI2fCScD24nJMtVWnrVtOU8="}
04-26 03:54:50.563 24787 24850 D MulticastServer: Broadcast block received {"ip":"192.168.1.66","cert":"MIIBGzCBwqADAgECAgYBgEtLsMUwCgYIKoZIzj0EAwIwFTETMBEGA1UEAwwKVFRNNDkwNSBDQTAeFw0yMjA0MjAwODQ0NTNaFw0yMjA1MjEwODQ0NTNaMBUxEzARBgNVBAMMCjFAdGVzdC5jb20wWTATBgcqhkjOPQIBBggqhkjOPQMBBwNCAAQHFNOCHx/BBFYqT41UW1M6slehFXn+9LK4VDhtASjKBd51QxSRtYZAl+/IpTuOnQdMVvlGCMMWkSeEGOgyfwh1MAoGCCqGSM49BAMCA0gAMEUCIQD1OXIEAO1fI6+XpR936a5Ef365WnXPvrbzl8oxr0/Z8QIgV5LWkYufM8V0VqpcYcHXyI2fCScD24nJMtVWnrVtOU8="}
04-26 03:54:50.567 24787 24850 D MulticastServer: Broadcast block received {"ip":"192.168.1.66","cert":"MIIBGzCBwqADAgECAgYBgEtLsMUwCgYIKoZIzj0EAwIwFTETMBEGA1UEAwwKVFRNNDkwNSBDQTAeFw0yMjA0MjAwODQ0NTNaFw0yMjA1MjEwODQ0NTNaMBUxEzARBgNVBAMMCjFAdGVzdC5jb20wWTATBgcqhkjOPQIBBggqhkjOPQMBBwNCAAQHFNOCHx/BBFYqT41UW1M6slehFXn+9LK4VDhtASjKBd51QxSRtYZAl+/IpTuOnQdMVvlGCMMWkSeEGOgyfwh1MAoGCCqGSM49BAMCA0gAMEUCIQD1OXIEAO1fI6+XpR936a5Ef365WnXPvrbzl8oxr0/Z8QIgV5LWkYufM8V0VqpcYcHXyI2fCScD24nJMtVWnrVtOU8="}
04-26 03:54:50.569 24787 24850 D MulticastServer: Broadcast block received {"ip":"192.168.1.66","cert":"MIIBGzCBwqADAgECAgYBgEtLsMUwCgYIKoZIzj0EAwIwFTETMBEGA1UEAwwKVFRNNDkwNSBDQTAeFw0yMjA0MjAwODQ0NTNaFw0yMjA1MjEwODQ0NTNaMBUxEzARBgNVBAMMCjFAdGVzdC5jb20wWTATBgcqhkjOPQIBBggqhkjOPQMBBwNCAAQHFNOCHx/BBFYqT41UW1M6slehFXn+9LK4VDhtASjKBd51QxSRtYZAl+/IpTuOnQdMVvlGCMMWkSeEGOgyfwh1MAoGCCqGSM49BAMCA0gAMEUCIQD1OXIEAO1fI6+XpR936a5Ef365WnXPvrbzl8oxr0/Z8QIgV5LWkYufM8V0VqpcYcHXyI2fCScD24nJMtVWnrVtOU8="}
04-26 03:54:50.571 24787 24850 D MulticastServer: Broadcast block received {"ip":"192.168.1.66","cert":"MIIBGzCBwqADAgECAgYBgEtLsMUwCgYIKoZIzj0EAwIwFTETMBEGA1UEAwwKVFRNNDkwNSBDQTAeFw0yMjA0MjAwODQ0NTNaFw0yMjA1MjEwODQ0NTNaMBUxEzARBgNVBAMMCjFAdGVzdC5jb20wWTATBgcqhkjOPQIBBggqhkjOPQMBBwNCAAQHFNOCHx/BBFYqT41UW1M6slehFXn+9LK4VDhtASjKBd51QxSRtYZAl+/IpTuOnQdMVvlGCMMWkSeEGOgyfwh1MAoGCCqGSM49BAMCA0gAMEUCIQD1OXIEAO1fI6+XpR936a5Ef365WnXPvrbzl8oxr0/Z8QIgV5LWkYufM8V0VqpcYcHXyI2fCScD24nJMtVWnrVtOU8="}
04-26 03:54:54.346 24787 24883 D RegistrationHandler: I am the first in the network
04-26 03:54:54.347 24787 24883 D RegistrationHandler: 351414119 Registration started
04-26 03:54:54.361 24787 24883 D MulticastServer: Registration process finished: 351414119
04-26 03:54:54.386 24787 24842 D MulticastClient: Sent messages with 4 resends: [{"sender":"2@test.com","payload":"{\"ip\":\"192.168.1.57\",\"cert\":\"MIIBGjCBwqADAgECAgYBgEtMKvwwCgYIKoZIzj0EAwIwFTETMBEGA1UEAwwKVFRNNDkwNSBDQTAeFw0yMjA0MjAwODQ1MjRaFw0yMjA1MjEwODQ1MjRaMBUxEzARBgNVBAMMCjJAdGVzdC5jb20wWTATBgcqhkjOPQIBBggqhkjOPQMBBwNCAARuziVeqczih9y2IwSJ3AZuLzxwpY2VwkjEcfE8yVLxCF1qtw21\/iMvxrk2q4BpbgHrUX5EWSAEi7qJDXIS4c\/wMAoGCCqGSM49BAMCA0cAMEQCIG3JN+NQlClPB+thJTrGjfia7cfGbMyyWhJH4K0X7YymAiAUuEhh7Ol8fxrjxPTDnAemav8GQj3kHaLUj1oJ3XJ+Tg==\"}","mt":"BROADCAST_BLOCK","sig":"MEYCIQCKZJMW\/S1cpTM66NcwLvt\/r\/6+zbEMKAb3IdWscZPAoQIhAKxYhPY+ytNtkxdwmVSQSE\/WraWZqk8a68JioVVbAfqI","nonce":351414119,"seq":0,"tot":0}]
04-26 03:54:54.716 24787 24850 D RegistrationHandler: Received full ledger from 1@test.com with nonce 980098128
04-26 03:54:54.717 24787 24850 D RegistrationHandler: FULL_LEDGER 980098128
round 24 of 300
04-26 03:55:02.994 24919 24970 D MulticastServer: MULTICAST_SERVER_LISTENING
04-26 03:55:02.996 24919 24972 D MulticastServer: Registration process started with nonce 697349593
04-26 03:55:02.999 24919 24971 D MulticastClient: REQUEST_LEDGER 697349593
04-26 03:55:03.000 24919 24971 D MulticastClient: Sent messages with 4 resends: [{"sender":"","payload":"","mt":"REQUEST_LEDGER","sig":"","nonce":697349593,"seq":0,"tot":0}]
04-26 03:55:04.710 24919 24978 D MulticastServer: Registration process started with nonce 422991897
04-26 03:55:04.712 24919 24978 D MulticastServer: Received request for ledger with nonce: 422991897.
04-26 03:55:04.892 24919 24978 D MulticastServer: Broadcast block received {"ip":"192.168.1.66","cert":"MIIBGzCBwqADAgECAgYBgEtLsMUwCgYIKoZIzj0EAwIwFTETMBEGA1UEAwwKVFRNNDkwNSBDQTAeFw0yMjA0MjAwODQ0NTNaFw0yMjA1MjEwODQ0NTNaMBUxEzARBgNVBAMMCjFAdGVzdC5jb20wWTATBgcqhkjOPQIBBggqhkjOPQMBBwNCAAQHFNOCHx/BBFYqT41UW1M6slehFXn+9LK4VDhtASjKBd51QxSRtYZAl+/IpTuOnQdMVvlGCMMWkSeEGOgyfwh1MAoGCCqGSM49BAMCA0gAMEUCIQD1OXIEAO1fI6+XpR936a5Ef365WnXPvrbzl8oxr0/Z8QIgV5LWkYufM8V0VqpcYcHXyI2fCScD24nJMtVWnrVtOU8="}
04-26 03:55:04.899 24919 24978 D MulticastServer: Broadcast block received {"ip":"192.168.1.66","cert":"MIIBGzCBwqADAgECAgYBgEtLsMUwCgYIKoZIzj0EAwIwFTETMBEGA1UEAwwKVFRNNDkwNSBDQTAeFw0yMjA0MjAwODQ0NTNaFw0yMjA1MjEwODQ0NTNaMBUxEzARBgNVBAMMCjFAdGVzdC5jb20wWTATBgcqhkjOPQIBBggqhkjOPQMBBwNCAAQHFNOCHx/BBFYqT41UW1M6slehFXn+9LK4VDhtASjKBd51QxSRtYZAl+/IpTuOnQdMVvlGCMMWkSeEGOgyfwh1MAoGCCqGSM49BAMCA0gAMEUCIQD1OXIEAO1fI6+XpR936a5Ef365WnXPvrbzl8oxr0/Z8QIgV5LWkYufM8V0VqpcYcHXyI2fCScD24nJMtVWnrVtOU8="}
04-26 03:55:04.902 24919 24978 D MulticastServer: Broadcast block received {"ip":"192.168.1.66","cert":"MIIBGzCBwqADAgECAgYBgEtLsMUwCgYIKoZIzj0EAwIwFTETMBEGA1UEAwwKVFRNNDkwNSBDQTAeFw0yMjA0MjAwODQ0NTNaFw0yMjA1MjEwODQ0NTNaMBUxEzARBgNVBAMMCjFAdGVzdC5jb20wWTATBgcqhkjOPQIBBggqhkjOPQMBBwNCAAQHFNOCHx/BBFYqT41UW1M6slehFXn+9LK4VDhtASjKBd51QxSRtYZAl+/IpTuOnQdMVvlGCMMWkSeEGOgyfwh1MAoGCCqGSM49BAMCA0gAMEUCIQD1OXIEAO1fI6+XpR936a5Ef365WnXPvrbzl8oxr0/Z8QIgV5LWkYufM8V0VqpcYcHXyI2fCScD24nJMtVWnrVtOU8="}
04-26 03:55:04.904 24919 24978 D MulticastServer: Broadcast block received {"ip":"192.168.1.66","cert":"MIIBGzCBwqADAgECAgYBgEtLsMUwCgYIKoZIzj0EAwIwFTETMBEGA1UEAwwKVFRNNDkwNSBDQTAeFw0yMjA0MjAwODQ0NTNaFw0yMjA1MjEwODQ0NTNaMBUxEzARBgNVBAMMCjFAdGVzdC5jb20wWTATBgcqhkjOPQIBBggqhkjOPQMBBwNCAAQHFNOCHx/BBFYqT41UW1M6slehFXn+9LK4VDhtASjKBd51QxSRtYZAl+/IpTuOnQdMVvlGCMMWkSeEGOgyfwh1MAoGCCqGSM49BAMCA0gAMEUCIQD1OXIEAO1fI6+XpR936a5Ef365WnXPvrbzl8oxr0/Z8QIgV5LWkYufM8V0VqpcYcHXyI2fCScD24nJMtVWnrVtOU8="}
04-26 03:55:04.908 24919 24978 D MulticastServer: Broadcast block received {"ip":"192.168.1.66","cert":"MIIBGzCBwqADAgECAgYBgEtLsMUwCgYIKoZIzj0EAwIwFTETMBEGA1UEAwwKVFRNNDkwNSBDQTAeFw0yMjA0MjAwODQ0NTNaFw0yMjA1MjEwODQ0NTNaMBUxEzARBgNVBAMMCjFAdGVzdC5jb20wWTATBgcqhkjOPQIBBggqhkjOPQMBBwNCAAQHFNOCHx/BBFYqT41UW1M6slehFXn+9LK4VDhtASjKBd51QxSRtYZAl+/IpTuOnQdMVvlGCMMWkSeEGOgyfwh1MAoGCCqGSM49BAMCA0gAMEUCIQD1OXIEAO1fI6+XpR936a5Ef365WnXPvrbzl8oxr0/Z8QIgV5LWkYufM8V0VqpcYcHXyI2fCScD24nJMtVWnrVtOU8="}
04-26 03:55:08.715 24919 25006 D RegistrationHandler: I am the first in the network
04-26 03:55:08.715 24919 25006 D RegistrationHandler: 422991897 Registration started
04-26 03:55:08.728 24919 25006 D MulticastServer: Registration process finished: 422991897
04-26 03:55:08.756 24919 24971 D MulticastClient: Sent messages with 4 resends: [{"sender":"2@test.com","payload":"{\"ip\":\"192.168.1.57\",\"cert\":\"MIIBGjCBwqADAgECAgYBgEtMKvwwCgYIKoZIzj0EAwIwFTETMBEGA1UEAwwKVFRNNDkwNSBDQTAeFw0yMjA0MjAwODQ1MjRaFw0yMjA1MjEwODQ1MjRaMBUxEzARBgNVBAMMCjJAdGVzdC5jb20wWTATBgcqhkjOPQIBBggqhkjOPQMBBwNCAARuziVeqczih9y2IwSJ3AZuLzxwpY2VwkjEcfE8yVLxCF1qtw21\/iMvxrk2q4BpbgHrUX5EWSAEi7qJDXIS4c\/wMAoGCCqGSM49BAMCA0cAMEQCIG3JN+NQlClPB+thJTrGjfia7cfGbMyyWhJH4K0X7YymAiAUuEhh7Ol8fxrjxPTDnAemav8GQj3kHaLUj1oJ3XJ+Tg==\"}","mt":"BROADCAST_BLOCK","sig":"MEYCIQC75EeawmWnou7scq9OlN0kVkPXNKb+ncREIkWSbrHD4gIhAN\/ERi6ISo3i+D2BzZNhDjCIc6j2KGlkrETey6x9EbNp","nonce":422991897,"seq":0,"tot":0}]
04-26 03:55:09.716 24919 24978 D RegistrationHandler: Received full ledger from 1@test.com with nonce 697349593
04-26 03:55:09.716 24919 24978 D RegistrationHandler: FULL_LEDGER 697349593
round 25 of 300
04-26 03:55:17.497 25042 25090 D MulticastServer: MULTICAST_SERVER_LISTENING
04-26 03:55:17.500 25042 25092 D MulticastServer: Registration process started with nonce 1602324098
04-26 03:55:17.504 25042 25091 D MulticastClient: REQUEST_LEDGER 1602324098
04-26 03:55:17.505 25042 25091 D MulticastClient: Sent messages with 4 resends: [{"sender":"","payload":"","mt":"REQUEST_LEDGER","sig":"","nonce":1602324098,"seq":0,"tot":0}]
04-26 03:55:18.558 25042 25099 D MulticastServer: Registration process started with nonce 302168208
04-26 03:55:18.559 25042 25099 D MulticastServer: Received request for ledger with nonce: 302168208.
04-26 03:55:18.572 25042 25099 D MulticastServer: Broadcast block received {"ip":"192.168.1.66","cert":"MIIBGzCBwqADAgECAgYBgEtLsMUwCgYIKoZIzj0EAwIwFTETMBEGA1UEAwwKVFRNNDkwNSBDQTAeFw0yMjA0MjAwODQ0NTNaFw0yMjA1MjEwODQ0NTNaMBUxEzARBgNVBAMMCjFAdGVzdC5jb20wWTATBgcqhkjOPQIBBggqhkjOPQMBBwNCAAQHFNOCHx/BBFYqT41UW1M6slehFXn+9LK4VDhtASjKBd51QxSRtYZAl+/IpTuOnQdMVvlGCMMWkSeEGOgyfwh1MAoGCCqGSM49BAMCA0gAMEUCIQD1OXIEAO1fI6+XpR936a5Ef365WnXPvrbzl8oxr0/Z8QIgV5LWkYufM8V0VqpcYcHXyI2fCScD24nJMtVWnrVtOU8="}
04-26 03:55:18.575 25042 25099 D MulticastServer: Broadcast block received {"ip":"192.168.1.66","cert":"MIIBGzCBwqADAgECAgYBgEtLsMUwCgYIKoZIzj0EAwIwFTETMBEGA1UEAwwKVFRNNDkwNSBDQTAeFw0yMjA0MjAwODQ0NTNaFw0yMjA1MjEwODQ0NTNaMBUxEzARBgNVBAMMCjFAdGVzdC5jb20wWTATBgcqhkjOPQIBBggqhkjOPQMBBwNCAAQHFNOCHx/BBFYqT41UW1M6slehFXn+9LK4VDhtASjKBd51QxSRtYZAl+/IpTuOnQdMVvlGCMMWkSeEGOgyfwh1MAoGCCqGSM49BAMCA0gAMEUCIQD1OXIEAO1fI6+XpR936a5Ef365WnXPvrbzl8oxr0/Z8QIgV5LWkYufM8V0VqpcYcHXyI2fCScD24nJMtVWnrVtOU8="}
04-26 03:55:18.581 25042 25099 D MulticastServer: Broadcast block received {"ip":"192.168.1.66","cert":"MIIBGzCBwqADAgECAgYBgEtLsMUwCgYIKoZIzj0EAwIwFTETMBEGA1UEAwwKVFRNNDkwNSBDQTAeFw0yMjA0MjAwODQ0NTNaFw0yMjA1MjEwODQ0NTNaMBUxEzARBgNVBAMMCjFAdGVzdC5jb20wWTATBgcqhkjOPQIBBggqhkjOPQMBBwNCAAQHFNOCHx/BBFYqT41UW1M6slehFXn+9LK4VDhtASjKBd51QxSRtYZAl+/IpTuOnQdMVvlGCMMWkSeEGOgyfwh1MAoGCCqGSM49BAMCA0gAMEUCIQD1OXIEAO1fI6+XpR936a5Ef365WnXPvrbzl8oxr0/Z8QIgV5LWkYufM8V0VqpcYcHXyI2fCScD24nJMtVWnrVtOU8="}
04-26 03:55:18.587 25042 25099 D MulticastServer: Broadcast block received {"ip":"192.168.1.66","cert":"MIIBGzCBwqADAgECAgYBgEtLsMUwCgYIKoZIzj0EAwIwFTETMBEGA1UEAwwKVFRNNDkwNSBDQTAeFw0yMjA0MjAwODQ0NTNaFw0yMjA1MjEwODQ0NTNaMBUxEzARBgNVBAMMCjFAdGVzdC5jb20wWTATBgcqhkjOPQIBBggqhkjOPQMBBwNCAAQHFNOCHx/BBFYqT41UW1M6slehFXn+9LK4VDhtASjKBd51QxSRtYZAl+/IpTuOnQdMVvlGCMMWkSeEGOgyfwh1MAoGCCqGSM49BAMCA0gAMEUCIQD1OXIEAO1fI6+XpR936a5Ef365WnXPvrbzl8oxr0/Z8QIgV5LWkYufM8V0VqpcYcHXyI2fCScD24nJMtVWnrVtOU8="}
04-26 03:55:18.596 25042 25099 D MulticastServer: Broadcast block received {"ip":"192.168.1.66","cert":"MIIBGzCBwqADAgECAgYBgEtLsMUwCgYIKoZIzj0EAwIwFTETMBEGA1UEAwwKVFRNNDkwNSBDQTAeFw0yMjA0MjAwODQ0NTNaFw0yMjA1MjEwODQ0NTNaMBUxEzARBgNVBAMMCjFAdGVzdC5jb20wWTATBgcqhkjOPQIBBggqhkjOPQMBBwNCAAQHFNOCHx/BBFYqT41UW1M6slehFXn+9LK4VDhtASjKBd51QxSRtYZAl+/IpTuOnQdMVvlGCMMWkSeEGOgyfwh1MAoGCCqGSM49BAMCA0gAMEUCIQD1OXIEAO1fI6+XpR936a5Ef365WnXPvrbzl8oxr0/Z8QIgV5LWkYufM8V0VqpcYcHXyI2fCScD24nJMtVWnrVtOU8="}
04-26 03:55:22.561 25042 25127 D RegistrationHandler: I am the first in the network
04-26 03:55:22.561 25042 25127 D RegistrationHandler: 302168208 Registration started
04-26 03:55:22.579 25042 25127 D MulticastServer: Registration process finished: 302168208
04-26 03:55:22.616 25042 25091 D MulticastClient: Sent messages with 4 resends: [{"sender":"2@test.com","payload":"{\"ip\":\"192.168.1.57\",\"cert\":\"MIIBGjCBwqADAgECAgYBgEtMKvwwCgYIKoZIzj0EAwIwFTETMBEGA1UEAwwKVFRNNDkwNSBDQTAeFw0yMjA0MjAwODQ1MjRaFw0yMjA1MjEwODQ1MjRaMBUxEzARBgNVBAMMCjJAdGVzdC5jb20wWTATBgcqhkjOPQIBBggqhkjOPQMBBwNCAARuziVeqczih9y2IwSJ3AZuLzxwpY2VwkjEcfE8yVLxCF1qtw21\/iMvxrk2q4BpbgHrUX5EWSAEi7qJDXIS4c\/wMAoGCCqGSM49BAMCA0cAMEQCIG3JN+NQlClPB+thJTrGjfia7cfGbMyyWhJH4K0X7YymAiAUuEhh7Ol8fxrjxPTDnAemav8GQj3kHaLUj1oJ3XJ+Tg==\"}","mt":"BROADCAST_BLOCK","sig":"MEQCIDIsP1vo\/GbBTVifwCczJ3Lx8TShMl\/x7SgCAK2YqE9DAiAFGsa7263dNpPuYhY+sfif+fSgzIjNAR0IS2KqEbsMug==","nonce":302168208,"seq":0,"tot":0}]
04-26 03:55:23.993 25042 25099 D RegistrationHandler: Received full ledger from 1@test.com with nonce 1602324098
04-26 03:55:23.993 25042 25099 D RegistrationHandler: FULL_LEDGER 1602324098
round 26 of 300
04-26 03:55:31.981 25190 25240 D MulticastServer: MULTICAST_SERVER_LISTENING
04-26 03:55:31.983 25190 25242 D MulticastServer: Registration process started with nonce 818395490
04-26 03:55:31.985 25190 25241 D MulticastClient: REQUEST_LEDGER 818395490
04-26 03:55:31.987 25190 25241 D MulticastClient: Sent messages with 4 resends: [{"sender":"","payload":"","mt":"REQUEST_LEDGER","sig":"","nonce":818395490,"seq":0,"tot":0}]
04-26 03:55:33.964 25190 25248 D MulticastServer: Registration process started with nonce 2060834506
04-26 03:55:33.967 25190 25248 D MulticastServer: Received request for ledger with nonce: 2060834506.
04-26 03:55:34.187 25190 25248 D MulticastServer: Broadcast block received {"ip":"192.168.1.66","cert":"MIIBGzCBwqADAgECAgYBgEtLsMUwCgYIKoZIzj0EAwIwFTETMBEGA1UEAwwKVFRNNDkwNSBDQTAeFw0yMjA0MjAwODQ0NTNaFw0yMjA1MjEwODQ0NTNaMBUxEzARBgNVBAMMCjFAdGVzdC5jb20wWTATBgcqhkjOPQIBBggqhkjOPQMBBwNCAAQHFNOCHx/BBFYqT41UW1M6slehFXn+9LK4VDhtASjKBd51QxSRtYZAl+/IpTuOnQdMVvlGCMMWkSeEGOgyfwh1MAoGCCqGSM49BAMCA0gAMEUCIQD1OXIEAO1fI6+XpR936a5Ef365WnXPvrbzl8oxr0/Z8QIgV5LWkYufM8V0VqpcYcHXyI2fCScD24nJMtVWnrVtOU8="}
04-26 03:55:34.195 25190 25248 D MulticastServer: Broadcast block received {"ip":"192.168.1.66","cert":"MIIBGzCBwqADAgECAgYBgEtLsMUwCgYIKoZIzj0EAwIwFTETMBEGA1UEAwwKVFRNNDkwNSBDQTAeFw0yMjA0MjAwODQ0NTNaFw0yMjA1MjEwODQ0NTNaMBUxEzARBgNVBAMMCjFAdGVzdC5jb20wWTATBgcqhkjOPQIBBggqhkjOPQMBBwNCAAQHFNOCHx/BBFYqT41UW1M6slehFXn+9LK4VDhtASjKBd51QxSRtYZAl+/IpTuOnQdMVvlGCMMWkSeEGOgyfwh1MAoGCCqGSM49BAMCA0gAMEUCIQD1OXIEAO1fI6+XpR936a5Ef365WnXPvrbzl8oxr0/Z8QIgV5LWkYufM8V0VqpcYcHXyI2fCScD24nJMtVWnrVtOU8="}
04-26 03:55:34.201 25190 25248 D MulticastServer: Broadcast block received {"ip":"192.168.1.66","cert":"MIIBGzCBwqADAgECAgYBgEtLsMUwCgYIKoZIzj0EAwIwFTETMBEGA1UEAwwKVFRNNDkwNSBDQTAeFw0yMjA0MjAwODQ0NTNaFw0yMjA1MjEwODQ0NTNaMBUxEzARBgNVBAMMCjFAdGVzdC5jb20wWTATBgcqhkjOPQIBBggqhkjOPQMBBwNCAAQHFNOCHx/BBFYqT41UW1M6slehFXn+9LK4VDhtASjKBd51QxSRtYZAl+/IpTuOnQdMVvlGCMMWkSeEGOgyfwh1MAoGCCqGSM49BAMCA0gAMEUCIQD1OXIEAO1fI6+XpR936a5Ef365WnXPvrbzl8oxr0/Z8QIgV5LWkYufM8V0VqpcYcHXyI2fCScD24nJMtVWnrVtOU8="}
04-26 03:55:34.203 25190 25248 D MulticastServer: Broadcast block received {"ip":"192.168.1.66","cert":"MIIBGzCBwqADAgECAgYBgEtLsMUwCgYIKoZIzj0EAwIwFTETMBEGA1UEAwwKVFRNNDkwNSBDQTAeFw0yMjA0MjAwODQ0NTNaFw0yMjA1MjEwODQ0NTNaMBUxEzARBgNVBAMMCjFAdGVzdC5jb20wWTATBgcqhkjOPQIBBggqhkjOPQMBBwNCAAQHFNOCHx/BBFYqT41UW1M6slehFXn+9LK4VDhtASjKBd51QxSRtYZAl+/IpTuOnQdMVvlGCMMWkSeEGOgyfwh1MAoGCCqGSM49BAMCA0gAMEUCIQD1OXIEAO1fI6+XpR936a5Ef365WnXPvrbzl8oxr0/Z8QIgV5LWkYufM8V0VqpcYcHXyI2fCScD24nJMtVWnrVtOU8="}
04-26 03:55:34.205 25190 25248 D MulticastServer: Broadcast block received {"ip":"192.168.1.66","cert":"MIIBGzCBwqADAgECAgYBgEtLsMUwCgYIKoZIzj0EAwIwFTETMBEGA1UEAwwKVFRNNDkwNSBDQTAeFw0yMjA0MjAwODQ0NTNaFw0yMjA1MjEwODQ0NTNaMBUxEzARBgNVBAMMCjFAdGVzdC5jb20wWTATBgcqhkjOPQIBBggqhkjOPQMBBwNCAAQHFNOCHx/BBFYqT41UW1M6slehFXn+9LK4VDhtASjKBd51QxSRtYZAl+/IpTuOnQdMVvlGCMMWkSeEGOgyfwh1MAoGCCqGSM49BAMCA0gAMEUCIQD1OXIEAO1fI6+XpR936a5Ef365WnXPvrbzl8oxr0/Z8QIgV5LWkYufM8V0VqpcYcHXyI2fCScD24nJMtVWnrVtOU8="}
04-26 03:55:37.970 25190 25273 D RegistrationHandler: I am the first in the network
04-26 03:55:37.970 25190 25273 D RegistrationHandler: 2060834506 Registration started
04-26 03:55:37.982 25190 25273 D MulticastServer: Registration process finished: 2060834506
04-26 03:55:37.995 25190 25241 D MulticastClient: Sent messages with 4 resends: [{"sender":"2@test.com","payload":"{\"ip\":\"192.168.1.57\",\"cert\":\"MIIBGjCBwqADAgECAgYBgEtMKvwwCgYIKoZIzj0EAwIwFTETMBEGA1UEAwwKVFRNNDkwNSBDQTAeFw0yMjA0MjAwODQ1MjRaFw0yMjA1MjEwODQ1MjRaMBUxEzARBgNVBAMMCjJAdGVzdC5jb20wWTATBgcqhkjOPQIBBggqhkjOPQMBBwNCAARuziVeqczih9y2IwSJ3AZuLzxwpY2VwkjEcfE8yVLxCF1qtw21\/iMvxrk2q4BpbgHrUX5EWSAEi7qJDXIS4c\/wMAoGCCqGSM49BAMCA0cAMEQCIG3JN+NQlClPB+thJTrGjfia7cfGbMyyWhJH4K0X7YymAiAUuEhh7Ol8fxrjxPTDnAemav8GQj3kHaLUj1oJ3XJ+Tg==\"}","mt":"BROADCAST_BLOCK","sig":"MEYCIQDxLu3W8SHhO6vpsqzmNM6gKOVHZQTS84lgi8FkX1nRoAIhAMRO6o1ZEYAAI0F\/9baRRBI+P1RF4fYe4soOqTrhBjir","nonce":2060834506,"seq":0,"tot":0}]
04-26 03:55:39.367 25190 25248 D RegistrationHandler: Received full ledger from 1@test.com with nonce 818395490
04-26 03:55:39.367 25190 25248 D RegistrationHandler: FULL_LEDGER 818395490
round 27 of 300
04-26 03:55:46.462 25314 25365 D MulticastServer: MULTICAST_SERVER_LISTENING
04-26 03:55:46.464 25314 25367 D MulticastServer: Registration process started with nonce 1424358084
04-26 03:55:46.467 25314 25366 D MulticastClient: REQUEST_LEDGER 1424358084
04-26 03:55:46.468 25314 25366 D MulticastClient: Sent messages with 4 resends: [{"sender":"","payload":"","mt":"REQUEST_LEDGER","sig":"","nonce":1424358084,"seq":0,"tot":0}]
04-26 03:55:48.307 25314 25373 D MulticastServer: Registration process started with nonce 344117583
04-26 03:55:48.309 25314 25373 D MulticastServer: Received request for ledger with nonce: 344117583.
04-26 03:55:48.325 25314 25373 D MulticastServer: Broadcast block received {"ip":"192.168.1.66","cert":"MIIBGzCBwqADAgECAgYBgEtLsMUwCgYIKoZIzj0EAwIwFTETMBEGA1UEAwwKVFRNNDkwNSBDQTAeFw0yMjA0MjAwODQ0NTNaFw0yMjA1MjEwODQ0NTNaMBUxEzARBgNVBAMMCjFAdGVzdC5jb20wWTATBgcqhkjOPQIBBggqhkjOPQMBBwNCAAQHFNOCHx/BBFYqT41UW1M6slehFXn+9LK4VDhtASjKBd51QxSRtYZAl+/IpTuOnQdMVvlGCMMWkSeEGOgyfwh1MAoGCCqGSM49BAMCA0gAMEUCIQD1OXIEAO1fI6+XpR936a5Ef365WnXPvrbzl8oxr0/Z8QIgV5LWkYufM8V0VqpcYcHXyI2fCScD24nJMtVWnrVtOU8="}
04-26 03:55:48.328 25314 25373 D MulticastServer: Broadcast block received {"ip":"192.168.1.66","cert":"MIIBGzCBwqADAgECAgYBgEtLsMUwCgYIKoZIzj0EAwIwFTETMBEGA1UEAwwKVFRNNDkwNSBDQTAeFw0yMjA0MjAwODQ0NTNaFw0yMjA1MjEwODQ0NTNaMBUxEzARBgNVBAMMCjFAdGVzdC5jb20wWTATBgcqhkjOPQIBBggqhkjOPQMBBwNCAAQHFNOCHx/BBFYqT41UW1M6slehFXn+9LK4VDhtASjKBd51QxSRtYZAl+/IpTuOnQdMVvlGCMMWkSeEGOgyfwh1MAoGCCqGSM49BAMCA0gAMEUCIQD1OXIEAO1fI6+XpR936a5Ef365WnXPvrbzl8oxr0/Z8QIgV5LWkYufM8V0VqpcYcHXyI2fCScD24nJMtVWnrVtOU8="}
04-26 03:55:48.332 25314 25373 D MulticastServer: Broadcast block received {"ip":"192.168.1.66","cert":"MIIBGzCBwqADAgECAgYBgEtLsMUwCgYIKoZIzj0EAwIwFTETMBEGA1UEAwwKVFRNNDkwNSBDQTAeFw0yMjA0MjAwODQ0NTNaFw0yMjA1MjEwODQ0NTNaMBUxEzARBgNVBAMMCjFAdGVzdC5jb20wWTATBgcqhkjOPQIBBggqhkjOPQMBBwNCAAQHFNOCHx/BBFYqT41UW1M6slehFXn+9LK4VDhtASjKBd51QxSRtYZAl+/IpTuOnQdMVvlGCMMWkSeEGOgyfwh1MAoGCCqGSM49BAMCA0gAMEUCIQD1OXIEAO1fI6+XpR936a5Ef365WnXPvrbzl8oxr0/Z8QIgV5LWkYufM8V0VqpcYcHXyI2fCScD24nJMtVWnrVtOU8="}
04-26 03:55:48.335 25314 25373 D MulticastServer: Broadcast block received {"ip":"192.168.1.66","cert":"MIIBGzCBwqADAgECAgYBgEtLsMUwCgYIKoZIzj0EAwIwFTETMBEGA1UEAwwKVFRNNDkwNSBDQTAeFw0yMjA0MjAwODQ0NTNaFw0yMjA1MjEwODQ0NTNaMBUxEzARBgNVBAMMCjFAdGVzdC5jb20wWTATBgcqhkjOPQIBBggqhkjOPQMBBwNCAAQHFNOCHx/BBFYqT41UW1M6slehFXn+9LK4VDhtASjKBd51QxSRtYZAl+/IpTuOnQdMVvlGCMMWkSeEGOgyfwh1MAoGCCqGSM49BAMCA0gAMEUCIQD1OXIEAO1fI6+XpR936a5Ef365WnXPvrbzl8oxr0/Z8QIgV5LWkYufM8V0VqpcYcHXyI2fCScD24nJMtVWnrVtOU8="}
04-26 03:55:48.511 25314 25373 D MulticastServer: Broadcast block received {"ip":"192.168.1.66","cert":"MIIBGzCBwqADAgECAgYBgEtLsMUwCgYIKoZIzj0EAwIwFTETMBEGA1UEAwwKVFRNNDkwNSBDQTAeFw0yMjA0MjAwODQ0NTNaFw0yMjA1MjEwODQ0NTNaMBUxEzARBgNVBAMMCjFAdGVzdC5jb20wWTATBgcqhkjOPQIBBggqhkjOPQMBBwNCAAQHFNOCHx/BBFYqT41UW1M6slehFXn+9LK4VDhtASjKBd51QxSRtYZAl+/IpTuOnQdMVvlGCMMWkSeEGOgyfwh1MAoGCCqGSM49BAMCA0gAMEUCIQD1OXIEAO1fI6+XpR936a5Ef365WnXPvrbzl8oxr0/Z8QIgV5LWkYufM8V0VqpcYcHXyI2fCScD24nJMtVWnrVtOU8="}
04-26 03:55:52.312 25314 25398 D RegistrationHandler: I am the first in the network
04-26 03:55:52.312 25314 25398 D RegistrationHandler: 344117583 Registration started
04-26 03:55:52.331 25314 25398 D MulticastServer: Registration process finished: 344117583
04-26 03:55:52.368 25314 25366 D MulticastClient: Sent messages with 4 resends: [{"sender":"2@test.com","payload":"{\"ip\":\"192.168.1.57\",\"cert\":\"MIIBGjCBwqADAgECAgYBgEtMKvwwCgYIKoZIzj0EAwIwFTETMBEGA1UEAwwKVFRNNDkwNSBDQTAeFw0yMjA0MjAwODQ1MjRaFw0yMjA1MjEwODQ1MjRaMBUxEzARBgNVBAMMCjJAdGVzdC5jb20wWTATBgcqhkjOPQIBBggqhkjOPQMBBwNCAARuziVeqczih9y2IwSJ3AZuLzxwpY2VwkjEcfE8yVLxCF1qtw21\/iMvxrk2q4BpbgHrUX5EWSAEi7qJDXIS4c\/wMAoGCCqGSM49BAMCA0cAMEQCIG3JN+NQlClPB+thJTrGjfia7cfGbMyyWhJH4K0X7YymAiAUuEhh7Ol8fxrjxPTDnAemav8GQj3kHaLUj1oJ3XJ+Tg==\"}","mt":"BROADCAST_BLOCK","sig":"MEQCIHq3WFvpcgXN\/F66CPnx6jzUr+7GiZ\/4FGaui7ZT4hDCAiA6OiAY79BjGHTBIaZN1ebF3X3v8ELaFVLNenoUlYBd1g==","nonce":344117583,"seq":0,"tot":0}]
round 28 of 300
04-26 03:56:00.970 25458 25510 D MulticastServer: MULTICAST_SERVER_LISTENING
04-26 03:56:00.972 25458 25513 D MulticastServer: Registration process started with nonce 1668172385
04-26 03:56:00.974 25458 25511 D MulticastClient: REQUEST_LEDGER 1668172385
04-26 03:56:00.976 25458 25511 D MulticastClient: Sent messages with 4 resends: [{"sender":"","payload":"","mt":"REQUEST_LEDGER","sig":"","nonce":1668172385,"seq":0,"tot":0}]
04-26 03:56:03.685 25458 25529 D MulticastServer: Registration process started with nonce 864879202
04-26 03:56:03.688 25458 25529 D MulticastServer: Received request for ledger with nonce: 864879202.
04-26 03:56:03.876 25458 25529 D MulticastServer: Broadcast block received {"ip":"192.168.1.66","cert":"MIIBGzCBwqADAgECAgYBgEtLsMUwCgYIKoZIzj0EAwIwFTETMBEGA1UEAwwKVFRNNDkwNSBDQTAeFw0yMjA0MjAwODQ0NTNaFw0yMjA1MjEwODQ0NTNaMBUxEzARBgNVBAMMCjFAdGVzdC5jb20wWTATBgcqhkjOPQIBBggqhkjOPQMBBwNCAAQHFNOCHx/BBFYqT41UW1M6slehFXn+9LK4VDhtASjKBd51QxSRtYZAl+/IpTuOnQdMVvlGCMMWkSeEGOgyfwh1MAoGCCqGSM49BAMCA0gAMEUCIQD1OXIEAO1fI6+XpR936a5Ef365WnXPvrbzl8oxr0/Z8QIgV5LWkYufM8V0VqpcYcHXyI2fCScD24nJMtVWnrVtOU8="}
04-26 03:56:03.883 25458 25529 D MulticastServer: Broadcast block received {"ip":"192.168.1.66","cert":"MIIBGzCBwqADAgECAgYBgEtLsMUwCgYIKoZIzj0EAwIwFTETMBEGA1UEAwwKVFRNNDkwNSBDQTAeFw0yMjA0MjAwODQ0NTNaFw0yMjA1MjEwODQ0NTNaMBUxEzARBgNVBAMMCjFAdGVzdC5jb20wWTATBgcqhkjOPQIBBggqhkjOPQMBBwNCAAQHFNOCHx/BBFYqT41UW1M6slehFXn+9LK4VDhtASjKBd51QxSRtYZAl+/IpTuOnQdMVvlGCMMWkSeEGOgyfwh1MAoGCCqGSM49BAMCA0gAMEUCIQD1OXIEAO1fI6+XpR936a5Ef365WnXPvrbzl8oxr0/Z8QIgV5LWkYufM8V0VqpcYcHXyI2fCScD24nJMtVWnrVtOU8="}
04-26 03:56:03.887 25458 25529 D MulticastServer: Broadcast block received {"ip":"192.168.1.66","cert":"MIIBGzCBwqADAgECAgYBgEtLsMUwCgYIKoZIzj0EAwIwFTETMBEGA1UEAwwKVFRNNDkwNSBDQTAeFw0yMjA0MjAwODQ0NTNaFw0yMjA1MjEwODQ0NTNaMBUxEzARBgNVBAMMCjFAdGVzdC5jb20wWTATBgcqhkjOPQIBBggqhkjOPQMBBwNCAAQHFNOCHx/BBFYqT41UW1M6slehFXn+9LK4VDhtASjKBd51QxSRtYZAl+/IpTuOnQdMVvlGCMMWkSeEGOgyfwh1MAoGCCqGSM49BAMCA0gAMEUCIQD1OXIEAO1fI6+XpR936a5Ef365WnXPvrbzl8oxr0/Z8QIgV5LWkYufM8V0VqpcYcHXyI2fCScD24nJMtVWnrVtOU8="}
04-26 03:56:03.891 25458 25529 D MulticastServer: Broadcast block received {"ip":"192.168.1.66","cert":"MIIBGzCBwqADAgECAgYBgEtLsMUwCgYIKoZIzj0EAwIwFTETMBEGA1UEAwwKVFRNNDkwNSBDQTAeFw0yMjA0MjAwODQ0NTNaFw0yMjA1MjEwODQ0NTNaMBUxEzARBgNVBAMMCjFAdGVzdC5jb20wWTATBgcqhkjOPQIBBggqhkjOPQMBBwNCAAQHFNOCHx/BBFYqT41UW1M6slehFXn+9LK4VDhtASjKBd51QxSRtYZAl+/IpTuOnQdMVvlGCMMWkSeEGOgyfwh1MAoGCCqGSM49BAMCA0gAMEUCIQD1OXIEAO1fI6+XpR936a5Ef365WnXPvrbzl8oxr0/Z8QIgV5LWkYufM8V0VqpcYcHXyI2fCScD24nJMtVWnrVtOU8="}
04-26 03:56:03.894 25458 25529 D MulticastServer: Broadcast block received {"ip":"192.168.1.66","cert":"MIIBGzCBwqADAgECAgYBgEtLsMUwCgYIKoZIzj0EAwIwFTETMBEGA1UEAwwKVFRNNDkwNSBDQTAeFw0yMjA0MjAwODQ0NTNaFw0yMjA1MjEwODQ0NTNaMBUxEzARBgNVBAMMCjFAdGVzdC5jb20wWTATBgcqhkjOPQIBBggqhkjOPQMBBwNCAAQHFNOCHx/BBFYqT41UW1M6slehFXn+9LK4VDhtASjKBd51QxSRtYZAl+/IpTuOnQdMVvlGCMMWkSeEGOgyfwh1MAoGCCqGSM49BAMCA0gAMEUCIQD1OXIEAO1fI6+XpR936a5Ef365WnXPvrbzl8oxr0/Z8QIgV5LWkYufM8V0VqpcYcHXyI2fCScD24nJMtVWnrVtOU8="}
04-26 03:56:04.976 25458 25515 D RegistrationHandler: I am the first in the network
04-26 03:56:04.976 25458 25515 D RegistrationHandler: 1668172385 Registration started
04-26 03:56:04.997 25458 25515 D MulticastServer: Registration process finished: 1668172385
04-26 03:56:05.004 25458 25511 D MulticastClient: Sent messages with 4 resends: [{"sender":"2@test.com","payload":"{\"ip\":\"192.168.1.57\",\"cert\":\"MIIBGjCBwqADAgECAgYBgEtMKvwwCgYIKoZIzj0EAwIwFTETMBEGA1UEAwwKVFRNNDkwNSBDQTAeFw0yMjA0MjAwODQ1MjRaFw0yMjA1MjEwODQ1MjRaMBUxEzARBgNVBAMMCjJAdGVzdC5jb20wWTATBgcqhkjOPQIBBggqhkjOPQMBBwNCAARuziVeqczih9y2IwSJ3AZuLzxwpY2VwkjEcfE8yVLxCF1qtw21\/iMvxrk2q4BpbgHrUX5EWSAEi7qJDXIS4c\/wMAoGCCqGSM49BAMCA0cAMEQCIG3JN+NQlClPB+thJTrGjfia7cfGbMyyWhJH4K0X7YymAiAUuEhh7Ol8fxrjxPTDnAemav8GQj3kHaLUj1oJ3XJ+Tg==\"}","mt":"BROADCAST_BLOCK","sig":"MEYCIQCRXoW1a8QRD0L2wrk4Z9\/hwpO8PP0oPbbVhQNiIYNaoQIhAMK0Tk8UITlHeC3QGiBZIcFnlvaPseyQ8J2fIN5h6IID","nonce":1668172385,"seq":0,"tot":0}]
04-26 03:56:07.691 25458 25559 D RegistrationHandler: I am the first in the network
04-26 03:56:07.692 25458 25559 D MulticastServer: Registration process finished: 864879202
round 29 of 300
04-26 03:56:15.448 25604 25657 D MulticastServer: MULTICAST_SERVER_LISTENING
04-26 03:56:15.450 25604 25659 D MulticastServer: Registration process started with nonce 1381253956
04-26 03:56:15.453 25604 25658 D MulticastClient: REQUEST_LEDGER 1381253956
04-26 03:56:15.454 25604 25658 D MulticastClient: Sent messages with 4 resends: [{"sender":"","payload":"","mt":"REQUEST_LEDGER","sig":"","nonce":1381253956,"seq":0,"tot":0}]
04-26 03:56:18.014 25604 25665 D MulticastServer: Registration process started with nonce 2142806679
04-26 03:56:18.020 25604 25665 D MulticastServer: Received request for ledger with nonce: 2142806679.
04-26 03:56:18.045 25604 25665 D MulticastServer: Broadcast block received {"ip":"192.168.1.66","cert":"MIIBGzCBwqADAgECAgYBgEtLsMUwCgYIKoZIzj0EAwIwFTETMBEGA1UEAwwKVFRNNDkwNSBDQTAeFw0yMjA0MjAwODQ0NTNaFw0yMjA1MjEwODQ0NTNaMBUxEzARBgNVBAMMCjFAdGVzdC5jb20wWTATBgcqhkjOPQIBBggqhkjOPQMBBwNCAAQHFNOCHx/BBFYqT41UW1M6slehFXn+9LK4VDhtASjKBd51QxSRtYZAl+/IpTuOnQdMVvlGCMMWkSeEGOgyfwh1MAoGCCqGSM49BAMCA0gAMEUCIQD1OXIEAO1fI6+XpR936a5Ef365WnXPvrbzl8oxr0/Z8QIgV5LWkYufM8V0VqpcYcHXyI2fCScD24nJMtVWnrVtOU8="}
04-26 03:56:18.052 25604 25665 D MulticastServer: Broadcast block received {"ip":"192.168.1.66","cert":"MIIBGzCBwqADAgECAgYBgEtLsMUwCgYIKoZIzj0EAwIwFTETMBEGA1UEAwwKVFRNNDkwNSBDQTAeFw0yMjA0MjAwODQ0NTNaFw0yMjA1MjEwODQ0NTNaMBUxEzARBgNVBAMMCjFAdGVzdC5jb20wWTATBgcqhkjOPQIBBggqhkjOPQMBBwNCAAQHFNOCHx/BBFYqT41UW1M6slehFXn+9LK4VDhtASjKBd51QxSRtYZAl+/IpTuOnQdMVvlGCMMWkSeEGOgyfwh1MAoGCCqGSM49BAMCA0gAMEUCIQD1OXIEAO1fI6+XpR936a5Ef365WnXPvrbzl8oxr0/Z8QIgV5LWkYufM8V0VqpcYcHXyI2fCScD24nJMtVWnrVtOU8="}
04-26 03:56:18.056 25604 25665 D MulticastServer: Broadcast block received {"ip":"192.168.1.66","cert":"MIIBGzCBwqADAgECAgYBgEtLsMUwCgYIKoZIzj0EAwIwFTETMBEGA1UEAwwKVFRNNDkwNSBDQTAeFw0yMjA0MjAwODQ0NTNaFw0yMjA1MjEwODQ0NTNaMBUxEzARBgNVBAMMCjFAdGVzdC5jb20wWTATBgcqhkjOPQIBBggqhkjOPQMBBwNCAAQHFNOCHx/BBFYqT41UW1M6slehFXn+9LK4VDhtASjKBd51QxSRtYZAl+/IpTuOnQdMVvlGCMMWkSeEGOgyfwh1MAoGCCqGSM49BAMCA0gAMEUCIQD1OXIEAO1fI6+XpR936a5Ef365WnXPvrbzl8oxr0/Z8QIgV5LWkYufM8V0VqpcYcHXyI2fCScD24nJMtVWnrVtOU8="}
04-26 03:56:18.205 25604 25665 D MulticastServer: Broadcast block received {"ip":"192.168.1.66","cert":"MIIBGzCBwqADAgECAgYBgEtLsMUwCgYIKoZIzj0EAwIwFTETMBEGA1UEAwwKVFRNNDkwNSBDQTAeFw0yMjA0MjAwODQ0NTNaFw0yMjA1MjEwODQ0NTNaMBUxEzARBgNVBAMMCjFAdGVzdC5jb20wWTATBgcqhkjOPQIBBggqhkjOPQMBBwNCAAQHFNOCHx/BBFYqT41UW1M6slehFXn+9LK4VDhtASjKBd51QxSRtYZAl+/IpTuOnQdMVvlGCMMWkSeEGOgyfwh1MAoGCCqGSM49BAMCA0gAMEUCIQD1OXIEAO1fI6+XpR936a5Ef365WnXPvrbzl8oxr0/Z8QIgV5LWkYufM8V0VqpcYcHXyI2fCScD24nJMtVWnrVtOU8="}
04-26 03:56:18.210 25604 25665 D MulticastServer: Broadcast block received {"ip":"192.168.1.66","cert":"MIIBGzCBwqADAgECAgYBgEtLsMUwCgYIKoZIzj0EAwIwFTETMBEGA1UEAwwKVFRNNDkwNSBDQTAeFw0yMjA0MjAwODQ0NTNaFw0yMjA1MjEwODQ0NTNaMBUxEzARBgNVBAMMCjFAdGVzdC5jb20wWTATBgcqhkjOPQIBBggqhkjOPQMBBwNCAAQHFNOCHx/BBFYqT41UW1M6slehFXn+9LK4VDhtASjKBd51QxSRtYZAl+/IpTuOnQdMVvlGCMMWkSeEGOgyfwh1MAoGCCqGSM49BAMCA0gAMEUCIQD1OXIEAO1fI6+XpR936a5Ef365WnXPvrbzl8oxr0/Z8QIgV5LWkYufM8V0VqpcYcHXyI2fCScD24nJMtVWnrVtOU8="}
04-26 03:56:22.023 25604 25690 D RegistrationHandler: I am the first in the network
04-26 03:56:22.023 25604 25690 D RegistrationHandler: 2142806679 Registration started
04-26 03:56:22.041 25604 25690 D MulticastServer: Registration process finished: 2142806679
04-26 03:56:22.077 25604 25658 D MulticastClient: Sent messages with 4 resends: [{"sender":"2@test.com","payload":"{\"ip\":\"192.168.1.57\",\"cert\":\"MIIBGjCBwqADAgECAgYBgEtMKvwwCgYIKoZIzj0EAwIwFTETMBEGA1UEAwwKVFRNNDkwNSBDQTAeFw0yMjA0MjAwODQ1MjRaFw0yMjA1MjEwODQ1MjRaMBUxEzARBgNVBAMMCjJAdGVzdC5jb20wWTATBgcqhkjOPQIBBggqhkjOPQMBBwNCAARuziVeqczih9y2IwSJ3AZuLzxwpY2VwkjEcfE8yVLxCF1qtw21\/iMvxrk2q4BpbgHrUX5EWSAEi7qJDXIS4c\/wMAoGCCqGSM49BAMCA0cAMEQCIG3JN+NQlClPB+thJTrGjfia7cfGbMyyWhJH4K0X7YymAiAUuEhh7Ol8fxrjxPTDnAemav8GQj3kHaLUj1oJ3XJ+Tg==\"}","mt":"BROADCAST_BLOCK","sig":"MEQCID1ZjxamZib0E0Z\/AHEcoxqy0tfNq5ssB5FIhBVmV2uDAiBUYBhyZsD3arhDUXsgiBoG3HKMqRQbk5tLCMMgMHFqLQ==","nonce":2142806679,"seq":0,"tot":0}]
04-26 03:56:23.059 25604 25665 D RegistrationHandler: Received full ledger from 1@test.com with nonce 1381253956
04-26 03:56:23.059 25604 25665 D RegistrationHandler: FULL_LEDGER 1381253956
round 30 of 300
04-26 03:56:29.922 25730 25783 D MulticastServer: MULTICAST_SERVER_LISTENING
04-26 03:56:29.928 25730 25785 D MulticastServer: Registration process started with nonce 1239232644
04-26 03:56:29.931 25730 25790 D MulticastClient: REQUEST_LEDGER 1239232644
04-26 03:56:29.934 25730 25790 D MulticastClient: Sent messages with 4 resends: [{"sender":"","payload":"","mt":"REQUEST_LEDGER","sig":"","nonce":1239232644,"seq":0,"tot":0}]
04-26 03:56:31.930 25730 25792 D MulticastServer: Registration process started with nonce 202872682
04-26 03:56:31.934 25730 25792 D MulticastServer: Received request for ledger with nonce: 202872682.
04-26 03:56:31.949 25730 25792 D MulticastServer: Broadcast block received {"ip":"192.168.1.66","cert":"MIIBGzCBwqADAgECAgYBgEtLsMUwCgYIKoZIzj0EAwIwFTETMBEGA1UEAwwKVFRNNDkwNSBDQTAeFw0yMjA0MjAwODQ0NTNaFw0yMjA1MjEwODQ0NTNaMBUxEzARBgNVBAMMCjFAdGVzdC5jb20wWTATBgcqhkjOPQIBBggqhkjOPQMBBwNCAAQHFNOCHx/BBFYqT41UW1M6slehFXn+9LK4VDhtASjKBd51QxSRtYZAl+/IpTuOnQdMVvlGCMMWkSeEGOgyfwh1MAoGCCqGSM49BAMCA0gAMEUCIQD1OXIEAO1fI6+XpR936a5Ef365WnXPvrbzl8oxr0/Z8QIgV5LWkYufM8V0VqpcYcHXyI2fCScD24nJMtVWnrVtOU8="}
04-26 03:56:31.953 25730 25792 D MulticastServer: Broadcast block received {"ip":"192.168.1.66","cert":"MIIBGzCBwqADAgECAgYBgEtLsMUwCgYIKoZIzj0EAwIwFTETMBEGA1UEAwwKVFRNNDkwNSBDQTAeFw0yMjA0MjAwODQ0NTNaFw0yMjA1MjEwODQ0NTNaMBUxEzARBgNVBAMMCjFAdGVzdC5jb20wWTATBgcqhkjOPQIBBggqhkjOPQMBBwNCAAQHFNOCHx/BBFYqT41UW1M6slehFXn+9LK4VDhtASjKBd51QxSRtYZAl+/IpTuOnQdMVvlGCMMWkSeEGOgyfwh1MAoGCCqGSM49BAMCA0gAMEUCIQD1OXIEAO1fI6+XpR936a5Ef365WnXPvrbzl8oxr0/Z8QIgV5LWkYufM8V0VqpcYcHXyI2fCScD24nJMtVWnrVtOU8="}
04-26 03:56:31.956 25730 25792 D MulticastServer: Broadcast block received {"ip":"192.168.1.66","cert":"MIIBGzCBwqADAgECAgYBgEtLsMUwCgYIKoZIzj0EAwIwFTETMBEGA1UEAwwKVFRNNDkwNSBDQTAeFw0yMjA0MjAwODQ0NTNaFw0yMjA1MjEwODQ0NTNaMBUxEzARBgNVBAMMCjFAdGVzdC5jb20wWTATBgcqhkjOPQIBBggqhkjOPQMBBwNCAAQHFNOCHx/BBFYqT41UW1M6slehFXn+9LK4VDhtASjKBd51QxSRtYZAl+/IpTuOnQdMVvlGCMMWkSeEGOgyfwh1MAoGCCqGSM49BAMCA0gAMEUCIQD1OXIEAO1fI6+XpR936a5Ef365WnXPvrbzl8oxr0/Z8QIgV5LWkYufM8V0VqpcYcHXyI2fCScD24nJMtVWnrVtOU8="}
04-26 03:56:31.959 25730 25792 D MulticastServer: Broadcast block received {"ip":"192.168.1.66","cert":"MIIBGzCBwqADAgECAgYBgEtLsMUwCgYIKoZIzj0EAwIwFTETMBEGA1UEAwwKVFRNNDkwNSBDQTAeFw0yMjA0MjAwODQ0NTNaFw0yMjA1MjEwODQ0NTNaMBUxEzARBgNVBAMMCjFAdGVzdC5jb20wWTATBgcqhkjOPQIBBggqhkjOPQMBBwNCAAQHFNOCHx/BBFYqT41UW1M6slehFXn+9LK4VDhtASjKBd51QxSRtYZAl+/IpTuOnQdMVvlGCMMWkSeEGOgyfwh1MAoGCCqGSM49BAMCA0gAMEUCIQD1OXIEAO1fI6+XpR936a5Ef365WnXPvrbzl8oxr0/Z8QIgV5LWkYufM8V0VqpcYcHXyI2fCScD24nJMtVWnrVtOU8="}
04-26 03:56:32.135 25730 25792 D MulticastServer: Broadcast block received {"ip":"192.168.1.66","cert":"MIIBGzCBwqADAgECAgYBgEtLsMUwCgYIKoZIzj0EAwIwFTETMBEGA1UEAwwKVFRNNDkwNSBDQTAeFw0yMjA0MjAwODQ0NTNaFw0yMjA1MjEwODQ0NTNaMBUxEzARBgNVBAMMCjFAdGVzdC5jb20wWTATBgcqhkjOPQIBBggqhkjOPQMBBwNCAAQHFNOCHx/BBFYqT41UW1M6slehFXn+9LK4VDhtASjKBd51QxSRtYZAl+/IpTuOnQdMVvlGCMMWkSeEGOgyfwh1MAoGCCqGSM49BAMCA0gAMEUCIQD1OXIEAO1fI6+XpR936a5Ef365WnXPvrbzl8oxr0/Z8QIgV5LWkYufM8V0VqpcYcHXyI2fCScD24nJMtVWnrVtOU8="}
04-26 03:56:35.936 25730 25819 D RegistrationHandler: I am the first in the network
04-26 03:56:35.936 25730 25819 D RegistrationHandler: 202872682 Registration started
04-26 03:56:35.950 25730 25819 D MulticastServer: Registration process finished: 202872682
04-26 03:56:35.958 25730 25790 D MulticastClient: Sent messages with 4 resends: [{"sender":"2@test.com","payload":"{\"ip\":\"192.168.1.57\",\"cert\":\"MIIBGjCBwqADAgECAgYBgEtMKvwwCgYIKoZIzj0EAwIwFTETMBEGA1UEAwwKVFRNNDkwNSBDQTAeFw0yMjA0MjAwODQ1MjRaFw0yMjA1MjEwODQ1MjRaMBUxEzARBgNVBAMMCjJAdGVzdC5jb20wWTATBgcqhkjOPQIBBggqhkjOPQMBBwNCAARuziVeqczih9y2IwSJ3AZuLzxwpY2VwkjEcfE8yVLxCF1qtw21\/iMvxrk2q4BpbgHrUX5EWSAEi7qJDXIS4c\/wMAoGCCqGSM49BAMCA0cAMEQCIG3JN+NQlClPB+thJTrGjfia7cfGbMyyWhJH4K0X7YymAiAUuEhh7Ol8fxrjxPTDnAemav8GQj3kHaLUj1oJ3XJ+Tg==\"}","mt":"BROADCAST_BLOCK","sig":"MEUCIQCDamTTbBFH5zmLvQoWiogO5hMf\/6tTzKVkohH5iXQsQwIgcswnZbuZB+JtePjtQeqaBGTNu+mDuqQhn1\/uWnQZQus=","nonce":202872682,"seq":0,"tot":0}]
round 31 of 300
04-26 03:56:44.355 25868 25925 D MulticastServer: MULTICAST_SERVER_LISTENING
04-26 03:56:44.357 25868 25928 D MulticastServer: Registration process started with nonce 2048215854
04-26 03:56:44.359 25868 25926 D MulticastClient: REQUEST_LEDGER 2048215854
04-26 03:56:44.360 25868 25926 D MulticastClient: Sent messages with 4 resends: [{"sender":"","payload":"","mt":"REQUEST_LEDGER","sig":"","nonce":2048215854,"seq":0,"tot":0}]
04-26 03:56:46.478 25868 25934 D MulticastServer: Registration process started with nonce 1731089569
04-26 03:56:46.480 25868 25934 D MulticastServer: Received request for ledger with nonce: 1731089569.
04-26 03:56:46.493 25868 25934 D MulticastServer: Broadcast block received {"ip":"192.168.1.66","cert":"MIIBGzCBwqADAgECAgYBgEtLsMUwCgYIKoZIzj0EAwIwFTETMBEGA1UEAwwKVFRNNDkwNSBDQTAeFw0yMjA0MjAwODQ0NTNaFw0yMjA1MjEwODQ0NTNaMBUxEzARBgNVBAMMCjFAdGVzdC5jb20wWTATBgcqhkjOPQIBBggqhkjOPQMBBwNCAAQHFNOCHx/BBFYqT41UW1M6slehFXn+9LK4VDhtASjKBd51QxSRtYZAl+/IpTuOnQdMVvlGCMMWkSeEGOgyfwh1MAoGCCqGSM49BAMCA0gAMEUCIQD1OXIEAO1fI6+XpR936a5Ef365WnXPvrbzl8oxr0/Z8QIgV5LWkYufM8V0VqpcYcHXyI2fCScD24nJMtVWnrVtOU8="}
04-26 03:56:46.676 25868 25934 D MulticastServer: Broadcast block received {"ip":"192.168.1.66","cert":"MIIBGzCBwqADAgECAgYBgEtLsMUwCgYIKoZIzj0EAwIwFTETMBEGA1UEAwwKVFRNNDkwNSBDQTAeFw0yMjA0MjAwODQ0NTNaFw0yMjA1MjEwODQ0NTNaMBUxEzARBgNVBAMMCjFAdGVzdC5jb20wWTATBgcqhkjOPQIBBggqhkjOPQMBBwNCAAQHFNOCHx/BBFYqT41UW1M6slehFXn+9LK4VDhtASjKBd51QxSRtYZAl+/IpTuOnQdMVvlGCMMWkSeEGOgyfwh1MAoGCCqGSM49BAMCA0gAMEUCIQD1OXIEAO1fI6+XpR936a5Ef365WnXPvrbzl8oxr0/Z8QIgV5LWkYufM8V0VqpcYcHXyI2fCScD24nJMtVWnrVtOU8="}
04-26 03:56:46.683 25868 25934 D MulticastServer: Broadcast block received {"ip":"192.168.1.66","cert":"MIIBGzCBwqADAgECAgYBgEtLsMUwCgYIKoZIzj0EAwIwFTETMBEGA1UEAwwKVFRNNDkwNSBDQTAeFw0yMjA0MjAwODQ0NTNaFw0yMjA1MjEwODQ0NTNaMBUxEzARBgNVBAMMCjFAdGVzdC5jb20wWTATBgcqhkjOPQIBBggqhkjOPQMBBwNCAAQHFNOCHx/BBFYqT41UW1M6slehFXn+9LK4VDhtASjKBd51QxSRtYZAl+/IpTuOnQdMVvlGCMMWkSeEGOgyfwh1MAoGCCqGSM49BAMCA0gAMEUCIQD1OXIEAO1fI6+XpR936a5Ef365WnXPvrbzl8oxr0/Z8QIgV5LWkYufM8V0VqpcYcHXyI2fCScD24nJMtVWnrVtOU8="}
04-26 03:56:46.688 25868 25934 D MulticastServer: Broadcast block received {"ip":"192.168.1.66","cert":"MIIBGzCBwqADAgECAgYBgEtLsMUwCgYIKoZIzj0EAwIwFTETMBEGA1UEAwwKVFRNNDkwNSBDQTAeFw0yMjA0MjAwODQ0NTNaFw0yMjA1MjEwODQ0NTNaMBUxEzARBgNVBAMMCjFAdGVzdC5jb20wWTATBgcqhkjOPQIBBggqhkjOPQMBBwNCAAQHFNOCHx/BBFYqT41UW1M6slehFXn+9LK4VDhtASjKBd51QxSRtYZAl+/IpTuOnQdMVvlGCMMWkSeEGOgyfwh1MAoGCCqGSM49BAMCA0gAMEUCIQD1OXIEAO1fI6+XpR936a5Ef365WnXPvrbzl8oxr0/Z8QIgV5LWkYufM8V0VqpcYcHXyI2fCScD24nJMtVWnrVtOU8="}
04-26 03:56:46.691 25868 25934 D MulticastServer: Broadcast block received {"ip":"192.168.1.66","cert":"MIIBGzCBwqADAgECAgYBgEtLsMUwCgYIKoZIzj0EAwIwFTETMBEGA1UEAwwKVFRNNDkwNSBDQTAeFw0yMjA0MjAwODQ0NTNaFw0yMjA1MjEwODQ0NTNaMBUxEzARBgNVBAMMCjFAdGVzdC5jb20wWTATBgcqhkjOPQIBBggqhkjOPQMBBwNCAAQHFNOCHx/BBFYqT41UW1M6slehFXn+9LK4VDhtASjKBd51QxSRtYZAl+/IpTuOnQdMVvlGCMMWkSeEGOgyfwh1MAoGCCqGSM49BAMCA0gAMEUCIQD1OXIEAO1fI6+XpR936a5Ef365WnXPvrbzl8oxr0/Z8QIgV5LWkYufM8V0VqpcYcHXyI2fCScD24nJMtVWnrVtOU8="}
04-26 03:56:50.483 25868 25961 D RegistrationHandler: I am the first in the network
04-26 03:56:50.483 25868 25961 D RegistrationHandler: 1731089569 Registration started
04-26 03:56:50.500 25868 25961 D MulticastServer: Registration process finished: 1731089569
04-26 03:56:50.513 25868 25926 D MulticastClient: Sent messages with 4 resends: [{"sender":"2@test.com","payload":"{\"ip\":\"192.168.1.57\",\"cert\":\"MIIBGjCBwqADAgECAgYBgEtMKvwwCgYIKoZIzj0EAwIwFTETMBEGA1UEAwwKVFRNNDkwNSBDQTAeFw0yMjA0MjAwODQ1MjRaFw0yMjA1MjEwODQ1MjRaMBUxEzARBgNVBAMMCjJAdGVzdC5jb20wWTATBgcqhkjOPQIBBggqhkjOPQMBBwNCAARuziVeqczih9y2IwSJ3AZuLzxwpY2VwkjEcfE8yVLxCF1qtw21\/iMvxrk2q4BpbgHrUX5EWSAEi7qJDXIS4c\/wMAoGCCqGSM49BAMCA0cAMEQCIG3JN+NQlClPB+thJTrGjfia7cfGbMyyWhJH4K0X7YymAiAUuEhh7Ol8fxrjxPTDnAemav8GQj3kHaLUj1oJ3XJ+Tg==\"}","mt":"BROADCAST_BLOCK","sig":"MEUCIEnkgU2GmNaOB17gMKRPDkRTS0UpTRPnNjfCR5Spvlj1AiEAr\/1Wsy732QRguOX3XXpjqy7r2JMEhJczvCt4\/F4JNtA=","nonce":1731089569,"seq":0,"tot":0}]
round 32 of 300
04-26 03:56:58.819 25998 26051 D MulticastServer: Registration process started with nonce 1456782080
04-26 03:56:58.821 25998 26050 D MulticastClient: REQUEST_LEDGER 1456782080
04-26 03:56:58.823 25998 26050 D MulticastClient: Sent messages with 4 resends: [{"sender":"","payload":"","mt":"REQUEST_LEDGER","sig":"","nonce":1456782080,"seq":0,"tot":0}]
04-26 03:56:58.860 25998 26049 D MulticastServer: MULTICAST_SERVER_LISTENING
04-26 03:57:02.033 25998 26062 D MulticastServer: Registration process started with nonce 1817927296
04-26 03:57:02.036 25998 26062 D MulticastServer: Received request for ledger with nonce: 1817927296.
04-26 03:57:02.045 25998 26062 D MulticastServer: Broadcast block received {"ip":"192.168.1.66","cert":"MIIBGzCBwqADAgECAgYBgEtLsMUwCgYIKoZIzj0EAwIwFTETMBEGA1UEAwwKVFRNNDkwNSBDQTAeFw0yMjA0MjAwODQ0NTNaFw0yMjA1MjEwODQ0NTNaMBUxEzARBgNVBAMMCjFAdGVzdC5jb20wWTATBgcqhkjOPQIBBggqhkjOPQMBBwNCAAQHFNOCHx/BBFYqT41UW1M6slehFXn+9LK4VDhtASjKBd51QxSRtYZAl+/IpTuOnQdMVvlGCMMWkSeEGOgyfwh1MAoGCCqGSM49BAMCA0gAMEUCIQD1OXIEAO1fI6+XpR936a5Ef365WnXPvrbzl8oxr0/Z8QIgV5LWkYufM8V0VqpcYcHXyI2fCScD24nJMtVWnrVtOU8="}
04-26 03:57:02.049 25998 26062 D MulticastServer: Broadcast block received {"ip":"192.168.1.66","cert":"MIIBGzCBwqADAgECAgYBgEtLsMUwCgYIKoZIzj0EAwIwFTETMBEGA1UEAwwKVFRNNDkwNSBDQTAeFw0yMjA0MjAwODQ0NTNaFw0yMjA1MjEwODQ0NTNaMBUxEzARBgNVBAMMCjFAdGVzdC5jb20wWTATBgcqhkjOPQIBBggqhkjOPQMBBwNCAAQHFNOCHx/BBFYqT41UW1M6slehFXn+9LK4VDhtASjKBd51QxSRtYZAl+/IpTuOnQdMVvlGCMMWkSeEGOgyfwh1MAoGCCqGSM49BAMCA0gAMEUCIQD1OXIEAO1fI6+XpR936a5Ef365WnXPvrbzl8oxr0/Z8QIgV5LWkYufM8V0VqpcYcHXyI2fCScD24nJMtVWnrVtOU8="}
04-26 03:57:02.051 25998 26062 D MulticastServer: Broadcast block received {"ip":"192.168.1.66","cert":"MIIBGzCBwqADAgECAgYBgEtLsMUwCgYIKoZIzj0EAwIwFTETMBEGA1UEAwwKVFRNNDkwNSBDQTAeFw0yMjA0MjAwODQ0NTNaFw0yMjA1MjEwODQ0NTNaMBUxEzARBgNVBAMMCjFAdGVzdC5jb20wWTATBgcqhkjOPQIBBggqhkjOPQMBBwNCAAQHFNOCHx/BBFYqT41UW1M6slehFXn+9LK4VDhtASjKBd51QxSRtYZAl+/IpTuOnQdMVvlGCMMWkSeEGOgyfwh1MAoGCCqGSM49BAMCA0gAMEUCIQD1OXIEAO1fI6+XpR936a5Ef365WnXPvrbzl8oxr0/Z8QIgV5LWkYufM8V0VqpcYcHXyI2fCScD24nJMtVWnrVtOU8="}
04-26 03:57:02.061 25998 26062 D MulticastServer: Broadcast block received {"ip":"192.168.1.66","cert":"MIIBGzCBwqADAgECAgYBgEtLsMUwCgYIKoZIzj0EAwIwFTETMBEGA1UEAwwKVFRNNDkwNSBDQTAeFw0yMjA0MjAwODQ0NTNaFw0yMjA1MjEwODQ0NTNaMBUxEzARBgNVBAMMCjFAdGVzdC5jb20wWTATBgcqhkjOPQIBBggqhkjOPQMBBwNCAAQHFNOCHx/BBFYqT41UW1M6slehFXn+9LK4VDhtASjKBd51QxSRtYZAl+/IpTuOnQdMVvlGCMMWkSeEGOgyfwh1MAoGCCqGSM49BAMCA0gAMEUCIQD1OXIEAO1fI6+XpR936a5Ef365WnXPvrbzl8oxr0/Z8QIgV5LWkYufM8V0VqpcYcHXyI2fCScD24nJMtVWnrVtOU8="}
04-26 03:57:06.040 25998 26083 D RegistrationHandler: I am the first in the network
04-26 03:57:06.040 25998 26083 D RegistrationHandler: 1817927296 Registration started
