04-26 04:12:32.353  3086  3171 D RegistrationHandler: I am the first in the network
04-26 04:12:32.353  3086  3171 D RegistrationHandler: 1066358287 Registration started
04-26 04:12:32.368  3086  3171 D MulticastServer: Registration process finished: 1066358287
04-26 04:12:32.381  3086  3138 D MulticastClient: Sent messages with 4 resends: [{"sender":"2@test.com","payload":"{\"ip\":\"192.168.1.57\",\"cert\":\"MIIBGjCBwqADAgECAgYBgEtMKvwwCgYIKoZIzj0EAwIwFTETMBEGA1UEAwwKVFRNNDkwNSBDQTAeFw0yMjA0MjAwODQ1MjRaFw0yMjA1MjEwODQ1MjRaMBUxEzARBgNVBAMMCjJAdGVzdC5jb20wWTATBgcqhkjOPQIBBggqhkjOPQMBBwNCAARuziVeqczih9y2IwSJ3AZuLzxwpY2VwkjEcfE8yVLxCF1qtw21\/iMvxrk2q4BpbgHrUX5EWSAEi7qJDXIS4c\/wMAoGCCqGSM49BAMCA0cAMEQCIG3JN+NQlClPB+thJTrGjfia7cfGbMyyWhJH4K0X7YymAiAUuEhh7Ol8fxrjxPTDnAemav8GQj3kHaLUj1oJ3XJ+Tg==\"}","mt":"BROADCAST_BLOCK","sig":"MEQCIDQ2MeITdMpqBfP79FyN1OmQSo2YRJq7wEAQFIEETYWbAiBmZGLB1ROS\/YzGj3Wp0i1mtb2j94nLl09372cZ0u\/rAw==","nonce":1066358287,"seq":0,"tot":0}]
round 97 of 300
04-26 04:12:39.705  3207  3257 D MulticastServer: MULTICAST_SERVER_LISTENING
04-26 04:12:39.707  3207  3259 D MulticastServer: Registration process started with nonce 1900645184
04-26 04:12:39.710  3207  3263 D MulticastClient: REQUEST_LEDGER 1900645184
04-26 04:12:39.712  3207  3263 D MulticastClient: Sent messages with 4 resends: [{"sender":"","payload":"","mt":"REQUEST_LEDGER","sig":"","nonce":1900645184,"seq":0,"tot":0}]
04-26 04:12:41.058  3207  3265 D MulticastServer: Registration process started with nonce 61192933
04-26 04:12:41.061  3207  3265 D MulticastServer: Received request for ledger with nonce: 61192933.
04-26 04:12:41.070  3207  3265 D MulticastServer: Broadcast block received {"ip":"192.168.1.66","cert":"MIIBGzCBwqADAgECAgYBgEtLsMUwCgYIKoZIzj0EAwIwFTETMBEGA1UEAwwKVFRNNDkwNSBDQTAeFw0yMjA0MjAwODQ0NTNaFw0yMjA1MjEwODQ0NTNaMBUxEzARBgNVBAMMCjFAdGVzdC5jb20wWTATBgcqhkjOPQIBBggqhkjOPQMBBwNCAAQHFNOCHx/BBFYqT41UW1M6slehFXn+9LK4VDhtASjKBd51QxSRtYZAl+/IpTuOnQdMVvlGCMMWkSeEGOgyfwh1MAoGCCqGSM49BAMCA0gAMEUCIQD1OXIEAO1fI6+XpR936a5Ef365WnXPvrbzl8oxr0/Z8QIgV5LWkYufM8V0VqpcYcHXyI2fCScD24nJMtVWnrVtOU8="}
04-26 04:12:41.072  3207  3265 D MulticastServer: Broadcast block received {"ip":"192.168.1.66","cert":"MIIBGzCBwqADAgECAgYBgEtLsMUwCgYIKoZIzj0EAwIwFTETMBEGA1UEAwwKVFRNNDkwNSBDQTAeFw0yMjA0MjAwODQ0NTNaFw0yMjA1MjEwODQ0NTNaMBUxEzARBgNVBAMMCjFAdGVzdC5jb20wWTATBgcqhkjOPQIBBggqhkjOPQMBBwNCAAQHFNOCHx/BBFYqT41UW1M6slehFXn+9LK4VDhtASjKBd51QxSRtYZAl+/IpTuOnQdMVvlGCMMWkSeEGOgyfwh1MAoGCCqGSM49BAMCA0gAMEUCIQD1OXIEAO1fI6+XpR936a5Ef365WnXPvrbzl8oxr0/Z8QIgV5LWkYufM8V0VqpcYcHXyI2fCScD24nJMtVWnrVtOU8="}
04-26 04:12:41.249  3207  3265 D MulticastServer: Broadcast block received {"ip":"192.168.1.66","cert":"MIIBGzCBwqADAgECAgYBgEtLsMUwCgYIKoZIzj0EAwIwFTETMBEGA1UEAwwKVFRNNDkwNSBDQTAeFw0yMjA0MjAwODQ0NTNaFw0yMjA1MjEwODQ0NTNaMBUxEzARBgNVBAMMCjFAdGVzdC5jb20wWTATBgcqhkjOPQIBBggqhkjOPQMBBwNCAAQHFNOCHx/BBFYqT41UW1M6slehFXn+9LK4VDhtASjKBd51QxSRtYZAl+/IpTuOnQdMVvlGCMMWkSeEGOgyfwh1MAoGCCqGSM49BAMCA0gAMEUCIQD1OXIEAO1fI6+XpR936a5Ef365WnXPvrbzl8oxr0/Z8QIgV5LWkYufM8V0VqpcYcHXyI2fCScD24nJMtVWnrVtOU8="}
04-26 04:12:44.805  3207  3265 D RegistrationHandler: Received full ledger from 1@test.com with nonce 1900645184
04-26 04:12:44.805  3207  3265 D RegistrationHandler: FULL_LEDGER 1900645184
04-26 04:12:45.063  3207  3310 D RegistrationHandler: I am the first in the network
04-26 04:12:45.063  3207  3310 D RegistrationHandler: 61192933 Registration started
04-26 04:12:45.077  3207  3310 D MulticastServer: Registration process finished: 61192933
04-26 04:12:45.105  3207  3263 D MulticastClient: Sent messages with 4 resends: [{"sender":"2@test.com","payload":"{\"ip\":\"192.168.1.57\",\"cert\":\"MIIBGjCBwqADAgECAgYBgEtMKvwwCgYIKoZIzj0EAwIwFTETMBEGA1UEAwwKVFRNNDkwNSBDQTAeFw0yMjA0MjAwODQ1MjRaFw0yMjA1MjEwODQ1MjRaMBUxEzARBgNVBAMMCjJAdGVzdC5jb20wWTATBgcqhkjOPQIBBggqhkjOPQMBBwNCAARuziVeqczih9y2IwSJ3AZuLzxwpY2VwkjEcfE8yVLxCF1qtw21\/iMvxrk2q4BpbgHrUX5EWSAEi7qJDXIS4c\/wMAoGCCqGSM49BAMCA0cAMEQCIG3JN+NQlClPB+thJTrGjfia7cfGbMyyWhJH4K0X7YymAiAUuEhh7Ol8fxrjxPTDnAemav8GQj3kHaLUj1oJ3XJ+Tg==\"}","mt":"BROADCAST_BLOCK","sig":"MEUCIEgeunwQWGFla18QLhzcCLeXLsDID0UhqpMO88qeqQHLAiEAlv8sYZ\/fz8S4EdahPwxuI7bYvL1Xx6jfXV2em9\/0aT8=","nonce":61192933,"seq":0,"tot":0}]
round 98 of 300
04-26 04:12:54.137  3355  3420 D MulticastServer: MULTICAST_SERVER_LISTENING
04-26 04:12:54.140  3355  3422 D MulticastServer: Registration process started with nonce 242739616
04-26 04:12:54.142  3355  3421 D MulticastClient: REQUEST_LEDGER 242739616
04-26 04:12:54.144  3355  3421 D MulticastClient: Sent messages with 4 resends: [{"sender":"","payload":"","mt":"REQUEST_LEDGER","sig":"","nonce":242739616,"seq":0,"tot":0}]
04-26 04:12:54.560  3355  3431 D MulticastServer: Registration process started with nonce 502414235
04-26 04:12:54.562  3355  3431 D MulticastServer: Received request for ledger with nonce: 502414235.
04-26 04:12:54.577  3355  3431 D MulticastServer: Broadcast block received {"ip":"192.168.1.66","cert":"MIIBGzCBwqADAgECAgYBgEtLsMUwCgYIKoZIzj0EAwIwFTETMBEGA1UEAwwKVFRNNDkwNSBDQTAeFw0yMjA0MjAwODQ0NTNaFw0yMjA1MjEwODQ0NTNaMBUxEzARBgNVBAMMCjFAdGVzdC5jb20wWTATBgcqhkjOPQIBBggqhkjOPQMBBwNCAAQHFNOCHx/BBFYqT41UW1M6slehFXn+9LK4VDhtASjKBd51QxSRtYZAl+/IpTuOnQdMVvlGCMMWkSeEGOgyfwh1MAoGCCqGSM49BAMCA0gAMEUCIQD1OXIEAO1fI6+XpR936a5Ef365WnXPvrbzl8oxr0/Z8QIgV5LWkYufM8V0VqpcYcHXyI2fCScD24nJMtVWnrVtOU8="}
04-26 04:12:54.582  3355  3431 D MulticastServer: Broadcast block received {"ip":"192.168.1.66","cert":"MIIBGzCBwqADAgECAgYBgEtLsMUwCgYIKoZIzj0EAwIwFTETMBEGA1UEAwwKVFRNNDkwNSBDQTAeFw0yMjA0MjAwODQ0NTNaFw0yMjA1MjEwODQ0NTNaMBUxEzARBgNVBAMMCjFAdGVzdC5jb20wWTATBgcqhkjOPQIBBggqhkjOPQMBBwNCAAQHFNOCHx/BBFYqT41UW1M6slehFXn+9LK4VDhtASjKBd51QxSRtYZAl+/IpTuOnQdMVvlGCMMWkSeEGOgyfwh1MAoGCCqGSM49BAMCA0gAMEUCIQD1OXIEAO1fI6+XpR936a5Ef365WnXPvrbzl8oxr0/Z8QIgV5LWkYufM8V0VqpcYcHXyI2fCScD24nJMtVWnrVtOU8="}
04-26 04:12:54.584  3355  3431 D MulticastServer: Broadcast block received {"ip":"192.168.1.66","cert":"MIIBGzCBwqADAgECAgYBgEtLsMUwCgYIKoZIzj0EAwIwFTETMBEGA1UEAwwKVFRNNDkwNSBDQTAeFw0yMjA0MjAwODQ0NTNaFw0yMjA1MjEwODQ0NTNaMBUxEzARBgNVBAMMCjFAdGVzdC5jb20wWTATBgcqhkjOPQIBBggqhkjOPQMBBwNCAAQHFNOCHx/BBFYqT41UW1M6slehFXn+9LK4VDhtASjKBd51QxSRtYZAl+/IpTuOnQdMVvlGCMMWkSeEGOgyfwh1MAoGCCqGSM49BAMCA0gAMEUCIQD1OXIEAO1fI6+XpR936a5Ef365WnXPvrbzl8oxr0/Z8QIgV5LWkYufM8V0VqpcYcHXyI2fCScD24nJMtVWnrVtOU8="}
04-26 04:12:54.765  3355  3431 D MulticastServer: Broadcast block received {"ip":"192.168.1.66","cert":"MIIBGzCBwqADAgECAgYBgEtLsMUwCgYIKoZIzj0EAwIwFTETMBEGA1UEAwwKVFRNNDkwNSBDQTAeFw0yMjA0MjAwODQ0NTNaFw0yMjA1MjEwODQ0NTNaMBUxEzARBgNVBAMMCjFAdGVzdC5jb20wWTATBgcqhkjOPQIBBggqhkjOPQMBBwNCAAQHFNOCHx/BBFYqT41UW1M6slehFXn+9LK4VDhtASjKBd51QxSRtYZAl+/IpTuOnQdMVvlGCMMWkSeEGOgyfwh1MAoGCCqGSM49BAMCA0gAMEUCIQD1OXIEAO1fI6+XpR936a5Ef365WnXPvrbzl8oxr0/Z8QIgV5LWkYufM8V0VqpcYcHXyI2fCScD24nJMtVWnrVtOU8="}
04-26 04:12:54.772  3355  3431 D MulticastServer: Broadcast block received {"ip":"192.168.1.66","cert":"MIIBGzCBwqADAgECAgYBgEtLsMUwCgYIKoZIzj0EAwIwFTETMBEGA1UEAwwKVFRNNDkwNSBDQTAeFw0yMjA0MjAwODQ0NTNaFw0yMjA1MjEwODQ0NTNaMBUxEzARBgNVBAMMCjFAdGVzdC5jb20wWTATBgcqhkjOPQIBBggqhkjOPQMBBwNCAAQHFNOCHx/BBFYqT41UW1M6slehFXn+9LK4VDhtASjKBd51QxSRtYZAl+/IpTuOnQdMVvlGCMMWkSeEGOgyfwh1MAoGCCqGSM49BAMCA0gAMEUCIQD1OXIEAO1fI6+XpR936a5Ef365WnXPvrbzl8oxr0/Z8QIgV5LWkYufM8V0VqpcYcHXyI2fCScD24nJMtVWnrVtOU8="}
04-26 04:12:58.566  3355  3449 D RegistrationHandler: I am the first in the network
04-26 04:12:58.566  3355  3449 D RegistrationHandler: 502414235 Registration started
04-26 04:12:58.582  3355  3449 D MulticastServer: Registration process finished: 502414235
04-26 04:12:58.595  3355  3421 D MulticastClient: Sent messages with 4 resends: [{"sender":"2@test.com","payload":"{\"ip\":\"192.168.1.57\",\"cert\":\"MIIBGjCBwqADAgECAgYBgEtMKvwwCgYIKoZIzj0EAwIwFTETMBEGA1UEAwwKVFRNNDkwNSBDQTAeFw0yMjA0MjAwODQ1MjRaFw0yMjA1MjEwODQ1MjRaMBUxEzARBgNVBAMMCjJAdGVzdC5jb20wWTATBgcqhkjOPQIBBggqhkjOPQMBBwNCAARuziVeqczih9y2IwSJ3AZuLzxwpY2VwkjEcfE8yVLxCF1qtw21\/iMvxrk2q4BpbgHrUX5EWSAEi7qJDXIS4c\/wMAoGCCqGSM49BAMCA0cAMEQCIG3JN+NQlClPB+thJTrGjfia7cfGbMyyWhJH4K0X7YymAiAUuEhh7Ol8fxrjxPTDnAemav8GQj3kHaLUj1oJ3XJ+Tg==\"}","mt":"BROADCAST_BLOCK","sig":"MEQCIC004uPb2EaIOgVY4M89LGtddSpaOukIP9TQz+9mC\/CkAiB39Pio\/d6Ihwdq7fas5OEwLI7KHd3uruGuRfT52zyLfQ==","nonce":502414235,"seq":0,"tot":0}]
04-26 04:12:59.403  3355  3431 D RegistrationHandler: Received full ledger from 1@test.com with nonce 242739616
04-26 04:12:59.404  3355  3431 D RegistrationHandler: FULL_LEDGER 242739616
round 99 of 300
04-26 04:13:08.649  3509  3563 D MulticastServer: MULTICAST_SERVER_LISTENING
04-26 04:13:08.651  3509  3565 D MulticastServer: Registration process started with nonce 260526055
04-26 04:13:08.654  3509  3564 D MulticastClient: REQUEST_LEDGER 260526055
04-26 04:13:08.656  3509  3564 D MulticastClient: Sent messages with 4 resends: [{"sender":"","payload":"","mt":"REQUEST_LEDGER","sig":"","nonce":260526055,"seq":0,"tot":0}]
04-26 04:13:09.198  3509  3571 D MulticastServer: Registration process started with nonce 1859856692
04-26 04:13:09.199  3509  3571 D MulticastServer: Received request for ledger with nonce: 1859856692.
04-26 04:13:09.210  3509  3571 D MulticastServer: Broadcast block received {"ip":"192.168.1.66","cert":"MIIBGzCBwqADAgECAgYBgEtLsMUwCgYIKoZIzj0EAwIwFTETMBEGA1UEAwwKVFRNNDkwNSBDQTAeFw0yMjA0MjAwODQ0NTNaFw0yMjA1MjEwODQ0NTNaMBUxEzARBgNVBAMMCjFAdGVzdC5jb20wWTATBgcqhkjOPQIBBggqhkjOPQMBBwNCAAQHFNOCHx/BBFYqT41UW1M6slehFXn+9LK4VDhtASjKBd51QxSRtYZAl+/IpTuOnQdMVvlGCMMWkSeEGOgyfwh1MAoGCCqGSM49BAMCA0gAMEUCIQD1OXIEAO1fI6+XpR936a5Ef365WnXPvrbzl8oxr0/Z8QIgV5LWkYufM8V0VqpcYcHXyI2fCScD24nJMtVWnrVtOU8="}
04-26 04:13:09.214  3509  3571 D MulticastServer: Broadcast block received {"ip":"192.168.1.66","cert":"MIIBGzCBwqADAgECAgYBgEtLsMUwCgYIKoZIzj0EAwIwFTETMBEGA1UEAwwKVFRNNDkwNSBDQTAeFw0yMjA0MjAwODQ0NTNaFw0yMjA1MjEwODQ0NTNaMBUxEzARBgNVBAMMCjFAdGVzdC5jb20wWTATBgcqhkjOPQIBBggqhkjOPQMBBwNCAAQHFNOCHx/BBFYqT41UW1M6slehFXn+9LK4VDhtASjKBd51QxSRtYZAl+/IpTuOnQdMVvlGCMMWkSeEGOgyfwh1MAoGCCqGSM49BAMCA0gAMEUCIQD1OXIEAO1fI6+XpR936a5Ef365WnXPvrbzl8oxr0/Z8QIgV5LWkYufM8V0VqpcYcHXyI2fCScD24nJMtVWnrVtOU8="}
04-26 04:13:09.242  3509  3571 D MulticastServer: Broadcast block received {"ip":"192.168.1.66","cert":"MIIBGzCBwqADAgECAgYBgEtLsMUwCgYIKoZIzj0EAwIwFTETMBEGA1UEAwwKVFRNNDkwNSBDQTAeFw0yMjA0MjAwODQ0NTNaFw0yMjA1MjEwODQ0NTNaMBUxEzARBgNVBAMMCjFAdGVzdC5jb20wWTATBgcqhkjOPQIBBggqhkjOPQMBBwNCAAQHFNOCHx/BBFYqT41UW1M6slehFXn+9LK4VDhtASjKBd51QxSRtYZAl+/IpTuOnQdMVvlGCMMWkSeEGOgyfwh1MAoGCCqGSM49BAMCA0gAMEUCIQD1OXIEAO1fI6+XpR936a5Ef365WnXPvrbzl8oxr0/Z8QIgV5LWkYufM8V0VqpcYcHXyI2fCScD24nJMtVWnrVtOU8="}
04-26 04:13:09.246  3509  3571 D MulticastServer: Broadcast block received {"ip":"192.168.1.66","cert":"MIIBGzCBwqADAgECAgYBgEtLsMUwCgYIKoZIzj0EAwIwFTETMBEGA1UEAwwKVFRNNDkwNSBDQTAeFw0yMjA0MjAwODQ0NTNaFw0yMjA1MjEwODQ0NTNaMBUxEzARBgNVBAMMCjFAdGVzdC5jb20wWTATBgcqhkjOPQIBBggqhkjOPQMBBwNCAAQHFNOCHx/BBFYqT41UW1M6slehFXn+9LK4VDhtASjKBd51QxSRtYZAl+/IpTuOnQdMVvlGCMMWkSeEGOgyfwh1MAoGCCqGSM49BAMCA0gAMEUCIQD1OXIEAO1fI6+XpR936a5Ef365WnXPvrbzl8oxr0/Z8QIgV5LWkYufM8V0VqpcYcHXyI2fCScD24nJMtVWnrVtOU8="}
04-26 04:13:09.247  3509  3571 D MulticastServer: Broadcast block received {"ip":"192.168.1.66","cert":"MIIBGzCBwqADAgECAgYBgEtLsMUwCgYIKoZIzj0EAwIwFTETMBEGA1UEAwwKVFRNNDkwNSBDQTAeFw0yMjA0MjAwODQ0NTNaFw0yMjA1MjEwODQ0NTNaMBUxEzARBgNVBAMMCjFAdGVzdC5jb20wWTATBgcqhkjOPQIBBggqhkjOPQMBBwNCAAQHFNOCHx/BBFYqT41UW1M6slehFXn+9LK4VDhtASjKBd51QxSRtYZAl+/IpTuOnQdMVvlGCMMWkSeEGOgyfwh1MAoGCCqGSM49BAMCA0gAMEUCIQD1OXIEAO1fI6+XpR936a5Ef365WnXPvrbzl8oxr0/Z8QIgV5LWkYufM8V0VqpcYcHXyI2fCScD24nJMtVWnrVtOU8="}
04-26 04:13:11.715  3509  3571 D RegistrationHandler: Received full ledger from 1@test.com with nonce 260526055
04-26 04:13:11.715  3509  3571 D RegistrationHandler: FULL_LEDGER 260526055
04-26 04:13:13.200  3509  3603 D RegistrationHandler: I am the first in the network
04-26 04:13:13.200  3509  3603 D RegistrationHandler: 1859856692 Registration started
04-26 04:13:13.216  3509  3603 D MulticastServer: Registration process finished: 1859856692
04-26 04:13:13.225  3509  3564 D MulticastClient: Sent messages with 4 resends: [{"sender":"2@test.com","payload":"{\"ip\":\"192.168.1.57\",\"cert\":\"MIIBGjCBwqADAgECAgYBgEtMKvwwCgYIKoZIzj0EAwIwFTETMBEGA1UEAwwKVFRNNDkwNSBDQTAeFw0yMjA0MjAwODQ1MjRaFw0yMjA1MjEwODQ1MjRaMBUxEzARBgNVBAMMCjJAdGVzdC5jb20wWTATBgcqhkjOPQIBBggqhkjOPQMBBwNCAARuziVeqczih9y2IwSJ3AZuLzxwpY2VwkjEcfE8yVLxCF1qtw21\/iMvxrk2q4BpbgHrUX5EWSAEi7qJDXIS4c\/wMAoGCCqGSM49BAMCA0cAMEQCIG3JN+NQlClPB+thJTrGjfia7cfGbMyyWhJH4K0X7YymAiAUuEhh7Ol8fxrjxPTDnAemav8GQj3kHaLUj1oJ3XJ+Tg==\"}","mt":"BROADCAST_BLOCK","sig":"MEYCIQDo33opCeqj\/K889Y6rJGIKiDUer4E52bamW3O2tw1PWwIhAKx8qCof+dxLcMlQyk5+uq4+CdkOVXpQrdGl55oHtG63","nonce":1859856692,"seq":0,"tot":0}]
round 100 of 300
04-26 04:13:23.120  3693  3749 D MulticastServer: MULTICAST_SERVER_LISTENING
04-26 04:13:23.122  3693  3758 D MulticastServer: Registration process started with nonce 630361398
04-26 04:13:23.125  3693  3767 D MulticastClient: REQUEST_LEDGER 630361398
04-26 04:13:23.127  3693  3767 D MulticastClient: Sent messages with 4 resends: [{"sender":"","payload":"","mt":"REQUEST_LEDGER","sig":"","nonce":630361398,"seq":0,"tot":0}]
04-26 04:13:24.518  3693  3769 D RegistrationHandler: Received full ledger from 1@test.com with nonce 630361398
04-26 04:13:24.518  3693  3769 D RegistrationHandler: FULL_LEDGER 630361398
round 101 of 300
04-26 04:13:37.658  3853  3928 D MulticastServer: MULTICAST_SERVER_LISTENING
04-26 04:13:37.661  3853  3929 D MulticastServer: Registration process started with nonce 1438298563
04-26 04:13:37.664  3853  3927 D MulticastClient: REQUEST_LEDGER 1438298563
04-26 04:13:37.665  3853  3927 D MulticastClient: Sent messages with 4 resends: [{"sender":"","payload":"","mt":"REQUEST_LEDGER","sig":"","nonce":1438298563,"seq":0,"tot":0}]
04-26 04:13:38.196  3853  3944 D MulticastServer: Registration process started with nonce 1555378329
04-26 04:13:38.197  3853  3944 D MulticastServer: Received request for ledger with nonce: 1555378329.
04-26 04:13:38.212  3853  3944 D MulticastServer: Broadcast block received {"ip":"192.168.1.66","cert":"MIIBGzCBwqADAgECAgYBgEtLsMUwCgYIKoZIzj0EAwIwFTETMBEGA1UEAwwKVFRNNDkwNSBDQTAeFw0yMjA0MjAwODQ0NTNaFw0yMjA1MjEwODQ0NTNaMBUxEzARBgNVBAMMCjFAdGVzdC5jb20wWTATBgcqhkjOPQIBBggqhkjOPQMBBwNCAAQHFNOCHx/BBFYqT41UW1M6slehFXn+9LK4VDhtASjKBd51QxSRtYZAl+/IpTuOnQdMVvlGCMMWkSeEGOgyfwh1MAoGCCqGSM49BAMCA0gAMEUCIQD1OXIEAO1fI6+XpR936a5Ef365WnXPvrbzl8oxr0/Z8QIgV5LWkYufM8V0VqpcYcHXyI2fCScD24nJMtVWnrVtOU8="}
04-26 04:13:38.215  3853  3944 D MulticastServer: Broadcast block received {"ip":"192.168.1.66","cert":"MIIBGzCBwqADAgECAgYBgEtLsMUwCgYIKoZIzj0EAwIwFTETMBEGA1UEAwwKVFRNNDkwNSBDQTAeFw0yMjA0MjAwODQ0NTNaFw0yMjA1MjEwODQ0NTNaMBUxEzARBgNVBAMMCjFAdGVzdC5jb20wWTATBgcqhkjOPQIBBggqhkjOPQMBBwNCAAQHFNOCHx/BBFYqT41UW1M6slehFXn+9LK4VDhtASjKBd51QxSRtYZAl+/IpTuOnQdMVvlGCMMWkSeEGOgyfwh1MAoGCCqGSM49BAMCA0gAMEUCIQD1OXIEAO1fI6+XpR936a5Ef365WnXPvrbzl8oxr0/Z8QIgV5LWkYufM8V0VqpcYcHXyI2fCScD24nJMtVWnrVtOU8="}
04-26 04:13:38.251  3853  3944 D MulticastServer: Broadcast block received {"ip":"192.168.1.66","cert":"MIIBGzCBwqADAgECAgYBgEtLsMUwCgYIKoZIzj0EAwIwFTETMBEGA1UEAwwKVFRNNDkwNSBDQTAeFw0yMjA0MjAwODQ0NTNaFw0yMjA1MjEwODQ0NTNaMBUxEzARBgNVBAMMCjFAdGVzdC5jb20wWTATBgcqhkjOPQIBBggqhkjOPQMBBwNCAAQHFNOCHx/BBFYqT41UW1M6slehFXn+9LK4VDhtASjKBd51QxSRtYZAl+/IpTuOnQdMVvlGCMMWkSeEGOgyfwh1MAoGCCqGSM49BAMCA0gAMEUCIQD1OXIEAO1fI6+XpR936a5Ef365WnXPvrbzl8oxr0/Z8QIgV5LWkYufM8V0VqpcYcHXyI2fCScD24nJMtVWnrVtOU8="}
04-26 04:13:38.254  3853  3944 D MulticastServer: Broadcast block received {"ip":"192.168.1.66","cert":"MIIBGzCBwqADAgECAgYBgEtLsMUwCgYIKoZIzj0EAwIwFTETMBEGA1UEAwwKVFRNNDkwNSBDQTAeFw0yMjA0MjAwODQ0NTNaFw0yMjA1MjEwODQ0NTNaMBUxEzARBgNVBAMMCjFAdGVzdC5jb20wWTATBgcqhkjOPQIBBggqhkjOPQMBBwNCAAQHFNOCHx/BBFYqT41UW1M6slehFXn+9LK4VDhtASjKBd51QxSRtYZAl+/IpTuOnQdMVvlGCMMWkSeEGOgyfwh1MAoGCCqGSM49BAMCA0gAMEUCIQD1OXIEAO1fI6+XpR936a5Ef365WnXPvrbzl8oxr0/Z8QIgV5LWkYufM8V0VqpcYcHXyI2fCScD24nJMtVWnrVtOU8="}
04-26 04:13:38.263  3853  3944 D MulticastServer: Broadcast block received {"ip":"192.168.1.66","cert":"MIIBGzCBwqADAgECAgYBgEtLsMUwCgYIKoZIzj0EAwIwFTETMBEGA1UEAwwKVFRNNDkwNSBDQTAeFw0yMjA0MjAwODQ0NTNaFw0yMjA1MjEwODQ0NTNaMBUxEzARBgNVBAMMCjFAdGVzdC5jb20wWTATBgcqhkjOPQIBBggqhkjOPQMBBwNCAAQHFNOCHx/BBFYqT41UW1M6slehFXn+9LK4VDhtASjKBd51QxSRtYZAl+/IpTuOnQdMVvlGCMMWkSeEGOgyfwh1MAoGCCqGSM49BAMCA0gAMEUCIQD1OXIEAO1fI6+XpR936a5Ef365WnXPvrbzl8oxr0/Z8QIgV5LWkYufM8V0VqpcYcHXyI2fCScD24nJMtVWnrVtOU8="}
04-26 04:13:42.199  3853  3980 D RegistrationHandler: I am the first in the network
04-26 04:13:42.200  3853  3980 D RegistrationHandler: 1555378329 Registration started
04-26 04:13:42.216  3853  3980 D MulticastServer: Registration process finished: 1555378329
04-26 04:13:42.225  3853  3927 D MulticastClient: Sent messages with 4 resends: [{"sender":"2@test.com","payload":"{\"ip\":\"192.168.1.57\",\"cert\":\"MIIBGjCBwqADAgECAgYBgEtMKvwwCgYIKoZIzj0EAwIwFTETMBEGA1UEAwwKVFRNNDkwNSBDQTAeFw0yMjA0MjAwODQ1MjRaFw0yMjA1MjEwODQ1MjRaMBUxEzARBgNVBAMMCjJAdGVzdC5jb20wWTATBgcqhkjOPQIBBggqhkjOPQMBBwNCAARuziVeqczih9y2IwSJ3AZuLzxwpY2VwkjEcfE8yVLxCF1qtw21\/iMvxrk2q4BpbgHrUX5EWSAEi7qJDXIS4c\/wMAoGCCqGSM49BAMCA0cAMEQCIG3JN+NQlClPB+thJTrGjfia7cfGbMyyWhJH4K0X7YymAiAUuEhh7Ol8fxrjxPTDnAemav8GQj3kHaLUj1oJ3XJ+Tg==\"}","mt":"BROADCAST_BLOCK","sig":"MEYCIQC1\/uC8AFoVCpHXNLoEDK3+XPcoYh2+QvEcTpIzssn52gIhAN0+hdNf8BAIodFv5+RiQBjhWlOGCgzElCUt+cpnu5mw","nonce":1555378329,"seq":0,"tot":0}]
04-26 04:13:42.973  3853  3944 D RegistrationHandler: Received full ledger from 1@test.com with nonce 1438298563
04-26 04:13:42.973  3853  3944 D RegistrationHandler: FULL_LEDGER 1438298563
round 102 of 300
04-26 04:13:52.144  4035  4097 D MulticastServer: MULTICAST_SERVER_LISTENING
04-26 04:13:52.145  4035  4099 D MulticastServer: Registration process started with nonce 523942287
04-26 04:13:52.148  4035  4098 D MulticastClient: REQUEST_LEDGER 523942287
04-26 04:13:52.149  4035  4098 D MulticastClient: Sent messages with 4 resends: [{"sender":"","payload":"","mt":"REQUEST_LEDGER","sig":"","nonce":523942287,"seq":0,"tot":0}]
04-26 04:13:52.983  4035  4105 D MulticastServer: Registration process started with nonce 622191925
04-26 04:13:52.985  4035  4105 D MulticastServer: Received request for ledger with nonce: 622191925.
04-26 04:13:52.999  4035  4105 D MulticastServer: Broadcast block received {"ip":"192.168.1.66","cert":"MIIBGzCBwqADAgECAgYBgEtLsMUwCgYIKoZIzj0EAwIwFTETMBEGA1UEAwwKVFRNNDkwNSBDQTAeFw0yMjA0MjAwODQ0NTNaFw0yMjA1MjEwODQ0NTNaMBUxEzARBgNVBAMMCjFAdGVzdC5jb20wWTATBgcqhkjOPQIBBggqhkjOPQMBBwNCAAQHFNOCHx/BBFYqT41UW1M6slehFXn+9LK4VDhtASjKBd51QxSRtYZAl+/IpTuOnQdMVvlGCMMWkSeEGOgyfwh1MAoGCCqGSM49BAMCA0gAMEUCIQD1OXIEAO1fI6+XpR936a5Ef365WnXPvrbzl8oxr0/Z8QIgV5LWkYufM8V0VqpcYcHXyI2fCScD24nJMtVWnrVtOU8="}
04-26 04:13:53.001  4035  4105 D MulticastServer: Broadcast block received {"ip":"192.168.1.66","cert":"MIIBGzCBwqADAgECAgYBgEtLsMUwCgYIKoZIzj0EAwIwFTETMBEGA1UEAwwKVFRNNDkwNSBDQTAeFw0yMjA0MjAwODQ0NTNaFw0yMjA1MjEwODQ0NTNaMBUxEzARBgNVBAMMCjFAdGVzdC5jb20wWTATBgcqhkjOPQIBBggqhkjOPQMBBwNCAAQHFNOCHx/BBFYqT41UW1M6slehFXn+9LK4VDhtASjKBd51QxSRtYZAl+/IpTuOnQdMVvlGCMMWkSeEGOgyfwh1MAoGCCqGSM49BAMCA0gAMEUCIQD1OXIEAO1fI6+XpR936a5Ef365WnXPvrbzl8oxr0/Z8QIgV5LWkYufM8V0VqpcYcHXyI2fCScD24nJMtVWnrVtOU8="}
04-26 04:13:53.008  4035  4105 D MulticastServer: Broadcast block received {"ip":"192.168.1.66","cert":"MIIBGzCBwqADAgECAgYBgEtLsMUwCgYIKoZIzj0EAwIwFTETMBEGA1UEAwwKVFRNNDkwNSBDQTAeFw0yMjA0MjAwODQ0NTNaFw0yMjA1MjEwODQ0NTNaMBUxEzARBgNVBAMMCjFAdGVzdC5jb20wWTATBgcqhkjOPQIBBggqhkjOPQMBBwNCAAQHFNOCHx/BBFYqT41UW1M6slehFXn+9LK4VDhtASjKBd51QxSRtYZAl+/IpTuOnQdMVvlGCMMWkSeEGOgyfwh1MAoGCCqGSM49BAMCA0gAMEUCIQD1OXIEAO1fI6+XpR936a5Ef365WnXPvrbzl8oxr0/Z8QIgV5LWkYufM8V0VqpcYcHXyI2fCScD24nJMtVWnrVtOU8="}
04-26 04:13:53.037  4035  4105 D MulticastServer: Broadcast block received {"ip":"192.168.1.66","cert":"MIIBGzCBwqADAgECAgYBgEtLsMUwCgYIKoZIzj0EAwIwFTETMBEGA1UEAwwKVFRNNDkwNSBDQTAeFw0yMjA0MjAwODQ0NTNaFw0yMjA1MjEwODQ0NTNaMBUxEzARBgNVBAMMCjFAdGVzdC5jb20wWTATBgcqhkjOPQIBBggqhkjOPQMBBwNCAAQHFNOCHx/BBFYqT41UW1M6slehFXn+9LK4VDhtASjKBd51QxSRtYZAl+/IpTuOnQdMVvlGCMMWkSeEGOgyfwh1MAoGCCqGSM49BAMCA0gAMEUCIQD1OXIEAO1fI6+XpR936a5Ef365WnXPvrbzl8oxr0/Z8QIgV5LWkYufM8V0VqpcYcHXyI2fCScD24nJMtVWnrVtOU8="}
04-26 04:13:53.039  4035  4105 D MulticastServer: Broadcast block received {"ip":"192.168.1.66","cert":"MIIBGzCBwqADAgECAgYBgEtLsMUwCgYIKoZIzj0EAwIwFTETMBEGA1UEAwwKVFRNNDkwNSBDQTAeFw0yMjA0MjAwODQ0NTNaFw0yMjA1MjEwODQ0NTNaMBUxEzARBgNVBAMMCjFAdGVzdC5jb20wWTATBgcqhkjOPQIBBggqhkjOPQMBBwNCAAQHFNOCHx/BBFYqT41UW1M6slehFXn+9LK4VDhtASjKBd51QxSRtYZAl+/IpTuOnQdMVvlGCMMWkSeEGOgyfwh1MAoGCCqGSM49BAMCA0gAMEUCIQD1OXIEAO1fI6+XpR936a5Ef365WnXPvrbzl8oxr0/Z8QIgV5LWkYufM8V0VqpcYcHXyI2fCScD24nJMtVWnrVtOU8="}
04-26 04:13:56.988  4035  4133 D RegistrationHandler: I am the first in the network
04-26 04:13:56.988  4035  4133 D RegistrationHandler: 622191925 Registration started
04-26 04:13:57.006  4035  4133 D MulticastServer: Registration process finished: 622191925
04-26 04:13:57.030  4035  4098 D MulticastClient: Sent messages with 4 resends: [{"sender":"2@test.com","payload":"{\"ip\":\"192.168.1.57\",\"cert\":\"MIIBGjCBwqADAgECAgYBgEtMKvwwCgYIKoZIzj0EAwIwFTETMBEGA1UEAwwKVFRNNDkwNSBDQTAeFw0yMjA0MjAwODQ1MjRaFw0yMjA1MjEwODQ1MjRaMBUxEzARBgNVBAMMCjJAdGVzdC5jb20wWTATBgcqhkjOPQIBBggqhkjOPQMBBwNCAARuziVeqczih9y2IwSJ3AZuLzxwpY2VwkjEcfE8yVLxCF1qtw21\/iMvxrk2q4BpbgHrUX5EWSAEi7qJDXIS4c\/wMAoGCCqGSM49BAMCA0cAMEQCIG3JN+NQlClPB+thJTrGjfia7cfGbMyyWhJH4K0X7YymAiAUuEhh7Ol8fxrjxPTDnAemav8GQj3kHaLUj1oJ3XJ+Tg==\"}","mt":"BROADCAST_BLOCK","sig":"MEUCIASNI8rnFRqyyvW5YHoL49P+4wMPyMpiLMPYuoOI0kr3AiEAklUoHhcAaB4fsqvQorLxaLtDNhuqdfi9HLyYCXY\/cDs=","nonce":622191925,"seq":0,"tot":0}]
04-26 04:13:58.137  4035  4105 D RegistrationHandler: Received full ledger from 1@test.com with nonce 523942287
04-26 04:13:58.137  4035  4105 D RegistrationHandler: FULL_LEDGER 523942287
round 103 of 300
04-26 04:14:06.599  4173  4228 D MulticastServer: MULTICAST_SERVER_LISTENING
04-26 04:14:06.601  4173  4230 D MulticastServer: Registration process started with nonce 1143049387
04-26 04:14:06.603  4173  4229 D MulticastClient: REQUEST_LEDGER 1143049387
04-26 04:14:06.605  4173  4229 D MulticastClient: Sent messages with 4 resends: [{"sender":"","payload":"","mt":"REQUEST_LEDGER","sig":"","nonce":1143049387,"seq":0,"tot":0}]
04-26 04:14:08.103  4173  4236 D MulticastServer: Registration process started with nonce 443542354
04-26 04:14:08.107  4173  4236 D MulticastServer: Received request for ledger with nonce: 443542354.
04-26 04:14:08.137  4173  4236 D MulticastServer: Broadcast block received {"ip":"192.168.1.66","cert":"MIIBGzCBwqADAgECAgYBgEtLsMUwCgYIKoZIzj0EAwIwFTETMBEGA1UEAwwKVFRNNDkwNSBDQTAeFw0yMjA0MjAwODQ0NTNaFw0yMjA1MjEwODQ0NTNaMBUxEzARBgNVBAMMCjFAdGVzdC5jb20wWTATBgcqhkjOPQIBBggqhkjOPQMBBwNCAAQHFNOCHx/BBFYqT41UW1M6slehFXn+9LK4VDhtASjKBd51QxSRtYZAl+/IpTuOnQdMVvlGCMMWkSeEGOgyfwh1MAoGCCqGSM49BAMCA0gAMEUCIQD1OXIEAO1fI6+XpR936a5Ef365WnXPvrbzl8oxr0/Z8QIgV5LWkYufM8V0VqpcYcHXyI2fCScD24nJMtVWnrVtOU8="}
04-26 04:14:08.292  4173  4236 D MulticastServer: Broadcast block received {"ip":"192.168.1.66","cert":"MIIBGzCBwqADAgECAgYBgEtLsMUwCgYIKoZIzj0EAwIwFTETMBEGA1UEAwwKVFRNNDkwNSBDQTAeFw0yMjA0MjAwODQ0NTNaFw0yMjA1MjEwODQ0NTNaMBUxEzARBgNVBAMMCjFAdGVzdC5jb20wWTATBgcqhkjOPQIBBggqhkjOPQMBBwNCAAQHFNOCHx/BBFYqT41UW1M6slehFXn+9LK4VDhtASjKBd51QxSRtYZAl+/IpTuOnQdMVvlGCMMWkSeEGOgyfwh1MAoGCCqGSM49BAMCA0gAMEUCIQD1OXIEAO1fI6+XpR936a5Ef365WnXPvrbzl8oxr0/Z8QIgV5LWkYufM8V0VqpcYcHXyI2fCScD24nJMtVWnrVtOU8="}
04-26 04:14:08.297  4173  4236 D MulticastServer: Broadcast block received {"ip":"192.168.1.66","cert":"MIIBGzCBwqADAgECAgYBgEtLsMUwCgYIKoZIzj0EAwIwFTETMBEGA1UEAwwKVFRNNDkwNSBDQTAeFw0yMjA0MjAwODQ0NTNaFw0yMjA1MjEwODQ0NTNaMBUxEzARBgNVBAMMCjFAdGVzdC5jb20wWTATBgcqhkjOPQIBBggqhkjOPQMBBwNCAAQHFNOCHx/BBFYqT41UW1M6slehFXn+9LK4VDhtASjKBd51QxSRtYZAl+/IpTuOnQdMVvlGCMMWkSeEGOgyfwh1MAoGCCqGSM49BAMCA0gAMEUCIQD1OXIEAO1fI6+XpR936a5Ef365WnXPvrbzl8oxr0/Z8QIgV5LWkYufM8V0VqpcYcHXyI2fCScD24nJMtVWnrVtOU8="}
04-26 04:14:12.109  4173  4262 D RegistrationHandler: I am the first in the network
04-26 04:14:12.109  4173  4262 D RegistrationHandler: 443542354 Registration started
04-26 04:14:12.123  4173  4262 D MulticastServer: Registration process finished: 443542354
04-26 04:14:12.134  4173  4229 D MulticastClient: Sent messages with 4 resends: [{"sender":"2@test.com","payload":"{\"ip\":\"192.168.1.57\",\"cert\":\"MIIBGjCBwqADAgECAgYBgEtMKvwwCgYIKoZIzj0EAwIwFTETMBEGA1UEAwwKVFRNNDkwNSBDQTAeFw0yMjA0MjAwODQ1MjRaFw0yMjA1MjEwODQ1MjRaMBUxEzARBgNVBAMMCjJAdGVzdC5jb20wWTATBgcqhkjOPQIBBggqhkjOPQMBBwNCAARuziVeqczih9y2IwSJ3AZuLzxwpY2VwkjEcfE8yVLxCF1qtw21\/iMvxrk2q4BpbgHrUX5EWSAEi7qJDXIS4c\/wMAoGCCqGSM49BAMCA0cAMEQCIG3JN+NQlClPB+thJTrGjfia7cfGbMyyWhJH4K0X7YymAiAUuEhh7Ol8fxrjxPTDnAemav8GQj3kHaLUj1oJ3XJ+Tg==\"}","mt":"BROADCAST_BLOCK","sig":"MEYCIQCyugIUnKcknqvA0oYXy6+bNaJOcmRYttzqfbR0QTLplgIhAIQVCA9ninb8XoD4Bf8ET8oCB3tLDcnHrwK1itgMiWfF","nonce":443542354,"seq":0,"tot":0}]
04-26 04:14:12.888  4173  4236 D RegistrationHandler: Received full ledger from 1@test.com with nonce 1143049387
04-26 04:14:12.888  4173  4236 D RegistrationHandler: FULL_LEDGER 1143049387
round 104 of 300
04-26 04:14:21.067  4311  4362 D MulticastServer: MULTICAST_SERVER_LISTENING
04-26 04:14:21.072  4311  4364 D MulticastServer: Registration process started with nonce 1443079641
04-26 04:14:21.076  4311  4373 D MulticastClient: REQUEST_LEDGER 1443079641
04-26 04:14:21.078  4311  4373 D MulticastClient: Sent messages with 4 resends: [{"sender":"","payload":"","mt":"REQUEST_LEDGER","sig":"","nonce":1443079641,"seq":0,"tot":0}]
04-26 04:14:22.645  4311  4376 D MulticastServer: Registration process started with nonce 2020163618
04-26 04:14:22.648  4311  4376 D MulticastServer: Received request for ledger with nonce: 2020163618.
04-26 04:14:22.661  4311  4376 D MulticastServer: Broadcast block received {"ip":"192.168.1.66","cert":"MIIBGzCBwqADAgECAgYBgEtLsMUwCgYIKoZIzj0EAwIwFTETMBEGA1UEAwwKVFRNNDkwNSBDQTAeFw0yMjA0MjAwODQ0NTNaFw0yMjA1MjEwODQ0NTNaMBUxEzARBgNVBAMMCjFAdGVzdC5jb20wWTATBgcqhkjOPQIBBggqhkjOPQMBBwNCAAQHFNOCHx/BBFYqT41UW1M6slehFXn+9LK4VDhtASjKBd51QxSRtYZAl+/IpTuOnQdMVvlGCMMWkSeEGOgyfwh1MAoGCCqGSM49BAMCA0gAMEUCIQD1OXIEAO1fI6+XpR936a5Ef365WnXPvrbzl8oxr0/Z8QIgV5LWkYufM8V0VqpcYcHXyI2fCScD24nJMtVWnrVtOU8="}
04-26 04:14:22.836  4311  4376 D MulticastServer: Broadcast block received {"ip":"192.168.1.66","cert":"MIIBGzCBwqADAgECAgYBgEtLsMUwCgYIKoZIzj0EAwIwFTETMBEGA1UEAwwKVFRNNDkwNSBDQTAeFw0yMjA0MjAwODQ0NTNaFw0yMjA1MjEwODQ0NTNaMBUxEzARBgNVBAMMCjFAdGVzdC5jb20wWTATBgcqhkjOPQIBBggqhkjOPQMBBwNCAAQHFNOCHx/BBFYqT41UW1M6slehFXn+9LK4VDhtASjKBd51QxSRtYZAl+/IpTuOnQdMVvlGCMMWkSeEGOgyfwh1MAoGCCqGSM49BAMCA0gAMEUCIQD1OXIEAO1fI6+XpR936a5Ef365WnXPvrbzl8oxr0/Z8QIgV5LWkYufM8V0VqpcYcHXyI2fCScD24nJMtVWnrVtOU8="}
04-26 04:14:22.841  4311  4376 D MulticastServer: Broadcast block received {"ip":"192.168.1.66","cert":"MIIBGzCBwqADAgECAgYBgEtLsMUwCgYIKoZIzj0EAwIwFTETMBEGA1UEAwwKVFRNNDkwNSBDQTAeFw0yMjA0MjAwODQ0NTNaFw0yMjA1MjEwODQ0NTNaMBUxEzARBgNVBAMMCjFAdGVzdC5jb20wWTATBgcqhkjOPQIBBggqhkjOPQMBBwNCAAQHFNOCHx/BBFYqT41UW1M6slehFXn+9LK4VDhtASjKBd51QxSRtYZAl+/IpTuOnQdMVvlGCMMWkSeEGOgyfwh1MAoGCCqGSM49BAMCA0gAMEUCIQD1OXIEAO1fI6+XpR936a5Ef365WnXPvrbzl8oxr0/Z8QIgV5LWkYufM8V0VqpcYcHXyI2fCScD24nJMtVWnrVtOU8="}
04-26 04:14:26.650  4311  4401 D RegistrationHandler: I am the first in the network
04-26 04:14:26.650  4311  4401 D RegistrationHandler: 2020163618 Registration started
04-26 04:14:26.667  4311  4401 D MulticastServer: Registration process finished: 2020163618
04-26 04:14:26.700  4311  4373 D MulticastClient: Sent messages with 4 resends: [{"sender":"2@test.com","payload":"{\"ip\":\"192.168.1.57\",\"cert\":\"MIIBGjCBwqADAgECAgYBgEtMKvwwCgYIKoZIzj0EAwIwFTETMBEGA1UEAwwKVFRNNDkwNSBDQTAeFw0yMjA0MjAwODQ1MjRaFw0yMjA1MjEwODQ1MjRaMBUxEzARBgNVBAMMCjJAdGVzdC5jb20wWTATBgcqhkjOPQIBBggqhkjOPQMBBwNCAARuziVeqczih9y2IwSJ3AZuLzxwpY2VwkjEcfE8yVLxCF1qtw21\/iMvxrk2q4BpbgHrUX5EWSAEi7qJDXIS4c\/wMAoGCCqGSM49BAMCA0cAMEQCIG3JN+NQlClPB+thJTrGjfia7cfGbMyyWhJH4K0X7YymAiAUuEhh7Ol8fxrjxPTDnAemav8GQj3kHaLUj1oJ3XJ+Tg==\"}","mt":"BROADCAST_BLOCK","sig":"MEUCIQDQ3bRjIOJimglyYltNTMApsr7Ld+coDPry68fQ9q95aQIgDBvEj7+ekOUiOqnQ\/laWJkA3dcDpPo1KPZnmZ6VzGfQ=","nonce":2020163618,"seq":0,"tot":0}]
04-26 04:14:27.508  4311  4376 D RegistrationHandler: Received full ledger from 1@test.com with nonce 1443079641
04-26 04:14:27.508  4311  4376 D RegistrationHandler: FULL_LEDGER 1443079641
round 105 of 300
04-26 04:14:35.533  4446  4515 D MulticastServer: MULTICAST_SERVER_LISTENING
04-26 04:14:35.536  4446  4517 D MulticastServer: Registration process started with nonce 798166073
04-26 04:14:35.539  4446  4516 D MulticastClient: REQUEST_LEDGER 798166073
04-26 04:14:35.540  4446  4516 D MulticastClient: Sent messages with 4 resends: [{"sender":"","payload":"","mt":"REQUEST_LEDGER","sig":"","nonce":798166073,"seq":0,"tot":0}]
04-26 04:14:37.600  4446  4524 D MulticastServer: Registration process started with nonce 261205985
04-26 04:14:37.603  4446  4524 D MulticastServer: Received request for ledger with nonce: 261205985.
04-26 04:14:37.616  4446  4524 D MulticastServer: Broadcast block received {"ip":"192.168.1.66","cert":"MIIBGzCBwqADAgECAgYBgEtLsMUwCgYIKoZIzj0EAwIwFTETMBEGA1UEAwwKVFRNNDkwNSBDQTAeFw0yMjA0MjAwODQ0NTNaFw0yMjA1MjEwODQ0NTNaMBUxEzARBgNVBAMMCjFAdGVzdC5jb20wWTATBgcqhkjOPQIBBggqhkjOPQMBBwNCAAQHFNOCHx/BBFYqT41UW1M6slehFXn+9LK4VDhtASjKBd51QxSRtYZAl+/IpTuOnQdMVvlGCMMWkSeEGOgyfwh1MAoGCCqGSM49BAMCA0gAMEUCIQD1OXIEAO1fI6+XpR936a5Ef365WnXPvrbzl8oxr0/Z8QIgV5LWkYufM8V0VqpcYcHXyI2fCScD24nJMtVWnrVtOU8="}
04-26 04:14:37.784  4446  4524 D MulticastServer: Broadcast block received {"ip":"192.168.1.66","cert":"MIIBGzCBwqADAgECAgYBgEtLsMUwCgYIKoZIzj0EAwIwFTETMBEGA1UEAwwKVFRNNDkwNSBDQTAeFw0yMjA0MjAwODQ0NTNaFw0yMjA1MjEwODQ0NTNaMBUxEzARBgNVBAMMCjFAdGVzdC5jb20wWTATBgcqhkjOPQIBBggqhkjOPQMBBwNCAAQHFNOCHx/BBFYqT41UW1M6slehFXn+9LK4VDhtASjKBd51QxSRtYZAl+/IpTuOnQdMVvlGCMMWkSeEGOgyfwh1MAoGCCqGSM49BAMCA0gAMEUCIQD1OXIEAO1fI6+XpR936a5Ef365WnXPvrbzl8oxr0/Z8QIgV5LWkYufM8V0VqpcYcHXyI2fCScD24nJMtVWnrVtOU8="}
04-26 04:14:37.983  4446  4524 D MulticastServer: Broadcast block received {"ip":"192.168.1.66","cert":"MIIBGzCBwqADAgECAgYBgEtLsMUwCgYIKoZIzj0EAwIwFTETMBEGA1UEAwwKVFRNNDkwNSBDQTAeFw0yMjA0MjAwODQ0NTNaFw0yMjA1MjEwODQ0NTNaMBUxEzARBgNVBAMMCjFAdGVzdC5jb20wWTATBgcqhkjOPQIBBggqhkjOPQMBBwNCAAQHFNOCHx/BBFYqT41UW1M6slehFXn+9LK4VDhtASjKBd51QxSRtYZAl+/IpTuOnQdMVvlGCMMWkSeEGOgyfwh1MAoGCCqGSM49BAMCA0gAMEUCIQD1OXIEAO1fI6+XpR936a5Ef365WnXPvrbzl8oxr0/Z8QIgV5LWkYufM8V0VqpcYcHXyI2fCScD24nJMtVWnrVtOU8="}
04-26 04:14:38.003  4446  4524 D MulticastServer: Broadcast block received {"ip":"192.168.1.66","cert":"MIIBGzCBwqADAgECAgYBgEtLsMUwCgYIKoZIzj0EAwIwFTETMBEGA1UEAwwKVFRNNDkwNSBDQTAeFw0yMjA0MjAwODQ0NTNaFw0yMjA1MjEwODQ0NTNaMBUxEzARBgNVBAMMCjFAdGVzdC5jb20wWTATBgcqhkjOPQIBBggqhkjOPQMBBwNCAAQHFNOCHx/BBFYqT41UW1M6slehFXn+9LK4VDhtASjKBd51QxSRtYZAl+/IpTuOnQdMVvlGCMMWkSeEGOgyfwh1MAoGCCqGSM49BAMCA0gAMEUCIQD1OXIEAO1fI6+XpR936a5Ef365WnXPvrbzl8oxr0/Z8QIgV5LWkYufM8V0VqpcYcHXyI2fCScD24nJMtVWnrVtOU8="}
04-26 04:14:41.606  4446  4554 D RegistrationHandler: I am the first in the network
04-26 04:14:41.606  4446  4554 D RegistrationHandler: 261205985 Registration started
04-26 04:14:41.623  4446  4554 D MulticastServer: Registration process finished: 261205985
04-26 04:14:41.649  4446  4516 D MulticastClient: Sent messages with 4 resends: [{"sender":"2@test.com","payload":"{\"ip\":\"192.168.1.57\",\"cert\":\"MIIBGjCBwqADAgECAgYBgEtMKvwwCgYIKoZIzj0EAwIwFTETMBEGA1UEAwwKVFRNNDkwNSBDQTAeFw0yMjA0MjAwODQ1MjRaFw0yMjA1MjEwODQ1MjRaMBUxEzARBgNVBAMMCjJAdGVzdC5jb20wWTATBgcqhkjOPQIBBggqhkjOPQMBBwNCAARuziVeqczih9y2IwSJ3AZuLzxwpY2VwkjEcfE8yVLxCF1qtw21\/iMvxrk2q4BpbgHrUX5EWSAEi7qJDXIS4c\/wMAoGCCqGSM49BAMCA0cAMEQCIG3JN+NQlClPB+thJTrGjfia7cfGbMyyWhJH4K0X7YymAiAUuEhh7Ol8fxrjxPTDnAemav8GQj3kHaLUj1oJ3XJ+Tg==\"}","mt":"BROADCAST_BLOCK","sig":"MEUCIQDVn86oc3tRrrt1eTKaISTHs0fohGf6Ym\/\/+0kOFL2xLQIgDl\/imDZzmDw6U5shiLLSVqoMWG+yfMIQy4j\/VJ1kXOw=","nonce":261205985,"seq":0,"tot":0}]
04-26 04:14:42.151  4446  4524 D RegistrationHandler: Received full ledger from 1@test.com with nonce 798166073
04-26 04:14:42.151  4446  4524 D RegistrationHandler: FULL_LEDGER 798166073
round 106 of 300
04-26 04:14:49.980  4601  4668 D MulticastServer: MULTICAST_SERVER_LISTENING
04-26 04:14:49.982  4601  4673 D MulticastServer: Registration process started with nonce 1940023606
04-26 04:14:49.985  4601  4678 D MulticastClient: REQUEST_LEDGER 1940023606
04-26 04:14:49.986  4601  4678 D MulticastClient: Sent messages with 4 resends: [{"sender":"","payload":"","mt":"REQUEST_LEDGER","sig":"","nonce":1940023606,"seq":0,"tot":0}]
04-26 04:14:52.113  4601  4680 D MulticastServer: Registration process started with nonce 469828941
04-26 04:14:52.118  4601  4680 D MulticastServer: Received request for ledger with nonce: 469828941.
04-26 04:14:52.147  4601  4680 D MulticastServer: Broadcast block received {"ip":"192.168.1.66","cert":"MIIBGzCBwqADAgECAgYBgEtLsMUwCgYIKoZIzj0EAwIwFTETMBEGA1UEAwwKVFRNNDkwNSBDQTAeFw0yMjA0MjAwODQ0NTNaFw0yMjA1MjEwODQ0NTNaMBUxEzARBgNVBAMMCjFAdGVzdC5jb20wWTATBgcqhkjOPQIBBggqhkjOPQMBBwNCAAQHFNOCHx/BBFYqT41UW1M6slehFXn+9LK4VDhtASjKBd51QxSRtYZAl+/IpTuOnQdMVvlGCMMWkSeEGOgyfwh1MAoGCCqGSM49BAMCA0gAMEUCIQD1OXIEAO1fI6+XpR936a5Ef365WnXPvrbzl8oxr0/Z8QIgV5LWkYufM8V0VqpcYcHXyI2fCScD24nJMtVWnrVtOU8="}
04-26 04:14:52.152  4601  4680 D MulticastServer: Broadcast block received {"ip":"192.168.1.66","cert":"MIIBGzCBwqADAgECAgYBgEtLsMUwCgYIKoZIzj0EAwIwFTETMBEGA1UEAwwKVFRNNDkwNSBDQTAeFw0yMjA0MjAwODQ0NTNaFw0yMjA1MjEwODQ0NTNaMBUxEzARBgNVBAMMCjFAdGVzdC5jb20wWTATBgcqhkjOPQIBBggqhkjOPQMBBwNCAAQHFNOCHx/BBFYqT41UW1M6slehFXn+9LK4VDhtASjKBd51QxSRtYZAl+/IpTuOnQdMVvlGCMMWkSeEGOgyfwh1MAoGCCqGSM49BAMCA0gAMEUCIQD1OXIEAO1fI6+XpR936a5Ef365WnXPvrbzl8oxr0/Z8QIgV5LWkYufM8V0VqpcYcHXyI2fCScD24nJMtVWnrVtOU8="}
04-26 04:14:52.326  4601  4680 D MulticastServer: Broadcast block received {"ip":"192.168.1.66","cert":"MIIBGzCBwqADAgECAgYBgEtLsMUwCgYIKoZIzj0EAwIwFTETMBEGA1UEAwwKVFRNNDkwNSBDQTAeFw0yMjA0MjAwODQ0NTNaFw0yMjA1MjEwODQ0NTNaMBUxEzARBgNVBAMMCjFAdGVzdC5jb20wWTATBgcqhkjOPQIBBggqhkjOPQMBBwNCAAQHFNOCHx/BBFYqT41UW1M6slehFXn+9LK4VDhtASjKBd51QxSRtYZAl+/IpTuOnQdMVvlGCMMWkSeEGOgyfwh1MAoGCCqGSM49BAMCA0gAMEUCIQD1OXIEAO1fI6+XpR936a5Ef365WnXPvrbzl8oxr0/Z8QIgV5LWkYufM8V0VqpcYcHXyI2fCScD24nJMtVWnrVtOU8="}
04-26 04:14:52.332  4601  4680 D MulticastServer: Broadcast block received {"ip":"192.168.1.66","cert":"MIIBGzCBwqADAgECAgYBgEtLsMUwCgYIKoZIzj0EAwIwFTETMBEGA1UEAwwKVFRNNDkwNSBDQTAeFw0yMjA0MjAwODQ0NTNaFw0yMjA1MjEwODQ0NTNaMBUxEzARBgNVBAMMCjFAdGVzdC5jb20wWTATBgcqhkjOPQIBBggqhkjOPQMBBwNCAAQHFNOCHx/BBFYqT41UW1M6slehFXn+9LK4VDhtASjKBd51QxSRtYZAl+/IpTuOnQdMVvlGCMMWkSeEGOgyfwh1MAoGCCqGSM49BAMCA0gAMEUCIQD1OXIEAO1fI6+XpR936a5Ef365WnXPvrbzl8oxr0/Z8QIgV5LWkYufM8V0VqpcYcHXyI2fCScD24nJMtVWnrVtOU8="}
04-26 04:14:56.120  4601  4709 D RegistrationHandler: I am the first in the network
04-26 04:14:56.120  4601  4709 D RegistrationHandler: 469828941 Registration started
04-26 04:14:56.133  4601  4709 D MulticastServer: Registration process finished: 469828941
04-26 04:14:56.148  4601  4678 D MulticastClient: Sent messages with 4 resends: [{"sender":"2@test.com","payload":"{\"ip\":\"192.168.1.57\",\"cert\":\"MIIBGjCBwqADAgECAgYBgEtMKvwwCgYIKoZIzj0EAwIwFTETMBEGA1UEAwwKVFRNNDkwNSBDQTAeFw0yMjA0MjAwODQ1MjRaFw0yMjA1MjEwODQ1MjRaMBUxEzARBgNVBAMMCjJAdGVzdC5jb20wWTATBgcqhkjOPQIBBggqhkjOPQMBBwNCAARuziVeqczih9y2IwSJ3AZuLzxwpY2VwkjEcfE8yVLxCF1qtw21\/iMvxrk2q4BpbgHrUX5EWSAEi7qJDXIS4c\/wMAoGCCqGSM49BAMCA0cAMEQCIG3JN+NQlClPB+thJTrGjfia7cfGbMyyWhJH4K0X7YymAiAUuEhh7Ol8fxrjxPTDnAemav8GQj3kHaLUj1oJ3XJ+Tg==\"}","mt":"BROADCAST_BLOCK","sig":"MEQCIBl0H9sPDW2xbQh6aE1LKWNFgq3mK5KK66Ltgh\/Ehyc2AiAT8ZICi+d0fSJiTV\/nAs7Ao945Xq+8PxoI6nfU+WNPTQ==","nonce":469828941,"seq":0,"tot":0}]
round 107 of 300
04-26 04:15:04.445  4755  4828 D MulticastServer: MULTICAST_SERVER_LISTENING
04-26 04:15:04.448  4755  4839 D MulticastServer: Registration process started with nonce 384392611
04-26 04:15:04.453  4755  4844 D MulticastClient: REQUEST_LEDGER 384392611
04-26 04:15:04.460  4755  4844 D MulticastClient: Sent messages with 4 resends: [{"sender":"","payload":"","mt":"REQUEST_LEDGER","sig":"","nonce":384392611,"seq":0,"tot":0}]
04-26 04:15:06.882  4755  4846 D MulticastServer: Registration process started with nonce 1850095772
04-26 04:15:06.885  4755  4846 D MulticastServer: Received request for ledger with nonce: 1850095772.
04-26 04:15:06.900  4755  4846 D MulticastServer: Broadcast block received {"ip":"192.168.1.66","cert":"MIIBGzCBwqADAgECAgYBgEtLsMUwCgYIKoZIzj0EAwIwFTETMBEGA1UEAwwKVFRNNDkwNSBDQTAeFw0yMjA0MjAwODQ0NTNaFw0yMjA1MjEwODQ0NTNaMBUxEzARBgNVBAMMCjFAdGVzdC5jb20wWTATBgcqhkjOPQIBBggqhkjOPQMBBwNCAAQHFNOCHx/BBFYqT41UW1M6slehFXn+9LK4VDhtASjKBd51QxSRtYZAl+/IpTuOnQdMVvlGCMMWkSeEGOgyfwh1MAoGCCqGSM49BAMCA0gAMEUCIQD1OXIEAO1fI6+XpR936a5Ef365WnXPvrbzl8oxr0/Z8QIgV5LWkYufM8V0VqpcYcHXyI2fCScD24nJMtVWnrVtOU8="}
04-26 04:15:07.073  4755  4846 D MulticastServer: Broadcast block received {"ip":"192.168.1.66","cert":"MIIBGzCBwqADAgECAgYBgEtLsMUwCgYIKoZIzj0EAwIwFTETMBEGA1UEAwwKVFRNNDkwNSBDQTAeFw0yMjA0MjAwODQ0NTNaFw0yMjA1MjEwODQ0NTNaMBUxEzARBgNVBAMMCjFAdGVzdC5jb20wWTATBgcqhkjOPQIBBggqhkjOPQMBBwNCAAQHFNOCHx/BBFYqT41UW1M6slehFXn+9LK4VDhtASjKBd51QxSRtYZAl+/IpTuOnQdMVvlGCMMWkSeEGOgyfwh1MAoGCCqGSM49BAMCA0gAMEUCIQD1OXIEAO1fI6+XpR936a5Ef365WnXPvrbzl8oxr0/Z8QIgV5LWkYufM8V0VqpcYcHXyI2fCScD24nJMtVWnrVtOU8="}
04-26 04:15:07.080  4755  4846 D MulticastServer: Broadcast block received {"ip":"192.168.1.66","cert":"MIIBGzCBwqADAgECAgYBgEtLsMUwCgYIKoZIzj0EAwIwFTETMBEGA1UEAwwKVFRNNDkwNSBDQTAeFw0yMjA0MjAwODQ0NTNaFw0yMjA1MjEwODQ0NTNaMBUxEzARBgNVBAMMCjFAdGVzdC5jb20wWTATBgcqhkjOPQIBBggqhkjOPQMBBwNCAAQHFNOCHx/BBFYqT41UW1M6slehFXn+9LK4VDhtASjKBd51QxSRtYZAl+/IpTuOnQdMVvlGCMMWkSeEGOgyfwh1MAoGCCqGSM49BAMCA0gAMEUCIQD1OXIEAO1fI6+XpR936a5Ef365WnXPvrbzl8oxr0/Z8QIgV5LWkYufM8V0VqpcYcHXyI2fCScD24nJMtVWnrVtOU8="}
04-26 04:15:07.087  4755  4846 D MulticastServer: Broadcast block received {"ip":"192.168.1.66","cert":"MIIBGzCBwqADAgECAgYBgEtLsMUwCgYIKoZIzj0EAwIwFTETMBEGA1UEAwwKVFRNNDkwNSBDQTAeFw0yMjA0MjAwODQ0NTNaFw0yMjA1MjEwODQ0NTNaMBUxEzARBgNVBAMMCjFAdGVzdC5jb20wWTATBgcqhkjOPQIBBggqhkjOPQMBBwNCAAQHFNOCHx/BBFYqT41UW1M6slehFXn+9LK4VDhtASjKBd51QxSRtYZAl+/IpTuOnQdMVvlGCMMWkSeEGOgyfwh1MAoGCCqGSM49BAMCA0gAMEUCIQD1OXIEAO1fI6+XpR936a5Ef365WnXPvrbzl8oxr0/Z8QIgV5LWkYufM8V0VqpcYcHXyI2fCScD24nJMtVWnrVtOU8="}
04-26 04:15:07.091  4755  4846 D MulticastServer: Broadcast block received {"ip":"192.168.1.66","cert":"MIIBGzCBwqADAgECAgYBgEtLsMUwCgYIKoZIzj0EAwIwFTETMBEGA1UEAwwKVFRNNDkwNSBDQTAeFw0yMjA0MjAwODQ0NTNaFw0yMjA1MjEwODQ0NTNaMBUxEzARBgNVBAMMCjFAdGVzdC5jb20wWTATBgcqhkjOPQIBBggqhkjOPQMBBwNCAAQHFNOCHx/BBFYqT41UW1M6slehFXn+9LK4VDhtASjKBd51QxSRtYZAl+/IpTuOnQdMVvlGCMMWkSeEGOgyfwh1MAoGCCqGSM49BAMCA0gAMEUCIQD1OXIEAO1fI6+XpR936a5Ef365WnXPvrbzl8oxr0/Z8QIgV5LWkYufM8V0VqpcYcHXyI2fCScD24nJMtVWnrVtOU8="}
04-26 04:15:10.886  4755  4890 D RegistrationHandler: I am the first in the network
04-26 04:15:10.887  4755  4890 D RegistrationHandler: 1850095772 Registration started
04-26 04:15:10.903  4755  4890 D MulticastServer: Registration process finished: 1850095772
04-26 04:15:10.917  4755  4844 D MulticastClient: Sent messages with 4 resends: [{"sender":"2@test.com","payload":"{\"ip\":\"192.168.1.57\",\"cert\":\"MIIBGjCBwqADAgECAgYBgEtMKvwwCgYIKoZIzj0EAwIwFTETMBEGA1UEAwwKVFRNNDkwNSBDQTAeFw0yMjA0MjAwODQ1MjRaFw0yMjA1MjEwODQ1MjRaMBUxEzARBgNVBAMMCjJAdGVzdC5jb20wWTATBgcqhkjOPQIBBggqhkjOPQMBBwNCAARuziVeqczih9y2IwSJ3AZuLzxwpY2VwkjEcfE8yVLxCF1qtw21\/iMvxrk2q4BpbgHrUX5EWSAEi7qJDXIS4c\/wMAoGCCqGSM49BAMCA0cAMEQCIG3JN+NQlClPB+thJTrGjfia7cfGbMyyWhJH4K0X7YymAiAUuEhh7Ol8fxrjxPTDnAemav8GQj3kHaLUj1oJ3XJ+Tg==\"}","mt":"BROADCAST_BLOCK","sig":"MEYCIQCpbRXrXUDPBjvyIhaHL+nQfSwzxXx68Eb3L6lDHtZ3BAIhAK72iJJpv6b086CqjPT4trcMNAR00kBo3VrkTHbf8IqQ","nonce":1850095772,"seq":0,"tot":0}]
04-26 04:15:11.892  4755  4846 D RegistrationHandler: Received full ledger from 1@test.com with nonce 384392611
04-26 04:15:11.892  4755  4846 D RegistrationHandler: FULL_LEDGER 384392611
round 108 of 300
04-26 04:15:18.925  4934  4995 D MulticastServer: MULTICAST_SERVER_LISTENING
04-26 04:15:18.927  4934  4998 D MulticastServer: Registration process started with nonce 1951012463
04-26 04:15:18.929  4934  4997 D MulticastClient: REQUEST_LEDGER 1951012463
04-26 04:15:18.931  4934  4997 D MulticastClient: Sent messages with 4 resends: [{"sender":"","payload":"","mt":"REQUEST_LEDGER","sig":"","nonce":1951012463,"seq":0,"tot":0}]
04-26 04:15:21.212  4934  5005 D MulticastServer: Registration process started with nonce 550427373
04-26 04:15:21.215  4934  5005 D MulticastServer: Received request for ledger with nonce: 550427373.
04-26 04:15:21.403  4934  5005 D MulticastServer: Broadcast block received {"ip":"192.168.1.66","cert":"MIIBGzCBwqADAgECAgYBgEtLsMUwCgYIKoZIzj0EAwIwFTETMBEGA1UEAwwKVFRNNDkwNSBDQTAeFw0yMjA0MjAwODQ0NTNaFw0yMjA1MjEwODQ0NTNaMBUxEzARBgNVBAMMCjFAdGVzdC5jb20wWTATBgcqhkjOPQIBBggqhkjOPQMBBwNCAAQHFNOCHx/BBFYqT41UW1M6slehFXn+9LK4VDhtASjKBd51QxSRtYZAl+/IpTuOnQdMVvlGCMMWkSeEGOgyfwh1MAoGCCqGSM49BAMCA0gAMEUCIQD1OXIEAO1fI6+XpR936a5Ef365WnXPvrbzl8oxr0/Z8QIgV5LWkYufM8V0VqpcYcHXyI2fCScD24nJMtVWnrVtOU8="}
04-26 04:15:21.409  4934  5005 D MulticastServer: Broadcast block received {"ip":"192.168.1.66","cert":"MIIBGzCBwqADAgECAgYBgEtLsMUwCgYIKoZIzj0EAwIwFTETMBEGA1UEAwwKVFRNNDkwNSBDQTAeFw0yMjA0MjAwODQ0NTNaFw0yMjA1MjEwODQ0NTNaMBUxEzARBgNVBAMMCjFAdGVzdC5jb20wWTATBgcqhkjOPQIBBggqhkjOPQMBBwNCAAQHFNOCHx/BBFYqT41UW1M6slehFXn+9LK4VDhtASjKBd51QxSRtYZAl+/IpTuOnQdMVvlGCMMWkSeEGOgyfwh1MAoGCCqGSM49BAMCA0gAMEUCIQD1OXIEAO1fI6+XpR936a5Ef365WnXPvrbzl8oxr0/Z8QIgV5LWkYufM8V0VqpcYcHXyI2fCScD24nJMtVWnrVtOU8="}
04-26 04:15:21.413  4934  5005 D MulticastServer: Broadcast block received {"ip":"192.168.1.66","cert":"MIIBGzCBwqADAgECAgYBgEtLsMUwCgYIKoZIzj0EAwIwFTETMBEGA1UEAwwKVFRNNDkwNSBDQTAeFw0yMjA0MjAwODQ0NTNaFw0yMjA1MjEwODQ0NTNaMBUxEzARBgNVBAMMCjFAdGVzdC5jb20wWTATBgcqhkjOPQIBBggqhkjOPQMBBwNCAAQHFNOCHx/BBFYqT41UW1M6slehFXn+9LK4VDhtASjKBd51QxSRtYZAl+/IpTuOnQdMVvlGCMMWkSeEGOgyfwh1MAoGCCqGSM49BAMCA0gAMEUCIQD1OXIEAO1fI6+XpR936a5Ef365WnXPvrbzl8oxr0/Z8QIgV5LWkYufM8V0VqpcYcHXyI2fCScD24nJMtVWnrVtOU8="}
04-26 04:15:21.419  4934  5005 D MulticastServer: Broadcast block received {"ip":"192.168.1.66","cert":"MIIBGzCBwqADAgECAgYBgEtLsMUwCgYIKoZIzj0EAwIwFTETMBEGA1UEAwwKVFRNNDkwNSBDQTAeFw0yMjA0MjAwODQ0NTNaFw0yMjA1MjEwODQ0NTNaMBUxEzARBgNVBAMMCjFAdGVzdC5jb20wWTATBgcqhkjOPQIBBggqhkjOPQMBBwNCAAQHFNOCHx/BBFYqT41UW1M6slehFXn+9LK4VDhtASjKBd51QxSRtYZAl+/IpTuOnQdMVvlGCMMWkSeEGOgyfwh1MAoGCCqGSM49BAMCA0gAMEUCIQD1OXIEAO1fI6+XpR936a5Ef365WnXPvrbzl8oxr0/Z8QIgV5LWkYufM8V0VqpcYcHXyI2fCScD24nJMtVWnrVtOU8="}
04-26 04:15:21.425  4934  5005 D MulticastServer: Broadcast block received {"ip":"192.168.1.66","cert":"MIIBGzCBwqADAgECAgYBgEtLsMUwCgYIKoZIzj0EAwIwFTETMBEGA1UEAwwKVFRNNDkwNSBDQTAeFw0yMjA0MjAwODQ0NTNaFw0yMjA1MjEwODQ0NTNaMBUxEzARBgNVBAMMCjFAdGVzdC5jb20wWTATBgcqhkjOPQIBBggqhkjOPQMBBwNCAAQHFNOCHx/BBFYqT41UW1M6slehFXn+9LK4VDhtASjKBd51QxSRtYZAl+/IpTuOnQdMVvlGCMMWkSeEGOgyfwh1MAoGCCqGSM49BAMCA0gAMEUCIQD1OXIEAO1fI6+XpR936a5Ef365WnXPvrbzl8oxr0/Z8QIgV5LWkYufM8V0VqpcYcHXyI2fCScD24nJMtVWnrVtOU8="}
04-26 04:15:25.218  4934  5036 D RegistrationHandler: I am the first in the network
04-26 04:15:25.218  4934  5036 D RegistrationHandler: 550427373 Registration started
04-26 04:15:25.235  4934  5036 D MulticastServer: Registration process finished: 550427373
04-26 04:15:25.265  4934  4997 D MulticastClient: Sent messages with 4 resends: [{"sender":"2@test.com","payload":"{\"ip\":\"192.168.1.57\",\"cert\":\"MIIBGjCBwqADAgECAgYBgEtMKvwwCgYIKoZIzj0EAwIwFTETMBEGA1UEAwwKVFRNNDkwNSBDQTAeFw0yMjA0MjAwODQ1MjRaFw0yMjA1MjEwODQ1MjRaMBUxEzARBgNVBAMMCjJAdGVzdC5jb20wWTATBgcqhkjOPQIBBggqhkjOPQMBBwNCAARuziVeqczih9y2IwSJ3AZuLzxwpY2VwkjEcfE8yVLxCF1qtw21\/iMvxrk2q4BpbgHrUX5EWSAEi7qJDXIS4c\/wMAoGCCqGSM49BAMCA0cAMEQCIG3JN+NQlClPB+thJTrGjfia7cfGbMyyWhJH4K0X7YymAiAUuEhh7Ol8fxrjxPTDnAemav8GQj3kHaLUj1oJ3XJ+Tg==\"}","mt":"BROADCAST_BLOCK","sig":"MEUCIES8Jmu6p3zRBdnf8oyyJPitKZAB+GUOv9UlT6cpxmyBAiEA94nruu5y9LzNoXrmw6yJSovEtkan0eSsR2IMMYDTlG8=","nonce":550427373,"seq":0,"tot":0}]
04-26 04:15:26.383  4934  5005 D RegistrationHandler: Received full ledger from 1@test.com with nonce 1951012463
04-26 04:15:26.383  4934  5005 D RegistrationHandler: FULL_LEDGER 1951012463
round 109 of 300
04-26 04:15:33.362  5078  5131 D MulticastServer: MULTICAST_SERVER_LISTENING
04-26 04:15:33.364  5078  5133 D MulticastServer: Registration process started with nonce 1860924239
04-26 04:15:33.367  5078  5132 D MulticastClient: REQUEST_LEDGER 1860924239
04-26 04:15:33.368  5078  5132 D MulticastClient: Sent messages with 4 resends: [{"sender":"","payload":"","mt":"REQUEST_LEDGER","sig":"","nonce":1860924239,"seq":0,"tot":0}]
04-26 04:15:36.387  5078  5142 D MulticastServer: Registration process started with nonce 742304443
04-26 04:15:36.391  5078  5142 D MulticastServer: Received request for ledger with nonce: 742304443.
04-26 04:15:36.568  5078  5142 D MulticastServer: Broadcast block received {"ip":"192.168.1.66","cert":"MIIBGzCBwqADAgECAgYBgEtLsMUwCgYIKoZIzj0EAwIwFTETMBEGA1UEAwwKVFRNNDkwNSBDQTAeFw0yMjA0MjAwODQ0NTNaFw0yMjA1MjEwODQ0NTNaMBUxEzARBgNVBAMMCjFAdGVzdC5jb20wWTATBgcqhkjOPQIBBggqhkjOPQMBBwNCAAQHFNOCHx/BBFYqT41UW1M6slehFXn+9LK4VDhtASjKBd51QxSRtYZAl+/IpTuOnQdMVvlGCMMWkSeEGOgyfwh1MAoGCCqGSM49BAMCA0gAMEUCIQD1OXIEAO1fI6+XpR936a5Ef365WnXPvrbzl8oxr0/Z8QIgV5LWkYufM8V0VqpcYcHXyI2fCScD24nJMtVWnrVtOU8="}
04-26 04:15:36.575  5078  5142 D MulticastServer: Broadcast block received {"ip":"192.168.1.66","cert":"MIIBGzCBwqADAgECAgYBgEtLsMUwCgYIKoZIzj0EAwIwFTETMBEGA1UEAwwKVFRNNDkwNSBDQTAeFw0yMjA0MjAwODQ0NTNaFw0yMjA1MjEwODQ0NTNaMBUxEzARBgNVBAMMCjFAdGVzdC5jb20wWTATBgcqhkjOPQIBBggqhkjOPQMBBwNCAAQHFNOCHx/BBFYqT41UW1M6slehFXn+9LK4VDhtASjKBd51QxSRtYZAl+/IpTuOnQdMVvlGCMMWkSeEGOgyfwh1MAoGCCqGSM49BAMCA0gAMEUCIQD1OXIEAO1fI6+XpR936a5Ef365WnXPvrbzl8oxr0/Z8QIgV5LWkYufM8V0VqpcYcHXyI2fCScD24nJMtVWnrVtOU8="}
04-26 04:15:36.773  5078  5142 D MulticastServer: Broadcast block received {"ip":"192.168.1.66","cert":"MIIBGzCBwqADAgECAgYBgEtLsMUwCgYIKoZIzj0EAwIwFTETMBEGA1UEAwwKVFRNNDkwNSBDQTAeFw0yMjA0MjAwODQ0NTNaFw0yMjA1MjEwODQ0NTNaMBUxEzARBgNVBAMMCjFAdGVzdC5jb20wWTATBgcqhkjOPQIBBggqhkjOPQMBBwNCAAQHFNOCHx/BBFYqT41UW1M6slehFXn+9LK4VDhtASjKBd51QxSRtYZAl+/IpTuOnQdMVvlGCMMWkSeEGOgyfwh1MAoGCCqGSM49BAMCA0gAMEUCIQD1OXIEAO1fI6+XpR936a5Ef365WnXPvrbzl8oxr0/Z8QIgV5LWkYufM8V0VqpcYcHXyI2fCScD24nJMtVWnrVtOU8="}
04-26 04:15:36.781  5078  5142 D MulticastServer: Broadcast block received {"ip":"192.168.1.66","cert":"MIIBGzCBwqADAgECAgYBgEtLsMUwCgYIKoZIzj0EAwIwFTETMBEGA1UEAwwKVFRNNDkwNSBDQTAeFw0yMjA0MjAwODQ0NTNaFw0yMjA1MjEwODQ0NTNaMBUxEzARBgNVBAMMCjFAdGVzdC5jb20wWTATBgcqhkjOPQIBBggqhkjOPQMBBwNCAAQHFNOCHx/BBFYqT41UW1M6slehFXn+9LK4VDhtASjKBd51QxSRtYZAl+/IpTuOnQdMVvlGCMMWkSeEGOgyfwh1MAoGCCqGSM49BAMCA0gAMEUCIQD1OXIEAO1fI6+XpR936a5Ef365WnXPvrbzl8oxr0/Z8QIgV5LWkYufM8V0VqpcYcHXyI2fCScD24nJMtVWnrVtOU8="}
04-26 04:15:36.786  5078  5142 D MulticastServer: Broadcast block received {"ip":"192.168.1.66","cert":"MIIBGzCBwqADAgECAgYBgEtLsMUwCgYIKoZIzj0EAwIwFTETMBEGA1UEAwwKVFRNNDkwNSBDQTAeFw0yMjA0MjAwODQ0NTNaFw0yMjA1MjEwODQ0NTNaMBUxEzARBgNVBAMMCjFAdGVzdC5jb20wWTATBgcqhkjOPQIBBggqhkjOPQMBBwNCAAQHFNOCHx/BBFYqT41UW1M6slehFXn+9LK4VDhtASjKBd51QxSRtYZAl+/IpTuOnQdMVvlGCMMWkSeEGOgyfwh1MAoGCCqGSM49BAMCA0gAMEUCIQD1OXIEAO1fI6+XpR936a5Ef365WnXPvrbzl8oxr0/Z8QIgV5LWkYufM8V0VqpcYcHXyI2fCScD24nJMtVWnrVtOU8="}
04-26 04:15:40.393  5078  5176 D RegistrationHandler: I am the first in the network
04-26 04:15:40.393  5078  5176 D RegistrationHandler: 742304443 Registration started
04-26 04:15:40.410  5078  5176 D MulticastServer: Registration process finished: 742304443
04-26 04:15:40.420  5078  5132 D MulticastClient: Sent messages with 4 resends: [{"sender":"2@test.com","payload":"{\"ip\":\"192.168.1.57\",\"cert\":\"MIIBGjCBwqADAgECAgYBgEtMKvwwCgYIKoZIzj0EAwIwFTETMBEGA1UEAwwKVFRNNDkwNSBDQTAeFw0yMjA0MjAwODQ1MjRaFw0yMjA1MjEwODQ1MjRaMBUxEzARBgNVBAMMCjJAdGVzdC5jb20wWTATBgcqhkjOPQIBBggqhkjOPQMBBwNCAARuziVeqczih9y2IwSJ3AZuLzxwpY2VwkjEcfE8yVLxCF1qtw21\/iMvxrk2q4BpbgHrUX5EWSAEi7qJDXIS4c\/wMAoGCCqGSM49BAMCA0cAMEQCIG3JN+NQlClPB+thJTrGjfia7cfGbMyyWhJH4K0X7YymAiAUuEhh7Ol8fxrjxPTDnAemav8GQj3kHaLUj1oJ3XJ+Tg==\"}","mt":"BROADCAST_BLOCK","sig":"MEYCIQCqGJx3dET9fh2Z2De7LE2YeayeOh6Zad82CxCux9m2VAIhAIg2ZL0jtsI\/FG+iTS+7H+L\/4wNx4i7r7i\/0LIflpH\/3","nonce":742304443,"seq":0,"tot":0}]
04-26 04:15:40.897  5078  5142 D RegistrationHandler: Received full ledger from 1@test.com with nonce 1860924239
04-26 04:15:40.897  5078  5142 D RegistrationHandler: FULL_LEDGER 1860924239
round 110 of 300
04-26 04:15:47.798  5244  5303 D MulticastServer: MULTICAST_SERVER_LISTENING
04-26 04:15:47.800  5244  5305 D MulticastServer: Registration process started with nonce 721469971
04-26 04:15:47.802  5244  5304 D MulticastClient: REQUEST_LEDGER 721469971
04-26 04:15:47.804  5244  5304 D MulticastClient: Sent messages with 4 resends: [{"sender":"","payload":"","mt":"REQUEST_LEDGER","sig":"","nonce":721469971,"seq":0,"tot":0}]
04-26 04:15:49.253  5244  5312 D MulticastServer: Registration process started with nonce 124754514
04-26 04:15:49.255  5244  5312 D MulticastServer: Received request for ledger with nonce: 124754514.
04-26 04:15:49.268  5244  5312 D MulticastServer: Broadcast block received {"ip":"192.168.1.66","cert":"MIIBGzCBwqADAgECAgYBgEtLsMUwCgYIKoZIzj0EAwIwFTETMBEGA1UEAwwKVFRNNDkwNSBDQTAeFw0yMjA0MjAwODQ0NTNaFw0yMjA1MjEwODQ0NTNaMBUxEzARBgNVBAMMCjFAdGVzdC5jb20wWTATBgcqhkjOPQIBBggqhkjOPQMBBwNCAAQHFNOCHx/BBFYqT41UW1M6slehFXn+9LK4VDhtASjKBd51QxSRtYZAl+/IpTuOnQdMVvlGCMMWkSeEGOgyfwh1MAoGCCqGSM49BAMCA0gAMEUCIQD1OXIEAO1fI6+XpR936a5Ef365WnXPvrbzl8oxr0/Z8QIgV5LWkYufM8V0VqpcYcHXyI2fCScD24nJMtVWnrVtOU8="}
