04-26 03:57:06.056 25998 26083 D MulticastServer: Registration process finished: 1817927296
04-26 03:57:06.084 25998 26050 D MulticastClient: Sent messages with 4 resends: [{"sender":"2@test.com","payload":"{\"ip\":\"192.168.1.57\",\"cert\":\"MIIBGjCBwqADAgECAgYBgEtMKvwwCgYIKoZIzj0EAwIwFTETMBEGA1UEAwwKVFRNNDkwNSBDQTAeFw0yMjA0MjAwODQ1MjRaFw0yMjA1MjEwODQ1MjRaMBUxEzARBgNVBAMMCjJAdGVzdC5jb20wWTATBgcqhkjOPQIBBggqhkjOPQMBBwNCAARuziVeqczih9y2IwSJ3AZuLzxwpY2VwkjEcfE8yVLxCF1qtw21\/iMvxrk2q4BpbgHrUX5EWSAEi7qJDXIS4c\/wMAoGCCqGSM49BAMCA0cAMEQCIG3JN+NQlClPB+thJTrGjfia7cfGbMyyWhJH4K0X7YymAiAUuEhh7Ol8fxrjxPTDnAemav8GQj3kHaLUj1oJ3XJ+Tg==\"}","mt":"BROADCAST_BLOCK","sig":"MEUCIQDoH3\/Qbe6u8YNF60rGDrIpauvH5wrpRIbWzXcXjbAKPgIgEJW6hdfFJo7dicyTBaKF8dFSjJgog9Hasy0I0zIjjeY=","nonce":1817927296,"seq":0,"tot":0}]
round 33 of 300
04-26 03:57:13.251 26120 26174 D MulticastServer: MULTICAST_SERVER_LISTENING
04-26 03:57:13.254 26120 26176 D MulticastServer: Registration process started with nonce 1723634355
04-26 03:57:13.256 26120 26175 D MulticastClient: REQUEST_LEDGER 1723634355
04-26 03:57:13.258 26120 26175 D MulticastClient: Sent messages with 4 resends: [{"sender":"","payload":"","mt":"REQUEST_LEDGER","sig":"","nonce":1723634355,"seq":0,"tot":0}]
04-26 03:57:16.400 26120 26183 D MulticastServer: Registration process started with nonce 1636080286
04-26 03:57:16.402 26120 26183 D MulticastServer: Received request for ledger with nonce: 1636080286.
04-26 03:57:16.575 26120 26183 D MulticastServer: Broadcast block received {"ip":"192.168.1.66","cert":"MIIBGzCBwqADAgECAgYBgEtLsMUwCgYIKoZIzj0EAwIwFTETMBEGA1UEAwwKVFRNNDkwNSBDQTAeFw0yMjA0MjAwODQ0NTNaFw0yMjA1MjEwODQ0NTNaMBUxEzARBgNVBAMMCjFAdGVzdC5jb20wWTATBgcqhkjOPQIBBggqhkjOPQMBBwNCAAQHFNOCHx/BBFYqT41UW1M6slehFXn+9LK4VDhtASjKBd51QxSRtYZAl+/IpTuOnQdMVvlGCMMWkSeEGOgyfwh1MAoGCCqGSM49BAMCA0gAMEUCIQD1OXIEAO1fI6+XpR936a5Ef365WnXPvrbzl8oxr0/Z8QIgV5LWkYufM8V0VqpcYcHXyI2fCScD24nJMtVWnrVtOU8="}
04-26 03:57:16.582 26120 26183 D MulticastServer: Broadcast block received {"ip":"192.168.1.66","cert":"MIIBGzCBwqADAgECAgYBgEtLsMUwCgYIKoZIzj0EAwIwFTETMBEGA1UEAwwKVFRNNDkwNSBDQTAeFw0yMjA0MjAwODQ0NTNaFw0yMjA1MjEwODQ0NTNaMBUxEzARBgNVBAMMCjFAdGVzdC5jb20wWTATBgcqhkjOPQIBBggqhkjOPQMBBwNCAAQHFNOCHx/BBFYqT41UW1M6slehFXn+9LK4VDhtASjKBd51QxSRtYZAl+/IpTuOnQdMVvlGCMMWkSeEGOgyfwh1MAoGCCqGSM49BAMCA0gAMEUCIQD1OXIEAO1fI6+XpR936a5Ef365WnXPvrbzl8oxr0/Z8QIgV5LWkYufM8V0VqpcYcHXyI2fCScD24nJMtVWnrVtOU8="}
04-26 03:57:16.585 26120 26183 D MulticastServer: Broadcast block received {"ip":"192.168.1.66","cert":"MIIBGzCBwqADAgECAgYBgEtLsMUwCgYIKoZIzj0EAwIwFTETMBEGA1UEAwwKVFRNNDkwNSBDQTAeFw0yMjA0MjAwODQ0NTNaFw0yMjA1MjEwODQ0NTNaMBUxEzARBgNVBAMMCjFAdGVzdC5jb20wWTATBgcqhkjOPQIBBggqhkjOPQMBBwNCAAQHFNOCHx/BBFYqT41UW1M6slehFXn+9LK4VDhtASjKBd51QxSRtYZAl+/IpTuOnQdMVvlGCMMWkSeEGOgyfwh1MAoGCCqGSM49BAMCA0gAMEUCIQD1OXIEAO1fI6+XpR936a5Ef365WnXPvrbzl8oxr0/Z8QIgV5LWkYufM8V0VqpcYcHXyI2fCScD24nJMtVWnrVtOU8="}
04-26 03:57:16.587 26120 26183 D MulticastServer: Broadcast block received {"ip":"192.168.1.66","cert":"MIIBGzCBwqADAgECAgYBgEtLsMUwCgYIKoZIzj0EAwIwFTETMBEGA1UEAwwKVFRNNDkwNSBDQTAeFw0yMjA0MjAwODQ0NTNaFw0yMjA1MjEwODQ0NTNaMBUxEzARBgNVBAMMCjFAdGVzdC5jb20wWTATBgcqhkjOPQIBBggqhkjOPQMBBwNCAAQHFNOCHx/BBFYqT41UW1M6slehFXn+9LK4VDhtASjKBd51QxSRtYZAl+/IpTuOnQdMVvlGCMMWkSeEGOgyfwh1MAoGCCqGSM49BAMCA0gAMEUCIQD1OXIEAO1fI6+XpR936a5Ef365WnXPvrbzl8oxr0/Z8QIgV5LWkYufM8V0VqpcYcHXyI2fCScD24nJMtVWnrVtOU8="}
04-26 03:57:16.776 26120 26183 D MulticastServer: Broadcast block received {"ip":"192.168.1.66","cert":"MIIBGzCBwqADAgECAgYBgEtLsMUwCgYIKoZIzj0EAwIwFTETMBEGA1UEAwwKVFRNNDkwNSBDQTAeFw0yMjA0MjAwODQ0NTNaFw0yMjA1MjEwODQ0NTNaMBUxEzARBgNVBAMMCjFAdGVzdC5jb20wWTATBgcqhkjOPQIBBggqhkjOPQMBBwNCAAQHFNOCHx/BBFYqT41UW1M6slehFXn+9LK4VDhtASjKBd51QxSRtYZAl+/IpTuOnQdMVvlGCMMWkSeEGOgyfwh1MAoGCCqGSM49BAMCA0gAMEUCIQD1OXIEAO1fI6+XpR936a5Ef365WnXPvrbzl8oxr0/Z8QIgV5LWkYufM8V0VqpcYcHXyI2fCScD24nJMtVWnrVtOU8="}
04-26 03:57:20.405 26120 26208 D RegistrationHandler: I am the first in the network
04-26 03:57:20.405 26120 26208 D RegistrationHandler: 1636080286 Registration started
04-26 03:57:20.421 26120 26208 D MulticastServer: Registration process finished: 1636080286
04-26 03:57:20.449 26120 26175 D MulticastClient: Sent messages with 4 resends: [{"sender":"2@test.com","payload":"{\"ip\":\"192.168.1.57\",\"cert\":\"MIIBGjCBwqADAgECAgYBgEtMKvwwCgYIKoZIzj0EAwIwFTETMBEGA1UEAwwKVFRNNDkwNSBDQTAeFw0yMjA0MjAwODQ1MjRaFw0yMjA1MjEwODQ1MjRaMBUxEzARBgNVBAMMCjJAdGVzdC5jb20wWTATBgcqhkjOPQIBBggqhkjOPQMBBwNCAARuziVeqczih9y2IwSJ3AZuLzxwpY2VwkjEcfE8yVLxCF1qtw21\/iMvxrk2q4BpbgHrUX5EWSAEi7qJDXIS4c\/wMAoGCCqGSM49BAMCA0cAMEQCIG3JN+NQlClPB+thJTrGjfia7cfGbMyyWhJH4K0X7YymAiAUuEhh7Ol8fxrjxPTDnAemav8GQj3kHaLUj1oJ3XJ+Tg==\"}","mt":"BROADCAST_BLOCK","sig":"MEUCIQCKYHj74h+TJDHAMwLwsH8WvOQKnN3p0FHgeue5jxFuEgIgD1hxCQ71agkovPeJQsGTIA5vqXr0GPEgr9HE67SCdZk=","nonce":1636080286,"seq":0,"tot":0}]
round 34 of 300
04-26 03:57:27.779 26245 26297 D MulticastServer: MULTICAST_SERVER_LISTENING
04-26 03:57:27.781 26245 26299 D MulticastServer: Registration process started with nonce 2104039834
04-26 03:57:27.784 26245 26298 D MulticastClient: REQUEST_LEDGER 2104039834
04-26 03:57:27.785 26245 26298 D MulticastClient: Sent messages with 4 resends: [{"sender":"","payload":"","mt":"REQUEST_LEDGER","sig":"","nonce":2104039834,"seq":0,"tot":0}]
04-26 03:57:28.694 26245 26305 D MulticastServer: Registration process started with nonce 1521681972
04-26 03:57:28.697 26245 26305 D MulticastServer: Received request for ledger with nonce: 1521681972.
04-26 03:57:28.861 26245 26305 D MulticastServer: Broadcast block received {"ip":"192.168.1.66","cert":"MIIBGzCBwqADAgECAgYBgEtLsMUwCgYIKoZIzj0EAwIwFTETMBEGA1UEAwwKVFRNNDkwNSBDQTAeFw0yMjA0MjAwODQ0NTNaFw0yMjA1MjEwODQ0NTNaMBUxEzARBgNVBAMMCjFAdGVzdC5jb20wWTATBgcqhkjOPQIBBggqhkjOPQMBBwNCAAQHFNOCHx/BBFYqT41UW1M6slehFXn+9LK4VDhtASjKBd51QxSRtYZAl+/IpTuOnQdMVvlGCMMWkSeEGOgyfwh1MAoGCCqGSM49BAMCA0gAMEUCIQD1OXIEAO1fI6+XpR936a5Ef365WnXPvrbzl8oxr0/Z8QIgV5LWkYufM8V0VqpcYcHXyI2fCScD24nJMtVWnrVtOU8="}
04-26 03:57:28.866 26245 26305 D MulticastServer: Broadcast block received {"ip":"192.168.1.66","cert":"MIIBGzCBwqADAgECAgYBgEtLsMUwCgYIKoZIzj0EAwIwFTETMBEGA1UEAwwKVFRNNDkwNSBDQTAeFw0yMjA0MjAwODQ0NTNaFw0yMjA1MjEwODQ0NTNaMBUxEzARBgNVBAMMCjFAdGVzdC5jb20wWTATBgcqhkjOPQIBBggqhkjOPQMBBwNCAAQHFNOCHx/BBFYqT41UW1M6slehFXn+9LK4VDhtASjKBd51QxSRtYZAl+/IpTuOnQdMVvlGCMMWkSeEGOgyfwh1MAoGCCqGSM49BAMCA0gAMEUCIQD1OXIEAO1fI6+XpR936a5Ef365WnXPvrbzl8oxr0/Z8QIgV5LWkYufM8V0VqpcYcHXyI2fCScD24nJMtVWnrVtOU8="}
04-26 03:57:28.871 26245 26305 D MulticastServer: Broadcast block received {"ip":"192.168.1.66","cert":"MIIBGzCBwqADAgECAgYBgEtLsMUwCgYIKoZIzj0EAwIwFTETMBEGA1UEAwwKVFRNNDkwNSBDQTAeFw0yMjA0MjAwODQ0NTNaFw0yMjA1MjEwODQ0NTNaMBUxEzARBgNVBAMMCjFAdGVzdC5jb20wWTATBgcqhkjOPQIBBggqhkjOPQMBBwNCAAQHFNOCHx/BBFYqT41UW1M6slehFXn+9LK4VDhtASjKBd51QxSRtYZAl+/IpTuOnQdMVvlGCMMWkSeEGOgyfwh1MAoGCCqGSM49BAMCA0gAMEUCIQD1OXIEAO1fI6+XpR936a5Ef365WnXPvrbzl8oxr0/Z8QIgV5LWkYufM8V0VqpcYcHXyI2fCScD24nJMtVWnrVtOU8="}
04-26 03:57:28.876 26245 26305 D MulticastServer: Broadcast block received {"ip":"192.168.1.66","cert":"MIIBGzCBwqADAgECAgYBgEtLsMUwCgYIKoZIzj0EAwIwFTETMBEGA1UEAwwKVFRNNDkwNSBDQTAeFw0yMjA0MjAwODQ0NTNaFw0yMjA1MjEwODQ0NTNaMBUxEzARBgNVBAMMCjFAdGVzdC5jb20wWTATBgcqhkjOPQIBBggqhkjOPQMBBwNCAAQHFNOCHx/BBFYqT41UW1M6slehFXn+9LK4VDhtASjKBd51QxSRtYZAl+/IpTuOnQdMVvlGCMMWkSeEGOgyfwh1MAoGCCqGSM49BAMCA0gAMEUCIQD1OXIEAO1fI6+XpR936a5Ef365WnXPvrbzl8oxr0/Z8QIgV5LWkYufM8V0VqpcYcHXyI2fCScD24nJMtVWnrVtOU8="}
04-26 03:57:28.878 26245 26305 D MulticastServer: Broadcast block received {"ip":"192.168.1.66","cert":"MIIBGzCBwqADAgECAgYBgEtLsMUwCgYIKoZIzj0EAwIwFTETMBEGA1UEAwwKVFRNNDkwNSBDQTAeFw0yMjA0MjAwODQ0NTNaFw0yMjA1MjEwODQ0NTNaMBUxEzARBgNVBAMMCjFAdGVzdC5jb20wWTATBgcqhkjOPQIBBggqhkjOPQMBBwNCAAQHFNOCHx/BBFYqT41UW1M6slehFXn+9LK4VDhtASjKBd51QxSRtYZAl+/IpTuOnQdMVvlGCMMWkSeEGOgyfwh1MAoGCCqGSM49BAMCA0gAMEUCIQD1OXIEAO1fI6+XpR936a5Ef365WnXPvrbzl8oxr0/Z8QIgV5LWkYufM8V0VqpcYcHXyI2fCScD24nJMtVWnrVtOU8="}
04-26 03:57:32.700 26245 26331 D RegistrationHandler: I am the first in the network
04-26 03:57:32.700 26245 26331 D RegistrationHandler: 1521681972 Registration started
04-26 03:57:32.716 26245 26331 D MulticastServer: Registration process finished: 1521681972
04-26 03:57:32.743 26245 26298 D MulticastClient: Sent messages with 4 resends: [{"sender":"2@test.com","payload":"{\"ip\":\"192.168.1.57\",\"cert\":\"MIIBGjCBwqADAgECAgYBgEtMKvwwCgYIKoZIzj0EAwIwFTETMBEGA1UEAwwKVFRNNDkwNSBDQTAeFw0yMjA0MjAwODQ1MjRaFw0yMjA1MjEwODQ1MjRaMBUxEzARBgNVBAMMCjJAdGVzdC5jb20wWTATBgcqhkjOPQIBBggqhkjOPQMBBwNCAARuziVeqczih9y2IwSJ3AZuLzxwpY2VwkjEcfE8yVLxCF1qtw21\/iMvxrk2q4BpbgHrUX5EWSAEi7qJDXIS4c\/wMAoGCCqGSM49BAMCA0cAMEQCIG3JN+NQlClPB+thJTrGjfia7cfGbMyyWhJH4K0X7YymAiAUuEhh7Ol8fxrjxPTDnAemav8GQj3kHaLUj1oJ3XJ+Tg==\"}","mt":"BROADCAST_BLOCK","sig":"MEYCIQDg01XnuZvAQzkOoLuiOWtFf7USYAB3+42PJViO7yA3kQIhAJX0Hs8N3hP4PY6B57cc67DgTQAtozVS+xctCZF\/ldSW","nonce":1521681972,"seq":0,"tot":0}]
04-26 03:57:33.668 26245 26305 D RegistrationHandler: Received full ledger from 1@test.com with nonce 2104039834
04-26 03:57:33.668 26245 26305 D RegistrationHandler: FULL_LEDGER 2104039834
round 35 of 300
04-26 03:57:42.269 26370 26422 D MulticastServer: MULTICAST_SERVER_LISTENING
04-26 03:57:42.273 26370 26424 D MulticastServer: Registration process started with nonce 1000854252
04-26 03:57:42.276 26370 26423 D MulticastClient: REQUEST_LEDGER 1000854252
04-26 03:57:42.277 26370 26423 D MulticastClient: Sent messages with 4 resends: [{"sender":"","payload":"","mt":"REQUEST_LEDGER","sig":"","nonce":1000854252,"seq":0,"tot":0}]
04-26 03:57:42.583 26370 26433 D MulticastServer: Registration process started with nonce 951263701
04-26 03:57:42.584 26370 26433 D MulticastServer: Received request for ledger with nonce: 951263701.
04-26 03:57:42.790 26370 26433 D MulticastServer: Broadcast block received {"ip":"192.168.1.66","cert":"MIIBGzCBwqADAgECAgYBgEtLsMUwCgYIKoZIzj0EAwIwFTETMBEGA1UEAwwKVFRNNDkwNSBDQTAeFw0yMjA0MjAwODQ0NTNaFw0yMjA1MjEwODQ0NTNaMBUxEzARBgNVBAMMCjFAdGVzdC5jb20wWTATBgcqhkjOPQIBBggqhkjOPQMBBwNCAAQHFNOCHx/BBFYqT41UW1M6slehFXn+9LK4VDhtASjKBd51QxSRtYZAl+/IpTuOnQdMVvlGCMMWkSeEGOgyfwh1MAoGCCqGSM49BAMCA0gAMEUCIQD1OXIEAO1fI6+XpR936a5Ef365WnXPvrbzl8oxr0/Z8QIgV5LWkYufM8V0VqpcYcHXyI2fCScD24nJMtVWnrVtOU8="}
04-26 03:57:42.793 26370 26433 D MulticastServer: Broadcast block received {"ip":"192.168.1.66","cert":"MIIBGzCBwqADAgECAgYBgEtLsMUwCgYIKoZIzj0EAwIwFTETMBEGA1UEAwwKVFRNNDkwNSBDQTAeFw0yMjA0MjAwODQ0NTNaFw0yMjA1MjEwODQ0NTNaMBUxEzARBgNVBAMMCjFAdGVzdC5jb20wWTATBgcqhkjOPQIBBggqhkjOPQMBBwNCAAQHFNOCHx/BBFYqT41UW1M6slehFXn+9LK4VDhtASjKBd51QxSRtYZAl+/IpTuOnQdMVvlGCMMWkSeEGOgyfwh1MAoGCCqGSM49BAMCA0gAMEUCIQD1OXIEAO1fI6+XpR936a5Ef365WnXPvrbzl8oxr0/Z8QIgV5LWkYufM8V0VqpcYcHXyI2fCScD24nJMtVWnrVtOU8="}
04-26 03:57:42.826 26370 26433 D MulticastServer: Broadcast block received {"ip":"192.168.1.66","cert":"MIIBGzCBwqADAgECAgYBgEtLsMUwCgYIKoZIzj0EAwIwFTETMBEGA1UEAwwKVFRNNDkwNSBDQTAeFw0yMjA0MjAwODQ0NTNaFw0yMjA1MjEwODQ0NTNaMBUxEzARBgNVBAMMCjFAdGVzdC5jb20wWTATBgcqhkjOPQIBBggqhkjOPQMBBwNCAAQHFNOCHx/BBFYqT41UW1M6slehFXn+9LK4VDhtASjKBd51QxSRtYZAl+/IpTuOnQdMVvlGCMMWkSeEGOgyfwh1MAoGCCqGSM49BAMCA0gAMEUCIQD1OXIEAO1fI6+XpR936a5Ef365WnXPvrbzl8oxr0/Z8QIgV5LWkYufM8V0VqpcYcHXyI2fCScD24nJMtVWnrVtOU8="}
04-26 03:57:42.829 26370 26433 D MulticastServer: Broadcast block received {"ip":"192.168.1.66","cert":"MIIBGzCBwqADAgECAgYBgEtLsMUwCgYIKoZIzj0EAwIwFTETMBEGA1UEAwwKVFRNNDkwNSBDQTAeFw0yMjA0MjAwODQ0NTNaFw0yMjA1MjEwODQ0NTNaMBUxEzARBgNVBAMMCjFAdGVzdC5jb20wWTATBgcqhkjOPQIBBggqhkjOPQMBBwNCAAQHFNOCHx/BBFYqT41UW1M6slehFXn+9LK4VDhtASjKBd51QxSRtYZAl+/IpTuOnQdMVvlGCMMWkSeEGOgyfwh1MAoGCCqGSM49BAMCA0gAMEUCIQD1OXIEAO1fI6+XpR936a5Ef365WnXPvrbzl8oxr0/Z8QIgV5LWkYufM8V0VqpcYcHXyI2fCScD24nJMtVWnrVtOU8="}
04-26 03:57:42.831 26370 26433 D MulticastServer: Broadcast block received {"ip":"192.168.1.66","cert":"MIIBGzCBwqADAgECAgYBgEtLsMUwCgYIKoZIzj0EAwIwFTETMBEGA1UEAwwKVFRNNDkwNSBDQTAeFw0yMjA0MjAwODQ0NTNaFw0yMjA1MjEwODQ0NTNaMBUxEzARBgNVBAMMCjFAdGVzdC5jb20wWTATBgcqhkjOPQIBBggqhkjOPQMBBwNCAAQHFNOCHx/BBFYqT41UW1M6slehFXn+9LK4VDhtASjKBd51QxSRtYZAl+/IpTuOnQdMVvlGCMMWkSeEGOgyfwh1MAoGCCqGSM49BAMCA0gAMEUCIQD1OXIEAO1fI6+XpR936a5Ef365WnXPvrbzl8oxr0/Z8QIgV5LWkYufM8V0VqpcYcHXyI2fCScD24nJMtVWnrVtOU8="}
04-26 03:57:46.585 26370 26450 D RegistrationHandler: I am the first in the network
04-26 03:57:46.585 26370 26450 D RegistrationHandler: 951263701 Registration started
04-26 03:57:46.600 26370 26450 D MulticastServer: Registration process finished: 951263701
04-26 03:57:46.628 26370 26423 D MulticastClient: Sent messages with 4 resends: [{"sender":"2@test.com","payload":"{\"ip\":\"192.168.1.57\",\"cert\":\"MIIBGjCBwqADAgECAgYBgEtMKvwwCgYIKoZIzj0EAwIwFTETMBEGA1UEAwwKVFRNNDkwNSBDQTAeFw0yMjA0MjAwODQ1MjRaFw0yMjA1MjEwODQ1MjRaMBUxEzARBgNVBAMMCjJAdGVzdC5jb20wWTATBgcqhkjOPQIBBggqhkjOPQMBBwNCAARuziVeqczih9y2IwSJ3AZuLzxwpY2VwkjEcfE8yVLxCF1qtw21\/iMvxrk2q4BpbgHrUX5EWSAEi7qJDXIS4c\/wMAoGCCqGSM49BAMCA0cAMEQCIG3JN+NQlClPB+thJTrGjfia7cfGbMyyWhJH4K0X7YymAiAUuEhh7Ol8fxrjxPTDnAemav8GQj3kHaLUj1oJ3XJ+Tg==\"}","mt":"BROADCAST_BLOCK","sig":"MEUCIQDsSIdt9zZ7S6vfl4vTRL346NtVBhAeQkZwU+nqddjIwgIgSZAhAK9uPJHTtQjMPfstuVzwKJg1DmclUchZuHQyDHU=","nonce":951263701,"seq":0,"tot":0}]
04-26 03:57:47.445 26370 26433 D RegistrationHandler: Received full ledger from 1@test.com with nonce 1000854252
04-26 03:57:47.445 26370 26433 D RegistrationHandler: FULL_LEDGER 1000854252
round 36 of 300
04-26 03:57:56.754 26500 26550 D MulticastServer: MULTICAST_SERVER_LISTENING
04-26 03:57:56.757 26500 26552 D MulticastServer: Registration process started with nonce 353889244
04-26 03:57:56.759 26500 26556 D MulticastClient: REQUEST_LEDGER 353889244
04-26 03:57:56.761 26500 26556 D MulticastClient: Sent messages with 4 resends: [{"sender":"","payload":"","mt":"REQUEST_LEDGER","sig":"","nonce":353889244,"seq":0,"tot":0}]
04-26 03:57:57.347 26500 26558 D MulticastServer: Registration process started with nonce 1888604919
04-26 03:57:57.348 26500 26558 D MulticastServer: Received request for ledger with nonce: 1888604919.
04-26 03:57:57.541 26500 26558 D MulticastServer: Broadcast block received {"ip":"192.168.1.66","cert":"MIIBGzCBwqADAgECAgYBgEtLsMUwCgYIKoZIzj0EAwIwFTETMBEGA1UEAwwKVFRNNDkwNSBDQTAeFw0yMjA0MjAwODQ0NTNaFw0yMjA1MjEwODQ0NTNaMBUxEzARBgNVBAMMCjFAdGVzdC5jb20wWTATBgcqhkjOPQIBBggqhkjOPQMBBwNCAAQHFNOCHx/BBFYqT41UW1M6slehFXn+9LK4VDhtASjKBd51QxSRtYZAl+/IpTuOnQdMVvlGCMMWkSeEGOgyfwh1MAoGCCqGSM49BAMCA0gAMEUCIQD1OXIEAO1fI6+XpR936a5Ef365WnXPvrbzl8oxr0/Z8QIgV5LWkYufM8V0VqpcYcHXyI2fCScD24nJMtVWnrVtOU8="}
04-26 03:57:57.547 26500 26558 D MulticastServer: Broadcast block received {"ip":"192.168.1.66","cert":"MIIBGzCBwqADAgECAgYBgEtLsMUwCgYIKoZIzj0EAwIwFTETMBEGA1UEAwwKVFRNNDkwNSBDQTAeFw0yMjA0MjAwODQ0NTNaFw0yMjA1MjEwODQ0NTNaMBUxEzARBgNVBAMMCjFAdGVzdC5jb20wWTATBgcqhkjOPQIBBggqhkjOPQMBBwNCAAQHFNOCHx/BBFYqT41UW1M6slehFXn+9LK4VDhtASjKBd51QxSRtYZAl+/IpTuOnQdMVvlGCMMWkSeEGOgyfwh1MAoGCCqGSM49BAMCA0gAMEUCIQD1OXIEAO1fI6+XpR936a5Ef365WnXPvrbzl8oxr0/Z8QIgV5LWkYufM8V0VqpcYcHXyI2fCScD24nJMtVWnrVtOU8="}
04-26 03:57:57.741 26500 26558 D MulticastServer: Broadcast block received {"ip":"192.168.1.66","cert":"MIIBGzCBwqADAgECAgYBgEtLsMUwCgYIKoZIzj0EAwIwFTETMBEGA1UEAwwKVFRNNDkwNSBDQTAeFw0yMjA0MjAwODQ0NTNaFw0yMjA1MjEwODQ0NTNaMBUxEzARBgNVBAMMCjFAdGVzdC5jb20wWTATBgcqhkjOPQIBBggqhkjOPQMBBwNCAAQHFNOCHx/BBFYqT41UW1M6slehFXn+9LK4VDhtASjKBd51QxSRtYZAl+/IpTuOnQdMVvlGCMMWkSeEGOgyfwh1MAoGCCqGSM49BAMCA0gAMEUCIQD1OXIEAO1fI6+XpR936a5Ef365WnXPvrbzl8oxr0/Z8QIgV5LWkYufM8V0VqpcYcHXyI2fCScD24nJMtVWnrVtOU8="}
04-26 03:58:01.349 26500 26583 D RegistrationHandler: I am the first in the network
04-26 03:58:01.350 26500 26583 D RegistrationHandler: 1888604919 Registration started
04-26 03:58:01.376 26500 26583 D MulticastServer: Registration process finished: 1888604919
04-26 03:58:01.377 26500 26556 D MulticastClient: Sent messages with 4 resends: [{"sender":"2@test.com","payload":"{\"ip\":\"192.168.1.57\",\"cert\":\"MIIBGjCBwqADAgECAgYBgEtMKvwwCgYIKoZIzj0EAwIwFTETMBEGA1UEAwwKVFRNNDkwNSBDQTAeFw0yMjA0MjAwODQ1MjRaFw0yMjA1MjEwODQ1MjRaMBUxEzARBgNVBAMMCjJAdGVzdC5jb20wWTATBgcqhkjOPQIBBggqhkjOPQMBBwNCAARuziVeqczih9y2IwSJ3AZuLzxwpY2VwkjEcfE8yVLxCF1qtw21\/iMvxrk2q4BpbgHrUX5EWSAEi7qJDXIS4c\/wMAoGCCqGSM49BAMCA0cAMEQCIG3JN+NQlClPB+thJTrGjfia7cfGbMyyWhJH4K0X7YymAiAUuEhh7Ol8fxrjxPTDnAemav8GQj3kHaLUj1oJ3XJ+Tg==\"}","mt":"BROADCAST_BLOCK","sig":"MEYCIQDUrxZWmEgZLuMsnIKa4RFtIC5WI2kTDd5eGOaW8ryZWQIhAMizkzmnobtsZOvLJqqscTGT8uwuoKLOYvuyiDWPdXCB","nonce":1888604919,"seq":0,"tot":0}]
04-26 03:58:03.546 26500 26558 D RegistrationHandler: Received full ledger from 1@test.com with nonce 353889244
04-26 03:58:03.546 26500 26558 D RegistrationHandler: FULL_LEDGER 353889244
round 37 of 300
04-26 03:58:11.215 26628 26680 D MulticastServer: MULTICAST_SERVER_LISTENING
04-26 03:58:11.219 26628 26682 D MulticastServer: Registration process started with nonce 1461591287
04-26 03:58:11.224 26628 26686 D MulticastClient: REQUEST_LEDGER 1461591287
04-26 03:58:11.232 26628 26686 D MulticastClient: Sent messages with 4 resends: [{"sender":"","payload":"","mt":"REQUEST_LEDGER","sig":"","nonce":1461591287,"seq":0,"tot":0}]
04-26 03:58:11.463 26628 26689 D MulticastServer: Registration process started with nonce 1995143854
04-26 03:58:11.463 26628 26689 D MulticastServer: Received request for ledger with nonce: 1995143854.
04-26 03:58:11.483 26628 26689 D MulticastServer: Broadcast block received {"ip":"192.168.1.66","cert":"MIIBGzCBwqADAgECAgYBgEtLsMUwCgYIKoZIzj0EAwIwFTETMBEGA1UEAwwKVFRNNDkwNSBDQTAeFw0yMjA0MjAwODQ0NTNaFw0yMjA1MjEwODQ0NTNaMBUxEzARBgNVBAMMCjFAdGVzdC5jb20wWTATBgcqhkjOPQIBBggqhkjOPQMBBwNCAAQHFNOCHx/BBFYqT41UW1M6slehFXn+9LK4VDhtASjKBd51QxSRtYZAl+/IpTuOnQdMVvlGCMMWkSeEGOgyfwh1MAoGCCqGSM49BAMCA0gAMEUCIQD1OXIEAO1fI6+XpR936a5Ef365WnXPvrbzl8oxr0/Z8QIgV5LWkYufM8V0VqpcYcHXyI2fCScD24nJMtVWnrVtOU8="}
04-26 03:58:11.568 26628 26689 D MulticastServer: Broadcast block received {"ip":"192.168.1.66","cert":"MIIBGzCBwqADAgECAgYBgEtLsMUwCgYIKoZIzj0EAwIwFTETMBEGA1UEAwwKVFRNNDkwNSBDQTAeFw0yMjA0MjAwODQ0NTNaFw0yMjA1MjEwODQ0NTNaMBUxEzARBgNVBAMMCjFAdGVzdC5jb20wWTATBgcqhkjOPQIBBggqhkjOPQMBBwNCAAQHFNOCHx/BBFYqT41UW1M6slehFXn+9LK4VDhtASjKBd51QxSRtYZAl+/IpTuOnQdMVvlGCMMWkSeEGOgyfwh1MAoGCCqGSM49BAMCA0gAMEUCIQD1OXIEAO1fI6+XpR936a5Ef365WnXPvrbzl8oxr0/Z8QIgV5LWkYufM8V0VqpcYcHXyI2fCScD24nJMtVWnrVtOU8="}
04-26 03:58:11.571 26628 26689 D MulticastServer: Broadcast block received {"ip":"192.168.1.66","cert":"MIIBGzCBwqADAgECAgYBgEtLsMUwCgYIKoZIzj0EAwIwFTETMBEGA1UEAwwKVFRNNDkwNSBDQTAeFw0yMjA0MjAwODQ0NTNaFw0yMjA1MjEwODQ0NTNaMBUxEzARBgNVBAMMCjFAdGVzdC5jb20wWTATBgcqhkjOPQIBBggqhkjOPQMBBwNCAAQHFNOCHx/BBFYqT41UW1M6slehFXn+9LK4VDhtASjKBd51QxSRtYZAl+/IpTuOnQdMVvlGCMMWkSeEGOgyfwh1MAoGCCqGSM49BAMCA0gAMEUCIQD1OXIEAO1fI6+XpR936a5Ef365WnXPvrbzl8oxr0/Z8QIgV5LWkYufM8V0VqpcYcHXyI2fCScD24nJMtVWnrVtOU8="}
04-26 03:58:15.466 26628 26706 D RegistrationHandler: I am the first in the network
04-26 03:58:15.466 26628 26706 D RegistrationHandler: 1995143854 Registration started
04-26 03:58:15.486 26628 26706 D MulticastServer: Registration process finished: 1995143854
04-26 03:58:15.513 26628 26686 D MulticastClient: Sent messages with 4 resends: [{"sender":"2@test.com","payload":"{\"ip\":\"192.168.1.57\",\"cert\":\"MIIBGjCBwqADAgECAgYBgEtMKvwwCgYIKoZIzj0EAwIwFTETMBEGA1UEAwwKVFRNNDkwNSBDQTAeFw0yMjA0MjAwODQ1MjRaFw0yMjA1MjEwODQ1MjRaMBUxEzARBgNVBAMMCjJAdGVzdC5jb20wWTATBgcqhkjOPQIBBggqhkjOPQMBBwNCAARuziVeqczih9y2IwSJ3AZuLzxwpY2VwkjEcfE8yVLxCF1qtw21\/iMvxrk2q4BpbgHrUX5EWSAEi7qJDXIS4c\/wMAoGCCqGSM49BAMCA0cAMEQCIG3JN+NQlClPB+thJTrGjfia7cfGbMyyWhJH4K0X7YymAiAUuEhh7Ol8fxrjxPTDnAemav8GQj3kHaLUj1oJ3XJ+Tg==\"}","mt":"BROADCAST_BLOCK","sig":"MEQCID6NgjOu7ejD1Q9ZjaEjjBKcBl+vppHE1Ty+LGt4vG+4AiBLPtP\/1CzI8oytdPehPO+hHcujXg23Qlfl+UPC0i5OvQ==","nonce":1995143854,"seq":0,"tot":0}]
04-26 03:58:16.642 26628 26689 D RegistrationHandler: Received full ledger from 1@test.com with nonce 1461591287
04-26 03:58:16.642 26628 26689 D RegistrationHandler: FULL_LEDGER 1461591287
round 38 of 300
04-26 03:58:25.681 26748 26799 D MulticastServer: MULTICAST_SERVER_LISTENING
04-26 03:58:25.683 26748 26801 D MulticastServer: Registration process started with nonce 83826486
04-26 03:58:25.686 26748 26800 D MulticastClient: REQUEST_LEDGER 83826486
04-26 03:58:25.687 26748 26800 D MulticastClient: Sent messages with 4 resends: [{"sender":"","payload":"","mt":"REQUEST_LEDGER","sig":"","nonce":83826486,"seq":0,"tot":0}]
04-26 03:58:26.010 26748 26807 D MulticastServer: Registration process started with nonce 927331850
04-26 03:58:26.011 26748 26807 D MulticastServer: Received request for ledger with nonce: 927331850.
04-26 03:58:26.027 26748 26807 D MulticastServer: Broadcast block received {"ip":"192.168.1.66","cert":"MIIBGzCBwqADAgECAgYBgEtLsMUwCgYIKoZIzj0EAwIwFTETMBEGA1UEAwwKVFRNNDkwNSBDQTAeFw0yMjA0MjAwODQ0NTNaFw0yMjA1MjEwODQ0NTNaMBUxEzARBgNVBAMMCjFAdGVzdC5jb20wWTATBgcqhkjOPQIBBggqhkjOPQMBBwNCAAQHFNOCHx/BBFYqT41UW1M6slehFXn+9LK4VDhtASjKBd51QxSRtYZAl+/IpTuOnQdMVvlGCMMWkSeEGOgyfwh1MAoGCCqGSM49BAMCA0gAMEUCIQD1OXIEAO1fI6+XpR936a5Ef365WnXPvrbzl8oxr0/Z8QIgV5LWkYufM8V0VqpcYcHXyI2fCScD24nJMtVWnrVtOU8="}
04-26 03:58:26.202 26748 26807 D MulticastServer: Broadcast block received {"ip":"192.168.1.66","cert":"MIIBGzCBwqADAgECAgYBgEtLsMUwCgYIKoZIzj0EAwIwFTETMBEGA1UEAwwKVFRNNDkwNSBDQTAeFw0yMjA0MjAwODQ0NTNaFw0yMjA1MjEwODQ0NTNaMBUxEzARBgNVBAMMCjFAdGVzdC5jb20wWTATBgcqhkjOPQIBBggqhkjOPQMBBwNCAAQHFNOCHx/BBFYqT41UW1M6slehFXn+9LK4VDhtASjKBd51QxSRtYZAl+/IpTuOnQdMVvlGCMMWkSeEGOgyfwh1MAoGCCqGSM49BAMCA0gAMEUCIQD1OXIEAO1fI6+XpR936a5Ef365WnXPvrbzl8oxr0/Z8QIgV5LWkYufM8V0VqpcYcHXyI2fCScD24nJMtVWnrVtOU8="}
04-26 03:58:26.204 26748 26807 D MulticastServer: Broadcast block received {"ip":"192.168.1.66","cert":"MIIBGzCBwqADAgECAgYBgEtLsMUwCgYIKoZIzj0EAwIwFTETMBEGA1UEAwwKVFRNNDkwNSBDQTAeFw0yMjA0MjAwODQ0NTNaFw0yMjA1MjEwODQ0NTNaMBUxEzARBgNVBAMMCjFAdGVzdC5jb20wWTATBgcqhkjOPQIBBggqhkjOPQMBBwNCAAQHFNOCHx/BBFYqT41UW1M6slehFXn+9LK4VDhtASjKBd51QxSRtYZAl+/IpTuOnQdMVvlGCMMWkSeEGOgyfwh1MAoGCCqGSM49BAMCA0gAMEUCIQD1OXIEAO1fI6+XpR936a5Ef365WnXPvrbzl8oxr0/Z8QIgV5LWkYufM8V0VqpcYcHXyI2fCScD24nJMtVWnrVtOU8="}
04-26 03:58:26.212 26748 26807 D MulticastServer: Broadcast block received {"ip":"192.168.1.66","cert":"MIIBGzCBwqADAgECAgYBgEtLsMUwCgYIKoZIzj0EAwIwFTETMBEGA1UEAwwKVFRNNDkwNSBDQTAeFw0yMjA0MjAwODQ0NTNaFw0yMjA1MjEwODQ0NTNaMBUxEzARBgNVBAMMCjFAdGVzdC5jb20wWTATBgcqhkjOPQIBBggqhkjOPQMBBwNCAAQHFNOCHx/BBFYqT41UW1M6slehFXn+9LK4VDhtASjKBd51QxSRtYZAl+/IpTuOnQdMVvlGCMMWkSeEGOgyfwh1MAoGCCqGSM49BAMCA0gAMEUCIQD1OXIEAO1fI6+XpR936a5Ef365WnXPvrbzl8oxr0/Z8QIgV5LWkYufM8V0VqpcYcHXyI2fCScD24nJMtVWnrVtOU8="}
04-26 03:58:26.222 26748 26807 D MulticastServer: Broadcast block received {"ip":"192.168.1.66","cert":"MIIBGzCBwqADAgECAgYBgEtLsMUwCgYIKoZIzj0EAwIwFTETMBEGA1UEAwwKVFRNNDkwNSBDQTAeFw0yMjA0MjAwODQ0NTNaFw0yMjA1MjEwODQ0NTNaMBUxEzARBgNVBAMMCjFAdGVzdC5jb20wWTATBgcqhkjOPQIBBggqhkjOPQMBBwNCAAQHFNOCHx/BBFYqT41UW1M6slehFXn+9LK4VDhtASjKBd51QxSRtYZAl+/IpTuOnQdMVvlGCMMWkSeEGOgyfwh1MAoGCCqGSM49BAMCA0gAMEUCIQD1OXIEAO1fI6+XpR936a5Ef365WnXPvrbzl8oxr0/Z8QIgV5LWkYufM8V0VqpcYcHXyI2fCScD24nJMtVWnrVtOU8="}
04-26 03:58:30.014 26748 26831 D RegistrationHandler: I am the first in the network
04-26 03:58:30.014 26748 26831 D RegistrationHandler: 927331850 Registration started
04-26 03:58:30.030 26748 26831 D MulticastServer: Registration process finished: 927331850
04-26 03:58:30.040 26748 26800 D MulticastClient: Sent messages with 4 resends: [{"sender":"2@test.com","payload":"{\"ip\":\"192.168.1.57\",\"cert\":\"MIIBGjCBwqADAgECAgYBgEtMKvwwCgYIKoZIzj0EAwIwFTETMBEGA1UEAwwKVFRNNDkwNSBDQTAeFw0yMjA0MjAwODQ1MjRaFw0yMjA1MjEwODQ1MjRaMBUxEzARBgNVBAMMCjJAdGVzdC5jb20wWTATBgcqhkjOPQIBBggqhkjOPQMBBwNCAARuziVeqczih9y2IwSJ3AZuLzxwpY2VwkjEcfE8yVLxCF1qtw21\/iMvxrk2q4BpbgHrUX5EWSAEi7qJDXIS4c\/wMAoGCCqGSM49BAMCA0cAMEQCIG3JN+NQlClPB+thJTrGjfia7cfGbMyyWhJH4K0X7YymAiAUuEhh7Ol8fxrjxPTDnAemav8GQj3kHaLUj1oJ3XJ+Tg==\"}","mt":"BROADCAST_BLOCK","sig":"MEYCIQDlqEErAQj8GmuWkutyOqEDvaLMXCRO87OFicnTqOh\/mQIhAMBapBcuZaYk\/uPZ6\/Ki9fnj3EfAgdDLIjco7gFlUTM4","nonce":927331850,"seq":0,"tot":0}]
04-26 03:58:32.637 26748 26807 D RegistrationHandler: Received full ledger from 1@test.com with nonce 83826486
04-26 03:58:32.637 26748 26807 D RegistrationHandler: FULL_LEDGER 83826486
round 39 of 300
04-26 03:58:40.152 26873 26923 D MulticastServer: MULTICAST_SERVER_LISTENING
04-26 03:58:40.155 26873 26924 D MulticastServer: Registration process started with nonce 1966484199
04-26 03:58:40.157 26873 26922 D MulticastClient: REQUEST_LEDGER 1966484199
04-26 03:58:40.159 26873 26922 D MulticastClient: Sent messages with 4 resends: [{"sender":"","payload":"","mt":"REQUEST_LEDGER","sig":"","nonce":1966484199,"seq":0,"tot":0}]
04-26 03:58:40.921 26873 26932 D MulticastServer: Registration process started with nonce 131305632
04-26 03:58:40.926 26873 26932 D MulticastServer: Received request for ledger with nonce: 131305632.
04-26 03:58:40.953 26873 26932 D MulticastServer: Broadcast block received {"ip":"192.168.1.66","cert":"MIIBGzCBwqADAgECAgYBgEtLsMUwCgYIKoZIzj0EAwIwFTETMBEGA1UEAwwKVFRNNDkwNSBDQTAeFw0yMjA0MjAwODQ0NTNaFw0yMjA1MjEwODQ0NTNaMBUxEzARBgNVBAMMCjFAdGVzdC5jb20wWTATBgcqhkjOPQIBBggqhkjOPQMBBwNCAAQHFNOCHx/BBFYqT41UW1M6slehFXn+9LK4VDhtASjKBd51QxSRtYZAl+/IpTuOnQdMVvlGCMMWkSeEGOgyfwh1MAoGCCqGSM49BAMCA0gAMEUCIQD1OXIEAO1fI6+XpR936a5Ef365WnXPvrbzl8oxr0/Z8QIgV5LWkYufM8V0VqpcYcHXyI2fCScD24nJMtVWnrVtOU8="}
04-26 03:58:40.957 26873 26932 D MulticastServer: Broadcast block received {"ip":"192.168.1.66","cert":"MIIBGzCBwqADAgECAgYBgEtLsMUwCgYIKoZIzj0EAwIwFTETMBEGA1UEAwwKVFRNNDkwNSBDQTAeFw0yMjA0MjAwODQ0NTNaFw0yMjA1MjEwODQ0NTNaMBUxEzARBgNVBAMMCjFAdGVzdC5jb20wWTATBgcqhkjOPQIBBggqhkjOPQMBBwNCAAQHFNOCHx/BBFYqT41UW1M6slehFXn+9LK4VDhtASjKBd51QxSRtYZAl+/IpTuOnQdMVvlGCMMWkSeEGOgyfwh1MAoGCCqGSM49BAMCA0gAMEUCIQD1OXIEAO1fI6+XpR936a5Ef365WnXPvrbzl8oxr0/Z8QIgV5LWkYufM8V0VqpcYcHXyI2fCScD24nJMtVWnrVtOU8="}
04-26 03:58:40.960 26873 26932 D MulticastServer: Broadcast block received {"ip":"192.168.1.66","cert":"MIIBGzCBwqADAgECAgYBgEtLsMUwCgYIKoZIzj0EAwIwFTETMBEGA1UEAwwKVFRNNDkwNSBDQTAeFw0yMjA0MjAwODQ0NTNaFw0yMjA1MjEwODQ0NTNaMBUxEzARBgNVBAMMCjFAdGVzdC5jb20wWTATBgcqhkjOPQIBBggqhkjOPQMBBwNCAAQHFNOCHx/BBFYqT41UW1M6slehFXn+9LK4VDhtASjKBd51QxSRtYZAl+/IpTuOnQdMVvlGCMMWkSeEGOgyfwh1MAoGCCqGSM49BAMCA0gAMEUCIQD1OXIEAO1fI6+XpR936a5Ef365WnXPvrbzl8oxr0/Z8QIgV5LWkYufM8V0VqpcYcHXyI2fCScD24nJMtVWnrVtOU8="}
04-26 03:58:40.962 26873 26932 D MulticastServer: Broadcast block received {"ip":"192.168.1.66","cert":"MIIBGzCBwqADAgECAgYBgEtLsMUwCgYIKoZIzj0EAwIwFTETMBEGA1UEAwwKVFRNNDkwNSBDQTAeFw0yMjA0MjAwODQ0NTNaFw0yMjA1MjEwODQ0NTNaMBUxEzARBgNVBAMMCjFAdGVzdC5jb20wWTATBgcqhkjOPQIBBggqhkjOPQMBBwNCAAQHFNOCHx/BBFYqT41UW1M6slehFXn+9LK4VDhtASjKBd51QxSRtYZAl+/IpTuOnQdMVvlGCMMWkSeEGOgyfwh1MAoGCCqGSM49BAMCA0gAMEUCIQD1OXIEAO1fI6+XpR936a5Ef365WnXPvrbzl8oxr0/Z8QIgV5LWkYufM8V0VqpcYcHXyI2fCScD24nJMtVWnrVtOU8="}
04-26 03:58:40.964 26873 26932 D MulticastServer: Broadcast block received {"ip":"192.168.1.66","cert":"MIIBGzCBwqADAgECAgYBgEtLsMUwCgYIKoZIzj0EAwIwFTETMBEGA1UEAwwKVFRNNDkwNSBDQTAeFw0yMjA0MjAwODQ0NTNaFw0yMjA1MjEwODQ0NTNaMBUxEzARBgNVBAMMCjFAdGVzdC5jb20wWTATBgcqhkjOPQIBBggqhkjOPQMBBwNCAAQHFNOCHx/BBFYqT41UW1M6slehFXn+9LK4VDhtASjKBd51QxSRtYZAl+/IpTuOnQdMVvlGCMMWkSeEGOgyfwh1MAoGCCqGSM49BAMCA0gAMEUCIQD1OXIEAO1fI6+XpR936a5Ef365WnXPvrbzl8oxr0/Z8QIgV5LWkYufM8V0VqpcYcHXyI2fCScD24nJMtVWnrVtOU8="}
04-26 03:58:44.928 26873 26960 D RegistrationHandler: I am the first in the network
04-26 03:58:44.928 26873 26960 D RegistrationHandler: 131305632 Registration started
04-26 03:58:44.943 26873 26960 D MulticastServer: Registration process finished: 131305632
04-26 03:58:44.951 26873 26922 D MulticastClient: Sent messages with 4 resends: [{"sender":"2@test.com","payload":"{\"ip\":\"192.168.1.57\",\"cert\":\"MIIBGjCBwqADAgECAgYBgEtMKvwwCgYIKoZIzj0EAwIwFTETMBEGA1UEAwwKVFRNNDkwNSBDQTAeFw0yMjA0MjAwODQ1MjRaFw0yMjA1MjEwODQ1MjRaMBUxEzARBgNVBAMMCjJAdGVzdC5jb20wWTATBgcqhkjOPQIBBggqhkjOPQMBBwNCAARuziVeqczih9y2IwSJ3AZuLzxwpY2VwkjEcfE8yVLxCF1qtw21\/iMvxrk2q4BpbgHrUX5EWSAEi7qJDXIS4c\/wMAoGCCqGSM49BAMCA0cAMEQCIG3JN+NQlClPB+thJTrGjfia7cfGbMyyWhJH4K0X7YymAiAUuEhh7Ol8fxrjxPTDnAemav8GQj3kHaLUj1oJ3XJ+Tg==\"}","mt":"BROADCAST_BLOCK","sig":"MEUCIE8Z\/fTtvjHeNsoR\/uku1bILbLSuOxthiGas\/p54SRjFAiEAk\/alUUqf6BhBK+HB0kFkumNmwQ\/jq5ymAE\/KhozLGbY=","nonce":131305632,"seq":0,"tot":0}]
04-26 03:58:45.635 26873 26932 D RegistrationHandler: Received full ledger from 1@test.com with nonce 1966484199
04-26 03:58:45.635 26873 26932 D RegistrationHandler: FULL_LEDGER 1966484199
round 40 of 300
04-26 03:58:54.602 26997 27047 D MulticastServer: MULTICAST_SERVER_LISTENING
04-26 03:58:54.605 26997 27049 D MulticastServer: Registration process started with nonce 1803038095
04-26 03:58:54.608 26997 27054 D MulticastClient: REQUEST_LEDGER 1803038095
04-26 03:58:54.609 26997 27054 D MulticastClient: Sent messages with 4 resends: [{"sender":"","payload":"","mt":"REQUEST_LEDGER","sig":"","nonce":1803038095,"seq":0,"tot":0}]
04-26 03:58:55.904 26997 27056 D MulticastServer: Registration process started with nonce 1746860481
04-26 03:58:55.907 26997 27056 D MulticastServer: Received request for ledger with nonce: 1746860481.
04-26 03:58:55.919 26997 27056 D MulticastServer: Broadcast block received {"ip":"192.168.1.66","cert":"MIIBGzCBwqADAgECAgYBgEtLsMUwCgYIKoZIzj0EAwIwFTETMBEGA1UEAwwKVFRNNDkwNSBDQTAeFw0yMjA0MjAwODQ0NTNaFw0yMjA1MjEwODQ0NTNaMBUxEzARBgNVBAMMCjFAdGVzdC5jb20wWTATBgcqhkjOPQIBBggqhkjOPQMBBwNCAAQHFNOCHx/BBFYqT41UW1M6slehFXn+9LK4VDhtASjKBd51QxSRtYZAl+/IpTuOnQdMVvlGCMMWkSeEGOgyfwh1MAoGCCqGSM49BAMCA0gAMEUCIQD1OXIEAO1fI6+XpR936a5Ef365WnXPvrbzl8oxr0/Z8QIgV5LWkYufM8V0VqpcYcHXyI2fCScD24nJMtVWnrVtOU8="}
04-26 03:58:55.922 26997 27056 D MulticastServer: Broadcast block received {"ip":"192.168.1.66","cert":"MIIBGzCBwqADAgECAgYBgEtLsMUwCgYIKoZIzj0EAwIwFTETMBEGA1UEAwwKVFRNNDkwNSBDQTAeFw0yMjA0MjAwODQ0NTNaFw0yMjA1MjEwODQ0NTNaMBUxEzARBgNVBAMMCjFAdGVzdC5jb20wWTATBgcqhkjOPQIBBggqhkjOPQMBBwNCAAQHFNOCHx/BBFYqT41UW1M6slehFXn+9LK4VDhtASjKBd51QxSRtYZAl+/IpTuOnQdMVvlGCMMWkSeEGOgyfwh1MAoGCCqGSM49BAMCA0gAMEUCIQD1OXIEAO1fI6+XpR936a5Ef365WnXPvrbzl8oxr0/Z8QIgV5LWkYufM8V0VqpcYcHXyI2fCScD24nJMtVWnrVtOU8="}
04-26 03:58:55.924 26997 27056 D MulticastServer: Broadcast block received {"ip":"192.168.1.66","cert":"MIIBGzCBwqADAgECAgYBgEtLsMUwCgYIKoZIzj0EAwIwFTETMBEGA1UEAwwKVFRNNDkwNSBDQTAeFw0yMjA0MjAwODQ0NTNaFw0yMjA1MjEwODQ0NTNaMBUxEzARBgNVBAMMCjFAdGVzdC5jb20wWTATBgcqhkjOPQIBBggqhkjOPQMBBwNCAAQHFNOCHx/BBFYqT41UW1M6slehFXn+9LK4VDhtASjKBd51QxSRtYZAl+/IpTuOnQdMVvlGCMMWkSeEGOgyfwh1MAoGCCqGSM49BAMCA0gAMEUCIQD1OXIEAO1fI6+XpR936a5Ef365WnXPvrbzl8oxr0/Z8QIgV5LWkYufM8V0VqpcYcHXyI2fCScD24nJMtVWnrVtOU8="}
04-26 03:58:55.932 26997 27056 D MulticastServer: Broadcast block received {"ip":"192.168.1.66","cert":"MIIBGzCBwqADAgECAgYBgEtLsMUwCgYIKoZIzj0EAwIwFTETMBEGA1UEAwwKVFRNNDkwNSBDQTAeFw0yMjA0MjAwODQ0NTNaFw0yMjA1MjEwODQ0NTNaMBUxEzARBgNVBAMMCjFAdGVzdC5jb20wWTATBgcqhkjOPQIBBggqhkjOPQMBBwNCAAQHFNOCHx/BBFYqT41UW1M6slehFXn+9LK4VDhtASjKBd51QxSRtYZAl+/IpTuOnQdMVvlGCMMWkSeEGOgyfwh1MAoGCCqGSM49BAMCA0gAMEUCIQD1OXIEAO1fI6+XpR936a5Ef365WnXPvrbzl8oxr0/Z8QIgV5LWkYufM8V0VqpcYcHXyI2fCScD24nJMtVWnrVtOU8="}
04-26 03:58:56.105 26997 27056 D MulticastServer: Broadcast block received {"ip":"192.168.1.66","cert":"MIIBGzCBwqADAgECAgYBgEtLsMUwCgYIKoZIzj0EAwIwFTETMBEGA1UEAwwKVFRNNDkwNSBDQTAeFw0yMjA0MjAwODQ0NTNaFw0yMjA1MjEwODQ0NTNaMBUxEzARBgNVBAMMCjFAdGVzdC5jb20wWTATBgcqhkjOPQIBBggqhkjOPQMBBwNCAAQHFNOCHx/BBFYqT41UW1M6slehFXn+9LK4VDhtASjKBd51QxSRtYZAl+/IpTuOnQdMVvlGCMMWkSeEGOgyfwh1MAoGCCqGSM49BAMCA0gAMEUCIQD1OXIEAO1fI6+XpR936a5Ef365WnXPvrbzl8oxr0/Z8QIgV5LWkYufM8V0VqpcYcHXyI2fCScD24nJMtVWnrVtOU8="}
04-26 03:58:59.908 26997 27081 D RegistrationHandler: I am the first in the network
04-26 03:58:59.908 26997 27081 D RegistrationHandler: 1746860481 Registration started
04-26 03:58:59.922 26997 27081 D MulticastServer: Registration process finished: 1746860481
04-26 03:58:59.934 26997 27054 D MulticastClient: Sent messages with 4 resends: [{"sender":"2@test.com","payload":"{\"ip\":\"192.168.1.57\",\"cert\":\"MIIBGjCBwqADAgECAgYBgEtMKvwwCgYIKoZIzj0EAwIwFTETMBEGA1UEAwwKVFRNNDkwNSBDQTAeFw0yMjA0MjAwODQ1MjRaFw0yMjA1MjEwODQ1MjRaMBUxEzARBgNVBAMMCjJAdGVzdC5jb20wWTATBgcqhkjOPQIBBggqhkjOPQMBBwNCAARuziVeqczih9y2IwSJ3AZuLzxwpY2VwkjEcfE8yVLxCF1qtw21\/iMvxrk2q4BpbgHrUX5EWSAEi7qJDXIS4c\/wMAoGCCqGSM49BAMCA0cAMEQCIG3JN+NQlClPB+thJTrGjfia7cfGbMyyWhJH4K0X7YymAiAUuEhh7Ol8fxrjxPTDnAemav8GQj3kHaLUj1oJ3XJ+Tg==\"}","mt":"BROADCAST_BLOCK","sig":"MEUCIQC5oNixZdeMdc1wKXSvI4xOTNVSVwoHYvDkiikvn\/4AXgIgLPLNMelMAVZOgI+1fkMiePiJ\/AhEk\/X6Er3T3IEQ9\/M=","nonce":1746860481,"seq":0,"tot":0}]
04-26 03:59:00.895 26997 27056 D RegistrationHandler: Received full ledger from 1@test.com with nonce 1803038095
04-26 03:59:00.895 26997 27056 D RegistrationHandler: FULL_LEDGER 1803038095
round 41 of 300
04-26 03:59:09.077 27121 27169 D MulticastServer: MULTICAST_SERVER_LISTENING
04-26 03:59:09.080 27121 27173 D MulticastServer: Registration process started with nonce 1981940896
04-26 03:59:09.084 27121 27170 D MulticastClient: REQUEST_LEDGER 1981940896
04-26 03:59:09.091 27121 27170 D MulticastClient: Sent messages with 4 resends: [{"sender":"","payload":"","mt":"REQUEST_LEDGER","sig":"","nonce":1981940896,"seq":0,"tot":0}]
04-26 03:59:09.865 27121 27183 D MulticastServer: Registration process started with nonce 1150352784
04-26 03:59:09.868 27121 27183 D MulticastServer: Received request for ledger with nonce: 1150352784.
04-26 03:59:09.884 27121 27183 D MulticastServer: Broadcast block received {"ip":"192.168.1.66","cert":"MIIBGzCBwqADAgECAgYBgEtLsMUwCgYIKoZIzj0EAwIwFTETMBEGA1UEAwwKVFRNNDkwNSBDQTAeFw0yMjA0MjAwODQ0NTNaFw0yMjA1MjEwODQ0NTNaMBUxEzARBgNVBAMMCjFAdGVzdC5jb20wWTATBgcqhkjOPQIBBggqhkjOPQMBBwNCAAQHFNOCHx/BBFYqT41UW1M6slehFXn+9LK4VDhtASjKBd51QxSRtYZAl+/IpTuOnQdMVvlGCMMWkSeEGOgyfwh1MAoGCCqGSM49BAMCA0gAMEUCIQD1OXIEAO1fI6+XpR936a5Ef365WnXPvrbzl8oxr0/Z8QIgV5LWkYufM8V0VqpcYcHXyI2fCScD24nJMtVWnrVtOU8="}
04-26 03:59:09.893 27121 27183 D MulticastServer: Broadcast block received {"ip":"192.168.1.66","cert":"MIIBGzCBwqADAgECAgYBgEtLsMUwCgYIKoZIzj0EAwIwFTETMBEGA1UEAwwKVFRNNDkwNSBDQTAeFw0yMjA0MjAwODQ0NTNaFw0yMjA1MjEwODQ0NTNaMBUxEzARBgNVBAMMCjFAdGVzdC5jb20wWTATBgcqhkjOPQIBBggqhkjOPQMBBwNCAAQHFNOCHx/BBFYqT41UW1M6slehFXn+9LK4VDhtASjKBd51QxSRtYZAl+/IpTuOnQdMVvlGCMMWkSeEGOgyfwh1MAoGCCqGSM49BAMCA0gAMEUCIQD1OXIEAO1fI6+XpR936a5Ef365WnXPvrbzl8oxr0/Z8QIgV5LWkYufM8V0VqpcYcHXyI2fCScD24nJMtVWnrVtOU8="}
04-26 03:59:09.896 27121 27183 D MulticastServer: Broadcast block received {"ip":"192.168.1.66","cert":"MIIBGzCBwqADAgECAgYBgEtLsMUwCgYIKoZIzj0EAwIwFTETMBEGA1UEAwwKVFRNNDkwNSBDQTAeFw0yMjA0MjAwODQ0NTNaFw0yMjA1MjEwODQ0NTNaMBUxEzARBgNVBAMMCjFAdGVzdC5jb20wWTATBgcqhkjOPQIBBggqhkjOPQMBBwNCAAQHFNOCHx/BBFYqT41UW1M6slehFXn+9LK4VDhtASjKBd51QxSRtYZAl+/IpTuOnQdMVvlGCMMWkSeEGOgyfwh1MAoGCCqGSM49BAMCA0gAMEUCIQD1OXIEAO1fI6+XpR936a5Ef365WnXPvrbzl8oxr0/Z8QIgV5LWkYufM8V0VqpcYcHXyI2fCScD24nJMtVWnrVtOU8="}
04-26 03:59:09.902 27121 27183 D MulticastServer: Broadcast block received {"ip":"192.168.1.66","cert":"MIIBGzCBwqADAgECAgYBgEtLsMUwCgYIKoZIzj0EAwIwFTETMBEGA1UEAwwKVFRNNDkwNSBDQTAeFw0yMjA0MjAwODQ0NTNaFw0yMjA1MjEwODQ0NTNaMBUxEzARBgNVBAMMCjFAdGVzdC5jb20wWTATBgcqhkjOPQIBBggqhkjOPQMBBwNCAAQHFNOCHx/BBFYqT41UW1M6slehFXn+9LK4VDhtASjKBd51QxSRtYZAl+/IpTuOnQdMVvlGCMMWkSeEGOgyfwh1MAoGCCqGSM49BAMCA0gAMEUCIQD1OXIEAO1fI6+XpR936a5Ef365WnXPvrbzl8oxr0/Z8QIgV5LWkYufM8V0VqpcYcHXyI2fCScD24nJMtVWnrVtOU8="}
04-26 03:59:09.908 27121 27183 D MulticastServer: Broadcast block received {"ip":"192.168.1.66","cert":"MIIBGzCBwqADAgECAgYBgEtLsMUwCgYIKoZIzj0EAwIwFTETMBEGA1UEAwwKVFRNNDkwNSBDQTAeFw0yMjA0MjAwODQ0NTNaFw0yMjA1MjEwODQ0NTNaMBUxEzARBgNVBAMMCjFAdGVzdC5jb20wWTATBgcqhkjOPQIBBggqhkjOPQMBBwNCAAQHFNOCHx/BBFYqT41UW1M6slehFXn+9LK4VDhtASjKBd51QxSRtYZAl+/IpTuOnQdMVvlGCMMWkSeEGOgyfwh1MAoGCCqGSM49BAMCA0gAMEUCIQD1OXIEAO1fI6+XpR936a5Ef365WnXPvrbzl8oxr0/Z8QIgV5LWkYufM8V0VqpcYcHXyI2fCScD24nJMtVWnrVtOU8="}
04-26 03:59:13.869 27121 27208 D RegistrationHandler: I am the first in the network
04-26 03:59:13.870 27121 27208 D RegistrationHandler: 1150352784 Registration started
04-26 03:59:13.885 27121 27208 D MulticastServer: Registration process finished: 1150352784
04-26 03:59:13.896 27121 27170 D MulticastClient: Sent messages with 4 resends: [{"sender":"2@test.com","payload":"{\"ip\":\"192.168.1.57\",\"cert\":\"MIIBGjCBwqADAgECAgYBgEtMKvwwCgYIKoZIzj0EAwIwFTETMBEGA1UEAwwKVFRNNDkwNSBDQTAeFw0yMjA0MjAwODQ1MjRaFw0yMjA1MjEwODQ1MjRaMBUxEzARBgNVBAMMCjJAdGVzdC5jb20wWTATBgcqhkjOPQIBBggqhkjOPQMBBwNCAARuziVeqczih9y2IwSJ3AZuLzxwpY2VwkjEcfE8yVLxCF1qtw21\/iMvxrk2q4BpbgHrUX5EWSAEi7qJDXIS4c\/wMAoGCCqGSM49BAMCA0cAMEQCIG3JN+NQlClPB+thJTrGjfia7cfGbMyyWhJH4K0X7YymAiAUuEhh7Ol8fxrjxPTDnAemav8GQj3kHaLUj1oJ3XJ+Tg==\"}","mt":"BROADCAST_BLOCK","sig":"MEQCICz8ujyFkj8yJTBbi+BsiCm7EDNQ4snOjzWjbbAAdKnhAiBn9uflUqs5LTnQUAJXL70PysFwF09L18n20al0qDmm3g==","nonce":1150352784,"seq":0,"tot":0}]
round 42 of 300
04-26 03:59:23.539 27261 27309 D MulticastServer: MULTICAST_SERVER_LISTENING
04-26 03:59:23.540 27261 27311 D MulticastServer: Registration process started with nonce 1244602445
04-26 03:59:23.543 27261 27310 D MulticastClient: REQUEST_LEDGER 1244602445
04-26 03:59:23.544 27261 27310 D MulticastClient: Sent messages with 4 resends: [{"sender":"","payload":"","mt":"REQUEST_LEDGER","sig":"","nonce":1244602445,"seq":0,"tot":0}]
04-26 03:59:24.378 27261 27317 D MulticastServer: Registration process started with nonce 108009933
04-26 03:59:24.381 27261 27317 D MulticastServer: Received request for ledger with nonce: 108009933.
04-26 03:59:24.405 27261 27317 D MulticastServer: Broadcast block received {"ip":"192.168.1.66","cert":"MIIBGzCBwqADAgECAgYBgEtLsMUwCgYIKoZIzj0EAwIwFTETMBEGA1UEAwwKVFRNNDkwNSBDQTAeFw0yMjA0MjAwODQ0NTNaFw0yMjA1MjEwODQ0NTNaMBUxEzARBgNVBAMMCjFAdGVzdC5jb20wWTATBgcqhkjOPQIBBggqhkjOPQMBBwNCAAQHFNOCHx/BBFYqT41UW1M6slehFXn+9LK4VDhtASjKBd51QxSRtYZAl+/IpTuOnQdMVvlGCMMWkSeEGOgyfwh1MAoGCCqGSM49BAMCA0gAMEUCIQD1OXIEAO1fI6+XpR936a5Ef365WnXPvrbzl8oxr0/Z8QIgV5LWkYufM8V0VqpcYcHXyI2fCScD24nJMtVWnrVtOU8="}
04-26 03:59:24.410 27261 27317 D MulticastServer: Broadcast block received {"ip":"192.168.1.66","cert":"MIIBGzCBwqADAgECAgYBgEtLsMUwCgYIKoZIzj0EAwIwFTETMBEGA1UEAwwKVFRNNDkwNSBDQTAeFw0yMjA0MjAwODQ0NTNaFw0yMjA1MjEwODQ0NTNaMBUxEzARBgNVBAMMCjFAdGVzdC5jb20wWTATBgcqhkjOPQIBBggqhkjOPQMBBwNCAAQHFNOCHx/BBFYqT41UW1M6slehFXn+9LK4VDhtASjKBd51QxSRtYZAl+/IpTuOnQdMVvlGCMMWkSeEGOgyfwh1MAoGCCqGSM49BAMCA0gAMEUCIQD1OXIEAO1fI6+XpR936a5Ef365WnXPvrbzl8oxr0/Z8QIgV5LWkYufM8V0VqpcYcHXyI2fCScD24nJMtVWnrVtOU8="}
04-26 03:59:24.413 27261 27317 D MulticastServer: Broadcast block received {"ip":"192.168.1.66","cert":"MIIBGzCBwqADAgECAgYBgEtLsMUwCgYIKoZIzj0EAwIwFTETMBEGA1UEAwwKVFRNNDkwNSBDQTAeFw0yMjA0MjAwODQ0NTNaFw0yMjA1MjEwODQ0NTNaMBUxEzARBgNVBAMMCjFAdGVzdC5jb20wWTATBgcqhkjOPQIBBggqhkjOPQMBBwNCAAQHFNOCHx/BBFYqT41UW1M6slehFXn+9LK4VDhtASjKBd51QxSRtYZAl+/IpTuOnQdMVvlGCMMWkSeEGOgyfwh1MAoGCCqGSM49BAMCA0gAMEUCIQD1OXIEAO1fI6+XpR936a5Ef365WnXPvrbzl8oxr0/Z8QIgV5LWkYufM8V0VqpcYcHXyI2fCScD24nJMtVWnrVtOU8="}
04-26 03:59:24.416 27261 27317 D MulticastServer: Broadcast block received {"ip":"192.168.1.66","cert":"MIIBGzCBwqADAgECAgYBgEtLsMUwCgYIKoZIzj0EAwIwFTETMBEGA1UEAwwKVFRNNDkwNSBDQTAeFw0yMjA0MjAwODQ0NTNaFw0yMjA1MjEwODQ0NTNaMBUxEzARBgNVBAMMCjFAdGVzdC5jb20wWTATBgcqhkjOPQIBBggqhkjOPQMBBwNCAAQHFNOCHx/BBFYqT41UW1M6slehFXn+9LK4VDhtASjKBd51QxSRtYZAl+/IpTuOnQdMVvlGCMMWkSeEGOgyfwh1MAoGCCqGSM49BAMCA0gAMEUCIQD1OXIEAO1fI6+XpR936a5Ef365WnXPvrbzl8oxr0/Z8QIgV5LWkYufM8V0VqpcYcHXyI2fCScD24nJMtVWnrVtOU8="}
04-26 03:59:24.419 27261 27317 D MulticastServer: Broadcast block received {"ip":"192.168.1.66","cert":"MIIBGzCBwqADAgECAgYBgEtLsMUwCgYIKoZIzj0EAwIwFTETMBEGA1UEAwwKVFRNNDkwNSBDQTAeFw0yMjA0MjAwODQ0NTNaFw0yMjA1MjEwODQ0NTNaMBUxEzARBgNVBAMMCjFAdGVzdC5jb20wWTATBgcqhkjOPQIBBggqhkjOPQMBBwNCAAQHFNOCHx/BBFYqT41UW1M6slehFXn+9LK4VDhtASjKBd51QxSRtYZAl+/IpTuOnQdMVvlGCMMWkSeEGOgyfwh1MAoGCCqGSM49BAMCA0gAMEUCIQD1OXIEAO1fI6+XpR936a5Ef365WnXPvrbzl8oxr0/Z8QIgV5LWkYufM8V0VqpcYcHXyI2fCScD24nJMtVWnrVtOU8="}
04-26 03:59:28.384 27261 27347 D RegistrationHandler: I am the first in the network
04-26 03:59:28.384 27261 27347 D RegistrationHandler: 108009933 Registration started
04-26 03:59:28.401 27261 27347 D MulticastServer: Registration process finished: 108009933
04-26 03:59:28.419 27261 27310 D MulticastClient: Sent messages with 4 resends: [{"sender":"2@test.com","payload":"{\"ip\":\"192.168.1.57\",\"cert\":\"MIIBGjCBwqADAgECAgYBgEtMKvwwCgYIKoZIzj0EAwIwFTETMBEGA1UEAwwKVFRNNDkwNSBDQTAeFw0yMjA0MjAwODQ1MjRaFw0yMjA1MjEwODQ1MjRaMBUxEzARBgNVBAMMCjJAdGVzdC5jb20wWTATBgcqhkjOPQIBBggqhkjOPQMBBwNCAARuziVeqczih9y2IwSJ3AZuLzxwpY2VwkjEcfE8yVLxCF1qtw21\/iMvxrk2q4BpbgHrUX5EWSAEi7qJDXIS4c\/wMAoGCCqGSM49BAMCA0cAMEQCIG3JN+NQlClPB+thJTrGjfia7cfGbMyyWhJH4K0X7YymAiAUuEhh7Ol8fxrjxPTDnAemav8GQj3kHaLUj1oJ3XJ+Tg==\"}","mt":"BROADCAST_BLOCK","sig":"MEUCIQC6J+UpJu6MgxBpiD7aGgDeEQMEARQWIZz2WnR876vDEQIgQhneazHa760CQu9uA1z1vvWOn\/hDlzk\/4mtV59\/3hIg=","nonce":108009933,"seq":0,"tot":0}]
04-26 03:59:29.755 27261 27317 D RegistrationHandler: Received full ledger from 1@test.com with nonce 1244602445
04-26 03:59:29.755 27261 27317 D RegistrationHandler: FULL_LEDGER 1244602445
round 43 of 300
04-26 03:59:38.003 27383 27436 D MulticastServer: MULTICAST_SERVER_LISTENING
04-26 03:59:38.005 27383 27438 D MulticastServer: Registration process started with nonce 1757538931
04-26 03:59:38.007 27383 27437 D MulticastClient: REQUEST_LEDGER 1757538931
04-26 03:59:38.009 27383 27437 D MulticastClient: Sent messages with 4 resends: [{"sender":"","payload":"","mt":"REQUEST_LEDGER","sig":"","nonce":1757538931,"seq":0,"tot":0}]
04-26 03:59:39.130 27383 27444 D MulticastServer: Registration process started with nonce 962465984
04-26 03:59:39.133 27383 27444 D MulticastServer: Received request for ledger with nonce: 962465984.
04-26 03:59:39.145 27383 27444 D MulticastServer: Broadcast block received {"ip":"192.168.1.66","cert":"MIIBGzCBwqADAgECAgYBgEtLsMUwCgYIKoZIzj0EAwIwFTETMBEGA1UEAwwKVFRNNDkwNSBDQTAeFw0yMjA0MjAwODQ0NTNaFw0yMjA1MjEwODQ0NTNaMBUxEzARBgNVBAMMCjFAdGVzdC5jb20wWTATBgcqhkjOPQIBBggqhkjOPQMBBwNCAAQHFNOCHx/BBFYqT41UW1M6slehFXn+9LK4VDhtASjKBd51QxSRtYZAl+/IpTuOnQdMVvlGCMMWkSeEGOgyfwh1MAoGCCqGSM49BAMCA0gAMEUCIQD1OXIEAO1fI6+XpR936a5Ef365WnXPvrbzl8oxr0/Z8QIgV5LWkYufM8V0VqpcYcHXyI2fCScD24nJMtVWnrVtOU8="}
04-26 03:59:39.325 27383 27444 D MulticastServer: Broadcast block received {"ip":"192.168.1.66","cert":"MIIBGzCBwqADAgECAgYBgEtLsMUwCgYIKoZIzj0EAwIwFTETMBEGA1UEAwwKVFRNNDkwNSBDQTAeFw0yMjA0MjAwODQ0NTNaFw0yMjA1MjEwODQ0NTNaMBUxEzARBgNVBAMMCjFAdGVzdC5jb20wWTATBgcqhkjOPQIBBggqhkjOPQMBBwNCAAQHFNOCHx/BBFYqT41UW1M6slehFXn+9LK4VDhtASjKBd51QxSRtYZAl+/IpTuOnQdMVvlGCMMWkSeEGOgyfwh1MAoGCCqGSM49BAMCA0gAMEUCIQD1OXIEAO1fI6+XpR936a5Ef365WnXPvrbzl8oxr0/Z8QIgV5LWkYufM8V0VqpcYcHXyI2fCScD24nJMtVWnrVtOU8="}
04-26 03:59:39.332 27383 27444 D MulticastServer: Broadcast block received {"ip":"192.168.1.66","cert":"MIIBGzCBwqADAgECAgYBgEtLsMUwCgYIKoZIzj0EAwIwFTETMBEGA1UEAwwKVFRNNDkwNSBDQTAeFw0yMjA0MjAwODQ0NTNaFw0yMjA1MjEwODQ0NTNaMBUxEzARBgNVBAMMCjFAdGVzdC5jb20wWTATBgcqhkjOPQIBBggqhkjOPQMBBwNCAAQHFNOCHx/BBFYqT41UW1M6slehFXn+9LK4VDhtASjKBd51QxSRtYZAl+/IpTuOnQdMVvlGCMMWkSeEGOgyfwh1MAoGCCqGSM49BAMCA0gAMEUCIQD1OXIEAO1fI6+XpR936a5Ef365WnXPvrbzl8oxr0/Z8QIgV5LWkYufM8V0VqpcYcHXyI2fCScD24nJMtVWnrVtOU8="}
04-26 03:59:39.337 27383 27444 D MulticastServer: Broadcast block received {"ip":"192.168.1.66","cert":"MIIBGzCBwqADAgECAgYBgEtLsMUwCgYIKoZIzj0EAwIwFTETMBEGA1UEAwwKVFRNNDkwNSBDQTAeFw0yMjA0MjAwODQ0NTNaFw0yMjA1MjEwODQ0NTNaMBUxEzARBgNVBAMMCjFAdGVzdC5jb20wWTATBgcqhkjOPQIBBggqhkjOPQMBBwNCAAQHFNOCHx/BBFYqT41UW1M6slehFXn+9LK4VDhtASjKBd51QxSRtYZAl+/IpTuOnQdMVvlGCMMWkSeEGOgyfwh1MAoGCCqGSM49BAMCA0gAMEUCIQD1OXIEAO1fI6+XpR936a5Ef365WnXPvrbzl8oxr0/Z8QIgV5LWkYufM8V0VqpcYcHXyI2fCScD24nJMtVWnrVtOU8="}
04-26 03:59:39.341 27383 27444 D MulticastServer: Broadcast block received {"ip":"192.168.1.66","cert":"MIIBGzCBwqADAgECAgYBgEtLsMUwCgYIKoZIzj0EAwIwFTETMBEGA1UEAwwKVFRNNDkwNSBDQTAeFw0yMjA0MjAwODQ0NTNaFw0yMjA1MjEwODQ0NTNaMBUxEzARBgNVBAMMCjFAdGVzdC5jb20wWTATBgcqhkjOPQIBBggqhkjOPQMBBwNCAAQHFNOCHx/BBFYqT41UW1M6slehFXn+9LK4VDhtASjKBd51QxSRtYZAl+/IpTuOnQdMVvlGCMMWkSeEGOgyfwh1MAoGCCqGSM49BAMCA0gAMEUCIQD1OXIEAO1fI6+XpR936a5Ef365WnXPvrbzl8oxr0/Z8QIgV5LWkYufM8V0VqpcYcHXyI2fCScD24nJMtVWnrVtOU8="}
04-26 03:59:43.133 27383 27470 D RegistrationHandler: I am the first in the network
04-26 03:59:43.133 27383 27470 D RegistrationHandler: 962465984 Registration started
04-26 03:59:43.152 27383 27470 D MulticastServer: Registration process finished: 962465984
04-26 03:59:43.196 27383 27437 D MulticastClient: Sent messages with 4 resends: [{"sender":"2@test.com","payload":"{\"ip\":\"192.168.1.57\",\"cert\":\"MIIBGjCBwqADAgECAgYBgEtMKvwwCgYIKoZIzj0EAwIwFTETMBEGA1UEAwwKVFRNNDkwNSBDQTAeFw0yMjA0MjAwODQ1MjRaFw0yMjA1MjEwODQ1MjRaMBUxEzARBgNVBAMMCjJAdGVzdC5jb20wWTATBgcqhkjOPQIBBggqhkjOPQMBBwNCAARuziVeqczih9y2IwSJ3AZuLzxwpY2VwkjEcfE8yVLxCF1qtw21\/iMvxrk2q4BpbgHrUX5EWSAEi7qJDXIS4c\/wMAoGCCqGSM49BAMCA0cAMEQCIG3JN+NQlClPB+thJTrGjfia7cfGbMyyWhJH4K0X7YymAiAUuEhh7Ol8fxrjxPTDnAemav8GQj3kHaLUj1oJ3XJ+Tg==\"}","mt":"BROADCAST_BLOCK","sig":"MEUCIF9iFG5lSsFkEfKdGmPOI8rHmElVsiAF+sFgSiaCi3ARAiEAjAyQXTpSvKYZZQWlP3HEBMo3Ezor2Fh6cH5gwRDQ4yY=","nonce":962465984,"seq":0,"tot":0}]
04-26 03:59:43.805 27383 27444 D RegistrationHandler: Received full ledger from 1@test.com with nonce 1757538931
04-26 03:59:43.805 27383 27444 D RegistrationHandler: FULL_LEDGER 1757538931
round 44 of 300
04-26 03:59:52.447 27509 27561 D MulticastServer: MULTICAST_SERVER_LISTENING
04-26 03:59:52.449 27509 27563 D MulticastServer: Registration process started with nonce 855876270
04-26 03:59:52.452 27509 27568 D MulticastClient: REQUEST_LEDGER 855876270
04-26 03:59:52.453 27509 27568 D MulticastClient: Sent messages with 4 resends: [{"sender":"","payload":"","mt":"REQUEST_LEDGER","sig":"","nonce":855876270,"seq":0,"tot":0}]
04-26 03:59:54.070 27509 27570 D MulticastServer: Registration process started with nonce 399894676
04-26 03:59:54.073 27509 27570 D MulticastServer: Received request for ledger with nonce: 399894676.
04-26 03:59:54.090 27509 27570 D MulticastServer: Broadcast block received {"ip":"192.168.1.66","cert":"MIIBGzCBwqADAgECAgYBgEtLsMUwCgYIKoZIzj0EAwIwFTETMBEGA1UEAwwKVFRNNDkwNSBDQTAeFw0yMjA0MjAwODQ0NTNaFw0yMjA1MjEwODQ0NTNaMBUxEzARBgNVBAMMCjFAdGVzdC5jb20wWTATBgcqhkjOPQIBBggqhkjOPQMBBwNCAAQHFNOCHx/BBFYqT41UW1M6slehFXn+9LK4VDhtASjKBd51QxSRtYZAl+/IpTuOnQdMVvlGCMMWkSeEGOgyfwh1MAoGCCqGSM49BAMCA0gAMEUCIQD1OXIEAO1fI6+XpR936a5Ef365WnXPvrbzl8oxr0/Z8QIgV5LWkYufM8V0VqpcYcHXyI2fCScD24nJMtVWnrVtOU8="}
04-26 03:59:54.095 27509 27570 D MulticastServer: Broadcast block received {"ip":"192.168.1.66","cert":"MIIBGzCBwqADAgECAgYBgEtLsMUwCgYIKoZIzj0EAwIwFTETMBEGA1UEAwwKVFRNNDkwNSBDQTAeFw0yMjA0MjAwODQ0NTNaFw0yMjA1MjEwODQ0NTNaMBUxEzARBgNVBAMMCjFAdGVzdC5jb20wWTATBgcqhkjOPQIBBggqhkjOPQMBBwNCAAQHFNOCHx/BBFYqT41UW1M6slehFXn+9LK4VDhtASjKBd51QxSRtYZAl+/IpTuOnQdMVvlGCMMWkSeEGOgyfwh1MAoGCCqGSM49BAMCA0gAMEUCIQD1OXIEAO1fI6+XpR936a5Ef365WnXPvrbzl8oxr0/Z8QIgV5LWkYufM8V0VqpcYcHXyI2fCScD24nJMtVWnrVtOU8="}
04-26 03:59:54.099 27509 27570 D MulticastServer: Broadcast block received {"ip":"192.168.1.66","cert":"MIIBGzCBwqADAgECAgYBgEtLsMUwCgYIKoZIzj0EAwIwFTETMBEGA1UEAwwKVFRNNDkwNSBDQTAeFw0yMjA0MjAwODQ0NTNaFw0yMjA1MjEwODQ0NTNaMBUxEzARBgNVBAMMCjFAdGVzdC5jb20wWTATBgcqhkjOPQIBBggqhkjOPQMBBwNCAAQHFNOCHx/BBFYqT41UW1M6slehFXn+9LK4VDhtASjKBd51QxSRtYZAl+/IpTuOnQdMVvlGCMMWkSeEGOgyfwh1MAoGCCqGSM49BAMCA0gAMEUCIQD1OXIEAO1fI6+XpR936a5Ef365WnXPvrbzl8oxr0/Z8QIgV5LWkYufM8V0VqpcYcHXyI2fCScD24nJMtVWnrVtOU8="}
04-26 03:59:54.481 27509 27570 D MulticastServer: Broadcast block received {"ip":"192.168.1.66","cert":"MIIBGzCBwqADAgECAgYBgEtLsMUwCgYIKoZIzj0EAwIwFTETMBEGA1UEAwwKVFRNNDkwNSBDQTAeFw0yMjA0MjAwODQ0NTNaFw0yMjA1MjEwODQ0NTNaMBUxEzARBgNVBAMMCjFAdGVzdC5jb20wWTATBgcqhkjOPQIBBggqhkjOPQMBBwNCAAQHFNOCHx/BBFYqT41UW1M6slehFXn+9LK4VDhtASjKBd51QxSRtYZAl+/IpTuOnQdMVvlGCMMWkSeEGOgyfwh1MAoGCCqGSM49BAMCA0gAMEUCIQD1OXIEAO1fI6+XpR936a5Ef365WnXPvrbzl8oxr0/Z8QIgV5LWkYufM8V0VqpcYcHXyI2fCScD24nJMtVWnrVtOU8="}
04-26 03:59:58.076 27509 27595 D RegistrationHandler: I am the first in the network
04-26 03:59:58.076 27509 27595 D RegistrationHandler: 399894676 Registration started
04-26 03:59:58.092 27509 27595 D MulticastServer: Registration process finished: 399894676
04-26 03:59:58.123 27509 27568 D MulticastClient: Sent messages with 4 resends: [{"sender":"2@test.com","payload":"{\"ip\":\"192.168.1.57\",\"cert\":\"MIIBGjCBwqADAgECAgYBgEtMKvwwCgYIKoZIzj0EAwIwFTETMBEGA1UEAwwKVFRNNDkwNSBDQTAeFw0yMjA0MjAwODQ1MjRaFw0yMjA1MjEwODQ1MjRaMBUxEzARBgNVBAMMCjJAdGVzdC5jb20wWTATBgcqhkjOPQIBBggqhkjOPQMBBwNCAARuziVeqczih9y2IwSJ3AZuLzxwpY2VwkjEcfE8yVLxCF1qtw21\/iMvxrk2q4BpbgHrUX5EWSAEi7qJDXIS4c\/wMAoGCCqGSM49BAMCA0cAMEQCIG3JN+NQlClPB+thJTrGjfia7cfGbMyyWhJH4K0X7YymAiAUuEhh7Ol8fxrjxPTDnAemav8GQj3kHaLUj1oJ3XJ+Tg==\"}","mt":"BROADCAST_BLOCK","sig":"MEYCIQCaCRBm4oj8iQCASzRRfMkCuThuzwhcS19jGLP8IaVAmQIhAPJ93i51GAclhn1njWYli2JcHQUAmxNRWDgvNycb7u2Y","nonce":399894676,"seq":0,"tot":0}]
round 45 of 300
04-26 04:00:06.921 27632 27683 D MulticastServer: MULTICAST_SERVER_LISTENING
04-26 04:00:06.924 27632 27685 D MulticastServer: Registration process started with nonce 1116225434
04-26 04:00:06.927 27632 27684 D MulticastClient: REQUEST_LEDGER 1116225434
04-26 04:00:06.928 27632 27684 D MulticastClient: Sent messages with 4 resends: [{"sender":"","payload":"","mt":"REQUEST_LEDGER","sig":"","nonce":1116225434,"seq":0,"tot":0}]
04-26 04:00:09.222 27632 27691 D MulticastServer: Registration process started with nonce 1754571111
04-26 04:00:09.226 27632 27691 D MulticastServer: Received request for ledger with nonce: 1754571111.
