04-25 17:09:20.660 14129 14191 D MulticastServer: Broadcast block received {"ip":"192.168.1.66","cert":"MIIBGzCBwqADAgECAgYBgEtLsMUwCgYIKoZIzj0EAwIwFTETMBEGA1UEAwwKVFRNNDkwNSBDQTAeFw0yMjA0MjAwODQ0NTNaFw0yMjA1MjEwODQ0NTNaMBUxEzARBgNVBAMMCjFAdGVzdC5jb20wWTATBgcqhkjOPQIBBggqhkjOPQMBBwNCAAQHFNOCHx/BBFYqT41UW1M6slehFXn+9LK4VDhtASjKBd51QxSRtYZAl+/IpTuOnQdMVvlGCMMWkSeEGOgyfwh1MAoGCCqGSM49BAMCA0gAMEUCIQD1OXIEAO1fI6+XpR936a5Ef365WnXPvrbzl8oxr0/Z8QIgV5LWkYufM8V0VqpcYcHXyI2fCScD24nJMtVWnrVtOU8="}
04-25 17:09:20.664 14129 14191 D MulticastServer: Broadcast block received {"ip":"192.168.1.66","cert":"MIIBGzCBwqADAgECAgYBgEtLsMUwCgYIKoZIzj0EAwIwFTETMBEGA1UEAwwKVFRNNDkwNSBDQTAeFw0yMjA0MjAwODQ0NTNaFw0yMjA1MjEwODQ0NTNaMBUxEzARBgNVBAMMCjFAdGVzdC5jb20wWTATBgcqhkjOPQIBBggqhkjOPQMBBwNCAAQHFNOCHx/BBFYqT41UW1M6slehFXn+9LK4VDhtASjKBd51QxSRtYZAl+/IpTuOnQdMVvlGCMMWkSeEGOgyfwh1MAoGCCqGSM49BAMCA0gAMEUCIQD1OXIEAO1fI6+XpR936a5Ef365WnXPvrbzl8oxr0/Z8QIgV5LWkYufM8V0VqpcYcHXyI2fCScD24nJMtVWnrVtOU8="}
04-25 17:09:20.668 14129 14191 D MulticastServer: Broadcast block received {"ip":"192.168.1.66","cert":"MIIBGzCBwqADAgECAgYBgEtLsMUwCgYIKoZIzj0EAwIwFTETMBEGA1UEAwwKVFRNNDkwNSBDQTAeFw0yMjA0MjAwODQ0NTNaFw0yMjA1MjEwODQ0NTNaMBUxEzARBgNVBAMMCjFAdGVzdC5jb20wWTATBgcqhkjOPQIBBggqhkjOPQMBBwNCAAQHFNOCHx/BBFYqT41UW1M6slehFXn+9LK4VDhtASjKBd51QxSRtYZAl+/IpTuOnQdMVvlGCMMWkSeEGOgyfwh1MAoGCCqGSM49BAMCA0gAMEUCIQD1OXIEAO1fI6+XpR936a5Ef365WnXPvrbzl8oxr0/Z8QIgV5LWkYufM8V0VqpcYcHXyI2fCScD24nJMtVWnrVtOU8="}
04-25 17:09:20.672 14129 14191 D MulticastServer: Broadcast block received {"ip":"192.168.1.66","cert":"MIIBGzCBwqADAgECAgYBgEtLsMUwCgYIKoZIzj0EAwIwFTETMBEGA1UEAwwKVFRNNDkwNSBDQTAeFw0yMjA0MjAwODQ0NTNaFw0yMjA1MjEwODQ0NTNaMBUxEzARBgNVBAMMCjFAdGVzdC5jb20wWTATBgcqhkjOPQIBBggqhkjOPQMBBwNCAAQHFNOCHx/BBFYqT41UW1M6slehFXn+9LK4VDhtASjKBd51QxSRtYZAl+/IpTuOnQdMVvlGCMMWkSeEGOgyfwh1MAoGCCqGSM49BAMCA0gAMEUCIQD1OXIEAO1fI6+XpR936a5Ef365WnXPvrbzl8oxr0/Z8QIgV5LWkYufM8V0VqpcYcHXyI2fCScD24nJMtVWnrVtOU8="}
04-25 17:09:21.131 14129 14182 D RegistrationHandler: I am the first in the network
04-25 17:09:21.132 14129 14182 D RegistrationHandler: 1588335573 Registration started
04-25 17:09:21.152 14129 14179 D MulticastClient: Sent messages with 3 resends: [{"sender":"2@test.com","payload":"{\"ip\":\"192.168.1.57\",\"cert\":\"MIIBGjCBwqADAgECAgYBgEtMKvwwCgYIKoZIzj0EAwIwFTETMBEGA1UEAwwKVFRNNDkwNSBDQTAeFw0yMjA0MjAwODQ1MjRaFw0yMjA1MjEwODQ1MjRaMBUxEzARBgNVBAMMCjJAdGVzdC5jb20wWTATBgcqhkjOPQIBBggqhkjOPQMBBwNCAARuziVeqczih9y2IwSJ3AZuLzxwpY2VwkjEcfE8yVLxCF1qtw21\/iMvxrk2q4BpbgHrUX5EWSAEi7qJDXIS4c\/wMAoGCCqGSM49BAMCA0cAMEQCIG3JN+NQlClPB+thJTrGjfia7cfGbMyyWhJH4K0X7YymAiAUuEhh7Ol8fxrjxPTDnAemav8GQj3kHaLUj1oJ3XJ+Tg==\"}","mt":"BROADCAST_BLOCK","sig":"MEUCIH\/3EKtZ8rNSanjbriexpU+S\/jM2jHDBf5RIgv+EQakXAiEA9IkBnPeYp4mUYb4+J0tImWEb6I54h809\/aX+EwUIZzU=","nonce":1588335573,"seq":0,"tot":0}]
04-25 17:09:21.153 14129 14182 D MulticastServer: Registration process finished: 1588335573
04-25 17:09:24.649 14129 14207 D RegistrationHandler: I am the first in the network
04-25 17:09:24.649 14129 14207 D MulticastServer: Registration process finished: 1350694313
round 104 of 300
04-25 17:09:31.574 14236 14284 D MulticastServer: MULTICAST_SERVER_LISTENING
04-25 17:09:31.577 14236 14286 D MulticastServer: Registration process started with nonce 1115855889
04-25 17:09:31.579 14236 14285 D MulticastClient: REQUEST_LEDGER 1115855889
04-25 17:09:31.580 14236 14285 D MulticastClient: Sent messages with 3 resends: [{"sender":"","payload":"","mt":"REQUEST_LEDGER","sig":"","nonce":1115855889,"seq":0,"tot":0}]
04-25 17:09:34.193 14236 14293 D MulticastServer: Registration process started with nonce 229947001
04-25 17:09:34.197 14236 14293 D MulticastServer: Received request for ledger with nonce: 229947001.
04-25 17:09:34.368 14236 14293 D MulticastServer: Broadcast block received {"ip":"192.168.1.66","cert":"MIIBGzCBwqADAgECAgYBgEtLsMUwCgYIKoZIzj0EAwIwFTETMBEGA1UEAwwKVFRNNDkwNSBDQTAeFw0yMjA0MjAwODQ0NTNaFw0yMjA1MjEwODQ0NTNaMBUxEzARBgNVBAMMCjFAdGVzdC5jb20wWTATBgcqhkjOPQIBBggqhkjOPQMBBwNCAAQHFNOCHx/BBFYqT41UW1M6slehFXn+9LK4VDhtASjKBd51QxSRtYZAl+/IpTuOnQdMVvlGCMMWkSeEGOgyfwh1MAoGCCqGSM49BAMCA0gAMEUCIQD1OXIEAO1fI6+XpR936a5Ef365WnXPvrbzl8oxr0/Z8QIgV5LWkYufM8V0VqpcYcHXyI2fCScD24nJMtVWnrVtOU8="}
04-25 17:09:34.375 14236 14293 D MulticastServer: Broadcast block received {"ip":"192.168.1.66","cert":"MIIBGzCBwqADAgECAgYBgEtLsMUwCgYIKoZIzj0EAwIwFTETMBEGA1UEAwwKVFRNNDkwNSBDQTAeFw0yMjA0MjAwODQ0NTNaFw0yMjA1MjEwODQ0NTNaMBUxEzARBgNVBAMMCjFAdGVzdC5jb20wWTATBgcqhkjOPQIBBggqhkjOPQMBBwNCAAQHFNOCHx/BBFYqT41UW1M6slehFXn+9LK4VDhtASjKBd51QxSRtYZAl+/IpTuOnQdMVvlGCMMWkSeEGOgyfwh1MAoGCCqGSM49BAMCA0gAMEUCIQD1OXIEAO1fI6+XpR936a5Ef365WnXPvrbzl8oxr0/Z8QIgV5LWkYufM8V0VqpcYcHXyI2fCScD24nJMtVWnrVtOU8="}
04-25 17:09:34.379 14236 14293 D MulticastServer: Broadcast block received {"ip":"192.168.1.66","cert":"MIIBGzCBwqADAgECAgYBgEtLsMUwCgYIKoZIzj0EAwIwFTETMBEGA1UEAwwKVFRNNDkwNSBDQTAeFw0yMjA0MjAwODQ0NTNaFw0yMjA1MjEwODQ0NTNaMBUxEzARBgNVBAMMCjFAdGVzdC5jb20wWTATBgcqhkjOPQIBBggqhkjOPQMBBwNCAAQHFNOCHx/BBFYqT41UW1M6slehFXn+9LK4VDhtASjKBd51QxSRtYZAl+/IpTuOnQdMVvlGCMMWkSeEGOgyfwh1MAoGCCqGSM49BAMCA0gAMEUCIQD1OXIEAO1fI6+XpR936a5Ef365WnXPvrbzl8oxr0/Z8QIgV5LWkYufM8V0VqpcYcHXyI2fCScD24nJMtVWnrVtOU8="}
04-25 17:09:34.383 14236 14293 D MulticastServer: Broadcast block received {"ip":"192.168.1.66","cert":"MIIBGzCBwqADAgECAgYBgEtLsMUwCgYIKoZIzj0EAwIwFTETMBEGA1UEAwwKVFRNNDkwNSBDQTAeFw0yMjA0MjAwODQ0NTNaFw0yMjA1MjEwODQ0NTNaMBUxEzARBgNVBAMMCjFAdGVzdC5jb20wWTATBgcqhkjOPQIBBggqhkjOPQMBBwNCAAQHFNOCHx/BBFYqT41UW1M6slehFXn+9LK4VDhtASjKBd51QxSRtYZAl+/IpTuOnQdMVvlGCMMWkSeEGOgyfwh1MAoGCCqGSM49BAMCA0gAMEUCIQD1OXIEAO1fI6+XpR936a5Ef365WnXPvrbzl8oxr0/Z8QIgV5LWkYufM8V0VqpcYcHXyI2fCScD24nJMtVWnrVtOU8="}
04-25 17:09:38.199 14236 14323 D RegistrationHandler: I am the first in the network
04-25 17:09:38.200 14236 14323 D RegistrationHandler: 229947001 Registration started
04-25 17:09:38.215 14236 14323 D MulticastServer: Registration process finished: 229947001
04-25 17:09:38.234 14236 14285 D MulticastClient: Sent messages with 3 resends: [{"sender":"2@test.com","payload":"{\"ip\":\"192.168.1.57\",\"cert\":\"MIIBGjCBwqADAgECAgYBgEtMKvwwCgYIKoZIzj0EAwIwFTETMBEGA1UEAwwKVFRNNDkwNSBDQTAeFw0yMjA0MjAwODQ1MjRaFw0yMjA1MjEwODQ1MjRaMBUxEzARBgNVBAMMCjJAdGVzdC5jb20wWTATBgcqhkjOPQIBBggqhkjOPQMBBwNCAARuziVeqczih9y2IwSJ3AZuLzxwpY2VwkjEcfE8yVLxCF1qtw21\/iMvxrk2q4BpbgHrUX5EWSAEi7qJDXIS4c\/wMAoGCCqGSM49BAMCA0cAMEQCIG3JN+NQlClPB+thJTrGjfia7cfGbMyyWhJH4K0X7YymAiAUuEhh7Ol8fxrjxPTDnAemav8GQj3kHaLUj1oJ3XJ+Tg==\"}","mt":"BROADCAST_BLOCK","sig":"MEUCIAFvCtnMUE7PseyVVmkSfBw7eP47RyoOjrMs43XbPaB\/AiEAylB7DN+lb91LE4DhKrzCLUq\/qf9wdGeFUHNRpeKICow=","nonce":229947001,"seq":0,"tot":0}]
round 105 of 300
04-25 17:09:46.002 14350 14397 D MulticastServer: MULTICAST_SERVER_LISTENING
04-25 17:09:46.004 14350 14399 D MulticastServer: Registration process started with nonce 1803735099
04-25 17:09:46.008 14350 14403 D MulticastClient: REQUEST_LEDGER 1803735099
04-25 17:09:46.015 14350 14403 D MulticastClient: Sent messages with 3 resends: [{"sender":"","payload":"","mt":"REQUEST_LEDGER","sig":"","nonce":1803735099,"seq":0,"tot":0}]
04-25 17:09:48.692 14350 14405 D MulticastServer: Registration process started with nonce 580162293
04-25 17:09:48.698 14350 14405 D MulticastServer: Received request for ledger with nonce: 580162293.
04-25 17:09:48.728 14350 14405 D MulticastServer: Broadcast block received {"ip":"192.168.1.66","cert":"MIIBGzCBwqADAgECAgYBgEtLsMUwCgYIKoZIzj0EAwIwFTETMBEGA1UEAwwKVFRNNDkwNSBDQTAeFw0yMjA0MjAwODQ0NTNaFw0yMjA1MjEwODQ0NTNaMBUxEzARBgNVBAMMCjFAdGVzdC5jb20wWTATBgcqhkjOPQIBBggqhkjOPQMBBwNCAAQHFNOCHx/BBFYqT41UW1M6slehFXn+9LK4VDhtASjKBd51QxSRtYZAl+/IpTuOnQdMVvlGCMMWkSeEGOgyfwh1MAoGCCqGSM49BAMCA0gAMEUCIQD1OXIEAO1fI6+XpR936a5Ef365WnXPvrbzl8oxr0/Z8QIgV5LWkYufM8V0VqpcYcHXyI2fCScD24nJMtVWnrVtOU8="}
04-25 17:09:48.738 14350 14405 D MulticastServer: Broadcast block received {"ip":"192.168.1.66","cert":"MIIBGzCBwqADAgECAgYBgEtLsMUwCgYIKoZIzj0EAwIwFTETMBEGA1UEAwwKVFRNNDkwNSBDQTAeFw0yMjA0MjAwODQ0NTNaFw0yMjA1MjEwODQ0NTNaMBUxEzARBgNVBAMMCjFAdGVzdC5jb20wWTATBgcqhkjOPQIBBggqhkjOPQMBBwNCAAQHFNOCHx/BBFYqT41UW1M6slehFXn+9LK4VDhtASjKBd51QxSRtYZAl+/IpTuOnQdMVvlGCMMWkSeEGOgyfwh1MAoGCCqGSM49BAMCA0gAMEUCIQD1OXIEAO1fI6+XpR936a5Ef365WnXPvrbzl8oxr0/Z8QIgV5LWkYufM8V0VqpcYcHXyI2fCScD24nJMtVWnrVtOU8="}
04-25 17:09:48.741 14350 14405 D MulticastServer: Broadcast block received {"ip":"192.168.1.66","cert":"MIIBGzCBwqADAgECAgYBgEtLsMUwCgYIKoZIzj0EAwIwFTETMBEGA1UEAwwKVFRNNDkwNSBDQTAeFw0yMjA0MjAwODQ0NTNaFw0yMjA1MjEwODQ0NTNaMBUxEzARBgNVBAMMCjFAdGVzdC5jb20wWTATBgcqhkjOPQIBBggqhkjOPQMBBwNCAAQHFNOCHx/BBFYqT41UW1M6slehFXn+9LK4VDhtASjKBd51QxSRtYZAl+/IpTuOnQdMVvlGCMMWkSeEGOgyfwh1MAoGCCqGSM49BAMCA0gAMEUCIQD1OXIEAO1fI6+XpR936a5Ef365WnXPvrbzl8oxr0/Z8QIgV5LWkYufM8V0VqpcYcHXyI2fCScD24nJMtVWnrVtOU8="}
04-25 17:09:48.777 14350 14405 D MulticastServer: Broadcast block received {"ip":"192.168.1.66","cert":"MIIBGzCBwqADAgECAgYBgEtLsMUwCgYIKoZIzj0EAwIwFTETMBEGA1UEAwwKVFRNNDkwNSBDQTAeFw0yMjA0MjAwODQ0NTNaFw0yMjA1MjEwODQ0NTNaMBUxEzARBgNVBAMMCjFAdGVzdC5jb20wWTATBgcqhkjOPQIBBggqhkjOPQMBBwNCAAQHFNOCHx/BBFYqT41UW1M6slehFXn+9LK4VDhtASjKBd51QxSRtYZAl+/IpTuOnQdMVvlGCMMWkSeEGOgyfwh1MAoGCCqGSM49BAMCA0gAMEUCIQD1OXIEAO1fI6+XpR936a5Ef365WnXPvrbzl8oxr0/Z8QIgV5LWkYufM8V0VqpcYcHXyI2fCScD24nJMtVWnrVtOU8="}
04-25 17:09:52.699 14350 14433 D RegistrationHandler: I am the first in the network
04-25 17:09:52.699 14350 14433 D RegistrationHandler: 580162293 Registration started
04-25 17:09:52.713 14350 14433 D MulticastServer: Registration process finished: 580162293
04-25 17:09:52.733 14350 14403 D MulticastClient: Sent messages with 3 resends: [{"sender":"2@test.com","payload":"{\"ip\":\"192.168.1.57\",\"cert\":\"MIIBGjCBwqADAgECAgYBgEtMKvwwCgYIKoZIzj0EAwIwFTETMBEGA1UEAwwKVFRNNDkwNSBDQTAeFw0yMjA0MjAwODQ1MjRaFw0yMjA1MjEwODQ1MjRaMBUxEzARBgNVBAMMCjJAdGVzdC5jb20wWTATBgcqhkjOPQIBBggqhkjOPQMBBwNCAARuziVeqczih9y2IwSJ3AZuLzxwpY2VwkjEcfE8yVLxCF1qtw21\/iMvxrk2q4BpbgHrUX5EWSAEi7qJDXIS4c\/wMAoGCCqGSM49BAMCA0cAMEQCIG3JN+NQlClPB+thJTrGjfia7cfGbMyyWhJH4K0X7YymAiAUuEhh7Ol8fxrjxPTDnAemav8GQj3kHaLUj1oJ3XJ+Tg==\"}","mt":"BROADCAST_BLOCK","sig":"MEQCIDQeexYN\/2aS+gLexFgk6bDphn0G7DXi1F1I29V0ZhfuAiAoYtsZ5\/nOULKd9KO3Rdclzbb10jMv0EqkIdLJq43l2A==","nonce":580162293,"seq":0,"tot":0}]
round 106 of 300
04-25 17:10:00.384 14463 14511 D MulticastServer: MULTICAST_SERVER_LISTENING
04-25 17:10:00.386 14463 14513 D MulticastServer: Registration process started with nonce 1262513877
04-25 17:10:00.388 14463 14512 D MulticastClient: REQUEST_LEDGER 1262513877
04-25 17:10:00.389 14463 14512 D MulticastClient: Sent messages with 3 resends: [{"sender":"","payload":"","mt":"REQUEST_LEDGER","sig":"","nonce":1262513877,"seq":0,"tot":0}]
04-25 17:10:04.065 14463 14519 D MulticastServer: Registration process started with nonce 1242645144
04-25 17:10:04.068 14463 14519 D MulticastServer: Received request for ledger with nonce: 1242645144.
04-25 17:10:04.081 14463 14519 D MulticastServer: Broadcast block received {"ip":"192.168.1.66","cert":"MIIBGzCBwqADAgECAgYBgEtLsMUwCgYIKoZIzj0EAwIwFTETMBEGA1UEAwwKVFRNNDkwNSBDQTAeFw0yMjA0MjAwODQ0NTNaFw0yMjA1MjEwODQ0NTNaMBUxEzARBgNVBAMMCjFAdGVzdC5jb20wWTATBgcqhkjOPQIBBggqhkjOPQMBBwNCAAQHFNOCHx/BBFYqT41UW1M6slehFXn+9LK4VDhtASjKBd51QxSRtYZAl+/IpTuOnQdMVvlGCMMWkSeEGOgyfwh1MAoGCCqGSM49BAMCA0gAMEUCIQD1OXIEAO1fI6+XpR936a5Ef365WnXPvrbzl8oxr0/Z8QIgV5LWkYufM8V0VqpcYcHXyI2fCScD24nJMtVWnrVtOU8="}
04-25 17:10:04.083 14463 14519 D MulticastServer: Broadcast block received {"ip":"192.168.1.66","cert":"MIIBGzCBwqADAgECAgYBgEtLsMUwCgYIKoZIzj0EAwIwFTETMBEGA1UEAwwKVFRNNDkwNSBDQTAeFw0yMjA0MjAwODQ0NTNaFw0yMjA1MjEwODQ0NTNaMBUxEzARBgNVBAMMCjFAdGVzdC5jb20wWTATBgcqhkjOPQIBBggqhkjOPQMBBwNCAAQHFNOCHx/BBFYqT41UW1M6slehFXn+9LK4VDhtASjKBd51QxSRtYZAl+/IpTuOnQdMVvlGCMMWkSeEGOgyfwh1MAoGCCqGSM49BAMCA0gAMEUCIQD1OXIEAO1fI6+XpR936a5Ef365WnXPvrbzl8oxr0/Z8QIgV5LWkYufM8V0VqpcYcHXyI2fCScD24nJMtVWnrVtOU8="}
04-25 17:10:04.085 14463 14519 D MulticastServer: Broadcast block received {"ip":"192.168.1.66","cert":"MIIBGzCBwqADAgECAgYBgEtLsMUwCgYIKoZIzj0EAwIwFTETMBEGA1UEAwwKVFRNNDkwNSBDQTAeFw0yMjA0MjAwODQ0NTNaFw0yMjA1MjEwODQ0NTNaMBUxEzARBgNVBAMMCjFAdGVzdC5jb20wWTATBgcqhkjOPQIBBggqhkjOPQMBBwNCAAQHFNOCHx/BBFYqT41UW1M6slehFXn+9LK4VDhtASjKBd51QxSRtYZAl+/IpTuOnQdMVvlGCMMWkSeEGOgyfwh1MAoGCCqGSM49BAMCA0gAMEUCIQD1OXIEAO1fI6+XpR936a5Ef365WnXPvrbzl8oxr0/Z8QIgV5LWkYufM8V0VqpcYcHXyI2fCScD24nJMtVWnrVtOU8="}
04-25 17:10:04.270 14463 14519 D MulticastServer: Broadcast block received {"ip":"192.168.1.66","cert":"MIIBGzCBwqADAgECAgYBgEtLsMUwCgYIKoZIzj0EAwIwFTETMBEGA1UEAwwKVFRNNDkwNSBDQTAeFw0yMjA0MjAwODQ0NTNaFw0yMjA1MjEwODQ0NTNaMBUxEzARBgNVBAMMCjFAdGVzdC5jb20wWTATBgcqhkjOPQIBBggqhkjOPQMBBwNCAAQHFNOCHx/BBFYqT41UW1M6slehFXn+9LK4VDhtASjKBd51QxSRtYZAl+/IpTuOnQdMVvlGCMMWkSeEGOgyfwh1MAoGCCqGSM49BAMCA0gAMEUCIQD1OXIEAO1fI6+XpR936a5Ef365WnXPvrbzl8oxr0/Z8QIgV5LWkYufM8V0VqpcYcHXyI2fCScD24nJMtVWnrVtOU8="}
04-25 17:10:04.389 14463 14515 D RegistrationHandler: I am the first in the network
04-25 17:10:04.389 14463 14515 D RegistrationHandler: 1262513877 Registration started
04-25 17:10:04.413 14463 14512 D MulticastClient: Sent messages with 3 resends: [{"sender":"2@test.com","payload":"{\"ip\":\"192.168.1.57\",\"cert\":\"MIIBGjCBwqADAgECAgYBgEtMKvwwCgYIKoZIzj0EAwIwFTETMBEGA1UEAwwKVFRNNDkwNSBDQTAeFw0yMjA0MjAwODQ1MjRaFw0yMjA1MjEwODQ1MjRaMBUxEzARBgNVBAMMCjJAdGVzdC5jb20wWTATBgcqhkjOPQIBBggqhkjOPQMBBwNCAARuziVeqczih9y2IwSJ3AZuLzxwpY2VwkjEcfE8yVLxCF1qtw21\/iMvxrk2q4BpbgHrUX5EWSAEi7qJDXIS4c\/wMAoGCCqGSM49BAMCA0cAMEQCIG3JN+NQlClPB+thJTrGjfia7cfGbMyyWhJH4K0X7YymAiAUuEhh7Ol8fxrjxPTDnAemav8GQj3kHaLUj1oJ3XJ+Tg==\"}","mt":"BROADCAST_BLOCK","sig":"MEUCIQCRDENyQkCqKZqGC\/CB6+nFpXl4CWWyCRUDrjyOKwDA4AIgQ86JUnoROGEpCXTx+cGb+\/oeARJ4Ryxnxsvuh5Bf07k=","nonce":1262513877,"seq":0,"tot":0}]
04-25 17:10:04.418 14463 14515 D MulticastServer: Registration process finished: 1262513877
round 107 of 300
04-25 17:10:14.833 14579 14629 D MulticastServer: MULTICAST_SERVER_LISTENING
04-25 17:10:14.835 14579 14631 D MulticastServer: Registration process started with nonce 2057182573
04-25 17:10:14.837 14579 14635 D MulticastClient: REQUEST_LEDGER 2057182573
04-25 17:10:14.838 14579 14635 D MulticastClient: Sent messages with 3 resends: [{"sender":"","payload":"","mt":"REQUEST_LEDGER","sig":"","nonce":2057182573,"seq":0,"tot":0}]
04-25 17:10:16.584 14579 14638 D MulticastServer: Registration process started with nonce 1437081522
04-25 17:10:16.587 14579 14638 D MulticastServer: Received request for ledger with nonce: 1437081522.
04-25 17:10:16.976 14579 14638 D MulticastServer: Broadcast block received {"ip":"192.168.1.66","cert":"MIIBGzCBwqADAgECAgYBgEtLsMUwCgYIKoZIzj0EAwIwFTETMBEGA1UEAwwKVFRNNDkwNSBDQTAeFw0yMjA0MjAwODQ0NTNaFw0yMjA1MjEwODQ0NTNaMBUxEzARBgNVBAMMCjFAdGVzdC5jb20wWTATBgcqhkjOPQIBBggqhkjOPQMBBwNCAAQHFNOCHx/BBFYqT41UW1M6slehFXn+9LK4VDhtASjKBd51QxSRtYZAl+/IpTuOnQdMVvlGCMMWkSeEGOgyfwh1MAoGCCqGSM49BAMCA0gAMEUCIQD1OXIEAO1fI6+XpR936a5Ef365WnXPvrbzl8oxr0/Z8QIgV5LWkYufM8V0VqpcYcHXyI2fCScD24nJMtVWnrVtOU8="}
04-25 17:10:16.986 14579 14638 D MulticastServer: Broadcast block received {"ip":"192.168.1.66","cert":"MIIBGzCBwqADAgECAgYBgEtLsMUwCgYIKoZIzj0EAwIwFTETMBEGA1UEAwwKVFRNNDkwNSBDQTAeFw0yMjA0MjAwODQ0NTNaFw0yMjA1MjEwODQ0NTNaMBUxEzARBgNVBAMMCjFAdGVzdC5jb20wWTATBgcqhkjOPQIBBggqhkjOPQMBBwNCAAQHFNOCHx/BBFYqT41UW1M6slehFXn+9LK4VDhtASjKBd51QxSRtYZAl+/IpTuOnQdMVvlGCMMWkSeEGOgyfwh1MAoGCCqGSM49BAMCA0gAMEUCIQD1OXIEAO1fI6+XpR936a5Ef365WnXPvrbzl8oxr0/Z8QIgV5LWkYufM8V0VqpcYcHXyI2fCScD24nJMtVWnrVtOU8="}
04-25 17:10:20.590 14579 14655 D RegistrationHandler: I am the first in the network
04-25 17:10:20.590 14579 14655 D RegistrationHandler: 1437081522 Registration started
04-25 17:10:20.605 14579 14655 D MulticastServer: Registration process finished: 1437081522
04-25 17:10:20.628 14579 14635 D MulticastClient: Sent messages with 3 resends: [{"sender":"2@test.com","payload":"{\"ip\":\"192.168.1.57\",\"cert\":\"MIIBGjCBwqADAgECAgYBgEtMKvwwCgYIKoZIzj0EAwIwFTETMBEGA1UEAwwKVFRNNDkwNSBDQTAeFw0yMjA0MjAwODQ1MjRaFw0yMjA1MjEwODQ1MjRaMBUxEzARBgNVBAMMCjJAdGVzdC5jb20wWTATBgcqhkjOPQIBBggqhkjOPQMBBwNCAARuziVeqczih9y2IwSJ3AZuLzxwpY2VwkjEcfE8yVLxCF1qtw21\/iMvxrk2q4BpbgHrUX5EWSAEi7qJDXIS4c\/wMAoGCCqGSM49BAMCA0cAMEQCIG3JN+NQlClPB+thJTrGjfia7cfGbMyyWhJH4K0X7YymAiAUuEhh7Ol8fxrjxPTDnAemav8GQj3kHaLUj1oJ3XJ+Tg==\"}","mt":"BROADCAST_BLOCK","sig":"MEQCIHVYJhTh3pyDMZl58dC\/5d+wtZFaRmi2SqnMWO0AmxhZAiAfpkUD4zhkLAAtGMZtwy1oYalRzf1oKlntwo9+ck9zjA==","nonce":1437081522,"seq":0,"tot":0}]
round 108 of 300
04-25 17:10:29.207 14684 14733 D MulticastServer: MULTICAST_SERVER_LISTENING
04-25 17:10:29.209 14684 14735 D MulticastServer: Registration process started with nonce 1466889897
04-25 17:10:29.212 14684 14734 D MulticastClient: REQUEST_LEDGER 1466889897
04-25 17:10:29.213 14684 14734 D MulticastClient: Sent messages with 3 resends: [{"sender":"","payload":"","mt":"REQUEST_LEDGER","sig":"","nonce":1466889897,"seq":0,"tot":0}]
04-25 17:10:32.135 14684 14741 D MulticastServer: Registration process started with nonce 732538344
04-25 17:10:32.140 14684 14741 D MulticastServer: Received request for ledger with nonce: 732538344.
04-25 17:10:32.175 14684 14741 D MulticastServer: Broadcast block received {"ip":"192.168.1.66","cert":"MIIBGzCBwqADAgECAgYBgEtLsMUwCgYIKoZIzj0EAwIwFTETMBEGA1UEAwwKVFRNNDkwNSBDQTAeFw0yMjA0MjAwODQ0NTNaFw0yMjA1MjEwODQ0NTNaMBUxEzARBgNVBAMMCjFAdGVzdC5jb20wWTATBgcqhkjOPQIBBggqhkjOPQMBBwNCAAQHFNOCHx/BBFYqT41UW1M6slehFXn+9LK4VDhtASjKBd51QxSRtYZAl+/IpTuOnQdMVvlGCMMWkSeEGOgyfwh1MAoGCCqGSM49BAMCA0gAMEUCIQD1OXIEAO1fI6+XpR936a5Ef365WnXPvrbzl8oxr0/Z8QIgV5LWkYufM8V0VqpcYcHXyI2fCScD24nJMtVWnrVtOU8="}
04-25 17:10:32.323 14684 14741 D MulticastServer: Broadcast block received {"ip":"192.168.1.66","cert":"MIIBGzCBwqADAgECAgYBgEtLsMUwCgYIKoZIzj0EAwIwFTETMBEGA1UEAwwKVFRNNDkwNSBDQTAeFw0yMjA0MjAwODQ0NTNaFw0yMjA1MjEwODQ0NTNaMBUxEzARBgNVBAMMCjFAdGVzdC5jb20wWTATBgcqhkjOPQIBBggqhkjOPQMBBwNCAAQHFNOCHx/BBFYqT41UW1M6slehFXn+9LK4VDhtASjKBd51QxSRtYZAl+/IpTuOnQdMVvlGCMMWkSeEGOgyfwh1MAoGCCqGSM49BAMCA0gAMEUCIQD1OXIEAO1fI6+XpR936a5Ef365WnXPvrbzl8oxr0/Z8QIgV5LWkYufM8V0VqpcYcHXyI2fCScD24nJMtVWnrVtOU8="}
04-25 17:10:32.330 14684 14741 D MulticastServer: Broadcast block received {"ip":"192.168.1.66","cert":"MIIBGzCBwqADAgECAgYBgEtLsMUwCgYIKoZIzj0EAwIwFTETMBEGA1UEAwwKVFRNNDkwNSBDQTAeFw0yMjA0MjAwODQ0NTNaFw0yMjA1MjEwODQ0NTNaMBUxEzARBgNVBAMMCjFAdGVzdC5jb20wWTATBgcqhkjOPQIBBggqhkjOPQMBBwNCAAQHFNOCHx/BBFYqT41UW1M6slehFXn+9LK4VDhtASjKBd51QxSRtYZAl+/IpTuOnQdMVvlGCMMWkSeEGOgyfwh1MAoGCCqGSM49BAMCA0gAMEUCIQD1OXIEAO1fI6+XpR936a5Ef365WnXPvrbzl8oxr0/Z8QIgV5LWkYufM8V0VqpcYcHXyI2fCScD24nJMtVWnrVtOU8="}
04-25 17:10:32.335 14684 14741 D MulticastServer: Broadcast block received {"ip":"192.168.1.66","cert":"MIIBGzCBwqADAgECAgYBgEtLsMUwCgYIKoZIzj0EAwIwFTETMBEGA1UEAwwKVFRNNDkwNSBDQTAeFw0yMjA0MjAwODQ0NTNaFw0yMjA1MjEwODQ0NTNaMBUxEzARBgNVBAMMCjFAdGVzdC5jb20wWTATBgcqhkjOPQIBBggqhkjOPQMBBwNCAAQHFNOCHx/BBFYqT41UW1M6slehFXn+9LK4VDhtASjKBd51QxSRtYZAl+/IpTuOnQdMVvlGCMMWkSeEGOgyfwh1MAoGCCqGSM49BAMCA0gAMEUCIQD1OXIEAO1fI6+XpR936a5Ef365WnXPvrbzl8oxr0/Z8QIgV5LWkYufM8V0VqpcYcHXyI2fCScD24nJMtVWnrVtOU8="}
04-25 17:10:33.214 14684 14737 D RegistrationHandler: I am the first in the network
04-25 17:10:33.214 14684 14737 D RegistrationHandler: 1466889897 Registration started
04-25 17:10:33.241 14684 14734 D MulticastClient: Sent messages with 3 resends: [{"sender":"2@test.com","payload":"{\"ip\":\"192.168.1.57\",\"cert\":\"MIIBGjCBwqADAgECAgYBgEtMKvwwCgYIKoZIzj0EAwIwFTETMBEGA1UEAwwKVFRNNDkwNSBDQTAeFw0yMjA0MjAwODQ1MjRaFw0yMjA1MjEwODQ1MjRaMBUxEzARBgNVBAMMCjJAdGVzdC5jb20wWTATBgcqhkjOPQIBBggqhkjOPQMBBwNCAARuziVeqczih9y2IwSJ3AZuLzxwpY2VwkjEcfE8yVLxCF1qtw21\/iMvxrk2q4BpbgHrUX5EWSAEi7qJDXIS4c\/wMAoGCCqGSM49BAMCA0cAMEQCIG3JN+NQlClPB+thJTrGjfia7cfGbMyyWhJH4K0X7YymAiAUuEhh7Ol8fxrjxPTDnAemav8GQj3kHaLUj1oJ3XJ+Tg==\"}","mt":"BROADCAST_BLOCK","sig":"MEYCIQDKev3DYqh4NeM8B6XorIWmrvot2souBEQNKboq\/h4utAIhAPUW6qTYKeityOvSAxu552P5lSFm+Be7QnJraLt5fQ1z","nonce":1466889897,"seq":0,"tot":0}]
04-25 17:10:33.241 14684 14737 D MulticastServer: Registration process finished: 1466889897
04-25 17:10:36.143 14684 14769 D RegistrationHandler: I am the first in the network
04-25 17:10:36.144 14684 14769 D MulticastServer: Registration process finished: 732538344
round 109 of 300
04-25 17:10:43.639 14799 14847 D MulticastServer: MULTICAST_SERVER_LISTENING
04-25 17:10:43.641 14799 14849 D MulticastServer: Registration process started with nonce 541781314
04-25 17:10:43.644 14799 14848 D MulticastClient: REQUEST_LEDGER 541781314
04-25 17:10:43.645 14799 14848 D MulticastClient: Sent messages with 3 resends: [{"sender":"","payload":"","mt":"REQUEST_LEDGER","sig":"","nonce":541781314,"seq":0,"tot":0}]
04-25 17:10:45.864 14799 14856 D MulticastServer: Registration process started with nonce 1054585319
04-25 17:10:45.868 14799 14856 D MulticastServer: Received request for ledger with nonce: 1054585319.
04-25 17:10:45.928 14799 14856 D MulticastServer: Broadcast block received {"ip":"192.168.1.66","cert":"MIIBGzCBwqADAgECAgYBgEtLsMUwCgYIKoZIzj0EAwIwFTETMBEGA1UEAwwKVFRNNDkwNSBDQTAeFw0yMjA0MjAwODQ0NTNaFw0yMjA1MjEwODQ0NTNaMBUxEzARBgNVBAMMCjFAdGVzdC5jb20wWTATBgcqhkjOPQIBBggqhkjOPQMBBwNCAAQHFNOCHx/BBFYqT41UW1M6slehFXn+9LK4VDhtASjKBd51QxSRtYZAl+/IpTuOnQdMVvlGCMMWkSeEGOgyfwh1MAoGCCqGSM49BAMCA0gAMEUCIQD1OXIEAO1fI6+XpR936a5Ef365WnXPvrbzl8oxr0/Z8QIgV5LWkYufM8V0VqpcYcHXyI2fCScD24nJMtVWnrVtOU8="}
04-25 17:10:45.935 14799 14856 D MulticastServer: Broadcast block received {"ip":"192.168.1.66","cert":"MIIBGzCBwqADAgECAgYBgEtLsMUwCgYIKoZIzj0EAwIwFTETMBEGA1UEAwwKVFRNNDkwNSBDQTAeFw0yMjA0MjAwODQ0NTNaFw0yMjA1MjEwODQ0NTNaMBUxEzARBgNVBAMMCjFAdGVzdC5jb20wWTATBgcqhkjOPQIBBggqhkjOPQMBBwNCAAQHFNOCHx/BBFYqT41UW1M6slehFXn+9LK4VDhtASjKBd51QxSRtYZAl+/IpTuOnQdMVvlGCMMWkSeEGOgyfwh1MAoGCCqGSM49BAMCA0gAMEUCIQD1OXIEAO1fI6+XpR936a5Ef365WnXPvrbzl8oxr0/Z8QIgV5LWkYufM8V0VqpcYcHXyI2fCScD24nJMtVWnrVtOU8="}
04-25 17:10:45.939 14799 14856 D MulticastServer: Broadcast block received {"ip":"192.168.1.66","cert":"MIIBGzCBwqADAgECAgYBgEtLsMUwCgYIKoZIzj0EAwIwFTETMBEGA1UEAwwKVFRNNDkwNSBDQTAeFw0yMjA0MjAwODQ0NTNaFw0yMjA1MjEwODQ0NTNaMBUxEzARBgNVBAMMCjFAdGVzdC5jb20wWTATBgcqhkjOPQIBBggqhkjOPQMBBwNCAAQHFNOCHx/BBFYqT41UW1M6slehFXn+9LK4VDhtASjKBd51QxSRtYZAl+/IpTuOnQdMVvlGCMMWkSeEGOgyfwh1MAoGCCqGSM49BAMCA0gAMEUCIQD1OXIEAO1fI6+XpR936a5Ef365WnXPvrbzl8oxr0/Z8QIgV5LWkYufM8V0VqpcYcHXyI2fCScD24nJMtVWnrVtOU8="}
04-25 17:10:45.942 14799 14856 D MulticastServer: Broadcast block received {"ip":"192.168.1.66","cert":"MIIBGzCBwqADAgECAgYBgEtLsMUwCgYIKoZIzj0EAwIwFTETMBEGA1UEAwwKVFRNNDkwNSBDQTAeFw0yMjA0MjAwODQ0NTNaFw0yMjA1MjEwODQ0NTNaMBUxEzARBgNVBAMMCjFAdGVzdC5jb20wWTATBgcqhkjOPQIBBggqhkjOPQMBBwNCAAQHFNOCHx/BBFYqT41UW1M6slehFXn+9LK4VDhtASjKBd51QxSRtYZAl+/IpTuOnQdMVvlGCMMWkSeEGOgyfwh1MAoGCCqGSM49BAMCA0gAMEUCIQD1OXIEAO1fI6+XpR936a5Ef365WnXPvrbzl8oxr0/Z8QIgV5LWkYufM8V0VqpcYcHXyI2fCScD24nJMtVWnrVtOU8="}
04-25 17:10:49.872 14799 14886 D RegistrationHandler: I am the first in the network
04-25 17:10:49.873 14799 14886 D RegistrationHandler: 1054585319 Registration started
04-25 17:10:49.888 14799 14886 D MulticastServer: Registration process finished: 1054585319
04-25 17:10:49.912 14799 14848 D MulticastClient: Sent messages with 3 resends: [{"sender":"2@test.com","payload":"{\"ip\":\"192.168.1.57\",\"cert\":\"MIIBGjCBwqADAgECAgYBgEtMKvwwCgYIKoZIzj0EAwIwFTETMBEGA1UEAwwKVFRNNDkwNSBDQTAeFw0yMjA0MjAwODQ1MjRaFw0yMjA1MjEwODQ1MjRaMBUxEzARBgNVBAMMCjJAdGVzdC5jb20wWTATBgcqhkjOPQIBBggqhkjOPQMBBwNCAARuziVeqczih9y2IwSJ3AZuLzxwpY2VwkjEcfE8yVLxCF1qtw21\/iMvxrk2q4BpbgHrUX5EWSAEi7qJDXIS4c\/wMAoGCCqGSM49BAMCA0cAMEQCIG3JN+NQlClPB+thJTrGjfia7cfGbMyyWhJH4K0X7YymAiAUuEhh7Ol8fxrjxPTDnAemav8GQj3kHaLUj1oJ3XJ+Tg==\"}","mt":"BROADCAST_BLOCK","sig":"MEQCIBzAuS7XJsMnScKtYhL\/8YxgoUN6G0RyowltGMm\/Sc\/8AiA8oLgE\/3JGc9Jbxxq\/BGKi7tjxklRjNJciOzf6hJFMOQ==","nonce":1054585319,"seq":0,"tot":0}]
round 110 of 300
04-25 17:10:58.056 14912 14960 D MulticastServer: MULTICAST_SERVER_LISTENING
04-25 17:10:58.058 14912 14962 D MulticastServer: Registration process started with nonce 1625916530
04-25 17:10:58.061 14912 14961 D MulticastClient: REQUEST_LEDGER 1625916530
04-25 17:10:58.062 14912 14961 D MulticastClient: Sent messages with 3 resends: [{"sender":"","payload":"","mt":"REQUEST_LEDGER","sig":"","nonce":1625916530,"seq":0,"tot":0}]
04-25 17:11:01.623 14912 14968 D MulticastServer: Registration process started with nonce 1502409401
04-25 17:11:01.626 14912 14968 D MulticastServer: Received request for ledger with nonce: 1502409401.
04-25 17:11:01.639 14912 14968 D MulticastServer: Broadcast block received {"ip":"192.168.1.66","cert":"MIIBGzCBwqADAgECAgYBgEtLsMUwCgYIKoZIzj0EAwIwFTETMBEGA1UEAwwKVFRNNDkwNSBDQTAeFw0yMjA0MjAwODQ0NTNaFw0yMjA1MjEwODQ0NTNaMBUxEzARBgNVBAMMCjFAdGVzdC5jb20wWTATBgcqhkjOPQIBBggqhkjOPQMBBwNCAAQHFNOCHx/BBFYqT41UW1M6slehFXn+9LK4VDhtASjKBd51QxSRtYZAl+/IpTuOnQdMVvlGCMMWkSeEGOgyfwh1MAoGCCqGSM49BAMCA0gAMEUCIQD1OXIEAO1fI6+XpR936a5Ef365WnXPvrbzl8oxr0/Z8QIgV5LWkYufM8V0VqpcYcHXyI2fCScD24nJMtVWnrVtOU8="}
04-25 17:11:01.643 14912 14968 D MulticastServer: Broadcast block received {"ip":"192.168.1.66","cert":"MIIBGzCBwqADAgECAgYBgEtLsMUwCgYIKoZIzj0EAwIwFTETMBEGA1UEAwwKVFRNNDkwNSBDQTAeFw0yMjA0MjAwODQ0NTNaFw0yMjA1MjEwODQ0NTNaMBUxEzARBgNVBAMMCjFAdGVzdC5jb20wWTATBgcqhkjOPQIBBggqhkjOPQMBBwNCAAQHFNOCHx/BBFYqT41UW1M6slehFXn+9LK4VDhtASjKBd51QxSRtYZAl+/IpTuOnQdMVvlGCMMWkSeEGOgyfwh1MAoGCCqGSM49BAMCA0gAMEUCIQD1OXIEAO1fI6+XpR936a5Ef365WnXPvrbzl8oxr0/Z8QIgV5LWkYufM8V0VqpcYcHXyI2fCScD24nJMtVWnrVtOU8="}
04-25 17:11:01.647 14912 14968 D MulticastServer: Broadcast block received {"ip":"192.168.1.66","cert":"MIIBGzCBwqADAgECAgYBgEtLsMUwCgYIKoZIzj0EAwIwFTETMBEGA1UEAwwKVFRNNDkwNSBDQTAeFw0yMjA0MjAwODQ0NTNaFw0yMjA1MjEwODQ0NTNaMBUxEzARBgNVBAMMCjFAdGVzdC5jb20wWTATBgcqhkjOPQIBBggqhkjOPQMBBwNCAAQHFNOCHx/BBFYqT41UW1M6slehFXn+9LK4VDhtASjKBd51QxSRtYZAl+/IpTuOnQdMVvlGCMMWkSeEGOgyfwh1MAoGCCqGSM49BAMCA0gAMEUCIQD1OXIEAO1fI6+XpR936a5Ef365WnXPvrbzl8oxr0/Z8QIgV5LWkYufM8V0VqpcYcHXyI2fCScD24nJMtVWnrVtOU8="}
04-25 17:11:01.817 14912 14968 D MulticastServer: Broadcast block received {"ip":"192.168.1.66","cert":"MIIBGzCBwqADAgECAgYBgEtLsMUwCgYIKoZIzj0EAwIwFTETMBEGA1UEAwwKVFRNNDkwNSBDQTAeFw0yMjA0MjAwODQ0NTNaFw0yMjA1MjEwODQ0NTNaMBUxEzARBgNVBAMMCjFAdGVzdC5jb20wWTATBgcqhkjOPQIBBggqhkjOPQMBBwNCAAQHFNOCHx/BBFYqT41UW1M6slehFXn+9LK4VDhtASjKBd51QxSRtYZAl+/IpTuOnQdMVvlGCMMWkSeEGOgyfwh1MAoGCCqGSM49BAMCA0gAMEUCIQD1OXIEAO1fI6+XpR936a5Ef365WnXPvrbzl8oxr0/Z8QIgV5LWkYufM8V0VqpcYcHXyI2fCScD24nJMtVWnrVtOU8="}
04-25 17:11:05.628 14912 14985 D RegistrationHandler: I am the first in the network
04-25 17:11:05.628 14912 14985 D RegistrationHandler: 1502409401 Registration started
04-25 17:11:05.643 14912 14985 D MulticastServer: Registration process finished: 1502409401
04-25 17:11:05.666 14912 14961 D MulticastClient: Sent messages with 3 resends: [{"sender":"2@test.com","payload":"{\"ip\":\"192.168.1.57\",\"cert\":\"MIIBGjCBwqADAgECAgYBgEtMKvwwCgYIKoZIzj0EAwIwFTETMBEGA1UEAwwKVFRNNDkwNSBDQTAeFw0yMjA0MjAwODQ1MjRaFw0yMjA1MjEwODQ1MjRaMBUxEzARBgNVBAMMCjJAdGVzdC5jb20wWTATBgcqhkjOPQIBBggqhkjOPQMBBwNCAARuziVeqczih9y2IwSJ3AZuLzxwpY2VwkjEcfE8yVLxCF1qtw21\/iMvxrk2q4BpbgHrUX5EWSAEi7qJDXIS4c\/wMAoGCCqGSM49BAMCA0cAMEQCIG3JN+NQlClPB+thJTrGjfia7cfGbMyyWhJH4K0X7YymAiAUuEhh7Ol8fxrjxPTDnAemav8GQj3kHaLUj1oJ3XJ+Tg==\"}","mt":"BROADCAST_BLOCK","sig":"MEYCIQC7fa2\/OCG\/NR4sZrdzpUG7UrFLO3XktXYO98b86X\/mUQIhALhlEVt2eiA6fbIfEfM0OGJtYEVkjc2b7AUEUrjsXTRl","nonce":1502409401,"seq":0,"tot":0}]
round 111 of 300
04-25 17:11:12.510 15014 15062 D MulticastServer: MULTICAST_SERVER_LISTENING
04-25 17:11:12.515 15014 15064 D MulticastServer: Registration process started with nonce 832948939
04-25 17:11:12.520 15014 15069 D MulticastClient: REQUEST_LEDGER 832948939
04-25 17:11:12.522 15014 15069 D MulticastClient: Sent messages with 3 resends: [{"sender":"","payload":"","mt":"REQUEST_LEDGER","sig":"","nonce":832948939,"seq":0,"tot":0}]
04-25 17:11:16.384 15014 15072 D MulticastServer: Registration process started with nonce 960640925
04-25 17:11:16.389 15014 15072 D MulticastServer: Received request for ledger with nonce: 960640925.
04-25 17:11:16.520 15014 15066 D RegistrationHandler: I am the first in the network
04-25 17:11:16.520 15014 15066 D RegistrationHandler: 832948939 Registration started
04-25 17:11:16.537 15014 15066 D MulticastServer: Registration process finished: 832948939
04-25 17:11:16.558 15014 15072 D MulticastServer: Broadcast block received {"ip":"192.168.1.66","cert":"MIIBGzCBwqADAgECAgYBgEtLsMUwCgYIKoZIzj0EAwIwFTETMBEGA1UEAwwKVFRNNDkwNSBDQTAeFw0yMjA0MjAwODQ0NTNaFw0yMjA1MjEwODQ0NTNaMBUxEzARBgNVBAMMCjFAdGVzdC5jb20wWTATBgcqhkjOPQIBBggqhkjOPQMBBwNCAAQHFNOCHx/BBFYqT41UW1M6slehFXn+9LK4VDhtASjKBd51QxSRtYZAl+/IpTuOnQdMVvlGCMMWkSeEGOgyfwh1MAoGCCqGSM49BAMCA0gAMEUCIQD1OXIEAO1fI6+XpR936a5Ef365WnXPvrbzl8oxr0/Z8QIgV5LWkYufM8V0VqpcYcHXyI2fCScD24nJMtVWnrVtOU8="}
04-25 17:11:16.563 15014 15072 D MulticastServer: Broadcast block received {"ip":"192.168.1.66","cert":"MIIBGzCBwqADAgECAgYBgEtLsMUwCgYIKoZIzj0EAwIwFTETMBEGA1UEAwwKVFRNNDkwNSBDQTAeFw0yMjA0MjAwODQ0NTNaFw0yMjA1MjEwODQ0NTNaMBUxEzARBgNVBAMMCjFAdGVzdC5jb20wWTATBgcqhkjOPQIBBggqhkjOPQMBBwNCAAQHFNOCHx/BBFYqT41UW1M6slehFXn+9LK4VDhtASjKBd51QxSRtYZAl+/IpTuOnQdMVvlGCMMWkSeEGOgyfwh1MAoGCCqGSM49BAMCA0gAMEUCIQD1OXIEAO1fI6+XpR936a5Ef365WnXPvrbzl8oxr0/Z8QIgV5LWkYufM8V0VqpcYcHXyI2fCScD24nJMtVWnrVtOU8="}
04-25 17:11:16.570 15014 15069 D MulticastClient: Sent messages with 3 resends: [{"sender":"2@test.com","payload":"{\"ip\":\"192.168.1.57\",\"cert\":\"MIIBGjCBwqADAgECAgYBgEtMKvwwCgYIKoZIzj0EAwIwFTETMBEGA1UEAwwKVFRNNDkwNSBDQTAeFw0yMjA0MjAwODQ1MjRaFw0yMjA1MjEwODQ1MjRaMBUxEzARBgNVBAMMCjJAdGVzdC5jb20wWTATBgcqhkjOPQIBBggqhkjOPQMBBwNCAARuziVeqczih9y2IwSJ3AZuLzxwpY2VwkjEcfE8yVLxCF1qtw21\/iMvxrk2q4BpbgHrUX5EWSAEi7qJDXIS4c\/wMAoGCCqGSM49BAMCA0cAMEQCIG3JN+NQlClPB+thJTrGjfia7cfGbMyyWhJH4K0X7YymAiAUuEhh7Ol8fxrjxPTDnAemav8GQj3kHaLUj1oJ3XJ+Tg==\"}","mt":"BROADCAST_BLOCK","sig":"MEUCIDfyV8ykRNssJ6EFjjfxW5CQYemf7z+RrTdNJcvpUe0IAiEA4YwxQeGjv1eAN8ssbk8ICIqDsm45PllrlbOh5S7vzLg=","nonce":832948939,"seq":0,"tot":0}]
04-25 17:11:16.767 15014 15072 D MulticastServer: Broadcast block received {"ip":"192.168.1.66","cert":"MIIBGzCBwqADAgECAgYBgEtLsMUwCgYIKoZIzj0EAwIwFTETMBEGA1UEAwwKVFRNNDkwNSBDQTAeFw0yMjA0MjAwODQ0NTNaFw0yMjA1MjEwODQ0NTNaMBUxEzARBgNVBAMMCjFAdGVzdC5jb20wWTATBgcqhkjOPQIBBggqhkjOPQMBBwNCAAQHFNOCHx/BBFYqT41UW1M6slehFXn+9LK4VDhtASjKBd51QxSRtYZAl+/IpTuOnQdMVvlGCMMWkSeEGOgyfwh1MAoGCCqGSM49BAMCA0gAMEUCIQD1OXIEAO1fI6+XpR936a5Ef365WnXPvrbzl8oxr0/Z8QIgV5LWkYufM8V0VqpcYcHXyI2fCScD24nJMtVWnrVtOU8="}
04-25 17:11:16.775 15014 15072 D MulticastServer: Broadcast block received {"ip":"192.168.1.66","cert":"MIIBGzCBwqADAgECAgYBgEtLsMUwCgYIKoZIzj0EAwIwFTETMBEGA1UEAwwKVFRNNDkwNSBDQTAeFw0yMjA0MjAwODQ0NTNaFw0yMjA1MjEwODQ0NTNaMBUxEzARBgNVBAMMCjFAdGVzdC5jb20wWTATBgcqhkjOPQIBBggqhkjOPQMBBwNCAAQHFNOCHx/BBFYqT41UW1M6slehFXn+9LK4VDhtASjKBd51QxSRtYZAl+/IpTuOnQdMVvlGCMMWkSeEGOgyfwh1MAoGCCqGSM49BAMCA0gAMEUCIQD1OXIEAO1fI6+XpR936a5Ef365WnXPvrbzl8oxr0/Z8QIgV5LWkYufM8V0VqpcYcHXyI2fCScD24nJMtVWnrVtOU8="}
round 112 of 300
04-25 17:11:26.921 15130 15177 D MulticastServer: MULTICAST_SERVER_LISTENING
04-25 17:11:26.923 15130 15179 D MulticastServer: Registration process started with nonce 457693515
04-25 17:11:26.927 15130 15178 D MulticastClient: REQUEST_LEDGER 457693515
04-25 17:11:26.934 15130 15178 D MulticastClient: Sent messages with 3 resends: [{"sender":"","payload":"","mt":"REQUEST_LEDGER","sig":"","nonce":457693515,"seq":0,"tot":0}]
04-25 17:11:30.287 15130 15185 D MulticastServer: Registration process started with nonce 1030768461
04-25 17:11:30.293 15130 15185 D MulticastServer: Received request for ledger with nonce: 1030768461.
04-25 17:11:30.490 15130 15185 D MulticastServer: Broadcast block received {"ip":"192.168.1.66","cert":"MIIBGzCBwqADAgECAgYBgEtLsMUwCgYIKoZIzj0EAwIwFTETMBEGA1UEAwwKVFRNNDkwNSBDQTAeFw0yMjA0MjAwODQ0NTNaFw0yMjA1MjEwODQ0NTNaMBUxEzARBgNVBAMMCjFAdGVzdC5jb20wWTATBgcqhkjOPQIBBggqhkjOPQMBBwNCAAQHFNOCHx/BBFYqT41UW1M6slehFXn+9LK4VDhtASjKBd51QxSRtYZAl+/IpTuOnQdMVvlGCMMWkSeEGOgyfwh1MAoGCCqGSM49BAMCA0gAMEUCIQD1OXIEAO1fI6+XpR936a5Ef365WnXPvrbzl8oxr0/Z8QIgV5LWkYufM8V0VqpcYcHXyI2fCScD24nJMtVWnrVtOU8="}
04-25 17:11:30.497 15130 15185 D MulticastServer: Broadcast block received {"ip":"192.168.1.66","cert":"MIIBGzCBwqADAgECAgYBgEtLsMUwCgYIKoZIzj0EAwIwFTETMBEGA1UEAwwKVFRNNDkwNSBDQTAeFw0yMjA0MjAwODQ0NTNaFw0yMjA1MjEwODQ0NTNaMBUxEzARBgNVBAMMCjFAdGVzdC5jb20wWTATBgcqhkjOPQIBBggqhkjOPQMBBwNCAAQHFNOCHx/BBFYqT41UW1M6slehFXn+9LK4VDhtASjKBd51QxSRtYZAl+/IpTuOnQdMVvlGCMMWkSeEGOgyfwh1MAoGCCqGSM49BAMCA0gAMEUCIQD1OXIEAO1fI6+XpR936a5Ef365WnXPvrbzl8oxr0/Z8QIgV5LWkYufM8V0VqpcYcHXyI2fCScD24nJMtVWnrVtOU8="}
04-25 17:11:30.501 15130 15185 D MulticastServer: Broadcast block received {"ip":"192.168.1.66","cert":"MIIBGzCBwqADAgECAgYBgEtLsMUwCgYIKoZIzj0EAwIwFTETMBEGA1UEAwwKVFRNNDkwNSBDQTAeFw0yMjA0MjAwODQ0NTNaFw0yMjA1MjEwODQ0NTNaMBUxEzARBgNVBAMMCjFAdGVzdC5jb20wWTATBgcqhkjOPQIBBggqhkjOPQMBBwNCAAQHFNOCHx/BBFYqT41UW1M6slehFXn+9LK4VDhtASjKBd51QxSRtYZAl+/IpTuOnQdMVvlGCMMWkSeEGOgyfwh1MAoGCCqGSM49BAMCA0gAMEUCIQD1OXIEAO1fI6+XpR936a5Ef365WnXPvrbzl8oxr0/Z8QIgV5LWkYufM8V0VqpcYcHXyI2fCScD24nJMtVWnrVtOU8="}
04-25 17:11:30.503 15130 15185 D MulticastServer: Broadcast block received {"ip":"192.168.1.66","cert":"MIIBGzCBwqADAgECAgYBgEtLsMUwCgYIKoZIzj0EAwIwFTETMBEGA1UEAwwKVFRNNDkwNSBDQTAeFw0yMjA0MjAwODQ0NTNaFw0yMjA1MjEwODQ0NTNaMBUxEzARBgNVBAMMCjFAdGVzdC5jb20wWTATBgcqhkjOPQIBBggqhkjOPQMBBwNCAAQHFNOCHx/BBFYqT41UW1M6slehFXn+9LK4VDhtASjKBd51QxSRtYZAl+/IpTuOnQdMVvlGCMMWkSeEGOgyfwh1MAoGCCqGSM49BAMCA0gAMEUCIQD1OXIEAO1fI6+XpR936a5Ef365WnXPvrbzl8oxr0/Z8QIgV5LWkYufM8V0VqpcYcHXyI2fCScD24nJMtVWnrVtOU8="}
04-25 17:11:34.295 15130 15219 D RegistrationHandler: I am the first in the network
04-25 17:11:34.295 15130 15219 D RegistrationHandler: 1030768461 Registration started
04-25 17:11:34.310 15130 15219 D MulticastServer: Registration process finished: 1030768461
04-25 17:11:34.339 15130 15178 D MulticastClient: Sent messages with 3 resends: [{"sender":"2@test.com","payload":"{\"ip\":\"192.168.1.57\",\"cert\":\"MIIBGjCBwqADAgECAgYBgEtMKvwwCgYIKoZIzj0EAwIwFTETMBEGA1UEAwwKVFRNNDkwNSBDQTAeFw0yMjA0MjAwODQ1MjRaFw0yMjA1MjEwODQ1MjRaMBUxEzARBgNVBAMMCjJAdGVzdC5jb20wWTATBgcqhkjOPQIBBggqhkjOPQMBBwNCAARuziVeqczih9y2IwSJ3AZuLzxwpY2VwkjEcfE8yVLxCF1qtw21\/iMvxrk2q4BpbgHrUX5EWSAEi7qJDXIS4c\/wMAoGCCqGSM49BAMCA0cAMEQCIG3JN+NQlClPB+thJTrGjfia7cfGbMyyWhJH4K0X7YymAiAUuEhh7Ol8fxrjxPTDnAemav8GQj3kHaLUj1oJ3XJ+Tg==\"}","mt":"BROADCAST_BLOCK","sig":"MEUCIQDBjIRYtbJJP9iclY4KhON3VCmE1DChIV2\/D7pOV32sQwIgECnzA1Cw5BIdAzf75q4RVyh8lyDahXAEYKlw\/579qJU=","nonce":1030768461,"seq":0,"tot":0}]
round 113 of 300
04-25 17:11:41.287 15262 15309 D MulticastServer: MULTICAST_SERVER_LISTENING
04-25 17:11:41.295 15262 15311 D MulticastServer: Registration process started with nonce 887638244
04-25 17:11:41.297 15262 15315 D MulticastClient: REQUEST_LEDGER 887638244
04-25 17:11:41.300 15262 15315 D MulticastClient: Sent messages with 3 resends: [{"sender":"","payload":"","mt":"REQUEST_LEDGER","sig":"","nonce":887638244,"seq":0,"tot":0}]
04-25 17:11:44.433 15262 15318 D MulticastServer: Registration process started with nonce 174162052
04-25 17:11:44.436 15262 15318 D MulticastServer: Received request for ledger with nonce: 174162052.
04-25 17:11:44.619 15262 15318 D MulticastServer: Broadcast block received {"ip":"192.168.1.66","cert":"MIIBGzCBwqADAgECAgYBgEtLsMUwCgYIKoZIzj0EAwIwFTETMBEGA1UEAwwKVFRNNDkwNSBDQTAeFw0yMjA0MjAwODQ0NTNaFw0yMjA1MjEwODQ0NTNaMBUxEzARBgNVBAMMCjFAdGVzdC5jb20wWTATBgcqhkjOPQIBBggqhkjOPQMBBwNCAAQHFNOCHx/BBFYqT41UW1M6slehFXn+9LK4VDhtASjKBd51QxSRtYZAl+/IpTuOnQdMVvlGCMMWkSeEGOgyfwh1MAoGCCqGSM49BAMCA0gAMEUCIQD1OXIEAO1fI6+XpR936a5Ef365WnXPvrbzl8oxr0/Z8QIgV5LWkYufM8V0VqpcYcHXyI2fCScD24nJMtVWnrVtOU8="}
04-25 17:11:44.630 15262 15318 D MulticastServer: Broadcast block received {"ip":"192.168.1.66","cert":"MIIBGzCBwqADAgECAgYBgEtLsMUwCgYIKoZIzj0EAwIwFTETMBEGA1UEAwwKVFRNNDkwNSBDQTAeFw0yMjA0MjAwODQ0NTNaFw0yMjA1MjEwODQ0NTNaMBUxEzARBgNVBAMMCjFAdGVzdC5jb20wWTATBgcqhkjOPQIBBggqhkjOPQMBBwNCAAQHFNOCHx/BBFYqT41UW1M6slehFXn+9LK4VDhtASjKBd51QxSRtYZAl+/IpTuOnQdMVvlGCMMWkSeEGOgyfwh1MAoGCCqGSM49BAMCA0gAMEUCIQD1OXIEAO1fI6+XpR936a5Ef365WnXPvrbzl8oxr0/Z8QIgV5LWkYufM8V0VqpcYcHXyI2fCScD24nJMtVWnrVtOU8="}
04-25 17:11:44.635 15262 15318 D MulticastServer: Broadcast block received {"ip":"192.168.1.66","cert":"MIIBGzCBwqADAgECAgYBgEtLsMUwCgYIKoZIzj0EAwIwFTETMBEGA1UEAwwKVFRNNDkwNSBDQTAeFw0yMjA0MjAwODQ0NTNaFw0yMjA1MjEwODQ0NTNaMBUxEzARBgNVBAMMCjFAdGVzdC5jb20wWTATBgcqhkjOPQIBBggqhkjOPQMBBwNCAAQHFNOCHx/BBFYqT41UW1M6slehFXn+9LK4VDhtASjKBd51QxSRtYZAl+/IpTuOnQdMVvlGCMMWkSeEGOgyfwh1MAoGCCqGSM49BAMCA0gAMEUCIQD1OXIEAO1fI6+XpR936a5Ef365WnXPvrbzl8oxr0/Z8QIgV5LWkYufM8V0VqpcYcHXyI2fCScD24nJMtVWnrVtOU8="}
04-25 17:11:44.642 15262 15318 D MulticastServer: Broadcast block received {"ip":"192.168.1.66","cert":"MIIBGzCBwqADAgECAgYBgEtLsMUwCgYIKoZIzj0EAwIwFTETMBEGA1UEAwwKVFRNNDkwNSBDQTAeFw0yMjA0MjAwODQ0NTNaFw0yMjA1MjEwODQ0NTNaMBUxEzARBgNVBAMMCjFAdGVzdC5jb20wWTATBgcqhkjOPQIBBggqhkjOPQMBBwNCAAQHFNOCHx/BBFYqT41UW1M6slehFXn+9LK4VDhtASjKBd51QxSRtYZAl+/IpTuOnQdMVvlGCMMWkSeEGOgyfwh1MAoGCCqGSM49BAMCA0gAMEUCIQD1OXIEAO1fI6+XpR936a5Ef365WnXPvrbzl8oxr0/Z8QIgV5LWkYufM8V0VqpcYcHXyI2fCScD24nJMtVWnrVtOU8="}
04-25 17:11:48.437 15262 15335 D RegistrationHandler: I am the first in the network
04-25 17:11:48.438 15262 15335 D RegistrationHandler: 174162052 Registration started
04-25 17:11:48.461 15262 15315 D MulticastClient: Sent messages with 3 resends: [{"sender":"2@test.com","payload":"{\"ip\":\"192.168.1.57\",\"cert\":\"MIIBGjCBwqADAgECAgYBgEtMKvwwCgYIKoZIzj0EAwIwFTETMBEGA1UEAwwKVFRNNDkwNSBDQTAeFw0yMjA0MjAwODQ1MjRaFw0yMjA1MjEwODQ1MjRaMBUxEzARBgNVBAMMCjJAdGVzdC5jb20wWTATBgcqhkjOPQIBBggqhkjOPQMBBwNCAARuziVeqczih9y2IwSJ3AZuLzxwpY2VwkjEcfE8yVLxCF1qtw21\/iMvxrk2q4BpbgHrUX5EWSAEi7qJDXIS4c\/wMAoGCCqGSM49BAMCA0cAMEQCIG3JN+NQlClPB+thJTrGjfia7cfGbMyyWhJH4K0X7YymAiAUuEhh7Ol8fxrjxPTDnAemav8GQj3kHaLUj1oJ3XJ+Tg==\"}","mt":"BROADCAST_BLOCK","sig":"MEQCIEJq0q5A2pLT\/H0D+kEjiyjdB9wxhhU7VdLKhvvBUmOMAiBrt2erbALaTSw1cAZwqCamhnmkSWZQoSp3\/cUGnaVnVw==","nonce":174162052,"seq":0,"tot":0}]
04-25 17:11:48.461 15262 15335 D MulticastServer: Registration process finished: 174162052
round 114 of 300
04-25 17:11:55.697 15367 15464 D MulticastServer: MULTICAST_SERVER_LISTENING
04-25 17:11:55.699 15367 15467 D MulticastServer: Registration process started with nonce 537524063
04-25 17:11:55.701 15367 15465 D MulticastClient: REQUEST_LEDGER 537524063
04-25 17:11:55.703 15367 15465 D MulticastClient: Sent messages with 3 resends: [{"sender":"","payload":"","mt":"REQUEST_LEDGER","sig":"","nonce":537524063,"seq":0,"tot":0}]
04-25 17:11:59.702 15367 15469 D RegistrationHandler: I am the first in the network
04-25 17:11:59.702 15367 15469 D RegistrationHandler: 537524063 Registration started
04-25 17:11:59.727 15367 15465 D MulticastClient: Sent messages with 3 resends: [{"sender":"2@test.com","payload":"{\"ip\":\"192.168.1.57\",\"cert\":\"MIIBGjCBwqADAgECAgYBgEtMKvwwCgYIKoZIzj0EAwIwFTETMBEGA1UEAwwKVFRNNDkwNSBDQTAeFw0yMjA0MjAwODQ1MjRaFw0yMjA1MjEwODQ1MjRaMBUxEzARBgNVBAMMCjJAdGVzdC5jb20wWTATBgcqhkjOPQIBBggqhkjOPQMBBwNCAARuziVeqczih9y2IwSJ3AZuLzxwpY2VwkjEcfE8yVLxCF1qtw21\/iMvxrk2q4BpbgHrUX5EWSAEi7qJDXIS4c\/wMAoGCCqGSM49BAMCA0cAMEQCIG3JN+NQlClPB+thJTrGjfia7cfGbMyyWhJH4K0X7YymAiAUuEhh7Ol8fxrjxPTDnAemav8GQj3kHaLUj1oJ3XJ+Tg==\"}","mt":"BROADCAST_BLOCK","sig":"MEUCIQChqZ\/FqUzsU8XNzmhqojIOwJ8yhK0a93bez+3ksPnTrAIgY5EWmCxGRZ106cOUkiWXJ145UfkiZwWzDUHo87lml5k=","nonce":537524063,"seq":0,"tot":0}]
04-25 17:11:59.730 15367 15469 D MulticastServer: Registration process finished: 537524063
04-25 17:12:00.197 15367 15473 D MulticastServer: Registration process started with nonce 196576604
04-25 17:12:00.202 15367 15473 D MulticastServer: Received request for ledger with nonce: 196576604.
04-25 17:12:00.234 15367 15523 D MulticastClient: INTER_PACKET_TIME: 0
04-25 17:12:00.276 15367 15523 D MulticastClient: SENT_FULL_LEDGER
04-25 17:12:00.322 15367 15523 D MulticastClient: Sent messages with 3 resends: [{"sender":"{\"ip\":\"192.168.1.57\",\"cert\":\"MIIBGjCBwqADAgECAgYBgEtMKvwwCgYIKoZIzj0EAwIwFTETMBEGA1UEAwwKVFRNNDkwNSBDQTAeFw0yMjA0MjAwODQ1MjRaFw0yMjA1MjEwODQ1MjRaMBUxEzARBgNVBAMMCjJAdGVzdC5jb20wWTATBgcqhkjOPQIBBggqhkjOPQMBBwNCAARuziVeqczih9y2IwSJ3AZuLzxwpY2VwkjEcfE8yVLxCF1qtw21\/iMvxrk2q4BpbgHrUX5EWSAEi7qJDXIS4c\/wMAoGCCqGSM49BAMCA0cAMEQCIG3JN+NQlClPB+thJTrGjfia7cfGbMyyWhJH4K0X7YymAiAUuEhh7Ol8fxrjxPTDnAemav8GQj3kHaLUj1oJ3XJ+Tg==\"}","payload":"{\"ip\":\"192.168.1.43\",\"cert\":\"MIIBFzCBvQIGAX8\/xDm7MAoGCCqGSM49BAMCMBUxEzARBgNVBAMMCjBAdGVzdC5jb20wHhcNMjIwMjI3MDk1ODE4WhcNMjQwMjI4MDk1ODE4WjAVMRMwEQYDVQQDDAowQHRlc3QuY29tMFkwEwYHKoZIzj0CAQYIKoZIzj0DAQcDQgAE5rNwLrm3lM507jbWbylotvzc+FdPn+QV1uhZ0fz8RIhDwEqGr9q5bylAfqeVUP0P0yk\/zDoP0nBOZ+v\/ND6QYzAKBggqhkjOPQQDAgNJADBGAiEAo0FwUJTDTdSF6WJU+UMCYMVWG2xWjzb6faFcJ+m1UVQCIQDFvVdPDrLK9t2vyjQo\/DnGcFM50gVK4Vvn08qRylN9iA==\"}","mt":"FULL_LEDGER","sig":"MEUCIGHdrs\/WKUD5SBADedsGc5VNamh4lC5jIV5ylVAxX8g6AiEAg3EtS8KYqS3s7k7n8F2e2ImLmwldYf5jQX5oYdloDPQ=","nonce":196576604,"seq":0,"tot":124}, {"sender":"2@test.com","payload":"{\"ip\":\"192.168.1.43\",\"cert\":\"MIIBFjCBvQIGAX8\/xDnzMAoGCCqGSM49BAMCMBUxEzARBgNVBAMMCjFAdGVzdC5jb20wHhcNMjIwMjI3MDk1ODE4WhcNMjQwMjI4MDk1ODE4WjAVMRMwEQYDVQQDDAoxQHRlc3QuY29tMFkwEwYHKoZIzj0CAQYIKoZIzj0DAQcDQgAEhoC\/ycMrX3n6e4xFxiQA5PNTsYWnDHxz5qmu7QVZ8LHzSVjocvGv3wPBF0ebJs8GdCKfOESxp5ZdZ49sHGZmZDAKBggqhkjOPQQDAgNIADBFAiEAm0KozjdDTDCLtGKiXxl7i1Xa2I5d2l2od+DtP4qxP74CIHETh\/RsEYRiXKI8QFXl3M7t\/aVYPUn0PDjUtOSPSQ2k\"}","mt":"FULL_LEDGER","sig":"MEQCIAIMNTXaSn+OCITKzhdlUl\/W+SuKvxWqiD6qeAM95my9AiAU4OyX84UPER\/+U5XXJTg66ibvF5fbuHA\/uryA7dv6mw==","nonce":196576604,"seq":1,"tot":124}, {"sender":"2@test.com","payload":"{\"ip\":\"192.168.1.43\",\"cert\":\"MIIBFjCBvQIGAX8\/xDoZMAoGCCqGSM49BAMCMBUxEzARBgNVBAMMCjJAdGVzdC5jb20wHhcNMjIwMjI3MDk1ODE4WhcNMjQwMjI4MDk1ODE4WjAVMRMwEQYDVQQDDAoyQHRlc3QuY29tMFkwEwYHKoZIzj0CAQYIKoZIzj0DAQcDQgAEBtMyIWqk4c9RQFnOoysJjmGHRrHH\/7DB+l09I7ejTjXbPi6Y3R3fP5B5KUQGWra7hjsuJAxFKkcSBMaNiTuRlzAKBggqhkjOPQQDAgNIADBFAiBtSnddnZrUOMNQNbDriWBptkQnWORwsE2e5nSLUqPQzwIhAL7yqTZ9bw1EjAfpjJj\/y6QxJWmLCcDO86d3iJKi7cHS\"}","mt":"FULL_LEDGER","sig":"MEQCIA44bts\/dFze7bfUrk\/vISzeajIy5eqxv0CYRsxW\/3vpAiBAyxVfgvUYGaXninwcIhVGCyRhjh4WpZ7iel0hdKGxSA==","nonce":196576604,"seq":2,"tot":124}, {"sender":"2@test.com","payload":"{\"ip\":\"192.168.1.43\",\"cert\":\"MIIBFzCBvQIGAX8\/xDo+MAoGCCqGSM49BAMCMBUxEzARBgNVBAMMCjNAdGVzdC5jb20wHhcNMjIwMjI3MDk1ODE4WhcNMjQwMjI4MDk1ODE4WjAVMRMwEQYDVQQDDAozQHRlc3QuY29tMFkwEwYHKoZIzj0CAQYIKoZIzj0DAQcDQgAE1bblnfifOuEHitGsyb\/WEUtbaBTT185upyPQ1fE9qF2GXTkV2m2RULmVsF88rYotMMC18Hwj9Wz0d9lDx6zAwzAKBggqhkjOPQQDAgNJADBGAiEAo13YC3kGniauTB25xUf4eRGPIFUbAzyHaQxfo3yCfD8CIQD2l\/9C34q+b7Bx2JfYBM2qHYaWbhRhqrOw+PuNilvzEQ==\"}","mt":"FULL_LEDGER","sig":"MEYCIQDtNfYOsigrf7ydiOW2lr\/4+s2wzgmu9Tlb+VQYA8xiCAIhAPn3JPL0864d+QWGDtylFdvGuwBdSbSHdamhsC+qMK8I","nonce":196576604,"seq":3,"tot":124}, {"sender":"2@test.com","payload":"{\"ip\":\"192.168.1.43\",\"cert\":\"MIIBFjCBvQIGAX8\/xDpiMAoGCCqGSM49BAMCMBUxEzARBgNVBAMMCjRAdGVzdC5jb20wHhcNMjIwMjI3MDk1ODE4WhcNMjQwMjI4MDk1ODE4WjAVMRMwEQYDVQQDDAo0QHRlc3QuY29tMFkwEwYHKoZIzj0CAQYIKoZIzj0DAQcDQgAEyAJtO8veNxdrkoinQbUhJiB5jQDyAUPDDK9+GvPElG6z45xIlbI58RTPvB5FQfu2iOY90W0CfJKmjP+wFVU7xDAKBggqhkjOPQQDAgNIADBFAiEAywfBsZSigd+Sb4oP7cA\/IBcn3DH2UutXpX461AXJPacCIFL3jFRKUJ+6SvXzO1KiJGRk6\/5ijrnb3\/JXrCMcH2YM\"}","mt":"FULL_LEDGER","sig":"MEQCIG27QFcuANU++MJWtGtCRa1ktKhkyMWrWC7WMRFX9khZAiAU1KboV5CHu77IAj+H1UJ3JXeHNjBjCkYFeQXt5Xw\/vg==","nonce":196576604,"seq":4,"tot":124}, {"sender":"2@test.com","payload":"{\"ip\":\"192.168.1.43\",\"cert\":\"MIIBFjCBvQIGAX8\/xDqHMAoGCCqGSM49BAMCMBUxEzARBgNVBAMMCjVAdGVzdC5jb20wHhcNMjIwMjI3MDk1ODE5WhcNMjQwMjI4MDk1ODE5WjAVMRMwEQYDVQQDDAo1QHRlc3QuY29tMFkwEwYHKoZIzj0CAQYIKoZIzj0DAQcDQgAE7XjkGIeQe+\/V1ePOah5041CEjoOMGXamL5ub\/TtH3BRLsr0x5yHRdYU+N6oBLQ05lmnUeOsmZ01yhPIuAlB92TAKBggqhkjOPQQDAgNIADBFAiAtjLTmLt+mcd8PzuaeiBAeCz3VlOSGrMWFIaiim7azNQIhAInx7sWTQSptd\/Tjff4t4e4m2Ih+akIpKqAbkY2xMnAZ\"}","mt":"FULL_LEDGER","sig":"MEUCIQDkjCaYTKNOrTdvOv+
04-25 17:12:00.381 15367 15473 D MulticastServer: Broadcast block received {"ip":"192.168.1.66","cert":"MIIBGzCBwqADAgECAgYBgEtLsMUwCgYIKoZIzj0EAwIwFTETMBEGA1UEAwwKVFRNNDkwNSBDQTAeFw0yMjA0MjAwODQ0NTNaFw0yMjA1MjEwODQ0NTNaMBUxEzARBgNVBAMMCjFAdGVzdC5jb20wWTATBgcqhkjOPQIBBggqhkjOPQMBBwNCAAQHFNOCHx/BBFYqT41UW1M6slehFXn+9LK4VDhtASjKBd51QxSRtYZAl+/IpTuOnQdMVvlGCMMWkSeEGOgyfwh1MAoGCCqGSM49BAMCA0gAMEUCIQD1OXIEAO1fI6+XpR936a5Ef365WnXPvrbzl8oxr0/Z8QIgV5LWkYufM8V0VqpcYcHXyI2fCScD24nJMtVWnrVtOU8="}
04-25 17:12:00.391 15367 15473 D MulticastServer: Broadcast block received {"ip":"192.168.1.66","cert":"MIIBGzCBwqADAgECAgYBgEtLsMUwCgYIKoZIzj0EAwIwFTETMBEGA1UEAwwKVFRNNDkwNSBDQTAeFw0yMjA0MjAwODQ0NTNaFw0yMjA1MjEwODQ0NTNaMBUxEzARBgNVBAMMCjFAdGVzdC5jb20wWTATBgcqhkjOPQIBBggqhkjOPQMBBwNCAAQHFNOCHx/BBFYqT41UW1M6slehFXn+9LK4VDhtASjKBd51QxSRtYZAl+/IpTuOnQdMVvlGCMMWkSeEGOgyfwh1MAoGCCqGSM49BAMCA0gAMEUCIQD1OXIEAO1fI6+XpR936a5Ef365WnXPvrbzl8oxr0/Z8QIgV5LWkYufM8V0VqpcYcHXyI2fCScD24nJMtVWnrVtOU8="}
04-25 17:12:00.397 15367 15473 D MulticastServer: Broadcast block received {"ip":"192.168.1.66","cert":"MIIBGzCBwqADAgECAgYBgEtLsMUwCgYIKoZIzj0EAwIwFTETMBEGA1UEAwwKVFRNNDkwNSBDQTAeFw0yMjA0MjAwODQ0NTNaFw0yMjA1MjEwODQ0NTNaMBUxEzARBgNVBAMMCjFAdGVzdC5jb20wWTATBgcqhkjOPQIBBggqhkjOPQMBBwNCAAQHFNOCHx/BBFYqT41UW1M6slehFXn+9LK4VDhtASjKBd51QxSRtYZAl+/IpTuOnQdMVvlGCMMWkSeEGOgyfwh1MAoGCCqGSM49BAMCA0gAMEUCIQD1OXIEAO1fI6+XpR936a5Ef365WnXPvrbzl8oxr0/Z8QIgV5LWkYufM8V0VqpcYcHXyI2fCScD24nJMtVWnrVtOU8="}
04-25 17:12:00.405 15367 15473 D MulticastServer: Broadcast block received {"ip":"192.168.1.66","cert":"MIIBGzCBwqADAgECAgYBgEtLsMUwCgYIKoZIzj0EAwIwFTETMBEGA1UEAwwKVFRNNDkwNSBDQTAeFw0yMjA0MjAwODQ0NTNaFw0yMjA1MjEwODQ0NTNaMBUxEzARBgNVBAMMCjFAdGVzdC5jb20wWTATBgcqhkjOPQIBBggqhkjOPQMBBwNCAAQHFNOCHx/BBFYqT41UW1M6slehFXn+9LK4VDhtASjKBd51QxSRtYZAl+/IpTuOnQdMVvlGCMMWkSeEGOgyfwh1MAoGCCqGSM49BAMCA0gAMEUCIQD1OXIEAO1fI6+XpR936a5Ef365WnXPvrbzl8oxr0/Z8QIgV5LWkYufM8V0VqpcYcHXyI2fCScD24nJMtVWnrVtOU8="}
round 115 of 300
04-25 17:12:10.154 15566 15622 D MulticastServer: Registration process started with nonce 1464697961
04-25 17:12:10.158 15566 15626 D MulticastClient: REQUEST_LEDGER 1464697961
04-25 17:12:10.166 15566 15620 D MulticastServer: MULTICAST_SERVER_LISTENING
04-25 17:12:10.166 15566 15626 D MulticastClient: Sent messages with 3 resends: [{"sender":"","payload":"","mt":"REQUEST_LEDGER","sig":"","nonce":1464697961,"seq":0,"tot":0}]
04-25 17:12:14.158 15566 15624 D RegistrationHandler: I am the first in the network
04-25 17:12:14.158 15566 15624 D RegistrationHandler: 1464697961 Registration started
04-25 17:12:14.175 15566 15624 D MulticastServer: Registration process finished: 1464697961
04-25 17:12:14.196 15566 15626 D MulticastClient: Sent messages with 3 resends: [{"sender":"2@test.com","payload":"{\"ip\":\"192.168.1.57\",\"cert\":\"MIIBGjCBwqADAgECAgYBgEtMKvwwCgYIKoZIzj0EAwIwFTETMBEGA1UEAwwKVFRNNDkwNSBDQTAeFw0yMjA0MjAwODQ1MjRaFw0yMjA1MjEwODQ1MjRaMBUxEzARBgNVBAMMCjJAdGVzdC5jb20wWTATBgcqhkjOPQIBBggqhkjOPQMBBwNCAARuziVeqczih9y2IwSJ3AZuLzxwpY2VwkjEcfE8yVLxCF1qtw21\/iMvxrk2q4BpbgHrUX5EWSAEi7qJDXIS4c\/wMAoGCCqGSM49BAMCA0cAMEQCIG3JN+NQlClPB+thJTrGjfia7cfGbMyyWhJH4K0X7YymAiAUuEhh7Ol8fxrjxPTDnAemav8GQj3kHaLUj1oJ3XJ+Tg==\"}","mt":"BROADCAST_BLOCK","sig":"MEUCIQDnejWxoQCMU5YaJXznbAvN\/3tTVKWD0JMo6D1xZFmVCQIgC\/kdae0gGUJb7MO+Dg51ZLOUOf3bX2w0Tc7JmPjRX5A=","nonce":1464697961,"seq":0,"tot":0}]
round 116 of 300
04-25 17:12:24.527 15669 15718 D MulticastServer: MULTICAST_SERVER_LISTENING
04-25 17:12:24.529 15669 15720 D MulticastServer: Registration process started with nonce 874394342
04-25 17:12:24.532 15669 15719 D MulticastClient: REQUEST_LEDGER 874394342
04-25 17:12:24.533 15669 15719 D MulticastClient: Sent messages with 3 resends: [{"sender":"","payload":"","mt":"REQUEST_LEDGER","sig":"","nonce":874394342,"seq":0,"tot":0}]
04-25 17:12:27.431 15669 15727 D MulticastServer: Registration process started with nonce 520478705
04-25 17:12:27.433 15669 15727 D MulticastServer: Received request for ledger with nonce: 520478705.
04-25 17:12:27.629 15669 15727 D MulticastServer: Broadcast block received {"ip":"192.168.1.66","cert":"MIIBGzCBwqADAgECAgYBgEtLsMUwCgYIKoZIzj0EAwIwFTETMBEGA1UEAwwKVFRNNDkwNSBDQTAeFw0yMjA0MjAwODQ0NTNaFw0yMjA1MjEwODQ0NTNaMBUxEzARBgNVBAMMCjFAdGVzdC5jb20wWTATBgcqhkjOPQIBBggqhkjOPQMBBwNCAAQHFNOCHx/BBFYqT41UW1M6slehFXn+9LK4VDhtASjKBd51QxSRtYZAl+/IpTuOnQdMVvlGCMMWkSeEGOgyfwh1MAoGCCqGSM49BAMCA0gAMEUCIQD1OXIEAO1fI6+XpR936a5Ef365WnXPvrbzl8oxr0/Z8QIgV5LWkYufM8V0VqpcYcHXyI2fCScD24nJMtVWnrVtOU8="}
04-25 17:12:27.635 15669 15727 D MulticastServer: Broadcast block received {"ip":"192.168.1.66","cert":"MIIBGzCBwqADAgECAgYBgEtLsMUwCgYIKoZIzj0EAwIwFTETMBEGA1UEAwwKVFRNNDkwNSBDQTAeFw0yMjA0MjAwODQ0NTNaFw0yMjA1MjEwODQ0NTNaMBUxEzARBgNVBAMMCjFAdGVzdC5jb20wWTATBgcqhkjOPQIBBggqhkjOPQMBBwNCAAQHFNOCHx/BBFYqT41UW1M6slehFXn+9LK4VDhtASjKBd51QxSRtYZAl+/IpTuOnQdMVvlGCMMWkSeEGOgyfwh1MAoGCCqGSM49BAMCA0gAMEUCIQD1OXIEAO1fI6+XpR936a5Ef365WnXPvrbzl8oxr0/Z8QIgV5LWkYufM8V0VqpcYcHXyI2fCScD24nJMtVWnrVtOU8="}
04-25 17:12:27.638 15669 15727 D MulticastServer: Broadcast block received {"ip":"192.168.1.66","cert":"MIIBGzCBwqADAgECAgYBgEtLsMUwCgYIKoZIzj0EAwIwFTETMBEGA1UEAwwKVFRNNDkwNSBDQTAeFw0yMjA0MjAwODQ0NTNaFw0yMjA1MjEwODQ0NTNaMBUxEzARBgNVBAMMCjFAdGVzdC5jb20wWTATBgcqhkjOPQIBBggqhkjOPQMBBwNCAAQHFNOCHx/BBFYqT41UW1M6slehFXn+9LK4VDhtASjKBd51QxSRtYZAl+/IpTuOnQdMVvlGCMMWkSeEGOgyfwh1MAoGCCqGSM49BAMCA0gAMEUCIQD1OXIEAO1fI6+XpR936a5Ef365WnXPvrbzl8oxr0/Z8QIgV5LWkYufM8V0VqpcYcHXyI2fCScD24nJMtVWnrVtOU8="}
04-25 17:12:27.648 15669 15727 D MulticastServer: Broadcast block received {"ip":"192.168.1.66","cert":"MIIBGzCBwqADAgECAgYBgEtLsMUwCgYIKoZIzj0EAwIwFTETMBEGA1UEAwwKVFRNNDkwNSBDQTAeFw0yMjA0MjAwODQ0NTNaFw0yMjA1MjEwODQ0NTNaMBUxEzARBgNVBAMMCjFAdGVzdC5jb20wWTATBgcqhkjOPQIBBggqhkjOPQMBBwNCAAQHFNOCHx/BBFYqT41UW1M6slehFXn+9LK4VDhtASjKBd51QxSRtYZAl+/IpTuOnQdMVvlGCMMWkSeEGOgyfwh1MAoGCCqGSM49BAMCA0gAMEUCIQD1OXIEAO1fI6+XpR936a5Ef365WnXPvrbzl8oxr0/Z8QIgV5LWkYufM8V0VqpcYcHXyI2fCScD24nJMtVWnrVtOU8="}
