04-25 17:12:28.029 15669 15727 D MulticastServer: Registration process started with nonce 128148202
04-25 17:12:28.032 15669 15727 D MulticastServer: Received request for ledger with nonce: 128148202.
04-25 17:12:28.038 15669 15727 D MulticastServer: Broadcast block received {"ip":"192.168.1.66","cert":"MIIBGzCBwqADAgECAgYBgEtLsMUwCgYIKoZIzj0EAwIwFTETMBEGA1UEAwwKVFRNNDkwNSBDQTAeFw0yMjA0MjAwODQ0NTNaFw0yMjA1MjEwODQ0NTNaMBUxEzARBgNVBAMMCjFAdGVzdC5jb20wWTATBgcqhkjOPQIBBggqhkjOPQMBBwNCAAQHFNOCHx/BBFYqT41UW1M6slehFXn+9LK4VDhtASjKBd51QxSRtYZAl+/IpTuOnQdMVvlGCMMWkSeEGOgyfwh1MAoGCCqGSM49BAMCA0gAMEUCIQD1OXIEAO1fI6+XpR936a5Ef365WnXPvrbzl8oxr0/Z8QIgV5LWkYufM8V0VqpcYcHXyI2fCScD24nJMtVWnrVtOU8="}
04-25 17:12:28.040 15669 15727 D MulticastServer: Broadcast block received {"ip":"192.168.1.66","cert":"MIIBGzCBwqADAgECAgYBgEtLsMUwCgYIKoZIzj0EAwIwFTETMBEGA1UEAwwKVFRNNDkwNSBDQTAeFw0yMjA0MjAwODQ0NTNaFw0yMjA1MjEwODQ0NTNaMBUxEzARBgNVBAMMCjFAdGVzdC5jb20wWTATBgcqhkjOPQIBBggqhkjOPQMBBwNCAAQHFNOCHx/BBFYqT41UW1M6slehFXn+9LK4VDhtASjKBd51QxSRtYZAl+/IpTuOnQdMVvlGCMMWkSeEGOgyfwh1MAoGCCqGSM49BAMCA0gAMEUCIQD1OXIEAO1fI6+XpR936a5Ef365WnXPvrbzl8oxr0/Z8QIgV5LWkYufM8V0VqpcYcHXyI2fCScD24nJMtVWnrVtOU8="}
04-25 17:12:28.237 15669 15727 D MulticastServer: Broadcast block received {"ip":"192.168.1.66","cert":"MIIBGzCBwqADAgECAgYBgEtLsMUwCgYIKoZIzj0EAwIwFTETMBEGA1UEAwwKVFRNNDkwNSBDQTAeFw0yMjA0MjAwODQ0NTNaFw0yMjA1MjEwODQ0NTNaMBUxEzARBgNVBAMMCjFAdGVzdC5jb20wWTATBgcqhkjOPQIBBggqhkjOPQMBBwNCAAQHFNOCHx/BBFYqT41UW1M6slehFXn+9LK4VDhtASjKBd51QxSRtYZAl+/IpTuOnQdMVvlGCMMWkSeEGOgyfwh1MAoGCCqGSM49BAMCA0gAMEUCIQD1OXIEAO1fI6+XpR936a5Ef365WnXPvrbzl8oxr0/Z8QIgV5LWkYufM8V0VqpcYcHXyI2fCScD24nJMtVWnrVtOU8="}
04-25 17:12:28.244 15669 15727 D MulticastServer: Broadcast block received {"ip":"192.168.1.66","cert":"MIIBGzCBwqADAgECAgYBgEtLsMUwCgYIKoZIzj0EAwIwFTETMBEGA1UEAwwKVFRNNDkwNSBDQTAeFw0yMjA0MjAwODQ0NTNaFw0yMjA1MjEwODQ0NTNaMBUxEzARBgNVBAMMCjFAdGVzdC5jb20wWTATBgcqhkjOPQIBBggqhkjOPQMBBwNCAAQHFNOCHx/BBFYqT41UW1M6slehFXn+9LK4VDhtASjKBd51QxSRtYZAl+/IpTuOnQdMVvlGCMMWkSeEGOgyfwh1MAoGCCqGSM49BAMCA0gAMEUCIQD1OXIEAO1fI6+XpR936a5Ef365WnXPvrbzl8oxr0/Z8QIgV5LWkYufM8V0VqpcYcHXyI2fCScD24nJMtVWnrVtOU8="}
04-25 17:12:28.532 15669 15722 D RegistrationHandler: I am the first in the network
04-25 17:12:28.532 15669 15722 D RegistrationHandler: 874394342 Registration started
04-25 17:12:28.555 15669 15719 D MulticastClient: Sent messages with 3 resends: [{"sender":"2@test.com","payload":"{\"ip\":\"192.168.1.57\",\"cert\":\"MIIBGjCBwqADAgECAgYBgEtMKvwwCgYIKoZIzj0EAwIwFTETMBEGA1UEAwwKVFRNNDkwNSBDQTAeFw0yMjA0MjAwODQ1MjRaFw0yMjA1MjEwODQ1MjRaMBUxEzARBgNVBAMMCjJAdGVzdC5jb20wWTATBgcqhkjOPQIBBggqhkjOPQMBBwNCAARuziVeqczih9y2IwSJ3AZuLzxwpY2VwkjEcfE8yVLxCF1qtw21\/iMvxrk2q4BpbgHrUX5EWSAEi7qJDXIS4c\/wMAoGCCqGSM49BAMCA0cAMEQCIG3JN+NQlClPB+thJTrGjfia7cfGbMyyWhJH4K0X7YymAiAUuEhh7Ol8fxrjxPTDnAemav8GQj3kHaLUj1oJ3XJ+Tg==\"}","mt":"BROADCAST_BLOCK","sig":"MEUCIQD97Lekf\/HTpkkP5k9w0H7kCd0yJk1ywLt7CnyXHiWhRwIgSngRcPK2SMp+SfTm5cxRB0xogIv7MuPVFDVENgGNNas=","nonce":874394342,"seq":0,"tot":0}]
04-25 17:12:28.556 15669 15722 D MulticastServer: Registration process finished: 874394342
04-25 17:12:31.435 15669 15757 D RegistrationHandler: I am the first in the network
04-25 17:12:31.435 15669 15757 D MulticastServer: Registration process finished: 520478705
04-25 17:12:32.034 15669 15760 D RegistrationHandler: I am the first in the network
04-25 17:12:32.034 15669 15760 D MulticastServer: Registration process finished: 128148202
round 117 of 300
04-25 17:12:38.956 15786 15833 D MulticastServer: MULTICAST_SERVER_LISTENING
04-25 17:12:38.958 15786 15835 D MulticastServer: Registration process started with nonce 1693573566
04-25 17:12:38.961 15786 15834 D MulticastClient: REQUEST_LEDGER 1693573566
04-25 17:12:38.962 15786 15834 D MulticastClient: Sent messages with 3 resends: [{"sender":"","payload":"","mt":"REQUEST_LEDGER","sig":"","nonce":1693573566,"seq":0,"tot":0}]
04-25 17:12:42.963 15786 15837 D RegistrationHandler: I am the first in the network
04-25 17:12:42.963 15786 15837 D RegistrationHandler: 1693573566 Registration started
04-25 17:12:42.985 15786 15834 D MulticastClient: Sent messages with 3 resends: [{"sender":"2@test.com","payload":"{\"ip\":\"192.168.1.57\",\"cert\":\"MIIBGjCBwqADAgECAgYBgEtMKvwwCgYIKoZIzj0EAwIwFTETMBEGA1UEAwwKVFRNNDkwNSBDQTAeFw0yMjA0MjAwODQ1MjRaFw0yMjA1MjEwODQ1MjRaMBUxEzARBgNVBAMMCjJAdGVzdC5jb20wWTATBgcqhkjOPQIBBggqhkjOPQMBBwNCAARuziVeqczih9y2IwSJ3AZuLzxwpY2VwkjEcfE8yVLxCF1qtw21\/iMvxrk2q4BpbgHrUX5EWSAEi7qJDXIS4c\/wMAoGCCqGSM49BAMCA0cAMEQCIG3JN+NQlClPB+thJTrGjfia7cfGbMyyWhJH4K0X7YymAiAUuEhh7Ol8fxrjxPTDnAemav8GQj3kHaLUj1oJ3XJ+Tg==\"}","mt":"BROADCAST_BLOCK","sig":"MEQCIH8DENEuFn\/h2X6fh0ewuq3fwp6UqeQUU9Sr3C9HR7+WAiBMtoJpP5BEp20ON6nkQV99VEArtl1RQ0NbAIFhBsg8sA==","nonce":1693573566,"seq":0,"tot":0}]
04-25 17:12:42.985 15786 15837 D MulticastServer: Registration process finished: 1693573566
round 118 of 300
04-25 17:12:53.327 15882 15929 D MulticastServer: MULTICAST_SERVER_LISTENING
04-25 17:12:53.334 15882 15931 D MulticastServer: Registration process started with nonce 548029363
04-25 17:12:53.337 15882 15935 D MulticastClient: REQUEST_LEDGER 548029363
04-25 17:12:53.340 15882 15935 D MulticastClient: Sent messages with 3 resends: [{"sender":"","payload":"","mt":"REQUEST_LEDGER","sig":"","nonce":548029363,"seq":0,"tot":0}]
04-25 17:12:57.338 15882 15933 D RegistrationHandler: I am the first in the network
04-25 17:12:57.338 15882 15933 D RegistrationHandler: 548029363 Registration started
04-25 17:12:57.366 15882 15933 D MulticastServer: Registration process finished: 548029363
04-25 17:12:57.366 15882 15935 D MulticastClient: Sent messages with 3 resends: [{"sender":"2@test.com","payload":"{\"ip\":\"192.168.1.57\",\"cert\":\"MIIBGjCBwqADAgECAgYBgEtMKvwwCgYIKoZIzj0EAwIwFTETMBEGA1UEAwwKVFRNNDkwNSBDQTAeFw0yMjA0MjAwODQ1MjRaFw0yMjA1MjEwODQ1MjRaMBUxEzARBgNVBAMMCjJAdGVzdC5jb20wWTATBgcqhkjOPQIBBggqhkjOPQMBBwNCAARuziVeqczih9y2IwSJ3AZuLzxwpY2VwkjEcfE8yVLxCF1qtw21\/iMvxrk2q4BpbgHrUX5EWSAEi7qJDXIS4c\/wMAoGCCqGSM49BAMCA0cAMEQCIG3JN+NQlClPB+thJTrGjfia7cfGbMyyWhJH4K0X7YymAiAUuEhh7Ol8fxrjxPTDnAemav8GQj3kHaLUj1oJ3XJ+Tg==\"}","mt":"BROADCAST_BLOCK","sig":"MEQCIEijHqlT0kD\/RlHRhMEM7pTdGRrn5Bzb898Dy0OCFHpXAiAEWU7lwgQz3rd3pgQjTGSTKmtqafpopz8E8PsR9n\/N+w==","nonce":548029363,"seq":0,"tot":0}]
04-25 17:12:58.364 15882 15938 D MulticastServer: Registration process started with nonce 1664805000
04-25 17:12:58.368 15882 15938 D MulticastServer: Received request for ledger with nonce: 1664805000.
04-25 17:12:58.382 15882 15935 D MulticastClient: INTER_PACKET_TIME: 0
04-25 17:12:58.384 15882 15938 D MulticastServer: Broadcast block received {"ip":"192.168.1.66","cert":"MIIBGzCBwqADAgECAgYBgEtLsMUwCgYIKoZIzj0EAwIwFTETMBEGA1UEAwwKVFRNNDkwNSBDQTAeFw0yMjA0MjAwODQ0NTNaFw0yMjA1MjEwODQ0NTNaMBUxEzARBgNVBAMMCjFAdGVzdC5jb20wWTATBgcqhkjOPQIBBggqhkjOPQMBBwNCAAQHFNOCHx/BBFYqT41UW1M6slehFXn+9LK4VDhtASjKBd51QxSRtYZAl+/IpTuOnQdMVvlGCMMWkSeEGOgyfwh1MAoGCCqGSM49BAMCA0gAMEUCIQD1OXIEAO1fI6+XpR936a5Ef365WnXPvrbzl8oxr0/Z8QIgV5LWkYufM8V0VqpcYcHXyI2fCScD24nJMtVWnrVtOU8="}
04-25 17:12:58.415 15882 15935 D MulticastClient: SENT_FULL_LEDGER
04-25 17:12:58.459 15882 15935 D MulticastClient: Sent messages with 3 resends: [{"sender":"{\"ip\":\"192.168.1.57\",\"cert\":\"MIIBGjCBwqADAgECAgYBgEtMKvwwCgYIKoZIzj0EAwIwFTETMBEGA1UEAwwKVFRNNDkwNSBDQTAeFw0yMjA0MjAwODQ1MjRaFw0yMjA1MjEwODQ1MjRaMBUxEzARBgNVBAMMCjJAdGVzdC5jb20wWTATBgcqhkjOPQIBBggqhkjOPQMBBwNCAARuziVeqczih9y2IwSJ3AZuLzxwpY2VwkjEcfE8yVLxCF1qtw21\/iMvxrk2q4BpbgHrUX5EWSAEi7qJDXIS4c\/wMAoGCCqGSM49BAMCA0cAMEQCIG3JN+NQlClPB+thJTrGjfia7cfGbMyyWhJH4K0X7YymAiAUuEhh7Ol8fxrjxPTDnAemav8GQj3kHaLUj1oJ3XJ+Tg==\"}","payload":"{\"ip\":\"192.168.1.43\",\"cert\":\"MIIBFzCBvQIGAX8\/xDm7MAoGCCqGSM49BAMCMBUxEzARBgNVBAMMCjBAdGVzdC5jb20wHhcNMjIwMjI3MDk1ODE4WhcNMjQwMjI4MDk1ODE4WjAVMRMwEQYDVQQDDAowQHRlc3QuY29tMFkwEwYHKoZIzj0CAQYIKoZIzj0DAQcDQgAE5rNwLrm3lM507jbWbylotvzc+FdPn+QV1uhZ0fz8RIhDwEqGr9q5bylAfqeVUP0P0yk\/zDoP0nBOZ+v\/ND6QYzAKBggqhkjOPQQDAgNJADBGAiEAo0FwUJTDTdSF6WJU+UMCYMVWG2xWjzb6faFcJ+m1UVQCIQDFvVdPDrLK9t2vyjQo\/DnGcFM50gVK4Vvn08qRylN9iA==\"}","mt":"FULL_LEDGER","sig":"MEUCIC8ZoWabRDjRaSNdS97Oh5p92kyIkggm6w8YwxmImAVaAiEA4bdVEwfsvF0RLOYIoz4jzXZ0GXDikRXG0J9kJyL45bs=","nonce":1664805000,"seq":0,"tot":124}, {"sender":"2@test.com","payload":"{\"ip\":\"192.168.1.43\",\"cert\":\"MIIBFjCBvQIGAX8\/xDnzMAoGCCqGSM49BAMCMBUxEzARBgNVBAMMCjFAdGVzdC5jb20wHhcNMjIwMjI3MDk1ODE4WhcNMjQwMjI4MDk1ODE4WjAVMRMwEQYDVQQDDAoxQHRlc3QuY29tMFkwEwYHKoZIzj0CAQYIKoZIzj0DAQcDQgAEhoC\/ycMrX3n6e4xFxiQA5PNTsYWnDHxz5qmu7QVZ8LHzSVjocvGv3wPBF0ebJs8GdCKfOESxp5ZdZ49sHGZmZDAKBggqhkjOPQQDAgNIADBFAiEAm0KozjdDTDCLtGKiXxl7i1Xa2I5d2l2od+DtP4qxP74CIHETh\/RsEYRiXKI8QFXl3M7t\/aVYPUn0PDjUtOSPSQ2k\"}","mt":"FULL_LEDGER","sig":"MEUCIBPVElNOATYO1Z64zAiC7UagqDqO6mXeL6G0h0UBjlNXAiEAg\/rDoYS9HMiDkK955rTgduAsbL2rq\/N2GcIECfy8WTU=","nonce":1664805000,"seq":1,"tot":124}, {"sender":"2@test.com","payload":"{\"ip\":\"192.168.1.43\",\"cert\":\"MIIBFjCBvQIGAX8\/xDoZMAoGCCqGSM49BAMCMBUxEzARBgNVBAMMCjJAdGVzdC5jb20wHhcNMjIwMjI3MDk1ODE4WhcNMjQwMjI4MDk1ODE4WjAVMRMwEQYDVQQDDAoyQHRlc3QuY29tMFkwEwYHKoZIzj0CAQYIKoZIzj0DAQcDQgAEBtMyIWqk4c9RQFnOoysJjmGHRrHH\/7DB+l09I7ejTjXbPi6Y3R3fP5B5KUQGWra7hjsuJAxFKkcSBMaNiTuRlzAKBggqhkjOPQQDAgNIADBFAiBtSnddnZrUOMNQNbDriWBptkQnWORwsE2e5nSLUqPQzwIhAL7yqTZ9bw1EjAfpjJj\/y6QxJWmLCcDO86d3iJKi7cHS\"}","mt":"FULL_LEDGER","sig":"MEUCIQCjUNVpy5H5lfuKUFqbs2ALSBDpzZIVYRovpyg+d5yV7gIgWN9GGMenW6EoH1QO76+PbKdpyDMbB6MoLyL\/zWYYP7w=","nonce":1664805000,"seq":2,"tot":124}, {"sender":"2@test.com","payload":"{\"ip\":\"192.168.1.43\",\"cert\":\"MIIBFzCBvQIGAX8\/xDo+MAoGCCqGSM49BAMCMBUxEzARBgNVBAMMCjNAdGVzdC5jb20wHhcNMjIwMjI3MDk1ODE4WhcNMjQwMjI4MDk1ODE4WjAVMRMwEQYDVQQDDAozQHRlc3QuY29tMFkwEwYHKoZIzj0CAQYIKoZIzj0DAQcDQgAE1bblnfifOuEHitGsyb\/WEUtbaBTT185upyPQ1fE9qF2GXTkV2m2RULmVsF88rYotMMC18Hwj9Wz0d9lDx6zAwzAKBggqhkjOPQQDAgNJADBGAiEAo13YC3kGniauTB25xUf4eRGPIFUbAzyHaQxfo3yCfD8CIQD2l\/9C34q+b7Bx2JfYBM2qHYaWbhRhqrOw+PuNilvzEQ==\"}","mt":"FULL_LEDGER","sig":"MEUCIFP2Nd4cYR7pzentEfxstFinLuW6bVGuloCCxYIrRQVbAiEAgdDilam66Ncnmdswom23vNK0fwKwg0w\/4QzuG5Omrgs=","nonce":1664805000,"seq":3,"tot":124}, {"sender":"2@test.com","payload":"{\"ip\":\"192.168.1.43\",\"cert\":\"MIIBFjCBvQIGAX8\/xDpiMAoGCCqGSM49BAMCMBUxEzARBgNVBAMMCjRAdGVzdC5jb20wHhcNMjIwMjI3MDk1ODE4WhcNMjQwMjI4MDk1ODE4WjAVMRMwEQYDVQQDDAo0QHRlc3QuY29tMFkwEwYHKoZIzj0CAQYIKoZIzj0DAQcDQgAEyAJtO8veNxdrkoinQbUhJiB5jQDyAUPDDK9+GvPElG6z45xIlbI58RTPvB5FQfu2iOY90W0CfJKmjP+wFVU7xDAKBggqhkjOPQQDAgNIADBFAiEAywfBsZSigd+Sb4oP7cA\/IBcn3DH2UutXpX461AXJPacCIFL3jFRKUJ+6SvXzO1KiJGRk6\/5ijrnb3\/JXrCMcH2YM\"}","mt":"FULL_LEDGER","sig":"MEUCIQDmyvOWEtkV2TPAHxUv5lqzaTK9RwSLMdf577awTJr0qAIgIRUv+K8BaeuttjA+TtmQyAWWbx62P6CaWirhjNuLMk0=","nonce":1664805000,"seq":4,"tot":124}, {"sender":"2@test.com","payload":"{\"ip\":\"192.168.1.43\",\"cert\":\"MIIBFjCBvQIGAX8\/xDqHMAoGCCqGSM49BAMCMBUxEzARBgNVBAMMCjVAdGVzdC5jb20wHhcNMjIwMjI3MDk1ODE5WhcNMjQwMjI4MDk1ODE5WjAVMRMwEQYDVQQDDAo1QHRlc3QuY29tMFkwEwYHKoZIzj0CAQYIKoZIzj0DAQcDQgAE7XjkGIeQe+\/V1ePOah5041CEjoOMGXamL5ub\/TtH3BRLsr0x5yHRdYU+N6oBLQ05lmnUeOsmZ01yhPIuAlB92TAKBggqhkjOPQQDAgNIADBFAiAtjLTmLt+mcd8PzuaeiBAeCz3VlOSGrMWFIaiim7azNQIhAInx7sWTQSptd\/Tjff4t4e4m2Ih+akIpKqAbkY2xMnAZ\"}","mt":"FULL_LEDGER","sig":"MEYCIQCaY5gol24mb9kFA4j
04-25 17:12:58.541 15882 15938 D MulticastServer: Broadcast block received {"ip":"192.168.1.66","cert":"MIIBGzCBwqADAgECAgYBgEtLsMUwCgYIKoZIzj0EAwIwFTETMBEGA1UEAwwKVFRNNDkwNSBDQTAeFw0yMjA0MjAwODQ0NTNaFw0yMjA1MjEwODQ0NTNaMBUxEzARBgNVBAMMCjFAdGVzdC5jb20wWTATBgcqhkjOPQIBBggqhkjOPQMBBwNCAAQHFNOCHx/BBFYqT41UW1M6slehFXn+9LK4VDhtASjKBd51QxSRtYZAl+/IpTuOnQdMVvlGCMMWkSeEGOgyfwh1MAoGCCqGSM49BAMCA0gAMEUCIQD1OXIEAO1fI6+XpR936a5Ef365WnXPvrbzl8oxr0/Z8QIgV5LWkYufM8V0VqpcYcHXyI2fCScD24nJMtVWnrVtOU8="}
04-25 17:12:58.546 15882 15938 D MulticastServer: Broadcast block received {"ip":"192.168.1.66","cert":"MIIBGzCBwqADAgECAgYBgEtLsMUwCgYIKoZIzj0EAwIwFTETMBEGA1UEAwwKVFRNNDkwNSBDQTAeFw0yMjA0MjAwODQ0NTNaFw0yMjA1MjEwODQ0NTNaMBUxEzARBgNVBAMMCjFAdGVzdC5jb20wWTATBgcqhkjOPQIBBggqhkjOPQMBBwNCAAQHFNOCHx/BBFYqT41UW1M6slehFXn+9LK4VDhtASjKBd51QxSRtYZAl+/IpTuOnQdMVvlGCMMWkSeEGOgyfwh1MAoGCCqGSM49BAMCA0gAMEUCIQD1OXIEAO1fI6+XpR936a5Ef365WnXPvrbzl8oxr0/Z8QIgV5LWkYufM8V0VqpcYcHXyI2fCScD24nJMtVWnrVtOU8="}
04-25 17:12:58.555 15882 15938 D MulticastServer: Broadcast block received {"ip":"192.168.1.66","cert":"MIIBGzCBwqADAgECAgYBgEtLsMUwCgYIKoZIzj0EAwIwFTETMBEGA1UEAwwKVFRNNDkwNSBDQTAeFw0yMjA0MjAwODQ0NTNaFw0yMjA1MjEwODQ0NTNaMBUxEzARBgNVBAMMCjFAdGVzdC5jb20wWTATBgcqhkjOPQIBBggqhkjOPQMBBwNCAAQHFNOCHx/BBFYqT41UW1M6slehFXn+9LK4VDhtASjKBd51QxSRtYZAl+/IpTuOnQdMVvlGCMMWkSeEGOgyfwh1MAoGCCqGSM49BAMCA0gAMEUCIQD1OXIEAO1fI6+XpR936a5Ef365WnXPvrbzl8oxr0/Z8QIgV5LWkYufM8V0VqpcYcHXyI2fCScD24nJMtVWnrVtOU8="}
04-25 17:12:58.717 15882 15938 D MulticastServer: Broadcast block received {"ip":"192.168.1.66","cert":"MIIBGzCBwqADAgECAgYBgEtLsMUwCgYIKoZIzj0EAwIwFTETMBEGA1UEAwwKVFRNNDkwNSBDQTAeFw0yMjA0MjAwODQ0NTNaFw0yMjA1MjEwODQ0NTNaMBUxEzARBgNVBAMMCjFAdGVzdC5jb20wWTATBgcqhkjOPQIBBggqhkjOPQMBBwNCAAQHFNOCHx/BBFYqT41UW1M6slehFXn+9LK4VDhtASjKBd51QxSRtYZAl+/IpTuOnQdMVvlGCMMWkSeEGOgyfwh1MAoGCCqGSM49BAMCA0gAMEUCIQD1OXIEAO1fI6+XpR936a5Ef365WnXPvrbzl8oxr0/Z8QIgV5LWkYufM8V0VqpcYcHXyI2fCScD24nJMtVWnrVtOU8="}
04-25 17:12:58.723 15882 15938 D MulticastServer: Broadcast block received {"ip":"192.168.1.66","cert":"MIIBGzCBwqADAgECAgYBgEtLsMUwCgYIKoZIzj0EAwIwFTETMBEGA1UEAwwKVFRNNDkwNSBDQTAeFw0yMjA0MjAwODQ0NTNaFw0yMjA1MjEwODQ0NTNaMBUxEzARBgNVBAMMCjFAdGVzdC5jb20wWTATBgcqhkjOPQIBBggqhkjOPQMBBwNCAAQHFNOCHx/BBFYqT41UW1M6slehFXn+9LK4VDhtASjKBd51QxSRtYZAl+/IpTuOnQdMVvlGCMMWkSeEGOgyfwh1MAoGCCqGSM49BAMCA0gAMEUCIQD1OXIEAO1fI6+XpR936a5Ef365WnXPvrbzl8oxr0/Z8QIgV5LWkYufM8V0VqpcYcHXyI2fCScD24nJMtVWnrVtOU8="}
04-25 17:12:58.726 15882 15938 D MulticastServer: Broadcast block received {"ip":"192.168.1.66","cert":"MIIBGzCBwqADAgECAgYBgEtLsMUwCgYIKoZIzj0EAwIwFTETMBEGA1UEAwwKVFRNNDkwNSBDQTAeFw0yMjA0MjAwODQ0NTNaFw0yMjA1MjEwODQ0NTNaMBUxEzARBgNVBAMMCjFAdGVzdC5jb20wWTATBgcqhkjOPQIBBggqhkjOPQMBBwNCAAQHFNOCHx/BBFYqT41UW1M6slehFXn+9LK4VDhtASjKBd51QxSRtYZAl+/IpTuOnQdMVvlGCMMWkSeEGOgyfwh1MAoGCCqGSM49BAMCA0gAMEUCIQD1OXIEAO1fI6+XpR936a5Ef365WnXPvrbzl8oxr0/Z8QIgV5LWkYufM8V0VqpcYcHXyI2fCScD24nJMtVWnrVtOU8="}
04-25 17:12:58.736 15882 15938 D MulticastServer: Broadcast block received {"ip":"192.168.1.66","cert":"MIIBGzCBwqADAgECAgYBgEtLsMUwCgYIKoZIzj0EAwIwFTETMBEGA1UEAwwKVFRNNDkwNSBDQTAeFw0yMjA0MjAwODQ0NTNaFw0yMjA1MjEwODQ0NTNaMBUxEzARBgNVBAMMCjFAdGVzdC5jb20wWTATBgcqhkjOPQIBBggqhkjOPQMBBwNCAAQHFNOCHx/BBFYqT41UW1M6slehFXn+9LK4VDhtASjKBd51QxSRtYZAl+/IpTuOnQdMVvlGCMMWkSeEGOgyfwh1MAoGCCqGSM49BAMCA0gAMEUCIQD1OXIEAO1fI6+XpR936a5Ef365WnXPvrbzl8oxr0/Z8QIgV5LWkYufM8V0VqpcYcHXyI2fCScD24nJMtVWnrVtOU8="}
round 119 of 300
04-25 17:13:07.719 15989 16036 D MulticastServer: MULTICAST_SERVER_LISTENING
04-25 17:13:07.721 15989 16038 D MulticastServer: Registration process started with nonce 1983910611
04-25 17:13:07.724 15989 16037 D MulticastClient: REQUEST_LEDGER 1983910611
04-25 17:13:07.725 15989 16037 D MulticastClient: Sent messages with 3 resends: [{"sender":"","payload":"","mt":"REQUEST_LEDGER","sig":"","nonce":1983910611,"seq":0,"tot":0}]
04-25 17:13:11.727 15989 16040 D RegistrationHandler: I am the first in the network
04-25 17:13:11.727 15989 16040 D RegistrationHandler: 1983910611 Registration started
04-25 17:13:11.749 15989 16037 D MulticastClient: Sent messages with 3 resends: [{"sender":"2@test.com","payload":"{\"ip\":\"192.168.1.57\",\"cert\":\"MIIBGjCBwqADAgECAgYBgEtMKvwwCgYIKoZIzj0EAwIwFTETMBEGA1UEAwwKVFRNNDkwNSBDQTAeFw0yMjA0MjAwODQ1MjRaFw0yMjA1MjEwODQ1MjRaMBUxEzARBgNVBAMMCjJAdGVzdC5jb20wWTATBgcqhkjOPQIBBggqhkjOPQMBBwNCAARuziVeqczih9y2IwSJ3AZuLzxwpY2VwkjEcfE8yVLxCF1qtw21\/iMvxrk2q4BpbgHrUX5EWSAEi7qJDXIS4c\/wMAoGCCqGSM49BAMCA0cAMEQCIG3JN+NQlClPB+thJTrGjfia7cfGbMyyWhJH4K0X7YymAiAUuEhh7Ol8fxrjxPTDnAemav8GQj3kHaLUj1oJ3XJ+Tg==\"}","mt":"BROADCAST_BLOCK","sig":"MEYCIQCMklEV9dbamf66axhosCAdH5OJAqj9eWyfKVoXFn2tbAIhAPkf3hhtkKLnWoMFJjSATOAou1eGqNM3f1qXFDe36BeX","nonce":1983910611,"seq":0,"tot":0}]
04-25 17:13:11.751 15989 16040 D MulticastServer: Registration process finished: 1983910611
round 120 of 300
04-25 17:13:22.114 16087 16136 D MulticastServer: MULTICAST_SERVER_LISTENING
04-25 17:13:22.117 16087 16138 D MulticastServer: Registration process started with nonce 438500792
04-25 17:13:22.121 16087 16137 D MulticastClient: REQUEST_LEDGER 438500792
04-25 17:13:22.126 16087 16137 D MulticastClient: Sent messages with 3 resends: [{"sender":"","payload":"","mt":"REQUEST_LEDGER","sig":"","nonce":438500792,"seq":0,"tot":0}]
04-25 17:13:22.926 16087 16180 D MulticastServer: Registration process started with nonce 1975614506
04-25 17:13:22.929 16087 16180 D MulticastServer: Received request for ledger with nonce: 1975614506.
04-25 17:13:22.943 16087 16180 D MulticastServer: Broadcast block received {"ip":"192.168.1.66","cert":"MIIBGzCBwqADAgECAgYBgEtLsMUwCgYIKoZIzj0EAwIwFTETMBEGA1UEAwwKVFRNNDkwNSBDQTAeFw0yMjA0MjAwODQ0NTNaFw0yMjA1MjEwODQ0NTNaMBUxEzARBgNVBAMMCjFAdGVzdC5jb20wWTATBgcqhkjOPQIBBggqhkjOPQMBBwNCAAQHFNOCHx/BBFYqT41UW1M6slehFXn+9LK4VDhtASjKBd51QxSRtYZAl+/IpTuOnQdMVvlGCMMWkSeEGOgyfwh1MAoGCCqGSM49BAMCA0gAMEUCIQD1OXIEAO1fI6+XpR936a5Ef365WnXPvrbzl8oxr0/Z8QIgV5LWkYufM8V0VqpcYcHXyI2fCScD24nJMtVWnrVtOU8="}
04-25 17:13:22.946 16087 16180 D MulticastServer: Broadcast block received {"ip":"192.168.1.66","cert":"MIIBGzCBwqADAgECAgYBgEtLsMUwCgYIKoZIzj0EAwIwFTETMBEGA1UEAwwKVFRNNDkwNSBDQTAeFw0yMjA0MjAwODQ0NTNaFw0yMjA1MjEwODQ0NTNaMBUxEzARBgNVBAMMCjFAdGVzdC5jb20wWTATBgcqhkjOPQIBBggqhkjOPQMBBwNCAAQHFNOCHx/BBFYqT41UW1M6slehFXn+9LK4VDhtASjKBd51QxSRtYZAl+/IpTuOnQdMVvlGCMMWkSeEGOgyfwh1MAoGCCqGSM49BAMCA0gAMEUCIQD1OXIEAO1fI6+XpR936a5Ef365WnXPvrbzl8oxr0/Z8QIgV5LWkYufM8V0VqpcYcHXyI2fCScD24nJMtVWnrVtOU8="}
04-25 17:13:22.948 16087 16180 D MulticastServer: Broadcast block received {"ip":"192.168.1.66","cert":"MIIBGzCBwqADAgECAgYBgEtLsMUwCgYIKoZIzj0EAwIwFTETMBEGA1UEAwwKVFRNNDkwNSBDQTAeFw0yMjA0MjAwODQ0NTNaFw0yMjA1MjEwODQ0NTNaMBUxEzARBgNVBAMMCjFAdGVzdC5jb20wWTATBgcqhkjOPQIBBggqhkjOPQMBBwNCAAQHFNOCHx/BBFYqT41UW1M6slehFXn+9LK4VDhtASjKBd51QxSRtYZAl+/IpTuOnQdMVvlGCMMWkSeEGOgyfwh1MAoGCCqGSM49BAMCA0gAMEUCIQD1OXIEAO1fI6+XpR936a5Ef365WnXPvrbzl8oxr0/Z8QIgV5LWkYufM8V0VqpcYcHXyI2fCScD24nJMtVWnrVtOU8="}
04-25 17:13:23.332 16087 16180 D MulticastServer: Broadcast block received {"ip":"192.168.1.66","cert":"MIIBGzCBwqADAgECAgYBgEtLsMUwCgYIKoZIzj0EAwIwFTETMBEGA1UEAwwKVFRNNDkwNSBDQTAeFw0yMjA0MjAwODQ0NTNaFw0yMjA1MjEwODQ0NTNaMBUxEzARBgNVBAMMCjFAdGVzdC5jb20wWTATBgcqhkjOPQIBBggqhkjOPQMBBwNCAAQHFNOCHx/BBFYqT41UW1M6slehFXn+9LK4VDhtASjKBd51QxSRtYZAl+/IpTuOnQdMVvlGCMMWkSeEGOgyfwh1MAoGCCqGSM49BAMCA0gAMEUCIQD1OXIEAO1fI6+XpR936a5Ef365WnXPvrbzl8oxr0/Z8QIgV5LWkYufM8V0VqpcYcHXyI2fCScD24nJMtVWnrVtOU8="}
04-25 17:13:23.335 16087 16180 D MulticastServer: Broadcast block received {"ip":"192.168.1.66","cert":"MIIBGzCBwqADAgECAgYBgEtLsMUwCgYIKoZIzj0EAwIwFTETMBEGA1UEAwwKVFRNNDkwNSBDQTAeFw0yMjA0MjAwODQ0NTNaFw0yMjA1MjEwODQ0NTNaMBUxEzARBgNVBAMMCjFAdGVzdC5jb20wWTATBgcqhkjOPQIBBggqhkjOPQMBBwNCAAQHFNOCHx/BBFYqT41UW1M6slehFXn+9LK4VDhtASjKBd51QxSRtYZAl+/IpTuOnQdMVvlGCMMWkSeEGOgyfwh1MAoGCCqGSM49BAMCA0gAMEUCIQD1OXIEAO1fI6+XpR936a5Ef365WnXPvrbzl8oxr0/Z8QIgV5LWkYufM8V0VqpcYcHXyI2fCScD24nJMtVWnrVtOU8="}
04-25 17:13:23.345 16087 16180 D MulticastServer: Broadcast block received {"ip":"192.168.1.66","cert":"MIIBGzCBwqADAgECAgYBgEtLsMUwCgYIKoZIzj0EAwIwFTETMBEGA1UEAwwKVFRNNDkwNSBDQTAeFw0yMjA0MjAwODQ0NTNaFw0yMjA1MjEwODQ0NTNaMBUxEzARBgNVBAMMCjFAdGVzdC5jb20wWTATBgcqhkjOPQIBBggqhkjOPQMBBwNCAAQHFNOCHx/BBFYqT41UW1M6slehFXn+9LK4VDhtASjKBd51QxSRtYZAl+/IpTuOnQdMVvlGCMMWkSeEGOgyfwh1MAoGCCqGSM49BAMCA0gAMEUCIQD1OXIEAO1fI6+XpR936a5Ef365WnXPvrbzl8oxr0/Z8QIgV5LWkYufM8V0VqpcYcHXyI2fCScD24nJMtVWnrVtOU8="}
04-25 17:13:23.349 16087 16180 D MulticastServer: Broadcast block received {"ip":"192.168.1.66","cert":"MIIBGzCBwqADAgECAgYBgEtLsMUwCgYIKoZIzj0EAwIwFTETMBEGA1UEAwwKVFRNNDkwNSBDQTAeFw0yMjA0MjAwODQ0NTNaFw0yMjA1MjEwODQ0NTNaMBUxEzARBgNVBAMMCjFAdGVzdC5jb20wWTATBgcqhkjOPQIBBggqhkjOPQMBBwNCAAQHFNOCHx/BBFYqT41UW1M6slehFXn+9LK4VDhtASjKBd51QxSRtYZAl+/IpTuOnQdMVvlGCMMWkSeEGOgyfwh1MAoGCCqGSM49BAMCA0gAMEUCIQD1OXIEAO1fI6+XpR936a5Ef365WnXPvrbzl8oxr0/Z8QIgV5LWkYufM8V0VqpcYcHXyI2fCScD24nJMtVWnrVtOU8="}
04-25 17:13:26.121 16087 16140 D RegistrationHandler: I am the first in the network
04-25 17:13:26.122 16087 16140 D RegistrationHandler: 438500792 Registration started
04-25 17:13:26.145 16087 16137 D MulticastClient: Sent messages with 3 resends: [{"sender":"2@test.com","payload":"{\"ip\":\"192.168.1.57\",\"cert\":\"MIIBGjCBwqADAgECAgYBgEtMKvwwCgYIKoZIzj0EAwIwFTETMBEGA1UEAwwKVFRNNDkwNSBDQTAeFw0yMjA0MjAwODQ1MjRaFw0yMjA1MjEwODQ1MjRaMBUxEzARBgNVBAMMCjJAdGVzdC5jb20wWTATBgcqhkjOPQIBBggqhkjOPQMBBwNCAARuziVeqczih9y2IwSJ3AZuLzxwpY2VwkjEcfE8yVLxCF1qtw21\/iMvxrk2q4BpbgHrUX5EWSAEi7qJDXIS4c\/wMAoGCCqGSM49BAMCA0cAMEQCIG3JN+NQlClPB+thJTrGjfia7cfGbMyyWhJH4K0X7YymAiAUuEhh7Ol8fxrjxPTDnAemav8GQj3kHaLUj1oJ3XJ+Tg==\"}","mt":"BROADCAST_BLOCK","sig":"MEUCIFxf\/UUdMFsIr45NX4SrOD3p+YAanscriNIBliUtPfuxAiEAhei7wfvYVwpJPvwLc5\/9WYoZwlCX04jcGPClGTakg38=","nonce":438500792,"seq":0,"tot":0}]
04-25 17:13:26.145 16087 16140 D MulticastServer: Registration process finished: 438500792
04-25 17:13:26.931 16087 16196 D RegistrationHandler: I am the first in the network
04-25 17:13:26.931 16087 16196 D MulticastServer: Registration process finished: 1975614506
round 121 of 300
04-25 17:13:36.559 16222 16269 D MulticastServer: MULTICAST_SERVER_LISTENING
04-25 17:13:36.562 16222 16271 D MulticastServer: Registration process started with nonce 2113363774
04-25 17:13:36.564 16222 16276 D MulticastClient: REQUEST_LEDGER 2113363774
04-25 17:13:36.565 16222 16276 D MulticastClient: Sent messages with 3 resends: [{"sender":"","payload":"","mt":"REQUEST_LEDGER","sig":"","nonce":2113363774,"seq":0,"tot":0}]
04-25 17:13:37.582 16222 16278 D MulticastServer: Registration process started with nonce 823808401
04-25 17:13:37.584 16222 16278 D MulticastServer: Received request for ledger with nonce: 823808401.
04-25 17:13:37.612 16222 16278 D MulticastServer: Broadcast block received {"ip":"192.168.1.66","cert":"MIIBGzCBwqADAgECAgYBgEtLsMUwCgYIKoZIzj0EAwIwFTETMBEGA1UEAwwKVFRNNDkwNSBDQTAeFw0yMjA0MjAwODQ0NTNaFw0yMjA1MjEwODQ0NTNaMBUxEzARBgNVBAMMCjFAdGVzdC5jb20wWTATBgcqhkjOPQIBBggqhkjOPQMBBwNCAAQHFNOCHx/BBFYqT41UW1M6slehFXn+9LK4VDhtASjKBd51QxSRtYZAl+/IpTuOnQdMVvlGCMMWkSeEGOgyfwh1MAoGCCqGSM49BAMCA0gAMEUCIQD1OXIEAO1fI6+XpR936a5Ef365WnXPvrbzl8oxr0/Z8QIgV5LWkYufM8V0VqpcYcHXyI2fCScD24nJMtVWnrVtOU8="}
04-25 17:13:37.625 16222 16278 D MulticastServer: Broadcast block received {"ip":"192.168.1.66","cert":"MIIBGzCBwqADAgECAgYBgEtLsMUwCgYIKoZIzj0EAwIwFTETMBEGA1UEAwwKVFRNNDkwNSBDQTAeFw0yMjA0MjAwODQ0NTNaFw0yMjA1MjEwODQ0NTNaMBUxEzARBgNVBAMMCjFAdGVzdC5jb20wWTATBgcqhkjOPQIBBggqhkjOPQMBBwNCAAQHFNOCHx/BBFYqT41UW1M6slehFXn+9LK4VDhtASjKBd51QxSRtYZAl+/IpTuOnQdMVvlGCMMWkSeEGOgyfwh1MAoGCCqGSM49BAMCA0gAMEUCIQD1OXIEAO1fI6+XpR936a5Ef365WnXPvrbzl8oxr0/Z8QIgV5LWkYufM8V0VqpcYcHXyI2fCScD24nJMtVWnrVtOU8="}
04-25 17:13:37.659 16222 16278 D MulticastServer: Broadcast block received {"ip":"192.168.1.66","cert":"MIIBGzCBwqADAgECAgYBgEtLsMUwCgYIKoZIzj0EAwIwFTETMBEGA1UEAwwKVFRNNDkwNSBDQTAeFw0yMjA0MjAwODQ0NTNaFw0yMjA1MjEwODQ0NTNaMBUxEzARBgNVBAMMCjFAdGVzdC5jb20wWTATBgcqhkjOPQIBBggqhkjOPQMBBwNCAAQHFNOCHx/BBFYqT41UW1M6slehFXn+9LK4VDhtASjKBd51QxSRtYZAl+/IpTuOnQdMVvlGCMMWkSeEGOgyfwh1MAoGCCqGSM49BAMCA0gAMEUCIQD1OXIEAO1fI6+XpR936a5Ef365WnXPvrbzl8oxr0/Z8QIgV5LWkYufM8V0VqpcYcHXyI2fCScD24nJMtVWnrVtOU8="}
04-25 17:13:37.662 16222 16278 D MulticastServer: Broadcast block received {"ip":"192.168.1.66","cert":"MIIBGzCBwqADAgECAgYBgEtLsMUwCgYIKoZIzj0EAwIwFTETMBEGA1UEAwwKVFRNNDkwNSBDQTAeFw0yMjA0MjAwODQ0NTNaFw0yMjA1MjEwODQ0NTNaMBUxEzARBgNVBAMMCjFAdGVzdC5jb20wWTATBgcqhkjOPQIBBggqhkjOPQMBBwNCAAQHFNOCHx/BBFYqT41UW1M6slehFXn+9LK4VDhtASjKBd51QxSRtYZAl+/IpTuOnQdMVvlGCMMWkSeEGOgyfwh1MAoGCCqGSM49BAMCA0gAMEUCIQD1OXIEAO1fI6+XpR936a5Ef365WnXPvrbzl8oxr0/Z8QIgV5LWkYufM8V0VqpcYcHXyI2fCScD24nJMtVWnrVtOU8="}
04-25 17:13:41.585 16222 16306 D RegistrationHandler: I am the first in the network
04-25 17:13:41.585 16222 16306 D RegistrationHandler: 823808401 Registration started
04-25 17:13:41.598 16222 16306 D MulticastServer: Registration process finished: 823808401
04-25 17:13:41.604 16222 16276 D MulticastClient: Sent messages with 3 resends: [{"sender":"2@test.com","payload":"{\"ip\":\"192.168.1.57\",\"cert\":\"MIIBGjCBwqADAgECAgYBgEtMKvwwCgYIKoZIzj0EAwIwFTETMBEGA1UEAwwKVFRNNDkwNSBDQTAeFw0yMjA0MjAwODQ1MjRaFw0yMjA1MjEwODQ1MjRaMBUxEzARBgNVBAMMCjJAdGVzdC5jb20wWTATBgcqhkjOPQIBBggqhkjOPQMBBwNCAARuziVeqczih9y2IwSJ3AZuLzxwpY2VwkjEcfE8yVLxCF1qtw21\/iMvxrk2q4BpbgHrUX5EWSAEi7qJDXIS4c\/wMAoGCCqGSM49BAMCA0cAMEQCIG3JN+NQlClPB+thJTrGjfia7cfGbMyyWhJH4K0X7YymAiAUuEhh7Ol8fxrjxPTDnAemav8GQj3kHaLUj1oJ3XJ+Tg==\"}","mt":"BROADCAST_BLOCK","sig":"MEQCIE5a2JFoZiJlmQofimbJqOAZ3a6\/MLnAyCzk4FayJYFQAiA\/wD1Syt44ShH8eZSSyRhAVPdsg505\/PROornF2MKZQg==","nonce":823808401,"seq":0,"tot":0}]
round 122 of 300
04-25 17:13:50.994 16338 16384 D MulticastServer: MULTICAST_SERVER_LISTENING
04-25 17:13:50.996 16338 16386 D MulticastServer: Registration process started with nonce 250169550
04-25 17:13:50.999 16338 16385 D MulticastClient: REQUEST_LEDGER 250169550
04-25 17:13:51.000 16338 16385 D MulticastClient: Sent messages with 3 resends: [{"sender":"","payload":"","mt":"REQUEST_LEDGER","sig":"","nonce":250169550,"seq":0,"tot":0}]
04-25 17:13:52.205 16338 16392 D MulticastServer: Registration process started with nonce 2007735730
04-25 17:13:52.207 16338 16392 D MulticastServer: Received request for ledger with nonce: 2007735730.
04-25 17:13:52.412 16338 16392 D MulticastServer: Broadcast block received {"ip":"192.168.1.66","cert":"MIIBGzCBwqADAgECAgYBgEtLsMUwCgYIKoZIzj0EAwIwFTETMBEGA1UEAwwKVFRNNDkwNSBDQTAeFw0yMjA0MjAwODQ0NTNaFw0yMjA1MjEwODQ0NTNaMBUxEzARBgNVBAMMCjFAdGVzdC5jb20wWTATBgcqhkjOPQIBBggqhkjOPQMBBwNCAAQHFNOCHx/BBFYqT41UW1M6slehFXn+9LK4VDhtASjKBd51QxSRtYZAl+/IpTuOnQdMVvlGCMMWkSeEGOgyfwh1MAoGCCqGSM49BAMCA0gAMEUCIQD1OXIEAO1fI6+XpR936a5Ef365WnXPvrbzl8oxr0/Z8QIgV5LWkYufM8V0VqpcYcHXyI2fCScD24nJMtVWnrVtOU8="}
04-25 17:13:56.210 16338 16422 D RegistrationHandler: I am the first in the network
04-25 17:13:56.210 16338 16422 D RegistrationHandler: 2007735730 Registration started
04-25 17:13:56.223 16338 16422 D MulticastServer: Registration process finished: 2007735730
04-25 17:13:56.230 16338 16385 D MulticastClient: Sent messages with 3 resends: [{"sender":"2@test.com","payload":"{\"ip\":\"192.168.1.57\",\"cert\":\"MIIBGjCBwqADAgECAgYBgEtMKvwwCgYIKoZIzj0EAwIwFTETMBEGA1UEAwwKVFRNNDkwNSBDQTAeFw0yMjA0MjAwODQ1MjRaFw0yMjA1MjEwODQ1MjRaMBUxEzARBgNVBAMMCjJAdGVzdC5jb20wWTATBgcqhkjOPQIBBggqhkjOPQMBBwNCAARuziVeqczih9y2IwSJ3AZuLzxwpY2VwkjEcfE8yVLxCF1qtw21\/iMvxrk2q4BpbgHrUX5EWSAEi7qJDXIS4c\/wMAoGCCqGSM49BAMCA0cAMEQCIG3JN+NQlClPB+thJTrGjfia7cfGbMyyWhJH4K0X7YymAiAUuEhh7Ol8fxrjxPTDnAemav8GQj3kHaLUj1oJ3XJ+Tg==\"}","mt":"BROADCAST_BLOCK","sig":"MEYCIQCoVc8kCW7qEGRXiBbM2pgbyYU0GJCi7Cflaz68Pv30UAIhAJUg\/NreXNJtKx6iXHaSSU5i8KI1tzAGBvpgri\/i41\/7","nonce":2007735730,"seq":0,"tot":0}]
round 123 of 300
04-25 17:14:05.353 16454 16500 D MulticastServer: MULTICAST_SERVER_LISTENING
04-25 17:14:05.355 16454 16502 D MulticastServer: Registration process started with nonce 1288130845
04-25 17:14:05.358 16454 16501 D MulticastClient: REQUEST_LEDGER 1288130845
04-25 17:14:05.359 16454 16501 D MulticastClient: Sent messages with 3 resends: [{"sender":"","payload":"","mt":"REQUEST_LEDGER","sig":"","nonce":1288130845,"seq":0,"tot":0}]
04-25 17:14:06.417 16454 16508 D MulticastServer: Registration process started with nonce 1724100434
04-25 17:14:06.419 16454 16508 D MulticastServer: Received request for ledger with nonce: 1724100434.
04-25 17:14:06.430 16454 16508 D MulticastServer: Broadcast block received {"ip":"192.168.1.66","cert":"MIIBGzCBwqADAgECAgYBgEtLsMUwCgYIKoZIzj0EAwIwFTETMBEGA1UEAwwKVFRNNDkwNSBDQTAeFw0yMjA0MjAwODQ0NTNaFw0yMjA1MjEwODQ0NTNaMBUxEzARBgNVBAMMCjFAdGVzdC5jb20wWTATBgcqhkjOPQIBBggqhkjOPQMBBwNCAAQHFNOCHx/BBFYqT41UW1M6slehFXn+9LK4VDhtASjKBd51QxSRtYZAl+/IpTuOnQdMVvlGCMMWkSeEGOgyfwh1MAoGCCqGSM49BAMCA0gAMEUCIQD1OXIEAO1fI6+XpR936a5Ef365WnXPvrbzl8oxr0/Z8QIgV5LWkYufM8V0VqpcYcHXyI2fCScD24nJMtVWnrVtOU8="}
04-25 17:14:06.435 16454 16508 D MulticastServer: Broadcast block received {"ip":"192.168.1.66","cert":"MIIBGzCBwqADAgECAgYBgEtLsMUwCgYIKoZIzj0EAwIwFTETMBEGA1UEAwwKVFRNNDkwNSBDQTAeFw0yMjA0MjAwODQ0NTNaFw0yMjA1MjEwODQ0NTNaMBUxEzARBgNVBAMMCjFAdGVzdC5jb20wWTATBgcqhkjOPQIBBggqhkjOPQMBBwNCAAQHFNOCHx/BBFYqT41UW1M6slehFXn+9LK4VDhtASjKBd51QxSRtYZAl+/IpTuOnQdMVvlGCMMWkSeEGOgyfwh1MAoGCCqGSM49BAMCA0gAMEUCIQD1OXIEAO1fI6+XpR936a5Ef365WnXPvrbzl8oxr0/Z8QIgV5LWkYufM8V0VqpcYcHXyI2fCScD24nJMtVWnrVtOU8="}
04-25 17:14:06.453 16454 16508 D MulticastServer: Broadcast block received {"ip":"192.168.1.66","cert":"MIIBGzCBwqADAgECAgYBgEtLsMUwCgYIKoZIzj0EAwIwFTETMBEGA1UEAwwKVFRNNDkwNSBDQTAeFw0yMjA0MjAwODQ0NTNaFw0yMjA1MjEwODQ0NTNaMBUxEzARBgNVBAMMCjFAdGVzdC5jb20wWTATBgcqhkjOPQIBBggqhkjOPQMBBwNCAAQHFNOCHx/BBFYqT41UW1M6slehFXn+9LK4VDhtASjKBd51QxSRtYZAl+/IpTuOnQdMVvlGCMMWkSeEGOgyfwh1MAoGCCqGSM49BAMCA0gAMEUCIQD1OXIEAO1fI6+XpR936a5Ef365WnXPvrbzl8oxr0/Z8QIgV5LWkYufM8V0VqpcYcHXyI2fCScD24nJMtVWnrVtOU8="}
04-25 17:14:06.541 16454 16508 D MulticastServer: Broadcast block received {"ip":"192.168.1.66","cert":"MIIBGzCBwqADAgECAgYBgEtLsMUwCgYIKoZIzj0EAwIwFTETMBEGA1UEAwwKVFRNNDkwNSBDQTAeFw0yMjA0MjAwODQ0NTNaFw0yMjA1MjEwODQ0NTNaMBUxEzARBgNVBAMMCjFAdGVzdC5jb20wWTATBgcqhkjOPQIBBggqhkjOPQMBBwNCAAQHFNOCHx/BBFYqT41UW1M6slehFXn+9LK4VDhtASjKBd51QxSRtYZAl+/IpTuOnQdMVvlGCMMWkSeEGOgyfwh1MAoGCCqGSM49BAMCA0gAMEUCIQD1OXIEAO1fI6+XpR936a5Ef365WnXPvrbzl8oxr0/Z8QIgV5LWkYufM8V0VqpcYcHXyI2fCScD24nJMtVWnrVtOU8="}
04-25 17:14:10.422 16454 16538 D RegistrationHandler: I am the first in the network
04-25 17:14:10.422 16454 16538 D RegistrationHandler: 1724100434 Registration started
04-25 17:14:10.439 16454 16538 D MulticastServer: Registration process finished: 1724100434
04-25 17:14:10.463 16454 16501 D MulticastClient: Sent messages with 3 resends: [{"sender":"2@test.com","payload":"{\"ip\":\"192.168.1.57\",\"cert\":\"MIIBGjCBwqADAgECAgYBgEtMKvwwCgYIKoZIzj0EAwIwFTETMBEGA1UEAwwKVFRNNDkwNSBDQTAeFw0yMjA0MjAwODQ1MjRaFw0yMjA1MjEwODQ1MjRaMBUxEzARBgNVBAMMCjJAdGVzdC5jb20wWTATBgcqhkjOPQIBBggqhkjOPQMBBwNCAARuziVeqczih9y2IwSJ3AZuLzxwpY2VwkjEcfE8yVLxCF1qtw21\/iMvxrk2q4BpbgHrUX5EWSAEi7qJDXIS4c\/wMAoGCCqGSM49BAMCA0cAMEQCIG3JN+NQlClPB+thJTrGjfia7cfGbMyyWhJH4K0X7YymAiAUuEhh7Ol8fxrjxPTDnAemav8GQj3kHaLUj1oJ3XJ+Tg==\"}","mt":"BROADCAST_BLOCK","sig":"MEYCIQDQmzz9GLgifu7M0fIxP7FG3lLt71dYii3TRan3o\/tENwIhAJ9xpiWj2yat1wWPLwXmDK+KnN6Jgtdb9JLeidmAwEbj","nonce":1724100434,"seq":0,"tot":0}]
round 124 of 300
04-25 17:14:19.766 16565 16614 D MulticastServer: MULTICAST_SERVER_LISTENING
04-25 17:14:19.769 16565 16616 D MulticastServer: Registration process started with nonce 756838100
04-25 17:14:19.771 16565 16620 D MulticastClient: REQUEST_LEDGER 756838100
04-25 17:14:19.773 16565 16620 D MulticastClient: Sent messages with 3 resends: [{"sender":"","payload":"","mt":"REQUEST_LEDGER","sig":"","nonce":756838100,"seq":0,"tot":0}]
04-25 17:14:21.916 16565 16622 D MulticastServer: Registration process started with nonce 1659108743
04-25 17:14:21.919 16565 16622 D MulticastServer: Received request for ledger with nonce: 1659108743.
04-25 17:14:21.935 16565 16622 D MulticastServer: Broadcast block received {"ip":"192.168.1.66","cert":"MIIBGzCBwqADAgECAgYBgEtLsMUwCgYIKoZIzj0EAwIwFTETMBEGA1UEAwwKVFRNNDkwNSBDQTAeFw0yMjA0MjAwODQ0NTNaFw0yMjA1MjEwODQ0NTNaMBUxEzARBgNVBAMMCjFAdGVzdC5jb20wWTATBgcqhkjOPQIBBggqhkjOPQMBBwNCAAQHFNOCHx/BBFYqT41UW1M6slehFXn+9LK4VDhtASjKBd51QxSRtYZAl+/IpTuOnQdMVvlGCMMWkSeEGOgyfwh1MAoGCCqGSM49BAMCA0gAMEUCIQD1OXIEAO1fI6+XpR936a5Ef365WnXPvrbzl8oxr0/Z8QIgV5LWkYufM8V0VqpcYcHXyI2fCScD24nJMtVWnrVtOU8="}
04-25 17:14:22.110 16565 16622 D MulticastServer: Broadcast block received {"ip":"192.168.1.66","cert":"MIIBGzCBwqADAgECAgYBgEtLsMUwCgYIKoZIzj0EAwIwFTETMBEGA1UEAwwKVFRNNDkwNSBDQTAeFw0yMjA0MjAwODQ0NTNaFw0yMjA1MjEwODQ0NTNaMBUxEzARBgNVBAMMCjFAdGVzdC5jb20wWTATBgcqhkjOPQIBBggqhkjOPQMBBwNCAAQHFNOCHx/BBFYqT41UW1M6slehFXn+9LK4VDhtASjKBd51QxSRtYZAl+/IpTuOnQdMVvlGCMMWkSeEGOgyfwh1MAoGCCqGSM49BAMCA0gAMEUCIQD1OXIEAO1fI6+XpR936a5Ef365WnXPvrbzl8oxr0/Z8QIgV5LWkYufM8V0VqpcYcHXyI2fCScD24nJMtVWnrVtOU8="}
04-25 17:14:22.117 16565 16622 D MulticastServer: Broadcast block received {"ip":"192.168.1.66","cert":"MIIBGzCBwqADAgECAgYBgEtLsMUwCgYIKoZIzj0EAwIwFTETMBEGA1UEAwwKVFRNNDkwNSBDQTAeFw0yMjA0MjAwODQ0NTNaFw0yMjA1MjEwODQ0NTNaMBUxEzARBgNVBAMMCjFAdGVzdC5jb20wWTATBgcqhkjOPQIBBggqhkjOPQMBBwNCAAQHFNOCHx/BBFYqT41UW1M6slehFXn+9LK4VDhtASjKBd51QxSRtYZAl+/IpTuOnQdMVvlGCMMWkSeEGOgyfwh1MAoGCCqGSM49BAMCA0gAMEUCIQD1OXIEAO1fI6+XpR936a5Ef365WnXPvrbzl8oxr0/Z8QIgV5LWkYufM8V0VqpcYcHXyI2fCScD24nJMtVWnrVtOU8="}
04-25 17:14:22.121 16565 16622 D MulticastServer: Broadcast block received {"ip":"192.168.1.66","cert":"MIIBGzCBwqADAgECAgYBgEtLsMUwCgYIKoZIzj0EAwIwFTETMBEGA1UEAwwKVFRNNDkwNSBDQTAeFw0yMjA0MjAwODQ0NTNaFw0yMjA1MjEwODQ0NTNaMBUxEzARBgNVBAMMCjFAdGVzdC5jb20wWTATBgcqhkjOPQIBBggqhkjOPQMBBwNCAAQHFNOCHx/BBFYqT41UW1M6slehFXn+9LK4VDhtASjKBd51QxSRtYZAl+/IpTuOnQdMVvlGCMMWkSeEGOgyfwh1MAoGCCqGSM49BAMCA0gAMEUCIQD1OXIEAO1fI6+XpR936a5Ef365WnXPvrbzl8oxr0/Z8QIgV5LWkYufM8V0VqpcYcHXyI2fCScD24nJMtVWnrVtOU8="}
04-25 17:14:25.921 16565 16651 D RegistrationHandler: I am the first in the network
04-25 17:14:25.922 16565 16651 D RegistrationHandler: 1659108743 Registration started
04-25 17:14:25.936 16565 16651 D MulticastServer: Registration process finished: 1659108743
04-25 17:14:25.941 16565 16620 D MulticastClient: Sent messages with 3 resends: [{"sender":"2@test.com","payload":"{\"ip\":\"192.168.1.57\",\"cert\":\"MIIBGjCBwqADAgECAgYBgEtMKvwwCgYIKoZIzj0EAwIwFTETMBEGA1UEAwwKVFRNNDkwNSBDQTAeFw0yMjA0MjAwODQ1MjRaFw0yMjA1MjEwODQ1MjRaMBUxEzARBgNVBAMMCjJAdGVzdC5jb20wWTATBgcqhkjOPQIBBggqhkjOPQMBBwNCAARuziVeqczih9y2IwSJ3AZuLzxwpY2VwkjEcfE8yVLxCF1qtw21\/iMvxrk2q4BpbgHrUX5EWSAEi7qJDXIS4c\/wMAoGCCqGSM49BAMCA0cAMEQCIG3JN+NQlClPB+thJTrGjfia7cfGbMyyWhJH4K0X7YymAiAUuEhh7Ol8fxrjxPTDnAemav8GQj3kHaLUj1oJ3XJ+Tg==\"}","mt":"BROADCAST_BLOCK","sig":"MEYCIQDtwyWzFWIeNxdwx+XYO66aTa7iFjpRLRB1yXQrxELAzgIhAO5M+hOUqXS\/IYJo1ta0zM76XdYNDJ\/ky9L9hghLChOV","nonce":1659108743,"seq":0,"tot":0}]
round 125 of 300
04-25 17:14:34.180 16679 16726 D MulticastServer: MULTICAST_SERVER_LISTENING
04-25 17:14:34.182 16679 16728 D MulticastServer: Registration process started with nonce 1886643113
04-25 17:14:34.185 16679 16727 D MulticastClient: REQUEST_LEDGER 1886643113
04-25 17:14:34.186 16679 16727 D MulticastClient: Sent messages with 3 resends: [{"sender":"","payload":"","mt":"REQUEST_LEDGER","sig":"","nonce":1886643113,"seq":0,"tot":0}]
04-25 17:14:36.462 16679 16734 D MulticastServer: Registration process started with nonce 695023846
04-25 17:14:36.466 16679 16734 D MulticastServer: Received request for ledger with nonce: 695023846.
04-25 17:14:36.652 16679 16734 D MulticastServer: Broadcast block received {"ip":"192.168.1.66","cert":"MIIBGzCBwqADAgECAgYBgEtLsMUwCgYIKoZIzj0EAwIwFTETMBEGA1UEAwwKVFRNNDkwNSBDQTAeFw0yMjA0MjAwODQ0NTNaFw0yMjA1MjEwODQ0NTNaMBUxEzARBgNVBAMMCjFAdGVzdC5jb20wWTATBgcqhkjOPQIBBggqhkjOPQMBBwNCAAQHFNOCHx/BBFYqT41UW1M6slehFXn+9LK4VDhtASjKBd51QxSRtYZAl+/IpTuOnQdMVvlGCMMWkSeEGOgyfwh1MAoGCCqGSM49BAMCA0gAMEUCIQD1OXIEAO1fI6+XpR936a5Ef365WnXPvrbzl8oxr0/Z8QIgV5LWkYufM8V0VqpcYcHXyI2fCScD24nJMtVWnrVtOU8="}
04-25 17:14:36.661 16679 16734 D MulticastServer: Broadcast block received {"ip":"192.168.1.66","cert":"MIIBGzCBwqADAgECAgYBgEtLsMUwCgYIKoZIzj0EAwIwFTETMBEGA1UEAwwKVFRNNDkwNSBDQTAeFw0yMjA0MjAwODQ0NTNaFw0yMjA1MjEwODQ0NTNaMBUxEzARBgNVBAMMCjFAdGVzdC5jb20wWTATBgcqhkjOPQIBBggqhkjOPQMBBwNCAAQHFNOCHx/BBFYqT41UW1M6slehFXn+9LK4VDhtASjKBd51QxSRtYZAl+/IpTuOnQdMVvlGCMMWkSeEGOgyfwh1MAoGCCqGSM49BAMCA0gAMEUCIQD1OXIEAO1fI6+XpR936a5Ef365WnXPvrbzl8oxr0/Z8QIgV5LWkYufM8V0VqpcYcHXyI2fCScD24nJMtVWnrVtOU8="}
04-25 17:14:36.665 16679 16734 D MulticastServer: Broadcast block received {"ip":"192.168.1.66","cert":"MIIBGzCBwqADAgECAgYBgEtLsMUwCgYIKoZIzj0EAwIwFTETMBEGA1UEAwwKVFRNNDkwNSBDQTAeFw0yMjA0MjAwODQ0NTNaFw0yMjA1MjEwODQ0NTNaMBUxEzARBgNVBAMMCjFAdGVzdC5jb20wWTATBgcqhkjOPQIBBggqhkjOPQMBBwNCAAQHFNOCHx/BBFYqT41UW1M6slehFXn+9LK4VDhtASjKBd51QxSRtYZAl+/IpTuOnQdMVvlGCMMWkSeEGOgyfwh1MAoGCCqGSM49BAMCA0gAMEUCIQD1OXIEAO1fI6+XpR936a5Ef365WnXPvrbzl8oxr0/Z8QIgV5LWkYufM8V0VqpcYcHXyI2fCScD24nJMtVWnrVtOU8="}
04-25 17:14:36.669 16679 16734 D MulticastServer: Broadcast block received {"ip":"192.168.1.66","cert":"MIIBGzCBwqADAgECAgYBgEtLsMUwCgYIKoZIzj0EAwIwFTETMBEGA1UEAwwKVFRNNDkwNSBDQTAeFw0yMjA0MjAwODQ0NTNaFw0yMjA1MjEwODQ0NTNaMBUxEzARBgNVBAMMCjFAdGVzdC5jb20wWTATBgcqhkjOPQIBBggqhkjOPQMBBwNCAAQHFNOCHx/BBFYqT41UW1M6slehFXn+9LK4VDhtASjKBd51QxSRtYZAl+/IpTuOnQdMVvlGCMMWkSeEGOgyfwh1MAoGCCqGSM49BAMCA0gAMEUCIQD1OXIEAO1fI6+XpR936a5Ef365WnXPvrbzl8oxr0/Z8QIgV5LWkYufM8V0VqpcYcHXyI2fCScD24nJMtVWnrVtOU8="}
04-25 17:14:40.468 16679 16762 D RegistrationHandler: I am the first in the network
04-25 17:14:40.468 16679 16762 D RegistrationHandler: 695023846 Registration started
04-25 17:14:40.484 16679 16762 D MulticastServer: Registration process finished: 695023846
04-25 17:14:40.511 16679 16727 D MulticastClient: Sent messages with 3 resends: [{"sender":"2@test.com","payload":"{\"ip\":\"192.168.1.57\",\"cert\":\"MIIBGjCBwqADAgECAgYBgEtMKvwwCgYIKoZIzj0EAwIwFTETMBEGA1UEAwwKVFRNNDkwNSBDQTAeFw0yMjA0MjAwODQ1MjRaFw0yMjA1MjEwODQ1MjRaMBUxEzARBgNVBAMMCjJAdGVzdC5jb20wWTATBgcqhkjOPQIBBggqhkjOPQMBBwNCAARuziVeqczih9y2IwSJ3AZuLzxwpY2VwkjEcfE8yVLxCF1qtw21\/iMvxrk2q4BpbgHrUX5EWSAEi7qJDXIS4c\/wMAoGCCqGSM49BAMCA0cAMEQCIG3JN+NQlClPB+thJTrGjfia7cfGbMyyWhJH4K0X7YymAiAUuEhh7Ol8fxrjxPTDnAemav8GQj3kHaLUj1oJ3XJ+Tg==\"}","mt":"BROADCAST_BLOCK","sig":"MEUCIFtzgMEhEhVxhW25UgbjH5xM6YnVlzUWEQ9ZTWcAPOhqAiEAx4008LNH+8qkZV9rHK\/JXaXZ7mVUJaH7vil5y3zx9Kk=","nonce":695023846,"seq":0,"tot":0}]
round 126 of 300
04-25 17:14:48.599 16791 16840 D MulticastServer: MULTICAST_SERVER_LISTENING
04-25 17:14:48.601 16791 16842 D MulticastServer: Registration process started with nonce 1979795963
04-25 17:14:48.604 16791 16841 D MulticastClient: REQUEST_LEDGER 1979795963
04-25 17:14:48.605 16791 16841 D MulticastClient: Sent messages with 3 resends: [{"sender":"","payload":"","mt":"REQUEST_LEDGER","sig":"","nonce":1979795963,"seq":0,"tot":0}]
04-25 17:14:52.234 16791 16848 D MulticastServer: Registration process started with nonce 1967536877
04-25 17:14:52.240 16791 16848 D MulticastServer: Received request for ledger with nonce: 1967536877.
04-25 17:14:52.269 16791 16848 D MulticastServer: Broadcast block received {"ip":"192.168.1.66","cert":"MIIBGzCBwqADAgECAgYBgEtLsMUwCgYIKoZIzj0EAwIwFTETMBEGA1UEAwwKVFRNNDkwNSBDQTAeFw0yMjA0MjAwODQ0NTNaFw0yMjA1MjEwODQ0NTNaMBUxEzARBgNVBAMMCjFAdGVzdC5jb20wWTATBgcqhkjOPQIBBggqhkjOPQMBBwNCAAQHFNOCHx/BBFYqT41UW1M6slehFXn+9LK4VDhtASjKBd51QxSRtYZAl+/IpTuOnQdMVvlGCMMWkSeEGOgyfwh1MAoGCCqGSM49BAMCA0gAMEUCIQD1OXIEAO1fI6+XpR936a5Ef365WnXPvrbzl8oxr0/Z8QIgV5LWkYufM8V0VqpcYcHXyI2fCScD24nJMtVWnrVtOU8="}
04-25 17:14:52.420 16791 16848 D MulticastServer: Broadcast block received {"ip":"192.168.1.66","cert":"MIIBGzCBwqADAgECAgYBgEtLsMUwCgYIKoZIzj0EAwIwFTETMBEGA1UEAwwKVFRNNDkwNSBDQTAeFw0yMjA0MjAwODQ0NTNaFw0yMjA1MjEwODQ0NTNaMBUxEzARBgNVBAMMCjFAdGVzdC5jb20wWTATBgcqhkjOPQIBBggqhkjOPQMBBwNCAAQHFNOCHx/BBFYqT41UW1M6slehFXn+9LK4VDhtASjKBd51QxSRtYZAl+/IpTuOnQdMVvlGCMMWkSeEGOgyfwh1MAoGCCqGSM49BAMCA0gAMEUCIQD1OXIEAO1fI6+XpR936a5Ef365WnXPvrbzl8oxr0/Z8QIgV5LWkYufM8V0VqpcYcHXyI2fCScD24nJMtVWnrVtOU8="}
04-25 17:14:52.426 16791 16848 D MulticastServer: Broadcast block received {"ip":"192.168.1.66","cert":"MIIBGzCBwqADAgECAgYBgEtLsMUwCgYIKoZIzj0EAwIwFTETMBEGA1UEAwwKVFRNNDkwNSBDQTAeFw0yMjA0MjAwODQ0NTNaFw0yMjA1MjEwODQ0NTNaMBUxEzARBgNVBAMMCjFAdGVzdC5jb20wWTATBgcqhkjOPQIBBggqhkjOPQMBBwNCAAQHFNOCHx/BBFYqT41UW1M6slehFXn+9LK4VDhtASjKBd51QxSRtYZAl+/IpTuOnQdMVvlGCMMWkSeEGOgyfwh1MAoGCCqGSM49BAMCA0gAMEUCIQD1OXIEAO1fI6+XpR936a5Ef365WnXPvrbzl8oxr0/Z8QIgV5LWkYufM8V0VqpcYcHXyI2fCScD24nJMtVWnrVtOU8="}
04-25 17:14:52.431 16791 16848 D MulticastServer: Broadcast block received {"ip":"192.168.1.66","cert":"MIIBGzCBwqADAgECAgYBgEtLsMUwCgYIKoZIzj0EAwIwFTETMBEGA1UEAwwKVFRNNDkwNSBDQTAeFw0yMjA0MjAwODQ0NTNaFw0yMjA1MjEwODQ0NTNaMBUxEzARBgNVBAMMCjFAdGVzdC5jb20wWTATBgcqhkjOPQIBBggqhkjOPQMBBwNCAAQHFNOCHx/BBFYqT41UW1M6slehFXn+9LK4VDhtASjKBd51QxSRtYZAl+/IpTuOnQdMVvlGCMMWkSeEGOgyfwh1MAoGCCqGSM49BAMCA0gAMEUCIQD1OXIEAO1fI6+XpR936a5Ef365WnXPvrbzl8oxr0/Z8QIgV5LWkYufM8V0VqpcYcHXyI2fCScD24nJMtVWnrVtOU8="}
round 127 of 300
04-25 17:15:03.014 16907 16954 D MulticastServer: MULTICAST_SERVER_LISTENING
04-25 17:15:03.016 16907 16956 D MulticastServer: Registration process started with nonce 505784816
04-25 17:15:03.018 16907 16955 D MulticastClient: REQUEST_LEDGER 505784816
04-25 17:15:03.020 16907 16955 D MulticastClient: Sent messages with 3 resends: [{"sender":"","payload":"","mt":"REQUEST_LEDGER","sig":"","nonce":505784816,"seq":0,"tot":0}]
04-25 17:15:06.785 16907 16963 D MulticastServer: Registration process started with nonce 329388357
04-25 17:15:06.790 16907 16963 D MulticastServer: Received request for ledger with nonce: 329388357.
04-25 17:15:06.961 16907 16963 D MulticastServer: Broadcast block received {"ip":"192.168.1.66","cert":"MIIBGzCBwqADAgECAgYBgEtLsMUwCgYIKoZIzj0EAwIwFTETMBEGA1UEAwwKVFRNNDkwNSBDQTAeFw0yMjA0MjAwODQ0NTNaFw0yMjA1MjEwODQ0NTNaMBUxEzARBgNVBAMMCjFAdGVzdC5jb20wWTATBgcqhkjOPQIBBggqhkjOPQMBBwNCAAQHFNOCHx/BBFYqT41UW1M6slehFXn+9LK4VDhtASjKBd51QxSRtYZAl+/IpTuOnQdMVvlGCMMWkSeEGOgyfwh1MAoGCCqGSM49BAMCA0gAMEUCIQD1OXIEAO1fI6+XpR936a5Ef365WnXPvrbzl8oxr0/Z8QIgV5LWkYufM8V0VqpcYcHXyI2fCScD24nJMtVWnrVtOU8="}
04-25 17:15:06.969 16907 16963 D MulticastServer: Broadcast block received {"ip":"192.168.1.66","cert":"MIIBGzCBwqADAgECAgYBgEtLsMUwCgYIKoZIzj0EAwIwFTETMBEGA1UEAwwKVFRNNDkwNSBDQTAeFw0yMjA0MjAwODQ0NTNaFw0yMjA1MjEwODQ0NTNaMBUxEzARBgNVBAMMCjFAdGVzdC5jb20wWTATBgcqhkjOPQIBBggqhkjOPQMBBwNCAAQHFNOCHx/BBFYqT41UW1M6slehFXn+9LK4VDhtASjKBd51QxSRtYZAl+/IpTuOnQdMVvlGCMMWkSeEGOgyfwh1MAoGCCqGSM49BAMCA0gAMEUCIQD1OXIEAO1fI6+XpR936a5Ef365WnXPvrbzl8oxr0/Z8QIgV5LWkYufM8V0VqpcYcHXyI2fCScD24nJMtVWnrVtOU8="}
04-25 17:15:07.003 16907 16963 D MulticastServer: Broadcast block received {"ip":"192.168.1.66","cert":"MIIBGzCBwqADAgECAgYBgEtLsMUwCgYIKoZIzj0EAwIwFTETMBEGA1UEAwwKVFRNNDkwNSBDQTAeFw0yMjA0MjAwODQ0NTNaFw0yMjA1MjEwODQ0NTNaMBUxEzARBgNVBAMMCjFAdGVzdC5jb20wWTATBgcqhkjOPQIBBggqhkjOPQMBBwNCAAQHFNOCHx/BBFYqT41UW1M6slehFXn+9LK4VDhtASjKBd51QxSRtYZAl+/IpTuOnQdMVvlGCMMWkSeEGOgyfwh1MAoGCCqGSM49BAMCA0gAMEUCIQD1OXIEAO1fI6+XpR936a5Ef365WnXPvrbzl8oxr0/Z8QIgV5LWkYufM8V0VqpcYcHXyI2fCScD24nJMtVWnrVtOU8="}
04-25 17:15:07.006 16907 16963 D MulticastServer: Broadcast block received {"ip":"192.168.1.66","cert":"MIIBGzCBwqADAgECAgYBgEtLsMUwCgYIKoZIzj0EAwIwFTETMBEGA1UEAwwKVFRNNDkwNSBDQTAeFw0yMjA0MjAwODQ0NTNaFw0yMjA1MjEwODQ0NTNaMBUxEzARBgNVBAMMCjFAdGVzdC5jb20wWTATBgcqhkjOPQIBBggqhkjOPQMBBwNCAAQHFNOCHx/BBFYqT41UW1M6slehFXn+9LK4VDhtASjKBd51QxSRtYZAl+/IpTuOnQdMVvlGCMMWkSeEGOgyfwh1MAoGCCqGSM49BAMCA0gAMEUCIQD1OXIEAO1fI6+XpR936a5Ef365WnXPvrbzl8oxr0/Z8QIgV5LWkYufM8V0VqpcYcHXyI2fCScD24nJMtVWnrVtOU8="}
04-25 17:15:07.018 16907 16958 D RegistrationHandler: I am the first in the network
04-25 17:15:07.018 16907 16958 D RegistrationHandler: 505784816 Registration started
04-25 17:15:07.033 16907 16958 D MulticastServer: Registration process finished: 505784816
04-25 17:15:07.037 16907 16955 D MulticastClient: Sent messages with 3 resends: [{"sender":"2@test.com","payload":"{\"ip\":\"192.168.1.57\",\"cert\":\"MIIBGjCBwqADAgECAgYBgEtMKvwwCgYIKoZIzj0EAwIwFTETMBEGA1UEAwwKVFRNNDkwNSBDQTAeFw0yMjA0MjAwODQ1MjRaFw0yMjA1MjEwODQ1MjRaMBUxEzARBgNVBAMMCjJAdGVzdC5jb20wWTATBgcqhkjOPQIBBggqhkjOPQMBBwNCAARuziVeqczih9y2IwSJ3AZuLzxwpY2VwkjEcfE8yVLxCF1qtw21\/iMvxrk2q4BpbgHrUX5EWSAEi7qJDXIS4c\/wMAoGCCqGSM49BAMCA0cAMEQCIG3JN+NQlClPB+thJTrGjfia7cfGbMyyWhJH4K0X7YymAiAUuEhh7Ol8fxrjxPTDnAemav8GQj3kHaLUj1oJ3XJ+Tg==\"}","mt":"BROADCAST_BLOCK","sig":"MEUCIQCQngVsOvBRWKTIUaLn8pwBgmPsNJSAmupfZqkjOYU\/ZQIgPbEalGt5bgEz9rT7rtGXas7QF9MBa4BJf3AyomRnZ78=","nonce":505784816,"seq":0,"tot":0}]
round 128 of 300
04-25 17:15:17.515 17019 17067 D MulticastServer: MULTICAST_SERVER_LISTENING
04-25 17:15:17.518 17019 17069 D MulticastServer: Registration process started with nonce 1379376114
04-25 17:15:17.520 17019 17073 D MulticastClient: REQUEST_LEDGER 1379376114
04-25 17:15:17.522 17019 17073 D MulticastClient: Sent messages with 3 resends: [{"sender":"","payload":"","mt":"REQUEST_LEDGER","sig":"","nonce":1379376114,"seq":0,"tot":0}]
04-25 17:15:20.916 17019 17076 D MulticastServer: Registration process started with nonce 1446217011
04-25 17:15:20.918 17019 17076 D MulticastServer: Received request for ledger with nonce: 1446217011.
04-25 17:15:21.100 17019 17076 D MulticastServer: Broadcast block received {"ip":"192.168.1.66","cert":"MIIBGzCBwqADAgECAgYBgEtLsMUwCgYIKoZIzj0EAwIwFTETMBEGA1UEAwwKVFRNNDkwNSBDQTAeFw0yMjA0MjAwODQ0NTNaFw0yMjA1MjEwODQ0NTNaMBUxEzARBgNVBAMMCjFAdGVzdC5jb20wWTATBgcqhkjOPQIBBggqhkjOPQMBBwNCAAQHFNOCHx/BBFYqT41UW1M6slehFXn+9LK4VDhtASjKBd51QxSRtYZAl+/IpTuOnQdMVvlGCMMWkSeEGOgyfwh1MAoGCCqGSM49BAMCA0gAMEUCIQD1OXIEAO1fI6+XpR936a5Ef365WnXPvrbzl8oxr0/Z8QIgV5LWkYufM8V0VqpcYcHXyI2fCScD24nJMtVWnrVtOU8="}
04-25 17:15:21.107 17019 17076 D MulticastServer: Broadcast block received {"ip":"192.168.1.66","cert":"MIIBGzCBwqADAgECAgYBgEtLsMUwCgYIKoZIzj0EAwIwFTETMBEGA1UEAwwKVFRNNDkwNSBDQTAeFw0yMjA0MjAwODQ0NTNaFw0yMjA1MjEwODQ0NTNaMBUxEzARBgNVBAMMCjFAdGVzdC5jb20wWTATBgcqhkjOPQIBBggqhkjOPQMBBwNCAAQHFNOCHx/BBFYqT41UW1M6slehFXn+9LK4VDhtASjKBd51QxSRtYZAl+/IpTuOnQdMVvlGCMMWkSeEGOgyfwh1MAoGCCqGSM49BAMCA0gAMEUCIQD1OXIEAO1fI6+XpR936a5Ef365WnXPvrbzl8oxr0/Z8QIgV5LWkYufM8V0VqpcYcHXyI2fCScD24nJMtVWnrVtOU8="}
04-25 17:15:21.109 17019 17076 D MulticastServer: Broadcast block received {"ip":"192.168.1.66","cert":"MIIBGzCBwqADAgECAgYBgEtLsMUwCgYIKoZIzj0EAwIwFTETMBEGA1UEAwwKVFRNNDkwNSBDQTAeFw0yMjA0MjAwODQ0NTNaFw0yMjA1MjEwODQ0NTNaMBUxEzARBgNVBAMMCjFAdGVzdC5jb20wWTATBgcqhkjOPQIBBggqhkjOPQMBBwNCAAQHFNOCHx/BBFYqT41UW1M6slehFXn+9LK4VDhtASjKBd51QxSRtYZAl+/IpTuOnQdMVvlGCMMWkSeEGOgyfwh1MAoGCCqGSM49BAMCA0gAMEUCIQD1OXIEAO1fI6+XpR936a5Ef365WnXPvrbzl8oxr0/Z8QIgV5LWkYufM8V0VqpcYcHXyI2fCScD24nJMtVWnrVtOU8="}
04-25 17:15:21.111 17019 17076 D MulticastServer: Broadcast block received {"ip":"192.168.1.66","cert":"MIIBGzCBwqADAgECAgYBgEtLsMUwCgYIKoZIzj0EAwIwFTETMBEGA1UEAwwKVFRNNDkwNSBDQTAeFw0yMjA0MjAwODQ0NTNaFw0yMjA1MjEwODQ0NTNaMBUxEzARBgNVBAMMCjFAdGVzdC5jb20wWTATBgcqhkjOPQIBBggqhkjOPQMBBwNCAAQHFNOCHx/BBFYqT41UW1M6slehFXn+9LK4VDhtASjKBd51QxSRtYZAl+/IpTuOnQdMVvlGCMMWkSeEGOgyfwh1MAoGCCqGSM49BAMCA0gAMEUCIQD1OXIEAO1fI6+XpR936a5Ef365WnXPvrbzl8oxr0/Z8QIgV5LWkYufM8V0VqpcYcHXyI2fCScD24nJMtVWnrVtOU8="}
04-25 17:15:21.520 17019 17071 D RegistrationHandler: I am the first in the network
04-25 17:15:21.521 17019 17071 D RegistrationHandler: 1379376114 Registration started
04-25 17:15:21.543 17019 17073 D MulticastClient: Sent messages with 3 resends: [{"sender":"2@test.com","payload":"{\"ip\":\"192.168.1.57\",\"cert\":\"MIIBGjCBwqADAgECAgYBgEtMKvwwCgYIKoZIzj0EAwIwFTETMBEGA1UEAwwKVFRNNDkwNSBDQTAeFw0yMjA0MjAwODQ1MjRaFw0yMjA1MjEwODQ1MjRaMBUxEzARBgNVBAMMCjJAdGVzdC5jb20wWTATBgcqhkjOPQIBBggqhkjOPQMBBwNCAARuziVeqczih9y2IwSJ3AZuLzxwpY2VwkjEcfE8yVLxCF1qtw21\/iMvxrk2q4BpbgHrUX5EWSAEi7qJDXIS4c\/wMAoGCCqGSM49BAMCA0cAMEQCIG3JN+NQlClPB+thJTrGjfia7cfGbMyyWhJH4K0X7YymAiAUuEhh7Ol8fxrjxPTDnAemav8GQj3kHaLUj1oJ3XJ+Tg==\"}","mt":"BROADCAST_BLOCK","sig":"MEQCIH13+gcFLlMxxouTf18FnVKO37IZK2BwKS0XMfr0x7c+AiArWENqbiuyPPoPJRCnm8+N0zX0SyEXEtV8qVtR0U8TFA==","nonce":1379376114,"seq":0,"tot":0}]
04-25 17:15:21.544 17019 17071 D MulticastServer: Registration process finished: 1379376114
04-25 17:15:24.920 17019 17106 D RegistrationHandler: I am the first in the network
04-25 17:15:24.920 17019 17106 D MulticastServer: Registration process finished: 1446217011
round 129 of 300
04-25 17:15:31.893 17133 17180 D MulticastServer: MULTICAST_SERVER_LISTENING
04-25 17:15:31.899 17133 17182 D MulticastServer: Registration process started with nonce 833037736
04-25 17:15:31.903 17133 17186 D MulticastClient: REQUEST_LEDGER 833037736
04-25 17:15:31.911 17133 17186 D MulticastClient: Sent messages with 3 resends: [{"sender":"","payload":"","mt":"REQUEST_LEDGER","sig":"","nonce":833037736,"seq":0,"tot":0}]
04-25 17:15:33.813 17133 17189 D MulticastServer: Registration process started with nonce 848243664
04-25 17:15:33.816 17133 17189 D MulticastServer: Received request for ledger with nonce: 848243664.
04-25 17:15:33.997 17133 17189 D MulticastServer: Broadcast block received {"ip":"192.168.1.66","cert":"MIIBGzCBwqADAgECAgYBgEtLsMUwCgYIKoZIzj0EAwIwFTETMBEGA1UEAwwKVFRNNDkwNSBDQTAeFw0yMjA0MjAwODQ0NTNaFw0yMjA1MjEwODQ0NTNaMBUxEzARBgNVBAMMCjFAdGVzdC5jb20wWTATBgcqhkjOPQIBBggqhkjOPQMBBwNCAAQHFNOCHx/BBFYqT41UW1M6slehFXn+9LK4VDhtASjKBd51QxSRtYZAl+/IpTuOnQdMVvlGCMMWkSeEGOgyfwh1MAoGCCqGSM49BAMCA0gAMEUCIQD1OXIEAO1fI6+XpR936a5Ef365WnXPvrbzl8oxr0/Z8QIgV5LWkYufM8V0VqpcYcHXyI2fCScD24nJMtVWnrVtOU8="}
04-25 17:15:34.005 17133 17189 D MulticastServer: Broadcast block received {"ip":"192.168.1.66","cert":"MIIBGzCBwqADAgECAgYBgEtLsMUwCgYIKoZIzj0EAwIwFTETMBEGA1UEAwwKVFRNNDkwNSBDQTAeFw0yMjA0MjAwODQ0NTNaFw0yMjA1MjEwODQ0NTNaMBUxEzARBgNVBAMMCjFAdGVzdC5jb20wWTATBgcqhkjOPQIBBggqhkjOPQMBBwNCAAQHFNOCHx/BBFYqT41UW1M6slehFXn+9LK4VDhtASjKBd51QxSRtYZAl+/IpTuOnQdMVvlGCMMWkSeEGOgyfwh1MAoGCCqGSM49BAMCA0gAMEUCIQD1OXIEAO1fI6+XpR936a5Ef365WnXPvrbzl8oxr0/Z8QIgV5LWkYufM8V0VqpcYcHXyI2fCScD24nJMtVWnrVtOU8="}
04-25 17:15:34.008 17133 17189 D MulticastServer: Broadcast block received {"ip":"192.168.1.66","cert":"MIIBGzCBwqADAgECAgYBgEtLsMUwCgYIKoZIzj0EAwIwFTETMBEGA1UEAwwKVFRNNDkwNSBDQTAeFw0yMjA0MjAwODQ0NTNaFw0yMjA1MjEwODQ0NTNaMBUxEzARBgNVBAMMCjFAdGVzdC5jb20wWTATBgcqhkjOPQIBBggqhkjOPQMBBwNCAAQHFNOCHx/BBFYqT41UW1M6slehFXn+9LK4VDhtASjKBd51QxSRtYZAl+/IpTuOnQdMVvlGCMMWkSeEGOgyfwh1MAoGCCqGSM49BAMCA0gAMEUCIQD1OXIEAO1fI6+XpR936a5Ef365WnXPvrbzl8oxr0/Z8QIgV5LWkYufM8V0VqpcYcHXyI2fCScD24nJMtVWnrVtOU8="}
