04-25 16:59:41.941  9506  9561 D MulticastServer: Broadcast block received {"ip":"192.168.1.66","cert":"MIIBGzCBwqADAgECAgYBgEtLsMUwCgYIKoZIzj0EAwIwFTETMBEGA1UEAwwKVFRNNDkwNSBDQTAeFw0yMjA0MjAwODQ0NTNaFw0yMjA1MjEwODQ0NTNaMBUxEzARBgNVBAMMCjFAdGVzdC5jb20wWTATBgcqhkjOPQIBBggqhkjOPQMBBwNCAAQHFNOCHx/BBFYqT41UW1M6slehFXn+9LK4VDhtASjKBd51QxSRtYZAl+/IpTuOnQdMVvlGCMMWkSeEGOgyfwh1MAoGCCqGSM49BAMCA0gAMEUCIQD1OXIEAO1fI6+XpR936a5Ef365WnXPvrbzl8oxr0/Z8QIgV5LWkYufM8V0VqpcYcHXyI2fCScD24nJMtVWnrVtOU8="}
04-25 16:59:41.944  9506  9561 D MulticastServer: Broadcast block received {"ip":"192.168.1.66","cert":"MIIBGzCBwqADAgECAgYBgEtLsMUwCgYIKoZIzj0EAwIwFTETMBEGA1UEAwwKVFRNNDkwNSBDQTAeFw0yMjA0MjAwODQ0NTNaFw0yMjA1MjEwODQ0NTNaMBUxEzARBgNVBAMMCjFAdGVzdC5jb20wWTATBgcqhkjOPQIBBggqhkjOPQMBBwNCAAQHFNOCHx/BBFYqT41UW1M6slehFXn+9LK4VDhtASjKBd51QxSRtYZAl+/IpTuOnQdMVvlGCMMWkSeEGOgyfwh1MAoGCCqGSM49BAMCA0gAMEUCIQD1OXIEAO1fI6+XpR936a5Ef365WnXPvrbzl8oxr0/Z8QIgV5LWkYufM8V0VqpcYcHXyI2fCScD24nJMtVWnrVtOU8="}
04-25 16:59:41.949  9506  9561 D MulticastServer: Broadcast block received {"ip":"192.168.1.66","cert":"MIIBGzCBwqADAgECAgYBgEtLsMUwCgYIKoZIzj0EAwIwFTETMBEGA1UEAwwKVFRNNDkwNSBDQTAeFw0yMjA0MjAwODQ0NTNaFw0yMjA1MjEwODQ0NTNaMBUxEzARBgNVBAMMCjFAdGVzdC5jb20wWTATBgcqhkjOPQIBBggqhkjOPQMBBwNCAAQHFNOCHx/BBFYqT41UW1M6slehFXn+9LK4VDhtASjKBd51QxSRtYZAl+/IpTuOnQdMVvlGCMMWkSeEGOgyfwh1MAoGCCqGSM49BAMCA0gAMEUCIQD1OXIEAO1fI6+XpR936a5Ef365WnXPvrbzl8oxr0/Z8QIgV5LWkYufM8V0VqpcYcHXyI2fCScD24nJMtVWnrVtOU8="}
04-25 16:59:45.915  9506  9589 D RegistrationHandler: I am the first in the network
04-25 16:59:45.916  9506  9589 D RegistrationHandler: 276591723 Registration started
04-25 16:59:45.944  9506  9589 D MulticastServer: Registration process finished: 276591723
04-25 16:59:45.971  9506  9554 D MulticastClient: Sent messages with 3 resends: [{"sender":"2@test.com","payload":"{\"ip\":\"192.168.1.57\",\"cert\":\"MIIBGjCBwqADAgECAgYBgEtMKvwwCgYIKoZIzj0EAwIwFTETMBEGA1UEAwwKVFRNNDkwNSBDQTAeFw0yMjA0MjAwODQ1MjRaFw0yMjA1MjEwODQ1MjRaMBUxEzARBgNVBAMMCjJAdGVzdC5jb20wWTATBgcqhkjOPQIBBggqhkjOPQMBBwNCAARuziVeqczih9y2IwSJ3AZuLzxwpY2VwkjEcfE8yVLxCF1qtw21\/iMvxrk2q4BpbgHrUX5EWSAEi7qJDXIS4c\/wMAoGCCqGSM49BAMCA0cAMEQCIG3JN+NQlClPB+thJTrGjfia7cfGbMyyWhJH4K0X7YymAiAUuEhh7Ol8fxrjxPTDnAemav8GQj3kHaLUj1oJ3XJ+Tg==\"}","mt":"BROADCAST_BLOCK","sig":"MEUCIQDr7UXP\/PxbJUZy9oZtNJpwcm7752Wh0kakiwUY+vgU7QIgESeogXzvG+8KCyLNkbkVqtDgyHxMNBYzVpb9pEopyEQ=","nonce":276591723,"seq":0,"tot":0}]
round 64 of 300
04-25 16:59:55.619  9618  9664 D MulticastServer: MULTICAST_SERVER_LISTENING
04-25 16:59:55.621  9618  9666 D MulticastServer: Registration process started with nonce 870618357
04-25 16:59:55.626  9618  9665 D MulticastClient: REQUEST_LEDGER 870618357
04-25 16:59:55.634  9618  9665 D MulticastClient: Sent messages with 3 resends: [{"sender":"","payload":"","mt":"REQUEST_LEDGER","sig":"","nonce":870618357,"seq":0,"tot":0}]
04-25 16:59:57.024  9618  9673 D MulticastServer: Registration process started with nonce 1164784429
04-25 16:59:57.029  9618  9673 D MulticastServer: Received request for ledger with nonce: 1164784429.
04-25 16:59:57.060  9618  9673 D MulticastServer: Broadcast block received {"ip":"192.168.1.66","cert":"MIIBGzCBwqADAgECAgYBgEtLsMUwCgYIKoZIzj0EAwIwFTETMBEGA1UEAwwKVFRNNDkwNSBDQTAeFw0yMjA0MjAwODQ0NTNaFw0yMjA1MjEwODQ0NTNaMBUxEzARBgNVBAMMCjFAdGVzdC5jb20wWTATBgcqhkjOPQIBBggqhkjOPQMBBwNCAAQHFNOCHx/BBFYqT41UW1M6slehFXn+9LK4VDhtASjKBd51QxSRtYZAl+/IpTuOnQdMVvlGCMMWkSeEGOgyfwh1MAoGCCqGSM49BAMCA0gAMEUCIQD1OXIEAO1fI6+XpR936a5Ef365WnXPvrbzl8oxr0/Z8QIgV5LWkYufM8V0VqpcYcHXyI2fCScD24nJMtVWnrVtOU8="}
04-25 16:59:57.067  9618  9673 D MulticastServer: Broadcast block received {"ip":"192.168.1.66","cert":"MIIBGzCBwqADAgECAgYBgEtLsMUwCgYIKoZIzj0EAwIwFTETMBEGA1UEAwwKVFRNNDkwNSBDQTAeFw0yMjA0MjAwODQ0NTNaFw0yMjA1MjEwODQ0NTNaMBUxEzARBgNVBAMMCjFAdGVzdC5jb20wWTATBgcqhkjOPQIBBggqhkjOPQMBBwNCAAQHFNOCHx/BBFYqT41UW1M6slehFXn+9LK4VDhtASjKBd51QxSRtYZAl+/IpTuOnQdMVvlGCMMWkSeEGOgyfwh1MAoGCCqGSM49BAMCA0gAMEUCIQD1OXIEAO1fI6+XpR936a5Ef365WnXPvrbzl8oxr0/Z8QIgV5LWkYufM8V0VqpcYcHXyI2fCScD24nJMtVWnrVtOU8="}
04-25 16:59:57.071  9618  9673 D MulticastServer: Broadcast block received {"ip":"192.168.1.66","cert":"MIIBGzCBwqADAgECAgYBgEtLsMUwCgYIKoZIzj0EAwIwFTETMBEGA1UEAwwKVFRNNDkwNSBDQTAeFw0yMjA0MjAwODQ0NTNaFw0yMjA1MjEwODQ0NTNaMBUxEzARBgNVBAMMCjFAdGVzdC5jb20wWTATBgcqhkjOPQIBBggqhkjOPQMBBwNCAAQHFNOCHx/BBFYqT41UW1M6slehFXn+9LK4VDhtASjKBd51QxSRtYZAl+/IpTuOnQdMVvlGCMMWkSeEGOgyfwh1MAoGCCqGSM49BAMCA0gAMEUCIQD1OXIEAO1fI6+XpR936a5Ef365WnXPvrbzl8oxr0/Z8QIgV5LWkYufM8V0VqpcYcHXyI2fCScD24nJMtVWnrVtOU8="}
04-25 16:59:57.074  9618  9673 D MulticastServer: Broadcast block received {"ip":"192.168.1.66","cert":"MIIBGzCBwqADAgECAgYBgEtLsMUwCgYIKoZIzj0EAwIwFTETMBEGA1UEAwwKVFRNNDkwNSBDQTAeFw0yMjA0MjAwODQ0NTNaFw0yMjA1MjEwODQ0NTNaMBUxEzARBgNVBAMMCjFAdGVzdC5jb20wWTATBgcqhkjOPQIBBggqhkjOPQMBBwNCAAQHFNOCHx/BBFYqT41UW1M6slehFXn+9LK4VDhtASjKBd51QxSRtYZAl+/IpTuOnQdMVvlGCMMWkSeEGOgyfwh1MAoGCCqGSM49BAMCA0gAMEUCIQD1OXIEAO1fI6+XpR936a5Ef365WnXPvrbzl8oxr0/Z8QIgV5LWkYufM8V0VqpcYcHXyI2fCScD24nJMtVWnrVtOU8="}
04-25 17:00:01.031  9618  9702 D RegistrationHandler: I am the first in the network
04-25 17:00:01.031  9618  9702 D RegistrationHandler: 1164784429 Registration started
04-25 17:00:01.044  9618  9702 D MulticastServer: Registration process finished: 1164784429
04-25 17:00:01.052  9618  9665 D MulticastClient: Sent messages with 3 resends: [{"sender":"2@test.com","payload":"{\"ip\":\"192.168.1.57\",\"cert\":\"MIIBGjCBwqADAgECAgYBgEtMKvwwCgYIKoZIzj0EAwIwFTETMBEGA1UEAwwKVFRNNDkwNSBDQTAeFw0yMjA0MjAwODQ1MjRaFw0yMjA1MjEwODQ1MjRaMBUxEzARBgNVBAMMCjJAdGVzdC5jb20wWTATBgcqhkjOPQIBBggqhkjOPQMBBwNCAARuziVeqczih9y2IwSJ3AZuLzxwpY2VwkjEcfE8yVLxCF1qtw21\/iMvxrk2q4BpbgHrUX5EWSAEi7qJDXIS4c\/wMAoGCCqGSM49BAMCA0cAMEQCIG3JN+NQlClPB+thJTrGjfia7cfGbMyyWhJH4K0X7YymAiAUuEhh7Ol8fxrjxPTDnAemav8GQj3kHaLUj1oJ3XJ+Tg==\"}","mt":"BROADCAST_BLOCK","sig":"MEYCIQCBt0K5aL\/sh7fNBZ2hxW4PffvA6zNyDETLAqSLs0UGnAIhAKG0FCTKjjGfmvO70O9VN+Y3y7oTBR6F6dQHxriAZRUd","nonce":1164784429,"seq":0,"tot":0}]
round 65 of 300
04-25 17:00:10.002  9733  9780 D MulticastServer: MULTICAST_SERVER_LISTENING
04-25 17:00:10.004  9733  9783 D MulticastServer: Registration process started with nonce 753943952
04-25 17:00:10.007  9733  9789 D MulticastClient: REQUEST_LEDGER 753943952
04-25 17:00:10.008  9733  9789 D MulticastClient: Sent messages with 3 resends: [{"sender":"","payload":"","mt":"REQUEST_LEDGER","sig":"","nonce":753943952,"seq":0,"tot":0}]
04-25 17:00:11.165  9733  9791 D MulticastServer: Registration process started with nonce 723337371
04-25 17:00:11.168  9733  9791 D MulticastServer: Received request for ledger with nonce: 723337371.
04-25 17:00:11.181  9733  9791 D MulticastServer: Broadcast block received {"ip":"192.168.1.66","cert":"MIIBGzCBwqADAgECAgYBgEtLsMUwCgYIKoZIzj0EAwIwFTETMBEGA1UEAwwKVFRNNDkwNSBDQTAeFw0yMjA0MjAwODQ0NTNaFw0yMjA1MjEwODQ0NTNaMBUxEzARBgNVBAMMCjFAdGVzdC5jb20wWTATBgcqhkjOPQIBBggqhkjOPQMBBwNCAAQHFNOCHx/BBFYqT41UW1M6slehFXn+9LK4VDhtASjKBd51QxSRtYZAl+/IpTuOnQdMVvlGCMMWkSeEGOgyfwh1MAoGCCqGSM49BAMCA0gAMEUCIQD1OXIEAO1fI6+XpR936a5Ef365WnXPvrbzl8oxr0/Z8QIgV5LWkYufM8V0VqpcYcHXyI2fCScD24nJMtVWnrVtOU8="}
04-25 17:00:11.183  9733  9791 D MulticastServer: Broadcast block received {"ip":"192.168.1.66","cert":"MIIBGzCBwqADAgECAgYBgEtLsMUwCgYIKoZIzj0EAwIwFTETMBEGA1UEAwwKVFRNNDkwNSBDQTAeFw0yMjA0MjAwODQ0NTNaFw0yMjA1MjEwODQ0NTNaMBUxEzARBgNVBAMMCjFAdGVzdC5jb20wWTATBgcqhkjOPQIBBggqhkjOPQMBBwNCAAQHFNOCHx/BBFYqT41UW1M6slehFXn+9LK4VDhtASjKBd51QxSRtYZAl+/IpTuOnQdMVvlGCMMWkSeEGOgyfwh1MAoGCCqGSM49BAMCA0gAMEUCIQD1OXIEAO1fI6+XpR936a5Ef365WnXPvrbzl8oxr0/Z8QIgV5LWkYufM8V0VqpcYcHXyI2fCScD24nJMtVWnrVtOU8="}
04-25 17:00:11.192  9733  9791 D MulticastServer: Broadcast block received {"ip":"192.168.1.66","cert":"MIIBGzCBwqADAgECAgYBgEtLsMUwCgYIKoZIzj0EAwIwFTETMBEGA1UEAwwKVFRNNDkwNSBDQTAeFw0yMjA0MjAwODQ0NTNaFw0yMjA1MjEwODQ0NTNaMBUxEzARBgNVBAMMCjFAdGVzdC5jb20wWTATBgcqhkjOPQIBBggqhkjOPQMBBwNCAAQHFNOCHx/BBFYqT41UW1M6slehFXn+9LK4VDhtASjKBd51QxSRtYZAl+/IpTuOnQdMVvlGCMMWkSeEGOgyfwh1MAoGCCqGSM49BAMCA0gAMEUCIQD1OXIEAO1fI6+XpR936a5Ef365WnXPvrbzl8oxr0/Z8QIgV5LWkYufM8V0VqpcYcHXyI2fCScD24nJMtVWnrVtOU8="}
04-25 17:00:11.367  9733  9791 D MulticastServer: Broadcast block received {"ip":"192.168.1.66","cert":"MIIBGzCBwqADAgECAgYBgEtLsMUwCgYIKoZIzj0EAwIwFTETMBEGA1UEAwwKVFRNNDkwNSBDQTAeFw0yMjA0MjAwODQ0NTNaFw0yMjA1MjEwODQ0NTNaMBUxEzARBgNVBAMMCjFAdGVzdC5jb20wWTATBgcqhkjOPQIBBggqhkjOPQMBBwNCAAQHFNOCHx/BBFYqT41UW1M6slehFXn+9LK4VDhtASjKBd51QxSRtYZAl+/IpTuOnQdMVvlGCMMWkSeEGOgyfwh1MAoGCCqGSM49BAMCA0gAMEUCIQD1OXIEAO1fI6+XpR936a5Ef365WnXPvrbzl8oxr0/Z8QIgV5LWkYufM8V0VqpcYcHXyI2fCScD24nJMtVWnrVtOU8="}
04-25 17:00:15.170  9733  9807 D RegistrationHandler: I am the first in the network
04-25 17:00:15.170  9733  9807 D RegistrationHandler: 723337371 Registration started
04-25 17:00:15.186  9733  9807 D MulticastServer: Registration process finished: 723337371
04-25 17:00:15.196  9733  9789 D MulticastClient: Sent messages with 3 resends: [{"sender":"2@test.com","payload":"{\"ip\":\"192.168.1.57\",\"cert\":\"MIIBGjCBwqADAgECAgYBgEtMKvwwCgYIKoZIzj0EAwIwFTETMBEGA1UEAwwKVFRNNDkwNSBDQTAeFw0yMjA0MjAwODQ1MjRaFw0yMjA1MjEwODQ1MjRaMBUxEzARBgNVBAMMCjJAdGVzdC5jb20wWTATBgcqhkjOPQIBBggqhkjOPQMBBwNCAARuziVeqczih9y2IwSJ3AZuLzxwpY2VwkjEcfE8yVLxCF1qtw21\/iMvxrk2q4BpbgHrUX5EWSAEi7qJDXIS4c\/wMAoGCCqGSM49BAMCA0cAMEQCIG3JN+NQlClPB+thJTrGjfia7cfGbMyyWhJH4K0X7YymAiAUuEhh7Ol8fxrjxPTDnAemav8GQj3kHaLUj1oJ3XJ+Tg==\"}","mt":"BROADCAST_BLOCK","sig":"MEUCIGOE1jyk0DL2zShl6NBcg9NfGT3eqO88obdIgc3o57xVAiEAnmU6Y23P8n5x1s1\/vfp61ZC3YKrUb6Llj\/36yFRy7Fg=","nonce":723337371,"seq":0,"tot":0}]
round 66 of 300
04-25 17:00:24.307  9839  9887 D MulticastServer: MULTICAST_SERVER_LISTENING
04-25 17:00:24.314  9839  9889 D MulticastServer: Registration process started with nonce 1446231362
04-25 17:00:24.318  9839  9893 D MulticastClient: REQUEST_LEDGER 1446231362
04-25 17:00:24.325  9839  9893 D MulticastClient: Sent messages with 3 resends: [{"sender":"","payload":"","mt":"REQUEST_LEDGER","sig":"","nonce":1446231362,"seq":0,"tot":0}]
04-25 17:00:26.757  9839  9896 D MulticastServer: Registration process started with nonce 1251612476
04-25 17:00:26.760  9839  9896 D MulticastServer: Received request for ledger with nonce: 1251612476.
04-25 17:00:26.953  9839  9896 D MulticastServer: Broadcast block received {"ip":"192.168.1.66","cert":"MIIBGzCBwqADAgECAgYBgEtLsMUwCgYIKoZIzj0EAwIwFTETMBEGA1UEAwwKVFRNNDkwNSBDQTAeFw0yMjA0MjAwODQ0NTNaFw0yMjA1MjEwODQ0NTNaMBUxEzARBgNVBAMMCjFAdGVzdC5jb20wWTATBgcqhkjOPQIBBggqhkjOPQMBBwNCAAQHFNOCHx/BBFYqT41UW1M6slehFXn+9LK4VDhtASjKBd51QxSRtYZAl+/IpTuOnQdMVvlGCMMWkSeEGOgyfwh1MAoGCCqGSM49BAMCA0gAMEUCIQD1OXIEAO1fI6+XpR936a5Ef365WnXPvrbzl8oxr0/Z8QIgV5LWkYufM8V0VqpcYcHXyI2fCScD24nJMtVWnrVtOU8="}
04-25 17:00:26.960  9839  9896 D MulticastServer: Broadcast block received {"ip":"192.168.1.66","cert":"MIIBGzCBwqADAgECAgYBgEtLsMUwCgYIKoZIzj0EAwIwFTETMBEGA1UEAwwKVFRNNDkwNSBDQTAeFw0yMjA0MjAwODQ0NTNaFw0yMjA1MjEwODQ0NTNaMBUxEzARBgNVBAMMCjFAdGVzdC5jb20wWTATBgcqhkjOPQIBBggqhkjOPQMBBwNCAAQHFNOCHx/BBFYqT41UW1M6slehFXn+9LK4VDhtASjKBd51QxSRtYZAl+/IpTuOnQdMVvlGCMMWkSeEGOgyfwh1MAoGCCqGSM49BAMCA0gAMEUCIQD1OXIEAO1fI6+XpR936a5Ef365WnXPvrbzl8oxr0/Z8QIgV5LWkYufM8V0VqpcYcHXyI2fCScD24nJMtVWnrVtOU8="}
04-25 17:00:26.963  9839  9896 D MulticastServer: Broadcast block received {"ip":"192.168.1.66","cert":"MIIBGzCBwqADAgECAgYBgEtLsMUwCgYIKoZIzj0EAwIwFTETMBEGA1UEAwwKVFRNNDkwNSBDQTAeFw0yMjA0MjAwODQ0NTNaFw0yMjA1MjEwODQ0NTNaMBUxEzARBgNVBAMMCjFAdGVzdC5jb20wWTATBgcqhkjOPQIBBggqhkjOPQMBBwNCAAQHFNOCHx/BBFYqT41UW1M6slehFXn+9LK4VDhtASjKBd51QxSRtYZAl+/IpTuOnQdMVvlGCMMWkSeEGOgyfwh1MAoGCCqGSM49BAMCA0gAMEUCIQD1OXIEAO1fI6+XpR936a5Ef365WnXPvrbzl8oxr0/Z8QIgV5LWkYufM8V0VqpcYcHXyI2fCScD24nJMtVWnrVtOU8="}
04-25 17:00:27.143  9839  9896 D MulticastServer: Broadcast block received {"ip":"192.168.1.66","cert":"MIIBGzCBwqADAgECAgYBgEtLsMUwCgYIKoZIzj0EAwIwFTETMBEGA1UEAwwKVFRNNDkwNSBDQTAeFw0yMjA0MjAwODQ0NTNaFw0yMjA1MjEwODQ0NTNaMBUxEzARBgNVBAMMCjFAdGVzdC5jb20wWTATBgcqhkjOPQIBBggqhkjOPQMBBwNCAAQHFNOCHx/BBFYqT41UW1M6slehFXn+9LK4VDhtASjKBd51QxSRtYZAl+/IpTuOnQdMVvlGCMMWkSeEGOgyfwh1MAoGCCqGSM49BAMCA0gAMEUCIQD1OXIEAO1fI6+XpR936a5Ef365WnXPvrbzl8oxr0/Z8QIgV5LWkYufM8V0VqpcYcHXyI2fCScD24nJMtVWnrVtOU8="}
04-25 17:00:28.318  9839  9891 D RegistrationHandler: I am the first in the network
04-25 17:00:28.318  9839  9891 D RegistrationHandler: 1446231362 Registration started
04-25 17:00:28.341  9839  9893 D MulticastClient: Sent messages with 3 resends: [{"sender":"2@test.com","payload":"{\"ip\":\"192.168.1.57\",\"cert\":\"MIIBGjCBwqADAgECAgYBgEtMKvwwCgYIKoZIzj0EAwIwFTETMBEGA1UEAwwKVFRNNDkwNSBDQTAeFw0yMjA0MjAwODQ1MjRaFw0yMjA1MjEwODQ1MjRaMBUxEzARBgNVBAMMCjJAdGVzdC5jb20wWTATBgcqhkjOPQIBBggqhkjOPQMBBwNCAARuziVeqczih9y2IwSJ3AZuLzxwpY2VwkjEcfE8yVLxCF1qtw21\/iMvxrk2q4BpbgHrUX5EWSAEi7qJDXIS4c\/wMAoGCCqGSM49BAMCA0cAMEQCIG3JN+NQlClPB+thJTrGjfia7cfGbMyyWhJH4K0X7YymAiAUuEhh7Ol8fxrjxPTDnAemav8GQj3kHaLUj1oJ3XJ+Tg==\"}","mt":"BROADCAST_BLOCK","sig":"MEUCIQDSg7ec4hyNEU3aj7WS3TrnPTx3JZUGu18Y6KUptdB1jAIgPjYLjXrq63NHVa0dlSW1KOuw9wcAer1+3NXAcBPHgjg=","nonce":1446231362,"seq":0,"tot":0}]
04-25 17:00:28.342  9839  9891 D MulticastServer: Registration process finished: 1446231362
04-25 17:00:30.762  9839  9912 D RegistrationHandler: I am the first in the network
04-25 17:00:30.762  9839  9912 D MulticastServer: Registration process finished: 1251612476
round 67 of 300
04-25 17:00:38.678  9942  9990 D MulticastServer: MULTICAST_SERVER_LISTENING
04-25 17:00:38.685  9942  9992 D MulticastServer: Registration process started with nonce 1606761902
04-25 17:00:38.688  9942  9996 D MulticastClient: REQUEST_LEDGER 1606761902
04-25 17:00:38.690  9942  9996 D MulticastClient: Sent messages with 3 resends: [{"sender":"","payload":"","mt":"REQUEST_LEDGER","sig":"","nonce":1606761902,"seq":0,"tot":0}]
04-25 17:00:41.486  9942  9999 D MulticastServer: Registration process started with nonce 1497829494
04-25 17:00:41.490  9942  9999 D MulticastServer: Received request for ledger with nonce: 1497829494.
04-25 17:00:41.516  9942  9999 D MulticastServer: Broadcast block received {"ip":"192.168.1.66","cert":"MIIBGzCBwqADAgECAgYBgEtLsMUwCgYIKoZIzj0EAwIwFTETMBEGA1UEAwwKVFRNNDkwNSBDQTAeFw0yMjA0MjAwODQ0NTNaFw0yMjA1MjEwODQ0NTNaMBUxEzARBgNVBAMMCjFAdGVzdC5jb20wWTATBgcqhkjOPQIBBggqhkjOPQMBBwNCAAQHFNOCHx/BBFYqT41UW1M6slehFXn+9LK4VDhtASjKBd51QxSRtYZAl+/IpTuOnQdMVvlGCMMWkSeEGOgyfwh1MAoGCCqGSM49BAMCA0gAMEUCIQD1OXIEAO1fI6+XpR936a5Ef365WnXPvrbzl8oxr0/Z8QIgV5LWkYufM8V0VqpcYcHXyI2fCScD24nJMtVWnrVtOU8="}
04-25 17:00:41.523  9942  9999 D MulticastServer: Broadcast block received {"ip":"192.168.1.66","cert":"MIIBGzCBwqADAgECAgYBgEtLsMUwCgYIKoZIzj0EAwIwFTETMBEGA1UEAwwKVFRNNDkwNSBDQTAeFw0yMjA0MjAwODQ0NTNaFw0yMjA1MjEwODQ0NTNaMBUxEzARBgNVBAMMCjFAdGVzdC5jb20wWTATBgcqhkjOPQIBBggqhkjOPQMBBwNCAAQHFNOCHx/BBFYqT41UW1M6slehFXn+9LK4VDhtASjKBd51QxSRtYZAl+/IpTuOnQdMVvlGCMMWkSeEGOgyfwh1MAoGCCqGSM49BAMCA0gAMEUCIQD1OXIEAO1fI6+XpR936a5Ef365WnXPvrbzl8oxr0/Z8QIgV5LWkYufM8V0VqpcYcHXyI2fCScD24nJMtVWnrVtOU8="}
04-25 17:00:41.678  9942  9999 D MulticastServer: Broadcast block received {"ip":"192.168.1.66","cert":"MIIBGzCBwqADAgECAgYBgEtLsMUwCgYIKoZIzj0EAwIwFTETMBEGA1UEAwwKVFRNNDkwNSBDQTAeFw0yMjA0MjAwODQ0NTNaFw0yMjA1MjEwODQ0NTNaMBUxEzARBgNVBAMMCjFAdGVzdC5jb20wWTATBgcqhkjOPQIBBggqhkjOPQMBBwNCAAQHFNOCHx/BBFYqT41UW1M6slehFXn+9LK4VDhtASjKBd51QxSRtYZAl+/IpTuOnQdMVvlGCMMWkSeEGOgyfwh1MAoGCCqGSM49BAMCA0gAMEUCIQD1OXIEAO1fI6+XpR936a5Ef365WnXPvrbzl8oxr0/Z8QIgV5LWkYufM8V0VqpcYcHXyI2fCScD24nJMtVWnrVtOU8="}
04-25 17:00:41.683  9942  9999 D MulticastServer: Broadcast block received {"ip":"192.168.1.66","cert":"MIIBGzCBwqADAgECAgYBgEtLsMUwCgYIKoZIzj0EAwIwFTETMBEGA1UEAwwKVFRNNDkwNSBDQTAeFw0yMjA0MjAwODQ0NTNaFw0yMjA1MjEwODQ0NTNaMBUxEzARBgNVBAMMCjFAdGVzdC5jb20wWTATBgcqhkjOPQIBBggqhkjOPQMBBwNCAAQHFNOCHx/BBFYqT41UW1M6slehFXn+9LK4VDhtASjKBd51QxSRtYZAl+/IpTuOnQdMVvlGCMMWkSeEGOgyfwh1MAoGCCqGSM49BAMCA0gAMEUCIQD1OXIEAO1fI6+XpR936a5Ef365WnXPvrbzl8oxr0/Z8QIgV5LWkYufM8V0VqpcYcHXyI2fCScD24nJMtVWnrVtOU8="}
04-25 17:00:45.492  9942 10018 D RegistrationHandler: I am the first in the network
04-25 17:00:45.492  9942 10018 D RegistrationHandler: 1497829494 Registration started
04-25 17:00:45.508  9942 10018 D MulticastServer: Registration process finished: 1497829494
04-25 17:00:45.516  9942  9996 D MulticastClient: Sent messages with 3 resends: [{"sender":"2@test.com","payload":"{\"ip\":\"192.168.1.57\",\"cert\":\"MIIBGjCBwqADAgECAgYBgEtMKvwwCgYIKoZIzj0EAwIwFTETMBEGA1UEAwwKVFRNNDkwNSBDQTAeFw0yMjA0MjAwODQ1MjRaFw0yMjA1MjEwODQ1MjRaMBUxEzARBgNVBAMMCjJAdGVzdC5jb20wWTATBgcqhkjOPQIBBggqhkjOPQMBBwNCAARuziVeqczih9y2IwSJ3AZuLzxwpY2VwkjEcfE8yVLxCF1qtw21\/iMvxrk2q4BpbgHrUX5EWSAEi7qJDXIS4c\/wMAoGCCqGSM49BAMCA0cAMEQCIG3JN+NQlClPB+thJTrGjfia7cfGbMyyWhJH4K0X7YymAiAUuEhh7Ol8fxrjxPTDnAemav8GQj3kHaLUj1oJ3XJ+Tg==\"}","mt":"BROADCAST_BLOCK","sig":"MEUCIQDBA9vl\/5gP+J44AaIMdrpJGuJawvpi8no70H3yiqnE0AIgORjNRe8QqcxGb\/93cPnz7m+nGcdySBhYqkKAGXhMPnM=","nonce":1497829494,"seq":0,"tot":0}]
round 68 of 300
04-25 17:00:53.061 10061 10112 D MulticastServer: MULTICAST_SERVER_LISTENING
04-25 17:00:53.065 10061 10114 D MulticastServer: Registration process started with nonce 893570413
04-25 17:00:53.067 10061 10113 D MulticastClient: REQUEST_LEDGER 893570413
04-25 17:00:53.068 10061 10113 D MulticastClient: Sent messages with 3 resends: [{"sender":"","payload":"","mt":"REQUEST_LEDGER","sig":"","nonce":893570413,"seq":0,"tot":0}]
04-25 17:00:57.067 10061 10116 D RegistrationHandler: I am the first in the network
04-25 17:00:57.067 10061 10116 D RegistrationHandler: 893570413 Registration started
04-25 17:00:57.090 10061 10116 D MulticastServer: Registration process finished: 893570413
04-25 17:00:57.090 10061 10113 D MulticastClient: Sent messages with 3 resends: [{"sender":"2@test.com","payload":"{\"ip\":\"192.168.1.57\",\"cert\":\"MIIBGjCBwqADAgECAgYBgEtMKvwwCgYIKoZIzj0EAwIwFTETMBEGA1UEAwwKVFRNNDkwNSBDQTAeFw0yMjA0MjAwODQ1MjRaFw0yMjA1MjEwODQ1MjRaMBUxEzARBgNVBAMMCjJAdGVzdC5jb20wWTATBgcqhkjOPQIBBggqhkjOPQMBBwNCAARuziVeqczih9y2IwSJ3AZuLzxwpY2VwkjEcfE8yVLxCF1qtw21\/iMvxrk2q4BpbgHrUX5EWSAEi7qJDXIS4c\/wMAoGCCqGSM49BAMCA0cAMEQCIG3JN+NQlClPB+thJTrGjfia7cfGbMyyWhJH4K0X7YymAiAUuEhh7Ol8fxrjxPTDnAemav8GQj3kHaLUj1oJ3XJ+Tg==\"}","mt":"BROADCAST_BLOCK","sig":"MEUCIBnMwukjUyTqv0YoQfWTpvUj2BgRtyzUcZPVA29zVp7uAiEArtWJfOxVfLtH3HrwJguUfETHtGFKMrBJlpnB6J3vM0k=","nonce":893570413,"seq":0,"tot":0}]
04-25 17:00:57.254 10061 10120 D MulticastServer: Registration process started with nonce 849157619
04-25 17:00:57.257 10061 10120 D MulticastServer: Received request for ledger with nonce: 849157619.
04-25 17:00:57.268 10061 10148 D MulticastClient: INTER_PACKET_TIME: 0
04-25 17:00:57.268 10061 10120 D MulticastServer: Broadcast block received {"ip":"192.168.1.66","cert":"MIIBGzCBwqADAgECAgYBgEtLsMUwCgYIKoZIzj0EAwIwFTETMBEGA1UEAwwKVFRNNDkwNSBDQTAeFw0yMjA0MjAwODQ0NTNaFw0yMjA1MjEwODQ0NTNaMBUxEzARBgNVBAMMCjFAdGVzdC5jb20wWTATBgcqhkjOPQIBBggqhkjOPQMBBwNCAAQHFNOCHx/BBFYqT41UW1M6slehFXn+9LK4VDhtASjKBd51QxSRtYZAl+/IpTuOnQdMVvlGCMMWkSeEGOgyfwh1MAoGCCqGSM49BAMCA0gAMEUCIQD1OXIEAO1fI6+XpR936a5Ef365WnXPvrbzl8oxr0/Z8QIgV5LWkYufM8V0VqpcYcHXyI2fCScD24nJMtVWnrVtOU8="}
04-25 17:00:57.272 10061 10120 D MulticastServer: Broadcast block received {"ip":"192.168.1.66","cert":"MIIBGzCBwqADAgECAgYBgEtLsMUwCgYIKoZIzj0EAwIwFTETMBEGA1UEAwwKVFRNNDkwNSBDQTAeFw0yMjA0MjAwODQ0NTNaFw0yMjA1MjEwODQ0NTNaMBUxEzARBgNVBAMMCjFAdGVzdC5jb20wWTATBgcqhkjOPQIBBggqhkjOPQMBBwNCAAQHFNOCHx/BBFYqT41UW1M6slehFXn+9LK4VDhtASjKBd51QxSRtYZAl+/IpTuOnQdMVvlGCMMWkSeEGOgyfwh1MAoGCCqGSM49BAMCA0gAMEUCIQD1OXIEAO1fI6+XpR936a5Ef365WnXPvrbzl8oxr0/Z8QIgV5LWkYufM8V0VqpcYcHXyI2fCScD24nJMtVWnrVtOU8="}
04-25 17:00:57.275 10061 10120 D MulticastServer: Broadcast block received {"ip":"192.168.1.66","cert":"MIIBGzCBwqADAgECAgYBgEtLsMUwCgYIKoZIzj0EAwIwFTETMBEGA1UEAwwKVFRNNDkwNSBDQTAeFw0yMjA0MjAwODQ0NTNaFw0yMjA1MjEwODQ0NTNaMBUxEzARBgNVBAMMCjFAdGVzdC5jb20wWTATBgcqhkjOPQIBBggqhkjOPQMBBwNCAAQHFNOCHx/BBFYqT41UW1M6slehFXn+9LK4VDhtASjKBd51QxSRtYZAl+/IpTuOnQdMVvlGCMMWkSeEGOgyfwh1MAoGCCqGSM49BAMCA0gAMEUCIQD1OXIEAO1fI6+XpR936a5Ef365WnXPvrbzl8oxr0/Z8QIgV5LWkYufM8V0VqpcYcHXyI2fCScD24nJMtVWnrVtOU8="}
04-25 17:00:57.304 10061 10148 D MulticastClient: SENT_FULL_LEDGER
04-25 17:00:57.347 10061 10148 D MulticastClient: Sent messages with 3 resends: [{"sender":"{\"ip\":\"192.168.1.57\",\"cert\":\"MIIBGjCBwqADAgECAgYBgEtMKvwwCgYIKoZIzj0EAwIwFTETMBEGA1UEAwwKVFRNNDkwNSBDQTAeFw0yMjA0MjAwODQ1MjRaFw0yMjA1MjEwODQ1MjRaMBUxEzARBgNVBAMMCjJAdGVzdC5jb20wWTATBgcqhkjOPQIBBggqhkjOPQMBBwNCAARuziVeqczih9y2IwSJ3AZuLzxwpY2VwkjEcfE8yVLxCF1qtw21\/iMvxrk2q4BpbgHrUX5EWSAEi7qJDXIS4c\/wMAoGCCqGSM49BAMCA0cAMEQCIG3JN+NQlClPB+thJTrGjfia7cfGbMyyWhJH4K0X7YymAiAUuEhh7Ol8fxrjxPTDnAemav8GQj3kHaLUj1oJ3XJ+Tg==\"}","payload":"{\"ip\":\"192.168.1.43\",\"cert\":\"MIIBFzCBvQIGAX8\/xDm7MAoGCCqGSM49BAMCMBUxEzARBgNVBAMMCjBAdGVzdC5jb20wHhcNMjIwMjI3MDk1ODE4WhcNMjQwMjI4MDk1ODE4WjAVMRMwEQYDVQQDDAowQHRlc3QuY29tMFkwEwYHKoZIzj0CAQYIKoZIzj0DAQcDQgAE5rNwLrm3lM507jbWbylotvzc+FdPn+QV1uhZ0fz8RIhDwEqGr9q5bylAfqeVUP0P0yk\/zDoP0nBOZ+v\/ND6QYzAKBggqhkjOPQQDAgNJADBGAiEAo0FwUJTDTdSF6WJU+UMCYMVWG2xWjzb6faFcJ+m1UVQCIQDFvVdPDrLK9t2vyjQo\/DnGcFM50gVK4Vvn08qRylN9iA==\"}","mt":"FULL_LEDGER","sig":"MEUCIQChL2\/v5LliRj1RsD5bRZnUv2v9DbjlNDublu2NzgXsIAIgKDJ+ne+Ijem\/Maz0ym60ah8wCcl+djuR3hpwF7LY\/34=","nonce":849157619,"seq":0,"tot":124}, {"sender":"2@test.com","payload":"{\"ip\":\"192.168.1.43\",\"cert\":\"MIIBFjCBvQIGAX8\/xDnzMAoGCCqGSM49BAMCMBUxEzARBgNVBAMMCjFAdGVzdC5jb20wHhcNMjIwMjI3MDk1ODE4WhcNMjQwMjI4MDk1ODE4WjAVMRMwEQYDVQQDDAoxQHRlc3QuY29tMFkwEwYHKoZIzj0CAQYIKoZIzj0DAQcDQgAEhoC\/ycMrX3n6e4xFxiQA5PNTsYWnDHxz5qmu7QVZ8LHzSVjocvGv3wPBF0ebJs8GdCKfOESxp5ZdZ49sHGZmZDAKBggqhkjOPQQDAgNIADBFAiEAm0KozjdDTDCLtGKiXxl7i1Xa2I5d2l2od+DtP4qxP74CIHETh\/RsEYRiXKI8QFXl3M7t\/aVYPUn0PDjUtOSPSQ2k\"}","mt":"FULL_LEDGER","sig":"MEUCIDiR8otxoyFTexYjsCh3MjzuqRYhtTDneHH1TzGI\/xveAiEA0GMxXDc5o5eW0PQnv2vvU2VRHwye67\/7q14KsTNvAHQ=","nonce":849157619,"seq":1,"tot":124}, {"sender":"2@test.com","payload":"{\"ip\":\"192.168.1.43\",\"cert\":\"MIIBFjCBvQIGAX8\/xDoZMAoGCCqGSM49BAMCMBUxEzARBgNVBAMMCjJAdGVzdC5jb20wHhcNMjIwMjI3MDk1ODE4WhcNMjQwMjI4MDk1ODE4WjAVMRMwEQYDVQQDDAoyQHRlc3QuY29tMFkwEwYHKoZIzj0CAQYIKoZIzj0DAQcDQgAEBtMyIWqk4c9RQFnOoysJjmGHRrHH\/7DB+l09I7ejTjXbPi6Y3R3fP5B5KUQGWra7hjsuJAxFKkcSBMaNiTuRlzAKBggqhkjOPQQDAgNIADBFAiBtSnddnZrUOMNQNbDriWBptkQnWORwsE2e5nSLUqPQzwIhAL7yqTZ9bw1EjAfpjJj\/y6QxJWmLCcDO86d3iJKi7cHS\"}","mt":"FULL_LEDGER","sig":"MEUCICEMc0vwCtbstnCnZimjIE9+mSMSU34jijbYez8g4iNGAiEAkNF6s1Ztn7k9r7dyaoUsAkriddig7JkVMcL6PseYWNY=","nonce":849157619,"seq":2,"tot":124}, {"sender":"2@test.com","payload":"{\"ip\":\"192.168.1.43\",\"cert\":\"MIIBFzCBvQIGAX8\/xDo+MAoGCCqGSM49BAMCMBUxEzARBgNVBAMMCjNAdGVzdC5jb20wHhcNMjIwMjI3MDk1ODE4WhcNMjQwMjI4MDk1ODE4WjAVMRMwEQYDVQQDDAozQHRlc3QuY29tMFkwEwYHKoZIzj0CAQYIKoZIzj0DAQcDQgAE1bblnfifOuEHitGsyb\/WEUtbaBTT185upyPQ1fE9qF2GXTkV2m2RULmVsF88rYotMMC18Hwj9Wz0d9lDx6zAwzAKBggqhkjOPQQDAgNJADBGAiEAo13YC3kGniauTB25xUf4eRGPIFUbAzyHaQxfo3yCfD8CIQD2l\/9C34q+b7Bx2JfYBM2qHYaWbhRhqrOw+PuNilvzEQ==\"}","mt":"FULL_LEDGER","sig":"MEQCIH5aMUmHXsXIU0fzH0T9pSP3SANzR80yEV\/EaK6IGIOwAiBjeP6LY\/HgFMtfLA8X2sW5TgeVKkZsd4\/\/mylGkYu21Q==","nonce":849157619,"seq":3,"tot":124}, {"sender":"2@test.com","payload":"{\"ip\":\"192.168.1.43\",\"cert\":\"MIIBFjCBvQIGAX8\/xDpiMAoGCCqGSM49BAMCMBUxEzARBgNVBAMMCjRAdGVzdC5jb20wHhcNMjIwMjI3MDk1ODE4WhcNMjQwMjI4MDk1ODE4WjAVMRMwEQYDVQQDDAo0QHRlc3QuY29tMFkwEwYHKoZIzj0CAQYIKoZIzj0DAQcDQgAEyAJtO8veNxdrkoinQbUhJiB5jQDyAUPDDK9+GvPElG6z45xIlbI58RTPvB5FQfu2iOY90W0CfJKmjP+wFVU7xDAKBggqhkjOPQQDAgNIADBFAiEAywfBsZSigd+Sb4oP7cA\/IBcn3DH2UutXpX461AXJPacCIFL3jFRKUJ+6SvXzO1KiJGRk6\/5ijrnb3\/JXrCMcH2YM\"}","mt":"FULL_LEDGER","sig":"MEUCIQDZ8mTF0tcF9D6YN36lNZHVLqSLXBQsjyBTdEPjQyq57QIgOIgeQi5mFtp58MiKJRW73YYv7R1r+3f1UJy0Vc3CuQo=","nonce":849157619,"seq":4,"tot":124}, {"sender":"2@test.com","payload":"{\"ip\":\"192.168.1.43\",\"cert\":\"MIIBFjCBvQIGAX8\/xDqHMAoGCCqGSM49BAMCMBUxEzARBgNVBAMMCjVAdGVzdC5jb20wHhcNMjIwMjI3MDk1ODE5WhcNMjQwMjI4MDk1ODE5WjAVMRMwEQYDVQQDDAo1QHRlc3QuY29tMFkwEwYHKoZIzj0CAQYIKoZIzj0DAQcDQgAE7XjkGIeQe+\/V1ePOah5041CEjoOMGXamL5ub\/TtH3BRLsr0x5yHRdYU+N6oBLQ05lmnUeOsmZ01yhPIuAlB92TAKBggqhkjOPQQDAgNIADBFAiAtjLTmLt+mcd8PzuaeiBAeCz3VlOSGrMWFIaiim7azNQIhAInx7sWTQSptd\/Tjff4t4e4m2Ih+akIpKqAbkY2xMnAZ\"}","mt":"FULL_LEDGER","sig":"MEUCIQDfIS0UM\/ebSX3Wmq
04-25 17:00:57.444 10061 10120 D MulticastServer: Broadcast block received {"ip":"192.168.1.66","cert":"MIIBGzCBwqADAgECAgYBgEtLsMUwCgYIKoZIzj0EAwIwFTETMBEGA1UEAwwKVFRNNDkwNSBDQTAeFw0yMjA0MjAwODQ0NTNaFw0yMjA1MjEwODQ0NTNaMBUxEzARBgNVBAMMCjFAdGVzdC5jb20wWTATBgcqhkjOPQIBBggqhkjOPQMBBwNCAAQHFNOCHx/BBFYqT41UW1M6slehFXn+9LK4VDhtASjKBd51QxSRtYZAl+/IpTuOnQdMVvlGCMMWkSeEGOgyfwh1MAoGCCqGSM49BAMCA0gAMEUCIQD1OXIEAO1fI6+XpR936a5Ef365WnXPvrbzl8oxr0/Z8QIgV5LWkYufM8V0VqpcYcHXyI2fCScD24nJMtVWnrVtOU8="}
round 69 of 300
04-25 17:01:07.424 10184 10233 D MulticastServer: MULTICAST_SERVER_LISTENING
04-25 17:01:07.426 10184 10235 D MulticastServer: Registration process started with nonce 526166009
04-25 17:01:07.431 10184 10239 D MulticastClient: REQUEST_LEDGER 526166009
04-25 17:01:07.438 10184 10239 D MulticastClient: Sent messages with 3 resends: [{"sender":"","payload":"","mt":"REQUEST_LEDGER","sig":"","nonce":526166009,"seq":0,"tot":0}]
04-25 17:01:11.430 10184 10237 D RegistrationHandler: I am the first in the network
04-25 17:01:11.430 10184 10237 D RegistrationHandler: 526166009 Registration started
04-25 17:01:11.457 10184 10239 D MulticastClient: Sent messages with 3 resends: [{"sender":"2@test.com","payload":"{\"ip\":\"192.168.1.57\",\"cert\":\"MIIBGjCBwqADAgECAgYBgEtMKvwwCgYIKoZIzj0EAwIwFTETMBEGA1UEAwwKVFRNNDkwNSBDQTAeFw0yMjA0MjAwODQ1MjRaFw0yMjA1MjEwODQ1MjRaMBUxEzARBgNVBAMMCjJAdGVzdC5jb20wWTATBgcqhkjOPQIBBggqhkjOPQMBBwNCAARuziVeqczih9y2IwSJ3AZuLzxwpY2VwkjEcfE8yVLxCF1qtw21\/iMvxrk2q4BpbgHrUX5EWSAEi7qJDXIS4c\/wMAoGCCqGSM49BAMCA0cAMEQCIG3JN+NQlClPB+thJTrGjfia7cfGbMyyWhJH4K0X7YymAiAUuEhh7Ol8fxrjxPTDnAemav8GQj3kHaLUj1oJ3XJ+Tg==\"}","mt":"BROADCAST_BLOCK","sig":"MEQCIFw9+Mwn9pC9FHlPfjFZkZDoiDqiX9453JbRlJTqkZe4AiBk\/sM6SF3ITVIWcoaSykMfNs752mgqEiotYq65xnapjA==","nonce":526166009,"seq":0,"tot":0}]
04-25 17:01:11.457 10184 10237 D MulticastServer: Registration process finished: 526166009
round 70 of 300
04-25 17:01:21.867 10302 10350 D MulticastServer: MULTICAST_SERVER_LISTENING
04-25 17:01:21.869 10302 10352 D MulticastServer: Registration process started with nonce 1485809001
04-25 17:01:21.874 10302 10357 D MulticastClient: REQUEST_LEDGER 1485809001
04-25 17:01:21.881 10302 10357 D MulticastClient: Sent messages with 3 resends: [{"sender":"","payload":"","mt":"REQUEST_LEDGER","sig":"","nonce":1485809001,"seq":0,"tot":0}]
04-25 17:01:23.085 10302 10359 D MulticastServer: Registration process started with nonce 1396001482
04-25 17:01:23.087 10302 10359 D MulticastServer: Received request for ledger with nonce: 1396001482.
04-25 17:01:23.257 10302 10359 D MulticastServer: Broadcast block received {"ip":"192.168.1.66","cert":"MIIBGzCBwqADAgECAgYBgEtLsMUwCgYIKoZIzj0EAwIwFTETMBEGA1UEAwwKVFRNNDkwNSBDQTAeFw0yMjA0MjAwODQ0NTNaFw0yMjA1MjEwODQ0NTNaMBUxEzARBgNVBAMMCjFAdGVzdC5jb20wWTATBgcqhkjOPQIBBggqhkjOPQMBBwNCAAQHFNOCHx/BBFYqT41UW1M6slehFXn+9LK4VDhtASjKBd51QxSRtYZAl+/IpTuOnQdMVvlGCMMWkSeEGOgyfwh1MAoGCCqGSM49BAMCA0gAMEUCIQD1OXIEAO1fI6+XpR936a5Ef365WnXPvrbzl8oxr0/Z8QIgV5LWkYufM8V0VqpcYcHXyI2fCScD24nJMtVWnrVtOU8="}
04-25 17:01:23.670 10302 10359 D MulticastServer: Registration process started with nonce 768190213
04-25 17:01:23.672 10302 10359 D MulticastServer: Received request for ledger with nonce: 768190213.
04-25 17:01:23.681 10302 10359 D MulticastServer: Broadcast block received {"ip":"192.168.1.66","cert":"MIIBGzCBwqADAgECAgYBgEtLsMUwCgYIKoZIzj0EAwIwFTETMBEGA1UEAwwKVFRNNDkwNSBDQTAeFw0yMjA0MjAwODQ0NTNaFw0yMjA1MjEwODQ0NTNaMBUxEzARBgNVBAMMCjFAdGVzdC5jb20wWTATBgcqhkjOPQIBBggqhkjOPQMBBwNCAAQHFNOCHx/BBFYqT41UW1M6slehFXn+9LK4VDhtASjKBd51QxSRtYZAl+/IpTuOnQdMVvlGCMMWkSeEGOgyfwh1MAoGCCqGSM49BAMCA0gAMEUCIQD1OXIEAO1fI6+XpR936a5Ef365WnXPvrbzl8oxr0/Z8QIgV5LWkYufM8V0VqpcYcHXyI2fCScD24nJMtVWnrVtOU8="}
04-25 17:01:23.685 10302 10359 D MulticastServer: Broadcast block received {"ip":"192.168.1.66","cert":"MIIBGzCBwqADAgECAgYBgEtLsMUwCgYIKoZIzj0EAwIwFTETMBEGA1UEAwwKVFRNNDkwNSBDQTAeFw0yMjA0MjAwODQ0NTNaFw0yMjA1MjEwODQ0NTNaMBUxEzARBgNVBAMMCjFAdGVzdC5jb20wWTATBgcqhkjOPQIBBggqhkjOPQMBBwNCAAQHFNOCHx/BBFYqT41UW1M6slehFXn+9LK4VDhtASjKBd51QxSRtYZAl+/IpTuOnQdMVvlGCMMWkSeEGOgyfwh1MAoGCCqGSM49BAMCA0gAMEUCIQD1OXIEAO1fI6+XpR936a5Ef365WnXPvrbzl8oxr0/Z8QIgV5LWkYufM8V0VqpcYcHXyI2fCScD24nJMtVWnrVtOU8="}
04-25 17:01:23.687 10302 10359 D MulticastServer: Broadcast block received {"ip":"192.168.1.66","cert":"MIIBGzCBwqADAgECAgYBgEtLsMUwCgYIKoZIzj0EAwIwFTETMBEGA1UEAwwKVFRNNDkwNSBDQTAeFw0yMjA0MjAwODQ0NTNaFw0yMjA1MjEwODQ0NTNaMBUxEzARBgNVBAMMCjFAdGVzdC5jb20wWTATBgcqhkjOPQIBBggqhkjOPQMBBwNCAAQHFNOCHx/BBFYqT41UW1M6slehFXn+9LK4VDhtASjKBd51QxSRtYZAl+/IpTuOnQdMVvlGCMMWkSeEGOgyfwh1MAoGCCqGSM49BAMCA0gAMEUCIQD1OXIEAO1fI6+XpR936a5Ef365WnXPvrbzl8oxr0/Z8QIgV5LWkYufM8V0VqpcYcHXyI2fCScD24nJMtVWnrVtOU8="}
04-25 17:01:23.864 10302 10359 D MulticastServer: Broadcast block received {"ip":"192.168.1.66","cert":"MIIBGzCBwqADAgECAgYBgEtLsMUwCgYIKoZIzj0EAwIwFTETMBEGA1UEAwwKVFRNNDkwNSBDQTAeFw0yMjA0MjAwODQ0NTNaFw0yMjA1MjEwODQ0NTNaMBUxEzARBgNVBAMMCjFAdGVzdC5jb20wWTATBgcqhkjOPQIBBggqhkjOPQMBBwNCAAQHFNOCHx/BBFYqT41UW1M6slehFXn+9LK4VDhtASjKBd51QxSRtYZAl+/IpTuOnQdMVvlGCMMWkSeEGOgyfwh1MAoGCCqGSM49BAMCA0gAMEUCIQD1OXIEAO1fI6+XpR936a5Ef365WnXPvrbzl8oxr0/Z8QIgV5LWkYufM8V0VqpcYcHXyI2fCScD24nJMtVWnrVtOU8="}
04-25 17:01:25.873 10302 10354 D RegistrationHandler: I am the first in the network
04-25 17:01:25.874 10302 10354 D RegistrationHandler: 1485809001 Registration started
04-25 17:01:25.894 10302 10354 D MulticastServer: Registration process finished: 1485809001
04-25 17:01:25.900 10302 10357 D MulticastClient: Sent messages with 3 resends: [{"sender":"2@test.com","payload":"{\"ip\":\"192.168.1.57\",\"cert\":\"MIIBGjCBwqADAgECAgYBgEtMKvwwCgYIKoZIzj0EAwIwFTETMBEGA1UEAwwKVFRNNDkwNSBDQTAeFw0yMjA0MjAwODQ1MjRaFw0yMjA1MjEwODQ1MjRaMBUxEzARBgNVBAMMCjJAdGVzdC5jb20wWTATBgcqhkjOPQIBBggqhkjOPQMBBwNCAARuziVeqczih9y2IwSJ3AZuLzxwpY2VwkjEcfE8yVLxCF1qtw21\/iMvxrk2q4BpbgHrUX5EWSAEi7qJDXIS4c\/wMAoGCCqGSM49BAMCA0cAMEQCIG3JN+NQlClPB+thJTrGjfia7cfGbMyyWhJH4K0X7YymAiAUuEhh7Ol8fxrjxPTDnAemav8GQj3kHaLUj1oJ3XJ+Tg==\"}","mt":"BROADCAST_BLOCK","sig":"MEUCIAcdFistHKpnQOeCNRtYbAowRpF7jjGjdpuOHT5EN\/XwAiEA9gsabHlt+dH8EpfBP7vFSPTzGoat\/JlV44i5nJ1Tbww=","nonce":1485809001,"seq":0,"tot":0}]
04-25 17:01:27.089 10302 10376 D RegistrationHandler: I am the first in the network
04-25 17:01:27.089 10302 10376 D MulticastServer: Registration process finished: 1396001482
04-25 17:01:27.674 10302 10379 D RegistrationHandler: I am the first in the network
04-25 17:01:27.675 10302 10379 D MulticastServer: Registration process finished: 768190213
round 71 of 300
04-25 17:01:36.237 10409 10456 D MulticastServer: MULTICAST_SERVER_LISTENING
04-25 17:01:36.244 10409 10458 D MulticastServer: Registration process started with nonce 1203696678
04-25 17:01:36.247 10409 10462 D MulticastClient: REQUEST_LEDGER 1203696678
04-25 17:01:36.250 10409 10462 D MulticastClient: Sent messages with 3 resends: [{"sender":"","payload":"","mt":"REQUEST_LEDGER","sig":"","nonce":1203696678,"seq":0,"tot":0}]
04-25 17:01:38.399 10409 10465 D MulticastServer: Registration process started with nonce 1928380275
04-25 17:01:38.404 10409 10465 D MulticastServer: Received request for ledger with nonce: 1928380275.
04-25 17:01:38.428 10409 10465 D MulticastServer: Broadcast block received {"ip":"192.168.1.66","cert":"MIIBGzCBwqADAgECAgYBgEtLsMUwCgYIKoZIzj0EAwIwFTETMBEGA1UEAwwKVFRNNDkwNSBDQTAeFw0yMjA0MjAwODQ0NTNaFw0yMjA1MjEwODQ0NTNaMBUxEzARBgNVBAMMCjFAdGVzdC5jb20wWTATBgcqhkjOPQIBBggqhkjOPQMBBwNCAAQHFNOCHx/BBFYqT41UW1M6slehFXn+9LK4VDhtASjKBd51QxSRtYZAl+/IpTuOnQdMVvlGCMMWkSeEGOgyfwh1MAoGCCqGSM49BAMCA0gAMEUCIQD1OXIEAO1fI6+XpR936a5Ef365WnXPvrbzl8oxr0/Z8QIgV5LWkYufM8V0VqpcYcHXyI2fCScD24nJMtVWnrVtOU8="}
04-25 17:01:38.434 10409 10465 D MulticastServer: Broadcast block received {"ip":"192.168.1.66","cert":"MIIBGzCBwqADAgECAgYBgEtLsMUwCgYIKoZIzj0EAwIwFTETMBEGA1UEAwwKVFRNNDkwNSBDQTAeFw0yMjA0MjAwODQ0NTNaFw0yMjA1MjEwODQ0NTNaMBUxEzARBgNVBAMMCjFAdGVzdC5jb20wWTATBgcqhkjOPQIBBggqhkjOPQMBBwNCAAQHFNOCHx/BBFYqT41UW1M6slehFXn+9LK4VDhtASjKBd51QxSRtYZAl+/IpTuOnQdMVvlGCMMWkSeEGOgyfwh1MAoGCCqGSM49BAMCA0gAMEUCIQD1OXIEAO1fI6+XpR936a5Ef365WnXPvrbzl8oxr0/Z8QIgV5LWkYufM8V0VqpcYcHXyI2fCScD24nJMtVWnrVtOU8="}
04-25 17:01:38.437 10409 10465 D MulticastServer: Broadcast block received {"ip":"192.168.1.66","cert":"MIIBGzCBwqADAgECAgYBgEtLsMUwCgYIKoZIzj0EAwIwFTETMBEGA1UEAwwKVFRNNDkwNSBDQTAeFw0yMjA0MjAwODQ0NTNaFw0yMjA1MjEwODQ0NTNaMBUxEzARBgNVBAMMCjFAdGVzdC5jb20wWTATBgcqhkjOPQIBBggqhkjOPQMBBwNCAAQHFNOCHx/BBFYqT41UW1M6slehFXn+9LK4VDhtASjKBd51QxSRtYZAl+/IpTuOnQdMVvlGCMMWkSeEGOgyfwh1MAoGCCqGSM49BAMCA0gAMEUCIQD1OXIEAO1fI6+XpR936a5Ef365WnXPvrbzl8oxr0/Z8QIgV5LWkYufM8V0VqpcYcHXyI2fCScD24nJMtVWnrVtOU8="}
04-25 17:01:38.440 10409 10465 D MulticastServer: Broadcast block received {"ip":"192.168.1.66","cert":"MIIBGzCBwqADAgECAgYBgEtLsMUwCgYIKoZIzj0EAwIwFTETMBEGA1UEAwwKVFRNNDkwNSBDQTAeFw0yMjA0MjAwODQ0NTNaFw0yMjA1MjEwODQ0NTNaMBUxEzARBgNVBAMMCjFAdGVzdC5jb20wWTATBgcqhkjOPQIBBggqhkjOPQMBBwNCAAQHFNOCHx/BBFYqT41UW1M6slehFXn+9LK4VDhtASjKBd51QxSRtYZAl+/IpTuOnQdMVvlGCMMWkSeEGOgyfwh1MAoGCCqGSM49BAMCA0gAMEUCIQD1OXIEAO1fI6+XpR936a5Ef365WnXPvrbzl8oxr0/Z8QIgV5LWkYufM8V0VqpcYcHXyI2fCScD24nJMtVWnrVtOU8="}
04-25 17:01:42.406 10409 10493 D RegistrationHandler: I am the first in the network
04-25 17:01:42.406 10409 10493 D RegistrationHandler: 1928380275 Registration started
04-25 17:01:42.423 10409 10493 D MulticastServer: Registration process finished: 1928380275
04-25 17:01:42.446 10409 10462 D MulticastClient: Sent messages with 3 resends: [{"sender":"2@test.com","payload":"{\"ip\":\"192.168.1.57\",\"cert\":\"MIIBGjCBwqADAgECAgYBgEtMKvwwCgYIKoZIzj0EAwIwFTETMBEGA1UEAwwKVFRNNDkwNSBDQTAeFw0yMjA0MjAwODQ1MjRaFw0yMjA1MjEwODQ1MjRaMBUxEzARBgNVBAMMCjJAdGVzdC5jb20wWTATBgcqhkjOPQIBBggqhkjOPQMBBwNCAARuziVeqczih9y2IwSJ3AZuLzxwpY2VwkjEcfE8yVLxCF1qtw21\/iMvxrk2q4BpbgHrUX5EWSAEi7qJDXIS4c\/wMAoGCCqGSM49BAMCA0cAMEQCIG3JN+NQlClPB+thJTrGjfia7cfGbMyyWhJH4K0X7YymAiAUuEhh7Ol8fxrjxPTDnAemav8GQj3kHaLUj1oJ3XJ+Tg==\"}","mt":"BROADCAST_BLOCK","sig":"MEUCIQDZkuHJx1rCIn4nx+brQIvqj+6oHwUIUYmY5xXlbCTyBwIgEE01GR\/7fH9mYokF57UiyMAQYHwFqHmR1z\/x31pVUHo=","nonce":1928380275,"seq":0,"tot":0}]
round 72 of 300
04-25 17:01:50.646 10522 10571 D MulticastServer: Registration process started with nonce 611229947
04-25 17:01:50.648 10522 10570 D MulticastClient: REQUEST_LEDGER 611229947
04-25 17:01:50.649 10522 10569 D MulticastServer: MULTICAST_SERVER_LISTENING
04-25 17:01:50.650 10522 10570 D MulticastClient: Sent messages with 3 resends: [{"sender":"","payload":"","mt":"REQUEST_LEDGER","sig":"","nonce":611229947,"seq":0,"tot":0}]
04-25 17:01:53.798 10522 10577 D MulticastServer: Registration process started with nonce 79001410
04-25 17:01:53.801 10522 10577 D MulticastServer: Received request for ledger with nonce: 79001410.
04-25 17:01:53.975 10522 10577 D MulticastServer: Broadcast block received {"ip":"192.168.1.66","cert":"MIIBGzCBwqADAgECAgYBgEtLsMUwCgYIKoZIzj0EAwIwFTETMBEGA1UEAwwKVFRNNDkwNSBDQTAeFw0yMjA0MjAwODQ0NTNaFw0yMjA1MjEwODQ0NTNaMBUxEzARBgNVBAMMCjFAdGVzdC5jb20wWTATBgcqhkjOPQIBBggqhkjOPQMBBwNCAAQHFNOCHx/BBFYqT41UW1M6slehFXn+9LK4VDhtASjKBd51QxSRtYZAl+/IpTuOnQdMVvlGCMMWkSeEGOgyfwh1MAoGCCqGSM49BAMCA0gAMEUCIQD1OXIEAO1fI6+XpR936a5Ef365WnXPvrbzl8oxr0/Z8QIgV5LWkYufM8V0VqpcYcHXyI2fCScD24nJMtVWnrVtOU8="}
04-25 17:01:53.983 10522 10577 D MulticastServer: Broadcast block received {"ip":"192.168.1.66","cert":"MIIBGzCBwqADAgECAgYBgEtLsMUwCgYIKoZIzj0EAwIwFTETMBEGA1UEAwwKVFRNNDkwNSBDQTAeFw0yMjA0MjAwODQ0NTNaFw0yMjA1MjEwODQ0NTNaMBUxEzARBgNVBAMMCjFAdGVzdC5jb20wWTATBgcqhkjOPQIBBggqhkjOPQMBBwNCAAQHFNOCHx/BBFYqT41UW1M6slehFXn+9LK4VDhtASjKBd51QxSRtYZAl+/IpTuOnQdMVvlGCMMWkSeEGOgyfwh1MAoGCCqGSM49BAMCA0gAMEUCIQD1OXIEAO1fI6+XpR936a5Ef365WnXPvrbzl8oxr0/Z8QIgV5LWkYufM8V0VqpcYcHXyI2fCScD24nJMtVWnrVtOU8="}
04-25 17:01:54.177 10522 10577 D MulticastServer: Broadcast block received {"ip":"192.168.1.66","cert":"MIIBGzCBwqADAgECAgYBgEtLsMUwCgYIKoZIzj0EAwIwFTETMBEGA1UEAwwKVFRNNDkwNSBDQTAeFw0yMjA0MjAwODQ0NTNaFw0yMjA1MjEwODQ0NTNaMBUxEzARBgNVBAMMCjFAdGVzdC5jb20wWTATBgcqhkjOPQIBBggqhkjOPQMBBwNCAAQHFNOCHx/BBFYqT41UW1M6slehFXn+9LK4VDhtASjKBd51QxSRtYZAl+/IpTuOnQdMVvlGCMMWkSeEGOgyfwh1MAoGCCqGSM49BAMCA0gAMEUCIQD1OXIEAO1fI6+XpR936a5Ef365WnXPvrbzl8oxr0/Z8QIgV5LWkYufM8V0VqpcYcHXyI2fCScD24nJMtVWnrVtOU8="}
04-25 17:01:54.186 10522 10577 D MulticastServer: Broadcast block received {"ip":"192.168.1.66","cert":"MIIBGzCBwqADAgECAgYBgEtLsMUwCgYIKoZIzj0EAwIwFTETMBEGA1UEAwwKVFRNNDkwNSBDQTAeFw0yMjA0MjAwODQ0NTNaFw0yMjA1MjEwODQ0NTNaMBUxEzARBgNVBAMMCjFAdGVzdC5jb20wWTATBgcqhkjOPQIBBggqhkjOPQMBBwNCAAQHFNOCHx/BBFYqT41UW1M6slehFXn+9LK4VDhtASjKBd51QxSRtYZAl+/IpTuOnQdMVvlGCMMWkSeEGOgyfwh1MAoGCCqGSM49BAMCA0gAMEUCIQD1OXIEAO1fI6+XpR936a5Ef365WnXPvrbzl8oxr0/Z8QIgV5LWkYufM8V0VqpcYcHXyI2fCScD24nJMtVWnrVtOU8="}
04-25 17:01:57.802 10522 10607 D RegistrationHandler: I am the first in the network
04-25 17:01:57.803 10522 10607 D RegistrationHandler: 79001410 Registration started
04-25 17:01:57.817 10522 10607 D MulticastServer: Registration process finished: 79001410
04-25 17:01:57.837 10522 10570 D MulticastClient: Sent messages with 3 resends: [{"sender":"2@test.com","payload":"{\"ip\":\"192.168.1.57\",\"cert\":\"MIIBGjCBwqADAgECAgYBgEtMKvwwCgYIKoZIzj0EAwIwFTETMBEGA1UEAwwKVFRNNDkwNSBDQTAeFw0yMjA0MjAwODQ1MjRaFw0yMjA1MjEwODQ1MjRaMBUxEzARBgNVBAMMCjJAdGVzdC5jb20wWTATBgcqhkjOPQIBBggqhkjOPQMBBwNCAARuziVeqczih9y2IwSJ3AZuLzxwpY2VwkjEcfE8yVLxCF1qtw21\/iMvxrk2q4BpbgHrUX5EWSAEi7qJDXIS4c\/wMAoGCCqGSM49BAMCA0cAMEQCIG3JN+NQlClPB+thJTrGjfia7cfGbMyyWhJH4K0X7YymAiAUuEhh7Ol8fxrjxPTDnAemav8GQj3kHaLUj1oJ3XJ+Tg==\"}","mt":"BROADCAST_BLOCK","sig":"MEUCIQDcc6EtStS2AXSbw96WR8T5gZC8aQab+SH6Bv7wwFHgTgIgcF0ku8ZHQcPzmPvHV9AqWlZZW1OeBf7M7ym6OeZirIk=","nonce":79001410,"seq":0,"tot":0}]
round 73 of 300
04-25 17:02:04.981 10635 10685 D MulticastServer: MULTICAST_SERVER_LISTENING
04-25 17:02:04.983 10635 10687 D MulticastServer: Registration process started with nonce 345981494
04-25 17:02:04.986 10635 10686 D MulticastClient: REQUEST_LEDGER 345981494
04-25 17:02:04.987 10635 10686 D MulticastClient: Sent messages with 3 resends: [{"sender":"","payload":"","mt":"REQUEST_LEDGER","sig":"","nonce":345981494,"seq":0,"tot":0}]
04-25 17:02:08.333 10635 10693 D MulticastServer: Registration process started with nonce 269428096
04-25 17:02:08.336 10635 10693 D MulticastServer: Received request for ledger with nonce: 269428096.
04-25 17:02:08.514 10635 10693 D MulticastServer: Broadcast block received {"ip":"192.168.1.66","cert":"MIIBGzCBwqADAgECAgYBgEtLsMUwCgYIKoZIzj0EAwIwFTETMBEGA1UEAwwKVFRNNDkwNSBDQTAeFw0yMjA0MjAwODQ0NTNaFw0yMjA1MjEwODQ0NTNaMBUxEzARBgNVBAMMCjFAdGVzdC5jb20wWTATBgcqhkjOPQIBBggqhkjOPQMBBwNCAAQHFNOCHx/BBFYqT41UW1M6slehFXn+9LK4VDhtASjKBd51QxSRtYZAl+/IpTuOnQdMVvlGCMMWkSeEGOgyfwh1MAoGCCqGSM49BAMCA0gAMEUCIQD1OXIEAO1fI6+XpR936a5Ef365WnXPvrbzl8oxr0/Z8QIgV5LWkYufM8V0VqpcYcHXyI2fCScD24nJMtVWnrVtOU8="}
04-25 17:02:08.526 10635 10693 D MulticastServer: Broadcast block received {"ip":"192.168.1.66","cert":"MIIBGzCBwqADAgECAgYBgEtLsMUwCgYIKoZIzj0EAwIwFTETMBEGA1UEAwwKVFRNNDkwNSBDQTAeFw0yMjA0MjAwODQ0NTNaFw0yMjA1MjEwODQ0NTNaMBUxEzARBgNVBAMMCjFAdGVzdC5jb20wWTATBgcqhkjOPQIBBggqhkjOPQMBBwNCAAQHFNOCHx/BBFYqT41UW1M6slehFXn+9LK4VDhtASjKBd51QxSRtYZAl+/IpTuOnQdMVvlGCMMWkSeEGOgyfwh1MAoGCCqGSM49BAMCA0gAMEUCIQD1OXIEAO1fI6+XpR936a5Ef365WnXPvrbzl8oxr0/Z8QIgV5LWkYufM8V0VqpcYcHXyI2fCScD24nJMtVWnrVtOU8="}
04-25 17:02:08.532 10635 10693 D MulticastServer: Broadcast block received {"ip":"192.168.1.66","cert":"MIIBGzCBwqADAgECAgYBgEtLsMUwCgYIKoZIzj0EAwIwFTETMBEGA1UEAwwKVFRNNDkwNSBDQTAeFw0yMjA0MjAwODQ0NTNaFw0yMjA1MjEwODQ0NTNaMBUxEzARBgNVBAMMCjFAdGVzdC5jb20wWTATBgcqhkjOPQIBBggqhkjOPQMBBwNCAAQHFNOCHx/BBFYqT41UW1M6slehFXn+9LK4VDhtASjKBd51QxSRtYZAl+/IpTuOnQdMVvlGCMMWkSeEGOgyfwh1MAoGCCqGSM49BAMCA0gAMEUCIQD1OXIEAO1fI6+XpR936a5Ef365WnXPvrbzl8oxr0/Z8QIgV5LWkYufM8V0VqpcYcHXyI2fCScD24nJMtVWnrVtOU8="}
04-25 17:02:08.536 10635 10693 D MulticastServer: Broadcast block received {"ip":"192.168.1.66","cert":"MIIBGzCBwqADAgECAgYBgEtLsMUwCgYIKoZIzj0EAwIwFTETMBEGA1UEAwwKVFRNNDkwNSBDQTAeFw0yMjA0MjAwODQ0NTNaFw0yMjA1MjEwODQ0NTNaMBUxEzARBgNVBAMMCjFAdGVzdC5jb20wWTATBgcqhkjOPQIBBggqhkjOPQMBBwNCAAQHFNOCHx/BBFYqT41UW1M6slehFXn+9LK4VDhtASjKBd51QxSRtYZAl+/IpTuOnQdMVvlGCMMWkSeEGOgyfwh1MAoGCCqGSM49BAMCA0gAMEUCIQD1OXIEAO1fI6+XpR936a5Ef365WnXPvrbzl8oxr0/Z8QIgV5LWkYufM8V0VqpcYcHXyI2fCScD24nJMtVWnrVtOU8="}
04-25 17:02:12.338 10635 10709 D RegistrationHandler: I am the first in the network
04-25 17:02:12.338 10635 10709 D RegistrationHandler: 269428096 Registration started
04-25 17:02:12.352 10635 10709 D MulticastServer: Registration process finished: 269428096
04-25 17:02:12.373 10635 10686 D MulticastClient: Sent messages with 3 resends: [{"sender":"2@test.com","payload":"{\"ip\":\"192.168.1.57\",\"cert\":\"MIIBGjCBwqADAgECAgYBgEtMKvwwCgYIKoZIzj0EAwIwFTETMBEGA1UEAwwKVFRNNDkwNSBDQTAeFw0yMjA0MjAwODQ1MjRaFw0yMjA1MjEwODQ1MjRaMBUxEzARBgNVBAMMCjJAdGVzdC5jb20wWTATBgcqhkjOPQIBBggqhkjOPQMBBwNCAARuziVeqczih9y2IwSJ3AZuLzxwpY2VwkjEcfE8yVLxCF1qtw21\/iMvxrk2q4BpbgHrUX5EWSAEi7qJDXIS4c\/wMAoGCCqGSM49BAMCA0cAMEQCIG3JN+NQlClPB+thJTrGjfia7cfGbMyyWhJH4K0X7YymAiAUuEhh7Ol8fxrjxPTDnAemav8GQj3kHaLUj1oJ3XJ+Tg==\"}","mt":"BROADCAST_BLOCK","sig":"MEUCIFRAwgPgfO+pDe8I8TmBtszrJYqayjp\/YZFSbE9z50cMAiEA06tlvd\/\/kRx8FH9fNK8I7EVKFFdGytMD5LssJ+1wxJI=","nonce":269428096,"seq":0,"tot":0}]
round 74 of 300
04-25 17:02:19.325 10735 10783 D MulticastServer: MULTICAST_SERVER_LISTENING
04-25 17:02:19.333 10735 10785 D MulticastServer: Registration process started with nonce 111409348
04-25 17:02:19.335 10735 10789 D MulticastClient: REQUEST_LEDGER 111409348
04-25 17:02:19.338 10735 10789 D MulticastClient: Sent messages with 3 resends: [{"sender":"","payload":"","mt":"REQUEST_LEDGER","sig":"","nonce":111409348,"seq":0,"tot":0}]
04-25 17:02:23.336 10735 10787 D RegistrationHandler: I am the first in the network
04-25 17:02:23.337 10735 10787 D RegistrationHandler: 111409348 Registration started
04-25 17:02:23.362 10735 10787 D MulticastServer: Registration process finished: 111409348
04-25 17:02:23.363 10735 10789 D MulticastClient: Sent messages with 3 resends: [{"sender":"2@test.com","payload":"{\"ip\":\"192.168.1.57\",\"cert\":\"MIIBGjCBwqADAgECAgYBgEtMKvwwCgYIKoZIzj0EAwIwFTETMBEGA1UEAwwKVFRNNDkwNSBDQTAeFw0yMjA0MjAwODQ1MjRaFw0yMjA1MjEwODQ1MjRaMBUxEzARBgNVBAMMCjJAdGVzdC5jb20wWTATBgcqhkjOPQIBBggqhkjOPQMBBwNCAARuziVeqczih9y2IwSJ3AZuLzxwpY2VwkjEcfE8yVLxCF1qtw21\/iMvxrk2q4BpbgHrUX5EWSAEi7qJDXIS4c\/wMAoGCCqGSM49BAMCA0cAMEQCIG3JN+NQlClPB+thJTrGjfia7cfGbMyyWhJH4K0X7YymAiAUuEhh7Ol8fxrjxPTDnAemav8GQj3kHaLUj1oJ3XJ+Tg==\"}","mt":"BROADCAST_BLOCK","sig":"MEUCIHNUdiuu3esIa1BgRvBpVDZ52ryMj549bJvybC1A9G2AAiEAn8KKWOhP19hj+g\/CGx9bpQwEdZTjnRa5XfiP4++YPzQ=","nonce":111409348,"seq":0,"tot":0}]
04-25 17:02:23.493 10735 10792 D MulticastServer: Registration process started with nonce 1854830475
04-25 17:02:23.498 10735 10792 D MulticastServer: Received request for ledger with nonce: 1854830475.
04-25 17:02:23.528 10735 10790 D MulticastClient: INTER_PACKET_TIME: 0
04-25 17:02:23.565 10735 10790 D MulticastClient: SENT_FULL_LEDGER
04-25 17:02:23.607 10735 10790 D MulticastClient: Sent messages with 3 resends: [{"sender":"{\"ip\":\"192.168.1.57\",\"cert\":\"MIIBGjCBwqADAgECAgYBgEtMKvwwCgYIKoZIzj0EAwIwFTETMBEGA1UEAwwKVFRNNDkwNSBDQTAeFw0yMjA0MjAwODQ1MjRaFw0yMjA1MjEwODQ1MjRaMBUxEzARBgNVBAMMCjJAdGVzdC5jb20wWTATBgcqhkjOPQIBBggqhkjOPQMBBwNCAARuziVeqczih9y2IwSJ3AZuLzxwpY2VwkjEcfE8yVLxCF1qtw21\/iMvxrk2q4BpbgHrUX5EWSAEi7qJDXIS4c\/wMAoGCCqGSM49BAMCA0cAMEQCIG3JN+NQlClPB+thJTrGjfia7cfGbMyyWhJH4K0X7YymAiAUuEhh7Ol8fxrjxPTDnAemav8GQj3kHaLUj1oJ3XJ+Tg==\"}","payload":"{\"ip\":\"192.168.1.43\",\"cert\":\"MIIBFzCBvQIGAX8\/xDm7MAoGCCqGSM49BAMCMBUxEzARBgNVBAMMCjBAdGVzdC5jb20wHhcNMjIwMjI3MDk1ODE4WhcNMjQwMjI4MDk1ODE4WjAVMRMwEQYDVQQDDAowQHRlc3QuY29tMFkwEwYHKoZIzj0CAQYIKoZIzj0DAQcDQgAE5rNwLrm3lM507jbWbylotvzc+FdPn+QV1uhZ0fz8RIhDwEqGr9q5bylAfqeVUP0P0yk\/zDoP0nBOZ+v\/ND6QYzAKBggqhkjOPQQDAgNJADBGAiEAo0FwUJTDTdSF6WJU+UMCYMVWG2xWjzb6faFcJ+m1UVQCIQDFvVdPDrLK9t2vyjQo\/DnGcFM50gVK4Vvn08qRylN9iA==\"}","mt":"FULL_LEDGER","sig":"MEUCIFWDDA9gfHG66MSsj\/keWJ\/WxGr0cY5IiT8CTif4\/VjeAiEAm4dLCrvFngSmddb59tO6jSnqMW0u52A6pS39Gq6brRI=","nonce":1854830475,"seq":0,"tot":124}, {"sender":"2@test.com","payload":"{\"ip\":\"192.168.1.43\",\"cert\":\"MIIBFjCBvQIGAX8\/xDnzMAoGCCqGSM49BAMCMBUxEzARBgNVBAMMCjFAdGVzdC5jb20wHhcNMjIwMjI3MDk1ODE4WhcNMjQwMjI4MDk1ODE4WjAVMRMwEQYDVQQDDAoxQHRlc3QuY29tMFkwEwYHKoZIzj0CAQYIKoZIzj0DAQcDQgAEhoC\/ycMrX3n6e4xFxiQA5PNTsYWnDHxz5qmu7QVZ8LHzSVjocvGv3wPBF0ebJs8GdCKfOESxp5ZdZ49sHGZmZDAKBggqhkjOPQQDAgNIADBFAiEAm0KozjdDTDCLtGKiXxl7i1Xa2I5d2l2od+DtP4qxP74CIHETh\/RsEYRiXKI8QFXl3M7t\/aVYPUn0PDjUtOSPSQ2k\"}","mt":"FULL_LEDGER","sig":"MEUCIFgr7ujR6pdpxsycZiN7ZYtm01tjpp7e4X5J9ktnwWvOAiEAhoSWWI0krJYs5oddx0Ie9k6dVZrP1ZoBTRcxOkggJJc=","nonce":1854830475,"seq":1,"tot":124}, {"sender":"2@test.com","payload":"{\"ip\":\"192.168.1.43\",\"cert\":\"MIIBFjCBvQIGAX8\/xDoZMAoGCCqGSM49BAMCMBUxEzARBgNVBAMMCjJAdGVzdC5jb20wHhcNMjIwMjI3MDk1ODE4WhcNMjQwMjI4MDk1ODE4WjAVMRMwEQYDVQQDDAoyQHRlc3QuY29tMFkwEwYHKoZIzj0CAQYIKoZIzj0DAQcDQgAEBtMyIWqk4c9RQFnOoysJjmGHRrHH\/7DB+l09I7ejTjXbPi6Y3R3fP5B5KUQGWra7hjsuJAxFKkcSBMaNiTuRlzAKBggqhkjOPQQDAgNIADBFAiBtSnddnZrUOMNQNbDriWBptkQnWORwsE2e5nSLUqPQzwIhAL7yqTZ9bw1EjAfpjJj\/y6QxJWmLCcDO86d3iJKi7cHS\"}","mt":"FULL_LEDGER","sig":"MEYCIQDTfNgmBmd2m0e7V0ZBR7ExhH3eYMNKhKDznLt1ntCQqwIhANCSrbXdLkqHqWJ3tCDAXT740Jf6DkeBrQZui3MHaJUS","nonce":1854830475,"seq":2,"tot":124}, {"sender":"2@test.com","payload":"{\"ip\":\"192.168.1.43\",\"cert\":\"MIIBFzCBvQIGAX8\/xDo+MAoGCCqGSM49BAMCMBUxEzARBgNVBAMMCjNAdGVzdC5jb20wHhcNMjIwMjI3MDk1ODE4WhcNMjQwMjI4MDk1ODE4WjAVMRMwEQYDVQQDDAozQHRlc3QuY29tMFkwEwYHKoZIzj0CAQYIKoZIzj0DAQcDQgAE1bblnfifOuEHitGsyb\/WEUtbaBTT185upyPQ1fE9qF2GXTkV2m2RULmVsF88rYotMMC18Hwj9Wz0d9lDx6zAwzAKBggqhkjOPQQDAgNJADBGAiEAo13YC3kGniauTB25xUf4eRGPIFUbAzyHaQxfo3yCfD8CIQD2l\/9C34q+b7Bx2JfYBM2qHYaWbhRhqrOw+PuNilvzEQ==\"}","mt":"FULL_LEDGER","sig":"MEUCIQCAvSuP3iwBHb4mvK4V7\/HSvAY+bWwfFb70u69L+jVajQIgHIXHchsNASRVQ6cKIp8F8ODmYiBivrQO78T5V7cd0Sk=","nonce":1854830475,"seq":3,"tot":124}, {"sender":"2@test.com","payload":"{\"ip\":\"192.168.1.43\",\"cert\":\"MIIBFjCBvQIGAX8\/xDpiMAoGCCqGSM49BAMCMBUxEzARBgNVBAMMCjRAdGVzdC5jb20wHhcNMjIwMjI3MDk1ODE4WhcNMjQwMjI4MDk1ODE4WjAVMRMwEQYDVQQDDAo0QHRlc3QuY29tMFkwEwYHKoZIzj0CAQYIKoZIzj0DAQcDQgAEyAJtO8veNxdrkoinQbUhJiB5jQDyAUPDDK9+GvPElG6z45xIlbI58RTPvB5FQfu2iOY90W0CfJKmjP+wFVU7xDAKBggqhkjOPQQDAgNIADBFAiEAywfBsZSigd+Sb4oP7cA\/IBcn3DH2UutXpX461AXJPacCIFL3jFRKUJ+6SvXzO1KiJGRk6\/5ijrnb3\/JXrCMcH2YM\"}","mt":"FULL_LEDGER","sig":"MEQCIBXZ7JZTa945kJZAq+SgplRAHlf4BUKHCaitbrhEeTffAiBDuggTM22l9YsczZwc9rCRzg5iSt5IS+KsvEBEE7ct6Q==","nonce":1854830475,"seq":4,"tot":124}, {"sender":"2@test.com","payload":"{\"ip\":\"192.168.1.43\",\"cert\":\"MIIBFjCBvQIGAX8\/xDqHMAoGCCqGSM49BAMCMBUxEzARBgNVBAMMCjVAdGVzdC5jb20wHhcNMjIwMjI3MDk1ODE5WhcNMjQwMjI4MDk1ODE5WjAVMRMwEQYDVQQDDAo1QHRlc3QuY29tMFkwEwYHKoZIzj0CAQYIKoZIzj0DAQcDQgAE7XjkGIeQe+\/V1ePOah5041CEjoOMGXamL5ub\/TtH3BRLsr0x5yHRdYU+N6oBLQ05lmnUeOsmZ01yhPIuAlB92TAKBggqhkjOPQQDAgNIADBFAiAtjLTmLt+mcd8PzuaeiBAeCz3VlOSGrMWFIaiim7azNQIhAInx7sWTQSptd\/Tjff4t4e4m2Ih+akIpKqAbkY2xMnAZ\"}","mt":"FULL_LEDGER","sig":"MEQCICa17NKkXYVxygwBTng
04-25 17:02:23.870 10735 10792 D MulticastServer: Broadcast block received {"ip":"192.168.1.66","cert":"MIIBGzCBwqADAgECAgYBgEtLsMUwCgYIKoZIzj0EAwIwFTETMBEGA1UEAwwKVFRNNDkwNSBDQTAeFw0yMjA0MjAwODQ0NTNaFw0yMjA1MjEwODQ0NTNaMBUxEzARBgNVBAMMCjFAdGVzdC5jb20wWTATBgcqhkjOPQIBBggqhkjOPQMBBwNCAAQHFNOCHx/BBFYqT41UW1M6slehFXn+9LK4VDhtASjKBd51QxSRtYZAl+/IpTuOnQdMVvlGCMMWkSeEGOgyfwh1MAoGCCqGSM49BAMCA0gAMEUCIQD1OXIEAO1fI6+XpR936a5Ef365WnXPvrbzl8oxr0/Z8QIgV5LWkYufM8V0VqpcYcHXyI2fCScD24nJMtVWnrVtOU8="}
04-25 17:02:23.905 10735 10792 D MulticastServer: Broadcast block received {"ip":"192.168.1.66","cert":"MIIBGzCBwqADAgECAgYBgEtLsMUwCgYIKoZIzj0EAwIwFTETMBEGA1UEAwwKVFRNNDkwNSBDQTAeFw0yMjA0MjAwODQ0NTNaFw0yMjA1MjEwODQ0NTNaMBUxEzARBgNVBAMMCjFAdGVzdC5jb20wWTATBgcqhkjOPQIBBggqhkjOPQMBBwNCAAQHFNOCHx/BBFYqT41UW1M6slehFXn+9LK4VDhtASjKBd51QxSRtYZAl+/IpTuOnQdMVvlGCMMWkSeEGOgyfwh1MAoGCCqGSM49BAMCA0gAMEUCIQD1OXIEAO1fI6+XpR936a5Ef365WnXPvrbzl8oxr0/Z8QIgV5LWkYufM8V0VqpcYcHXyI2fCScD24nJMtVWnrVtOU8="}
04-25 17:02:23.908 10735 10792 D MulticastServer: Broadcast block received {"ip":"192.168.1.66","cert":"MIIBGzCBwqADAgECAgYBgEtLsMUwCgYIKoZIzj0EAwIwFTETMBEGA1UEAwwKVFRNNDkwNSBDQTAeFw0yMjA0MjAwODQ0NTNaFw0yMjA1MjEwODQ0NTNaMBUxEzARBgNVBAMMCjFAdGVzdC5jb20wWTATBgcqhkjOPQIBBggqhkjOPQMBBwNCAAQHFNOCHx/BBFYqT41UW1M6slehFXn+9LK4VDhtASjKBd51QxSRtYZAl+/IpTuOnQdMVvlGCMMWkSeEGOgyfwh1MAoGCCqGSM49BAMCA0gAMEUCIQD1OXIEAO1fI6+XpR936a5Ef365WnXPvrbzl8oxr0/Z8QIgV5LWkYufM8V0VqpcYcHXyI2fCScD24nJMtVWnrVtOU8="}
04-25 17:02:23.910 10735 10792 D MulticastServer: Broadcast block received {"ip":"192.168.1.66","cert":"MIIBGzCBwqADAgECAgYBgEtLsMUwCgYIKoZIzj0EAwIwFTETMBEGA1UEAwwKVFRNNDkwNSBDQTAeFw0yMjA0MjAwODQ0NTNaFw0yMjA1MjEwODQ0NTNaMBUxEzARBgNVBAMMCjFAdGVzdC5jb20wWTATBgcqhkjOPQIBBggqhkjOPQMBBwNCAAQHFNOCHx/BBFYqT41UW1M6slehFXn+9LK4VDhtASjKBd51QxSRtYZAl+/IpTuOnQdMVvlGCMMWkSeEGOgyfwh1MAoGCCqGSM49BAMCA0gAMEUCIQD1OXIEAO1fI6+XpR936a5Ef365WnXPvrbzl8oxr0/Z8QIgV5LWkYufM8V0VqpcYcHXyI2fCScD24nJMtVWnrVtOU8="}
round 75 of 300
04-25 17:02:33.703 10858 10911 D MulticastServer: MULTICAST_SERVER_LISTENING
04-25 17:02:33.705 10858 10913 D MulticastServer: Registration process started with nonce 52547634
04-25 17:02:33.708 10858 10912 D MulticastClient: REQUEST_LEDGER 52547634
04-25 17:02:33.709 10858 10912 D MulticastClient: Sent messages with 3 resends: [{"sender":"","payload":"","mt":"REQUEST_LEDGER","sig":"","nonce":52547634,"seq":0,"tot":0}]
04-25 17:02:37.709 10858 10915 D RegistrationHandler: I am the first in the network
04-25 17:02:37.709 10858 10915 D RegistrationHandler: 52547634 Registration started
