04-25 17:02:37.735 10858 10912 D MulticastClient: Sent messages with 3 resends: [{"sender":"2@test.com","payload":"{\"ip\":\"192.168.1.57\",\"cert\":\"MIIBGjCBwqADAgECAgYBgEtMKvwwCgYIKoZIzj0EAwIwFTETMBEGA1UEAwwKVFRNNDkwNSBDQTAeFw0yMjA0MjAwODQ1MjRaFw0yMjA1MjEwODQ1MjRaMBUxEzARBgNVBAMMCjJAdGVzdC5jb20wWTATBgcqhkjOPQIBBggqhkjOPQMBBwNCAARuziVeqczih9y2IwSJ3AZuLzxwpY2VwkjEcfE8yVLxCF1qtw21\/iMvxrk2q4BpbgHrUX5EWSAEi7qJDXIS4c\/wMAoGCCqGSM49BAMCA0cAMEQCIG3JN+NQlClPB+thJTrGjfia7cfGbMyyWhJH4K0X7YymAiAUuEhh7Ol8fxrjxPTDnAemav8GQj3kHaLUj1oJ3XJ+Tg==\"}","mt":"BROADCAST_BLOCK","sig":"MEQCIAaDr9WLZ33ei\/zlnRthpglEZ\/A2ROJSBIcNaNHxTZghAiB5Spzf7FjIEnbZCkqacCzKCuPjeiBS6jKTQCWWuUZTuQ==","nonce":52547634,"seq":0,"tot":0}]
04-25 17:02:37.735 10858 10915 D MulticastServer: Registration process finished: 52547634
round 76 of 300
04-25 17:02:48.068 10962 11021 D MulticastServer: MULTICAST_SERVER_LISTENING
04-25 17:02:48.076 10962 11023 D MulticastServer: Registration process started with nonce 1024310008
04-25 17:02:48.078 10962 11028 D MulticastClient: REQUEST_LEDGER 1024310008
04-25 17:02:48.081 10962 11028 D MulticastClient: Sent messages with 3 resends: [{"sender":"","payload":"","mt":"REQUEST_LEDGER","sig":"","nonce":1024310008,"seq":0,"tot":0}]
04-25 17:02:49.688 10962 11030 D MulticastServer: Registration process started with nonce 6430664
04-25 17:02:49.692 10962 11030 D MulticastServer: Received request for ledger with nonce: 6430664.
04-25 17:02:49.885 10962 11030 D MulticastServer: Broadcast block received {"ip":"192.168.1.66","cert":"MIIBGzCBwqADAgECAgYBgEtLsMUwCgYIKoZIzj0EAwIwFTETMBEGA1UEAwwKVFRNNDkwNSBDQTAeFw0yMjA0MjAwODQ0NTNaFw0yMjA1MjEwODQ0NTNaMBUxEzARBgNVBAMMCjFAdGVzdC5jb20wWTATBgcqhkjOPQIBBggqhkjOPQMBBwNCAAQHFNOCHx/BBFYqT41UW1M6slehFXn+9LK4VDhtASjKBd51QxSRtYZAl+/IpTuOnQdMVvlGCMMWkSeEGOgyfwh1MAoGCCqGSM49BAMCA0gAMEUCIQD1OXIEAO1fI6+XpR936a5Ef365WnXPvrbzl8oxr0/Z8QIgV5LWkYufM8V0VqpcYcHXyI2fCScD24nJMtVWnrVtOU8="}
04-25 17:02:49.892 10962 11030 D MulticastServer: Broadcast block received {"ip":"192.168.1.66","cert":"MIIBGzCBwqADAgECAgYBgEtLsMUwCgYIKoZIzj0EAwIwFTETMBEGA1UEAwwKVFRNNDkwNSBDQTAeFw0yMjA0MjAwODQ0NTNaFw0yMjA1MjEwODQ0NTNaMBUxEzARBgNVBAMMCjFAdGVzdC5jb20wWTATBgcqhkjOPQIBBggqhkjOPQMBBwNCAAQHFNOCHx/BBFYqT41UW1M6slehFXn+9LK4VDhtASjKBd51QxSRtYZAl+/IpTuOnQdMVvlGCMMWkSeEGOgyfwh1MAoGCCqGSM49BAMCA0gAMEUCIQD1OXIEAO1fI6+XpR936a5Ef365WnXPvrbzl8oxr0/Z8QIgV5LWkYufM8V0VqpcYcHXyI2fCScD24nJMtVWnrVtOU8="}
04-25 17:02:49.895 10962 11030 D MulticastServer: Broadcast block received {"ip":"192.168.1.66","cert":"MIIBGzCBwqADAgECAgYBgEtLsMUwCgYIKoZIzj0EAwIwFTETMBEGA1UEAwwKVFRNNDkwNSBDQTAeFw0yMjA0MjAwODQ0NTNaFw0yMjA1MjEwODQ0NTNaMBUxEzARBgNVBAMMCjFAdGVzdC5jb20wWTATBgcqhkjOPQIBBggqhkjOPQMBBwNCAAQHFNOCHx/BBFYqT41UW1M6slehFXn+9LK4VDhtASjKBd51QxSRtYZAl+/IpTuOnQdMVvlGCMMWkSeEGOgyfwh1MAoGCCqGSM49BAMCA0gAMEUCIQD1OXIEAO1fI6+XpR936a5Ef365WnXPvrbzl8oxr0/Z8QIgV5LWkYufM8V0VqpcYcHXyI2fCScD24nJMtVWnrVtOU8="}
04-25 17:02:50.086 10962 11030 D MulticastServer: Broadcast block received {"ip":"192.168.1.66","cert":"MIIBGzCBwqADAgECAgYBgEtLsMUwCgYIKoZIzj0EAwIwFTETMBEGA1UEAwwKVFRNNDkwNSBDQTAeFw0yMjA0MjAwODQ0NTNaFw0yMjA1MjEwODQ0NTNaMBUxEzARBgNVBAMMCjFAdGVzdC5jb20wWTATBgcqhkjOPQIBBggqhkjOPQMBBwNCAAQHFNOCHx/BBFYqT41UW1M6slehFXn+9LK4VDhtASjKBd51QxSRtYZAl+/IpTuOnQdMVvlGCMMWkSeEGOgyfwh1MAoGCCqGSM49BAMCA0gAMEUCIQD1OXIEAO1fI6+XpR936a5Ef365WnXPvrbzl8oxr0/Z8QIgV5LWkYufM8V0VqpcYcHXyI2fCScD24nJMtVWnrVtOU8="}
04-25 17:02:50.096 10962 11030 D MulticastServer: Broadcast block received {"ip":"192.168.1.66","cert":"MIIBGzCBwqADAgECAgYBgEtLsMUwCgYIKoZIzj0EAwIwFTETMBEGA1UEAwwKVFRNNDkwNSBDQTAeFw0yMjA0MjAwODQ0NTNaFw0yMjA1MjEwODQ0NTNaMBUxEzARBgNVBAMMCjFAdGVzdC5jb20wWTATBgcqhkjOPQIBBggqhkjOPQMBBwNCAAQHFNOCHx/BBFYqT41UW1M6slehFXn+9LK4VDhtASjKBd51QxSRtYZAl+/IpTuOnQdMVvlGCMMWkSeEGOgyfwh1MAoGCCqGSM49BAMCA0gAMEUCIQD1OXIEAO1fI6+XpR936a5Ef365WnXPvrbzl8oxr0/Z8QIgV5LWkYufM8V0VqpcYcHXyI2fCScD24nJMtVWnrVtOU8="}
04-25 17:02:50.100 10962 11030 D MulticastServer: Broadcast block received {"ip":"192.168.1.66","cert":"MIIBGzCBwqADAgECAgYBgEtLsMUwCgYIKoZIzj0EAwIwFTETMBEGA1UEAwwKVFRNNDkwNSBDQTAeFw0yMjA0MjAwODQ0NTNaFw0yMjA1MjEwODQ0NTNaMBUxEzARBgNVBAMMCjFAdGVzdC5jb20wWTATBgcqhkjOPQIBBggqhkjOPQMBBwNCAAQHFNOCHx/BBFYqT41UW1M6slehFXn+9LK4VDhtASjKBd51QxSRtYZAl+/IpTuOnQdMVvlGCMMWkSeEGOgyfwh1MAoGCCqGSM49BAMCA0gAMEUCIQD1OXIEAO1fI6+XpR936a5Ef365WnXPvrbzl8oxr0/Z8QIgV5LWkYufM8V0VqpcYcHXyI2fCScD24nJMtVWnrVtOU8="}
04-25 17:02:50.103 10962 11030 D MulticastServer: Broadcast block received {"ip":"192.168.1.66","cert":"MIIBGzCBwqADAgECAgYBgEtLsMUwCgYIKoZIzj0EAwIwFTETMBEGA1UEAwwKVFRNNDkwNSBDQTAeFw0yMjA0MjAwODQ0NTNaFw0yMjA1MjEwODQ0NTNaMBUxEzARBgNVBAMMCjFAdGVzdC5jb20wWTATBgcqhkjOPQIBBggqhkjOPQMBBwNCAAQHFNOCHx/BBFYqT41UW1M6slehFXn+9LK4VDhtASjKBd51QxSRtYZAl+/IpTuOnQdMVvlGCMMWkSeEGOgyfwh1MAoGCCqGSM49BAMCA0gAMEUCIQD1OXIEAO1fI6+XpR936a5Ef365WnXPvrbzl8oxr0/Z8QIgV5LWkYufM8V0VqpcYcHXyI2fCScD24nJMtVWnrVtOU8="}
04-25 17:02:52.079 10962 11025 D RegistrationHandler: I am the first in the network
04-25 17:02:52.080 10962 11025 D RegistrationHandler: 1024310008 Registration started
04-25 17:02:52.108 10962 11028 D MulticastClient: Sent messages with 3 resends: [{"sender":"2@test.com","payload":"{\"ip\":\"192.168.1.57\",\"cert\":\"MIIBGjCBwqADAgECAgYBgEtMKvwwCgYIKoZIzj0EAwIwFTETMBEGA1UEAwwKVFRNNDkwNSBDQTAeFw0yMjA0MjAwODQ1MjRaFw0yMjA1MjEwODQ1MjRaMBUxEzARBgNVBAMMCjJAdGVzdC5jb20wWTATBgcqhkjOPQIBBggqhkjOPQMBBwNCAARuziVeqczih9y2IwSJ3AZuLzxwpY2VwkjEcfE8yVLxCF1qtw21\/iMvxrk2q4BpbgHrUX5EWSAEi7qJDXIS4c\/wMAoGCCqGSM49BAMCA0cAMEQCIG3JN+NQlClPB+thJTrGjfia7cfGbMyyWhJH4K0X7YymAiAUuEhh7Ol8fxrjxPTDnAemav8GQj3kHaLUj1oJ3XJ+Tg==\"}","mt":"BROADCAST_BLOCK","sig":"MEQCIFkeKWIzaa1RfVfLaMtTfw+4rkO5gddd\/YzqAbl2V0ZKAiAtc2SSBhW7IlRXVNc08ItJUZO7jxxX3Lr3VZuPlg1iMw==","nonce":1024310008,"seq":0,"tot":0}]
04-25 17:02:52.108 10962 11025 D MulticastServer: Registration process finished: 1024310008
04-25 17:02:53.695 10962 11047 D RegistrationHandler: I am the first in the network
04-25 17:02:53.695 10962 11047 D MulticastServer: Registration process finished: 6430664
round 77 of 300
04-25 17:03:02.478 11075 11122 D MulticastServer: MULTICAST_SERVER_LISTENING
04-25 17:03:02.480 11075 11124 D MulticastServer: Registration process started with nonce 1045384121
04-25 17:03:02.482 11075 11123 D MulticastClient: REQUEST_LEDGER 1045384121
04-25 17:03:02.484 11075 11123 D MulticastClient: Sent messages with 3 resends: [{"sender":"","payload":"","mt":"REQUEST_LEDGER","sig":"","nonce":1045384121,"seq":0,"tot":0}]
04-25 17:03:04.633 11075 11130 D MulticastServer: Broadcast block received {"ip":"192.168.1.66","cert":"MIIBGzCBwqADAgECAgYBgEtLsMUwCgYIKoZIzj0EAwIwFTETMBEGA1UEAwwKVFRNNDkwNSBDQTAeFw0yMjA0MjAwODQ0NTNaFw0yMjA1MjEwODQ0NTNaMBUxEzARBgNVBAMMCjFAdGVzdC5jb20wWTATBgcqhkjOPQIBBggqhkjOPQMBBwNCAAQHFNOCHx/BBFYqT41UW1M6slehFXn+9LK4VDhtASjKBd51QxSRtYZAl+/IpTuOnQdMVvlGCMMWkSeEGOgyfwh1MAoGCCqGSM49BAMCA0gAMEUCIQD1OXIEAO1fI6+XpR936a5Ef365WnXPvrbzl8oxr0/Z8QIgV5LWkYufM8V0VqpcYcHXyI2fCScD24nJMtVWnrVtOU8="}
04-25 17:03:04.644 11075 11130 D MulticastServer: Broadcast block received {"ip":"192.168.1.66","cert":"MIIBGzCBwqADAgECAgYBgEtLsMUwCgYIKoZIzj0EAwIwFTETMBEGA1UEAwwKVFRNNDkwNSBDQTAeFw0yMjA0MjAwODQ0NTNaFw0yMjA1MjEwODQ0NTNaMBUxEzARBgNVBAMMCjFAdGVzdC5jb20wWTATBgcqhkjOPQIBBggqhkjOPQMBBwNCAAQHFNOCHx/BBFYqT41UW1M6slehFXn+9LK4VDhtASjKBd51QxSRtYZAl+/IpTuOnQdMVvlGCMMWkSeEGOgyfwh1MAoGCCqGSM49BAMCA0gAMEUCIQD1OXIEAO1fI6+XpR936a5Ef365WnXPvrbzl8oxr0/Z8QIgV5LWkYufM8V0VqpcYcHXyI2fCScD24nJMtVWnrVtOU8="}
04-25 17:03:04.648 11075 11130 D MulticastServer: Broadcast block received {"ip":"192.168.1.66","cert":"MIIBGzCBwqADAgECAgYBgEtLsMUwCgYIKoZIzj0EAwIwFTETMBEGA1UEAwwKVFRNNDkwNSBDQTAeFw0yMjA0MjAwODQ0NTNaFw0yMjA1MjEwODQ0NTNaMBUxEzARBgNVBAMMCjFAdGVzdC5jb20wWTATBgcqhkjOPQIBBggqhkjOPQMBBwNCAAQHFNOCHx/BBFYqT41UW1M6slehFXn+9LK4VDhtASjKBd51QxSRtYZAl+/IpTuOnQdMVvlGCMMWkSeEGOgyfwh1MAoGCCqGSM49BAMCA0gAMEUCIQD1OXIEAO1fI6+XpR936a5Ef365WnXPvrbzl8oxr0/Z8QIgV5LWkYufM8V0VqpcYcHXyI2fCScD24nJMtVWnrVtOU8="}
04-25 17:03:04.655 11075 11130 D MulticastServer: Broadcast block received {"ip":"192.168.1.66","cert":"MIIBGzCBwqADAgECAgYBgEtLsMUwCgYIKoZIzj0EAwIwFTETMBEGA1UEAwwKVFRNNDkwNSBDQTAeFw0yMjA0MjAwODQ0NTNaFw0yMjA1MjEwODQ0NTNaMBUxEzARBgNVBAMMCjFAdGVzdC5jb20wWTATBgcqhkjOPQIBBggqhkjOPQMBBwNCAAQHFNOCHx/BBFYqT41UW1M6slehFXn+9LK4VDhtASjKBd51QxSRtYZAl+/IpTuOnQdMVvlGCMMWkSeEGOgyfwh1MAoGCCqGSM49BAMCA0gAMEUCIQD1OXIEAO1fI6+XpR936a5Ef365WnXPvrbzl8oxr0/Z8QIgV5LWkYufM8V0VqpcYcHXyI2fCScD24nJMtVWnrVtOU8="}
round 78 of 300
04-25 17:03:16.846 11184 11232 D MulticastServer: MULTICAST_SERVER_LISTENING
04-25 17:03:16.848 11184 11234 D MulticastServer: Registration process started with nonce 632413252
04-25 17:03:16.850 11184 11233 D MulticastClient: REQUEST_LEDGER 632413252
04-25 17:03:16.852 11184 11233 D MulticastClient: Sent messages with 3 resends: [{"sender":"","payload":"","mt":"REQUEST_LEDGER","sig":"","nonce":632413252,"seq":0,"tot":0}]
04-25 17:03:18.993 11184 11240 D MulticastServer: Registration process started with nonce 540646893
04-25 17:03:18.998 11184 11240 D MulticastServer: Received request for ledger with nonce: 540646893.
04-25 17:03:19.170 11184 11240 D MulticastServer: Broadcast block received {"ip":"192.168.1.66","cert":"MIIBGzCBwqADAgECAgYBgEtLsMUwCgYIKoZIzj0EAwIwFTETMBEGA1UEAwwKVFRNNDkwNSBDQTAeFw0yMjA0MjAwODQ0NTNaFw0yMjA1MjEwODQ0NTNaMBUxEzARBgNVBAMMCjFAdGVzdC5jb20wWTATBgcqhkjOPQIBBggqhkjOPQMBBwNCAAQHFNOCHx/BBFYqT41UW1M6slehFXn+9LK4VDhtASjKBd51QxSRtYZAl+/IpTuOnQdMVvlGCMMWkSeEGOgyfwh1MAoGCCqGSM49BAMCA0gAMEUCIQD1OXIEAO1fI6+XpR936a5Ef365WnXPvrbzl8oxr0/Z8QIgV5LWkYufM8V0VqpcYcHXyI2fCScD24nJMtVWnrVtOU8="}
04-25 17:03:19.377 11184 11240 D MulticastServer: Broadcast block received {"ip":"192.168.1.66","cert":"MIIBGzCBwqADAgECAgYBgEtLsMUwCgYIKoZIzj0EAwIwFTETMBEGA1UEAwwKVFRNNDkwNSBDQTAeFw0yMjA0MjAwODQ0NTNaFw0yMjA1MjEwODQ0NTNaMBUxEzARBgNVBAMMCjFAdGVzdC5jb20wWTATBgcqhkjOPQIBBggqhkjOPQMBBwNCAAQHFNOCHx/BBFYqT41UW1M6slehFXn+9LK4VDhtASjKBd51QxSRtYZAl+/IpTuOnQdMVvlGCMMWkSeEGOgyfwh1MAoGCCqGSM49BAMCA0gAMEUCIQD1OXIEAO1fI6+XpR936a5Ef365WnXPvrbzl8oxr0/Z8QIgV5LWkYufM8V0VqpcYcHXyI2fCScD24nJMtVWnrVtOU8="}
04-25 17:03:19.385 11184 11240 D MulticastServer: Broadcast block received {"ip":"192.168.1.66","cert":"MIIBGzCBwqADAgECAgYBgEtLsMUwCgYIKoZIzj0EAwIwFTETMBEGA1UEAwwKVFRNNDkwNSBDQTAeFw0yMjA0MjAwODQ0NTNaFw0yMjA1MjEwODQ0NTNaMBUxEzARBgNVBAMMCjFAdGVzdC5jb20wWTATBgcqhkjOPQIBBggqhkjOPQMBBwNCAAQHFNOCHx/BBFYqT41UW1M6slehFXn+9LK4VDhtASjKBd51QxSRtYZAl+/IpTuOnQdMVvlGCMMWkSeEGOgyfwh1MAoGCCqGSM49BAMCA0gAMEUCIQD1OXIEAO1fI6+XpR936a5Ef365WnXPvrbzl8oxr0/Z8QIgV5LWkYufM8V0VqpcYcHXyI2fCScD24nJMtVWnrVtOU8="}
04-25 17:03:23.000 11184 11268 D RegistrationHandler: I am the first in the network
04-25 17:03:23.000 11184 11268 D RegistrationHandler: 540646893 Registration started
04-25 17:03:23.015 11184 11268 D MulticastServer: Registration process finished: 540646893
04-25 17:03:23.037 11184 11233 D MulticastClient: Sent messages with 3 resends: [{"sender":"2@test.com","payload":"{\"ip\":\"192.168.1.57\",\"cert\":\"MIIBGjCBwqADAgECAgYBgEtMKvwwCgYIKoZIzj0EAwIwFTETMBEGA1UEAwwKVFRNNDkwNSBDQTAeFw0yMjA0MjAwODQ1MjRaFw0yMjA1MjEwODQ1MjRaMBUxEzARBgNVBAMMCjJAdGVzdC5jb20wWTATBgcqhkjOPQIBBggqhkjOPQMBBwNCAARuziVeqczih9y2IwSJ3AZuLzxwpY2VwkjEcfE8yVLxCF1qtw21\/iMvxrk2q4BpbgHrUX5EWSAEi7qJDXIS4c\/wMAoGCCqGSM49BAMCA0cAMEQCIG3JN+NQlClPB+thJTrGjfia7cfGbMyyWhJH4K0X7YymAiAUuEhh7Ol8fxrjxPTDnAemav8GQj3kHaLUj1oJ3XJ+Tg==\"}","mt":"BROADCAST_BLOCK","sig":"MEQCIGOUakpj3n9KgnXWyqtINSwzFN\/m686noDCBBzdf9xsDAiAritQgx7QYWPfjMtkBu3HB+PjNZQcjoVqm5GpOeU3T2A==","nonce":540646893,"seq":0,"tot":0}]
round 79 of 300
04-25 17:03:31.209 11301 11348 D MulticastServer: MULTICAST_SERVER_LISTENING
04-25 17:03:31.211 11301 11350 D MulticastServer: Registration process started with nonce 285218556
04-25 17:03:31.214 11301 11349 D MulticastClient: REQUEST_LEDGER 285218556
04-25 17:03:31.215 11301 11349 D MulticastClient: Sent messages with 3 resends: [{"sender":"","payload":"","mt":"REQUEST_LEDGER","sig":"","nonce":285218556,"seq":0,"tot":0}]
04-25 17:03:34.742 11301 11356 D MulticastServer: Broadcast block received {"ip":"192.168.1.66","cert":"MIIBGzCBwqADAgECAgYBgEtLsMUwCgYIKoZIzj0EAwIwFTETMBEGA1UEAwwKVFRNNDkwNSBDQTAeFw0yMjA0MjAwODQ0NTNaFw0yMjA1MjEwODQ0NTNaMBUxEzARBgNVBAMMCjFAdGVzdC5jb20wWTATBgcqhkjOPQIBBggqhkjOPQMBBwNCAAQHFNOCHx/BBFYqT41UW1M6slehFXn+9LK4VDhtASjKBd51QxSRtYZAl+/IpTuOnQdMVvlGCMMWkSeEGOgyfwh1MAoGCCqGSM49BAMCA0gAMEUCIQD1OXIEAO1fI6+XpR936a5Ef365WnXPvrbzl8oxr0/Z8QIgV5LWkYufM8V0VqpcYcHXyI2fCScD24nJMtVWnrVtOU8="}
04-25 17:03:34.753 11301 11356 D MulticastServer: Broadcast block received {"ip":"192.168.1.66","cert":"MIIBGzCBwqADAgECAgYBgEtLsMUwCgYIKoZIzj0EAwIwFTETMBEGA1UEAwwKVFRNNDkwNSBDQTAeFw0yMjA0MjAwODQ0NTNaFw0yMjA1MjEwODQ0NTNaMBUxEzARBgNVBAMMCjFAdGVzdC5jb20wWTATBgcqhkjOPQIBBggqhkjOPQMBBwNCAAQHFNOCHx/BBFYqT41UW1M6slehFXn+9LK4VDhtASjKBd51QxSRtYZAl+/IpTuOnQdMVvlGCMMWkSeEGOgyfwh1MAoGCCqGSM49BAMCA0gAMEUCIQD1OXIEAO1fI6+XpR936a5Ef365WnXPvrbzl8oxr0/Z8QIgV5LWkYufM8V0VqpcYcHXyI2fCScD24nJMtVWnrVtOU8="}
04-25 17:03:34.757 11301 11356 D MulticastServer: Broadcast block received {"ip":"192.168.1.66","cert":"MIIBGzCBwqADAgECAgYBgEtLsMUwCgYIKoZIzj0EAwIwFTETMBEGA1UEAwwKVFRNNDkwNSBDQTAeFw0yMjA0MjAwODQ0NTNaFw0yMjA1MjEwODQ0NTNaMBUxEzARBgNVBAMMCjFAdGVzdC5jb20wWTATBgcqhkjOPQIBBggqhkjOPQMBBwNCAAQHFNOCHx/BBFYqT41UW1M6slehFXn+9LK4VDhtASjKBd51QxSRtYZAl+/IpTuOnQdMVvlGCMMWkSeEGOgyfwh1MAoGCCqGSM49BAMCA0gAMEUCIQD1OXIEAO1fI6+XpR936a5Ef365WnXPvrbzl8oxr0/Z8QIgV5LWkYufM8V0VqpcYcHXyI2fCScD24nJMtVWnrVtOU8="}
round 80 of 300
04-25 17:03:45.557 11398 11445 D MulticastServer: MULTICAST_SERVER_LISTENING
04-25 17:03:45.559 11398 11447 D MulticastServer: Registration process started with nonce 512609532
04-25 17:03:45.562 11398 11446 D MulticastClient: REQUEST_LEDGER 512609532
04-25 17:03:45.564 11398 11446 D MulticastClient: Sent messages with 3 resends: [{"sender":"","payload":"","mt":"REQUEST_LEDGER","sig":"","nonce":512609532,"seq":0,"tot":0}]
04-25 17:03:49.269 11398 11453 D MulticastServer: Registration process started with nonce 754660984
04-25 17:03:49.274 11398 11453 D MulticastServer: Received request for ledger with nonce: 754660984.
04-25 17:03:49.488 11398 11453 D MulticastServer: Broadcast block received {"ip":"192.168.1.66","cert":"MIIBGzCBwqADAgECAgYBgEtLsMUwCgYIKoZIzj0EAwIwFTETMBEGA1UEAwwKVFRNNDkwNSBDQTAeFw0yMjA0MjAwODQ0NTNaFw0yMjA1MjEwODQ0NTNaMBUxEzARBgNVBAMMCjFAdGVzdC5jb20wWTATBgcqhkjOPQIBBggqhkjOPQMBBwNCAAQHFNOCHx/BBFYqT41UW1M6slehFXn+9LK4VDhtASjKBd51QxSRtYZAl+/IpTuOnQdMVvlGCMMWkSeEGOgyfwh1MAoGCCqGSM49BAMCA0gAMEUCIQD1OXIEAO1fI6+XpR936a5Ef365WnXPvrbzl8oxr0/Z8QIgV5LWkYufM8V0VqpcYcHXyI2fCScD24nJMtVWnrVtOU8="}
04-25 17:03:49.495 11398 11453 D MulticastServer: Broadcast block received {"ip":"192.168.1.66","cert":"MIIBGzCBwqADAgECAgYBgEtLsMUwCgYIKoZIzj0EAwIwFTETMBEGA1UEAwwKVFRNNDkwNSBDQTAeFw0yMjA0MjAwODQ0NTNaFw0yMjA1MjEwODQ0NTNaMBUxEzARBgNVBAMMCjFAdGVzdC5jb20wWTATBgcqhkjOPQIBBggqhkjOPQMBBwNCAAQHFNOCHx/BBFYqT41UW1M6slehFXn+9LK4VDhtASjKBd51QxSRtYZAl+/IpTuOnQdMVvlGCMMWkSeEGOgyfwh1MAoGCCqGSM49BAMCA0gAMEUCIQD1OXIEAO1fI6+XpR936a5Ef365WnXPvrbzl8oxr0/Z8QIgV5LWkYufM8V0VqpcYcHXyI2fCScD24nJMtVWnrVtOU8="}
04-25 17:03:49.498 11398 11453 D MulticastServer: Broadcast block received {"ip":"192.168.1.66","cert":"MIIBGzCBwqADAgECAgYBgEtLsMUwCgYIKoZIzj0EAwIwFTETMBEGA1UEAwwKVFRNNDkwNSBDQTAeFw0yMjA0MjAwODQ0NTNaFw0yMjA1MjEwODQ0NTNaMBUxEzARBgNVBAMMCjFAdGVzdC5jb20wWTATBgcqhkjOPQIBBggqhkjOPQMBBwNCAAQHFNOCHx/BBFYqT41UW1M6slehFXn+9LK4VDhtASjKBd51QxSRtYZAl+/IpTuOnQdMVvlGCMMWkSeEGOgyfwh1MAoGCCqGSM49BAMCA0gAMEUCIQD1OXIEAO1fI6+XpR936a5Ef365WnXPvrbzl8oxr0/Z8QIgV5LWkYufM8V0VqpcYcHXyI2fCScD24nJMtVWnrVtOU8="}
04-25 17:03:49.501 11398 11453 D MulticastServer: Broadcast block received {"ip":"192.168.1.66","cert":"MIIBGzCBwqADAgECAgYBgEtLsMUwCgYIKoZIzj0EAwIwFTETMBEGA1UEAwwKVFRNNDkwNSBDQTAeFw0yMjA0MjAwODQ0NTNaFw0yMjA1MjEwODQ0NTNaMBUxEzARBgNVBAMMCjFAdGVzdC5jb20wWTATBgcqhkjOPQIBBggqhkjOPQMBBwNCAAQHFNOCHx/BBFYqT41UW1M6slehFXn+9LK4VDhtASjKBd51QxSRtYZAl+/IpTuOnQdMVvlGCMMWkSeEGOgyfwh1MAoGCCqGSM49BAMCA0gAMEUCIQD1OXIEAO1fI6+XpR936a5Ef365WnXPvrbzl8oxr0/Z8QIgV5LWkYufM8V0VqpcYcHXyI2fCScD24nJMtVWnrVtOU8="}
04-25 17:03:49.561 11398 11449 D RegistrationHandler: I am the first in the network
04-25 17:03:49.562 11398 11449 D RegistrationHandler: 512609532 Registration started
04-25 17:03:49.576 11398 11449 D MulticastServer: Registration process finished: 512609532
04-25 17:03:49.582 11398 11446 D MulticastClient: Sent messages with 3 resends: [{"sender":"2@test.com","payload":"{\"ip\":\"192.168.1.57\",\"cert\":\"MIIBGjCBwqADAgECAgYBgEtMKvwwCgYIKoZIzj0EAwIwFTETMBEGA1UEAwwKVFRNNDkwNSBDQTAeFw0yMjA0MjAwODQ1MjRaFw0yMjA1MjEwODQ1MjRaMBUxEzARBgNVBAMMCjJAdGVzdC5jb20wWTATBgcqhkjOPQIBBggqhkjOPQMBBwNCAARuziVeqczih9y2IwSJ3AZuLzxwpY2VwkjEcfE8yVLxCF1qtw21\/iMvxrk2q4BpbgHrUX5EWSAEi7qJDXIS4c\/wMAoGCCqGSM49BAMCA0cAMEQCIG3JN+NQlClPB+thJTrGjfia7cfGbMyyWhJH4K0X7YymAiAUuEhh7Ol8fxrjxPTDnAemav8GQj3kHaLUj1oJ3XJ+Tg==\"}","mt":"BROADCAST_BLOCK","sig":"MEUCIQCZD3iRowMfq2qw4UrXkhE9\/XnNOWeV4CWdupX5wnrPAgIgQk+5mJNnh5Yb940F5E1R6rSale+683s5KCqUHJRwh6E=","nonce":512609532,"seq":0,"tot":0}]
round 81 of 300
04-25 17:03:59.970 11515 11583 D MulticastServer: MULTICAST_SERVER_LISTENING
04-25 17:03:59.977 11515 11585 D MulticastServer: Registration process started with nonce 660887887
04-25 17:03:59.981 11515 11590 D MulticastClient: REQUEST_LEDGER 660887887
04-25 17:03:59.988 11515 11590 D MulticastClient: Sent messages with 3 resends: [{"sender":"","payload":"","mt":"REQUEST_LEDGER","sig":"","nonce":660887887,"seq":0,"tot":0}]
04-25 17:04:02.791 11515 11592 D MulticastServer: Broadcast block received {"ip":"192.168.1.66","cert":"MIIBGzCBwqADAgECAgYBgEtLsMUwCgYIKoZIzj0EAwIwFTETMBEGA1UEAwwKVFRNNDkwNSBDQTAeFw0yMjA0MjAwODQ0NTNaFw0yMjA1MjEwODQ0NTNaMBUxEzARBgNVBAMMCjFAdGVzdC5jb20wWTATBgcqhkjOPQIBBggqhkjOPQMBBwNCAAQHFNOCHx/BBFYqT41UW1M6slehFXn+9LK4VDhtASjKBd51QxSRtYZAl+/IpTuOnQdMVvlGCMMWkSeEGOgyfwh1MAoGCCqGSM49BAMCA0gAMEUCIQD1OXIEAO1fI6+XpR936a5Ef365WnXPvrbzl8oxr0/Z8QIgV5LWkYufM8V0VqpcYcHXyI2fCScD24nJMtVWnrVtOU8="}
04-25 17:04:02.803 11515 11592 D MulticastServer: Broadcast block received {"ip":"192.168.1.66","cert":"MIIBGzCBwqADAgECAgYBgEtLsMUwCgYIKoZIzj0EAwIwFTETMBEGA1UEAwwKVFRNNDkwNSBDQTAeFw0yMjA0MjAwODQ0NTNaFw0yMjA1MjEwODQ0NTNaMBUxEzARBgNVBAMMCjFAdGVzdC5jb20wWTATBgcqhkjOPQIBBggqhkjOPQMBBwNCAAQHFNOCHx/BBFYqT41UW1M6slehFXn+9LK4VDhtASjKBd51QxSRtYZAl+/IpTuOnQdMVvlGCMMWkSeEGOgyfwh1MAoGCCqGSM49BAMCA0gAMEUCIQD1OXIEAO1fI6+XpR936a5Ef365WnXPvrbzl8oxr0/Z8QIgV5LWkYufM8V0VqpcYcHXyI2fCScD24nJMtVWnrVtOU8="}
04-25 17:04:02.837 11515 11592 D MulticastServer: Broadcast block received {"ip":"192.168.1.66","cert":"MIIBGzCBwqADAgECAgYBgEtLsMUwCgYIKoZIzj0EAwIwFTETMBEGA1UEAwwKVFRNNDkwNSBDQTAeFw0yMjA0MjAwODQ0NTNaFw0yMjA1MjEwODQ0NTNaMBUxEzARBgNVBAMMCjFAdGVzdC5jb20wWTATBgcqhkjOPQIBBggqhkjOPQMBBwNCAAQHFNOCHx/BBFYqT41UW1M6slehFXn+9LK4VDhtASjKBd51QxSRtYZAl+/IpTuOnQdMVvlGCMMWkSeEGOgyfwh1MAoGCCqGSM49BAMCA0gAMEUCIQD1OXIEAO1fI6+XpR936a5Ef365WnXPvrbzl8oxr0/Z8QIgV5LWkYufM8V0VqpcYcHXyI2fCScD24nJMtVWnrVtOU8="}
04-25 17:04:02.840 11515 11592 D MulticastServer: Broadcast block received {"ip":"192.168.1.66","cert":"MIIBGzCBwqADAgECAgYBgEtLsMUwCgYIKoZIzj0EAwIwFTETMBEGA1UEAwwKVFRNNDkwNSBDQTAeFw0yMjA0MjAwODQ0NTNaFw0yMjA1MjEwODQ0NTNaMBUxEzARBgNVBAMMCjFAdGVzdC5jb20wWTATBgcqhkjOPQIBBggqhkjOPQMBBwNCAAQHFNOCHx/BBFYqT41UW1M6slehFXn+9LK4VDhtASjKBd51QxSRtYZAl+/IpTuOnQdMVvlGCMMWkSeEGOgyfwh1MAoGCCqGSM49BAMCA0gAMEUCIQD1OXIEAO1fI6+XpR936a5Ef365WnXPvrbzl8oxr0/Z8QIgV5LWkYufM8V0VqpcYcHXyI2fCScD24nJMtVWnrVtOU8="}
round 82 of 300
04-25 17:04:14.364 11646 11692 D MulticastServer: MULTICAST_SERVER_LISTENING
04-25 17:04:14.366 11646 11695 D MulticastServer: Registration process started with nonce 2012769689
04-25 17:04:14.369 11646 11693 D MulticastClient: REQUEST_LEDGER 2012769689
04-25 17:04:14.370 11646 11693 D MulticastClient: Sent messages with 3 resends: [{"sender":"","payload":"","mt":"REQUEST_LEDGER","sig":"","nonce":2012769689,"seq":0,"tot":0}]
04-25 17:04:18.146 11646 11701 D MulticastServer: Registration process started with nonce 1796997499
04-25 17:04:18.150 11646 11701 D MulticastServer: Received request for ledger with nonce: 1796997499.
04-25 17:04:18.159 11646 11701 D MulticastServer: Broadcast block received {"ip":"192.168.1.66","cert":"MIIBGzCBwqADAgECAgYBgEtLsMUwCgYIKoZIzj0EAwIwFTETMBEGA1UEAwwKVFRNNDkwNSBDQTAeFw0yMjA0MjAwODQ0NTNaFw0yMjA1MjEwODQ0NTNaMBUxEzARBgNVBAMMCjFAdGVzdC5jb20wWTATBgcqhkjOPQIBBggqhkjOPQMBBwNCAAQHFNOCHx/BBFYqT41UW1M6slehFXn+9LK4VDhtASjKBd51QxSRtYZAl+/IpTuOnQdMVvlGCMMWkSeEGOgyfwh1MAoGCCqGSM49BAMCA0gAMEUCIQD1OXIEAO1fI6+XpR936a5Ef365WnXPvrbzl8oxr0/Z8QIgV5LWkYufM8V0VqpcYcHXyI2fCScD24nJMtVWnrVtOU8="}
04-25 17:04:18.161 11646 11701 D MulticastServer: Broadcast block received {"ip":"192.168.1.66","cert":"MIIBGzCBwqADAgECAgYBgEtLsMUwCgYIKoZIzj0EAwIwFTETMBEGA1UEAwwKVFRNNDkwNSBDQTAeFw0yMjA0MjAwODQ0NTNaFw0yMjA1MjEwODQ0NTNaMBUxEzARBgNVBAMMCjFAdGVzdC5jb20wWTATBgcqhkjOPQIBBggqhkjOPQMBBwNCAAQHFNOCHx/BBFYqT41UW1M6slehFXn+9LK4VDhtASjKBd51QxSRtYZAl+/IpTuOnQdMVvlGCMMWkSeEGOgyfwh1MAoGCCqGSM49BAMCA0gAMEUCIQD1OXIEAO1fI6+XpR936a5Ef365WnXPvrbzl8oxr0/Z8QIgV5LWkYufM8V0VqpcYcHXyI2fCScD24nJMtVWnrVtOU8="}
04-25 17:04:18.170 11646 11701 D MulticastServer: Broadcast block received {"ip":"192.168.1.66","cert":"MIIBGzCBwqADAgECAgYBgEtLsMUwCgYIKoZIzj0EAwIwFTETMBEGA1UEAwwKVFRNNDkwNSBDQTAeFw0yMjA0MjAwODQ0NTNaFw0yMjA1MjEwODQ0NTNaMBUxEzARBgNVBAMMCjFAdGVzdC5jb20wWTATBgcqhkjOPQIBBggqhkjOPQMBBwNCAAQHFNOCHx/BBFYqT41UW1M6slehFXn+9LK4VDhtASjKBd51QxSRtYZAl+/IpTuOnQdMVvlGCMMWkSeEGOgyfwh1MAoGCCqGSM49BAMCA0gAMEUCIQD1OXIEAO1fI6+XpR936a5Ef365WnXPvrbzl8oxr0/Z8QIgV5LWkYufM8V0VqpcYcHXyI2fCScD24nJMtVWnrVtOU8="}
round 83 of 300
04-25 17:04:28.706 11769 11815 D MulticastServer: MULTICAST_SERVER_LISTENING
04-25 17:04:28.709 11769 11817 D MulticastServer: Registration process started with nonce 1117481756
04-25 17:04:28.711 11769 11816 D MulticastClient: REQUEST_LEDGER 1117481756
04-25 17:04:28.712 11769 11816 D MulticastClient: Sent messages with 3 resends: [{"sender":"","payload":"","mt":"REQUEST_LEDGER","sig":"","nonce":1117481756,"seq":0,"tot":0}]
04-25 17:04:32.095 11769 11823 D MulticastServer: Registration process started with nonce 1532302043
04-25 17:04:32.098 11769 11823 D MulticastServer: Received request for ledger with nonce: 1532302043.
04-25 17:04:32.108 11769 11823 D MulticastServer: Broadcast block received {"ip":"192.168.1.66","cert":"MIIBGzCBwqADAgECAgYBgEtLsMUwCgYIKoZIzj0EAwIwFTETMBEGA1UEAwwKVFRNNDkwNSBDQTAeFw0yMjA0MjAwODQ0NTNaFw0yMjA1MjEwODQ0NTNaMBUxEzARBgNVBAMMCjFAdGVzdC5jb20wWTATBgcqhkjOPQIBBggqhkjOPQMBBwNCAAQHFNOCHx/BBFYqT41UW1M6slehFXn+9LK4VDhtASjKBd51QxSRtYZAl+/IpTuOnQdMVvlGCMMWkSeEGOgyfwh1MAoGCCqGSM49BAMCA0gAMEUCIQD1OXIEAO1fI6+XpR936a5Ef365WnXPvrbzl8oxr0/Z8QIgV5LWkYufM8V0VqpcYcHXyI2fCScD24nJMtVWnrVtOU8="}
04-25 17:04:32.285 11769 11823 D MulticastServer: Broadcast block received {"ip":"192.168.1.66","cert":"MIIBGzCBwqADAgECAgYBgEtLsMUwCgYIKoZIzj0EAwIwFTETMBEGA1UEAwwKVFRNNDkwNSBDQTAeFw0yMjA0MjAwODQ0NTNaFw0yMjA1MjEwODQ0NTNaMBUxEzARBgNVBAMMCjFAdGVzdC5jb20wWTATBgcqhkjOPQIBBggqhkjOPQMBBwNCAAQHFNOCHx/BBFYqT41UW1M6slehFXn+9LK4VDhtASjKBd51QxSRtYZAl+/IpTuOnQdMVvlGCMMWkSeEGOgyfwh1MAoGCCqGSM49BAMCA0gAMEUCIQD1OXIEAO1fI6+XpR936a5Ef365WnXPvrbzl8oxr0/Z8QIgV5LWkYufM8V0VqpcYcHXyI2fCScD24nJMtVWnrVtOU8="}
04-25 17:04:32.291 11769 11823 D MulticastServer: Broadcast block received {"ip":"192.168.1.66","cert":"MIIBGzCBwqADAgECAgYBgEtLsMUwCgYIKoZIzj0EAwIwFTETMBEGA1UEAwwKVFRNNDkwNSBDQTAeFw0yMjA0MjAwODQ0NTNaFw0yMjA1MjEwODQ0NTNaMBUxEzARBgNVBAMMCjFAdGVzdC5jb20wWTATBgcqhkjOPQIBBggqhkjOPQMBBwNCAAQHFNOCHx/BBFYqT41UW1M6slehFXn+9LK4VDhtASjKBd51QxSRtYZAl+/IpTuOnQdMVvlGCMMWkSeEGOgyfwh1MAoGCCqGSM49BAMCA0gAMEUCIQD1OXIEAO1fI6+XpR936a5Ef365WnXPvrbzl8oxr0/Z8QIgV5LWkYufM8V0VqpcYcHXyI2fCScD24nJMtVWnrVtOU8="}
04-25 17:04:32.296 11769 11823 D MulticastServer: Broadcast block received {"ip":"192.168.1.66","cert":"MIIBGzCBwqADAgECAgYBgEtLsMUwCgYIKoZIzj0EAwIwFTETMBEGA1UEAwwKVFRNNDkwNSBDQTAeFw0yMjA0MjAwODQ0NTNaFw0yMjA1MjEwODQ0NTNaMBUxEzARBgNVBAMMCjFAdGVzdC5jb20wWTATBgcqhkjOPQIBBggqhkjOPQMBBwNCAAQHFNOCHx/BBFYqT41UW1M6slehFXn+9LK4VDhtASjKBd51QxSRtYZAl+/IpTuOnQdMVvlGCMMWkSeEGOgyfwh1MAoGCCqGSM49BAMCA0gAMEUCIQD1OXIEAO1fI6+XpR936a5Ef365WnXPvrbzl8oxr0/Z8QIgV5LWkYufM8V0VqpcYcHXyI2fCScD24nJMtVWnrVtOU8="}
04-25 17:04:36.101 11769 11856 D RegistrationHandler: I am the first in the network
04-25 17:04:36.101 11769 11856 D RegistrationHandler: 1532302043 Registration started
04-25 17:04:36.122 11769 11856 D MulticastServer: Registration process finished: 1532302043
04-25 17:04:36.122 11769 11816 D MulticastClient: Sent messages with 3 resends: [{"sender":"2@test.com","payload":"{\"ip\":\"192.168.1.57\",\"cert\":\"MIIBGjCBwqADAgECAgYBgEtMKvwwCgYIKoZIzj0EAwIwFTETMBEGA1UEAwwKVFRNNDkwNSBDQTAeFw0yMjA0MjAwODQ1MjRaFw0yMjA1MjEwODQ1MjRaMBUxEzARBgNVBAMMCjJAdGVzdC5jb20wWTATBgcqhkjOPQIBBggqhkjOPQMBBwNCAARuziVeqczih9y2IwSJ3AZuLzxwpY2VwkjEcfE8yVLxCF1qtw21\/iMvxrk2q4BpbgHrUX5EWSAEi7qJDXIS4c\/wMAoGCCqGSM49BAMCA0cAMEQCIG3JN+NQlClPB+thJTrGjfia7cfGbMyyWhJH4K0X7YymAiAUuEhh7Ol8fxrjxPTDnAemav8GQj3kHaLUj1oJ3XJ+Tg==\"}","mt":"BROADCAST_BLOCK","sig":"MEUCIQDufCkPc4S18o+lT2dmnJJaDEyvS2YAC3MoZc\/0u7gydwIgbqYcIpGtdCvz2omrd8FE4p8BO3EgyABYEmod7IgNUwE=","nonce":1532302043,"seq":0,"tot":0}]
round 84 of 300
04-25 17:04:43.093 11898 11948 D MulticastServer: MULTICAST_SERVER_LISTENING
04-25 17:04:43.095 11898 11950 D MulticastServer: Registration process started with nonce 1483602063
04-25 17:04:43.097 11898 11949 D MulticastClient: REQUEST_LEDGER 1483602063
04-25 17:04:43.099 11898 11949 D MulticastClient: Sent messages with 3 resends: [{"sender":"","payload":"","mt":"REQUEST_LEDGER","sig":"","nonce":1483602063,"seq":0,"tot":0}]
04-25 17:04:47.098 11898 11952 D RegistrationHandler: I am the first in the network
04-25 17:04:47.098 11898 11952 D RegistrationHandler: 1483602063 Registration started
04-25 17:04:47.116 11898 11952 D MulticastServer: Registration process finished: 1483602063
04-25 17:04:47.143 11898 11949 D MulticastClient: Sent messages with 3 resends: [{"sender":"2@test.com","payload":"{\"ip\":\"192.168.1.57\",\"cert\":\"MIIBGjCBwqADAgECAgYBgEtMKvwwCgYIKoZIzj0EAwIwFTETMBEGA1UEAwwKVFRNNDkwNSBDQTAeFw0yMjA0MjAwODQ1MjRaFw0yMjA1MjEwODQ1MjRaMBUxEzARBgNVBAMMCjJAdGVzdC5jb20wWTATBgcqhkjOPQIBBggqhkjOPQMBBwNCAARuziVeqczih9y2IwSJ3AZuLzxwpY2VwkjEcfE8yVLxCF1qtw21\/iMvxrk2q4BpbgHrUX5EWSAEi7qJDXIS4c\/wMAoGCCqGSM49BAMCA0cAMEQCIG3JN+NQlClPB+thJTrGjfia7cfGbMyyWhJH4K0X7YymAiAUuEhh7Ol8fxrjxPTDnAemav8GQj3kHaLUj1oJ3XJ+Tg==\"}","mt":"BROADCAST_BLOCK","sig":"MEUCIFkzp9S5r5S9jMduIZxuUoHP49BzFfagoKtbmcFCQYylAiEAzSePHf3O6+27Y2NFqat7TfMag4y4J4F7ASND3Wz2zJI=","nonce":1483602063,"seq":0,"tot":0}]
04-25 17:04:47.450 11898 11956 D MulticastServer: Registration process started with nonce 1861037070
04-25 17:04:47.453 11898 11956 D MulticastServer: Received request for ledger with nonce: 1861037070.
04-25 17:04:47.468 11898 11992 D MulticastClient: INTER_PACKET_TIME: 0
04-25 17:04:47.469 11898 11956 D MulticastServer: Broadcast block received {"ip":"192.168.1.66","cert":"MIIBGzCBwqADAgECAgYBgEtLsMUwCgYIKoZIzj0EAwIwFTETMBEGA1UEAwwKVFRNNDkwNSBDQTAeFw0yMjA0MjAwODQ0NTNaFw0yMjA1MjEwODQ0NTNaMBUxEzARBgNVBAMMCjFAdGVzdC5jb20wWTATBgcqhkjOPQIBBggqhkjOPQMBBwNCAAQHFNOCHx/BBFYqT41UW1M6slehFXn+9LK4VDhtASjKBd51QxSRtYZAl+/IpTuOnQdMVvlGCMMWkSeEGOgyfwh1MAoGCCqGSM49BAMCA0gAMEUCIQD1OXIEAO1fI6+XpR936a5Ef365WnXPvrbzl8oxr0/Z8QIgV5LWkYufM8V0VqpcYcHXyI2fCScD24nJMtVWnrVtOU8="}
04-25 17:04:47.504 11898 11992 D MulticastClient: SENT_FULL_LEDGER
04-25 17:04:47.547 11898 11992 D MulticastClient: Sent messages with 3 resends: [{"sender":"{\"ip\":\"192.168.1.57\",\"cert\":\"MIIBGjCBwqADAgECAgYBgEtMKvwwCgYIKoZIzj0EAwIwFTETMBEGA1UEAwwKVFRNNDkwNSBDQTAeFw0yMjA0MjAwODQ1MjRaFw0yMjA1MjEwODQ1MjRaMBUxEzARBgNVBAMMCjJAdGVzdC5jb20wWTATBgcqhkjOPQIBBggqhkjOPQMBBwNCAARuziVeqczih9y2IwSJ3AZuLzxwpY2VwkjEcfE8yVLxCF1qtw21\/iMvxrk2q4BpbgHrUX5EWSAEi7qJDXIS4c\/wMAoGCCqGSM49BAMCA0cAMEQCIG3JN+NQlClPB+thJTrGjfia7cfGbMyyWhJH4K0X7YymAiAUuEhh7Ol8fxrjxPTDnAemav8GQj3kHaLUj1oJ3XJ+Tg==\"}","payload":"{\"ip\":\"192.168.1.43\",\"cert\":\"MIIBFzCBvQIGAX8\/xDm7MAoGCCqGSM49BAMCMBUxEzARBgNVBAMMCjBAdGVzdC5jb20wHhcNMjIwMjI3MDk1ODE4WhcNMjQwMjI4MDk1ODE4WjAVMRMwEQYDVQQDDAowQHRlc3QuY29tMFkwEwYHKoZIzj0CAQYIKoZIzj0DAQcDQgAE5rNwLrm3lM507jbWbylotvzc+FdPn+QV1uhZ0fz8RIhDwEqGr9q5bylAfqeVUP0P0yk\/zDoP0nBOZ+v\/ND6QYzAKBggqhkjOPQQDAgNJADBGAiEAo0FwUJTDTdSF6WJU+UMCYMVWG2xWjzb6faFcJ+m1UVQCIQDFvVdPDrLK9t2vyjQo\/DnGcFM50gVK4Vvn08qRylN9iA==\"}","mt":"FULL_LEDGER","sig":"MEQCIHi7mhtf5rSHOI4KxeP7cv12sGpeOvmz5LfYDabi\/c+DAiAIrN21YjFtEHw8wvAR3YHhvDOwBgfdMIOprki2uhon\/Q==","nonce":1861037070,"seq":0,"tot":124}, {"sender":"2@test.com","payload":"{\"ip\":\"192.168.1.43\",\"cert\":\"MIIBFjCBvQIGAX8\/xDnzMAoGCCqGSM49BAMCMBUxEzARBgNVBAMMCjFAdGVzdC5jb20wHhcNMjIwMjI3MDk1ODE4WhcNMjQwMjI4MDk1ODE4WjAVMRMwEQYDVQQDDAoxQHRlc3QuY29tMFkwEwYHKoZIzj0CAQYIKoZIzj0DAQcDQgAEhoC\/ycMrX3n6e4xFxiQA5PNTsYWnDHxz5qmu7QVZ8LHzSVjocvGv3wPBF0ebJs8GdCKfOESxp5ZdZ49sHGZmZDAKBggqhkjOPQQDAgNIADBFAiEAm0KozjdDTDCLtGKiXxl7i1Xa2I5d2l2od+DtP4qxP74CIHETh\/RsEYRiXKI8QFXl3M7t\/aVYPUn0PDjUtOSPSQ2k\"}","mt":"FULL_LEDGER","sig":"MEYCIQCbsiPpbD6MoWfaAApkSqvz1pEQJEP3+Ynf3X+RiayfNgIhAOXa+peU1okPLLLSAl5xnBMmZ53+AXylr2mze7rMK\/hi","nonce":1861037070,"seq":1,"tot":124}, {"sender":"2@test.com","payload":"{\"ip\":\"192.168.1.43\",\"cert\":\"MIIBFjCBvQIGAX8\/xDoZMAoGCCqGSM49BAMCMBUxEzARBgNVBAMMCjJAdGVzdC5jb20wHhcNMjIwMjI3MDk1ODE4WhcNMjQwMjI4MDk1ODE4WjAVMRMwEQYDVQQDDAoyQHRlc3QuY29tMFkwEwYHKoZIzj0CAQYIKoZIzj0DAQcDQgAEBtMyIWqk4c9RQFnOoysJjmGHRrHH\/7DB+l09I7ejTjXbPi6Y3R3fP5B5KUQGWra7hjsuJAxFKkcSBMaNiTuRlzAKBggqhkjOPQQDAgNIADBFAiBtSnddnZrUOMNQNbDriWBptkQnWORwsE2e5nSLUqPQzwIhAL7yqTZ9bw1EjAfpjJj\/y6QxJWmLCcDO86d3iJKi7cHS\"}","mt":"FULL_LEDGER","sig":"MEYCIQDBXEwFLAuxi1uIWV4UKywZTnJkFmDQYqJlnLU\/m9gQFAIhAIOrWGMo7TWO8ZNO5y2t3cNvejPOkk+bJ13FzKCSwiDM","nonce":1861037070,"seq":2,"tot":124}, {"sender":"2@test.com","payload":"{\"ip\":\"192.168.1.43\",\"cert\":\"MIIBFzCBvQIGAX8\/xDo+MAoGCCqGSM49BAMCMBUxEzARBgNVBAMMCjNAdGVzdC5jb20wHhcNMjIwMjI3MDk1ODE4WhcNMjQwMjI4MDk1ODE4WjAVMRMwEQYDVQQDDAozQHRlc3QuY29tMFkwEwYHKoZIzj0CAQYIKoZIzj0DAQcDQgAE1bblnfifOuEHitGsyb\/WEUtbaBTT185upyPQ1fE9qF2GXTkV2m2RULmVsF88rYotMMC18Hwj9Wz0d9lDx6zAwzAKBggqhkjOPQQDAgNJADBGAiEAo13YC3kGniauTB25xUf4eRGPIFUbAzyHaQxfo3yCfD8CIQD2l\/9C34q+b7Bx2JfYBM2qHYaWbhRhqrOw+PuNilvzEQ==\"}","mt":"FULL_LEDGER","sig":"MEUCIF1d+58f648p+TcdU9IIcHR6EE4EndaFvOGxWvfmYbHFAiEA7AWdSyU2yW4VkDs5BP+EmaImEMc5ncjY5T\/4hPw6V2Q=","nonce":1861037070,"seq":3,"tot":124}, {"sender":"2@test.com","payload":"{\"ip\":\"192.168.1.43\",\"cert\":\"MIIBFjCBvQIGAX8\/xDpiMAoGCCqGSM49BAMCMBUxEzARBgNVBAMMCjRAdGVzdC5jb20wHhcNMjIwMjI3MDk1ODE4WhcNMjQwMjI4MDk1ODE4WjAVMRMwEQYDVQQDDAo0QHRlc3QuY29tMFkwEwYHKoZIzj0CAQYIKoZIzj0DAQcDQgAEyAJtO8veNxdrkoinQbUhJiB5jQDyAUPDDK9+GvPElG6z45xIlbI58RTPvB5FQfu2iOY90W0CfJKmjP+wFVU7xDAKBggqhkjOPQQDAgNIADBFAiEAywfBsZSigd+Sb4oP7cA\/IBcn3DH2UutXpX461AXJPacCIFL3jFRKUJ+6SvXzO1KiJGRk6\/5ijrnb3\/JXrCMcH2YM\"}","mt":"FULL_LEDGER","sig":"MEUCIQDr5DkaJ9s43WDt8l4d1XWG92sjxkIbNS5kKGRWTvjaDQIgVWF46ODO3uYXm70PWG0UPr2CEN25mYcV+SL0vQV\/UT0=","nonce":1861037070,"seq":4,"tot":124}, {"sender":"2@test.com","payload":"{\"ip\":\"192.168.1.43\",\"cert\":\"MIIBFjCBvQIGAX8\/xDqHMAoGCCqGSM49BAMCMBUxEzARBgNVBAMMCjVAdGVzdC5jb20wHhcNMjIwMjI3MDk1ODE5WhcNMjQwMjI4MDk1ODE5WjAVMRMwEQYDVQQDDAo1QHRlc3QuY29tMFkwEwYHKoZIzj0CAQYIKoZIzj0DAQcDQgAE7XjkGIeQe+\/V1ePOah5041CEjoOMGXamL5ub\/TtH3BRLsr0x5yHRdYU+N6oBLQ05lmnUeOsmZ01yhPIuAlB92TAKBggqhkjOPQQDAgNIADBFAiAtjLTmLt+mcd8PzuaeiBAeCz3VlOSGrMWFIaiim7azNQIhAInx7sWTQSptd\/Tjff4t4e4m2Ih+akIpKqAbkY2xMnAZ\"}","mt":"FULL_LEDGER","sig":"MEUCIQDshJg7bammFIWNl
04-25 17:04:47.639 11898 11956 D MulticastServer: Broadcast block received {"ip":"192.168.1.66","cert":"MIIBGzCBwqADAgECAgYBgEtLsMUwCgYIKoZIzj0EAwIwFTETMBEGA1UEAwwKVFRNNDkwNSBDQTAeFw0yMjA0MjAwODQ0NTNaFw0yMjA1MjEwODQ0NTNaMBUxEzARBgNVBAMMCjFAdGVzdC5jb20wWTATBgcqhkjOPQIBBggqhkjOPQMBBwNCAAQHFNOCHx/BBFYqT41UW1M6slehFXn+9LK4VDhtASjKBd51QxSRtYZAl+/IpTuOnQdMVvlGCMMWkSeEGOgyfwh1MAoGCCqGSM49BAMCA0gAMEUCIQD1OXIEAO1fI6+XpR936a5Ef365WnXPvrbzl8oxr0/Z8QIgV5LWkYufM8V0VqpcYcHXyI2fCScD24nJMtVWnrVtOU8="}
04-25 17:04:47.644 11898 11956 D MulticastServer: Broadcast block received {"ip":"192.168.1.66","cert":"MIIBGzCBwqADAgECAgYBgEtLsMUwCgYIKoZIzj0EAwIwFTETMBEGA1UEAwwKVFRNNDkwNSBDQTAeFw0yMjA0MjAwODQ0NTNaFw0yMjA1MjEwODQ0NTNaMBUxEzARBgNVBAMMCjFAdGVzdC5jb20wWTATBgcqhkjOPQIBBggqhkjOPQMBBwNCAAQHFNOCHx/BBFYqT41UW1M6slehFXn+9LK4VDhtASjKBd51QxSRtYZAl+/IpTuOnQdMVvlGCMMWkSeEGOgyfwh1MAoGCCqGSM49BAMCA0gAMEUCIQD1OXIEAO1fI6+XpR936a5Ef365WnXPvrbzl8oxr0/Z8QIgV5LWkYufM8V0VqpcYcHXyI2fCScD24nJMtVWnrVtOU8="}
04-25 17:04:47.653 11898 11956 D MulticastServer: Broadcast block received {"ip":"192.168.1.66","cert":"MIIBGzCBwqADAgECAgYBgEtLsMUwCgYIKoZIzj0EAwIwFTETMBEGA1UEAwwKVFRNNDkwNSBDQTAeFw0yMjA0MjAwODQ0NTNaFw0yMjA1MjEwODQ0NTNaMBUxEzARBgNVBAMMCjFAdGVzdC5jb20wWTATBgcqhkjOPQIBBggqhkjOPQMBBwNCAAQHFNOCHx/BBFYqT41UW1M6slehFXn+9LK4VDhtASjKBd51QxSRtYZAl+/IpTuOnQdMVvlGCMMWkSeEGOgyfwh1MAoGCCqGSM49BAMCA0gAMEUCIQD1OXIEAO1fI6+XpR936a5Ef365WnXPvrbzl8oxr0/Z8QIgV5LWkYufM8V0VqpcYcHXyI2fCScD24nJMtVWnrVtOU8="}
round 85 of 300
04-25 17:04:57.530 12030 12076 D MulticastServer: MULTICAST_SERVER_LISTENING
04-25 17:04:57.531 12030 12078 D MulticastServer: Registration process started with nonce 1189567917
04-25 17:04:57.536 12030 12077 D MulticastClient: REQUEST_LEDGER 1189567917
04-25 17:04:57.541 12030 12077 D MulticastClient: Sent messages with 3 resends: [{"sender":"","payload":"","mt":"REQUEST_LEDGER","sig":"","nonce":1189567917,"seq":0,"tot":0}]
04-25 17:05:01.535 12030 12080 D RegistrationHandler: I am the first in the network
04-25 17:05:01.536 12030 12080 D RegistrationHandler: 1189567917 Registration started
04-25 17:05:01.554 12030 12080 D MulticastServer: Registration process finished: 1189567917
04-25 17:05:01.563 12030 12077 D MulticastClient: Sent messages with 3 resends: [{"sender":"2@test.com","payload":"{\"ip\":\"192.168.1.57\",\"cert\":\"MIIBGjCBwqADAgECAgYBgEtMKvwwCgYIKoZIzj0EAwIwFTETMBEGA1UEAwwKVFRNNDkwNSBDQTAeFw0yMjA0MjAwODQ1MjRaFw0yMjA1MjEwODQ1MjRaMBUxEzARBgNVBAMMCjJAdGVzdC5jb20wWTATBgcqhkjOPQIBBggqhkjOPQMBBwNCAARuziVeqczih9y2IwSJ3AZuLzxwpY2VwkjEcfE8yVLxCF1qtw21\/iMvxrk2q4BpbgHrUX5EWSAEi7qJDXIS4c\/wMAoGCCqGSM49BAMCA0cAMEQCIG3JN+NQlClPB+thJTrGjfia7cfGbMyyWhJH4K0X7YymAiAUuEhh7Ol8fxrjxPTDnAemav8GQj3kHaLUj1oJ3XJ+Tg==\"}","mt":"BROADCAST_BLOCK","sig":"MEUCIQCF3C+OBcgaZl9YtudMf53ShMWjPMbG1HivUe2Fndz81wIgNgyZgRsv1h9wjKehqZUrjGQ2ePimiZYSLDHc9C3f++o=","nonce":1189567917,"seq":0,"tot":0}]
round 86 of 300
04-25 17:05:11.925 12142 12188 D MulticastServer: MULTICAST_SERVER_LISTENING
04-25 17:05:11.927 12142 12190 D MulticastServer: Registration process started with nonce 73971513
04-25 17:05:11.930 12142 12189 D MulticastClient: REQUEST_LEDGER 73971513
04-25 17:05:11.931 12142 12189 D MulticastClient: Sent messages with 3 resends: [{"sender":"","payload":"","mt":"REQUEST_LEDGER","sig":"","nonce":73971513,"seq":0,"tot":0}]
04-25 17:05:12.431 12142 12196 D MulticastServer: Registration process started with nonce 1851097722
04-25 17:05:12.433 12142 12196 D MulticastServer: Received request for ledger with nonce: 1851097722.
04-25 17:05:12.453 12142 12196 D MulticastServer: Broadcast block received {"ip":"192.168.1.66","cert":"MIIBGzCBwqADAgECAgYBgEtLsMUwCgYIKoZIzj0EAwIwFTETMBEGA1UEAwwKVFRNNDkwNSBDQTAeFw0yMjA0MjAwODQ0NTNaFw0yMjA1MjEwODQ0NTNaMBUxEzARBgNVBAMMCjFAdGVzdC5jb20wWTATBgcqhkjOPQIBBggqhkjOPQMBBwNCAAQHFNOCHx/BBFYqT41UW1M6slehFXn+9LK4VDhtASjKBd51QxSRtYZAl+/IpTuOnQdMVvlGCMMWkSeEGOgyfwh1MAoGCCqGSM49BAMCA0gAMEUCIQD1OXIEAO1fI6+XpR936a5Ef365WnXPvrbzl8oxr0/Z8QIgV5LWkYufM8V0VqpcYcHXyI2fCScD24nJMtVWnrVtOU8="}
04-25 17:05:12.455 12142 12196 D MulticastServer: Broadcast block received {"ip":"192.168.1.66","cert":"MIIBGzCBwqADAgECAgYBgEtLsMUwCgYIKoZIzj0EAwIwFTETMBEGA1UEAwwKVFRNNDkwNSBDQTAeFw0yMjA0MjAwODQ0NTNaFw0yMjA1MjEwODQ0NTNaMBUxEzARBgNVBAMMCjFAdGVzdC5jb20wWTATBgcqhkjOPQIBBggqhkjOPQMBBwNCAAQHFNOCHx/BBFYqT41UW1M6slehFXn+9LK4VDhtASjKBd51QxSRtYZAl+/IpTuOnQdMVvlGCMMWkSeEGOgyfwh1MAoGCCqGSM49BAMCA0gAMEUCIQD1OXIEAO1fI6+XpR936a5Ef365WnXPvrbzl8oxr0/Z8QIgV5LWkYufM8V0VqpcYcHXyI2fCScD24nJMtVWnrVtOU8="}
04-25 17:05:12.623 12142 12196 D MulticastServer: Broadcast block received {"ip":"192.168.1.66","cert":"MIIBGzCBwqADAgECAgYBgEtLsMUwCgYIKoZIzj0EAwIwFTETMBEGA1UEAwwKVFRNNDkwNSBDQTAeFw0yMjA0MjAwODQ0NTNaFw0yMjA1MjEwODQ0NTNaMBUxEzARBgNVBAMMCjFAdGVzdC5jb20wWTATBgcqhkjOPQIBBggqhkjOPQMBBwNCAAQHFNOCHx/BBFYqT41UW1M6slehFXn+9LK4VDhtASjKBd51QxSRtYZAl+/IpTuOnQdMVvlGCMMWkSeEGOgyfwh1MAoGCCqGSM49BAMCA0gAMEUCIQD1OXIEAO1fI6+XpR936a5Ef365WnXPvrbzl8oxr0/Z8QIgV5LWkYufM8V0VqpcYcHXyI2fCScD24nJMtVWnrVtOU8="}
04-25 17:05:12.629 12142 12196 D MulticastServer: Broadcast block received {"ip":"192.168.1.66","cert":"MIIBGzCBwqADAgECAgYBgEtLsMUwCgYIKoZIzj0EAwIwFTETMBEGA1UEAwwKVFRNNDkwNSBDQTAeFw0yMjA0MjAwODQ0NTNaFw0yMjA1MjEwODQ0NTNaMBUxEzARBgNVBAMMCjFAdGVzdC5jb20wWTATBgcqhkjOPQIBBggqhkjOPQMBBwNCAAQHFNOCHx/BBFYqT41UW1M6slehFXn+9LK4VDhtASjKBd51QxSRtYZAl+/IpTuOnQdMVvlGCMMWkSeEGOgyfwh1MAoGCCqGSM49BAMCA0gAMEUCIQD1OXIEAO1fI6+XpR936a5Ef365WnXPvrbzl8oxr0/Z8QIgV5LWkYufM8V0VqpcYcHXyI2fCScD24nJMtVWnrVtOU8="}
04-25 17:05:12.800 12142 12196 D MulticastServer: Broadcast block received {"ip":"192.168.1.66","cert":"MIIBGzCBwqADAgECAgYBgEtLsMUwCgYIKoZIzj0EAwIwFTETMBEGA1UEAwwKVFRNNDkwNSBDQTAeFw0yMjA0MjAwODQ0NTNaFw0yMjA1MjEwODQ0NTNaMBUxEzARBgNVBAMMCjFAdGVzdC5jb20wWTATBgcqhkjOPQIBBggqhkjOPQMBBwNCAAQHFNOCHx/BBFYqT41UW1M6slehFXn+9LK4VDhtASjKBd51QxSRtYZAl+/IpTuOnQdMVvlGCMMWkSeEGOgyfwh1MAoGCCqGSM49BAMCA0gAMEUCIQD1OXIEAO1fI6+XpR936a5Ef365WnXPvrbzl8oxr0/Z8QIgV5LWkYufM8V0VqpcYcHXyI2fCScD24nJMtVWnrVtOU8="}
04-25 17:05:12.826 12142 12196 D MulticastServer: Broadcast block received {"ip":"192.168.1.66","cert":"MIIBGzCBwqADAgECAgYBgEtLsMUwCgYIKoZIzj0EAwIwFTETMBEGA1UEAwwKVFRNNDkwNSBDQTAeFw0yMjA0MjAwODQ0NTNaFw0yMjA1MjEwODQ0NTNaMBUxEzARBgNVBAMMCjFAdGVzdC5jb20wWTATBgcqhkjOPQIBBggqhkjOPQMBBwNCAAQHFNOCHx/BBFYqT41UW1M6slehFXn+9LK4VDhtASjKBd51QxSRtYZAl+/IpTuOnQdMVvlGCMMWkSeEGOgyfwh1MAoGCCqGSM49BAMCA0gAMEUCIQD1OXIEAO1fI6+XpR936a5Ef365WnXPvrbzl8oxr0/Z8QIgV5LWkYufM8V0VqpcYcHXyI2fCScD24nJMtVWnrVtOU8="}
04-25 17:05:12.834 12142 12196 D MulticastServer: Broadcast block received {"ip":"192.168.1.66","cert":"MIIBGzCBwqADAgECAgYBgEtLsMUwCgYIKoZIzj0EAwIwFTETMBEGA1UEAwwKVFRNNDkwNSBDQTAeFw0yMjA0MjAwODQ0NTNaFw0yMjA1MjEwODQ0NTNaMBUxEzARBgNVBAMMCjFAdGVzdC5jb20wWTATBgcqhkjOPQIBBggqhkjOPQMBBwNCAAQHFNOCHx/BBFYqT41UW1M6slehFXn+9LK4VDhtASjKBd51QxSRtYZAl+/IpTuOnQdMVvlGCMMWkSeEGOgyfwh1MAoGCCqGSM49BAMCA0gAMEUCIQD1OXIEAO1fI6+XpR936a5Ef365WnXPvrbzl8oxr0/Z8QIgV5LWkYufM8V0VqpcYcHXyI2fCScD24nJMtVWnrVtOU8="}
04-25 17:05:12.839 12142 12196 D MulticastServer: Broadcast block received {"ip":"192.168.1.66","cert":"MIIBGzCBwqADAgECAgYBgEtLsMUwCgYIKoZIzj0EAwIwFTETMBEGA1UEAwwKVFRNNDkwNSBDQTAeFw0yMjA0MjAwODQ0NTNaFw0yMjA1MjEwODQ0NTNaMBUxEzARBgNVBAMMCjFAdGVzdC5jb20wWTATBgcqhkjOPQIBBggqhkjOPQMBBwNCAAQHFNOCHx/BBFYqT41UW1M6slehFXn+9LK4VDhtASjKBd51QxSRtYZAl+/IpTuOnQdMVvlGCMMWkSeEGOgyfwh1MAoGCCqGSM49BAMCA0gAMEUCIQD1OXIEAO1fI6+XpR936a5Ef365WnXPvrbzl8oxr0/Z8QIgV5LWkYufM8V0VqpcYcHXyI2fCScD24nJMtVWnrVtOU8="}
04-25 17:05:15.929 12142 12192 D RegistrationHandler: I am the first in the network
04-25 17:05:15.929 12142 12192 D RegistrationHandler: 73971513 Registration started
04-25 17:05:15.952 12142 12189 D MulticastClient: Sent messages with 3 resends: [{"sender":"2@test.com","payload":"{\"ip\":\"192.168.1.57\",\"cert\":\"MIIBGjCBwqADAgECAgYBgEtMKvwwCgYIKoZIzj0EAwIwFTETMBEGA1UEAwwKVFRNNDkwNSBDQTAeFw0yMjA0MjAwODQ1MjRaFw0yMjA1MjEwODQ1MjRaMBUxEzARBgNVBAMMCjJAdGVzdC5jb20wWTATBgcqhkjOPQIBBggqhkjOPQMBBwNCAARuziVeqczih9y2IwSJ3AZuLzxwpY2VwkjEcfE8yVLxCF1qtw21\/iMvxrk2q4BpbgHrUX5EWSAEi7qJDXIS4c\/wMAoGCCqGSM49BAMCA0cAMEQCIG3JN+NQlClPB+thJTrGjfia7cfGbMyyWhJH4K0X7YymAiAUuEhh7Ol8fxrjxPTDnAemav8GQj3kHaLUj1oJ3XJ+Tg==\"}","mt":"BROADCAST_BLOCK","sig":"MEYCIQCqPECcQqvx1YvKjF7X2ixBUohk1flGincisM0W0nH1lAIhANHEe07rc0G6kiRbZ1RTAKZw4p9bd\/CfOH6MokO19204","nonce":73971513,"seq":0,"tot":0}]
04-25 17:05:15.952 12142 12192 D MulticastServer: Registration process finished: 73971513
04-25 17:05:16.434 12142 12214 D RegistrationHandler: I am the first in the network
04-25 17:05:16.434 12142 12214 D MulticastServer: Registration process finished: 1851097722
round 87 of 300
04-25 17:05:26.344 12255 12302 D MulticastServer: MULTICAST_SERVER_LISTENING
04-25 17:05:26.346 12255 12304 D MulticastServer: Registration process started with nonce 536971085
04-25 17:05:26.350 12255 12308 D MulticastClient: REQUEST_LEDGER 536971085
04-25 17:05:26.358 12255 12308 D MulticastClient: Sent messages with 3 resends: [{"sender":"","payload":"","mt":"REQUEST_LEDGER","sig":"","nonce":536971085,"seq":0,"tot":0}]
04-25 17:05:30.349 12255 12306 D RegistrationHandler: I am the first in the network
04-25 17:05:30.349 12255 12306 D RegistrationHandler: 536971085 Registration started
04-25 17:05:30.369 12255 12306 D MulticastServer: Registration process finished: 536971085
04-25 17:05:30.388 12255 12308 D MulticastClient: Sent messages with 3 resends: [{"sender":"2@test.com","payload":"{\"ip\":\"192.168.1.57\",\"cert\":\"MIIBGjCBwqADAgECAgYBgEtMKvwwCgYIKoZIzj0EAwIwFTETMBEGA1UEAwwKVFRNNDkwNSBDQTAeFw0yMjA0MjAwODQ1MjRaFw0yMjA1MjEwODQ1MjRaMBUxEzARBgNVBAMMCjJAdGVzdC5jb20wWTATBgcqhkjOPQIBBggqhkjOPQMBBwNCAARuziVeqczih9y2IwSJ3AZuLzxwpY2VwkjEcfE8yVLxCF1qtw21\/iMvxrk2q4BpbgHrUX5EWSAEi7qJDXIS4c\/wMAoGCCqGSM49BAMCA0cAMEQCIG3JN+NQlClPB+thJTrGjfia7cfGbMyyWhJH4K0X7YymAiAUuEhh7Ol8fxrjxPTDnAemav8GQj3kHaLUj1oJ3XJ+Tg==\"}","mt":"BROADCAST_BLOCK","sig":"MEQCIDxr0EsQkxds+MNSON\/2kC6lgnzNuGWyV0xtI\/ixnhF0AiBiNggNEgAkI3sPC4ynREBgNmwcX91KompQ2kLSc9cqzg==","nonce":536971085,"seq":0,"tot":0}]
round 88 of 300
04-25 17:05:40.752 12370 12417 D MulticastServer: MULTICAST_SERVER_LISTENING
04-25 17:05:40.755 12370 12419 D MulticastServer: Registration process started with nonce 759111187
04-25 17:05:40.759 12370 12424 D MulticastClient: REQUEST_LEDGER 759111187
04-25 17:05:40.766 12370 12424 D MulticastClient: Sent messages with 3 resends: [{"sender":"","payload":"","mt":"REQUEST_LEDGER","sig":"","nonce":759111187,"seq":0,"tot":0}]
04-25 17:05:44.758 12370 12421 D RegistrationHandler: I am the first in the network
04-25 17:05:44.758 12370 12421 D RegistrationHandler: 759111187 Registration started
04-25 17:05:44.776 12370 12421 D MulticastServer: Registration process finished: 759111187
04-25 17:05:44.802 12370 12424 D MulticastClient: Sent messages with 3 resends: [{"sender":"2@test.com","payload":"{\"ip\":\"192.168.1.57\",\"cert\":\"MIIBGjCBwqADAgECAgYBgEtMKvwwCgYIKoZIzj0EAwIwFTETMBEGA1UEAwwKVFRNNDkwNSBDQTAeFw0yMjA0MjAwODQ1MjRaFw0yMjA1MjEwODQ1MjRaMBUxEzARBgNVBAMMCjJAdGVzdC5jb20wWTATBgcqhkjOPQIBBggqhkjOPQMBBwNCAARuziVeqczih9y2IwSJ3AZuLzxwpY2VwkjEcfE8yVLxCF1qtw21\/iMvxrk2q4BpbgHrUX5EWSAEi7qJDXIS4c\/wMAoGCCqGSM49BAMCA0cAMEQCIG3JN+NQlClPB+thJTrGjfia7cfGbMyyWhJH4K0X7YymAiAUuEhh7Ol8fxrjxPTDnAemav8GQj3kHaLUj1oJ3XJ+Tg==\"}","mt":"BROADCAST_BLOCK","sig":"MEYCIQCG3fqyCgXP3Q38oinN9tIPpvUOqk7HdJmGoI9DUbdC5AIhAKj\/xhCW52btRUpeuuXD7uFAk9hXFz+gu440+gUjYHa0","nonce":759111187,"seq":0,"tot":0}]
04-25 17:05:45.204 12370 12426 D MulticastServer: Registration process started with nonce 1721385472
04-25 17:05:45.207 12370 12426 D MulticastServer: Received request for ledger with nonce: 1721385472.
04-25 17:05:45.217 12370 12423 D MulticastClient: INTER_PACKET_TIME: 0
04-25 17:05:45.222 12370 12426 D MulticastServer: Broadcast block received {"ip":"192.168.1.66","cert":"MIIBGzCBwqADAgECAgYBgEtLsMUwCgYIKoZIzj0EAwIwFTETMBEGA1UEAwwKVFRNNDkwNSBDQTAeFw0yMjA0MjAwODQ0NTNaFw0yMjA1MjEwODQ0NTNaMBUxEzARBgNVBAMMCjFAdGVzdC5jb20wWTATBgcqhkjOPQIBBggqhkjOPQMBBwNCAAQHFNOCHx/BBFYqT41UW1M6slehFXn+9LK4VDhtASjKBd51QxSRtYZAl+/IpTuOnQdMVvlGCMMWkSeEGOgyfwh1MAoGCCqGSM49BAMCA0gAMEUCIQD1OXIEAO1fI6+XpR936a5Ef365WnXPvrbzl8oxr0/Z8QIgV5LWkYufM8V0VqpcYcHXyI2fCScD24nJMtVWnrVtOU8="}
04-25 17:05:45.226 12370 12426 D MulticastServer: Broadcast block received {"ip":"192.168.1.66","cert":"MIIBGzCBwqADAgECAgYBgEtLsMUwCgYIKoZIzj0EAwIwFTETMBEGA1UEAwwKVFRNNDkwNSBDQTAeFw0yMjA0MjAwODQ0NTNaFw0yMjA1MjEwODQ0NTNaMBUxEzARBgNVBAMMCjFAdGVzdC5jb20wWTATBgcqhkjOPQIBBggqhkjOPQMBBwNCAAQHFNOCHx/BBFYqT41UW1M6slehFXn+9LK4VDhtASjKBd51QxSRtYZAl+/IpTuOnQdMVvlGCMMWkSeEGOgyfwh1MAoGCCqGSM49BAMCA0gAMEUCIQD1OXIEAO1fI6+XpR936a5Ef365WnXPvrbzl8oxr0/Z8QIgV5LWkYufM8V0VqpcYcHXyI2fCScD24nJMtVWnrVtOU8="}
04-25 17:05:45.249 12370 12423 D MulticastClient: SENT_FULL_LEDGER
04-25 17:05:45.292 12370 12423 D MulticastClient: Sent messages with 3 resends: [{"sender":"{\"ip\":\"192.168.1.57\",\"cert\":\"MIIBGjCBwqADAgECAgYBgEtMKvwwCgYIKoZIzj0EAwIwFTETMBEGA1UEAwwKVFRNNDkwNSBDQTAeFw0yMjA0MjAwODQ1MjRaFw0yMjA1MjEwODQ1MjRaMBUxEzARBgNVBAMMCjJAdGVzdC5jb20wWTATBgcqhkjOPQIBBggqhkjOPQMBBwNCAARuziVeqczih9y2IwSJ3AZuLzxwpY2VwkjEcfE8yVLxCF1qtw21\/iMvxrk2q4BpbgHrUX5EWSAEi7qJDXIS4c\/wMAoGCCqGSM49BAMCA0cAMEQCIG3JN+NQlClPB+thJTrGjfia7cfGbMyyWhJH4K0X7YymAiAUuEhh7Ol8fxrjxPTDnAemav8GQj3kHaLUj1oJ3XJ+Tg==\"}","payload":"{\"ip\":\"192.168.1.43\",\"cert\":\"MIIBFzCBvQIGAX8\/xDm7MAoGCCqGSM49BAMCMBUxEzARBgNVBAMMCjBAdGVzdC5jb20wHhcNMjIwMjI3MDk1ODE4WhcNMjQwMjI4MDk1ODE4WjAVMRMwEQYDVQQDDAowQHRlc3QuY29tMFkwEwYHKoZIzj0CAQYIKoZIzj0DAQcDQgAE5rNwLrm3lM507jbWbylotvzc+FdPn+QV1uhZ0fz8RIhDwEqGr9q5bylAfqeVUP0P0yk\/zDoP0nBOZ+v\/ND6QYzAKBggqhkjOPQQDAgNJADBGAiEAo0FwUJTDTdSF6WJU+UMCYMVWG2xWjzb6faFcJ+m1UVQCIQDFvVdPDrLK9t2vyjQo\/DnGcFM50gVK4Vvn08qRylN9iA==\"}","mt":"FULL_LEDGER","sig":"MEQCIHMtczbnOuWXNhfzQPgorZ7z+nhlSXbwl61PuPVYckZYAiAEqyjBuG0zZ6FjoqeSQDiF\/f8VHyBR4DgjfxB7lQj2XA==","nonce":1721385472,"seq":0,"tot":124}, {"sender":"2@test.com","payload":"{\"ip\":\"192.168.1.43\",\"cert\":\"MIIBFjCBvQIGAX8\/xDnzMAoGCCqGSM49BAMCMBUxEzARBgNVBAMMCjFAdGVzdC5jb20wHhcNMjIwMjI3MDk1ODE4WhcNMjQwMjI4MDk1ODE4WjAVMRMwEQYDVQQDDAoxQHRlc3QuY29tMFkwEwYHKoZIzj0CAQYIKoZIzj0DAQcDQgAEhoC\/ycMrX3n6e4xFxiQA5PNTsYWnDHxz5qmu7QVZ8LHzSVjocvGv3wPBF0ebJs8GdCKfOESxp5ZdZ49sHGZmZDAKBggqhkjOPQQDAgNIADBFAiEAm0KozjdDTDCLtGKiXxl7i1Xa2I5d2l2od+DtP4qxP74CIHETh\/RsEYRiXKI8QFXl3M7t\/aVYPUn0PDjUtOSPSQ2k\"}","mt":"FULL_LEDGER","sig":"MEUCIAPEuC2Ai6QLm8rsfdeoKU4HxLVpC0bqOjj40tELKZF2AiEAzFE7UV2leUnl2xklzTRFXty3zkq57fTtZAXr8JPVeQw=","nonce":1721385472,"seq":1,"tot":124}, {"sender":"2@test.com","payload":"{\"ip\":\"192.168.1.43\",\"cert\":\"MIIBFjCBvQIGAX8\/xDoZMAoGCCqGSM49BAMCMBUxEzARBgNVBAMMCjJAdGVzdC5jb20wHhcNMjIwMjI3MDk1ODE4WhcNMjQwMjI4MDk1ODE4WjAVMRMwEQYDVQQDDAoyQHRlc3QuY29tMFkwEwYHKoZIzj0CAQYIKoZIzj0DAQcDQgAEBtMyIWqk4c9RQFnOoysJjmGHRrHH\/7DB+l09I7ejTjXbPi6Y3R3fP5B5KUQGWra7hjsuJAxFKkcSBMaNiTuRlzAKBggqhkjOPQQDAgNIADBFAiBtSnddnZrUOMNQNbDriWBptkQnWORwsE2e5nSLUqPQzwIhAL7yqTZ9bw1EjAfpjJj\/y6QxJWmLCcDO86d3iJKi7cHS\"}","mt":"FULL_LEDGER","sig":"MEQCIDinC08qzS3wJKqGKWCK1URxcY2GtLv8WM4FaVi8PAfvAiAMKHLmXbKBHnebeJrkUOXwFaj362kfXOFqxgBUAeXL3g==","nonce":1721385472,"seq":2,"tot":124}, {"sender":"2@test.com","payload":"{\"ip\":\"192.168.1.43\",\"cert\":\"MIIBFzCBvQIGAX8\/xDo+MAoGCCqGSM49BAMCMBUxEzARBgNVBAMMCjNAdGVzdC5jb20wHhcNMjIwMjI3MDk1ODE4WhcNMjQwMjI4MDk1ODE4WjAVMRMwEQYDVQQDDAozQHRlc3QuY29tMFkwEwYHKoZIzj0CAQYIKoZIzj0DAQcDQgAE1bblnfifOuEHitGsyb\/WEUtbaBTT185upyPQ1fE9qF2GXTkV2m2RULmVsF88rYotMMC18Hwj9Wz0d9lDx6zAwzAKBggqhkjOPQQDAgNJADBGAiEAo13YC3kGniauTB25xUf4eRGPIFUbAzyHaQxfo3yCfD8CIQD2l\/9C34q+b7Bx2JfYBM2qHYaWbhRhqrOw+PuNilvzEQ==\"}","mt":"FULL_LEDGER","sig":"MEUCIAj4R1JPW6\/euf6dIRJsoQ2J2y6KZeHZeOvjYKnIPSdeAiEAmTo7xIn8jWLySFJ1On\/iE5VGt9PiuYCUKkNjgZn+AJU=","nonce":1721385472,"seq":3,"tot":124}, {"sender":"2@test.com","payload":"{\"ip\":\"192.168.1.43\",\"cert\":\"MIIBFjCBvQIGAX8\/xDpiMAoGCCqGSM49BAMCMBUxEzARBgNVBAMMCjRAdGVzdC5jb20wHhcNMjIwMjI3MDk1ODE4WhcNMjQwMjI4MDk1ODE4WjAVMRMwEQYDVQQDDAo0QHRlc3QuY29tMFkwEwYHKoZIzj0CAQYIKoZIzj0DAQcDQgAEyAJtO8veNxdrkoinQbUhJiB5jQDyAUPDDK9+GvPElG6z45xIlbI58RTPvB5FQfu2iOY90W0CfJKmjP+wFVU7xDAKBggqhkjOPQQDAgNIADBFAiEAywfBsZSigd+Sb4oP7cA\/IBcn3DH2UutXpX461AXJPacCIFL3jFRKUJ+6SvXzO1KiJGRk6\/5ijrnb3\/JXrCMcH2YM\"}","mt":"FULL_LEDGER","sig":"MEUCIQD+\/tyBuFHZhSSaTPS\/FtXh37iPtEcCxXPV9te60NW4+wIgSkHn9PCs2lLG2hBrHDkHK1lekRZD3hGNY2HN57M5fsc=","nonce":1721385472,"seq":4,"tot":124}, {"sender":"2@test.com","payload":"{\"ip\":\"192.168.1.43\",\"cert\":\"MIIBFjCBvQIGAX8\/xDqHMAoGCCqGSM49BAMCMBUxEzARBgNVBAMMCjVAdGVzdC5jb20wHhcNMjIwMjI3MDk1ODE5WhcNMjQwMjI4MDk1ODE5WjAVMRMwEQYDVQQDDAo1QHRlc3QuY29tMFkwEwYHKoZIzj0CAQYIKoZIzj0DAQcDQgAE7XjkGIeQe+\/V1ePOah5041CEjoOMGXamL5ub\/TtH3BRLsr0x5yHRdYU+N6oBLQ05lmnUeOsmZ01yhPIuAlB92TAKBggqhkjOPQQDAgNIADBFAiAtjLTmLt+mcd8PzuaeiBAeCz3VlOSGrMWFIaiim7azNQIhAInx7sWTQSptd\/Tjff4t4e4m2Ih+akIpKqAbkY2xMnAZ\"}","mt":"FULL_LEDGER","sig":"MEUCIBdhemHtlkmXjV9Q8p
04-25 17:05:45.339 12370 12426 D MulticastServer: Broadcast block received {"ip":"192.168.1.66","cert":"MIIBGzCBwqADAgECAgYBgEtLsMUwCgYIKoZIzj0EAwIwFTETMBEGA1UEAwwKVFRNNDkwNSBDQTAeFw0yMjA0MjAwODQ0NTNaFw0yMjA1MjEwODQ0NTNaMBUxEzARBgNVBAMMCjFAdGVzdC5jb20wWTATBgcqhkjOPQIBBggqhkjOPQMBBwNCAAQHFNOCHx/BBFYqT41UW1M6slehFXn+9LK4VDhtASjKBd51QxSRtYZAl+/IpTuOnQdMVvlGCMMWkSeEGOgyfwh1MAoGCCqGSM49BAMCA0gAMEUCIQD1OXIEAO1fI6+XpR936a5Ef365WnXPvrbzl8oxr0/Z8QIgV5LWkYufM8V0VqpcYcHXyI2fCScD24nJMtVWnrVtOU8="}
04-25 17:05:45.341 12370 12426 D MulticastServer: Broadcast block received {"ip":"192.168.1.66","cert":"MIIBGzCBwqADAgECAgYBgEtLsMUwCgYIKoZIzj0EAwIwFTETMBEGA1UEAwwKVFRNNDkwNSBDQTAeFw0yMjA0MjAwODQ0NTNaFw0yMjA1MjEwODQ0NTNaMBUxEzARBgNVBAMMCjFAdGVzdC5jb20wWTATBgcqhkjOPQIBBggqhkjOPQMBBwNCAAQHFNOCHx/BBFYqT41UW1M6slehFXn+9LK4VDhtASjKBd51QxSRtYZAl+/IpTuOnQdMVvlGCMMWkSeEGOgyfwh1MAoGCCqGSM49BAMCA0gAMEUCIQD1OXIEAO1fI6+XpR936a5Ef365WnXPvrbzl8oxr0/Z8QIgV5LWkYufM8V0VqpcYcHXyI2fCScD24nJMtVWnrVtOU8="}
04-25 17:05:45.394 12370 12426 D MulticastServer: Broadcast block received {"ip":"192.168.1.66","cert":"MIIBGzCBwqADAgECAgYBgEtLsMUwCgYIKoZIzj0EAwIwFTETMBEGA1UEAwwKVFRNNDkwNSBDQTAeFw0yMjA0MjAwODQ0NTNaFw0yMjA1MjEwODQ0NTNaMBUxEzARBgNVBAMMCjFAdGVzdC5jb20wWTATBgcqhkjOPQIBBggqhkjOPQMBBwNCAAQHFNOCHx/BBFYqT41UW1M6slehFXn+9LK4VDhtASjKBd51QxSRtYZAl+/IpTuOnQdMVvlGCMMWkSeEGOgyfwh1MAoGCCqGSM49BAMCA0gAMEUCIQD1OXIEAO1fI6+XpR936a5Ef365WnXPvrbzl8oxr0/Z8QIgV5LWkYufM8V0VqpcYcHXyI2fCScD24nJMtVWnrVtOU8="}
